C:\Users\lordo\Documents\GitHub\llmtornado\src\LlmTornado\Audio\Models\OpenAi\AudioModelOpenAi.cs(70,49): warning CS1570: XML comment has badly formed XML -- 'Whitespace is not allowed at this location.' [C:\Users\lordo\Documents\GitHub\llmtornado\src\LlmTornado\LlmTornado.csproj::TargetFramework=net10.0]
C:\Users\lordo\Documents\GitHub\llmtornado\src\LlmTornado\Chat\Models\Cohere\ChatModelCohereCommand.cs(34,193): warning CS1570: XML comment has badly formed XML -- 'Reference to undefined entity 'A'.' [C:\Users\lordo\Documents\GitHub\llmtornado\src\LlmTornado\LlmTornado.csproj::TargetFramework=net10.0]
C:\Users\lordo\Documents\GitHub\llmtornado\src\LlmTornado\Chat\Models\Google\ChatModelGoogleGemini.cs(174,1): warning CS1570: XML comment has badly formed XML -- 'Expected an end tag for element 'summary'.' [C:\Users\lordo\Documents\GitHub\llmtornado\src\LlmTornado\LlmTornado.csproj::TargetFramework=net10.0]
C:\Users\lordo\Documents\GitHub\llmtornado\src\LlmTornado\Chat\Models\Mistral\ChatModelMistralFree.cs(64,76): warning CS1570: XML comment has badly formed XML -- 'Whitespace is not allowed at this location.' [C:\Users\lordo\Documents\GitHub\llmtornado\src\LlmTornado\LlmTornado.csproj::TargetFramework=net10.0]
C:\Users\lordo\Documents\GitHub\llmtornado\src\LlmTornado\Chat\Models\Mistral\ChatModelMistralFree.cs(74,77): warning CS1570: XML comment has badly formed XML -- 'Whitespace is not allowed at this location.' [C:\Users\lordo\Documents\GitHub\llmtornado\src\LlmTornado\LlmTornado.csproj::TargetFramework=net10.0]
C:\Users\lordo\Documents\GitHub\llmtornado\src\LlmTornado\Chat\Models\Mistral\ChatModelMistralFree.cs(84,76): warning CS1570: XML comment has badly formed XML -- 'Whitespace is not allowed at this location.' [C:\Users\lordo\Documents\GitHub\llmtornado\src\LlmTornado\LlmTornado.csproj::TargetFramework=net10.0]
C:\Users\lordo\Documents\GitHub\llmtornado\src\LlmTornado\Chat\Models\OpenAi\ChatModelOpenAi.cs(23,30): warning CS1570: XML comment has badly formed XML -- 'Whitespace is not allowed at this location.' [C:\Users\lordo\Documents\GitHub\llmtornado\src\LlmTornado\LlmTornado.csproj::TargetFramework=net10.0]
C:\Users\lordo\Documents\GitHub\llmtornado\src\LlmTornado\Chat\Models\XAi\ChatModelXAi.cs(37,16): warning CS1570: XML comment has badly formed XML -- 'Whitespace is not allowed at this location.' [C:\Users\lordo\Documents\GitHub\llmtornado\src\LlmTornado\LlmTornado.csproj::TargetFramework=net10.0]
C:\Users\lordo\Documents\GitHub\llmtornado\src\LlmTornado\Chat\Models\XAi\ChatModelXAiGrok.cs(9,10): warning CS1570: XML comment has badly formed XML -- 'Whitespace is not allowed at this location.' [C:\Users\lordo\Documents\GitHub\llmtornado\src\LlmTornado\LlmTornado.csproj::TargetFramework=net10.0]
C:\Users\lordo\Documents\GitHub\llmtornado\src\LlmTornado\Chat\Models\XAi\ChatModelXAiGrok.cs(54,20): warning CS1570: XML comment has badly formed XML -- 'Whitespace is not allowed at this location.' [C:\Users\lordo\Documents\GitHub\llmtornado\src\LlmTornado\LlmTornado.csproj::TargetFramework=net10.0]
C:\Users\lordo\Documents\GitHub\llmtornado\src\LlmTornado\Chat\Vendors\Google\VendorGoogleChatResult.cs(597,73): warning CS1570: XML comment has badly formed XML -- 'Missing equals sign between attribute and attribute value.' [C:\Users\lordo\Documents\GitHub\llmtornado\src\LlmTornado\LlmTornado.csproj::TargetFramework=net10.0]
C:\Users\lordo\Documents\GitHub\llmtornado\src\LlmTornado\Chat\Vendors\Google\VendorGoogleChatResult.cs(597,73): warning CS1570: XML comment has badly formed XML -- 'The character(s) ',' cannot be used at this location.' [C:\Users\lordo\Documents\GitHub\llmtornado\src\LlmTornado\LlmTornado.csproj::TargetFramework=net10.0]
C:\Users\lordo\Documents\GitHub\llmtornado\src\LlmTornado\Chat\Vendors\Google\VendorGoogleChatResult.cs(599,11): warning CS1570: XML comment has badly formed XML -- 'End tag 'summary' does not match the start tag 'search'.' [C:\Users\lordo\Documents\GitHub\llmtornado\src\LlmTornado\LlmTornado.csproj::TargetFramework=net10.0]
C:\Users\lordo\Documents\GitHub\llmtornado\src\LlmTornado\Chat\Vendors\Google\VendorGoogleChatResult.cs(600,1): warning CS1570: XML comment has badly formed XML -- 'Expected an end tag for element 'summary'.' [C:\Users\lordo\Documents\GitHub\llmtornado\src\LlmTornado\LlmTornado.csproj::TargetFramework=net10.0]
C:\Users\lordo\Documents\GitHub\llmtornado\src\LlmTornado\Code\Model.cs(114,64): warning CS1570: XML comment has badly formed XML -- 'Whitespace is not allowed at this location.' [C:\Users\lordo\Documents\GitHub\llmtornado\src\LlmTornado\LlmTornado.csproj::TargetFramework=net10.0]
C:\Users\lordo\Documents\GitHub\llmtornado\src\LlmTornado\Code\PartialModels.cs(2163,53): warning CS1570: XML comment has badly formed XML -- 'Whitespace is not allowed at this location.' [C:\Users\lordo\Documents\GitHub\llmtornado\src\LlmTornado\LlmTornado.csproj::TargetFramework=net10.0]
C:\Users\lordo\Documents\GitHub\llmtornado\src\LlmTornado\Code\PartialModels.cs(2388,36): warning CS1570: XML comment has badly formed XML -- 'Whitespace is not allowed at this location.' [C:\Users\lordo\Documents\GitHub\llmtornado\src\LlmTornado\LlmTornado.csproj::TargetFramework=net10.0]
C:\Users\lordo\Documents\GitHub\llmtornado\src\LlmTornado\Files\FilePurpose.cs(8,121): warning CS1570: XML comment has badly formed XML -- 'Whitespace is not allowed at this location.' [C:\Users\lordo\Documents\GitHub\llmtornado\src\LlmTornado\LlmTornado.csproj::TargetFramework=net10.0]
C:\Users\lordo\Documents\GitHub\llmtornado\src\LlmTornado\Responses\ResponseOutputItem.cs(1542,7): warning CS1570: XML comment has badly formed XML -- 'End tag 'summary' does not match the start tag 'IResponseOutputItem'.' [C:\Users\lordo\Documents\GitHub\llmtornado\src\LlmTornado\LlmTornado.csproj::TargetFramework=net10.0]
C:\Users\lordo\Documents\GitHub\llmtornado\src\LlmTornado\Responses\ResponseOutputItem.cs(1543,1): warning CS1570: XML comment has badly formed XML -- 'Expected an end tag for element 'summary'.' [C:\Users\lordo\Documents\GitHub\llmtornado\src\LlmTornado\LlmTornado.csproj::TargetFramework=net10.0]
C:\Users\lordo\Documents\GitHub\llmtornado\src\LlmTornado\EndpointBase.cs(21,7): warning CS0105: The using directive for 'LlmTornado.Common' appeared previously in this namespace [C:\Users\lordo\Documents\GitHub\llmtornado\src\LlmTornado\LlmTornado.csproj::TargetFramework=net10.0]
C:\Users\lordo\Documents\GitHub\llmtornado\src\LlmTornado\Responses\ResponseToolSearch.cs(5,7): warning CS0105: The using directive for 'LlmTornado.ChatFunctions' appeared previously in this namespace [C:\Users\lordo\Documents\GitHub\llmtornado\src\LlmTornado\LlmTornado.csproj::TargetFramework=net10.0]
C:\Users\lordo\Documents\GitHub\llmtornado\src\LlmTornado\TornadoApi.cs(36,7): warning CS0105: The using directive for 'LlmTornado.ManagedAgents.Anthropic' appeared previously in this namespace [C:\Users\lordo\Documents\GitHub\llmtornado\src\LlmTornado\LlmTornado.csproj::TargetFramework=net10.0]
C:\Users\lordo\Documents\GitHub\llmtornado\src\LlmTornado\Audio\SpeechResponseFormat.cs(73,30): warning CS8765: Nullability of type of parameter 'value' doesn't match overridden member (possibly because of nullability attributes). [C:\Users\lordo\Documents\GitHub\llmtornado\src\LlmTornado\LlmTornado.csproj::TargetFramework=net10.0]
C:\Users\lordo\Documents\GitHub\llmtornado\src\LlmTornado\Audio\SpeechResponseFormat.cs(78,46): warning CS8765: Nullability of type of parameter 'existingValue' doesn't match overridden member (possibly because of nullability attributes). [C:\Users\lordo\Documents\GitHub\llmtornado\src\LlmTornado\LlmTornado.csproj::TargetFramework=net10.0]
C:\Users\lordo\Documents\GitHub\llmtornado\src\LlmTornado\Audio\SpeechVoice.cs(112,30): warning CS8765: Nullability of type of parameter 'value' doesn't match overridden member (possibly because of nullability attributes). [C:\Users\lordo\Documents\GitHub\llmtornado\src\LlmTornado\LlmTornado.csproj::TargetFramework=net10.0]
C:\Users\lordo\Documents\GitHub\llmtornado\src\LlmTornado\Audio\SpeechVoice.cs(117,37): warning CS8765: Nullability of type of parameter 'existingValue' doesn't match overridden member (possibly because of nullability attributes). [C:\Users\lordo\Documents\GitHub\llmtornado\src\LlmTornado\LlmTornado.csproj::TargetFramework=net10.0]
C:\Users\lordo\Documents\GitHub\llmtornado\src\LlmTornado\Completions\CompletionEndpoint.cs(125,82): warning CS8625: Cannot convert null literal to non-nullable reference type. [C:\Users\lordo\Documents\GitHub\llmtornado\src\LlmTornado\LlmTornado.csproj::TargetFramework=net10.0]
C:\Users\lordo\Documents\GitHub\llmtornado\src\LlmTornado\Completions\CompletionEndpoint.cs(275,103): warning CS8625: Cannot convert null literal to non-nullable reference type. [C:\Users\lordo\Documents\GitHub\llmtornado\src\LlmTornado\LlmTornado.csproj::TargetFramework=net10.0]
C:\Users\lordo\Documents\GitHub\llmtornado\src\LlmTornado\Chat\Conversation.cs(1320,43): warning CS8425: Async-iterator 'Conversation.StreamResponseEnumerable(Guid?, CancellationToken)' has one or more parameters of type 'CancellationToken' but none of them is decorated with the 'EnumeratorCancellation' attribute, so the cancellation token parameter from the generated 'IAsyncEnumerable<>.GetAsyncEnumerator' will be unconsumed [C:\Users\lordo\Documents\GitHub\llmtornado\src\LlmTornado\LlmTornado.csproj::TargetFramework=net10.0]
C:\Users\lordo\Documents\GitHub\llmtornado\src\LlmTornado\Chat\Vendors\Anthropic\VendorAnthropicChatRequest.cs(79,30): warning CS8765: Nullability of type of parameter 'value' doesn't match overridden member (possibly because of nullability attributes). [C:\Users\lordo\Documents\GitHub\llmtornado\src\LlmTornado\LlmTornado.csproj::TargetFramework=net10.0]
C:\Users\lordo\Documents\GitHub\llmtornado\src\LlmTornado\Chat\Vendors\Anthropic\VendorAnthropicChatRequest.cs(494,66): warning CS8765: Nullability of type of parameter 'existingValue' doesn't match overridden member (possibly because of nullability attributes). [C:\Users\lordo\Documents\GitHub\llmtornado\src\LlmTornado\LlmTornado.csproj::TargetFramework=net10.0]
C:\Users\lordo\Documents\GitHub\llmtornado\src\LlmTornado\Embedding\MultimodalEmbeddingResult.cs(15,19): warning CS0108: 'MultimodalEmbeddingResult.Object' hides inherited member 'ApiResultBase.Object'. Use the new keyword if hiding was intended. [C:\Users\lordo\Documents\GitHub\llmtornado\src\LlmTornado\LlmTornado.csproj::TargetFramework=net10.0]
C:\Users\lordo\Documents\GitHub\llmtornado\src\LlmTornado\Embedding\MultimodalEmbeddingResult.cs(27,19): warning CS0108: 'MultimodalEmbeddingResult.Model' hides inherited member 'ApiResultBase.Model'. Use the new keyword if hiding was intended. [C:\Users\lordo\Documents\GitHub\llmtornado\src\LlmTornado\LlmTornado.csproj::TargetFramework=net10.0]
C:\Users\lordo\Documents\GitHub\llmtornado\src\LlmTornado\Batch\BatchEndpoint.cs(131,48): warning CS8425: Async-iterator 'BatchEndpoint.GetResultsStreaming(BatchItem, LLmProviders?, CancellationToken)' has one or more parameters of type 'CancellationToken' but none of them is decorated with the 'EnumeratorCancellation' attribute, so the cancellation token parameter from the generated 'IAsyncEnumerable<>.GetAsyncEnumerator' will be unconsumed [C:\Users\lordo\Documents\GitHub\llmtornado\src\LlmTornado\LlmTornado.csproj::TargetFramework=net10.0]
C:\Users\lordo\Documents\GitHub\llmtornado\src\LlmTornado\Code\DiffMatchPatch\ImmutableListWithValueSemantics.cs(41,26): warning CS8765: Nullability of type of parameter 'obj' doesn't match overridden member (possibly because of nullability attributes). [C:\Users\lordo\Documents\GitHub\llmtornado\src\LlmTornado\LlmTornado.csproj::TargetFramework=net10.0]
C:\Users\lordo\Documents\GitHub\llmtornado\src\LlmTornado\Batch\Vendors\Google\VendorGoogleBatchHandler.cs(125,55): warning CS8425: Async-iterator 'VendorGoogleBatchHandler.StreamResults(BatchItem, IEndpointProvider, EndpointBase, Func<string, LLmProviders?, CancellationToken, Task<HttpCallResult<BatchItem>>>, CancellationToken)' has one or more parameters of type 'CancellationToken' but none of them is decorated with the 'EnumeratorCancellation' attribute, so the cancellation token parameter from the generated 'IAsyncEnumerable<>.GetAsyncEnumerator' will be unconsumed [C:\Users\lordo\Documents\GitHub\llmtornado\src\LlmTornado\LlmTornado.csproj::TargetFramework=net10.0]
C:\Users\lordo\Documents\GitHub\llmtornado\src\LlmTornado\Batch\Vendors\OpenAi\VendorOpenAiBatchHandler.cs(70,55): warning CS8425: Async-iterator 'VendorOpenAiBatchHandler.StreamResults(BatchItem, IEndpointProvider, CancellationToken)' has one or more parameters of type 'CancellationToken' but none of them is decorated with the 'EnumeratorCancellation' attribute, so the cancellation token parameter from the generated 'IAsyncEnumerable<>.GetAsyncEnumerator' will be unconsumed [C:\Users\lordo\Documents\GitHub\llmtornado\src\LlmTornado\LlmTornado.csproj::TargetFramework=net10.0]
C:\Users\lordo\Documents\GitHub\llmtornado\src\LlmTornado\EndpointBase.cs(868,40): warning CS8425: Async-iterator 'EndpointBase.HttpStreamingRequest<T>(IEndpointProvider, CapabilityEndpoints, string?, Dictionary<string, object>?, HttpVerbs?, object?, IModel?, Ref<string>?, CancellationToken)' has one or more parameters of type 'CancellationToken' but none of them is decorated with the 'EnumeratorCancellation' attribute, so the cancellation token parameter from the generated 'IAsyncEnumerable<>.GetAsyncEnumerator' will be unconsumed [C:\Users\lordo\Documents\GitHub\llmtornado\src\LlmTornado\LlmTornado.csproj::TargetFramework=net10.0]
C:\Users\lordo\Documents\GitHub\llmtornado\src\LlmTornado\ManagedAgents\Anthropic\AnthropicManagedAgent.cs(26,20): warning CS0108: 'AnthropicManagedAgent.Model' hides inherited member 'ApiResultBase.Model'. Use the new keyword if hiding was intended. [C:\Users\lordo\Documents\GitHub\llmtornado\src\LlmTornado\LlmTornado.csproj::TargetFramework=net10.0]
C:\Users\lordo\Documents\GitHub\llmtornado\src\LlmTornado\ManagedAgents\Anthropic\AnthropicManagedAgent.cs(32,18): warning CS0108: 'AnthropicManagedAgent.Version' hides inherited member 'ApiResultBase.Version'. Use the new keyword if hiding was intended. [C:\Users\lordo\Documents\GitHub\llmtornado\src\LlmTornado\LlmTornado.csproj::TargetFramework=net10.0]
C:\Users\lordo\Documents\GitHub\llmtornado\src\LlmTornado\Interactions\Interaction.cs(17,20): warning CS0108: 'Interaction.Object' hides inherited member 'ApiResultBase.Object'. Use the new keyword if hiding was intended. [C:\Users\lordo\Documents\GitHub\llmtornado\src\LlmTornado\LlmTornado.csproj::TargetFramework=net10.0]
C:\Users\lordo\Documents\GitHub\llmtornado\src\LlmTornado\Interactions\Interaction.cs(29,20): warning CS0108: 'Interaction.Model' hides inherited member 'ApiResultBase.Model'. Use the new keyword if hiding was intended. [C:\Users\lordo\Documents\GitHub\llmtornado\src\LlmTornado\LlmTornado.csproj::TargetFramework=net10.0]
C:\Users\lordo\Documents\GitHub\llmtornado\src\LlmTornado\Interactions\Interaction.cs(63,20): warning CS0108: 'Interaction.Created' hides inherited member 'ApiResultBase.Created'. Use the new keyword if hiding was intended. [C:\Users\lordo\Documents\GitHub\llmtornado\src\LlmTornado\LlmTornado.csproj::TargetFramework=net10.0]
C:\Users\lordo\Documents\GitHub\llmtornado\src\LlmTornado\Chat\Vendors\Cohere\ChatVendorCohereExtensionConnector.cs(144,60): warning CS8765: Nullability of type of parameter 'existingValue' doesn't match overridden member (possibly because of nullability attributes). [C:\Users\lordo\Documents\GitHub\llmtornado\src\LlmTornado\LlmTornado.csproj::TargetFramework=net10.0]
C:\Users\lordo\Documents\GitHub\llmtornado\src\LlmTornado\Code\Extensions.cs(97,44): warning CS8714: The type 'TKey' cannot be used as type parameter 'TKey' in the generic type or method 'Dictionary<TKey, TValue>'. Nullability of type argument 'TKey' doesn't match 'notnull' constraint. [C:\Users\lordo\Documents\GitHub\llmtornado\src\LlmTornado\LlmTornado.csproj::TargetFramework=net10.0]
C:\Users\lordo\Documents\GitHub\llmtornado\src\LlmTornado\Code\Extensions.cs(408,76): warning CS8714: The type 'TKey' cannot be used as type parameter 'TKey' in the generic type or method 'Dictionary<TKey, TValue>'. Nullability of type argument 'TKey' doesn't match 'notnull' constraint. [C:\Users\lordo\Documents\GitHub\llmtornado\src\LlmTornado\LlmTornado.csproj::TargetFramework=net10.0]
C:\Users\lordo\Documents\GitHub\llmtornado\src\LlmTornado\ManagedAgents\ManagedAgent.cs(17,20): warning CS0108: 'ManagedAgent.Object' hides inherited member 'ApiResultBase.Object'. Use the new keyword if hiding was intended. [C:\Users\lordo\Documents\GitHub\llmtornado\src\LlmTornado\LlmTornado.csproj::TargetFramework=net10.0]
C:\Users\lordo\Documents\GitHub\llmtornado\src\LlmTornado\ManagedAgents\ManagedAgent.cs(65,20): warning CS0108: 'ManagedAgent.Created' hides inherited member 'ApiResultBase.Created'. Use the new keyword if hiding was intended. [C:\Users\lordo\Documents\GitHub\llmtornado\src\LlmTornado\LlmTornado.csproj::TargetFramework=net10.0]
C:\Users\lordo\Documents\GitHub\llmtornado\src\LlmTornado\Compaction\CompactionResult.cs(25,20): warning CS0108: 'CompactionResult.Model' hides inherited member 'ApiResultBase.Model'. Use the new keyword if hiding was intended. [C:\Users\lordo\Documents\GitHub\llmtornado\src\LlmTornado\LlmTornado.csproj::TargetFramework=net10.0]
C:\Users\lordo\Documents\GitHub\llmtornado\src\LlmTornado\Chat\Vendors\Cohere\VendorCohereChatRequest.cs(500,28): warning CS8765: Nullability of type of parameter 'existingValue' doesn't match overridden member (possibly because of nullability attributes). [C:\Users\lordo\Documents\GitHub\llmtornado\src\LlmTornado\LlmTornado.csproj::TargetFramework=net10.0]
C:\Users\lordo\Documents\GitHub\llmtornado\src\LlmTornado\Chat\Vendors\Cohere\VendorCohereChatRequest.cs(518,26): warning CS8765: Nullability of type of parameter 'value' doesn't match overridden member (possibly because of nullability attributes). [C:\Users\lordo\Documents\GitHub\llmtornado\src\LlmTornado\LlmTornado.csproj::TargetFramework=net10.0]
C:\Users\lordo\Documents\GitHub\llmtornado\src\LlmTornado\Ocr\Models\OcrModel.cs(15,19): warning CS0108: 'OcrModel.Name' hides inherited member 'ModelBase.Name'. Use the new keyword if hiding was intended. [C:\Users\lordo\Documents\GitHub\llmtornado\src\LlmTornado\LlmTornado.csproj::TargetFramework=net10.0]
C:\Users\lordo\Documents\GitHub\llmtornado\src\LlmTornado\Ocr\Models\OcrModel.cs(18,25): warning CS0108: 'OcrModel.Provider' hides inherited member 'ModelBase.Provider'. Use the new keyword if hiding was intended. [C:\Users\lordo\Documents\GitHub\llmtornado\src\LlmTornado\LlmTornado.csproj::TargetFramework=net10.0]
C:\Users\lordo\Documents\GitHub\llmtornado\src\LlmTornado\Chat\Vendors\Cohere\VendorCohereChatRequest.cs(531,28): warning CS8765: Nullability of type of parameter 'existingValue' doesn't match overridden member (possibly because of nullability attributes). [C:\Users\lordo\Documents\GitHub\llmtornado\src\LlmTornado\LlmTornado.csproj::TargetFramework=net10.0]
C:\Users\lordo\Documents\GitHub\llmtornado\src\LlmTornado\Chat\Vendors\Cohere\VendorCohereChatRequest.cs(547,26): warning CS8765: Nullability of type of parameter 'value' doesn't match overridden member (possibly because of nullability attributes). [C:\Users\lordo\Documents\GitHub\llmtornado\src\LlmTornado\LlmTornado.csproj::TargetFramework=net10.0]
C:\Users\lordo\Documents\GitHub\llmtornado\src\LlmTornado\Ocr\OcrResult.cs(21,20): warning CS0108: 'OcrResult.Model' hides inherited member 'ApiResultBase.Model'. Use the new keyword if hiding was intended. [C:\Users\lordo\Documents\GitHub\llmtornado\src\LlmTornado\LlmTornado.csproj::TargetFramework=net10.0]
C:\Users\lordo\Documents\GitHub\llmtornado\src\LlmTornado\Images\ImageSize.cs(332,30): warning CS8765: Nullability of type of parameter 'value' doesn't match overridden member (possibly because of nullability attributes). [C:\Users\lordo\Documents\GitHub\llmtornado\src\LlmTornado\LlmTornado.csproj::TargetFramework=net10.0]
C:\Users\lordo\Documents\GitHub\llmtornado\src\LlmTornado\Images\ImageSize.cs(337,35): warning CS8765: Nullability of type of parameter 'existingValue' doesn't match overridden member (possibly because of nullability attributes). [C:\Users\lordo\Documents\GitHub\llmtornado\src\LlmTornado\LlmTornado.csproj::TargetFramework=net10.0]
C:\Users\lordo\Documents\GitHub\llmtornado\src\LlmTornado\Rerank\RerankResult.cs(16,19): warning CS0108: 'RerankResult.Object' hides inherited member 'ApiResultBase.Object'. Use the new keyword if hiding was intended. [C:\Users\lordo\Documents\GitHub\llmtornado\src\LlmTornado\LlmTornado.csproj::TargetFramework=net10.0]
C:\Users\lordo\Documents\GitHub\llmtornado\src\LlmTornado\Rerank\RerankResult.cs(28,19): warning CS0108: 'RerankResult.Model' hides inherited member 'ApiResultBase.Model'. Use the new keyword if hiding was intended. [C:\Users\lordo\Documents\GitHub\llmtornado\src\LlmTornado\LlmTornado.csproj::TargetFramework=net10.0]
C:\Users\lordo\Documents\GitHub\llmtornado\src\LlmTornado\Chat\Vendors\Mistral\VendorMistralChatRequest.cs(42,28): warning CS0108: 'VendorMistralChatRequest.VendorMistralChatRequestData.Prediction' hides inherited member 'ChatRequest.Prediction'. Use the new keyword if hiding was intended. [C:\Users\lordo\Documents\GitHub\llmtornado\src\LlmTornado\LlmTornado.csproj::TargetFramework=net10.0]
C:\Users\lordo\Documents\GitHub\llmtornado\src\LlmTornado\Vendor\Cohere\CohereEndpointProvider.cs(40,27): warning CS0108: 'CohereEndpointProvider.OutboundVersion' hides inherited member 'BaseEndpointProvider.OutboundVersion'. Use the new keyword if hiding was intended. [C:\Users\lordo\Documents\GitHub\llmtornado\src\LlmTornado\LlmTornado.csproj::TargetFramework=net10.0]
C:\Users\lordo\Documents\GitHub\llmtornado\src\LlmTornado\Vendor\Anthropic\AnthropicEndpointProvider.cs(55,27): warning CS0108: 'AnthropicEndpointProvider.OutboundVersion' hides inherited member 'BaseEndpointProvider.OutboundVersion'. Use the new keyword if hiding was intended. [C:\Users\lordo\Documents\GitHub\llmtornado\src\LlmTornado\LlmTornado.csproj::TargetFramework=net10.0]
C:\Users\lordo\Documents\GitHub\llmtornado\src\LlmTornado\Vendor\Google\GoogleEndpointProvider.cs(41,27): warning CS0108: 'GoogleEndpointProvider.OutboundVersion' hides inherited member 'BaseEndpointProvider.OutboundVersion'. Use the new keyword if hiding was intended. [C:\Users\lordo\Documents\GitHub\llmtornado\src\LlmTornado\LlmTornado.csproj::TargetFramework=net10.0]
C:\Users\lordo\Documents\GitHub\llmtornado\src\LlmTornado\Vendor\OpenAi\OpenAiEndpointProvider.cs(36,27): warning CS0108: 'OpenAiEndpointProvider.OutboundVersion' hides inherited member 'BaseEndpointProvider.OutboundVersion'. Use the new keyword if hiding was intended. [C:\Users\lordo\Documents\GitHub\llmtornado\src\LlmTornado\LlmTornado.csproj::TargetFramework=net10.0]
C:\Users\lordo\Documents\GitHub\llmtornado\src\LlmTornado\Videos\VideoJob.cs(22,20): warning CS0108: 'VideoJob.Object' hides inherited member 'ApiResultBase.Object'. Use the new keyword if hiding was intended. [C:\Users\lordo\Documents\GitHub\llmtornado\src\LlmTornado\LlmTornado.csproj::TargetFramework=net10.0]
C:\Users\lordo\Documents\GitHub\llmtornado\src\LlmTornado\Videos\VideoJob.cs(28,20): warning CS0108: 'VideoJob.Model' hides inherited member 'ApiResultBase.Model'. Use the new keyword if hiding was intended. [C:\Users\lordo\Documents\GitHub\llmtornado\src\LlmTornado\LlmTornado.csproj::TargetFramework=net10.0]
C:\Users\lordo\Documents\GitHub\llmtornado\src\LlmTornado\Skills\CreateSkillRequest.cs(31,12): warning CS8618: Non-nullable property 'DisplayTitle' must contain a non-null value when exiting constructor. Consider adding the 'required' modifier or declaring the property as nullable. [C:\Users\lordo\Documents\GitHub\llmtornado\src\LlmTornado\LlmTornado.csproj::TargetFramework=net10.0]
C:\Users\lordo\Documents\GitHub\llmtornado\src\LlmTornado\Assistants\ResponseFormat.cs(90,19): warning CS8618: Non-nullable property 'Name' must contain a non-null value when exiting constructor. Consider adding the 'required' modifier or declaring the property as nullable. [C:\Users\lordo\Documents\GitHub\llmtornado\src\LlmTornado\LlmTornado.csproj::TargetFramework=net10.0]
C:\Users\lordo\Documents\GitHub\llmtornado\src\LlmTornado\Assistants\ResponseFormat.cs(76,43): warning CS8618: Non-nullable property 'JsonSchema' must contain a non-null value when exiting constructor. Consider adding the 'required' modifier or declaring the property as nullable. [C:\Users\lordo\Documents\GitHub\llmtornado\src\LlmTornado\LlmTornado.csproj::TargetFramework=net10.0]
C:\Users\lordo\Documents\GitHub\llmtornado\src\LlmTornado\Assistants\AssistantToolFunction.cs(163,13): warning CS8618: Non-nullable property 'Name' must contain a non-null value when exiting constructor. Consider adding the 'required' modifier or declaring the property as nullable. [C:\Users\lordo\Documents\GitHub\llmtornado\src\LlmTornado\LlmTornado.csproj::TargetFramework=net10.0]
C:\Users\lordo\Documents\GitHub\llmtornado\src\LlmTornado\Assistants\AssistantToolFunction.cs(163,13): warning CS8618: Non-nullable property 'Description' must contain a non-null value when exiting constructor. Consider adding the 'required' modifier or declaring the property as nullable. [C:\Users\lordo\Documents\GitHub\llmtornado\src\LlmTornado\LlmTornado.csproj::TargetFramework=net10.0]
C:\Users\lordo\Documents\GitHub\llmtornado\src\LlmTornado\Caching\Vendors\Google\VendorGoogleCachingCreateCachedContentRequest.cs(58,12): warning CS8618: Non-nullable property 'Ttl' must contain a non-null value when exiting constructor. Consider adding the 'required' modifier or declaring the property as nullable. [C:\Users\lordo\Documents\GitHub\llmtornado\src\LlmTornado\LlmTornado.csproj::TargetFramework=net10.0]
C:\Users\lordo\Documents\GitHub\llmtornado\src\LlmTornado\Caching\Vendors\Google\VendorGoogleCachingCreateCachedContentRequest.cs(58,12): warning CS8618: Non-nullable property 'Model' must contain a non-null value when exiting constructor. Consider adding the 'required' modifier or declaring the property as nullable. [C:\Users\lordo\Documents\GitHub\llmtornado\src\LlmTornado\LlmTornado.csproj::TargetFramework=net10.0]
C:\Users\lordo\Documents\GitHub\llmtornado\src\LlmTornado\Caching\Vendors\Google\VendorGoogleCachingCreateCachedContentRequest.cs(58,12): warning CS8618: Non-nullable property 'Config' must contain a non-null value when exiting constructor. Consider adding the 'required' modifier or declaring the property as nullable. [C:\Users\lordo\Documents\GitHub\llmtornado\src\LlmTornado\LlmTornado.csproj::TargetFramework=net10.0]
C:\Users\lordo\Documents\GitHub\llmtornado\src\LlmTornado\Audio\AudioEndpoint.cs(209,57): warning CS8604: Possible null reference argument for parameter 'content' in 'StringContent.StringContent(string content)'. [C:\Users\lordo\Documents\GitHub\llmtornado\src\LlmTornado\LlmTornado.csproj::TargetFramework=net10.0]
C:\Users\lordo\Documents\GitHub\llmtornado\src\LlmTornado\Caching\Vendors\Google\VendorGoogleCachingCachedContentList.cs(13,55): warning CS8618: Non-nullable property 'CachedContents' must contain a non-null value when exiting constructor. Consider adding the 'required' modifier or declaring the property as nullable. [C:\Users\lordo\Documents\GitHub\llmtornado\src\LlmTornado\LlmTornado.csproj::TargetFramework=net10.0]
C:\Users\lordo\Documents\GitHub\llmtornado\src\LlmTornado\Caching\Vendors\Google\VendorGoogleCachingCachedContentInfo.cs(55,12): warning CS8618: Non-nullable property 'UsageMetadata' must contain a non-null value when exiting constructor. Consider adding the 'required' modifier or declaring the property as nullable. [C:\Users\lordo\Documents\GitHub\llmtornado\src\LlmTornado\LlmTornado.csproj::TargetFramework=net10.0]
C:\Users\lordo\Documents\GitHub\llmtornado\src\LlmTornado\Caching\Vendors\Google\VendorGoogleCachingCachedContentInfo.cs(55,12): warning CS8618: Non-nullable property 'Model' must contain a non-null value when exiting constructor. Consider adding the 'required' modifier or declaring the property as nullable. [C:\Users\lordo\Documents\GitHub\llmtornado\src\LlmTornado\LlmTornado.csproj::TargetFramework=net10.0]
C:\Users\lordo\Documents\GitHub\llmtornado\src\LlmTornado\Chat\Vendors\Zai\VendorZaiChatRequest.cs(22,50): warning CS8604: Possible null reference argument for parameter 'o' in 'JObject JObject.FromObject(object o, JsonSerializer jsonSerializer)'. [C:\Users\lordo\Documents\GitHub\llmtornado\src\LlmTornado\LlmTornado.csproj::TargetFramework=net10.0]
C:\Users\lordo\Documents\GitHub\llmtornado\src\LlmTornado\Audio\Vendors\Google\VendorGoogleMusicResult.cs(45,22): error CS0246: The type or namespace name 'VendorGoogleChatRequestMessagePart' could not be found (are you missing a using directive or an assembly reference?) [C:\Users\lordo\Documents\GitHub\llmtornado\src\LlmTornado\LlmTornado.csproj::TargetFramework=net10.0]
C:\Users\lordo\Documents\GitHub\llmtornado\src\LlmTornado\Audio\Vendors\Google\VendorGoogleMusicRequest.cs(103,20): warning CS8603: Possible null reference return. [C:\Users\lordo\Documents\GitHub\llmtornado\src\LlmTornado\LlmTornado.csproj::TargetFramework=net10.0]
C:\Users\lordo\Documents\GitHub\llmtornado\src\LlmTornado\Audio\TranslationRequest.cs(14,22): warning CS8618: Non-nullable property 'File' must contain a non-null value when exiting constructor. Consider adding the 'required' modifier or declaring the property as nullable. [C:\Users\lordo\Documents\GitHub\llmtornado\src\LlmTornado\LlmTornado.csproj::TargetFramework=net10.0]
C:\Users\lordo\Documents\GitHub\llmtornado\src\LlmTornado\Audio\TranslationRequest.cs(31,19): warning CS8618: Non-nullable property 'Prompt' must contain a non-null value when exiting constructor. Consider adding the 'required' modifier or declaring the property as nullable. [C:\Users\lordo\Documents\GitHub\llmtornado\src\LlmTornado\LlmTornado.csproj::TargetFramework=net10.0]
C:\Users\lordo\Documents\GitHub\llmtornado\src\LlmTornado\Audio\TranscriptionResult.cs(233,19): warning CS8618: Non-nullable property 'Type' must contain a non-null value when exiting constructor. Consider adding the 'required' modifier or declaring the property as nullable. [C:\Users\lordo\Documents\GitHub\llmtornado\src\LlmTornado\LlmTornado.csproj::TargetFramework=net10.0]
C:\Users\lordo\Documents\GitHub\llmtornado\src\LlmTornado\Audio\TranscriptionResult.cs(146,19): warning CS8618: Non-nullable property 'Id' must contain a non-null value when exiting constructor. Consider adding the 'required' modifier or declaring the property as nullable. [C:\Users\lordo\Documents\GitHub\llmtornado\src\LlmTornado\LlmTornado.csproj::TargetFramework=net10.0]
C:\Users\lordo\Documents\GitHub\llmtornado\src\LlmTornado\Audio\TranscriptionResult.cs(170,19): warning CS8618: Non-nullable property 'Text' must contain a non-null value when exiting constructor. Consider adding the 'required' modifier or declaring the property as nullable. [C:\Users\lordo\Documents\GitHub\llmtornado\src\LlmTornado\LlmTornado.csproj::TargetFramework=net10.0]
C:\Users\lordo\Documents\GitHub\llmtornado\src\LlmTornado\Audio\TranscriptionResult.cs(176,18): warning CS8618: Non-nullable property 'Tokens' must contain a non-null value when exiting constructor. Consider adding the 'required' modifier or declaring the property as nullable. [C:\Users\lordo\Documents\GitHub\llmtornado\src\LlmTornado\LlmTornado.csproj::TargetFramework=net10.0]
C:\Users\lordo\Documents\GitHub\llmtornado\src\LlmTornado\Audio\TranscriptionResult.cs(125,19): warning CS8618: Non-nullable property 'Word' must contain a non-null value when exiting constructor. Consider adding the 'required' modifier or declaring the property as nullable. [C:\Users\lordo\Documents\GitHub\llmtornado\src\LlmTornado\LlmTornado.csproj::TargetFramework=net10.0]
C:\Users\lordo\Documents\GitHub\llmtornado\src\LlmTornado\Audio\TranscriptionResult.cs(83,19): warning CS8618: Non-nullable property 'Bytes' must contain a non-null value when exiting constructor. Consider adding the 'required' modifier or declaring the property as nullable. [C:\Users\lordo\Documents\GitHub\llmtornado\src\LlmTornado\LlmTornado.csproj::TargetFramework=net10.0]
C:\Users\lordo\Documents\GitHub\llmtornado\src\LlmTornado\Audio\TranscriptionResult.cs(95,19): warning CS8618: Non-nullable property 'Token' must contain a non-null value when exiting constructor. Consider adding the 'required' modifier or declaring the property as nullable. [C:\Users\lordo\Documents\GitHub\llmtornado\src\LlmTornado\LlmTornado.csproj::TargetFramework=net10.0]
C:\Users\lordo\Documents\GitHub\llmtornado\src\LlmTornado\Audio\TranscriptionResult.cs(17,19): warning CS8618: Non-nullable property 'Text' must contain a non-null value when exiting constructor. Consider adding the 'required' modifier or declaring the property as nullable. [C:\Users\lordo\Documents\GitHub\llmtornado\src\LlmTornado\LlmTornado.csproj::TargetFramework=net10.0]
C:\Users\lordo\Documents\GitHub\llmtornado\src\LlmTornado\Chat\OutboundToolChoice.cs(494,19): warning CS8618: Non-nullable property 'Name' must contain a non-null value when exiting constructor. Consider adding the 'required' modifier or declaring the property as nullable. [C:\Users\lordo\Documents\GitHub\llmtornado\src\LlmTornado\LlmTornado.csproj::TargetFramework=net10.0]
C:\Users\lordo\Documents\GitHub\llmtornado\src\LlmTornado\Model\ModelsEndpoint.cs(39,16): warning CS8603: Possible null reference return. [C:\Users\lordo\Documents\GitHub\llmtornado\src\LlmTornado\LlmTornado.csproj::TargetFramework=net10.0]
C:\Users\lordo\Documents\GitHub\llmtornado\src\LlmTornado\Audio\TranscriptionRequest.cs(27,19): warning CS8618: Non-nullable property 'Language' must contain a non-null value when exiting constructor. Consider adding the 'required' modifier or declaring the property as nullable. [C:\Users\lordo\Documents\GitHub\llmtornado\src\LlmTornado\LlmTornado.csproj::TargetFramework=net10.0]
C:\Users\lordo\Documents\GitHub\llmtornado\src\LlmTornado\Audio\TranscriptionRequest.cs(40,22): warning CS8618: Non-nullable property 'File' must contain a non-null value when exiting constructor. Consider adding the 'required' modifier or declaring the property as nullable. [C:\Users\lordo\Documents\GitHub\llmtornado\src\LlmTornado\LlmTornado.csproj::TargetFramework=net10.0]
C:\Users\lordo\Documents\GitHub\llmtornado\src\LlmTornado\Model\Vendors\RetrievedModelsResult.cs(13,33): warning CS8618: Non-nullable property 'Data' must contain a non-null value when exiting constructor. Consider adding the 'required' modifier or declaring the property as nullable. [C:\Users\lordo\Documents\GitHub\llmtornado\src\LlmTornado\LlmTornado.csproj::TargetFramework=net10.0]
C:\Users\lordo\Documents\GitHub\llmtornado\src\LlmTornado\Model\Vendors\Cohere\VendorCohereRetrievedModelsResult.cs(20,57): warning CS8618: Non-nullable property 'Models' must contain a non-null value when exiting constructor. Consider adding the 'required' modifier or declaring the property as nullable. [C:\Users\lordo\Documents\GitHub\llmtornado\src\LlmTornado\LlmTornado.csproj::TargetFramework=net10.0]
C:\Users\lordo\Documents\GitHub\llmtornado\src\LlmTornado\Audio\SpeechRequest.cs(17,19): warning CS8618: Non-nullable property 'Input' must contain a non-null value when exiting constructor. Consider adding the 'required' modifier or declaring the property as nullable. [C:\Users\lordo\Documents\GitHub\llmtornado\src\LlmTornado\LlmTornado.csproj::TargetFramework=net10.0]
C:\Users\lordo\Documents\GitHub\llmtornado\src\LlmTornado\Common\Tool.cs(1256,13): warning CS8618: Non-nullable property 'Name' must contain a non-null value when exiting constructor. Consider adding the 'required' modifier or declaring the property as nullable. [C:\Users\lordo\Documents\GitHub\llmtornado\src\LlmTornado\LlmTornado.csproj::TargetFramework=net10.0]
C:\Users\lordo\Documents\GitHub\llmtornado\src\LlmTornado\Common\Tool.cs(1256,13): warning CS8618: Non-nullable property 'Description' must contain a non-null value when exiting constructor. Consider adding the 'required' modifier or declaring the property as nullable. [C:\Users\lordo\Documents\GitHub\llmtornado\src\LlmTornado\LlmTornado.csproj::TargetFramework=net10.0]
C:\Users\lordo\Documents\GitHub\llmtornado\src\LlmTornado\Model\Vendors\Google\VendorGoogleRetrievedModelsResult.cs(26,12): warning CS8618: Non-nullable property 'Models' must contain a non-null value when exiting constructor. Consider adding the 'required' modifier or declaring the property as nullable. [C:\Users\lordo\Documents\GitHub\llmtornado\src\LlmTornado\LlmTornado.csproj::TargetFramework=net10.0]
C:\Users\lordo\Documents\GitHub\llmtornado\src\LlmTornado\Common\Tool.cs(1111,12): warning CS8618: Non-nullable property 'CallAsync' must contain a non-null value when exiting constructor. Consider adding the 'required' modifier or declaring the property as nullable. [C:\Users\lordo\Documents\GitHub\llmtornado\src\LlmTornado\LlmTornado.csproj::TargetFramework=net10.0]
C:\Users\lordo\Documents\GitHub\llmtornado\src\LlmTornado\Common\Tool.cs(1065,19): warning CS8618: Non-nullable property 'Definition' must contain a non-null value when exiting constructor. Consider adding the 'required' modifier or declaring the property as nullable. [C:\Users\lordo\Documents\GitHub\llmtornado\src\LlmTornado\LlmTornado.csproj::TargetFramework=net10.0]
C:\Users\lordo\Documents\GitHub\llmtornado\src\LlmTornado\Compaction\CompactionResult.cs(104,94): error CS0117: 'ChatMessageTypes' does not contain a definition for 'Unknown' [C:\Users\lordo\Documents\GitHub\llmtornado\src\LlmTornado\LlmTornado.csproj::TargetFramework=net10.0]
C:\Users\lordo\Documents\GitHub\llmtornado\src\LlmTornado\Model\Vendors\Google\VendorGoogleRetrievedModelsResult.cs(13,23): warning CS8618: Non-nullable property 'Name' must contain a non-null value when exiting constructor. Consider adding the 'required' modifier or declaring the property as nullable. [C:\Users\lordo\Documents\GitHub\llmtornado\src\LlmTornado\LlmTornado.csproj::TargetFramework=net10.0]
C:\Users\lordo\Documents\GitHub\llmtornado\src\LlmTornado\Model\Vendors\Google\VendorGoogleRetrievedModelsResult.cs(14,23): warning CS8618: Non-nullable property 'Version' must contain a non-null value when exiting constructor. Consider adding the 'required' modifier or declaring the property as nullable. [C:\Users\lordo\Documents\GitHub\llmtornado\src\LlmTornado\LlmTornado.csproj::TargetFramework=net10.0]
C:\Users\lordo\Documents\GitHub\llmtornado\src\LlmTornado\Model\Vendors\Google\VendorGoogleRetrievedModelsResult.cs(15,23): warning CS8618: Non-nullable property 'DisplayName' must contain a non-null value when exiting constructor. Consider adding the 'required' modifier or declaring the property as nullable. [C:\Users\lordo\Documents\GitHub\llmtornado\src\LlmTornado\LlmTornado.csproj::TargetFramework=net10.0]
C:\Users\lordo\Documents\GitHub\llmtornado\src\LlmTornado\Model\Vendors\Google\VendorGoogleRetrievedModelsResult.cs(19,29): warning CS8618: Non-nullable property 'SupportedGenerationMethods' must contain a non-null value when exiting constructor. Consider adding the 'required' modifier or declaring the property as nullable. [C:\Users\lordo\Documents\GitHub\llmtornado\src\LlmTornado\LlmTornado.csproj::TargetFramework=net10.0]
C:\Users\lordo\Documents\GitHub\llmtornado\src\LlmTornado\Chat\OutboundToolChoice.cs(21,19): warning CS8618: Non-nullable property 'Name' must contain a non-null value when exiting constructor. Consider adding the 'required' modifier or declaring the property as nullable. [C:\Users\lordo\Documents\GitHub\llmtornado\src\LlmTornado\LlmTornado.csproj::TargetFramework=net10.0]
C:\Users\lordo\Documents\GitHub\llmtornado\src\LlmTornado\Common\Tool.cs(978,12): warning CS8618: Non-nullable property 'Name' must contain a non-null value when exiting constructor. Consider adding the 'required' modifier or declaring the property as nullable. [C:\Users\lordo\Documents\GitHub\llmtornado\src\LlmTornado\LlmTornado.csproj::TargetFramework=net10.0]
C:\Users\lordo\Documents\GitHub\llmtornado\src\LlmTornado\Common\Tool.cs(978,12): warning CS8618: Non-nullable property 'Format' must contain a non-null value when exiting constructor. Consider adding the 'required' modifier or declaring the property as nullable. [C:\Users\lordo\Documents\GitHub\llmtornado\src\LlmTornado\LlmTornado.csproj::TargetFramework=net10.0]
C:\Users\lordo\Documents\GitHub\llmtornado\src\LlmTornado\Chat\FunctionCall.cs(141,12): warning CS8618: Non-nullable property 'Name' must contain a non-null value when exiting constructor. Consider adding the 'required' modifier or declaring the property as nullable. [C:\Users\lordo\Documents\GitHub\llmtornado\src\LlmTornado\LlmTornado.csproj::TargetFramework=net10.0]
C:\Users\lordo\Documents\GitHub\llmtornado\src\LlmTornado\Chat\FunctionCall.cs(147,14): warning CS8618: Non-nullable property 'Name' must contain a non-null value when exiting constructor. Consider adding the 'required' modifier or declaring the property as nullable. [C:\Users\lordo\Documents\GitHub\llmtornado\src\LlmTornado\LlmTornado.csproj::TargetFramework=net10.0]
C:\Users\lordo\Documents\GitHub\llmtornado\src\LlmTornado\Code\Model.cs(562,19): warning CS8618: Non-nullable property 'Id' must contain a non-null value when exiting constructor. Consider adding the 'required' modifier or declaring the property as nullable. [C:\Users\lordo\Documents\GitHub\llmtornado\src\LlmTornado\LlmTornado.csproj::TargetFramework=net10.0]
C:\Users\lordo\Documents\GitHub\llmtornado\src\LlmTornado\Code\Model.cs(619,19): warning CS8618: Non-nullable property 'Organization' must contain a non-null value when exiting constructor. Consider adding the 'required' modifier or declaring the property as nullable. [C:\Users\lordo\Documents\GitHub\llmtornado\src\LlmTornado\LlmTornado.csproj::TargetFramework=net10.0]
C:\Users\lordo\Documents\GitHub\llmtornado\src\LlmTornado\Code\Model.cs(625,19): warning CS8618: Non-nullable property 'Group' must contain a non-null value when exiting constructor. Consider adding the 'required' modifier or declaring the property as nullable. [C:\Users\lordo\Documents\GitHub\llmtornado\src\LlmTornado\LlmTornado.csproj::TargetFramework=net10.0]
C:\Users\lordo\Documents\GitHub\llmtornado\src\LlmTornado\Chat\FunctionCall.cs(154,14): warning CS8618: Non-nullable property 'Name' must contain a non-null value when exiting constructor. Consider adding the 'required' modifier or declaring the property as nullable. [C:\Users\lordo\Documents\GitHub\llmtornado\src\LlmTornado\LlmTornado.csproj::TargetFramework=net10.0]
C:\Users\lordo\Documents\GitHub\llmtornado\src\LlmTornado\Compaction\CompactionEndpoint.cs(40,58): error CS1503: Argument 1: cannot convert from 'LlmTornado.Chat.Models.ChatModel' to 'LlmTornado.Code.LLmProviders?' [C:\Users\lordo\Documents\GitHub\llmtornado\src\LlmTornado\LlmTornado.csproj::TargetFramework=net10.0]
C:\Users\lordo\Documents\GitHub\llmtornado\src\LlmTornado\Completions\CompletionResult.cs(93,50): warning CS8618: Non-nullable property 'Tokens' must contain a non-null value when exiting constructor. Consider adding the 'required' modifier or declaring the property as nullable. [C:\Users\lordo\Documents\GitHub\llmtornado\src\LlmTornado\LlmTornado.csproj::TargetFramework=net10.0]
C:\Users\lordo\Documents\GitHub\llmtornado\src\LlmTornado\Completions\CompletionResult.cs(95,59): warning CS8618: Non-nullable property 'TokenLogprobs' must contain a non-null value when exiting constructor. Consider adding the 'required' modifier or declaring the property as nullable. [C:\Users\lordo\Documents\GitHub\llmtornado\src\LlmTornado\LlmTornado.csproj::TargetFramework=net10.0]
C:\Users\lordo\Documents\GitHub\llmtornado\src\LlmTornado\Completions\CompletionResult.cs(97,78): warning CS8618: Non-nullable property 'TopLogprobs' must contain a non-null value when exiting constructor. Consider adding the 'required' modifier or declaring the property as nullable. [C:\Users\lordo\Documents\GitHub\llmtornado\src\LlmTornado\LlmTornado.csproj::TargetFramework=net10.0]
C:\Users\lordo\Documents\GitHub\llmtornado\src\LlmTornado\Completions\CompletionResult.cs(99,52): warning CS8618: Non-nullable property 'TextOffsets' must contain a non-null value when exiting constructor. Consider adding the 'required' modifier or declaring the property as nullable. [C:\Users\lordo\Documents\GitHub\llmtornado\src\LlmTornado\LlmTornado.csproj::TargetFramework=net10.0]
C:\Users\lordo\Documents\GitHub\llmtornado\src\LlmTornado\Chat\Vendors\XAi\VendorXAiChatRequestData.cs(21,50): warning CS8604: Possible null reference argument for parameter 'o' in 'JObject JObject.FromObject(object o, JsonSerializer jsonSerializer)'. [C:\Users\lordo\Documents\GitHub\llmtornado\src\LlmTornado\LlmTornado.csproj::TargetFramework=net10.0]
C:\Users\lordo\Documents\GitHub\llmtornado\src\LlmTornado\Batch\Vendors\Google\VendorGoogleBatchRequest.cs(24,47): warning CS8604: Possible null reference argument for parameter 'request' in 'VendorGoogleChatRequest.VendorGoogleChatRequest(ChatRequest request, IEndpointProvider provider)'. [C:\Users\lordo\Documents\GitHub\llmtornado\src\LlmTornado\LlmTornado.csproj::TargetFramework=net10.0]
C:\Users\lordo\Documents\GitHub\llmtornado\src\LlmTornado\Embedding\Vendors\Voyage\VendorVoyageEmbeddingRequest.cs(190,19): warning CS8618: Non-nullable property 'Type' must contain a non-null value when exiting constructor. Consider adding the 'required' modifier or declaring the property as nullable. [C:\Users\lordo\Documents\GitHub\llmtornado\src\LlmTornado\LlmTornado.csproj::TargetFramework=net10.0]
C:\Users\lordo\Documents\GitHub\llmtornado\src\LlmTornado\Common\Tool.cs(618,19): warning CS8618: Non-nullable property 'Native' must contain a non-null value when exiting constructor. Consider adding the 'required' modifier or declaring the property as nullable. [C:\Users\lordo\Documents\GitHub\llmtornado\src\LlmTornado\LlmTornado.csproj::TargetFramework=net10.0]
C:\Users\lordo\Documents\GitHub\llmtornado\src\LlmTornado\Common\Tool.cs(607,19): warning CS8618: Non-nullable property 'Blob' must contain a non-null value when exiting constructor. Consider adding the 'required' modifier or declaring the property as nullable. [C:\Users\lordo\Documents\GitHub\llmtornado\src\LlmTornado\LlmTornado.csproj::TargetFramework=net10.0]
C:\Users\lordo\Documents\GitHub\llmtornado\src\LlmTornado\Common\Tool.cs(586,19): warning CS8618: Non-nullable property 'Text' must contain a non-null value when exiting constructor. Consider adding the 'required' modifier or declaring the property as nullable. [C:\Users\lordo\Documents\GitHub\llmtornado\src\LlmTornado\LlmTornado.csproj::TargetFramework=net10.0]
C:\Users\lordo\Documents\GitHub\llmtornado\src\LlmTornado\Common\Tool.cs(505,19): warning CS8618: Non-nullable property 'Uri' must contain a non-null value when exiting constructor. Consider adding the 'required' modifier or declaring the property as nullable. [C:\Users\lordo\Documents\GitHub\llmtornado\src\LlmTornado\LlmTornado.csproj::TargetFramework=net10.0]
C:\Users\lordo\Documents\GitHub\llmtornado\src\LlmTornado\Common\Tool.cs(510,19): warning CS8618: Non-nullable property 'Name' must contain a non-null value when exiting constructor. Consider adding the 'required' modifier or declaring the property as nullable. [C:\Users\lordo\Documents\GitHub\llmtornado\src\LlmTornado\LlmTornado.csproj::TargetFramework=net10.0]
C:\Users\lordo\Documents\GitHub\llmtornado\src\LlmTornado\Common\Tool.cs(481,52): warning CS8618: Non-nullable property 'Resource' must contain a non-null value when exiting constructor. Consider adding the 'required' modifier or declaring the property as nullable. [C:\Users\lordo\Documents\GitHub\llmtornado\src\LlmTornado\LlmTornado.csproj::TargetFramework=net10.0]
C:\Users\lordo\Documents\GitHub\llmtornado\src\LlmTornado\Common\Tool.cs(491,19): warning CS8618: Non-nullable property 'MimeType' must contain a non-null value when exiting constructor. Consider adding the 'required' modifier or declaring the property as nullable. [C:\Users\lordo\Documents\GitHub\llmtornado\src\LlmTornado\LlmTornado.csproj::TargetFramework=net10.0]
C:\Users\lordo\Documents\GitHub\llmtornado\src\LlmTornado\Common\Tool.cs(452,19): warning CS8618: Non-nullable property 'Data' must contain a non-null value when exiting constructor. Consider adding the 'required' modifier or declaring the property as nullable. [C:\Users\lordo\Documents\GitHub\llmtornado\src\LlmTornado\LlmTornado.csproj::TargetFramework=net10.0]
C:\Users\lordo\Documents\GitHub\llmtornado\src\LlmTornado\Common\Tool.cs(462,19): warning CS8618: Non-nullable property 'MimeType' must contain a non-null value when exiting constructor. Consider adding the 'required' modifier or declaring the property as nullable. [C:\Users\lordo\Documents\GitHub\llmtornado\src\LlmTornado\LlmTornado.csproj::TargetFramework=net10.0]
C:\Users\lordo\Documents\GitHub\llmtornado\src\LlmTornado\Common\Tool.cs(436,19): warning CS8618: Non-nullable property 'Data' must contain a non-null value when exiting constructor. Consider adding the 'required' modifier or declaring the property as nullable. [C:\Users\lordo\Documents\GitHub\llmtornado\src\LlmTornado\LlmTornado.csproj::TargetFramework=net10.0]
C:\Users\lordo\Documents\GitHub\llmtornado\src\LlmTornado\Common\Tool.cs(441,19): warning CS8618: Non-nullable property 'MimeType' must contain a non-null value when exiting constructor. Consider adding the 'required' modifier or declaring the property as nullable. [C:\Users\lordo\Documents\GitHub\llmtornado\src\LlmTornado\LlmTornado.csproj::TargetFramework=net10.0]
C:\Users\lordo\Documents\GitHub\llmtornado\src\LlmTornado\Code\Model.cs(57,19): warning CS8618: Non-nullable property 'Id' must contain a non-null value when exiting constructor. Consider adding the 'required' modifier or declaring the property as nullable. [C:\Users\lordo\Documents\GitHub\llmtornado\src\LlmTornado\LlmTornado.csproj::TargetFramework=net10.0]
C:\Users\lordo\Documents\GitHub\llmtornado\src\LlmTornado\Completions\CompletionRequest.cs(17,9): warning CS8618: Non-nullable property 'MultiplePrompts' must contain a non-null value when exiting constructor. Consider adding the 'required' modifier or declaring the property as nullable. [C:\Users\lordo\Documents\GitHub\llmtornado\src\LlmTornado\LlmTornado.csproj::TargetFramework=net10.0]
C:\Users\lordo\Documents\GitHub\llmtornado\src\LlmTornado\Completions\CompletionRequest.cs(17,9): warning CS8618: Non-nullable property 'Suffix' must contain a non-null value when exiting constructor. Consider adding the 'required' modifier or declaring the property as nullable. [C:\Users\lordo\Documents\GitHub\llmtornado\src\LlmTornado\LlmTornado.csproj::TargetFramework=net10.0]
C:\Users\lordo\Documents\GitHub\llmtornado\src\LlmTornado\Completions\CompletionRequest.cs(17,9): warning CS8618: Non-nullable property 'MultipleStopSequences' must contain a non-null value when exiting constructor. Consider adding the 'required' modifier or declaring the property as nullable. [C:\Users\lordo\Documents\GitHub\llmtornado\src\LlmTornado\LlmTornado.csproj::TargetFramework=net10.0]
C:\Users\lordo\Documents\GitHub\llmtornado\src\LlmTornado\Completions\CompletionRequest.cs(17,9): warning CS8618: Non-nullable property 'user' must contain a non-null value when exiting constructor. Consider adding the 'required' modifier or declaring the property as nullable. [C:\Users\lordo\Documents\GitHub\llmtornado\src\LlmTornado\LlmTornado.csproj::TargetFramework=net10.0]
C:\Users\lordo\Documents\GitHub\llmtornado\src\LlmTornado\EndpointBase.cs(124,30): warning CS0168: The variable 'e' is declared but never used [C:\Users\lordo\Documents\GitHub\llmtornado\src\LlmTornado\LlmTornado.csproj::TargetFramework=net10.0]
C:\Users\lordo\Documents\GitHub\llmtornado\src\LlmTornado\Completions\CompletionRequest.cs(48,9): warning CS8618: Non-nullable property 'Suffix' must contain a non-null value when exiting constructor. Consider adding the 'required' modifier or declaring the property as nullable. [C:\Users\lordo\Documents\GitHub\llmtornado\src\LlmTornado\LlmTornado.csproj::TargetFramework=net10.0]
C:\Users\lordo\Documents\GitHub\llmtornado\src\LlmTornado\Completions\CompletionRequest.cs(48,9): warning CS8618: Non-nullable property 'MultipleStopSequences' must contain a non-null value when exiting constructor. Consider adding the 'required' modifier or declaring the property as nullable. [C:\Users\lordo\Documents\GitHub\llmtornado\src\LlmTornado\LlmTornado.csproj::TargetFramework=net10.0]
C:\Users\lordo\Documents\GitHub\llmtornado\src\LlmTornado\Completions\CompletionRequest.cs(48,9): warning CS8618: Non-nullable property 'user' must contain a non-null value when exiting constructor. Consider adding the 'required' modifier or declaring the property as nullable. [C:\Users\lordo\Documents\GitHub\llmtornado\src\LlmTornado\LlmTornado.csproj::TargetFramework=net10.0]
C:\Users\lordo\Documents\GitHub\llmtornado\src\LlmTornado\Completions\CompletionRequest.cs(107,17): warning CS8604: Possible null reference argument for parameter 'model' in 'Model.implicit operator string(Model model)'. [C:\Users\lordo\Documents\GitHub\llmtornado\src\LlmTornado\LlmTornado.csproj::TargetFramework=net10.0]
C:\Users\lordo\Documents\GitHub\llmtornado\src\LlmTornado\Completions\CompletionRequest.cs(111,18): warning CS8601: Possible null reference assignment. [C:\Users\lordo\Documents\GitHub\llmtornado\src\LlmTornado\LlmTornado.csproj::TargetFramework=net10.0]
C:\Users\lordo\Documents\GitHub\llmtornado\src\LlmTornado\Completions\CompletionRequest.cs(93,9): warning CS8618: Non-nullable property 'MultiplePrompts' must contain a non-null value when exiting constructor. Consider adding the 'required' modifier or declaring the property as nullable. [C:\Users\lordo\Documents\GitHub\llmtornado\src\LlmTornado\LlmTornado.csproj::TargetFramework=net10.0]
C:\Users\lordo\Documents\GitHub\llmtornado\src\LlmTornado\Completions\CompletionRequest.cs(93,9): warning CS8618: Non-nullable property 'Suffix' must contain a non-null value when exiting constructor. Consider adding the 'required' modifier or declaring the property as nullable. [C:\Users\lordo\Documents\GitHub\llmtornado\src\LlmTornado\LlmTornado.csproj::TargetFramework=net10.0]
C:\Users\lordo\Documents\GitHub\llmtornado\src\LlmTornado\Completions\CompletionRequest.cs(93,9): warning CS8618: Non-nullable property 'user' must contain a non-null value when exiting constructor. Consider adding the 'required' modifier or declaring the property as nullable. [C:\Users\lordo\Documents\GitHub\llmtornado\src\LlmTornado\LlmTornado.csproj::TargetFramework=net10.0]
C:\Users\lordo\Documents\GitHub\llmtornado\src\LlmTornado\Common\Tool.cs(425,19): warning CS8618: Non-nullable property 'Text' must contain a non-null value when exiting constructor. Consider adding the 'required' modifier or declaring the property as nullable. [C:\Users\lordo\Documents\GitHub\llmtornado\src\LlmTornado\LlmTornado.csproj::TargetFramework=net10.0]
C:\Users\lordo\Documents\GitHub\llmtornado\src\LlmTornado\Common\Tool.cs(414,19): warning CS8618: Non-nullable property 'NativeBlock' must contain a non-null value when exiting constructor. Consider adding the 'required' modifier or declaring the property as nullable. [C:\Users\lordo\Documents\GitHub\llmtornado\src\LlmTornado\LlmTornado.csproj::TargetFramework=net10.0]
C:\Users\lordo\Documents\GitHub\llmtornado\src\LlmTornado\Completions\CompletionRequest.cs(138,20): warning CS8603: Possible null reference return. [C:\Users\lordo\Documents\GitHub\llmtornado\src\LlmTornado\LlmTornado.csproj::TargetFramework=net10.0]
C:\Users\lordo\Documents\GitHub\llmtornado\src\LlmTornado\Common\Tool.cs(409,34): warning CS8618: Non-nullable property 'NativeBlock' must contain a non-null value when exiting constructor. Consider adding the 'required' modifier or declaring the property as nullable. [C:\Users\lordo\Documents\GitHub\llmtornado\src\LlmTornado\LlmTornado.csproj::TargetFramework=net10.0]
C:\Users\lordo\Documents\GitHub\llmtornado\src\LlmTornado\Completions\CompletionRequest.cs(154,16): warning CS8603: Possible null reference return. [C:\Users\lordo\Documents\GitHub\llmtornado\src\LlmTornado\LlmTornado.csproj::TargetFramework=net10.0]
C:\Users\lordo\Documents\GitHub\llmtornado\src\LlmTornado\Common\Tool.cs(345,35): warning CS8618: Non-nullable property 'McpContentBlocks' must contain a non-null value when exiting constructor. Consider adding the 'required' modifier or declaring the property as nullable. [C:\Users\lordo\Documents\GitHub\llmtornado\src\LlmTornado\LlmTornado.csproj::TargetFramework=net10.0]
C:\Users\lordo\Documents\GitHub\llmtornado\src\LlmTornado\Common\Tool.cs(92,12): warning CS8618: Non-nullable property 'Name' must contain a non-null value when exiting constructor. Consider adding the 'required' modifier or declaring the property as nullable. [C:\Users\lordo\Documents\GitHub\llmtornado\src\LlmTornado\LlmTornado.csproj::TargetFramework=net10.0]
C:\Users\lordo\Documents\GitHub\llmtornado\src\LlmTornado\Common\Tool.cs(92,12): warning CS8618: Non-nullable property 'Content' must contain a non-null value when exiting constructor. Consider adding the 'required' modifier or declaring the property as nullable. [C:\Users\lordo\Documents\GitHub\llmtornado\src\LlmTornado\LlmTornado.csproj::TargetFramework=net10.0]
C:\Users\lordo\Documents\GitHub\llmtornado\src\LlmTornado\Embedding\Vendors\Google\VendorGoogleEmbeddingResult.cs(15,24): warning CS8618: Non-nullable property 'Values' must contain a non-null value when exiting constructor. Consider adding the 'required' modifier or declaring the property as nullable. [C:\Users\lordo\Documents\GitHub\llmtornado\src\LlmTornado\LlmTornado.csproj::TargetFramework=net10.0]
C:\Users\lordo\Documents\GitHub\llmtornado\src\LlmTornado\Completions\CompletionRequest.cs(241,20): warning CS8603: Possible null reference return. [C:\Users\lordo\Documents\GitHub\llmtornado\src\LlmTornado\LlmTornado.csproj::TargetFramework=net10.0]
C:\Users\lordo\Documents\GitHub\llmtornado\src\LlmTornado\Completions\CompletionRequest.cs(260,16): warning CS8603: Possible null reference return. [C:\Users\lordo\Documents\GitHub\llmtornado\src\LlmTornado\LlmTornado.csproj::TargetFramework=net10.0]
C:\Users\lordo\Documents\GitHub\llmtornado\src\LlmTornado\Completions\CompletionResult.cs(15,19): warning CS8618: Non-nullable property 'Text' must contain a non-null value when exiting constructor. Consider adding the 'required' modifier or declaring the property as nullable. [C:\Users\lordo\Documents\GitHub\llmtornado\src\LlmTornado\LlmTornado.csproj::TargetFramework=net10.0]
C:\Users\lordo\Documents\GitHub\llmtornado\src\LlmTornado\Completions\CompletionResult.cs(28,21): warning CS8618: Non-nullable property 'Logprobs' must contain a non-null value when exiting constructor. Consider adding the 'required' modifier or declaring the property as nullable. [C:\Users\lordo\Documents\GitHub\llmtornado\src\LlmTornado\LlmTornado.csproj::TargetFramework=net10.0]
C:\Users\lordo\Documents\GitHub\llmtornado\src\LlmTornado\Completions\CompletionResult.cs(34,19): warning CS8618: Non-nullable property 'FinishReason' must contain a non-null value when exiting constructor. Consider adding the 'required' modifier or declaring the property as nullable. [C:\Users\lordo\Documents\GitHub\llmtornado\src\LlmTornado\LlmTornado.csproj::TargetFramework=net10.0]
C:\Users\lordo\Documents\GitHub\llmtornado\src\LlmTornado\Common\ListResponse.cs(50,12): warning CS8618: Non-nullable property 'FirstId' must contain a non-null value when exiting constructor. Consider adding the 'required' modifier or declaring the property as nullable. [C:\Users\lordo\Documents\GitHub\llmtornado\src\LlmTornado\LlmTornado.csproj::TargetFramework=net10.0]
C:\Users\lordo\Documents\GitHub\llmtornado\src\LlmTornado\Common\ListResponse.cs(50,12): warning CS8618: Non-nullable property 'LastId' must contain a non-null value when exiting constructor. Consider adding the 'required' modifier or declaring the property as nullable. [C:\Users\lordo\Documents\GitHub\llmtornado\src\LlmTornado\LlmTornado.csproj::TargetFramework=net10.0]
C:\Users\lordo\Documents\GitHub\llmtornado\src\LlmTornado\Batch\Vendors\Google\VendorGoogleBatchHandler.cs(23,59): warning CS8602: Dereference of a possibly null reference. [C:\Users\lordo\Documents\GitHub\llmtornado\src\LlmTornado\LlmTornado.csproj::TargetFramework=net10.0]
C:\Users\lordo\Documents\GitHub\llmtornado\src\LlmTornado\Batch\Vendors\Google\VendorGoogleBatchHandler.cs(26,107): warning CS8625: Cannot convert null literal to non-nullable reference type. [C:\Users\lordo\Documents\GitHub\llmtornado\src\LlmTornado\LlmTornado.csproj::TargetFramework=net10.0]
C:\Users\lordo\Documents\GitHub\llmtornado\src\LlmTornado\Files\Vendors\Google\VendorGoogleTornadoFile.cs(71,43): warning CS8618: Non-nullable property 'File' must contain a non-null value when exiting constructor. Consider adding the 'required' modifier or declaring the property as nullable. [C:\Users\lordo\Documents\GitHub\llmtornado\src\LlmTornado\LlmTornado.csproj::TargetFramework=net10.0]
C:\Users\lordo\Documents\GitHub\llmtornado\src\LlmTornado\Files\Vendors\Google\VendorGoogleTornadoFile.cs(12,19): warning CS8618: Non-nullable property 'Name' must contain a non-null value when exiting constructor. Consider adding the 'required' modifier or declaring the property as nullable. [C:\Users\lordo\Documents\GitHub\llmtornado\src\LlmTornado\LlmTornado.csproj::TargetFramework=net10.0]
C:\Users\lordo\Documents\GitHub\llmtornado\src\LlmTornado\Files\Vendors\Google\VendorGoogleTornadoFile.cs(15,19): warning CS8618: Non-nullable property 'MimeType' must contain a non-null value when exiting constructor. Consider adding the 'required' modifier or declaring the property as nullable. [C:\Users\lordo\Documents\GitHub\llmtornado\src\LlmTornado\LlmTornado.csproj::TargetFramework=net10.0]
C:\Users\lordo\Documents\GitHub\llmtornado\src\LlmTornado\Files\Vendors\Google\VendorGoogleTornadoFile.cs(30,19): warning CS8618: Non-nullable property 'Sha256hash' must contain a non-null value when exiting constructor. Consider adding the 'required' modifier or declaring the property as nullable. [C:\Users\lordo\Documents\GitHub\llmtornado\src\LlmTornado\LlmTornado.csproj::TargetFramework=net10.0]
C:\Users\lordo\Documents\GitHub\llmtornado\src\LlmTornado\Files\Vendors\Google\VendorGoogleTornadoFile.cs(33,19): warning CS8618: Non-nullable property 'Uri' must contain a non-null value when exiting constructor. Consider adding the 'required' modifier or declaring the property as nullable. [C:\Users\lordo\Documents\GitHub\llmtornado\src\LlmTornado\LlmTornado.csproj::TargetFramework=net10.0]
C:\Users\lordo\Documents\GitHub\llmtornado\src\LlmTornado\Files\Vendors\Google\VendorGoogleTornadoFile.cs(42,19): warning CS8618: Non-nullable property 'State' must contain a non-null value when exiting constructor. Consider adding the 'required' modifier or declaring the property as nullable. [C:\Users\lordo\Documents\GitHub\llmtornado\src\LlmTornado\LlmTornado.csproj::TargetFramework=net10.0]
C:\Users\lordo\Documents\GitHub\llmtornado\src\LlmTornado\Files\Vendors\Google\VendorGoogleTornadoFile.cs(45,19): warning CS8618: Non-nullable property 'Source' must contain a non-null value when exiting constructor. Consider adding the 'required' modifier or declaring the property as nullable. [C:\Users\lordo\Documents\GitHub\llmtornado\src\LlmTornado\LlmTornado.csproj::TargetFramework=net10.0]
C:\Users\lordo\Documents\GitHub\llmtornado\src\LlmTornado\Common\BaseResponse.cs(11,23): warning CS8618: Non-nullable property 'Api' must contain a non-null value when exiting constructor. Consider adding the 'required' modifier or declaring the property as nullable. [C:\Users\lordo\Documents\GitHub\llmtornado\src\LlmTornado\LlmTornado.csproj::TargetFramework=net10.0]
C:\Users\lordo\Documents\GitHub\llmtornado\src\LlmTornado\Completions\CompletionResult.cs(66,19): warning CS8618: Non-nullable property 'Id' must contain a non-null value when exiting constructor. Consider adding the 'required' modifier or declaring the property as nullable. [C:\Users\lordo\Documents\GitHub\llmtornado\src\LlmTornado\LlmTornado.csproj::TargetFramework=net10.0]
C:\Users\lordo\Documents\GitHub\llmtornado\src\LlmTornado\Completions\CompletionResult.cs(72,25): warning CS8618: Non-nullable property 'Completions' must contain a non-null value when exiting constructor. Consider adding the 'required' modifier or declaring the property as nullable. [C:\Users\lordo\Documents\GitHub\llmtornado\src\LlmTornado\LlmTornado.csproj::TargetFramework=net10.0]
C:\Users\lordo\Documents\GitHub\llmtornado\src\LlmTornado\Completions\CompletionResult.cs(78,28): warning CS8618: Non-nullable property 'Usage' must contain a non-null value when exiting constructor. Consider adding the 'required' modifier or declaring the property as nullable. [C:\Users\lordo\Documents\GitHub\llmtornado\src\LlmTornado\LlmTornado.csproj::TargetFramework=net10.0]
C:\Users\lordo\Documents\GitHub\llmtornado\src\LlmTornado\Common\HttpCallResult.cs(41,19): warning CS8618: Non-nullable property 'Url' must contain a non-null value when exiting constructor. Consider adding the 'required' modifier or declaring the property as nullable. [C:\Users\lordo\Documents\GitHub\llmtornado\src\LlmTornado\LlmTornado.csproj::TargetFramework=net10.0]
C:\Users\lordo\Documents\GitHub\llmtornado\src\LlmTornado\Common\HttpCallResult.cs(46,23): warning CS8618: Non-nullable property 'Method' must contain a non-null value when exiting constructor. Consider adding the 'required' modifier or declaring the property as nullable. [C:\Users\lordo\Documents\GitHub\llmtornado\src\LlmTornado\LlmTornado.csproj::TargetFramework=net10.0]
C:\Users\lordo\Documents\GitHub\llmtornado\src\LlmTornado\Common\DeletionStatus.cs(7,40): warning CS8618: Non-nullable property 'Id' must contain a non-null value when exiting constructor. Consider adding the 'required' modifier or declaring the property as nullable. [C:\Users\lordo\Documents\GitHub\llmtornado\src\LlmTornado\LlmTornado.csproj::TargetFramework=net10.0]
C:\Users\lordo\Documents\GitHub\llmtornado\src\LlmTornado\Common\DeletionStatus.cs(9,44): warning CS8618: Non-nullable property 'Object' must contain a non-null value when exiting constructor. Consider adding the 'required' modifier or declaring the property as nullable. [C:\Users\lordo\Documents\GitHub\llmtornado\src\LlmTornado\LlmTornado.csproj::TargetFramework=net10.0]
C:\Users\lordo\Documents\GitHub\llmtornado\src\LlmTornado\Common\EventResponse.cs(8,12): warning CS8618: Non-nullable property 'Object' must contain a non-null value when exiting constructor. Consider adding the 'required' modifier or declaring the property as nullable. [C:\Users\lordo\Documents\GitHub\llmtornado\src\LlmTornado\LlmTornado.csproj::TargetFramework=net10.0]
C:\Users\lordo\Documents\GitHub\llmtornado\src\LlmTornado\Common\EventResponse.cs(8,12): warning CS8618: Non-nullable property 'Level' must contain a non-null value when exiting constructor. Consider adding the 'required' modifier or declaring the property as nullable. [C:\Users\lordo\Documents\GitHub\llmtornado\src\LlmTornado\LlmTornado.csproj::TargetFramework=net10.0]
C:\Users\lordo\Documents\GitHub\llmtornado\src\LlmTornado\Common\EventResponse.cs(8,12): warning CS8618: Non-nullable property 'Message' must contain a non-null value when exiting constructor. Consider adding the 'required' modifier or declaring the property as nullable. [C:\Users\lordo\Documents\GitHub\llmtornado\src\LlmTornado\LlmTornado.csproj::TargetFramework=net10.0]
C:\Users\lordo\Documents\GitHub\llmtornado\src\LlmTornado\Common\Event.cs(10,19): warning CS8618: Non-nullable property 'Object' must contain a non-null value when exiting constructor. Consider adding the 'required' modifier or declaring the property as nullable. [C:\Users\lordo\Documents\GitHub\llmtornado\src\LlmTornado\LlmTornado.csproj::TargetFramework=net10.0]
C:\Users\lordo\Documents\GitHub\llmtornado\src\LlmTornado\Common\Event.cs(22,19): warning CS8618: Non-nullable property 'Level' must contain a non-null value when exiting constructor. Consider adding the 'required' modifier or declaring the property as nullable. [C:\Users\lordo\Documents\GitHub\llmtornado\src\LlmTornado\LlmTornado.csproj::TargetFramework=net10.0]
C:\Users\lordo\Documents\GitHub\llmtornado\src\LlmTornado\Common\Event.cs(25,19): warning CS8618: Non-nullable property 'Message' must contain a non-null value when exiting constructor. Consider adding the 'required' modifier or declaring the property as nullable. [C:\Users\lordo\Documents\GitHub\llmtornado\src\LlmTornado\LlmTornado.csproj::TargetFramework=net10.0]
C:\Users\lordo\Documents\GitHub\llmtornado\src\LlmTornado\Embedding\ContextualEmbeddingResult.cs(17,19): warning CS8618: Non-nullable property 'Object' must contain a non-null value when exiting constructor. Consider adding the 'required' modifier or declaring the property as nullable. [C:\Users\lordo\Documents\GitHub\llmtornado\src\LlmTornado\LlmTornado.csproj::TargetFramework=net10.0]
C:\Users\lordo\Documents\GitHub\llmtornado\src\LlmTornado\Embedding\ContextualEmbeddingResult.cs(23,42): warning CS8618: Non-nullable property 'Data' must contain a non-null value when exiting constructor. Consider adding the 'required' modifier or declaring the property as nullable. [C:\Users\lordo\Documents\GitHub\llmtornado\src\LlmTornado\LlmTornado.csproj::TargetFramework=net10.0]
C:\Users\lordo\Documents\GitHub\llmtornado\src\LlmTornado\Embedding\ContextualEmbeddingResult.cs(29,19): warning CS8618: Non-nullable property 'Model' must contain a non-null value when exiting constructor. Consider adding the 'required' modifier or declaring the property as nullable. [C:\Users\lordo\Documents\GitHub\llmtornado\src\LlmTornado\LlmTornado.csproj::TargetFramework=net10.0]
C:\Users\lordo\Documents\GitHub\llmtornado\src\LlmTornado\Embedding\ContextualEmbeddingResult.cs(35,18): warning CS8618: Non-nullable property 'Usage' must contain a non-null value when exiting constructor. Consider adding the 'required' modifier or declaring the property as nullable. [C:\Users\lordo\Documents\GitHub\llmtornado\src\LlmTornado\LlmTornado.csproj::TargetFramework=net10.0]
C:\Users\lordo\Documents\GitHub\llmtornado\src\LlmTornado\Files\DeletedTornadoFile.cs(16,19): warning CS8618: Non-nullable property 'Id' must contain a non-null value when exiting constructor. Consider adding the 'required' modifier or declaring the property as nullable. [C:\Users\lordo\Documents\GitHub\llmtornado\src\LlmTornado\LlmTornado.csproj::TargetFramework=net10.0]
C:\Users\lordo\Documents\GitHub\llmtornado\src\LlmTornado\Chat\Vendors\Perplexity\VendorPerplexityChatRequestData.cs(21,50): warning CS8604: Possible null reference argument for parameter 'o' in 'JObject JObject.FromObject(object o, JsonSerializer jsonSerializer)'. [C:\Users\lordo\Documents\GitHub\llmtornado\src\LlmTornado\LlmTornado.csproj::TargetFramework=net10.0]
C:\Users\lordo\Documents\GitHub\llmtornado\src\LlmTornado\Embedding\ContextualEmbeddingResult.cs(47,19): warning CS8618: Non-nullable property 'Object' must contain a non-null value when exiting constructor. Consider adding the 'required' modifier or declaring the property as nullable. [C:\Users\lordo\Documents\GitHub\llmtornado\src\LlmTornado\LlmTornado.csproj::TargetFramework=net10.0]
C:\Users\lordo\Documents\GitHub\llmtornado\src\LlmTornado\Embedding\ContextualEmbeddingResult.cs(53,38): warning CS8618: Non-nullable property 'Data' must contain a non-null value when exiting constructor. Consider adding the 'required' modifier or declaring the property as nullable. [C:\Users\lordo\Documents\GitHub\llmtornado\src\LlmTornado\LlmTornado.csproj::TargetFramework=net10.0]
C:\Users\lordo\Documents\GitHub\llmtornado\src\LlmTornado\Embedding\ContextualEmbeddingResult.cs(71,19): warning CS8618: Non-nullable property 'Object' must contain a non-null value when exiting constructor. Consider adding the 'required' modifier or declaring the property as nullable. [C:\Users\lordo\Documents\GitHub\llmtornado\src\LlmTornado\LlmTornado.csproj::TargetFramework=net10.0]
C:\Users\lordo\Documents\GitHub\llmtornado\src\LlmTornado\Embedding\ContextualEmbeddingResult.cs(78,37): warning CS8618: Non-nullable property 'ContextualEmbeddingVector' must contain a non-null value when exiting constructor. Consider adding the 'required' modifier or declaring the property as nullable. [C:\Users\lordo\Documents\GitHub\llmtornado\src\LlmTornado\LlmTornado.csproj::TargetFramework=net10.0]
C:\Users\lordo\Documents\GitHub\llmtornado\src\LlmTornado\Chat\Vendors\Perplexity\ChatResultVendorPerplexity.cs(9,38): warning CS8618: Non-nullable property 'Usage' must contain a non-null value when exiting constructor. Consider adding the 'required' modifier or declaring the property as nullable. [C:\Users\lordo\Documents\GitHub\llmtornado\src\LlmTornado\LlmTornado.csproj::TargetFramework=net10.0]
C:\Users\lordo\Documents\GitHub\llmtornado\src\LlmTornado\Chat\Vendors\MoonshotAi\VendorMoonshotAiChatRequest.cs(23,35): warning CS8604: Possible null reference argument for parameter 'o' in 'JObject JObject.FromObject(object o, JsonSerializer jsonSerializer)'. [C:\Users\lordo\Documents\GitHub\llmtornado\src\LlmTornado\LlmTornado.csproj::TargetFramework=net10.0]
C:\Users\lordo\Documents\GitHub\llmtornado\src\LlmTornado\EndpointBase.cs(636,30): warning CS0168: The variable 'e' is declared but never used [C:\Users\lordo\Documents\GitHub\llmtornado\src\LlmTornado\LlmTornado.csproj::TargetFramework=net10.0]
C:\Users\lordo\Documents\GitHub\llmtornado\src\LlmTornado\Batch\Vendors\Anthropic\VendorAnthropicBatchRequest.cs(24,49): warning CS8604: Possible null reference argument for parameter 'request' in 'VendorAnthropicChatRequest.VendorAnthropicChatRequest(ChatRequest request, IEndpointProvider provider)'. [C:\Users\lordo\Documents\GitHub\llmtornado\src\LlmTornado\LlmTornado.csproj::TargetFramework=net10.0]
C:\Users\lordo\Documents\GitHub\llmtornado\src\LlmTornado\Vendor\Google\GoogleEndpointProvider.cs(426,26): warning CS0168: The variable 'e' is declared but never used [C:\Users\lordo\Documents\GitHub\llmtornado\src\LlmTornado\LlmTornado.csproj::TargetFramework=net10.0]
C:\Users\lordo\Documents\GitHub\llmtornado\src\LlmTornado\FineTuning\HyperParams.cs(8,19): warning CS8618: Non-nullable property 'Epochs' must contain a non-null value when exiting constructor. Consider adding the 'required' modifier or declaring the property as nullable. [C:\Users\lordo\Documents\GitHub\llmtornado\src\LlmTornado\LlmTornado.csproj::TargetFramework=net10.0]
C:\Users\lordo\Documents\GitHub\llmtornado\src\LlmTornado\FineTuning\HyperParams.cs(11,19): warning CS8618: Non-nullable property 'BatchSize' must contain a non-null value when exiting constructor. Consider adding the 'required' modifier or declaring the property as nullable. [C:\Users\lordo\Documents\GitHub\llmtornado\src\LlmTornado\LlmTornado.csproj::TargetFramework=net10.0]
C:\Users\lordo\Documents\GitHub\llmtornado\src\LlmTornado\FineTuning\HyperParams.cs(14,19): warning CS8618: Non-nullable property 'LearningRateMultiplier' must contain a non-null value when exiting constructor. Consider adding the 'required' modifier or declaring the property as nullable. [C:\Users\lordo\Documents\GitHub\llmtornado\src\LlmTornado\LlmTornado.csproj::TargetFramework=net10.0]
C:\Users\lordo\Documents\GitHub\llmtornado\src\LlmTornado\FineTuning\FineTuneJobResponse.cs(13,12): warning CS8618: Non-nullable property 'Object' must contain a non-null value when exiting constructor. Consider adding the 'required' modifier or declaring the property as nullable. [C:\Users\lordo\Documents\GitHub\llmtornado\src\LlmTornado\LlmTornado.csproj::TargetFramework=net10.0]
C:\Users\lordo\Documents\GitHub\llmtornado\src\LlmTornado\FineTuning\FineTuneJobResponse.cs(13,12): warning CS8618: Non-nullable property 'Id' must contain a non-null value when exiting constructor. Consider adding the 'required' modifier or declaring the property as nullable. [C:\Users\lordo\Documents\GitHub\llmtornado\src\LlmTornado\LlmTornado.csproj::TargetFramework=net10.0]
C:\Users\lordo\Documents\GitHub\llmtornado\src\LlmTornado\FineTuning\FineTuneJobResponse.cs(13,12): warning CS8618: Non-nullable property 'Model' must contain a non-null value when exiting constructor. Consider adding the 'required' modifier or declaring the property as nullable. [C:\Users\lordo\Documents\GitHub\llmtornado\src\LlmTornado\LlmTornado.csproj::TargetFramework=net10.0]
C:\Users\lordo\Documents\GitHub\llmtornado\src\LlmTornado\FineTuning\FineTuneJobResponse.cs(13,12): warning CS8618: Non-nullable property 'FineTunedModel' must contain a non-null value when exiting constructor. Consider adding the 'required' modifier or declaring the property as nullable. [C:\Users\lordo\Documents\GitHub\llmtornado\src\LlmTornado\LlmTornado.csproj::TargetFramework=net10.0]
C:\Users\lordo\Documents\GitHub\llmtornado\src\LlmTornado\FineTuning\FineTuneJobResponse.cs(13,12): warning CS8618: Non-nullable property 'OrganizationId' must contain a non-null value when exiting constructor. Consider adding the 'required' modifier or declaring the property as nullable. [C:\Users\lordo\Documents\GitHub\llmtornado\src\LlmTornado\LlmTornado.csproj::TargetFramework=net10.0]
C:\Users\lordo\Documents\GitHub\llmtornado\src\LlmTornado\FineTuning\FineTuneJobResponse.cs(13,12): warning CS8618: Non-nullable property 'ResultFiles' must contain a non-null value when exiting constructor. Consider adding the 'required' modifier or declaring the property as nullable. [C:\Users\lordo\Documents\GitHub\llmtornado\src\LlmTornado\LlmTornado.csproj::TargetFramework=net10.0]
C:\Users\lordo\Documents\GitHub\llmtornado\src\LlmTornado\FineTuning\FineTuneJobResponse.cs(13,12): warning CS8618: Non-nullable property 'ValidationFile' must contain a non-null value when exiting constructor. Consider adding the 'required' modifier or declaring the property as nullable. [C:\Users\lordo\Documents\GitHub\llmtornado\src\LlmTornado\LlmTornado.csproj::TargetFramework=net10.0]
C:\Users\lordo\Documents\GitHub\llmtornado\src\LlmTornado\FineTuning\FineTuneJobResponse.cs(13,12): warning CS8618: Non-nullable property 'TrainingFile' must contain a non-null value when exiting constructor. Consider adding the 'required' modifier or declaring the property as nullable. [C:\Users\lordo\Documents\GitHub\llmtornado\src\LlmTornado\LlmTornado.csproj::TargetFramework=net10.0]
C:\Users\lordo\Documents\GitHub\llmtornado\src\LlmTornado\FineTuning\FineTuneJobResponse.cs(13,12): warning CS8618: Non-nullable property 'HyperParameters' must contain a non-null value when exiting constructor. Consider adding the 'required' modifier or declaring the property as nullable. [C:\Users\lordo\Documents\GitHub\llmtornado\src\LlmTornado\LlmTornado.csproj::TargetFramework=net10.0]
C:\Users\lordo\Documents\GitHub\llmtornado\src\LlmTornado\FineTuning\CreateFineTuneJobRequest.cs(12,27): warning CS8601: Possible null reference assignment. [C:\Users\lordo\Documents\GitHub\llmtornado\src\LlmTornado\LlmTornado.csproj::TargetFramework=net10.0]
C:\Users\lordo\Documents\GitHub\llmtornado\src\LlmTornado\FineTuning\CreateFineTuneJobRequest.cs(13,18): warning CS8601: Possible null reference assignment. [C:\Users\lordo\Documents\GitHub\llmtornado\src\LlmTornado\LlmTornado.csproj::TargetFramework=net10.0]
C:\Users\lordo\Documents\GitHub\llmtornado\src\LlmTornado\FineTuning\CreateFineTuneJobRequest.cs(14,28): warning CS8601: Possible null reference assignment. [C:\Users\lordo\Documents\GitHub\llmtornado\src\LlmTornado\LlmTornado.csproj::TargetFramework=net10.0]
C:\Users\lordo\Documents\GitHub\llmtornado\src\LlmTornado\FineTuning\CreateFineTuneJobRequest.cs(8,12): warning CS8618: Non-nullable property 'HyperParameters' must contain a non-null value when exiting constructor. Consider adding the 'required' modifier or declaring the property as nullable. [C:\Users\lordo\Documents\GitHub\llmtornado\src\LlmTornado\LlmTornado.csproj::TargetFramework=net10.0]
C:\Users\lordo\Documents\GitHub\llmtornado\src\LlmTornado\FineTuning\CreateFineTuneJobRequest.cs(8,12): warning CS8618: Non-nullable property 'Suffix' must contain a non-null value when exiting constructor. Consider adding the 'required' modifier or declaring the property as nullable. [C:\Users\lordo\Documents\GitHub\llmtornado\src\LlmTornado\LlmTornado.csproj::TargetFramework=net10.0]
C:\Users\lordo\Documents\GitHub\llmtornado\src\LlmTornado\FineTuning\CreateFineTuneJobRequest.cs(8,12): warning CS8618: Non-nullable property 'ValidationFileId' must contain a non-null value when exiting constructor. Consider adding the 'required' modifier or declaring the property as nullable. [C:\Users\lordo\Documents\GitHub\llmtornado\src\LlmTornado\LlmTornado.csproj::TargetFramework=net10.0]
C:\Users\lordo\Documents\GitHub\llmtornado\src\LlmTornado\FineTuning\EventList.cs(12,19): warning CS8618: Non-nullable property 'Object' must contain a non-null value when exiting constructor. Consider adding the 'required' modifier or declaring the property as nullable. [C:\Users\lordo\Documents\GitHub\llmtornado\src\LlmTornado\LlmTornado.csproj::TargetFramework=net10.0]
C:\Users\lordo\Documents\GitHub\llmtornado\src\LlmTornado\FineTuning\EventList.cs(15,33): warning CS8618: Non-nullable property 'Events' must contain a non-null value when exiting constructor. Consider adding the 'required' modifier or declaring the property as nullable. [C:\Users\lordo\Documents\GitHub\llmtornado\src\LlmTornado\LlmTornado.csproj::TargetFramework=net10.0]
C:\Users\lordo\Documents\GitHub\llmtornado\src\LlmTornado\FineTuning\FineTuneJobResponse.cs(106,16): warning CS8603: Possible null reference return. [C:\Users\lordo\Documents\GitHub\llmtornado\src\LlmTornado\LlmTornado.csproj::TargetFramework=net10.0]
C:\Users\lordo\Documents\GitHub\llmtornado\src\LlmTornado\FineTuning\FineTuneJobList.cs(11,19): warning CS8618: Non-nullable property 'Object' must contain a non-null value when exiting constructor. Consider adding the 'required' modifier or declaring the property as nullable. [C:\Users\lordo\Documents\GitHub\llmtornado\src\LlmTornado\LlmTornado.csproj::TargetFramework=net10.0]
C:\Users\lordo\Documents\GitHub\llmtornado\src\LlmTornado\FineTuning\FineTuneJobList.cs(14,39): warning CS8618: Non-nullable property 'Jobs' must contain a non-null value when exiting constructor. Consider adding the 'required' modifier or declaring the property as nullable. [C:\Users\lordo\Documents\GitHub\llmtornado\src\LlmTornado\LlmTornado.csproj::TargetFramework=net10.0]
C:\Users\lordo\Documents\GitHub\llmtornado\src\LlmTornado\Files\FileUploadRequest.cs(91,12): warning CS8618: Non-nullable property 'Bytes' must contain a non-null value when exiting constructor. Consider adding the 'required' modifier or declaring the property as nullable. [C:\Users\lordo\Documents\GitHub\llmtornado\src\LlmTornado\LlmTornado.csproj::TargetFramework=net10.0]
C:\Users\lordo\Documents\GitHub\llmtornado\src\LlmTornado\Files\FileUploadRequest.cs(91,12): warning CS8618: Non-nullable property 'Name' must contain a non-null value when exiting constructor. Consider adding the 'required' modifier or declaring the property as nullable. [C:\Users\lordo\Documents\GitHub\llmtornado\src\LlmTornado\LlmTornado.csproj::TargetFramework=net10.0]
C:\Users\lordo\Documents\GitHub\llmtornado\src\LlmTornado\Files\Vendors\Anthropic\VendorAnthropicTornadoFile.cs(20,19): warning CS8618: Non-nullable property 'Id' must contain a non-null value when exiting constructor. Consider adding the 'required' modifier or declaring the property as nullable. [C:\Users\lordo\Documents\GitHub\llmtornado\src\LlmTornado\LlmTornado.csproj::TargetFramework=net10.0]
C:\Users\lordo\Documents\GitHub\llmtornado\src\LlmTornado\Files\Vendors\Anthropic\VendorAnthropicTornadoFile.cs(26,19): warning CS8618: Non-nullable property 'Name' must contain a non-null value when exiting constructor. Consider adding the 'required' modifier or declaring the property as nullable. [C:\Users\lordo\Documents\GitHub\llmtornado\src\LlmTornado\LlmTornado.csproj::TargetFramework=net10.0]
C:\Users\lordo\Documents\GitHub\llmtornado\src\LlmTornado\Files\Vendors\Anthropic\VendorAnthropicTornadoFile.cs(38,19): warning CS8618: Non-nullable property 'CreatedAt' must contain a non-null value when exiting constructor. Consider adding the 'required' modifier or declaring the property as nullable. [C:\Users\lordo\Documents\GitHub\llmtornado\src\LlmTornado\LlmTornado.csproj::TargetFramework=net10.0]
C:\Users\lordo\Documents\GitHub\llmtornado\src\LlmTornado\Files\TornadoPagingList.cs(13,20): warning CS8618: Non-nullable property 'Items' must contain a non-null value when exiting constructor. Consider adding the 'required' modifier or declaring the property as nullable. [C:\Users\lordo\Documents\GitHub\llmtornado\src\LlmTornado\LlmTornado.csproj::TargetFramework=net10.0]
C:\Users\lordo\Documents\GitHub\llmtornado\src\LlmTornado\Files\TornadoFile.cs(23,19): warning CS8618: Non-nullable property 'Id' must contain a non-null value when exiting constructor. Consider adding the 'required' modifier or declaring the property as nullable. [C:\Users\lordo\Documents\GitHub\llmtornado\src\LlmTornado\LlmTornado.csproj::TargetFramework=net10.0]
C:\Users\lordo\Documents\GitHub\llmtornado\src\LlmTornado\Vendor\Cohere\CohereEndpointProvider.cs(229,22): warning CS8604: Possible null reference argument for parameter 'item' in 'void List<string>.Add(string item)'. [C:\Users\lordo\Documents\GitHub\llmtornado\src\LlmTornado\LlmTornado.csproj::TargetFramework=net10.0]
C:\Users\lordo\Documents\GitHub\llmtornado\src\LlmTornado\Infra\ToolFactory.cs(28,9): warning CS0618: 'ChatModelGoogleGemini.Gemini2Flash001' is obsolete: 'Shut down June 1, 2026. Use ModelGemini25Flash or ModelGemini35Flash instead.' [C:\Users\lordo\Documents\GitHub\llmtornado\src\LlmTornado\LlmTornado.csproj::TargetFramework=net10.0]
C:\Users\lordo\Documents\GitHub\llmtornado\src\LlmTornado\Infra\ToolFactory.cs(28,50): warning CS0618: 'ChatModelGoogleGemini.Gemini15Pro' is obsolete: 'Use ModelGemini25Pro instead.' [C:\Users\lordo\Documents\GitHub\llmtornado\src\LlmTornado\LlmTornado.csproj::TargetFramework=net10.0]
C:\Users\lordo\Documents\GitHub\llmtornado\src\LlmTornado\Infra\ToolFactory.cs(28,87): warning CS0618: 'ChatModelGoogleGemini.Gemini15Pro002' is obsolete: 'Use ModelGemini25Pro instead.' [C:\Users\lordo\Documents\GitHub\llmtornado\src\LlmTornado\LlmTornado.csproj::TargetFramework=net10.0]
C:\Users\lordo\Documents\GitHub\llmtornado\src\LlmTornado\Infra\ToolFactory.cs(28,127): warning CS0618: 'ChatModelGoogleGemini.Gemini15Pro001' is obsolete: 'Use ModelGemini25Pro instead.' [C:\Users\lordo\Documents\GitHub\llmtornado\src\LlmTornado\LlmTornado.csproj::TargetFramework=net10.0]
C:\Users\lordo\Documents\GitHub\llmtornado\src\LlmTornado\Infra\ToolFactory.cs(28,167): warning CS0618: 'ChatModelGoogleGemini.Gemini15ProLatest' is obsolete: 'Use ModelGemini25Pro instead.' [C:\Users\lordo\Documents\GitHub\llmtornado\src\LlmTornado\LlmTornado.csproj::TargetFramework=net10.0]
C:\Users\lordo\Documents\GitHub\llmtornado\src\LlmTornado\Infra\ToolFactory.cs(29,9): warning CS0618: 'ChatModelGoogleGemini.Gemini2FlashLatest' is obsolete: 'Shut down June 1, 2026. Use ModelGemini25Flash or ModelGemini35Flash instead.' [C:\Users\lordo\Documents\GitHub\llmtornado\src\LlmTornado\LlmTornado.csproj::TargetFramework=net10.0]
C:\Users\lordo\Documents\GitHub\llmtornado\src\LlmTornado\Vendor\Cohere\CohereEndpointProvider.cs(203,23): warning CS8618: Non-nullable property 'EventType' must contain a non-null value when exiting constructor. Consider adding the 'required' modifier or declaring the property as nullable. [C:\Users\lordo\Documents\GitHub\llmtornado\src\LlmTornado\LlmTornado.csproj::TargetFramework=net10.0]
C:\Users\lordo\Documents\GitHub\llmtornado\src\LlmTornado\Vendor\Cohere\CohereEndpointProvider.cs(195,50): warning CS8618: Non-nullable property 'ToolCalls' must contain a non-null value when exiting constructor. Consider adding the 'required' modifier or declaring the property as nullable. [C:\Users\lordo\Documents\GitHub\llmtornado\src\LlmTornado\LlmTornado.csproj::TargetFramework=net10.0]
C:\Users\lordo\Documents\GitHub\llmtornado\src\LlmTornado\Vendor\Cohere\CohereEndpointProvider.cs(189,47): warning CS8618: Non-nullable property 'Citations' must contain a non-null value when exiting constructor. Consider adding the 'required' modifier or declaring the property as nullable. [C:\Users\lordo\Documents\GitHub\llmtornado\src\LlmTornado\LlmTornado.csproj::TargetFramework=net10.0]
C:\Users\lordo\Documents\GitHub\llmtornado\src\LlmTornado\Vendor\Cohere\CohereEndpointProvider.cs(183,51): warning CS8618: Non-nullable property 'SearchResults' must contain a non-null value when exiting constructor. Consider adding the 'required' modifier or declaring the property as nullable. [C:\Users\lordo\Documents\GitHub\llmtornado\src\LlmTornado\LlmTornado.csproj::TargetFramework=net10.0]
C:\Users\lordo\Documents\GitHub\llmtornado\src\LlmTornado\Vendor\Cohere\CohereEndpointProvider.cs(177,50): warning CS8618: Non-nullable property 'SearchQueries' must contain a non-null value when exiting constructor. Consider adding the 'required' modifier or declaring the property as nullable. [C:\Users\lordo\Documents\GitHub\llmtornado\src\LlmTornado\LlmTornado.csproj::TargetFramework=net10.0]
C:\Users\lordo\Documents\GitHub\llmtornado\src\LlmTornado\Vendor\Cohere\CohereEndpointProvider.cs(171,23): warning CS8618: Non-nullable property 'GenerationId' must contain a non-null value when exiting constructor. Consider adding the 'required' modifier or declaring the property as nullable. [C:\Users\lordo\Documents\GitHub\llmtornado\src\LlmTornado\LlmTornado.csproj::TargetFramework=net10.0]
C:\Users\lordo\Documents\GitHub\llmtornado\src\LlmTornado\FineTuning\FineTuneJob.cs(79,16): warning CS8603: Possible null reference return. [C:\Users\lordo\Documents\GitHub\llmtornado\src\LlmTornado\LlmTornado.csproj::TargetFramework=net10.0]
C:\Users\lordo\Documents\GitHub\llmtornado\src\LlmTornado\Vendor\Cohere\CohereEndpointProvider.cs(165,23): warning CS8618: Non-nullable property 'Text' must contain a non-null value when exiting constructor. Consider adding the 'required' modifier or declaring the property as nullable. [C:\Users\lordo\Documents\GitHub\llmtornado\src\LlmTornado\LlmTornado.csproj::TargetFramework=net10.0]
C:\Users\lordo\Documents\GitHub\llmtornado\src\LlmTornado\Vendor\Cohere\CohereEndpointProvider.cs(110,42): warning CS8618: Non-nullable property 'Message' must contain a non-null value when exiting constructor. Consider adding the 'required' modifier or declaring the property as nullable. [C:\Users\lordo\Documents\GitHub\llmtornado\src\LlmTornado\LlmTornado.csproj::TargetFramework=net10.0]
C:\Users\lordo\Documents\GitHub\llmtornado\src\LlmTornado\FineTuning\FineTuneJob.cs(12,19): warning CS8618: Non-nullable property 'Object' must contain a non-null value when exiting constructor. Consider adding the 'required' modifier or declaring the property as nullable. [C:\Users\lordo\Documents\GitHub\llmtornado\src\LlmTornado\LlmTornado.csproj::TargetFramework=net10.0]
C:\Users\lordo\Documents\GitHub\llmtornado\src\LlmTornado\FineTuning\FineTuneJob.cs(15,19): warning CS8618: Non-nullable property 'Id' must contain a non-null value when exiting constructor. Consider adding the 'required' modifier or declaring the property as nullable. [C:\Users\lordo\Documents\GitHub\llmtornado\src\LlmTornado\LlmTornado.csproj::TargetFramework=net10.0]
C:\Users\lordo\Documents\GitHub\llmtornado\src\LlmTornado\FineTuning\FineTuneJob.cs(18,19): warning CS8618: Non-nullable property 'Model' must contain a non-null value when exiting constructor. Consider adding the 'required' modifier or declaring the property as nullable. [C:\Users\lordo\Documents\GitHub\llmtornado\src\LlmTornado\LlmTornado.csproj::TargetFramework=net10.0]
C:\Users\lordo\Documents\GitHub\llmtornado\src\LlmTornado\FineTuning\FineTuneJob.cs(47,19): warning CS8618: Non-nullable property 'FineTunedModel' must contain a non-null value when exiting constructor. Consider adding the 'required' modifier or declaring the property as nullable. [C:\Users\lordo\Documents\GitHub\llmtornado\src\LlmTornado\LlmTornado.csproj::TargetFramework=net10.0]
C:\Users\lordo\Documents\GitHub\llmtornado\src\LlmTornado\FineTuning\FineTuneJob.cs(50,19): warning CS8618: Non-nullable property 'OrganizationId' must contain a non-null value when exiting constructor. Consider adding the 'required' modifier or declaring the property as nullable. [C:\Users\lordo\Documents\GitHub\llmtornado\src\LlmTornado\LlmTornado.csproj::TargetFramework=net10.0]
C:\Users\lordo\Documents\GitHub\llmtornado\src\LlmTornado\FineTuning\FineTuneJob.cs(53,34): warning CS8618: Non-nullable property 'ResultFiles' must contain a non-null value when exiting constructor. Consider adding the 'required' modifier or declaring the property as nullable. [C:\Users\lordo\Documents\GitHub\llmtornado\src\LlmTornado\LlmTornado.csproj::TargetFramework=net10.0]
C:\Users\lordo\Documents\GitHub\llmtornado\src\LlmTornado\FineTuning\FineTuneJob.cs(58,19): warning CS8618: Non-nullable property 'ValidationFile' must contain a non-null value when exiting constructor. Consider adding the 'required' modifier or declaring the property as nullable. [C:\Users\lordo\Documents\GitHub\llmtornado\src\LlmTornado\LlmTornado.csproj::TargetFramework=net10.0]
C:\Users\lordo\Documents\GitHub\llmtornado\src\LlmTornado\FineTuning\FineTuneJob.cs(61,19): warning CS8618: Non-nullable property 'TrainingFile' must contain a non-null value when exiting constructor. Consider adding the 'required' modifier or declaring the property as nullable. [C:\Users\lordo\Documents\GitHub\llmtornado\src\LlmTornado\LlmTornado.csproj::TargetFramework=net10.0]
C:\Users\lordo\Documents\GitHub\llmtornado\src\LlmTornado\FineTuning\FineTuneJob.cs(64,24): warning CS8618: Non-nullable property 'HyperParameters' must contain a non-null value when exiting constructor. Consider adding the 'required' modifier or declaring the property as nullable. [C:\Users\lordo\Documents\GitHub\llmtornado\src\LlmTornado\LlmTornado.csproj::TargetFramework=net10.0]
C:\Users\lordo\Documents\GitHub\llmtornado\src\LlmTornado\Vendor\Cohere\CohereEndpointProvider.cs(98,46): warning CS8618: Non-nullable property 'Delta' must contain a non-null value when exiting constructor. Consider adding the 'required' modifier or declaring the property as nullable. [C:\Users\lordo\Documents\GitHub\llmtornado\src\LlmTornado\LlmTornado.csproj::TargetFramework=net10.0]
C:\Users\lordo\Documents\GitHub\llmtornado\src\LlmTornado\Vendor\Cohere\CohereEndpointProvider.cs(90,27): warning CS8618: Non-nullable property 'Type' must contain a non-null value when exiting constructor. Consider adding the 'required' modifier or declaring the property as nullable. [C:\Users\lordo\Documents\GitHub\llmtornado\src\LlmTornado\LlmTornado.csproj::TargetFramework=net10.0]
C:\Users\lordo\Documents\GitHub\llmtornado\src\LlmTornado\Vendor\Cohere\CohereEndpointProvider.cs(92,27): warning CS8618: Non-nullable property 'Text' must contain a non-null value when exiting constructor. Consider adding the 'required' modifier or declaring the property as nullable. [C:\Users\lordo\Documents\GitHub\llmtornado\src\LlmTornado\LlmTornado.csproj::TargetFramework=net10.0]
C:\Users\lordo\Documents\GitHub\llmtornado\src\LlmTornado\Vendor\Cohere\CohereEndpointProvider.cs(82,46): warning CS8618: Non-nullable property 'ContentBlock' must contain a non-null value when exiting constructor. Consider adding the 'required' modifier or declaring the property as nullable. [C:\Users\lordo\Documents\GitHub\llmtornado\src\LlmTornado\LlmTornado.csproj::TargetFramework=net10.0]
C:\Users\lordo\Documents\GitHub\llmtornado\src\LlmTornado\Vendor\Cohere\CohereEndpointProvider.cs(74,27): warning CS8618: Non-nullable property 'Type' must contain a non-null value when exiting constructor. Consider adding the 'required' modifier or declaring the property as nullable. [C:\Users\lordo\Documents\GitHub\llmtornado\src\LlmTornado\LlmTornado.csproj::TargetFramework=net10.0]
C:\Users\lordo\Documents\GitHub\llmtornado\src\LlmTornado\Vendor\Cohere\CohereEndpointProvider.cs(76,27): warning CS8618: Non-nullable property 'Text' must contain a non-null value when exiting constructor. Consider adding the 'required' modifier or declaring the property as nullable. [C:\Users\lordo\Documents\GitHub\llmtornado\src\LlmTornado\LlmTornado.csproj::TargetFramework=net10.0]
C:\Users\lordo\Documents\GitHub\llmtornado\src\LlmTornado\Infra\ToolFactory.cs(67,48): warning CS8604: Possible null reference argument for parameter 'description' in 'ToolFunction.ToolFunction(string name, string description, object parameters)'. [C:\Users\lordo\Documents\GitHub\llmtornado\src\LlmTornado\LlmTornado.csproj::TargetFramework=net10.0]
C:\Users\lordo\Documents\GitHub\llmtornado\src\LlmTornado\Chat\Vendors\Mistral\VendorMistralChatRequest.cs(113,23): warning CS8618: Non-nullable property 'Content' must contain a non-null value when exiting constructor. Consider adding the 'required' modifier or declaring the property as nullable. [C:\Users\lordo\Documents\GitHub\llmtornado\src\LlmTornado\LlmTornado.csproj::TargetFramework=net10.0]
C:\Users\lordo\Documents\GitHub\llmtornado\src\LlmTornado\Chat\Vendors\Mistral\VendorMistralChatRequest.cs(95,23): warning CS8618: Non-nullable property 'Name' must contain a non-null value when exiting constructor. Consider adding the 'required' modifier or declaring the property as nullable. [C:\Users\lordo\Documents\GitHub\llmtornado\src\LlmTornado\LlmTornado.csproj::TargetFramework=net10.0]
C:\Users\lordo\Documents\GitHub\llmtornado\src\LlmTornado\Moderation\ModerationResult.cs(71,35): warning CS8603: Possible null reference return. [C:\Users\lordo\Documents\GitHub\llmtornado\src\LlmTornado\LlmTornado.csproj::TargetFramework=net10.0]
C:\Users\lordo\Documents\GitHub\llmtornado\src\LlmTornado\Moderation\ModerationResult.cs(46,38): warning CS8618: Non-nullable property 'Categories' must contain a non-null value when exiting constructor. Consider adding the 'required' modifier or declaring the property as nullable. [C:\Users\lordo\Documents\GitHub\llmtornado\src\LlmTornado\LlmTornado.csproj::TargetFramework=net10.0]
C:\Users\lordo\Documents\GitHub\llmtornado\src\LlmTornado\Moderation\ModerationResult.cs(52,40): warning CS8618: Non-nullable property 'CategoryScores' must contain a non-null value when exiting constructor. Consider adding the 'required' modifier or declaring the property as nullable. [C:\Users\lordo\Documents\GitHub\llmtornado\src\LlmTornado\LlmTornado.csproj::TargetFramework=net10.0]
C:\Users\lordo\Documents\GitHub\llmtornado\src\LlmTornado\Moderation\ModerationResult.cs(32,16): warning CS8603: Possible null reference return. [C:\Users\lordo\Documents\GitHub\llmtornado\src\LlmTornado\LlmTornado.csproj::TargetFramework=net10.0]
C:\Users\lordo\Documents\GitHub\llmtornado\src\LlmTornado\Moderation\ModerationResult.cs(16,25): warning CS8618: Non-nullable property 'Results' must contain a non-null value when exiting constructor. Consider adding the 'required' modifier or declaring the property as nullable. [C:\Users\lordo\Documents\GitHub\llmtornado\src\LlmTornado\LlmTornado.csproj::TargetFramework=net10.0]
C:\Users\lordo\Documents\GitHub\llmtornado\src\LlmTornado\Moderation\ModerationResult.cs(23,19): warning CS8618: Non-nullable property 'Id' must contain a non-null value when exiting constructor. Consider adding the 'required' modifier or declaring the property as nullable. [C:\Users\lordo\Documents\GitHub\llmtornado\src\LlmTornado\LlmTornado.csproj::TargetFramework=net10.0]
C:\Users\lordo\Documents\GitHub\llmtornado\src\LlmTornado\Moderation\ModerationRequest.cs(15,9): warning CS8618: Non-nullable property 'Model' must contain a non-null value when exiting constructor. Consider adding the 'required' modifier or declaring the property as nullable. [C:\Users\lordo\Documents\GitHub\llmtornado\src\LlmTornado\LlmTornado.csproj::TargetFramework=net10.0]
C:\Users\lordo\Documents\GitHub\llmtornado\src\LlmTornado\Moderation\ModerationRequest.cs(15,9): warning CS8618: Non-nullable property 'Inputs' must contain a non-null value when exiting constructor. Consider adding the 'required' modifier or declaring the property as nullable. [C:\Users\lordo\Documents\GitHub\llmtornado\src\LlmTornado\LlmTornado.csproj::TargetFramework=net10.0]
C:\Users\lordo\Documents\GitHub\llmtornado\src\LlmTornado\Moderation\ModerationRequest.cs(27,9): warning CS8618: Non-nullable property 'Inputs' must contain a non-null value when exiting constructor. Consider adding the 'required' modifier or declaring the property as nullable. [C:\Users\lordo\Documents\GitHub\llmtornado\src\LlmTornado\LlmTornado.csproj::TargetFramework=net10.0]
C:\Users\lordo\Documents\GitHub\llmtornado\src\LlmTornado\Moderation\ModerationRequest.cs(78,24): warning CS8603: Possible null reference return. [C:\Users\lordo\Documents\GitHub\llmtornado\src\LlmTornado\LlmTornado.csproj::TargetFramework=net10.0]
C:\Users\lordo\Documents\GitHub\llmtornado\src\LlmTornado\Moderation\ModerationRequest.cs(79,20): warning CS8603: Possible null reference return. [C:\Users\lordo\Documents\GitHub\llmtornado\src\LlmTornado\LlmTornado.csproj::TargetFramework=net10.0]
C:\Users\lordo\Documents\GitHub\llmtornado\src\LlmTornado\ManagedAgents\Anthropic\AnthropicManagedAgentSessionsEndpoint.cs(130,70): warning CS8604: Possible null reference argument for parameter 'reader' in 'IAsyncEnumerable<ServerSentEvent> IEndpointProvider.InboundStream(StreamReader reader)'. [C:\Users\lordo\Documents\GitHub\llmtornado\src\LlmTornado\LlmTornado.csproj::TargetFramework=net10.0]
C:\Users\lordo\Documents\GitHub\llmtornado\src\LlmTornado\Live\Vendors\Google\VendorGoogleLiveMapper.cs(67,24): error CS0246: The type or namespace name 'VendorGoogleChatTool' could not be found (are you missing a using directive or an assembly reference?) [C:\Users\lordo\Documents\GitHub\llmtornado\src\LlmTornado\LlmTornado.csproj::TargetFramework=net10.0]
C:\Users\lordo\Documents\GitHub\llmtornado\src\LlmTornado\Live\Vendors\Google\VendorGoogleLiveMapper.cs(67,48): error CS0246: The type or namespace name 'VendorGoogleChatToolConfig' could not be found (are you missing a using directive or an assembly reference?) [C:\Users\lordo\Documents\GitHub\llmtornado\src\LlmTornado\LlmTornado.csproj::TargetFramework=net10.0]
C:\Users\lordo\Documents\GitHub\llmtornado\src\LlmTornado\Vendor\Anthropic\AnthropicEndpointProvider.cs(362,45): error CS0426: The type name 'RateLimits' does not exist in the type 'CapabilityEndpoints' [C:\Users\lordo\Documents\GitHub\llmtornado\src\LlmTornado\LlmTornado.csproj::TargetFramework=net10.0]
C:\Users\lordo\Documents\GitHub\llmtornado\src\LlmTornado\Embedding\Vendors\Cohere\VendorCohereEmbeddingResult.cs(22,19): warning CS8618: Non-nullable property 'Id' must contain a non-null value when exiting constructor. Consider adding the 'required' modifier or declaring the property as nullable. [C:\Users\lordo\Documents\GitHub\llmtornado\src\LlmTornado\LlmTornado.csproj::TargetFramework=net10.0]
C:\Users\lordo\Documents\GitHub\llmtornado\src\LlmTornado\Embedding\Vendors\Cohere\VendorCohereEmbeddingResult.cs(24,25): warning CS8618: Non-nullable property 'Texts' must contain a non-null value when exiting constructor. Consider adding the 'required' modifier or declaring the property as nullable. [C:\Users\lordo\Documents\GitHub\llmtornado\src\LlmTornado\LlmTornado.csproj::TargetFramework=net10.0]
C:\Users\lordo\Documents\GitHub\llmtornado\src\LlmTornado\Embedding\Vendors\Cohere\VendorCohereEmbeddingResult.cs(28,30): warning CS8618: Non-nullable property 'Meta' must contain a non-null value when exiting constructor. Consider adding the 'required' modifier or declaring the property as nullable. [C:\Users\lordo\Documents\GitHub\llmtornado\src\LlmTornado\LlmTornado.csproj::TargetFramework=net10.0]
C:\Users\lordo\Documents\GitHub\llmtornado\src\LlmTornado\Embedding\MultimodalEmbeddingResult.cs(45,19): warning CS8618: Non-nullable property 'Object' must contain a non-null value when exiting constructor. Consider adding the 'required' modifier or declaring the property as nullable. [C:\Users\lordo\Documents\GitHub\llmtornado\src\LlmTornado\LlmTornado.csproj::TargetFramework=net10.0]
C:\Users\lordo\Documents\GitHub\llmtornado\src\LlmTornado\Embedding\MultimodalEmbeddingResult.cs(52,37): warning CS8618: Non-nullable property 'Embedding' must contain a non-null value when exiting constructor. Consider adding the 'required' modifier or declaring the property as nullable. [C:\Users\lordo\Documents\GitHub\llmtornado\src\LlmTornado\LlmTornado.csproj::TargetFramework=net10.0]
C:\Users\lordo\Documents\GitHub\llmtornado\src\LlmTornado\Embedding\MultimodalEmbeddingResult.cs(15,19): warning CS8618: Non-nullable property 'Object' must contain a non-null value when exiting constructor. Consider adding the 'required' modifier or declaring the property as nullable. [C:\Users\lordo\Documents\GitHub\llmtornado\src\LlmTornado\LlmTornado.csproj::TargetFramework=net10.0]
C:\Users\lordo\Documents\GitHub\llmtornado\src\LlmTornado\Embedding\MultimodalEmbeddingResult.cs(21,38): warning CS8618: Non-nullable property 'Data' must contain a non-null value when exiting constructor. Consider adding the 'required' modifier or declaring the property as nullable. [C:\Users\lordo\Documents\GitHub\llmtornado\src\LlmTornado\LlmTornado.csproj::TargetFramework=net10.0]
C:\Users\lordo\Documents\GitHub\llmtornado\src\LlmTornado\Embedding\MultimodalEmbeddingResult.cs(27,19): warning CS8618: Non-nullable property 'Model' must contain a non-null value when exiting constructor. Consider adding the 'required' modifier or declaring the property as nullable. [C:\Users\lordo\Documents\GitHub\llmtornado\src\LlmTornado\LlmTornado.csproj::TargetFramework=net10.0]
C:\Users\lordo\Documents\GitHub\llmtornado\src\LlmTornado\Embedding\MultimodalEmbeddingResult.cs(33,28): warning CS8618: Non-nullable property 'Usage' must contain a non-null value when exiting constructor. Consider adding the 'required' modifier or declaring the property as nullable. [C:\Users\lordo\Documents\GitHub\llmtornado\src\LlmTornado\LlmTornado.csproj::TargetFramework=net10.0]
C:\Users\lordo\Documents\GitHub\llmtornado\src\LlmTornado\Code\Extensions.cs(99,20): warning CS8714: The type 'TKey' cannot be used as type parameter 'TKey' in the generic type or method 'Dictionary<TKey, TValue>'. Nullability of type argument 'TKey' doesn't match 'notnull' constraint. [C:\Users\lordo\Documents\GitHub\llmtornado\src\LlmTornado\LlmTornado.csproj::TargetFramework=net10.0]
C:\Users\lordo\Documents\GitHub\llmtornado\src\LlmTornado\Code\Extensions.cs(99,58): warning CS8714: The type 'TKey' cannot be used as type parameter 'TKey' in the generic type or method 'Dictionary<TKey, TValue>'. Nullability of type argument 'TKey' doesn't match 'notnull' constraint. [C:\Users\lordo\Documents\GitHub\llmtornado\src\LlmTornado\LlmTornado.csproj::TargetFramework=net10.0]
C:\Users\lordo\Documents\GitHub\llmtornado\src\LlmTornado\Code\Extensions.cs(112,33): warning CS8714: The type 'TKey' cannot be used as type parameter 'TKey' in the generic type or method 'Dictionary<TKey, TValue>'. Nullability of type argument 'TKey' doesn't match 'notnull' constraint. [C:\Users\lordo\Documents\GitHub\llmtornado\src\LlmTornado\LlmTornado.csproj::TargetFramework=net10.0]
C:\Users\lordo\Documents\GitHub\llmtornado\src\LlmTornado\Code\Extensions.cs(118,33): warning CS8714: The type 'TKey' cannot be used as type parameter 'TKey' in the generic type or method 'Dictionary<TKey, TValue>'. Nullability of type argument 'TKey' doesn't match 'notnull' constraint. [C:\Users\lordo\Documents\GitHub\llmtornado\src\LlmTornado\LlmTornado.csproj::TargetFramework=net10.0]
C:\Users\lordo\Documents\GitHub\llmtornado\src\LlmTornado\Code\Extensions.cs(108,28): warning CS8600: Converting null literal or possible null value to non-nullable type. [C:\Users\lordo\Documents\GitHub\llmtornado\src\LlmTornado\LlmTornado.csproj::TargetFramework=net10.0]
C:\Users\lordo\Documents\GitHub\llmtornado\src\LlmTornado\Ocr\OcrRequest.cs(17,12): warning CS8618: Non-nullable property 'Model' must contain a non-null value when exiting constructor. Consider adding the 'required' modifier or declaring the property as nullable. [C:\Users\lordo\Documents\GitHub\llmtornado\src\LlmTornado\LlmTornado.csproj::TargetFramework=net10.0]
C:\Users\lordo\Documents\GitHub\llmtornado\src\LlmTornado\Ocr\OcrRequest.cs(17,12): warning CS8618: Non-nullable property 'Document' must contain a non-null value when exiting constructor. Consider adding the 'required' modifier or declaring the property as nullable. [C:\Users\lordo\Documents\GitHub\llmtornado\src\LlmTornado\LlmTornado.csproj::TargetFramework=net10.0]
C:\Users\lordo\Documents\GitHub\llmtornado\src\LlmTornado\Images\Vendors\Google\VendorGoogleImageResult.cs(19,23): warning CS8618: Non-nullable property 'BytesBase64Encoded' must contain a non-null value when exiting constructor. Consider adding the 'required' modifier or declaring the property as nullable. [C:\Users\lordo\Documents\GitHub\llmtornado\src\LlmTornado\LlmTornado.csproj::TargetFramework=net10.0]
C:\Users\lordo\Documents\GitHub\llmtornado\src\LlmTornado\Images\Vendors\Google\VendorGoogleImageResult.cs(22,23): warning CS8618: Non-nullable property 'MimeType' must contain a non-null value when exiting constructor. Consider adding the 'required' modifier or declaring the property as nullable. [C:\Users\lordo\Documents\GitHub\llmtornado\src\LlmTornado\LlmTornado.csproj::TargetFramework=net10.0]
C:\Users\lordo\Documents\GitHub\llmtornado\src\LlmTornado\Ocr\OcrRequest.cs(36,12): warning CS8618: Non-nullable property 'Model' must contain a non-null value when exiting constructor. Consider adding the 'required' modifier or declaring the property as nullable. [C:\Users\lordo\Documents\GitHub\llmtornado\src\LlmTornado\LlmTornado.csproj::TargetFramework=net10.0]
C:\Users\lordo\Documents\GitHub\llmtornado\src\LlmTornado\Ocr\OcrRequest.cs(36,12): warning CS8618: Non-nullable property 'Document' must contain a non-null value when exiting constructor. Consider adding the 'required' modifier or declaring the property as nullable. [C:\Users\lordo\Documents\GitHub\llmtornado\src\LlmTornado\LlmTornado.csproj::TargetFramework=net10.0]
C:\Users\lordo\Documents\GitHub\llmtornado\src\LlmTornado\Ocr\OcrDocumentInput.cs(134,12): warning CS8618: Non-nullable property 'Url' must contain a non-null value when exiting constructor. Consider adding the 'required' modifier or declaring the property as nullable. [C:\Users\lordo\Documents\GitHub\llmtornado\src\LlmTornado\LlmTornado.csproj::TargetFramework=net10.0]
C:\Users\lordo\Documents\GitHub\llmtornado\src\LlmTornado\Images\Vendors\Google\VendorGoogleImageRequest.cs(124,26): warning CS8601: Possible null reference assignment. [C:\Users\lordo\Documents\GitHub\llmtornado\src\LlmTornado\LlmTornado.csproj::TargetFramework=net10.0]
C:\Users\lordo\Documents\GitHub\llmtornado\src\LlmTornado\Interactions\InteractionsEndpoint.cs(111,70): warning CS8604: Possible null reference argument for parameter 'reader' in 'IAsyncEnumerable<ServerSentEvent> IEndpointProvider.InboundStream(StreamReader reader)'. [C:\Users\lordo\Documents\GitHub\llmtornado\src\LlmTornado\LlmTornado.csproj::TargetFramework=net10.0]
C:\Users\lordo\Documents\GitHub\llmtornado\src\LlmTornado\Images\Vendors\Google\VendorGoogleImageRequest.cs(24,23): warning CS8618: Non-nullable property 'Prompt' must contain a non-null value when exiting constructor. Consider adding the 'required' modifier or declaring the property as nullable. [C:\Users\lordo\Documents\GitHub\llmtornado\src\LlmTornado\LlmTornado.csproj::TargetFramework=net10.0]
C:\Users\lordo\Documents\GitHub\llmtornado\src\LlmTornado\RateLimits\RateLimitsEndpoint.cs(19,76): error CS0117: 'CapabilityEndpoints' does not contain a definition for 'RateLimits' [C:\Users\lordo\Documents\GitHub\llmtornado\src\LlmTornado\LlmTornado.csproj::TargetFramework=net10.0]
C:\Users\lordo\Documents\GitHub\llmtornado\src\LlmTornado\Files\FilesEndpoint.cs(508,34): warning CS8618: Non-nullable property 'Data' must contain a non-null value when exiting constructor. Consider adding the 'required' modifier or declaring the property as nullable. [C:\Users\lordo\Documents\GitHub\llmtornado\src\LlmTornado\LlmTornado.csproj::TargetFramework=net10.0]
C:\Users\lordo\Documents\GitHub\llmtornado\src\LlmTornado\Files\FilesEndpoint.cs(511,23): warning CS8618: Non-nullable property 'Obj' must contain a non-null value when exiting constructor. Consider adding the 'required' modifier or declaring the property as nullable. [C:\Users\lordo\Documents\GitHub\llmtornado\src\LlmTornado\LlmTornado.csproj::TargetFramework=net10.0]
C:\Users\lordo\Documents\GitHub\llmtornado\src\LlmTornado\Chat\Vendors\Mistral\MistralChatMessageConverter.cs(180,24): warning CS8601: Possible null reference assignment. [C:\Users\lordo\Documents\GitHub\llmtornado\src\LlmTornado\LlmTornado.csproj::TargetFramework=net10.0]
C:\Users\lordo\Documents\GitHub\llmtornado\src\LlmTornado\Chat\Vendors\Mistral\MistralChatMessageConverter.cs(184,32): warning CS8601: Possible null reference assignment. [C:\Users\lordo\Documents\GitHub\llmtornado\src\LlmTornado\LlmTornado.csproj::TargetFramework=net10.0]
C:\Users\lordo\Documents\GitHub\llmtornado\src\LlmTornado\Images\Models\OpenAi\ImageModelOpenAi.cs(61,11): warning CS0618: 'ImageModelOpenAiDalle' is obsolete: 'DALL·E models were removed from the OpenAI API on May 12, 2026. Use ImageModelOpenAiGpt instead.' [C:\Users\lordo\Documents\GitHub\llmtornado\src\LlmTornado\LlmTornado.csproj::TargetFramework=net10.0]
C:\Users\lordo\Documents\GitHub\llmtornado\src\LlmTornado\Embedding\EmbeddingRequest.cs(28,9): warning CS8618: Non-nullable property 'Model' must contain a non-null value when exiting constructor. Consider adding the 'required' modifier or declaring the property as nullable. [C:\Users\lordo\Documents\GitHub\llmtornado\src\LlmTornado\LlmTornado.csproj::TargetFramework=net10.0]
C:\Users\lordo\Documents\GitHub\llmtornado\src\LlmTornado\Embedding\EmbeddingRequest.cs(28,9): warning CS8618: Non-nullable property 'InputSerialized' must contain a non-null value when exiting constructor. Consider adding the 'required' modifier or declaring the property as nullable. [C:\Users\lordo\Documents\GitHub\llmtornado\src\LlmTornado\LlmTornado.csproj::TargetFramework=net10.0]
C:\Users\lordo\Documents\GitHub\llmtornado\src\LlmTornado\Embedding\EmbeddingRequest.cs(45,9): warning CS8618: Non-nullable property 'InputSerialized' must contain a non-null value when exiting constructor. Consider adding the 'required' modifier or declaring the property as nullable. [C:\Users\lordo\Documents\GitHub\llmtornado\src\LlmTornado\LlmTornado.csproj::TargetFramework=net10.0]
C:\Users\lordo\Documents\GitHub\llmtornado\src\LlmTornado\Rerank\RerankResult.cs(16,19): warning CS8618: Non-nullable property 'Object' must contain a non-null value when exiting constructor. Consider adding the 'required' modifier or declaring the property as nullable. [C:\Users\lordo\Documents\GitHub\llmtornado\src\LlmTornado\LlmTornado.csproj::TargetFramework=net10.0]
C:\Users\lordo\Documents\GitHub\llmtornado\src\LlmTornado\Rerank\RerankResult.cs(22,29): warning CS8618: Non-nullable property 'Data' must contain a non-null value when exiting constructor. Consider adding the 'required' modifier or declaring the property as nullable. [C:\Users\lordo\Documents\GitHub\llmtornado\src\LlmTornado\LlmTornado.csproj::TargetFramework=net10.0]
C:\Users\lordo\Documents\GitHub\llmtornado\src\LlmTornado\Rerank\RerankResult.cs(28,19): warning CS8618: Non-nullable property 'Model' must contain a non-null value when exiting constructor. Consider adding the 'required' modifier or declaring the property as nullable. [C:\Users\lordo\Documents\GitHub\llmtornado\src\LlmTornado\LlmTornado.csproj::TargetFramework=net10.0]
C:\Users\lordo\Documents\GitHub\llmtornado\src\LlmTornado\Rerank\RerankResult.cs(34,18): warning CS8618: Non-nullable property 'Usage' must contain a non-null value when exiting constructor. Consider adding the 'required' modifier or declaring the property as nullable. [C:\Users\lordo\Documents\GitHub\llmtornado\src\LlmTornado\LlmTornado.csproj::TargetFramework=net10.0]
C:\Users\lordo\Documents\GitHub\llmtornado\src\LlmTornado\Images\ImageSize.cs(339,34): warning CS8604: Possible null reference argument for parameter 'value' in 'ImageSize.ImageSize(string value)'. [C:\Users\lordo\Documents\GitHub\llmtornado\src\LlmTornado\LlmTornado.csproj::TargetFramework=net10.0]
C:\Users\lordo\Documents\GitHub\llmtornado\src\LlmTornado\Infra\ToolDefinition.cs(348,30): warning CS8618: Non-nullable property 'Provider' must contain a non-null value when exiting constructor. Consider adding the 'required' modifier or declaring the property as nullable. [C:\Users\lordo\Documents\GitHub\llmtornado\src\LlmTornado\LlmTornado.csproj::TargetFramework=net10.0]
C:\Users\lordo\Documents\GitHub\llmtornado\src\LlmTornado\Chat\ChatMessagePart.cs(524,19): warning CS8618: Non-nullable property 'Code' must contain a non-null value when exiting constructor. Consider adding the 'required' modifier or declaring the property as nullable. [C:\Users\lordo\Documents\GitHub\llmtornado\src\LlmTornado\LlmTornado.csproj::TargetFramework=net10.0]
C:\Users\lordo\Documents\GitHub\llmtornado\src\LlmTornado\Infra\ToolDefinition.cs(36,14): warning CS8618: Non-nullable property 'Name' must contain a non-null value when exiting constructor. Consider adding the 'required' modifier or declaring the property as nullable. [C:\Users\lordo\Documents\GitHub\llmtornado\src\LlmTornado\LlmTornado.csproj::TargetFramework=net10.0]
C:\Users\lordo\Documents\GitHub\llmtornado\src\LlmTornado\Images\ImageGenerationRequest.cs(197,43): error CS0176: Member 'ImageModelOpenAiGpt.Default' cannot be accessed with an instance reference; qualify it with a type name instead [C:\Users\lordo\Documents\GitHub\llmtornado\src\LlmTornado\LlmTornado.csproj::TargetFramework=net10.0]
C:\Users\lordo\Documents\GitHub\llmtornado\src\LlmTornado\Images\ImageGenerationRequest.cs(56,26): error CS0176: Member 'ImageModelOpenAiGpt.Default' cannot be accessed with an instance reference; qualify it with a type name instead [C:\Users\lordo\Documents\GitHub\llmtornado\src\LlmTornado\LlmTornado.csproj::TargetFramework=net10.0]
C:\Users\lordo\Documents\GitHub\llmtornado\src\LlmTornado\Embedding\EmbeddingResult.cs(60,18): warning CS8602: Dereference of a possibly null reference. [C:\Users\lordo\Documents\GitHub\llmtornado\src\LlmTornado\LlmTornado.csproj::TargetFramework=net10.0]
C:\Users\lordo\Documents\GitHub\llmtornado\src\LlmTornado\Embedding\EmbeddingResult.cs(49,16): warning CS8603: Possible null reference return. [C:\Users\lordo\Documents\GitHub\llmtornado\src\LlmTornado\LlmTornado.csproj::TargetFramework=net10.0]
C:\Users\lordo\Documents\GitHub\llmtornado\src\LlmTornado\Embedding\EmbeddingResult.cs(29,18): warning CS8618: Non-nullable property 'Usage' must contain a non-null value when exiting constructor. Consider adding the 'required' modifier or declaring the property as nullable. [C:\Users\lordo\Documents\GitHub\llmtornado\src\LlmTornado\LlmTornado.csproj::TargetFramework=net10.0]
C:\Users\lordo\Documents\GitHub\llmtornado\src\LlmTornado\Infra\StringValue.cs(261,26): warning CS0168: The variable 'e' is declared but never used [C:\Users\lordo\Documents\GitHub\llmtornado\src\LlmTornado\LlmTornado.csproj::TargetFramework=net10.0]
C:\Users\lordo\Documents\GitHub\llmtornado\src\LlmTornado\Images\ImageGenerationEndpoint.cs(44,68): error CS0176: Member 'ImageModelOpenAiGpt.Default' cannot be accessed with an instance reference; qualify it with a type name instead [C:\Users\lordo\Documents\GitHub\llmtornado\src\LlmTornado\LlmTornado.csproj::TargetFramework=net10.0]
C:\Users\lordo\Documents\GitHub\llmtornado\src\LlmTornado\Interactions\InteractionContent.cs(194,51): error CS1503: Argument 1: cannot convert from 'System.Collections.Generic.List<LlmTornado.Interactions.InteractionStep>' to 'LlmTornado.Interactions.InteractionStep' [C:\Users\lordo\Documents\GitHub\llmtornado\src\LlmTornado\LlmTornado.csproj::TargetFramework=net10.0]
C:\Users\lordo\Documents\GitHub\llmtornado\src\LlmTornado\Interactions\InteractionContent.cs(197,50): error CS1503: Argument 1: cannot convert from 'System.Collections.Generic.List<LlmTornado.Interactions.InteractionContent>' to 'LlmTornado.Interactions.InteractionContent' [C:\Users\lordo\Documents\GitHub\llmtornado\src\LlmTornado\LlmTornado.csproj::TargetFramework=net10.0]
C:\Users\lordo\Documents\GitHub\llmtornado\src\LlmTornado\Infra\StringValue.cs(306,30): warning CS0168: The variable 'e' is declared but never used [C:\Users\lordo\Documents\GitHub\llmtornado\src\LlmTornado\LlmTornado.csproj::TargetFramework=net10.0]
C:\Users\lordo\Documents\GitHub\llmtornado\src\LlmTornado\Infra\StringValue.cs(352,26): warning CS0168: The variable 'e' is declared but never used [C:\Users\lordo\Documents\GitHub\llmtornado\src\LlmTornado\LlmTornado.csproj::TargetFramework=net10.0]
C:\Users\lordo\Documents\GitHub\llmtornado\src\LlmTornado\Images\ImageEditRequest.cs(61,43): error CS0176: Member 'ImageModelOpenAiGpt.Default' cannot be accessed with an instance reference; qualify it with a type name instead [C:\Users\lordo\Documents\GitHub\llmtornado\src\LlmTornado\LlmTornado.csproj::TargetFramework=net10.0]
C:\Users\lordo\Documents\GitHub\llmtornado\src\LlmTornado\Images\ImageEditRequest.cs(23,9): warning CS8618: Non-nullable property 'Prompt' must contain a non-null value when exiting constructor. Consider adding the 'required' modifier or declaring the property as nullable. [C:\Users\lordo\Documents\GitHub\llmtornado\src\LlmTornado\LlmTornado.csproj::TargetFramework=net10.0]
C:\Users\lordo\Documents\GitHub\llmtornado\src\LlmTornado\Embedding\EmbeddingRequest.cs(66,9): warning CS8618: Non-nullable property 'InputSerialized' must contain a non-null value when exiting constructor. Consider adding the 'required' modifier or declaring the property as nullable. [C:\Users\lordo\Documents\GitHub\llmtornado\src\LlmTornado\LlmTornado.csproj::TargetFramework=net10.0]
C:\Users\lordo\Documents\GitHub\llmtornado\src\LlmTornado\Embedding\EmbeddingRequest.cs(80,9): warning CS8618: Non-nullable property 'InputSerialized' must contain a non-null value when exiting constructor. Consider adding the 'required' modifier or declaring the property as nullable. [C:\Users\lordo\Documents\GitHub\llmtornado\src\LlmTornado\LlmTornado.csproj::TargetFramework=net10.0]
C:\Users\lordo\Documents\GitHub\llmtornado\src\LlmTornado\Embedding\EmbeddingRequest.cs(93,9): warning CS8618: Non-nullable property 'InputSerialized' must contain a non-null value when exiting constructor. Consider adding the 'required' modifier or declaring the property as nullable. [C:\Users\lordo\Documents\GitHub\llmtornado\src\LlmTornado\LlmTornado.csproj::TargetFramework=net10.0]
C:\Users\lordo\Documents\GitHub\llmtornado\src\LlmTornado\Embedding\EmbeddingRequest.cs(106,9): warning CS8618: Non-nullable property 'InputSerialized' must contain a non-null value when exiting constructor. Consider adding the 'required' modifier or declaring the property as nullable. [C:\Users\lordo\Documents\GitHub\llmtornado\src\LlmTornado\LlmTornado.csproj::TargetFramework=net10.0]
C:\Users\lordo\Documents\GitHub\llmtornado\src\LlmTornado\Embedding\EmbeddingRequest.cs(118,9): warning CS8618: Non-nullable property 'InputSerialized' must contain a non-null value when exiting constructor. Consider adding the 'required' modifier or declaring the property as nullable. [C:\Users\lordo\Documents\GitHub\llmtornado\src\LlmTornado\LlmTornado.csproj::TargetFramework=net10.0]
C:\Users\lordo\Documents\GitHub\llmtornado\src\LlmTornado\Embedding\EmbeddingRequest.cs(131,9): warning CS8618: Non-nullable property 'InputSerialized' must contain a non-null value when exiting constructor. Consider adding the 'required' modifier or declaring the property as nullable. [C:\Users\lordo\Documents\GitHub\llmtornado\src\LlmTornado\LlmTornado.csproj::TargetFramework=net10.0]
C:\Users\lordo\Documents\GitHub\llmtornado\src\LlmTornado\Embedding\EmbeddingRequest.cs(145,9): warning CS8618: Non-nullable property 'InputSerialized' must contain a non-null value when exiting constructor. Consider adding the 'required' modifier or declaring the property as nullable. [C:\Users\lordo\Documents\GitHub\llmtornado\src\LlmTornado\LlmTornado.csproj::TargetFramework=net10.0]
C:\Users\lordo\Documents\GitHub\llmtornado\src\LlmTornado\Embedding\EmbeddingRequest.cs(159,9): warning CS8618: Non-nullable property 'InputSerialized' must contain a non-null value when exiting constructor. Consider adding the 'required' modifier or declaring the property as nullable. [C:\Users\lordo\Documents\GitHub\llmtornado\src\LlmTornado\LlmTornado.csproj::TargetFramework=net10.0]
C:\Users\lordo\Documents\GitHub\llmtornado\src\LlmTornado\Embedding\EmbeddingRequest.cs(173,9): warning CS8618: Non-nullable property 'InputSerialized' must contain a non-null value when exiting constructor. Consider adding the 'required' modifier or declaring the property as nullable. [C:\Users\lordo\Documents\GitHub\llmtornado\src\LlmTornado\LlmTornado.csproj::TargetFramework=net10.0]
C:\Users\lordo\Documents\GitHub\llmtornado\src\LlmTornado\Chat\Vendors\Google\VendorGoogleChatRequest.cs(1442,14): warning CS0219: The variable 'anyStrictTool' is assigned but its value is never used [C:\Users\lordo\Documents\GitHub\llmtornado\src\LlmTornado\LlmTornado.csproj::TargetFramework=net10.0]
C:\Users\lordo\Documents\GitHub\llmtornado\src\LlmTornado\Embedding\EmbeddingRequest.cs(188,9): warning CS8618: Non-nullable property 'InputSerialized' must contain a non-null value when exiting constructor. Consider adding the 'required' modifier or declaring the property as nullable. [C:\Users\lordo\Documents\GitHub\llmtornado\src\LlmTornado\LlmTornado.csproj::TargetFramework=net10.0]
C:\Users\lordo\Documents\GitHub\llmtornado\src\LlmTornado\Embedding\EmbeddingRequest.cs(204,9): warning CS8618: Non-nullable property 'InputSerialized' must contain a non-null value when exiting constructor. Consider adding the 'required' modifier or declaring the property as nullable. [C:\Users\lordo\Documents\GitHub\llmtornado\src\LlmTornado\LlmTornado.csproj::TargetFramework=net10.0]
C:\Users\lordo\Documents\GitHub\llmtornado\src\LlmTornado\Images\ImageEditEndpoint.cs(39,71): error CS0176: Member 'ImageModelOpenAiGpt.Default' cannot be accessed with an instance reference; qualify it with a type name instead [C:\Users\lordo\Documents\GitHub\llmtornado\src\LlmTornado\LlmTornado.csproj::TargetFramework=net10.0]
C:\Users\lordo\Documents\GitHub\llmtornado\src\LlmTornado\Skills\SkillVersionDeleteResponse.cs(17,19): warning CS8618: Non-nullable property 'Id' must contain a non-null value when exiting constructor. Consider adding the 'required' modifier or declaring the property as nullable. [C:\Users\lordo\Documents\GitHub\llmtornado\src\LlmTornado\LlmTornado.csproj::TargetFramework=net10.0]
C:\Users\lordo\Documents\GitHub\llmtornado\src\LlmTornado\Skills\SkillVersion.cs(12,19): warning CS8618: Non-nullable property 'Name' must contain a non-null value when exiting constructor. Consider adding the 'required' modifier or declaring the property as nullable. [C:\Users\lordo\Documents\GitHub\llmtornado\src\LlmTornado\LlmTornado.csproj::TargetFramework=net10.0]
C:\Users\lordo\Documents\GitHub\llmtornado\src\LlmTornado\Skills\SkillVersion.cs(17,19): warning CS8618: Non-nullable property 'Id' must contain a non-null value when exiting constructor. Consider adding the 'required' modifier or declaring the property as nullable. [C:\Users\lordo\Documents\GitHub\llmtornado\src\LlmTornado\LlmTornado.csproj::TargetFramework=net10.0]
C:\Users\lordo\Documents\GitHub\llmtornado\src\LlmTornado\Skills\SkillVersion.cs(23,19): warning CS8618: Non-nullable property 'SkillId' must contain a non-null value when exiting constructor. Consider adding the 'required' modifier or declaring the property as nullable. [C:\Users\lordo\Documents\GitHub\llmtornado\src\LlmTornado\LlmTornado.csproj::TargetFramework=net10.0]
C:\Users\lordo\Documents\GitHub\llmtornado\src\LlmTornado\Skills\SkillVersion.cs(30,19): warning CS8618: Non-nullable property 'Description' must contain a non-null value when exiting constructor. Consider adding the 'required' modifier or declaring the property as nullable. [C:\Users\lordo\Documents\GitHub\llmtornado\src\LlmTornado\LlmTornado.csproj::TargetFramework=net10.0]
C:\Users\lordo\Documents\GitHub\llmtornado\src\LlmTornado\Skills\SkillVersion.cs(36,19): warning CS8618: Non-nullable property 'Directory' must contain a non-null value when exiting constructor. Consider adding the 'required' modifier or declaring the property as nullable. [C:\Users\lordo\Documents\GitHub\llmtornado\src\LlmTornado\LlmTornado.csproj::TargetFramework=net10.0]
C:\Users\lordo\Documents\GitHub\llmtornado\src\LlmTornado\Skills\SkillVersion.cs(48,19): warning CS8618: Non-nullable property 'Version' must contain a non-null value when exiting constructor. Consider adding the 'required' modifier or declaring the property as nullable. [C:\Users\lordo\Documents\GitHub\llmtornado\src\LlmTornado\LlmTornado.csproj::TargetFramework=net10.0]
C:\Users\lordo\Documents\GitHub\llmtornado\src\LlmTornado\Skills\SkillsEndpoint.cs(83,26): warning CS0168: The variable 'ex' is declared but never used [C:\Users\lordo\Documents\GitHub\llmtornado\src\LlmTornado\LlmTornado.csproj::TargetFramework=net10.0]
C:\Users\lordo\Documents\GitHub\llmtornado\src\LlmTornado\Skills\SkillDeleteResponse.cs(17,19): warning CS8618: Non-nullable property 'Id' must contain a non-null value when exiting constructor. Consider adding the 'required' modifier or declaring the property as nullable. [C:\Users\lordo\Documents\GitHub\llmtornado\src\LlmTornado\LlmTornado.csproj::TargetFramework=net10.0]
C:\Users\lordo\Documents\GitHub\llmtornado\src\LlmTornado\Skills\Skill.cs(15,19): warning CS8618: Non-nullable property 'DisplayTitle' must contain a non-null value when exiting constructor. Consider adding the 'required' modifier or declaring the property as nullable. [C:\Users\lordo\Documents\GitHub\llmtornado\src\LlmTornado\LlmTornado.csproj::TargetFramework=net10.0]
C:\Users\lordo\Documents\GitHub\llmtornado\src\LlmTornado\Skills\Skill.cs(20,19): warning CS8618: Non-nullable property 'Id' must contain a non-null value when exiting constructor. Consider adding the 'required' modifier or declaring the property as nullable. [C:\Users\lordo\Documents\GitHub\llmtornado\src\LlmTornado\LlmTornado.csproj::TargetFramework=net10.0]
C:\Users\lordo\Documents\GitHub\llmtornado\src\LlmTornado\Skills\Skill.cs(40,19): warning CS8618: Non-nullable property 'LatestVersion' must contain a non-null value when exiting constructor. Consider adding the 'required' modifier or declaring the property as nullable. [C:\Users\lordo\Documents\GitHub\llmtornado\src\LlmTornado\LlmTornado.csproj::TargetFramework=net10.0]
C:\Users\lordo\Documents\GitHub\llmtornado\src\LlmTornado\Responses\ResponseToolSearch.cs(364,43): error CS0103: The name 'ToolCustomFormat' does not exist in the current context [C:\Users\lordo\Documents\GitHub\llmtornado\src\LlmTornado\LlmTornado.csproj::TargetFramework=net10.0]
C:\Users\lordo\Documents\GitHub\llmtornado\src\LlmTornado\Responses\ResponseToolSearch.cs(368,17): error CS0246: The type or namespace name 'ToolCustomGrammarSyntaxes' could not be found (are you missing a using directive or an assembly reference?) [C:\Users\lordo\Documents\GitHub\llmtornado\src\LlmTornado\LlmTornado.csproj::TargetFramework=net10.0]
C:\Users\lordo\Documents\GitHub\llmtornado\src\LlmTornado\Responses\ResponseToolSearch.cs(369,23): error CS0103: The name 'ToolCustomGrammarSyntaxes' does not exist in the current context [C:\Users\lordo\Documents\GitHub\llmtornado\src\LlmTornado\LlmTornado.csproj::TargetFramework=net10.0]
C:\Users\lordo\Documents\GitHub\llmtornado\src\LlmTornado\Responses\ResponseToolSearch.cs(370,23): error CS0103: The name 'ToolCustomGrammarSyntaxes' does not exist in the current context [C:\Users\lordo\Documents\GitHub\llmtornado\src\LlmTornado\LlmTornado.csproj::TargetFramework=net10.0]
C:\Users\lordo\Documents\GitHub\llmtornado\src\LlmTornado\Responses\ResponseToolSearch.cs(372,23): error CS0103: The name 'ToolCustomFormat' does not exist in the current context [C:\Users\lordo\Documents\GitHub\llmtornado\src\LlmTornado\LlmTornado.csproj::TargetFramework=net10.0]
C:\Users\lordo\Documents\GitHub\llmtornado\src\LlmTornado\Responses\ResponseToolSearch.cs(373,27): error CS0246: The type or namespace name 'ToolCustomFormat' could not be found (are you missing a using directive or an assembly reference?) [C:\Users\lordo\Documents\GitHub\llmtornado\src\LlmTornado\LlmTornado.csproj::TargetFramework=net10.0]
C:\Users\lordo\Documents\GitHub\llmtornado\src\LlmTornado\Responses\ResponseToolSearch.cs(373,53): error CS0103: The name 'ToolCustomFormat' does not exist in the current context [C:\Users\lordo\Documents\GitHub\llmtornado\src\LlmTornado\LlmTornado.csproj::TargetFramework=net10.0]
C:\Users\lordo\Documents\GitHub\llmtornado\src\LlmTornado\Responses\ResponseToolSearch.cs(377,31): error CS0103: The name 'ToolCustomFormat' does not exist in the current context [C:\Users\lordo\Documents\GitHub\llmtornado\src\LlmTornado\LlmTornado.csproj::TargetFramework=net10.0]
C:\Users\lordo\Documents\GitHub\llmtornado\src\LlmTornado\Skills\OpenAiSkillsEndpoint.cs(52,16): error CS7036: There is no argument given that corresponds to the required parameter 'cancellationToken' of 'OpenAiSkillsEndpoint.HttpGetData<T>(IEndpointProvider, string?, Dictionary<string, object>?, CancellationToken)' [C:\Users\lordo\Documents\GitHub\llmtornado\src\LlmTornado\LlmTornado.csproj::TargetFramework=net10.0]
C:\Users\lordo\Documents\GitHub\llmtornado\src\LlmTornado\Skills\CreateSkillResponse.cs(9,19): warning CS8618: Non-nullable property 'DisplayTitle' must contain a non-null value when exiting constructor. Consider adding the 'required' modifier or declaring the property as nullable. [C:\Users\lordo\Documents\GitHub\llmtornado\src\LlmTornado\LlmTornado.csproj::TargetFramework=net10.0]
C:\Users\lordo\Documents\GitHub\llmtornado\src\LlmTornado\Skills\CreateSkillResponse.cs(14,19): warning CS8618: Non-nullable property 'Id' must contain a non-null value when exiting constructor. Consider adding the 'required' modifier or declaring the property as nullable. [C:\Users\lordo\Documents\GitHub\llmtornado\src\LlmTornado\LlmTornado.csproj::TargetFramework=net10.0]
C:\Users\lordo\Documents\GitHub\llmtornado\src\LlmTornado\Skills\CreateSkillResponse.cs(34,19): warning CS8618: Non-nullable property 'LatestVersion' must contain a non-null value when exiting constructor. Consider adding the 'required' modifier or declaring the property as nullable. [C:\Users\lordo\Documents\GitHub\llmtornado\src\LlmTornado\LlmTornado.csproj::TargetFramework=net10.0]
C:\Users\lordo\Documents\GitHub\llmtornado\src\LlmTornado\Responses\ConversationResult.cs(17,19): warning CS8618: Non-nullable property 'Id' must contain a non-null value when exiting constructor. Consider adding the 'required' modifier or declaring the property as nullable. [C:\Users\lordo\Documents\GitHub\llmtornado\src\LlmTornado\LlmTornado.csproj::TargetFramework=net10.0]
C:\Users\lordo\Documents\GitHub\llmtornado\src\LlmTornado\Vendor\Anthropic\AnthropicEndpointProvider.cs(685,29): warning CS8602: Dereference of a possibly null reference. [C:\Users\lordo\Documents\GitHub\llmtornado\src\LlmTornado\LlmTornado.csproj::TargetFramework=net10.0]
C:\Users\lordo\Documents\GitHub\llmtornado\src\LlmTornado\Vendor\Anthropic\AnthropicEndpointProvider.cs(916,17): error CS0103: The name 'RequiresEffortHeader' does not exist in the current context [C:\Users\lordo\Documents\GitHub\llmtornado\src\LlmTornado\LlmTornado.csproj::TargetFramework=net10.0]
C:\Users\lordo\Documents\GitHub\llmtornado\src\LlmTornado\Vendor\Anthropic\AnthropicEndpointProvider.cs(951,17): error CS0103: The name 'RequiresCacheDiagnosticsHeader' does not exist in the current context [C:\Users\lordo\Documents\GitHub\llmtornado\src\LlmTornado\LlmTornado.csproj::TargetFramework=net10.0]
C:\Users\lordo\Documents\GitHub\llmtornado\src\LlmTornado\Embedding\Models\Upstage\EmbeddingModelUpstage.cs(49,9): warning CS8604: Possible null reference argument for parameter 'item' in 'void List<IModel>.Add(IModel item)'. [C:\Users\lordo\Documents\GitHub\llmtornado\src\LlmTornado\LlmTornado.csproj::TargetFramework=net10.0]
C:\Users\lordo\Documents\GitHub\llmtornado\src\LlmTornado\Embedding\Models\Upstage\EmbeddingModelUpstage.cs(50,9): warning CS8604: Possible null reference argument for parameter 'item' in 'void List<IModel>.Add(IModel item)'. [C:\Users\lordo\Documents\GitHub\llmtornado\src\LlmTornado\LlmTornado.csproj::TargetFramework=net10.0]
C:\Users\lordo\Documents\GitHub\llmtornado\src\LlmTornado\Embedding\EmbeddingResult.cs(81,20): warning CS8618: Non-nullable property 'Embedding' must contain a non-null value when exiting constructor. Consider adding the 'required' modifier or declaring the property as nullable. [C:\Users\lordo\Documents\GitHub\llmtornado\src\LlmTornado\LlmTornado.csproj::TargetFramework=net10.0]
C:\Users\lordo\Documents\GitHub\llmtornado\src\LlmTornado\Threads\ThreadsEndpoint.cs(401,63): warning CS8604: Possible null reference argument for parameter 'key' in 'bool FrozenDictionary<string, OpenAiAssistantStreamEvent>.TryGetValue(string key, out OpenAiAssistantStreamEvent value)'. [C:\Users\lordo\Documents\GitHub\llmtornado\src\LlmTornado\LlmTornado.csproj::TargetFramework=net10.0]
C:\Users\lordo\Documents\GitHub\llmtornado\src\LlmTornado\Threads\ThreadsEndpoint.cs(510,17): warning CS0219: The variable 'unk' is assigned but its value is never used [C:\Users\lordo\Documents\GitHub\llmtornado\src\LlmTornado\LlmTornado.csproj::TargetFramework=net10.0]
C:\Users\lordo\Documents\GitHub\llmtornado\src\LlmTornado\Vendor\Anthropic\AnthropicEndpointProvider.cs(995,21): warning CS8600: Converting null literal or possible null value to non-nullable type. [C:\Users\lordo\Documents\GitHub\llmtornado\src\LlmTornado\LlmTornado.csproj::TargetFramework=net10.0]
C:\Users\lordo\Documents\GitHub\llmtornado\src\LlmTornado\Vendor\Anthropic\AnthropicEndpointProvider.cs(997,21): warning CS8600: Converting null literal or possible null value to non-nullable type. [C:\Users\lordo\Documents\GitHub\llmtornado\src\LlmTornado\LlmTornado.csproj::TargetFramework=net10.0]
C:\Users\lordo\Documents\GitHub\llmtornado\src\LlmTornado\Vendor\Anthropic\AnthropicEndpointProvider.cs(999,21): warning CS8600: Converting null literal or possible null value to non-nullable type. [C:\Users\lordo\Documents\GitHub\llmtornado\src\LlmTornado\LlmTornado.csproj::TargetFramework=net10.0]
C:\Users\lordo\Documents\GitHub\llmtornado\src\LlmTornado\Vendor\Anthropic\AnthropicEndpointProvider.cs(1001,21): warning CS8600: Converting null literal or possible null value to non-nullable type. [C:\Users\lordo\Documents\GitHub\llmtornado\src\LlmTornado\LlmTornado.csproj::TargetFramework=net10.0]
C:\Users\lordo\Documents\GitHub\llmtornado\src\LlmTornado\Vendor\Anthropic\AnthropicEndpointProvider.cs(218,44): warning CS8618: Non-nullable property 'Delta' must contain a non-null value when exiting constructor. Consider adding the 'required' modifier or declaring the property as nullable. [C:\Users\lordo\Documents\GitHub\llmtornado\src\LlmTornado\LlmTornado.csproj::TargetFramework=net10.0]
C:\Users\lordo\Documents\GitHub\llmtornado\src\LlmTornado\Vendor\Anthropic\AnthropicEndpointProvider.cs(221,45): warning CS8618: Non-nullable property 'Usage' must contain a non-null value when exiting constructor. Consider adding the 'required' modifier or declaring the property as nullable. [C:\Users\lordo\Documents\GitHub\llmtornado\src\LlmTornado\LlmTornado.csproj::TargetFramework=net10.0]
C:\Users\lordo\Documents\GitHub\llmtornado\src\LlmTornado\Vendor\Anthropic\AnthropicEndpointProvider.cs(212,42): warning CS8618: Non-nullable property 'Message' must contain a non-null value when exiting constructor. Consider adding the 'required' modifier or declaring the property as nullable. [C:\Users\lordo\Documents\GitHub\llmtornado\src\LlmTornado\LlmTornado.csproj::TargetFramework=net10.0]
C:\Users\lordo\Documents\GitHub\llmtornado\src\LlmTornado\Vendor\Anthropic\AnthropicEndpointProvider.cs(191,23): warning CS8618: Non-nullable property 'Type' must contain a non-null value when exiting constructor. Consider adding the 'required' modifier or declaring the property as nullable. [C:\Users\lordo\Documents\GitHub\llmtornado\src\LlmTornado\LlmTornado.csproj::TargetFramework=net10.0]
C:\Users\lordo\Documents\GitHub\llmtornado\src\LlmTornado\Vendor\Anthropic\AnthropicEndpointProvider.cs(169,27): warning CS8618: Non-nullable property 'Type' must contain a non-null value when exiting constructor. Consider adding the 'required' modifier or declaring the property as nullable. [C:\Users\lordo\Documents\GitHub\llmtornado\src\LlmTornado\LlmTornado.csproj::TargetFramework=net10.0]
C:\Users\lordo\Documents\GitHub\llmtornado\src\LlmTornado\Vendor\Anthropic\AnthropicEndpointProvider.cs(172,27): warning CS8618: Non-nullable property 'Text' must contain a non-null value when exiting constructor. Consider adding the 'required' modifier or declaring the property as nullable. [C:\Users\lordo\Documents\GitHub\llmtornado\src\LlmTornado\LlmTornado.csproj::TargetFramework=net10.0]
C:\Users\lordo\Documents\GitHub\llmtornado\src\LlmTornado\Vendor\Anthropic\AnthropicEndpointProvider.cs(140,46): warning CS8618: Non-nullable property 'ContentBlock' must contain a non-null value when exiting constructor. Consider adding the 'required' modifier or declaring the property as nullable. [C:\Users\lordo\Documents\GitHub\llmtornado\src\LlmTornado\LlmTornado.csproj::TargetFramework=net10.0]
C:\Users\lordo\Documents\GitHub\llmtornado\src\LlmTornado\Vendor\Anthropic\AnthropicEndpointProvider.cs(113,27): warning CS8618: Non-nullable property 'Type' must contain a non-null value when exiting constructor. Consider adding the 'required' modifier or declaring the property as nullable. [C:\Users\lordo\Documents\GitHub\llmtornado\src\LlmTornado\LlmTornado.csproj::TargetFramework=net10.0]
C:\Users\lordo\Documents\GitHub\llmtornado\src\LlmTornado\Vendor\Anthropic\AnthropicEndpointProvider.cs(116,27): warning CS8618: Non-nullable property 'Text' must contain a non-null value when exiting constructor. Consider adding the 'required' modifier or declaring the property as nullable. [C:\Users\lordo\Documents\GitHub\llmtornado\src\LlmTornado\LlmTornado.csproj::TargetFramework=net10.0]
C:\Users\lordo\Documents\GitHub\llmtornado\src\LlmTornado\Embedding\Models\Google\EmbeddingModelGoogleGemini.cs(68,9): warning CS0618: 'EmbeddingModelGoogleGemini.ModelEmbedding4' is obsolete: 'Shut down January 14, 2026. Use ModelGeminiEmbedding001 instead.' [C:\Users\lordo\Documents\GitHub\llmtornado\src\LlmTornado\LlmTornado.csproj::TargetFramework=net10.0]
C:\Users\lordo\Documents\GitHub\llmtornado\src\LlmTornado\Responses\ResponseTool.cs(1110,21): error CS0117: 'ResponseWebSearchTool' does not contain a definition for 'ReturnTokenBudget' [C:\Users\lordo\Documents\GitHub\llmtornado\src\LlmTornado\LlmTornado.csproj::TargetFramework=net10.0]
C:\Users\lordo\Documents\GitHub\llmtornado\src\LlmTornado\Responses\ResponseTool.cs(1088,38): warning CS8601: Possible null reference assignment. [C:\Users\lordo\Documents\GitHub\llmtornado\src\LlmTornado\LlmTornado.csproj::TargetFramework=net10.0]
C:\Users\lordo\Documents\GitHub\llmtornado\src\LlmTornado\Chat\Vendors\Google\VendorGoogleChatRequest.cs(1290,16): warning CS8618: Non-nullable property 'Name' must contain a non-null value when exiting constructor. Consider adding the 'required' modifier or declaring the property as nullable. [C:\Users\lordo\Documents\GitHub\llmtornado\src\LlmTornado\LlmTornado.csproj::TargetFramework=net10.0]
C:\Users\lordo\Documents\GitHub\llmtornado\src\LlmTornado\Chat\Vendors\Google\VendorGoogleChatRequest.cs(1290,16): warning CS8618: Non-nullable property 'Description' must contain a non-null value when exiting constructor. Consider adding the 'required' modifier or declaring the property as nullable. [C:\Users\lordo\Documents\GitHub\llmtornado\src\LlmTornado\LlmTornado.csproj::TargetFramework=net10.0]
C:\Users\lordo\Documents\GitHub\llmtornado\src\LlmTornado\Chat\Vendors\Google\VendorGoogleChatRequest.cs(1244,18): warning CS8618: Non-nullable property 'Category' must contain a non-null value when exiting constructor. Consider adding the 'required' modifier or declaring the property as nullable. [C:\Users\lordo\Documents\GitHub\llmtornado\src\LlmTornado\LlmTornado.csproj::TargetFramework=net10.0]
C:\Users\lordo\Documents\GitHub\llmtornado\src\LlmTornado\Chat\Vendors\Google\VendorGoogleChatRequest.cs(1244,18): warning CS8618: Non-nullable property 'Threshold' must contain a non-null value when exiting constructor. Consider adding the 'required' modifier or declaring the property as nullable. [C:\Users\lordo\Documents\GitHub\llmtornado\src\LlmTornado\LlmTornado.csproj::TargetFramework=net10.0]
C:\Users\lordo\Documents\GitHub\llmtornado\src\LlmTornado\Responses\ResponseTool.cs(1308,25): error CS1061: 'ResponseWebSearchTool' does not contain a definition for 'ReturnTokenBudget' and no accessible extension method 'ReturnTokenBudget' accepting a first argument of type 'ResponseWebSearchTool' could be found (are you missing a using directive or an assembly reference?) [C:\Users\lordo\Documents\GitHub\llmtornado\src\LlmTornado\LlmTornado.csproj::TargetFramework=net10.0]
C:\Users\lordo\Documents\GitHub\llmtornado\src\LlmTornado\Responses\ResponseTool.cs(1311,54): error CS1061: 'ResponseWebSearchTool' does not contain a definition for 'ReturnTokenBudget' and no accessible extension method 'ReturnTokenBudget' accepting a first argument of type 'ResponseWebSearchTool' could be found (are you missing a using directive or an assembly reference?) [C:\Users\lordo\Documents\GitHub\llmtornado\src\LlmTornado\LlmTornado.csproj::TargetFramework=net10.0]
C:\Users\lordo\Documents\GitHub\llmtornado\src\LlmTornado\Responses\ResponseTool.cs(1442,21): warning CS0472: The result of the expression is always 'true' since a value of type 'ResponseComputerEnvironment' is never equal to 'null' of type 'ResponseComputerEnvironment?' [C:\Users\lordo\Documents\GitHub\llmtornado\src\LlmTornado\LlmTornado.csproj::TargetFramework=net10.0]
C:\Users\lordo\Documents\GitHub\llmtornado\src\LlmTornado\Chat\Vendors\Google\VendorGoogleChatRequest.cs(1115,18): warning CS0219: The variable 'roleSolved' is assigned but its value is never used [C:\Users\lordo\Documents\GitHub\llmtornado\src\LlmTornado\LlmTornado.csproj::TargetFramework=net10.0]
C:\Users\lordo\Documents\GitHub\llmtornado\src\LlmTornado\Chat\Vendors\Google\VendorGoogleChatRequest.cs(919,23): warning CS8618: Non-nullable property 'FileUri' must contain a non-null value when exiting constructor. Consider adding the 'required' modifier or declaring the property as nullable. [C:\Users\lordo\Documents\GitHub\llmtornado\src\LlmTornado\LlmTornado.csproj::TargetFramework=net10.0]
C:\Users\lordo\Documents\GitHub\llmtornado\src\LlmTornado\Chat\Vendors\Google\VendorGoogleChatRequest.cs(892,23): warning CS8618: Non-nullable property 'Code' must contain a non-null value when exiting constructor. Consider adding the 'required' modifier or declaring the property as nullable. [C:\Users\lordo\Documents\GitHub\llmtornado\src\LlmTornado\LlmTornado.csproj::TargetFramework=net10.0]
C:\Users\lordo\Documents\GitHub\llmtornado\src\LlmTornado\Chat\Vendors\Google\VendorGoogleChatRequest.cs(754,23): warning CS8618: Non-nullable property 'MimeType' must contain a non-null value when exiting constructor. Consider adding the 'required' modifier or declaring the property as nullable. [C:\Users\lordo\Documents\GitHub\llmtornado\src\LlmTornado\LlmTornado.csproj::TargetFramework=net10.0]
C:\Users\lordo\Documents\GitHub\llmtornado\src\LlmTornado\Chat\Vendors\Google\VendorGoogleChatRequest.cs(760,23): warning CS8618: Non-nullable property 'Data' must contain a non-null value when exiting constructor. Consider adding the 'required' modifier or declaring the property as nullable. [C:\Users\lordo\Documents\GitHub\llmtornado\src\LlmTornado\LlmTornado.csproj::TargetFramework=net10.0]
C:\Users\lordo\Documents\GitHub\llmtornado\src\LlmTornado\Chat\Vendors\Google\VendorGoogleChatRequest.cs(742,23): warning CS8618: Non-nullable property 'FileUri' must contain a non-null value when exiting constructor. Consider adding the 'required' modifier or declaring the property as nullable. [C:\Users\lordo\Documents\GitHub\llmtornado\src\LlmTornado\LlmTornado.csproj::TargetFramework=net10.0]
C:\Users\lordo\Documents\GitHub\llmtornado\src\LlmTornado\Chat\Vendors\Google\VendorGoogleChatRequest.cs(686,23): warning CS8618: Non-nullable property 'Name' must contain a non-null value when exiting constructor. Consider adding the 'required' modifier or declaring the property as nullable. [C:\Users\lordo\Documents\GitHub\llmtornado\src\LlmTornado\LlmTornado.csproj::TargetFramework=net10.0]
C:\Users\lordo\Documents\GitHub\llmtornado\src\LlmTornado\Chat\Vendors\Google\VendorGoogleChatRequest.cs(644,23): warning CS8618: Non-nullable property 'Name' must contain a non-null value when exiting constructor. Consider adding the 'required' modifier or declaring the property as nullable. [C:\Users\lordo\Documents\GitHub\llmtornado\src\LlmTornado\LlmTornado.csproj::TargetFramework=net10.0]
C:\Users\lordo\Documents\GitHub\llmtornado\src\LlmTornado\Chat\Vendors\Google\VendorGoogleChatRequest.cs(629,23): warning CS8618: Non-nullable property 'MimeType' must contain a non-null value when exiting constructor. Consider adding the 'required' modifier or declaring the property as nullable. [C:\Users\lordo\Documents\GitHub\llmtornado\src\LlmTornado\LlmTornado.csproj::TargetFramework=net10.0]
C:\Users\lordo\Documents\GitHub\llmtornado\src\LlmTornado\Chat\Vendors\Google\VendorGoogleChatRequest.cs(635,23): warning CS8618: Non-nullable property 'Data' must contain a non-null value when exiting constructor. Consider adding the 'required' modifier or declaring the property as nullable. [C:\Users\lordo\Documents\GitHub\llmtornado\src\LlmTornado\LlmTornado.csproj::TargetFramework=net10.0]
C:\Users\lordo\Documents\GitHub\llmtornado\src\LlmTornado\Vendor\Google\VendorGoogleUsage.cs(124,19): warning CS8618: Non-nullable property 'Category' must contain a non-null value when exiting constructor. Consider adding the 'required' modifier or declaring the property as nullable. [C:\Users\lordo\Documents\GitHub\llmtornado\src\LlmTornado\LlmTornado.csproj::TargetFramework=net10.0]
C:\Users\lordo\Documents\GitHub\llmtornado\src\LlmTornado\Vendor\Google\VendorGoogleUsage.cs(134,19): warning CS8618: Non-nullable property 'Probability' must contain a non-null value when exiting constructor. Consider adding the 'required' modifier or declaring the property as nullable. [C:\Users\lordo\Documents\GitHub\llmtornado\src\LlmTornado\LlmTornado.csproj::TargetFramework=net10.0]
C:\Users\lordo\Documents\GitHub\llmtornado\src\LlmTornado\Vendor\Google\VendorGoogleUsage.cs(82,19): warning CS8618: Non-nullable property 'Modality' must contain a non-null value when exiting constructor. Consider adding the 'required' modifier or declaring the property as nullable. [C:\Users\lordo\Documents\GitHub\llmtornado\src\LlmTornado\LlmTornado.csproj::TargetFramework=net10.0]
C:\Users\lordo\Documents\GitHub\llmtornado\src\LlmTornado\Vendor\Cohere\VendorCohereUsage.cs(23,33): warning CS8618: Non-nullable property 'Api' must contain a non-null value when exiting constructor. Consider adding the 'required' modifier or declaring the property as nullable. [C:\Users\lordo\Documents\GitHub\llmtornado\src\LlmTornado\LlmTornado.csproj::TargetFramework=net10.0]
C:\Users\lordo\Documents\GitHub\llmtornado\src\LlmTornado\Chat\Vendors\Google\VendorGoogleChatRequest.cs(364,32): warning CS8601: Possible null reference assignment. [C:\Users\lordo\Documents\GitHub\llmtornado\src\LlmTornado\LlmTornado.csproj::TargetFramework=net10.0]
C:\Users\lordo\Documents\GitHub\llmtornado\src\LlmTornado\Chat\Vendors\Google\VendorGoogleChatRequest.cs(190,19): warning CS8618: Non-nullable property 'Speaker' must contain a non-null value when exiting constructor. Consider adding the 'required' modifier or declaring the property as nullable. [C:\Users\lordo\Documents\GitHub\llmtornado\src\LlmTornado\LlmTornado.csproj::TargetFramework=net10.0]
C:\Users\lordo\Documents\GitHub\llmtornado\src\LlmTornado\Videos\Vendors\Google\VendorGoogleVideoRequest.cs(165,23): warning CS8618: Non-nullable property 'Prompt' must contain a non-null value when exiting constructor. Consider adding the 'required' modifier or declaring the property as nullable. [C:\Users\lordo\Documents\GitHub\llmtornado\src\LlmTornado\LlmTornado.csproj::TargetFramework=net10.0]
C:\Users\lordo\Documents\GitHub\llmtornado\src\LlmTornado\Code\PartialModels.cs(2898,30): warning CS8601: Possible null reference assignment. [C:\Users\lordo\Documents\GitHub\llmtornado\src\LlmTornado\LlmTornado.csproj::TargetFramework=net10.0]
C:\Users\lordo\Documents\GitHub\llmtornado\src\LlmTornado\Code\PartialModels.cs(2899,29): warning CS8601: Possible null reference assignment. [C:\Users\lordo\Documents\GitHub\llmtornado\src\LlmTornado\LlmTornado.csproj::TargetFramework=net10.0]
C:\Users\lordo\Documents\GitHub\llmtornado\src\LlmTornado\Code\PartialModels.cs(2726,19): warning CS8618: Non-nullable property 'Source' must contain a non-null value when exiting constructor. Consider adding the 'required' modifier or declaring the property as nullable. [C:\Users\lordo\Documents\GitHub\llmtornado\src\LlmTornado\LlmTornado.csproj::TargetFramework=net10.0]
C:\Users\lordo\Documents\GitHub\llmtornado\src\LlmTornado\Code\PartialModels.cs(2732,19): warning CS8618: Non-nullable property 'Title' must contain a non-null value when exiting constructor. Consider adding the 'required' modifier or declaring the property as nullable. [C:\Users\lordo\Documents\GitHub\llmtornado\src\LlmTornado\LlmTornado.csproj::TargetFramework=net10.0]
C:\Users\lordo\Documents\GitHub\llmtornado\src\LlmTornado\Code\PartialModels.cs(2699,19): warning CS8618: Non-nullable property 'FileId' must contain a non-null value when exiting constructor. Consider adding the 'required' modifier or declaring the property as nullable. [C:\Users\lordo\Documents\GitHub\llmtornado\src\LlmTornado\LlmTornado.csproj::TargetFramework=net10.0]
C:\Users\lordo\Documents\GitHub\llmtornado\src\LlmTornado\Code\PartialModels.cs(2672,19): warning CS8618: Non-nullable property 'Url' must contain a non-null value when exiting constructor. Consider adding the 'required' modifier or declaring the property as nullable. [C:\Users\lordo\Documents\GitHub\llmtornado\src\LlmTornado\LlmTornado.csproj::TargetFramework=net10.0]
C:\Users\lordo\Documents\GitHub\llmtornado\src\LlmTornado\Code\PartialModels.cs(2645,19): warning CS8618: Non-nullable property 'Data' must contain a non-null value when exiting constructor. Consider adding the 'required' modifier or declaring the property as nullable. [C:\Users\lordo\Documents\GitHub\llmtornado\src\LlmTornado\LlmTornado.csproj::TargetFramework=net10.0]
C:\Users\lordo\Documents\GitHub\llmtornado\src\LlmTornado\Code\PartialModels.cs(2657,19): warning CS8618: Non-nullable property 'MediaType' must contain a non-null value when exiting constructor. Consider adding the 'required' modifier or declaring the property as nullable. [C:\Users\lordo\Documents\GitHub\llmtornado\src\LlmTornado\LlmTornado.csproj::TargetFramework=net10.0]
C:\Users\lordo\Documents\GitHub\llmtornado\src\LlmTornado\Code\PartialModels.cs(2606,12): warning CS8618: Non-nullable property 'Source' must contain a non-null value when exiting constructor. Consider adding the 'required' modifier or declaring the property as nullable. [C:\Users\lordo\Documents\GitHub\llmtornado\src\LlmTornado\LlmTornado.csproj::TargetFramework=net10.0]
C:\Users\lordo\Documents\GitHub\llmtornado\src\LlmTornado\Responses\ResponseTextFormatConfiguration.cs(104,12): warning CS8618: Non-nullable property 'Name' must contain a non-null value when exiting constructor. Consider adding the 'required' modifier or declaring the property as nullable. [C:\Users\lordo\Documents\GitHub\llmtornado\src\LlmTornado\LlmTornado.csproj::TargetFramework=net10.0]
C:\Users\lordo\Documents\GitHub\llmtornado\src\LlmTornado\Chat\ChatRequestMaxTokens.cs(55,23): warning CS8604: Possible null reference argument for parameter 'type' in 'bool PropertyRenameAndIgnoreSerializerContractResolver.IsIgnored(Type type, string jsonPropertyName)'. [C:\Users\lordo\Documents\GitHub\llmtornado\src\LlmTornado\LlmTornado.csproj::TargetFramework=net10.0]
C:\Users\lordo\Documents\GitHub\llmtornado\src\LlmTornado\Chat\ChatRequestMaxTokens.cs(55,47): warning CS8604: Possible null reference argument for parameter 'jsonPropertyName' in 'bool PropertyRenameAndIgnoreSerializerContractResolver.IsIgnored(Type type, string jsonPropertyName)'. [C:\Users\lordo\Documents\GitHub\llmtornado\src\LlmTornado\LlmTornado.csproj::TargetFramework=net10.0]
C:\Users\lordo\Documents\GitHub\llmtornado\src\LlmTornado\Chat\ChatRequestResponseFormat.cs(26,23): warning CS8618: Non-nullable property 'Name' must contain a non-null value when exiting constructor. Consider adding the 'required' modifier or declaring the property as nullable. [C:\Users\lordo\Documents\GitHub\llmtornado\src\LlmTornado\LlmTornado.csproj::TargetFramework=net10.0]
C:\Users\lordo\Documents\GitHub\llmtornado\src\LlmTornado\Chat\ChatRequestResponseFormat.cs(32,23): warning CS8618: Non-nullable property 'Schema' must contain a non-null value when exiting constructor. Consider adding the 'required' modifier or declaring the property as nullable. [C:\Users\lordo\Documents\GitHub\llmtornado\src\LlmTornado\LlmTornado.csproj::TargetFramework=net10.0]
C:\Users\lordo\Documents\GitHub\llmtornado\src\LlmTornado\Code\PartialModels.cs(2532,12): warning CS8618: Non-nullable property 'Text' must contain a non-null value when exiting constructor. Consider adding the 'required' modifier or declaring the property as nullable. [C:\Users\lordo\Documents\GitHub\llmtornado\src\LlmTornado\LlmTornado.csproj::TargetFramework=net10.0]
C:\Users\lordo\Documents\GitHub\llmtornado\src\LlmTornado\Code\PartialModels.cs(2448,19): warning CS8618: Non-nullable property 'Source' must contain a non-null value when exiting constructor. Consider adding the 'required' modifier or declaring the property as nullable. [C:\Users\lordo\Documents\GitHub\llmtornado\src\LlmTornado\LlmTornado.csproj::TargetFramework=net10.0]
C:\Users\lordo\Documents\GitHub\llmtornado\src\LlmTornado\Code\PartialModels.cs(2454,19): warning CS8618: Non-nullable property 'Title' must contain a non-null value when exiting constructor. Consider adding the 'required' modifier or declaring the property as nullable. [C:\Users\lordo\Documents\GitHub\llmtornado\src\LlmTornado\LlmTornado.csproj::TargetFramework=net10.0]
C:\Users\lordo\Documents\GitHub\llmtornado\src\LlmTornado\Code\PartialModels.cs(2414,19): warning CS8618: Non-nullable property 'Type' must contain a non-null value when exiting constructor. Consider adding the 'required' modifier or declaring the property as nullable. [C:\Users\lordo\Documents\GitHub\llmtornado\src\LlmTornado\LlmTornado.csproj::TargetFramework=net10.0]
C:\Users\lordo\Documents\GitHub\llmtornado\src\LlmTornado\Code\PartialModels.cs(2201,12): warning CS8618: Non-nullable field '_data' must contain a non-null value when exiting constructor. Consider adding the 'required' modifier or declaring the field as nullable. [C:\Users\lordo\Documents\GitHub\llmtornado\src\LlmTornado\LlmTornado.csproj::TargetFramework=net10.0]
C:\Users\lordo\Documents\GitHub\llmtornado\src\LlmTornado\Code\PartialModels.cs(2157,14): warning CS8618: Non-nullable property 'Body' must contain a non-null value when exiting constructor. Consider adding the 'required' modifier or declaring the property as nullable. [C:\Users\lordo\Documents\GitHub\llmtornado\src\LlmTornado\LlmTornado.csproj::TargetFramework=net10.0]
C:\Users\lordo\Documents\GitHub\llmtornado\src\LlmTornado\Chat\Vendors\Google\VendorGoogleChatResult.cs(680,19): warning CS8618: Non-nullable property 'Source' must contain a non-null value when exiting constructor. Consider adding the 'required' modifier or declaring the property as nullable. [C:\Users\lordo\Documents\GitHub\llmtornado\src\LlmTornado\LlmTornado.csproj::TargetFramework=net10.0]
C:\Users\lordo\Documents\GitHub\llmtornado\src\LlmTornado\Chat\Vendors\Google\VendorGoogleChatResult.cs(686,19): warning CS8618: Non-nullable property 'Chunk' must contain a non-null value when exiting constructor. Consider adding the 'required' modifier or declaring the property as nullable. [C:\Users\lordo\Documents\GitHub\llmtornado\src\LlmTornado\LlmTornado.csproj::TargetFramework=net10.0]
C:\Users\lordo\Documents\GitHub\llmtornado\src\LlmTornado\Chat\Vendors\Google\VendorGoogleChatResult.cs(662,19): warning CS8618: Non-nullable property 'PassageId' must contain a non-null value when exiting constructor. Consider adding the 'required' modifier or declaring the property as nullable. [C:\Users\lordo\Documents\GitHub\llmtornado\src\LlmTornado\LlmTornado.csproj::TargetFramework=net10.0]
C:\Users\lordo\Documents\GitHub\llmtornado\src\LlmTornado\Chat\Vendors\Google\VendorGoogleChatResult.cs(644,53): warning CS8618: Non-nullable property 'GroundingPassage' must contain a non-null value when exiting constructor. Consider adding the 'required' modifier or declaring the property as nullable. [C:\Users\lordo\Documents\GitHub\llmtornado\src\LlmTornado\LlmTornado.csproj::TargetFramework=net10.0]
C:\Users\lordo\Documents\GitHub\llmtornado\src\LlmTornado\Chat\Vendors\Google\VendorGoogleChatResult.cs(650,57): warning CS8618: Non-nullable property 'SemanticRetrieverChunk' must contain a non-null value when exiting constructor. Consider adding the 'required' modifier or declaring the property as nullable. [C:\Users\lordo\Documents\GitHub\llmtornado\src\LlmTornado\LlmTornado.csproj::TargetFramework=net10.0]
C:\Users\lordo\Documents\GitHub\llmtornado\src\LlmTornado\Chat\Vendors\Google\VendorGoogleChatResult.cs(626,54): warning CS8618: Non-nullable property 'SourceId' must contain a non-null value when exiting constructor. Consider adding the 'required' modifier or declaring the property as nullable. [C:\Users\lordo\Documents\GitHub\llmtornado\src\LlmTornado\LlmTornado.csproj::TargetFramework=net10.0]
C:\Users\lordo\Documents\GitHub\llmtornado\src\LlmTornado\Chat\Vendors\Google\VendorGoogleChatResult.cs(632,67): warning CS8618: Non-nullable property 'Content' must contain a non-null value when exiting constructor. Consider adding the 'required' modifier or declaring the property as nullable. [C:\Users\lordo\Documents\GitHub\llmtornado\src\LlmTornado\LlmTornado.csproj::TargetFramework=net10.0]
C:\Users\lordo\Documents\GitHub\llmtornado\src\LlmTornado\Chat\Vendors\Google\VendorGoogleChatResult.cs(594,19): warning CS8618: Non-nullable property 'RenderedContent' must contain a non-null value when exiting constructor. Consider adding the 'required' modifier or declaring the property as nullable. [C:\Users\lordo\Documents\GitHub\llmtornado\src\LlmTornado\LlmTornado.csproj::TargetFramework=net10.0]
C:\Users\lordo\Documents\GitHub\llmtornado\src\LlmTornado\Chat\Vendors\Google\VendorGoogleChatResult.cs(601,19): warning CS8618: Non-nullable property 'SdkBlob' must contain a non-null value when exiting constructor. Consider adding the 'required' modifier or declaring the property as nullable. [C:\Users\lordo\Documents\GitHub\llmtornado\src\LlmTornado\LlmTornado.csproj::TargetFramework=net10.0]
C:\Users\lordo\Documents\GitHub\llmtornado\src\LlmTornado\Chat\Vendors\Google\VendorGoogleChatResult.cs(582,19): warning CS8618: Non-nullable property 'Text' must contain a non-null value when exiting constructor. Consider adding the 'required' modifier or declaring the property as nullable. [C:\Users\lordo\Documents\GitHub\llmtornado\src\LlmTornado\LlmTornado.csproj::TargetFramework=net10.0]
C:\Users\lordo\Documents\GitHub\llmtornado\src\LlmTornado\Chat\Vendors\Google\VendorGoogleChatResult.cs(552,42): warning CS8618: Non-nullable property 'Segment' must contain a non-null value when exiting constructor. Consider adding the 'required' modifier or declaring the property as nullable. [C:\Users\lordo\Documents\GitHub\llmtornado\src\LlmTornado\LlmTornado.csproj::TargetFramework=net10.0]
C:\Users\lordo\Documents\GitHub\llmtornado\src\LlmTornado\Chat\Vendors\Google\VendorGoogleChatResult.cs(516,19): warning CS8618: Non-nullable property 'ReviewId' must contain a non-null value when exiting constructor. Consider adding the 'required' modifier or declaring the property as nullable. [C:\Users\lordo\Documents\GitHub\llmtornado\src\LlmTornado\LlmTornado.csproj::TargetFramework=net10.0]
C:\Users\lordo\Documents\GitHub\llmtornado\src\LlmTornado\Chat\Vendors\Google\VendorGoogleChatResult.cs(522,19): warning CS8618: Non-nullable property 'GoogleMapsUri' must contain a non-null value when exiting constructor. Consider adding the 'required' modifier or declaring the property as nullable. [C:\Users\lordo\Documents\GitHub\llmtornado\src\LlmTornado\LlmTornado.csproj::TargetFramework=net10.0]
C:\Users\lordo\Documents\GitHub\llmtornado\src\LlmTornado\Chat\Vendors\Google\VendorGoogleChatResult.cs(528,19): warning CS8618: Non-nullable property 'Title' must contain a non-null value when exiting constructor. Consider adding the 'required' modifier or declaring the property as nullable. [C:\Users\lordo\Documents\GitHub\llmtornado\src\LlmTornado\LlmTornado.csproj::TargetFramework=net10.0]
C:\Users\lordo\Documents\GitHub\llmtornado\src\LlmTornado\Chat\Vendors\Google\VendorGoogleChatResult.cs(468,19): warning CS8618: Non-nullable property 'Uri' must contain a non-null value when exiting constructor. Consider adding the 'required' modifier or declaring the property as nullable. [C:\Users\lordo\Documents\GitHub\llmtornado\src\LlmTornado\LlmTornado.csproj::TargetFramework=net10.0]
C:\Users\lordo\Documents\GitHub\llmtornado\src\LlmTornado\Chat\Vendors\Google\VendorGoogleChatResult.cs(474,19): warning CS8618: Non-nullable property 'Title' must contain a non-null value when exiting constructor. Consider adding the 'required' modifier or declaring the property as nullable. [C:\Users\lordo\Documents\GitHub\llmtornado\src\LlmTornado\LlmTornado.csproj::TargetFramework=net10.0]
C:\Users\lordo\Documents\GitHub\llmtornado\src\LlmTornado\Chat\Vendors\Google\VendorGoogleChatResult.cs(480,19): warning CS8618: Non-nullable property 'Text' must contain a non-null value when exiting constructor. Consider adding the 'required' modifier or declaring the property as nullable. [C:\Users\lordo\Documents\GitHub\llmtornado\src\LlmTornado\LlmTornado.csproj::TargetFramework=net10.0]
C:\Users\lordo\Documents\GitHub\llmtornado\src\LlmTornado\Chat\Vendors\Google\VendorGoogleChatResult.cs(486,19): warning CS8618: Non-nullable property 'PlaceId' must contain a non-null value when exiting constructor. Consider adding the 'required' modifier or declaring the property as nullable. [C:\Users\lordo\Documents\GitHub\llmtornado\src\LlmTornado\LlmTornado.csproj::TargetFramework=net10.0]
C:\Users\lordo\Documents\GitHub\llmtornado\src\LlmTornado\Chat\Vendors\Google\VendorGoogleChatResult.cs(450,19): warning CS8618: Non-nullable property 'Uri' must contain a non-null value when exiting constructor. Consider adding the 'required' modifier or declaring the property as nullable. [C:\Users\lordo\Documents\GitHub\llmtornado\src\LlmTornado\LlmTornado.csproj::TargetFramework=net10.0]
C:\Users\lordo\Documents\GitHub\llmtornado\src\LlmTornado\Chat\Vendors\Google\VendorGoogleChatResult.cs(456,19): warning CS8618: Non-nullable property 'Title' must contain a non-null value when exiting constructor. Consider adding the 'required' modifier or declaring the property as nullable. [C:\Users\lordo\Documents\GitHub\llmtornado\src\LlmTornado\LlmTornado.csproj::TargetFramework=net10.0]
C:\Users\lordo\Documents\GitHub\llmtornado\src\LlmTornado\Chat\Vendors\Google\VendorGoogleChatResult.cs(345,52): warning CS8618: Non-nullable property 'RetrievalMetadata' must contain a non-null value when exiting constructor. Consider adding the 'required' modifier or declaring the property as nullable. [C:\Users\lordo\Documents\GitHub\llmtornado\src\LlmTornado\LlmTornado.csproj::TargetFramework=net10.0]
C:\Users\lordo\Documents\GitHub\llmtornado\src\LlmTornado\Chat\Vendors\Google\VendorGoogleChatResult.cs(297,19): warning CS8618: Non-nullable property 'Token' must contain a non-null value when exiting constructor. Consider adding the 'required' modifier or declaring the property as nullable. [C:\Users\lordo\Documents\GitHub\llmtornado\src\LlmTornado\LlmTornado.csproj::TargetFramework=net10.0]
C:\Users\lordo\Documents\GitHub\llmtornado\src\LlmTornado\Chat\Vendors\Google\VendorGoogleChatResult.cs(212,19): warning CS8618: Non-nullable property 'RetrievedUrl' must contain a non-null value when exiting constructor. Consider adding the 'required' modifier or declaring the property as nullable. [C:\Users\lordo\Documents\GitHub\llmtornado\src\LlmTornado\LlmTornado.csproj::TargetFramework=net10.0]
C:\Users\lordo\Documents\GitHub\llmtornado\src\LlmTornado\Chat\ConversationCompression.cs(136,69): warning CS8604: Possible null reference argument for parameter 'model' in 'Conversation ChatEndpoint.CreateConversation(ChatModel model, double? temperature = null, int? maxTokens = null)'. [C:\Users\lordo\Documents\GitHub\llmtornado\src\LlmTornado\LlmTornado.csproj::TargetFramework=net10.0]
C:\Users\lordo\Documents\GitHub\llmtornado\src\LlmTornado\Chat\ConversationCompression.cs(142,20): warning CS8602: Dereference of a possibly null reference. [C:\Users\lordo\Documents\GitHub\llmtornado\src\LlmTornado\LlmTornado.csproj::TargetFramework=net10.0]
C:\Users\lordo\Documents\GitHub\llmtornado\src\LlmTornado\Chat\ConversationCompression.cs(187,69): warning CS8604: Possible null reference argument for parameter 'model' in 'Conversation ChatEndpoint.CreateConversation(ChatModel model, double? temperature = null, int? maxTokens = null)'. [C:\Users\lordo\Documents\GitHub\llmtornado\src\LlmTornado\LlmTornado.csproj::TargetFramework=net10.0]
C:\Users\lordo\Documents\GitHub\llmtornado\src\LlmTornado\Chat\ConversationCompression.cs(194,20): warning CS8602: Dereference of a possibly null reference. [C:\Users\lordo\Documents\GitHub\llmtornado\src\LlmTornado\LlmTornado.csproj::TargetFramework=net10.0]
C:\Users\lordo\Documents\GitHub\llmtornado\src\LlmTornado\Chat\ResolvedToolsCall.cs(37,24): warning CS8618: Non-nullable property 'ToolMessage' must contain a non-null value when exiting constructor. Consider adding the 'required' modifier or declaring the property as nullable. [C:\Users\lordo\Documents\GitHub\llmtornado\src\LlmTornado\LlmTornado.csproj::TargetFramework=net10.0]
C:\Users\lordo\Documents\GitHub\llmtornado\src\LlmTornado\Responses\ResponsesWebSocketConnection.cs(228,36): error CS1503: Argument 1: cannot convert from 'object' to 'string' [C:\Users\lordo\Documents\GitHub\llmtornado\src\LlmTornado\LlmTornado.csproj::TargetFramework=net10.0]
C:\Users\lordo\Documents\GitHub\llmtornado\src\LlmTornado\Chat\ResolvedToolsCall.cs(50,24): warning CS8618: Non-nullable property 'AssistantMessage' must contain a non-null value when exiting constructor. Consider adding the 'required' modifier or declaring the property as nullable. [C:\Users\lordo\Documents\GitHub\llmtornado\src\LlmTornado\LlmTornado.csproj::TargetFramework=net10.0]
C:\Users\lordo\Documents\GitHub\llmtornado\src\LlmTornado\Chat\Vendors\Alibaba\VendorAlibabaChatRequest.cs(18,50): warning CS8604: Possible null reference argument for parameter 'o' in 'JObject JObject.FromObject(object o, JsonSerializer jsonSerializer)'. [C:\Users\lordo\Documents\GitHub\llmtornado\src\LlmTornado\LlmTornado.csproj::TargetFramework=net10.0]
C:\Users\lordo\Documents\GitHub\llmtornado\src\LlmTornado\Vendor\Anthropic\VendorAnthropicChatResultContainer.cs(22,19): warning CS8618: Non-nullable property 'Type' must contain a non-null value when exiting constructor. Consider adding the 'required' modifier or declaring the property as nullable. [C:\Users\lordo\Documents\GitHub\llmtornado\src\LlmTornado\LlmTornado.csproj::TargetFramework=net10.0]
C:\Users\lordo\Documents\GitHub\llmtornado\src\LlmTornado\Vendor\Anthropic\VendorAnthropicChatResultContainer.cs(25,19): warning CS8618: Non-nullable property 'SkillId' must contain a non-null value when exiting constructor. Consider adding the 'required' modifier or declaring the property as nullable. [C:\Users\lordo\Documents\GitHub\llmtornado\src\LlmTornado\LlmTornado.csproj::TargetFramework=net10.0]
C:\Users\lordo\Documents\GitHub\llmtornado\src\LlmTornado\Vendor\Anthropic\VendorAnthropicChatResultContainer.cs(28,19): warning CS8618: Non-nullable property 'Version' must contain a non-null value when exiting constructor. Consider adding the 'required' modifier or declaring the property as nullable. [C:\Users\lordo\Documents\GitHub\llmtornado\src\LlmTornado\LlmTornado.csproj::TargetFramework=net10.0]
C:\Users\lordo\Documents\GitHub\llmtornado\src\LlmTornado\Vendor\Anthropic\VendorAnthropicChatResultContainer.cs(10,19): warning CS8618: Non-nullable property 'Id' must contain a non-null value when exiting constructor. Consider adding the 'required' modifier or declaring the property as nullable. [C:\Users\lordo\Documents\GitHub\llmtornado\src\LlmTornado\LlmTornado.csproj::TargetFramework=net10.0]
C:\Users\lordo\Documents\GitHub\llmtornado\src\LlmTornado\Vendor\Anthropic\VendorAnthropicChatResultContainer.cs(16,54): warning CS8618: Non-nullable property 'Skills' must contain a non-null value when exiting constructor. Consider adding the 'required' modifier or declaring the property as nullable. [C:\Users\lordo\Documents\GitHub\llmtornado\src\LlmTornado\LlmTornado.csproj::TargetFramework=net10.0]
C:\Users\lordo\Documents\GitHub\llmtornado\src\LlmTornado\Code\PartialModels.cs(1607,12): warning CS8618: Non-nullable property 'Url' must contain a non-null value when exiting constructor. Consider adding the 'required' modifier or declaring the property as nullable. [C:\Users\lordo\Documents\GitHub\llmtornado\src\LlmTornado\LlmTornado.csproj::TargetFramework=net10.0]
C:\Users\lordo\Documents\GitHub\llmtornado\src\LlmTornado\Responses\ResponsesSession.cs(26,30): warning CS8618: Non-nullable property 'Endpoint' must contain a non-null value when exiting constructor. Consider adding the 'required' modifier or declaring the property as nullable. [C:\Users\lordo\Documents\GitHub\llmtornado\src\LlmTornado\LlmTornado.csproj::TargetFramework=net10.0]
C:\Users\lordo\Documents\GitHub\llmtornado\src\LlmTornado\Chat\Vendors\Google\VendorGoogleChatResult.cs(94,30): warning CS8618: Non-nullable property 'Meta' must contain a non-null value when exiting constructor. Consider adding the 'required' modifier or declaring the property as nullable. [C:\Users\lordo\Documents\GitHub\llmtornado\src\LlmTornado\LlmTornado.csproj::TargetFramework=net10.0]
C:\Users\lordo\Documents\GitHub\llmtornado\src\LlmTornado\Chat\Vendors\Google\VendorGoogleChatResult.cs(26,71): warning CS8618: Non-nullable property 'Content' must contain a non-null value when exiting constructor. Consider adding the 'required' modifier or declaring the property as nullable. [C:\Users\lordo\Documents\GitHub\llmtornado\src\LlmTornado\LlmTornado.csproj::TargetFramework=net10.0]
C:\Users\lordo\Documents\GitHub\llmtornado\src\LlmTornado\Chat\Vendors\Cohere\VendorCohereCitationBlock.cs(11,19): warning CS8618: Non-nullable property 'Text' must contain a non-null value when exiting constructor. Consider adding the 'required' modifier or declaring the property as nullable. [C:\Users\lordo\Documents\GitHub\llmtornado\src\LlmTornado\LlmTornado.csproj::TargetFramework=net10.0]
C:\Users\lordo\Documents\GitHub\llmtornado\src\LlmTornado\Chat\Vendors\Cohere\VendorCohereChatTool.cs(50,19): warning CS8618: Non-nullable property 'Name' must contain a non-null value when exiting constructor. Consider adding the 'required' modifier or declaring the property as nullable. [C:\Users\lordo\Documents\GitHub\llmtornado\src\LlmTornado\LlmTornado.csproj::TargetFramework=net10.0]
C:\Users\lordo\Documents\GitHub\llmtornado\src\LlmTornado\Chat\Vendors\Cohere\VendorCohereChatTool.cs(29,19): warning CS8618: Non-nullable property 'Description' must contain a non-null value when exiting constructor. Consider adding the 'required' modifier or declaring the property as nullable. [C:\Users\lordo\Documents\GitHub\llmtornado\src\LlmTornado\LlmTornado.csproj::TargetFramework=net10.0]
C:\Users\lordo\Documents\GitHub\llmtornado\src\LlmTornado\Chat\Vendors\Cohere\VendorCohereChatTool.cs(32,19): warning CS8618: Non-nullable property 'Type' must contain a non-null value when exiting constructor. Consider adding the 'required' modifier or declaring the property as nullable. [C:\Users\lordo\Documents\GitHub\llmtornado\src\LlmTornado\LlmTornado.csproj::TargetFramework=net10.0]
C:\Users\lordo\Documents\GitHub\llmtornado\src\LlmTornado\Chat\Vendors\Cohere\VendorCohereChatTool.cs(21,19): warning CS8618: Non-nullable property 'Name' must contain a non-null value when exiting constructor. Consider adding the 'required' modifier or declaring the property as nullable. [C:\Users\lordo\Documents\GitHub\llmtornado\src\LlmTornado\LlmTornado.csproj::TargetFramework=net10.0]
C:\Users\lordo\Documents\GitHub\llmtornado\src\LlmTornado\Chat\Vendors\Cohere\VendorCohereChatTool.cs(9,19): warning CS8618: Non-nullable property 'Name' must contain a non-null value when exiting constructor. Consider adding the 'required' modifier or declaring the property as nullable. [C:\Users\lordo\Documents\GitHub\llmtornado\src\LlmTornado\LlmTornado.csproj::TargetFramework=net10.0]
C:\Users\lordo\Documents\GitHub\llmtornado\src\LlmTornado\Chat\Vendors\Cohere\VendorCohereChatTool.cs(12,19): warning CS8618: Non-nullable property 'Description' must contain a non-null value when exiting constructor. Consider adding the 'required' modifier or declaring the property as nullable. [C:\Users\lordo\Documents\GitHub\llmtornado\src\LlmTornado\LlmTornado.csproj::TargetFramework=net10.0]
C:\Users\lordo\Documents\GitHub\llmtornado\src\LlmTornado\Chat\Vendors\Cohere\VendorCohereChatSearchResult.cs(15,40): warning CS8618: Non-nullable property 'SearchQuery' must contain a non-null value when exiting constructor. Consider adding the 'required' modifier or declaring the property as nullable. [C:\Users\lordo\Documents\GitHub\llmtornado\src\LlmTornado\LlmTornado.csproj::TargetFramework=net10.0]
C:\Users\lordo\Documents\GitHub\llmtornado\src\LlmTornado\Chat\Vendors\Cohere\VendorCohereChatSearchResult.cs(21,25): warning CS8618: Non-nullable property 'DocumentIds' must contain a non-null value when exiting constructor. Consider adding the 'required' modifier or declaring the property as nullable. [C:\Users\lordo\Documents\GitHub\llmtornado\src\LlmTornado\LlmTornado.csproj::TargetFramework=net10.0]
C:\Users\lordo\Documents\GitHub\llmtornado\src\LlmTornado\Chat\Vendors\Cohere\VendorCohereChatSearchResult.cs(27,49): warning CS8618: Non-nullable property 'Connector' must contain a non-null value when exiting constructor. Consider adding the 'required' modifier or declaring the property as nullable. [C:\Users\lordo\Documents\GitHub\llmtornado\src\LlmTornado\LlmTornado.csproj::TargetFramework=net10.0]
C:\Users\lordo\Documents\GitHub\llmtornado\src\LlmTornado\Chat\Vendors\Cohere\VendorCohereChatSearchQueryConnector.cs(14,19): warning CS8618: Non-nullable property 'Id' must contain a non-null value when exiting constructor. Consider adding the 'required' modifier or declaring the property as nullable. [C:\Users\lordo\Documents\GitHub\llmtornado\src\LlmTornado\LlmTornado.csproj::TargetFramework=net10.0]
C:\Users\lordo\Documents\GitHub\llmtornado\src\LlmTornado\Chat\Vendors\Cohere\VendorCohereChatSearchQuery.cs(15,19): warning CS8618: Non-nullable property 'Text' must contain a non-null value when exiting constructor. Consider adding the 'required' modifier or declaring the property as nullable. [C:\Users\lordo\Documents\GitHub\llmtornado\src\LlmTornado\LlmTornado.csproj::TargetFramework=net10.0]
C:\Users\lordo\Documents\GitHub\llmtornado\src\LlmTornado\Chat\Vendors\Cohere\VendorCohereChatSearchQuery.cs(21,19): warning CS8618: Non-nullable property 'GenerationId' must contain a non-null value when exiting constructor. Consider adding the 'required' modifier or declaring the property as nullable. [C:\Users\lordo\Documents\GitHub\llmtornado\src\LlmTornado\LlmTornado.csproj::TargetFramework=net10.0]
C:\Users\lordo\Documents\GitHub\llmtornado\src\LlmTornado\Chat\Vendors\Cohere\ChatResponseVendorCohereExtensions.cs(39,12): warning CS8618: Non-nullable property 'Response' must contain a non-null value when exiting constructor. Consider adding the 'required' modifier or declaring the property as nullable. [C:\Users\lordo\Documents\GitHub\llmtornado\src\LlmTornado\LlmTornado.csproj::TargetFramework=net10.0]
C:\Users\lordo\Documents\GitHub\llmtornado\src\LlmTornado\Chat\Vendors\Cohere\ChatResponseVendorCohereExtensions.cs(84,47): warning CS8604: Possible null reference argument for parameter 'txt' in 'string ClearSnippet(string txt)'. [C:\Users\lordo\Documents\GitHub\llmtornado\src\LlmTornado\LlmTornado.csproj::TargetFramework=net10.0]
C:\Users\lordo\Documents\GitHub\llmtornado\src\LlmTornado\Chat\Vendors\Cohere\ChatResponseVendorCohereExtensions.cs(129,14): warning CS8618: Non-nullable property 'Response' must contain a non-null value when exiting constructor. Consider adding the 'required' modifier or declaring the property as nullable. [C:\Users\lordo\Documents\GitHub\llmtornado\src\LlmTornado\LlmTornado.csproj::TargetFramework=net10.0]
C:\Users\lordo\Documents\GitHub\llmtornado\src\LlmTornado\Chat\Models\Anthropic\ChatModelAnthropicClaude3.cs(50,106): warning CS0618: 'ChatModelAnthropicClaude3.ModelSonnet' is obsolete: 'deprecated' [C:\Users\lordo\Documents\GitHub\llmtornado\src\LlmTornado\LlmTornado.csproj::TargetFramework=net10.0]
C:\Users\lordo\Documents\GitHub\llmtornado\src\LlmTornado\Chat\Models\Upstage\ChatModelUpstage.cs(51,9): warning CS8604: Possible null reference argument for parameter 'item' in 'void List<IModel>.Add(IModel item)'. [C:\Users\lordo\Documents\GitHub\llmtornado\src\LlmTornado\LlmTornado.csproj::TargetFramework=net10.0]
C:\Users\lordo\Documents\GitHub\llmtornado\src\LlmTornado\Chat\Models\Upstage\ChatModelUpstage.cs(52,9): warning CS8604: Possible null reference argument for parameter 'item' in 'void List<IModel>.Add(IModel item)'. [C:\Users\lordo\Documents\GitHub\llmtornado\src\LlmTornado\LlmTornado.csproj::TargetFramework=net10.0]
C:\Users\lordo\Documents\GitHub\llmtornado\src\LlmTornado\Chat\Models\Upstage\ChatModelUpstage.cs(53,9): warning CS8604: Possible null reference argument for parameter 'item' in 'void List<IModel>.Add(IModel item)'. [C:\Users\lordo\Documents\GitHub\llmtornado\src\LlmTornado\LlmTornado.csproj::TargetFramework=net10.0]
C:\Users\lordo\Documents\GitHub\llmtornado\src\LlmTornado\Chat\Models\Upstage\ChatModelUpstage.cs(54,9): warning CS8604: Possible null reference argument for parameter 'item' in 'void List<IModel>.Add(IModel item)'. [C:\Users\lordo\Documents\GitHub\llmtornado\src\LlmTornado\LlmTornado.csproj::TargetFramework=net10.0]
C:\Users\lordo\Documents\GitHub\llmtornado\src\LlmTornado\Chat\Models\Upstage\ChatModelUpstage.cs(55,9): warning CS8604: Possible null reference argument for parameter 'item' in 'void List<IModel>.Add(IModel item)'. [C:\Users\lordo\Documents\GitHub\llmtornado\src\LlmTornado\LlmTornado.csproj::TargetFramework=net10.0]
C:\Users\lordo\Documents\GitHub\llmtornado\src\LlmTornado\Chat\Vendors\Cohere\ChatVendorCohereExtensionConnector.cs(146,59): warning CS8604: Possible null reference argument for parameter 'id' in 'ChatVendorCohereExtensionConnector.ChatVendorCohereExtensionConnector(string id)'. [C:\Users\lordo\Documents\GitHub\llmtornado\src\LlmTornado\LlmTornado.csproj::TargetFramework=net10.0]
C:\Users\lordo\Documents\GitHub\llmtornado\src\LlmTornado\Code\PartialModels.cs(1479,31): warning CS8618: Non-nullable property 'FunctionCalls' must contain a non-null value when exiting constructor. Consider adding the 'required' modifier or declaring the property as nullable. [C:\Users\lordo\Documents\GitHub\llmtornado\src\LlmTornado\LlmTornado.csproj::TargetFramework=net10.0]
C:\Users\lordo\Documents\GitHub\llmtornado\src\LlmTornado\Code\PartialModels.cs(1480,33): warning CS8618: Non-nullable property 'CustomToolCalls' must contain a non-null value when exiting constructor. Consider adding the 'required' modifier or declaring the property as nullable. [C:\Users\lordo\Documents\GitHub\llmtornado\src\LlmTornado\LlmTornado.csproj::TargetFramework=net10.0]
C:\Users\lordo\Documents\GitHub\llmtornado\src\LlmTornado\Code\MimeTypeMap\MimeTypMap.cs(73,58): warning CS8601: Possible null reference assignment. [C:\Users\lordo\Documents\GitHub\llmtornado\src\LlmTornado\LlmTornado.csproj::TargetFramework=net10.0]
C:\Users\lordo\Documents\GitHub\llmtornado\src\LlmTornado\Code\PartialModels.cs(1029,19): warning CS8618: Non-nullable property 'Id' must contain a non-null value when exiting constructor. Consider adding the 'required' modifier or declaring the property as nullable. [C:\Users\lordo\Documents\GitHub\llmtornado\src\LlmTornado\LlmTornado.csproj::TargetFramework=net10.0]
C:\Users\lordo\Documents\GitHub\llmtornado\src\LlmTornado\Code\PartialModels.cs(1052,19): warning CS8618: Non-nullable property 'Transcript' must contain a non-null value when exiting constructor. Consider adding the 'required' modifier or declaring the property as nullable. [C:\Users\lordo\Documents\GitHub\llmtornado\src\LlmTornado\LlmTornado.csproj::TargetFramework=net10.0]
C:\Users\lordo\Documents\GitHub\llmtornado\src\LlmTornado\Code\PartialModels.cs(995,21): warning CS8618: Non-nullable property 'ToolCall' must contain a non-null value when exiting constructor. Consider adding the 'required' modifier or declaring the property as nullable. [C:\Users\lordo\Documents\GitHub\llmtornado\src\LlmTornado\LlmTornado.csproj::TargetFramework=net10.0]
C:\Users\lordo\Documents\GitHub\llmtornado\src\LlmTornado\Code\PartialModels.cs(996,26): warning CS8618: Non-nullable property 'ArgumentsBuilder' must contain a non-null value when exiting constructor. Consider adding the 'required' modifier or declaring the property as nullable. [C:\Users\lordo\Documents\GitHub\llmtornado\src\LlmTornado\LlmTornado.csproj::TargetFramework=net10.0]
C:\Users\lordo\Documents\GitHub\llmtornado\src\LlmTornado\Code\Models\ModelBase.cs(114,19): warning CS8618: Non-nullable property 'Name' must contain a non-null value when exiting constructor. Consider adding the 'required' modifier or declaring the property as nullable. [C:\Users\lordo\Documents\GitHub\llmtornado\src\LlmTornado\LlmTornado.csproj::TargetFramework=net10.0]
C:\Users\lordo\Documents\GitHub\llmtornado\src\LlmTornado\Code\Models\ModelBase.cs(173,19): warning CS8618: Non-nullable property 'Object' must contain a non-null value when exiting constructor. Consider adding the 'required' modifier or declaring the property as nullable. [C:\Users\lordo\Documents\GitHub\llmtornado\src\LlmTornado\LlmTornado.csproj::TargetFramework=net10.0]
C:\Users\lordo\Documents\GitHub\llmtornado\src\LlmTornado\Code\PartialModels.cs(296,19): warning CS8618: Non-nullable property 'Content' must contain a non-null value when exiting constructor. Consider adding the 'required' modifier or declaring the property as nullable. [C:\Users\lordo\Documents\GitHub\llmtornado\src\LlmTornado\LlmTornado.csproj::TargetFramework=net10.0]
C:\Users\lordo\Documents\GitHub\llmtornado\src\LlmTornado\Code\PartialModels.cs(301,19): warning CS8618: Non-nullable property 'Signature' must contain a non-null value when exiting constructor. Consider adding the 'required' modifier or declaring the property as nullable. [C:\Users\lordo\Documents\GitHub\llmtornado\src\LlmTornado\LlmTornado.csproj::TargetFramework=net10.0]
C:\Users\lordo\Documents\GitHub\llmtornado\src\LlmTornado\Chat\Vendors\Anthropic\VendorAnthropicChatResult.cs(523,72): error CS0117: 'ChatMessagePartAnthropicExtensions' does not contain a definition for 'AdvisorToolResult' [C:\Users\lordo\Documents\GitHub\llmtornado\src\LlmTornado\LlmTornado.csproj::TargetFramework=net10.0]
C:\Users\lordo\Documents\GitHub\llmtornado\src\LlmTornado\Chat\Vendors\Anthropic\VendorAnthropicChatResult.cs(331,35): warning CS8604: Possible null reference argument for parameter 'usage' in 'ChatUsage.ChatUsage(VendorAnthropicUsage usage)'. [C:\Users\lordo\Documents\GitHub\llmtornado\src\LlmTornado\LlmTornado.csproj::TargetFramework=net10.0]
C:\Users\lordo\Documents\GitHub\llmtornado\src\LlmTornado\Chat\Vendors\Cohere\VendorCohereChatResult.cs(59,19): warning CS8618: Non-nullable property 'ResponseId' must contain a non-null value when exiting constructor. Consider adding the 'required' modifier or declaring the property as nullable. [C:\Users\lordo\Documents\GitHub\llmtornado\src\LlmTornado\LlmTornado.csproj::TargetFramework=net10.0]
C:\Users\lordo\Documents\GitHub\llmtornado\src\LlmTornado\Chat\Vendors\Cohere\VendorCohereChatResult.cs(184,23): warning CS8618: Non-nullable property 'Text' must contain a non-null value when exiting constructor. Consider adding the 'required' modifier or declaring the property as nullable. [C:\Users\lordo\Documents\GitHub\llmtornado\src\LlmTornado\LlmTornado.csproj::TargetFramework=net10.0]
C:\Users\lordo\Documents\GitHub\llmtornado\src\LlmTornado\Chat\Vendors\Cohere\VendorCohereChatResult.cs(187,29): warning CS8618: Non-nullable property 'Sources' must contain a non-null value when exiting constructor. Consider adding the 'required' modifier or declaring the property as nullable. [C:\Users\lordo\Documents\GitHub\llmtornado\src\LlmTornado\LlmTornado.csproj::TargetFramework=net10.0]
C:\Users\lordo\Documents\GitHub\llmtornado\src\LlmTornado\Chat\Vendors\Cohere\VendorCohereChatResult.cs(163,23): warning CS8618: Non-nullable property 'Name' must contain a non-null value when exiting constructor. Consider adding the 'required' modifier or declaring the property as nullable. [C:\Users\lordo\Documents\GitHub\llmtornado\src\LlmTornado\LlmTornado.csproj::TargetFramework=net10.0]
C:\Users\lordo\Documents\GitHub\llmtornado\src\LlmTornado\Chat\Vendors\Cohere\VendorCohereChatResult.cs(169,23): warning CS8618: Non-nullable property 'Arguments' must contain a non-null value when exiting constructor. Consider adding the 'required' modifier or declaring the property as nullable. [C:\Users\lordo\Documents\GitHub\llmtornado\src\LlmTornado\LlmTornado.csproj::TargetFramework=net10.0]
C:\Users\lordo\Documents\GitHub\llmtornado\src\LlmTornado\Chat\Vendors\Cohere\VendorCohereChatResult.cs(139,23): warning CS8618: Non-nullable property 'Id' must contain a non-null value when exiting constructor. Consider adding the 'required' modifier or declaring the property as nullable. [C:\Users\lordo\Documents\GitHub\llmtornado\src\LlmTornado\LlmTornado.csproj::TargetFramework=net10.0]
C:\Users\lordo\Documents\GitHub\llmtornado\src\LlmTornado\Chat\Vendors\Cohere\VendorCohereChatResult.cs(151,45): warning CS8618: Non-nullable property 'Function' must contain a non-null value when exiting constructor. Consider adding the 'required' modifier or declaring the property as nullable. [C:\Users\lordo\Documents\GitHub\llmtornado\src\LlmTornado\LlmTornado.csproj::TargetFramework=net10.0]
C:\Users\lordo\Documents\GitHub\llmtornado\src\LlmTornado\Chat\Vendors\Cohere\VendorCohereChatResult.cs(118,23): warning CS8618: Non-nullable property 'Text' must contain a non-null value when exiting constructor. Consider adding the 'required' modifier or declaring the property as nullable. [C:\Users\lordo\Documents\GitHub\llmtornado\src\LlmTornado\LlmTornado.csproj::TargetFramework=net10.0]
C:\Users\lordo\Documents\GitHub\llmtornado\src\LlmTornado\Chat\Vendors\Cohere\VendorCohereChatResult.cs(121,23): warning CS8618: Non-nullable property 'Thinking' must contain a non-null value when exiting constructor. Consider adding the 'required' modifier or declaring the property as nullable. [C:\Users\lordo\Documents\GitHub\llmtornado\src\LlmTornado\LlmTornado.csproj::TargetFramework=net10.0]
C:\Users\lordo\Documents\GitHub\llmtornado\src\LlmTornado\Chat\Vendors\Cohere\VendorCohereChatResult.cs(50,39): warning CS8618: Non-nullable property 'Document' must contain a non-null value when exiting constructor. Consider adding the 'required' modifier or declaring the property as nullable. [C:\Users\lordo\Documents\GitHub\llmtornado\src\LlmTornado\LlmTornado.csproj::TargetFramework=net10.0]
C:\Users\lordo\Documents\GitHub\llmtornado\src\LlmTornado\Chat\Vendors\Cohere\VendorCohereChatResult.cs(53,19): warning CS8618: Non-nullable property 'Id' must contain a non-null value when exiting constructor. Consider adding the 'required' modifier or declaring the property as nullable. [C:\Users\lordo\Documents\GitHub\llmtornado\src\LlmTornado\LlmTornado.csproj::TargetFramework=net10.0]
C:\Users\lordo\Documents\GitHub\llmtornado\src\LlmTornado\Chat\Vendors\Cohere\VendorCohereChatResult.cs(38,19): warning CS8618: Non-nullable property 'Id' must contain a non-null value when exiting constructor. Consider adding the 'required' modifier or declaring the property as nullable. [C:\Users\lordo\Documents\GitHub\llmtornado\src\LlmTornado\LlmTornado.csproj::TargetFramework=net10.0]
C:\Users\lordo\Documents\GitHub\llmtornado\src\LlmTornado\Chat\Vendors\Cohere\VendorCohereChatResult.cs(41,39): warning CS8618: Non-nullable property 'ToolOutput' must contain a non-null value when exiting constructor. Consider adding the 'required' modifier or declaring the property as nullable. [C:\Users\lordo\Documents\GitHub\llmtornado\src\LlmTornado\LlmTornado.csproj::TargetFramework=net10.0]
C:\Users\lordo\Documents\GitHub\llmtornado\src\LlmTornado\Chat\Vendors\Anthropic\VendorAnthropicChatResult.cs(270,19): warning CS8618: Non-nullable property 'Id' must contain a non-null value when exiting constructor. Consider adding the 'required' modifier or declaring the property as nullable. [C:\Users\lordo\Documents\GitHub\llmtornado\src\LlmTornado\LlmTornado.csproj::TargetFramework=net10.0]
C:\Users\lordo\Documents\GitHub\llmtornado\src\LlmTornado\Chat\Vendors\Anthropic\VendorAnthropicChatResult.cs(273,19): warning CS8618: Non-nullable property 'Type' must contain a non-null value when exiting constructor. Consider adding the 'required' modifier or declaring the property as nullable. [C:\Users\lordo\Documents\GitHub\llmtornado\src\LlmTornado\LlmTornado.csproj::TargetFramework=net10.0]
C:\Users\lordo\Documents\GitHub\llmtornado\src\LlmTornado\Chat\Vendors\Anthropic\VendorAnthropicChatResult.cs(276,19): warning CS8618: Non-nullable property 'Role' must contain a non-null value when exiting constructor. Consider adding the 'required' modifier or declaring the property as nullable. [C:\Users\lordo\Documents\GitHub\llmtornado\src\LlmTornado\LlmTornado.csproj::TargetFramework=net10.0]
C:\Users\lordo\Documents\GitHub\llmtornado\src\LlmTornado\Chat\Vendors\Anthropic\VendorAnthropicChatResult.cs(283,19): warning CS8618: Non-nullable property 'Model' must contain a non-null value when exiting constructor. Consider adding the 'required' modifier or declaring the property as nullable. [C:\Users\lordo\Documents\GitHub\llmtornado\src\LlmTornado\LlmTornado.csproj::TargetFramework=net10.0]
C:\Users\lordo\Documents\GitHub\llmtornado\src\LlmTornado\Chat\Vendors\Anthropic\VendorAnthropicChatResult.cs(293,19): warning CS8618: Non-nullable property 'StopReason' must contain a non-null value when exiting constructor. Consider adding the 'required' modifier or declaring the property as nullable. [C:\Users\lordo\Documents\GitHub\llmtornado\src\LlmTornado\LlmTornado.csproj::TargetFramework=net10.0]
C:\Users\lordo\Documents\GitHub\llmtornado\src\LlmTornado\Chat\Vendors\Anthropic\VendorAnthropicChatResult.cs(302,33): warning CS8618: Non-nullable property 'Usage' must contain a non-null value when exiting constructor. Consider adding the 'required' modifier or declaring the property as nullable. [C:\Users\lordo\Documents\GitHub\llmtornado\src\LlmTornado\LlmTornado.csproj::TargetFramework=net10.0]
C:\Users\lordo\Documents\GitHub\llmtornado\src\LlmTornado\Chat\Vendors\Anthropic\VendorAnthropicChatResult.cs(129,23): warning CS8618: Non-nullable property 'Type' must contain a non-null value when exiting constructor. Consider adding the 'required' modifier or declaring the property as nullable. [C:\Users\lordo\Documents\GitHub\llmtornado\src\LlmTornado\LlmTornado.csproj::TargetFramework=net10.0]
C:\Users\lordo\Documents\GitHub\llmtornado\src\LlmTornado\Chat\Vendors\Anthropic\VendorAnthropicChatResult.cs(78,23): warning CS8618: Non-nullable property 'Type' must contain a non-null value when exiting constructor. Consider adding the 'required' modifier or declaring the property as nullable. [C:\Users\lordo\Documents\GitHub\llmtornado\src\LlmTornado\LlmTornado.csproj::TargetFramework=net10.0]
C:\Users\lordo\Documents\GitHub\llmtornado\src\LlmTornado\Code\PartialModels.cs(84,22): warning CS8618: Non-nullable property 'Exception' must contain a non-null value when exiting constructor. Consider adding the 'required' modifier or declaring the property as nullable. [C:\Users\lordo\Documents\GitHub\llmtornado\src\LlmTornado\LlmTornado.csproj::TargetFramework=net10.0]
C:\Users\lordo\Documents\GitHub\llmtornado\src\LlmTornado\Code\PartialModels.cs(99,32): warning CS8618: Non-nullable property 'RawMessage' must contain a non-null value when exiting constructor. Consider adding the 'required' modifier or declaring the property as nullable. [C:\Users\lordo\Documents\GitHub\llmtornado\src\LlmTornado\LlmTornado.csproj::TargetFramework=net10.0]
C:\Users\lordo\Documents\GitHub\llmtornado\src\LlmTornado\Code\PartialModels.cs(104,34): warning CS8618: Non-nullable property 'Body' must contain a non-null value when exiting constructor. Consider adding the 'required' modifier or declaring the property as nullable. [C:\Users\lordo\Documents\GitHub\llmtornado\src\LlmTornado\LlmTornado.csproj::TargetFramework=net10.0]
C:\Users\lordo\Documents\GitHub\llmtornado\src\LlmTornado\Code\MimeTypeMap\MimeTypeMapMagicBytes.cs(234,59): warning CS8600: Converting null literal or possible null value to non-nullable type. [C:\Users\lordo\Documents\GitHub\llmtornado\src\LlmTornado\LlmTornado.csproj::TargetFramework=net10.0]
C:\Users\lordo\Documents\GitHub\llmtornado\src\LlmTornado\Responses\ResponsesEndpoint.cs(403,28): warning CS8604: Possible null reference argument for parameter 'data' in 'ValueTask<MethodInvocationResult> ResponseFunctionTool.Invoke(string data)'. [C:\Users\lordo\Documents\GitHub\llmtornado\src\LlmTornado\LlmTornado.csproj::TargetFramework=net10.0]
C:\Users\lordo\Documents\GitHub\llmtornado\src\LlmTornado\Code\PartialModels.cs(63,19): warning CS8618: Non-nullable property 'Stream' must contain a non-null value when exiting constructor. Consider adding the 'required' modifier or declaring the property as nullable. [C:\Users\lordo\Documents\GitHub\llmtornado\src\LlmTornado\LlmTornado.csproj::TargetFramework=net10.0]
C:\Users\lordo\Documents\GitHub\llmtornado\src\LlmTornado\Code\PartialModels.cs(68,26): warning CS8618: Non-nullable property 'Headers' must contain a non-null value when exiting constructor. Consider adding the 'required' modifier or declaring the property as nullable. [C:\Users\lordo\Documents\GitHub\llmtornado\src\LlmTornado\LlmTornado.csproj::TargetFramework=net10.0]
C:\Users\lordo\Documents\GitHub\llmtornado\src\LlmTornado\Code\PartialModels.cs(73,32): warning CS8618: Non-nullable property 'Response' must contain a non-null value when exiting constructor. Consider adding the 'required' modifier or declaring the property as nullable. [C:\Users\lordo\Documents\GitHub\llmtornado\src\LlmTornado\LlmTornado.csproj::TargetFramework=net10.0]
C:\Users\lordo\Documents\GitHub\llmtornado\src\LlmTornado\Responses\Events\ResponseEventOutputTextDelta.cs(35,19): warning CS8618: Non-nullable property 'ItemId' must contain a non-null value when exiting constructor. Consider adding the 'required' modifier or declaring the property as nullable. [C:\Users\lordo\Documents\GitHub\llmtornado\src\LlmTornado\LlmTornado.csproj::TargetFramework=net10.0]
C:\Users\lordo\Documents\GitHub\llmtornado\src\LlmTornado\Responses\Events\ResponseEventOutputTextDelta.cs(47,19): warning CS8618: Non-nullable property 'Delta' must contain a non-null value when exiting constructor. Consider adding the 'required' modifier or declaring the property as nullable. [C:\Users\lordo\Documents\GitHub\llmtornado\src\LlmTornado\LlmTornado.csproj::TargetFramework=net10.0]
C:\Users\lordo\Documents\GitHub\llmtornado\src\LlmTornado\Chat\Vendors\Anthropic\VendorAnthropicChatRequest.cs(72,12): warning CS8618: Non-nullable property 'Msg' must contain a non-null value when exiting constructor. Consider adding the 'required' modifier or declaring the property as nullable. [C:\Users\lordo\Documents\GitHub\llmtornado\src\LlmTornado\LlmTornado.csproj::TargetFramework=net10.0]
C:\Users\lordo\Documents\GitHub\llmtornado\src\LlmTornado\Chat\Vendors\Anthropic\VendorAnthropicChatRequest.cs(72,12): warning CS8618: Non-nullable property 'Parts' must contain a non-null value when exiting constructor. Consider adding the 'required' modifier or declaring the property as nullable. [C:\Users\lordo\Documents\GitHub\llmtornado\src\LlmTornado\LlmTornado.csproj::TargetFramework=net10.0]
C:\Users\lordo\Documents\GitHub\llmtornado\src\LlmTornado\Chat\Vendors\Cohere\VendorCohereChatRequest.cs(558,23): warning CS8600: Converting null literal or possible null value to non-nullable type. [C:\Users\lordo\Documents\GitHub\llmtornado\src\LlmTornado\LlmTornado.csproj::TargetFramework=net10.0]
C:\Users\lordo\Documents\GitHub\llmtornado\src\LlmTornado\Chat\Vendors\Cohere\VendorCohereChatRequest.cs(534,23): warning CS8600: Converting null literal or possible null value to non-nullable type. [C:\Users\lordo\Documents\GitHub\llmtornado\src\LlmTornado\LlmTornado.csproj::TargetFramework=net10.0]
C:\Users\lordo\Documents\GitHub\llmtornado\src\LlmTornado\Chat\Vendors\Cohere\VendorCohereChatRequest.cs(503,23): warning CS8600: Converting null literal or possible null value to non-nullable type. [C:\Users\lordo\Documents\GitHub\llmtornado\src\LlmTornado\LlmTornado.csproj::TargetFramework=net10.0]
C:\Users\lordo\Documents\GitHub\llmtornado\src\LlmTornado\Chat\Vendors\Cohere\VendorCohereChatRequest.cs(474,19): warning CS8618: Non-nullable property 'Type' must contain a non-null value when exiting constructor. Consider adding the 'required' modifier or declaring the property as nullable. [C:\Users\lordo\Documents\GitHub\llmtornado\src\LlmTornado\LlmTornado.csproj::TargetFramework=net10.0]
C:\Users\lordo\Documents\GitHub\llmtornado\src\LlmTornado\Chat\Vendors\Cohere\VendorCohereChatRequest.cs(430,19): warning CS8618: Non-nullable property 'Name' must contain a non-null value when exiting constructor. Consider adding the 'required' modifier or declaring the property as nullable. [C:\Users\lordo\Documents\GitHub\llmtornado\src\LlmTornado\LlmTornado.csproj::TargetFramework=net10.0]
C:\Users\lordo\Documents\GitHub\llmtornado\src\LlmTornado\Chat\Vendors\Cohere\VendorCohereChatRequest.cs(432,20): warning CS8618: Non-nullable property 'Parameters' must contain a non-null value when exiting constructor. Consider adding the 'required' modifier or declaring the property as nullable. [C:\Users\lordo\Documents\GitHub\llmtornado\src\LlmTornado\LlmTornado.csproj::TargetFramework=net10.0]
C:\Users\lordo\Documents\GitHub\llmtornado\src\LlmTornado\Chat\Vendors\Cohere\VendorCohereChatRequest.cs(424,43): warning CS8618: Non-nullable property 'Function' must contain a non-null value when exiting constructor. Consider adding the 'required' modifier or declaring the property as nullable. [C:\Users\lordo\Documents\GitHub\llmtornado\src\LlmTornado\LlmTornado.csproj::TargetFramework=net10.0]
C:\Users\lordo\Documents\GitHub\llmtornado\src\LlmTornado\Chat\Vendors\Cohere\VendorCohereChatRequest.cs(414,19): warning CS8618: Non-nullable property 'Name' must contain a non-null value when exiting constructor. Consider adding the 'required' modifier or declaring the property as nullable. [C:\Users\lordo\Documents\GitHub\llmtornado\src\LlmTornado\LlmTornado.csproj::TargetFramework=net10.0]
C:\Users\lordo\Documents\GitHub\llmtornado\src\LlmTornado\Chat\Vendors\Cohere\VendorCohereChatRequest.cs(416,19): warning CS8618: Non-nullable property 'Arguments' must contain a non-null value when exiting constructor. Consider adding the 'required' modifier or declaring the property as nullable. [C:\Users\lordo\Documents\GitHub\llmtornado\src\LlmTornado\LlmTornado.csproj::TargetFramework=net10.0]
C:\Users\lordo\Documents\GitHub\llmtornado\src\LlmTornado\Chat\Vendors\Cohere\VendorCohereChatRequest.cs(404,19): warning CS8618: Non-nullable property 'Id' must contain a non-null value when exiting constructor. Consider adding the 'required' modifier or declaring the property as nullable. [C:\Users\lordo\Documents\GitHub\llmtornado\src\LlmTornado\LlmTornado.csproj::TargetFramework=net10.0]
C:\Users\lordo\Documents\GitHub\llmtornado\src\LlmTornado\Chat\Vendors\Cohere\VendorCohereChatRequest.cs(408,41): warning CS8618: Non-nullable property 'Function' must contain a non-null value when exiting constructor. Consider adding the 'required' modifier or declaring the property as nullable. [C:\Users\lordo\Documents\GitHub\llmtornado\src\LlmTornado\LlmTornado.csproj::TargetFramework=net10.0]
C:\Users\lordo\Documents\GitHub\llmtornado\src\LlmTornado\Chat\Vendors\Cohere\VendorCohereChatRequest.cs(386,19): warning CS8618: Non-nullable property 'Url' must contain a non-null value when exiting constructor. Consider adding the 'required' modifier or declaring the property as nullable. [C:\Users\lordo\Documents\GitHub\llmtornado\src\LlmTornado\LlmTornado.csproj::TargetFramework=net10.0]
C:\Users\lordo\Documents\GitHub\llmtornado\src\LlmTornado\Chat\Vendors\Cohere\VendorCohereChatRequest.cs(378,39): warning CS8618: Non-nullable property 'Data' must contain a non-null value when exiting constructor. Consider adding the 'required' modifier or declaring the property as nullable. [C:\Users\lordo\Documents\GitHub\llmtornado\src\LlmTornado\LlmTornado.csproj::TargetFramework=net10.0]
C:\Users\lordo\Documents\GitHub\llmtornado\src\LlmTornado\Chat\Vendors\Cohere\VendorCohereChatRequest.cs(380,19): warning CS8618: Non-nullable property 'Id' must contain a non-null value when exiting constructor. Consider adding the 'required' modifier or declaring the property as nullable. [C:\Users\lordo\Documents\GitHub\llmtornado\src\LlmTornado\LlmTornado.csproj::TargetFramework=net10.0]
C:\Users\lordo\Documents\GitHub\llmtornado\src\LlmTornado\Chat\Vendors\Cohere\VendorCohereChatRequest.cs(366,12): warning CS8618: Non-nullable property 'Document' must contain a non-null value when exiting constructor. Consider adding the 'required' modifier or declaring the property as nullable. [C:\Users\lordo\Documents\GitHub\llmtornado\src\LlmTornado\LlmTornado.csproj::TargetFramework=net10.0]
C:\Users\lordo\Documents\GitHub\llmtornado\src\LlmTornado\Chat\Vendors\Cohere\VendorCohereChatRequest.cs(347,12): warning CS8618: Non-nullable property 'ImageUrl' must contain a non-null value when exiting constructor. Consider adding the 'required' modifier or declaring the property as nullable. [C:\Users\lordo\Documents\GitHub\llmtornado\src\LlmTornado\LlmTornado.csproj::TargetFramework=net10.0]
C:\Users\lordo\Documents\GitHub\llmtornado\src\LlmTornado\Chat\Vendors\Cohere\VendorCohereChatRequest.cs(336,12): warning CS8618: Non-nullable property 'Text' must contain a non-null value when exiting constructor. Consider adding the 'required' modifier or declaring the property as nullable. [C:\Users\lordo\Documents\GitHub\llmtornado\src\LlmTornado\LlmTornado.csproj::TargetFramework=net10.0]
C:\Users\lordo\Documents\GitHub\llmtornado\src\LlmTornado\Chat\Vendors\Cohere\VendorCohereChatRequest.cs(331,19): warning CS8618: Non-nullable property 'Type' must contain a non-null value when exiting constructor. Consider adding the 'required' modifier or declaring the property as nullable. [C:\Users\lordo\Documents\GitHub\llmtornado\src\LlmTornado\LlmTornado.csproj::TargetFramework=net10.0]
C:\Users\lordo\Documents\GitHub\llmtornado\src\LlmTornado\Chat\Vendors\Cohere\VendorCohereChatRequest.cs(320,12): warning CS8618: Non-nullable property 'ToolCallId' must contain a non-null value when exiting constructor. Consider adding the 'required' modifier or declaring the property as nullable. [C:\Users\lordo\Documents\GitHub\llmtornado\src\LlmTornado\LlmTornado.csproj::TargetFramework=net10.0]
C:\Users\lordo\Documents\GitHub\llmtornado\src\LlmTornado\Chat\Vendors\Cohere\VendorCohereChatRequest.cs(320,12): warning CS8618: Non-nullable property 'Content' must contain a non-null value when exiting constructor. Consider adding the 'required' modifier or declaring the property as nullable. [C:\Users\lordo\Documents\GitHub\llmtornado\src\LlmTornado\LlmTornado.csproj::TargetFramework=net10.0]
C:\Users\lordo\Documents\GitHub\llmtornado\src\LlmTornado\Chat\Vendors\Cohere\VendorCohereChatRequest.cs(313,12): warning CS8618: Non-nullable property 'Content' must contain a non-null value when exiting constructor. Consider adding the 'required' modifier or declaring the property as nullable. [C:\Users\lordo\Documents\GitHub\llmtornado\src\LlmTornado\LlmTornado.csproj::TargetFramework=net10.0]
C:\Users\lordo\Documents\GitHub\llmtornado\src\LlmTornado\Chat\Vendors\Cohere\VendorCohereChatRequest.cs(286,19): warning CS8618: Non-nullable property 'Role' must contain a non-null value when exiting constructor. Consider adding the 'required' modifier or declaring the property as nullable. [C:\Users\lordo\Documents\GitHub\llmtornado\src\LlmTornado\LlmTornado.csproj::TargetFramework=net10.0]
C:\Users\lordo\Documents\GitHub\llmtornado\src\LlmTornado\Chat\Vendors\Cohere\VendorCohereChatDocument.cs(15,19): warning CS8618: Non-nullable property 'Id' must contain a non-null value when exiting constructor. Consider adding the 'required' modifier or declaring the property as nullable. [C:\Users\lordo\Documents\GitHub\llmtornado\src\LlmTornado\LlmTornado.csproj::TargetFramework=net10.0]
C:\Users\lordo\Documents\GitHub\llmtornado\src\LlmTornado\Chat\Vendors\Cohere\VendorCohereChatDocument.cs(21,19): warning CS8618: Non-nullable property 'Snippet' must contain a non-null value when exiting constructor. Consider adding the 'required' modifier or declaring the property as nullable. [C:\Users\lordo\Documents\GitHub\llmtornado\src\LlmTornado\LlmTornado.csproj::TargetFramework=net10.0]
C:\Users\lordo\Documents\GitHub\llmtornado\src\LlmTornado\Chat\Vendors\Cohere\VendorCohereChatDocument.cs(33,19): warning CS8618: Non-nullable property 'Title' must contain a non-null value when exiting constructor. Consider adding the 'required' modifier or declaring the property as nullable. [C:\Users\lordo\Documents\GitHub\llmtornado\src\LlmTornado\LlmTornado.csproj::TargetFramework=net10.0]
C:\Users\lordo\Documents\GitHub\llmtornado\src\LlmTornado\Chat\Vendors\Cohere\VendorCohereChatRequest.cs(291,12): warning CS8618: Non-nullable property 'Content' must contain a non-null value when exiting constructor. Consider adding the 'required' modifier or declaring the property as nullable. [C:\Users\lordo\Documents\GitHub\llmtornado\src\LlmTornado\LlmTornado.csproj::TargetFramework=net10.0]
C:\Users\lordo\Documents\GitHub\llmtornado\src\LlmTornado\Chat\Vendors\Anthropic\VendorAnthropicChatRequest.cs(539,23): warning CS8618: Non-nullable property 'UserId' must contain a non-null value when exiting constructor. Consider adding the 'required' modifier or declaring the property as nullable. [C:\Users\lordo\Documents\GitHub\llmtornado\src\LlmTornado\LlmTornado.csproj::TargetFramework=net10.0]
C:\Users\lordo\Documents\GitHub\llmtornado\src\LlmTornado\Chat\Vendors\Anthropic\VendorAnthropicChatRequest.cs(545,23): warning CS8618: Non-nullable property 'Type' must contain a non-null value when exiting constructor. Consider adding the 'required' modifier or declaring the property as nullable. [C:\Users\lordo\Documents\GitHub\llmtornado\src\LlmTornado\LlmTornado.csproj::TargetFramework=net10.0]
C:\Users\lordo\Documents\GitHub\llmtornado\src\LlmTornado\Chat\Vendors\Anthropic\VendorAnthropicChatRequest.cs(553,23): warning CS8618: Non-nullable property 'Type' must contain a non-null value when exiting constructor. Consider adding the 'required' modifier or declaring the property as nullable. [C:\Users\lordo\Documents\GitHub\llmtornado\src\LlmTornado\LlmTornado.csproj::TargetFramework=net10.0]
C:\Users\lordo\Documents\GitHub\llmtornado\src\LlmTornado\Chat\Vendors\Cohere\VendorCohereChatRequest.cs(190,35): warning CS8604: Possible null reference argument for parameter 'content' in 'VendorCohereAssistantMessageContent.implicit operator VendorCohereAssistantMessageContent(string content)'. [C:\Users\lordo\Documents\GitHub\llmtornado\src\LlmTornado\LlmTornado.csproj::TargetFramework=net10.0]
C:\Users\lordo\Documents\GitHub\llmtornado\src\LlmTornado\Chat\Vendors\Cohere\VendorCohereChatRequest.cs(197,34): warning CS8601: Possible null reference assignment. [C:\Users\lordo\Documents\GitHub\llmtornado\src\LlmTornado\LlmTornado.csproj::TargetFramework=net10.0]
C:\Users\lordo\Documents\GitHub\llmtornado\src\LlmTornado\Chat\Vendors\Cohere\VendorCohereChatRequest.cs(202,45): warning CS8601: Possible null reference assignment. [C:\Users\lordo\Documents\GitHub\llmtornado\src\LlmTornado\LlmTornado.csproj::TargetFramework=net10.0]
C:\Users\lordo\Documents\GitHub\llmtornado\src\LlmTornado\Chat\Vendors\Cohere\VendorCohereChatRequest.cs(236,38): warning CS8601: Possible null reference assignment. [C:\Users\lordo\Documents\GitHub\llmtornado\src\LlmTornado\LlmTornado.csproj::TargetFramework=net10.0]
C:\Users\lordo\Documents\GitHub\llmtornado\src\LlmTornado\Chat\Vendors\Cohere\VendorCohereChatRequest.cs(242,28): warning CS8603: Possible null reference return. [C:\Users\lordo\Documents\GitHub\llmtornado\src\LlmTornado\LlmTornado.csproj::TargetFramework=net10.0]
C:\Users\lordo\Documents\GitHub\llmtornado\src\LlmTornado\Chat\Vendors\Anthropic\VendorAnthropicChatRequest.cs(564,23): warning CS8618: Non-nullable property 'Type' must contain a non-null value when exiting constructor. Consider adding the 'required' modifier or declaring the property as nullable. [C:\Users\lordo\Documents\GitHub\llmtornado\src\LlmTornado\LlmTornado.csproj::TargetFramework=net10.0]
C:\Users\lordo\Documents\GitHub\llmtornado\src\LlmTornado\Responses\ResponseDeleted.cs(14,19): warning CS8618: Non-nullable property 'Id' must contain a non-null value when exiting constructor. Consider adding the 'required' modifier or declaring the property as nullable. [C:\Users\lordo\Documents\GitHub\llmtornado\src\LlmTornado\LlmTornado.csproj::TargetFramework=net10.0]
C:\Users\lordo\Documents\GitHub\llmtornado\src\LlmTornado\Chat\Models\ChatModel.cs(491,45): warning CS8618: Non-nullable property 'ModelsByName' must contain a non-null value when exiting constructor. Consider adding the 'required' modifier or declaring the property as nullable. [C:\Users\lordo\Documents\GitHub\llmtornado\src\LlmTornado\LlmTornado.csproj::TargetFramework=net10.0]
C:\Users\lordo\Documents\GitHub\llmtornado\src\LlmTornado\Responses\ResponseHelpers.cs(113,29): warning CS8604: Possible null reference argument for parameter 'output' in 'FunctionToolCallOutput.FunctionToolCallOutput(string callId, string output)'. [C:\Users\lordo\Documents\GitHub\llmtornado\src\LlmTornado\LlmTornado.csproj::TargetFramework=net10.0]
C:\Users\lordo\Documents\GitHub\llmtornado\src\LlmTornado\Chat\Models\Google\ChatModelGoogle.cs(82,9): warning CS0618: 'ChatModelGoogleGeminiPreview.ModelGemini31FlashLitePreview' is obsolete: 'Shut down May 25, 2026. Use ModelGemini31FlashLite instead.' [C:\Users\lordo\Documents\GitHub\llmtornado\src\LlmTornado\LlmTornado.csproj::TargetFramework=net10.0]
C:\Users\lordo\Documents\GitHub\llmtornado\src\LlmTornado\Chat\Models\Google\ChatModelGoogle.cs(83,9): warning CS0618: 'ChatModelGoogleGeminiPreview.ModelGemini3ProPreview' is obsolete: 'Shut down March 9, 2026. Use ModelGemini31ProPreview instead.' [C:\Users\lordo\Documents\GitHub\llmtornado\src\LlmTornado\LlmTornado.csproj::TargetFramework=net10.0]
C:\Users\lordo\Documents\GitHub\llmtornado\src\LlmTornado\Chat\Models\Google\ChatModelGoogle.cs(102,9): warning CS0618: 'ChatModelGoogleGeminiPreview.ModelGemini31FlashLitePreview' is obsolete: 'Shut down May 25, 2026. Use ModelGemini31FlashLite instead.' [C:\Users\lordo\Documents\GitHub\llmtornado\src\LlmTornado\LlmTornado.csproj::TargetFramework=net10.0]
C:\Users\lordo\Documents\GitHub\llmtornado\src\LlmTornado\Chat\Models\Google\ChatModelGoogle.cs(103,9): warning CS0618: 'ChatModelGoogleGeminiPreview.ModelGemini3ProPreview' is obsolete: 'Shut down March 9, 2026. Use ModelGemini31ProPreview instead.' [C:\Users\lordo\Documents\GitHub\llmtornado\src\LlmTornado\LlmTornado.csproj::TargetFramework=net10.0]
C:\Users\lordo\Documents\GitHub\llmtornado\src\LlmTornado\Chat\Models\Google\ChatModelGoogle.cs(105,9): warning CS0618: 'ChatModelGoogleGeminiPreview.ModelGemini3ProImagePreview' is obsolete: 'Shut down June 25, 2026. Use ModelGemini3ProImage instead.' [C:\Users\lordo\Documents\GitHub\llmtornado\src\LlmTornado\LlmTornado.csproj::TargetFramework=net10.0]
C:\Users\lordo\Documents\GitHub\llmtornado\src\LlmTornado\Chat\Models\Google\ChatModelGoogle.cs(110,9): warning CS0618: 'ChatModelGoogleGeminiPreview.ModelGemini31FlashImagePreview' is obsolete: 'Shut down June 25, 2026. Use ModelGemini31FlashImage instead.' [C:\Users\lordo\Documents\GitHub\llmtornado\src\LlmTornado\LlmTornado.csproj::TargetFramework=net10.0]
C:\Users\lordo\Documents\GitHub\llmtornado\src\LlmTornado\Chat\Models\Google\ChatModelGoogle.cs(117,9): warning CS0618: 'ChatModelGoogleGeminiPreview.ModelGemini3ProPreview' is obsolete: 'Shut down March 9, 2026. Use ModelGemini31ProPreview instead.' [C:\Users\lordo\Documents\GitHub\llmtornado\src\LlmTornado\LlmTornado.csproj::TargetFramework=net10.0]
C:\Users\lordo\Documents\GitHub\llmtornado\src\LlmTornado\Chat\Models\Google\ChatModelGoogle.cs(119,9): warning CS0618: 'ChatModelGoogleGeminiPreview.ModelGemini3ProImagePreview' is obsolete: 'Shut down June 25, 2026. Use ModelGemini3ProImage instead.' [C:\Users\lordo\Documents\GitHub\llmtornado\src\LlmTornado\LlmTornado.csproj::TargetFramework=net10.0]
C:\Users\lordo\Documents\GitHub\llmtornado\src\LlmTornado\Chat\Models\Google\ChatModelGoogle.cs(140,9): warning CS0618: 'ChatModelGoogleGeminiPreview.ModelGemini31FlashLitePreview' is obsolete: 'Shut down May 25, 2026. Use ModelGemini31FlashLite instead.' [C:\Users\lordo\Documents\GitHub\llmtornado\src\LlmTornado\LlmTornado.csproj::TargetFramework=net10.0]
C:\Users\lordo\Documents\GitHub\llmtornado\src\LlmTornado\Chat\Models\Google\ChatModelGoogle.cs(142,9): warning CS0618: 'ChatModelGoogleGeminiPreview.ModelGemini31FlashImagePreview' is obsolete: 'Shut down June 25, 2026. Use ModelGemini31FlashImage instead.' [C:\Users\lordo\Documents\GitHub\llmtornado\src\LlmTornado\LlmTornado.csproj::TargetFramework=net10.0]
C:\Users\lordo\Documents\GitHub\llmtornado\src\LlmTornado\Chat\Models\Google\ChatModelGoogle.cs(157,9): warning CS0618: 'ChatModelGoogleGeminiPreview.ModelGemini31FlashLitePreview' is obsolete: 'Shut down May 25, 2026. Use ModelGemini31FlashLite instead.' [C:\Users\lordo\Documents\GitHub\llmtornado\src\LlmTornado\LlmTornado.csproj::TargetFramework=net10.0]
C:\Users\lordo\Documents\GitHub\llmtornado\src\LlmTornado\Chat\Models\Google\ChatModelGoogle.cs(168,9): warning CS0618: 'ChatModelGoogleGeminiPreview.ModelGemini31FlashLitePreview' is obsolete: 'Shut down May 25, 2026. Use ModelGemini31FlashLite instead.' [C:\Users\lordo\Documents\GitHub\llmtornado\src\LlmTornado\LlmTornado.csproj::TargetFramework=net10.0]
C:\Users\lordo\Documents\GitHub\llmtornado\src\LlmTornado\Chat\Models\Google\ChatModelGoogle.cs(173,9): warning CS0618: 'ChatModelGoogleGemini.ModelGemini2Flash001' is obsolete: 'Shut down June 1, 2026. Use ModelGemini25Flash or ModelGemini35Flash instead.' [C:\Users\lordo\Documents\GitHub\llmtornado\src\LlmTornado\LlmTornado.csproj::TargetFramework=net10.0]
C:\Users\lordo\Documents\GitHub\llmtornado\src\LlmTornado\Chat\Models\Google\ChatModelGoogle.cs(174,9): warning CS0618: 'ChatModelGoogleGemini.ModelGemini2FlashLatest' is obsolete: 'Shut down June 1, 2026. Use ModelGemini25Flash or ModelGemini35Flash instead.' [C:\Users\lordo\Documents\GitHub\llmtornado\src\LlmTornado\LlmTornado.csproj::TargetFramework=net10.0]
C:\Users\lordo\Documents\GitHub\llmtornado\src\LlmTornado\Chat\Models\Google\ChatModelGoogle.cs(183,9): warning CS0618: 'ChatModelGoogleGemini.ModelGemini15Pro' is obsolete: 'Use ModelGemini25Pro instead.' [C:\Users\lordo\Documents\GitHub\llmtornado\src\LlmTornado\LlmTornado.csproj::TargetFramework=net10.0]
C:\Users\lordo\Documents\GitHub\llmtornado\src\LlmTornado\Chat\Models\Google\ChatModelGoogle.cs(184,9): warning CS0618: 'ChatModelGoogleGemini.ModelGemini15Flash8B' is obsolete: 'Use ModelGeminiFlashLatest instead.' [C:\Users\lordo\Documents\GitHub\llmtornado\src\LlmTornado\LlmTornado.csproj::TargetFramework=net10.0]
C:\Users\lordo\Documents\GitHub\llmtornado\src\LlmTornado\Chat\Models\Google\ChatModelGoogle.cs(206,586): warning CS0618: 'ChatModelGoogleGeminiPreview.ModelGemini31FlashLitePreview' is obsolete: 'Shut down May 25, 2026. Use ModelGemini31FlashLite instead.' [C:\Users\lordo\Documents\GitHub\llmtornado\src\LlmTornado\LlmTornado.csproj::TargetFramework=net10.0]
C:\Users\lordo\Documents\GitHub\llmtornado\src\LlmTornado\Chat\Models\Google\ChatModelGoogle.cs(217,9): warning CS0618: 'ChatModelGoogleGeminiPreview.ModelGemini25FlashImagePreview' is obsolete: 'Shut down January 15, 2026. Use ModelGemini3ProImage or ModelGemini31FlashImage instead.' [C:\Users\lordo\Documents\GitHub\llmtornado\src\LlmTornado\LlmTornado.csproj::TargetFramework=net10.0]
C:\Users\lordo\Documents\GitHub\llmtornado\src\LlmTornado\Chat\Models\Google\ChatModelGoogle.cs(219,9): warning CS0618: 'ChatModelGoogleGeminiPreview.ModelGemini3ProImagePreview' is obsolete: 'Shut down June 25, 2026. Use ModelGemini3ProImage instead.' [C:\Users\lordo\Documents\GitHub\llmtornado\src\LlmTornado\LlmTornado.csproj::TargetFramework=net10.0]
C:\Users\lordo\Documents\GitHub\llmtornado\src\LlmTornado\Chat\Models\Google\ChatModelGoogle.cs(221,9): warning CS0618: 'ChatModelGoogleGeminiPreview.ModelGemini31FlashImagePreview' is obsolete: 'Shut down June 25, 2026. Use ModelGemini31FlashImage instead.' [C:\Users\lordo\Documents\GitHub\llmtornado\src\LlmTornado\LlmTornado.csproj::TargetFramework=net10.0]
C:\Users\lordo\Documents\GitHub\llmtornado\src\LlmTornado\Chat\Models\Google\ChatModelGoogleGemini.cs(329,9): warning CS0618: 'ChatModelGoogleGemini.ModelGemini15ProLatest' is obsolete: 'Use ModelGemini25Pro instead.' [C:\Users\lordo\Documents\GitHub\llmtornado\src\LlmTornado\LlmTornado.csproj::TargetFramework=net10.0]
C:\Users\lordo\Documents\GitHub\llmtornado\src\LlmTornado\Chat\Models\Google\ChatModelGoogleGemini.cs(330,9): warning CS0618: 'ChatModelGoogleGemini.ModelGemini15Pro' is obsolete: 'Use ModelGemini25Pro instead.' [C:\Users\lordo\Documents\GitHub\llmtornado\src\LlmTornado\LlmTornado.csproj::TargetFramework=net10.0]
C:\Users\lordo\Documents\GitHub\llmtornado\src\LlmTornado\Chat\Models\Google\ChatModelGoogleGemini.cs(330,27): warning CS0618: 'ChatModelGoogleGemini.ModelGemini15Pro001' is obsolete: 'Use ModelGemini25Pro instead.' [C:\Users\lordo\Documents\GitHub\llmtornado\src\LlmTornado\LlmTornado.csproj::TargetFramework=net10.0]
C:\Users\lordo\Documents\GitHub\llmtornado\src\LlmTornado\Chat\Models\Google\ChatModelGoogleGemini.cs(330,48): warning CS0618: 'ChatModelGoogleGemini.ModelGemini15Pro002' is obsolete: 'Use ModelGemini25Pro instead.' [C:\Users\lordo\Documents\GitHub\llmtornado\src\LlmTornado\LlmTornado.csproj::TargetFramework=net10.0]
C:\Users\lordo\Documents\GitHub\llmtornado\src\LlmTornado\Chat\Models\Google\ChatModelGoogleGemini.cs(330,69): warning CS0618: 'ChatModelGoogleGemini.ModelGemini15Flash8B' is obsolete: 'Use ModelGeminiFlashLatest instead.' [C:\Users\lordo\Documents\GitHub\llmtornado\src\LlmTornado\LlmTornado.csproj::TargetFramework=net10.0]
C:\Users\lordo\Documents\GitHub\llmtornado\src\LlmTornado\Chat\Models\Google\ChatModelGoogleGemini.cs(330,91): warning CS0618: 'ChatModelGoogleGemini.ModelGemini15Flash8BLatest' is obsolete: 'Use ModelGeminiFlashLatest instead.' [C:\Users\lordo\Documents\GitHub\llmtornado\src\LlmTornado\LlmTornado.csproj::TargetFramework=net10.0]
C:\Users\lordo\Documents\GitHub\llmtornado\src\LlmTornado\Chat\Models\Google\ChatModelGoogleGemini.cs(330,119): warning CS0618: 'ChatModelGoogleGemini.ModelGemini2Flash001' is obsolete: 'Shut down June 1, 2026. Use ModelGemini25Flash or ModelGemini35Flash instead.' [C:\Users\lordo\Documents\GitHub\llmtornado\src\LlmTornado\LlmTornado.csproj::TargetFramework=net10.0]
C:\Users\lordo\Documents\GitHub\llmtornado\src\LlmTornado\Chat\Models\Google\ChatModelGoogleGemini.cs(331,9): warning CS0618: 'ChatModelGoogleGemini.ModelGemini2FlashLatest' is obsolete: 'Shut down June 1, 2026. Use ModelGemini25Flash or ModelGemini35Flash instead.' [C:\Users\lordo\Documents\GitHub\llmtornado\src\LlmTornado\LlmTornado.csproj::TargetFramework=net10.0]
C:\Users\lordo\Documents\GitHub\llmtornado\src\LlmTornado\Chat\Models\Google\ChatModelGoogleGemini.cs(331,34): warning CS0618: 'ChatModelGoogleGemini.ModelGemini2FlashLite001' is obsolete: 'Shut down June 1, 2026. Use ModelGemini25FlashLite or ModelGemini31FlashLite instead.' [C:\Users\lordo\Documents\GitHub\llmtornado\src\LlmTornado\LlmTornado.csproj::TargetFramework=net10.0]
C:\Users\lordo\Documents\GitHub\llmtornado\src\LlmTornado\Chat\Models\Google\ChatModelGoogleGemini.cs(331,60): warning CS0618: 'ChatModelGoogleGemini.ModelGemini2FlashLiteLatest' is obsolete: 'Shut down June 1, 2026. Use ModelGemini25FlashLite or ModelGemini31FlashLite instead.' [C:\Users\lordo\Documents\GitHub\llmtornado\src\LlmTornado\LlmTornado.csproj::TargetFramework=net10.0]
C:\Users\lordo\Documents\GitHub\llmtornado\src\LlmTornado\Chat\Models\Google\ChatModelGoogleGeminiPreview.cs(342,35): warning CS0618: 'ChatModelGoogleGeminiPreview.ModelGemini3ProPreview' is obsolete: 'Shut down March 9, 2026. Use ModelGemini31ProPreview instead.' [C:\Users\lordo\Documents\GitHub\llmtornado\src\LlmTornado\LlmTornado.csproj::TargetFramework=net10.0]
C:\Users\lordo\Documents\GitHub\llmtornado\src\LlmTornado\Chat\Models\Google\ChatModelGoogleGeminiPreview.cs(342,59): warning CS0618: 'ChatModelGoogleGeminiPreview.ModelGemini3ProImagePreview' is obsolete: 'Shut down June 25, 2026. Use ModelGemini3ProImage instead.' [C:\Users\lordo\Documents\GitHub\llmtornado\src\LlmTornado\LlmTornado.csproj::TargetFramework=net10.0]
C:\Users\lordo\Documents\GitHub\llmtornado\src\LlmTornado\Chat\Models\Google\ChatModelGoogleGeminiPreview.cs(342,88): warning CS0618: 'ChatModelGoogleGeminiPreview.ModelGemini31FlashImagePreview' is obsolete: 'Shut down June 25, 2026. Use ModelGemini31FlashImage instead.' [C:\Users\lordo\Documents\GitHub\llmtornado\src\LlmTornado\LlmTornado.csproj::TargetFramework=net10.0]
C:\Users\lordo\Documents\GitHub\llmtornado\src\LlmTornado\Chat\Models\Google\ChatModelGoogleGeminiPreview.cs(343,9): warning CS0618: 'ChatModelGoogleGeminiPreview.ModelGemini31FlashLitePreview' is obsolete: 'Shut down May 25, 2026. Use ModelGemini31FlashLite instead.' [C:\Users\lordo\Documents\GitHub\llmtornado\src\LlmTornado\LlmTornado.csproj::TargetFramework=net10.0]
C:\Users\lordo\Documents\GitHub\llmtornado\src\LlmTornado\Chat\Models\Google\ChatModelGoogleGeminiPreview.cs(347,44): warning CS0618: 'ChatModelGoogleGeminiPreview.ModelGemini25FlashImagePreview' is obsolete: 'Shut down January 15, 2026. Use ModelGemini3ProImage or ModelGemini31FlashImage instead.' [C:\Users\lordo\Documents\GitHub\llmtornado\src\LlmTornado\LlmTornado.csproj::TargetFramework=net10.0]
C:\Users\lordo\Documents\GitHub\llmtornado\src\LlmTornado\Chat\Models\Google\ChatModelGoogleGeminiPreview.cs(347,107): warning CS0618: 'ChatModelGoogleGeminiPreview.ModelGemini25FlashLitePreview0925' is obsolete: 'Shut down March 31, 2026. Use ModelGemini31FlashLite instead.' [C:\Users\lordo\Documents\GitHub\llmtornado\src\LlmTornado\LlmTornado.csproj::TargetFramework=net10.0]
C:\Users\lordo\Documents\GitHub\llmtornado\src\LlmTornado\Chat\Models\Google\ChatModelGoogleGeminiPreview.cs(348,41): warning CS0618: 'ChatModelGoogleGeminiPreview.ModelGeminiRoboticsRe15Preview' is obsolete: 'Shut down April 30, 2026. Use GeminiRoboticsRe16Preview instead.' [C:\Users\lordo\Documents\GitHub\llmtornado\src\LlmTornado\LlmTornado.csproj::TargetFramework=net10.0]
C:\Users\lordo\Documents\GitHub\llmtornado\src\LlmTornado\Chat\Models\OpenAi\ChatModelOpenAiGpt4.cs(255,47): warning CS0618: 'ChatModelOpenAiGpt4.ModelVisionPreview' is obsolete: 'Disabled by OpenAI' [C:\Users\lordo\Documents\GitHub\llmtornado\src\LlmTornado\LlmTornado.csproj::TargetFramework=net10.0]
C:\Users\lordo\Documents\GitHub\llmtornado\src\LlmTornado\Responses\ResponseOutputItem.cs(1578,17): error CS9135: A constant value of type 'string' is expected [C:\Users\lordo\Documents\GitHub\llmtornado\src\LlmTornado\LlmTornado.csproj::TargetFramework=net10.0]
C:\Users\lordo\Documents\GitHub\llmtornado\src\LlmTornado\Responses\ResponseOutputItem.cs(1579,17): error CS9135: A constant value of type 'string' is expected [C:\Users\lordo\Documents\GitHub\llmtornado\src\LlmTornado\LlmTornado.csproj::TargetFramework=net10.0]
C:\Users\lordo\Documents\GitHub\llmtornado\src\LlmTornado\Responses\ResponseOutputItem.cs(1533,13): error CS9135: A constant value of type 'string' is expected [C:\Users\lordo\Documents\GitHub\llmtornado\src\LlmTornado\LlmTornado.csproj::TargetFramework=net10.0]
C:\Users\lordo\Documents\GitHub\llmtornado\src\LlmTornado\Responses\ResponseOutputItem.cs(1534,13): error CS9135: A constant value of type 'string' is expected [C:\Users\lordo\Documents\GitHub\llmtornado\src\LlmTornado\LlmTornado.csproj::TargetFramework=net10.0]
C:\Users\lordo\Documents\GitHub\llmtornado\src\LlmTornado\Responses\ResponseHelpers.cs(383,36): warning CS8601: Possible null reference assignment. [C:\Users\lordo\Documents\GitHub\llmtornado\src\LlmTornado\LlmTornado.csproj::TargetFramework=net10.0]
C:\Users\lordo\Documents\GitHub\llmtornado\src\LlmTornado\Responses\ResponseHelpers.cs(416,68): warning CS8604: Possible null reference argument for parameter 'name' in 'BuiltInToolCall.BuiltInToolCall(bool responseExpected, string name, IBuiltInToolCallData data, ToolCall toolCall, string? args = null)'. [C:\Users\lordo\Documents\GitHub\llmtornado\src\LlmTornado\LlmTornado.csproj::TargetFramework=net10.0]
C:\Users\lordo\Documents\GitHub\llmtornado\src\LlmTornado\Responses\ResponseHelpers.cs(434,68): warning CS8604: Possible null reference argument for parameter 'name' in 'BuiltInToolCall.BuiltInToolCall(bool responseExpected, string name, IBuiltInToolCallData data, ToolCall toolCall, string? args = null)'. [C:\Users\lordo\Documents\GitHub\llmtornado\src\LlmTornado\LlmTornado.csproj::TargetFramework=net10.0]
C:\Users\lordo\Documents\GitHub\llmtornado\src\LlmTornado\Responses\ResponseHelpers.cs(452,69): warning CS8604: Possible null reference argument for parameter 'name' in 'BuiltInToolCall.BuiltInToolCall(bool responseExpected, string name, IBuiltInToolCallData data, ToolCall toolCall, string? args = null)'. [C:\Users\lordo\Documents\GitHub\llmtornado\src\LlmTornado\LlmTornado.csproj::TargetFramework=net10.0]
C:\Users\lordo\Documents\GitHub\llmtornado\src\LlmTornado\Responses\ResponseHelpers.cs(470,69): warning CS8604: Possible null reference argument for parameter 'name' in 'BuiltInToolCall.BuiltInToolCall(bool responseExpected, string name, IBuiltInToolCallData data, ToolCall toolCall, string? args = null)'. [C:\Users\lordo\Documents\GitHub\llmtornado\src\LlmTornado\LlmTornado.csproj::TargetFramework=net10.0]
C:\Users\lordo\Documents\GitHub\llmtornado\src\LlmTornado\Responses\ResponseHelpers.cs(561,106): warning CS8604: Possible null reference argument for parameter 'parameters' in 'ToolFunction.ToolFunction(string name, string description, JObject parameters)'. [C:\Users\lordo\Documents\GitHub\llmtornado\src\LlmTornado\LlmTornado.csproj::TargetFramework=net10.0]
C:\Users\lordo\Documents\GitHub\llmtornado\src\LlmTornado\Responses\ResponseInputMessage.cs(1399,25): error CS1061: 'ResponseInputMessage' does not contain a definition for 'Phase' and no accessible extension method 'Phase' accepting a first argument of type 'ResponseInputMessage' could be found (are you missing a using directive or an assembly reference?) [C:\Users\lordo\Documents\GitHub\llmtornado\src\LlmTornado\LlmTornado.csproj::TargetFramework=net10.0]
C:\Users\lordo\Documents\GitHub\llmtornado\src\LlmTornado\Responses\ResponseInputMessage.cs(1402,54): error CS1061: 'ResponseInputMessage' does not contain a definition for 'Phase' and no accessible extension method 'Phase' accepting a first argument of type 'ResponseInputMessage' could be found (are you missing a using directive or an assembly reference?) [C:\Users\lordo\Documents\GitHub\llmtornado\src\LlmTornado\LlmTornado.csproj::TargetFramework=net10.0]
C:\Users\lordo\Documents\GitHub\llmtornado\src\LlmTornado\Responses\ResponseInputMessage.cs(1908,13): error CS9135: A constant value of type 'string' is expected [C:\Users\lordo\Documents\GitHub\llmtornado\src\LlmTornado\LlmTornado.csproj::TargetFramework=net10.0]
C:\Users\lordo\Documents\GitHub\llmtornado\src\LlmTornado\Responses\ResponseInputMessage.cs(1909,13): error CS9135: A constant value of type 'string' is expected [C:\Users\lordo\Documents\GitHub\llmtornado\src\LlmTornado\LlmTornado.csproj::TargetFramework=net10.0]
C:\Program Files\dotnet\sdk\10.0.300\Microsoft.Common.CurrentVersion.targets(2453,5): warning MSB3245: Could not resolve this reference. Could not locate the assembly "System.Net.Http". Check to make sure the assembly exists on disk. If this reference is required by your code, you may get compilation errors. [C:\Users\lordo\Documents\GitHub\llmtornado\src\LlmTornado\LlmTornado.csproj::TargetFramework=netstandard2.0]
C:\Program Files\dotnet\sdk\10.0.300\Microsoft.Common.CurrentVersion.targets(2453,5): warning MSB3243: No way to resolve conflict between "System.Net.Http, Version=4.1.2.0, Culture=neutral, PublicKeyToken=b03f5f7f11d50a3a" and "System.Net.Http". Choosing "System.Net.Http, Version=4.1.2.0, Culture=neutral, PublicKeyToken=b03f5f7f11d50a3a" arbitrarily. [C:\Users\lordo\Documents\GitHub\llmtornado\src\LlmTornado\LlmTornado.csproj::TargetFramework=netstandard2.0]
C:\Users\lordo\Documents\GitHub\llmtornado\src\LlmTornado\Audio\Models\OpenAi\AudioModelOpenAi.cs(70,49): warning CS1570: XML comment has badly formed XML -- 'Whitespace is not allowed at this location.' [C:\Users\lordo\Documents\GitHub\llmtornado\src\LlmTornado\LlmTornado.csproj::TargetFramework=netstandard2.0]
C:\Users\lordo\Documents\GitHub\llmtornado\src\LlmTornado\Chat\Models\Cohere\ChatModelCohereCommand.cs(34,193): warning CS1570: XML comment has badly formed XML -- 'Reference to undefined entity 'A'.' [C:\Users\lordo\Documents\GitHub\llmtornado\src\LlmTornado\LlmTornado.csproj::TargetFramework=netstandard2.0]
C:\Users\lordo\Documents\GitHub\llmtornado\src\LlmTornado\Chat\Models\Mistral\ChatModelMistralFree.cs(64,76): warning CS1570: XML comment has badly formed XML -- 'Whitespace is not allowed at this location.' [C:\Users\lordo\Documents\GitHub\llmtornado\src\LlmTornado\LlmTornado.csproj::TargetFramework=netstandard2.0]
C:\Users\lordo\Documents\GitHub\llmtornado\src\LlmTornado\Chat\Models\Mistral\ChatModelMistralFree.cs(74,77): warning CS1570: XML comment has badly formed XML -- 'Whitespace is not allowed at this location.' [C:\Users\lordo\Documents\GitHub\llmtornado\src\LlmTornado\LlmTornado.csproj::TargetFramework=netstandard2.0]
C:\Users\lordo\Documents\GitHub\llmtornado\src\LlmTornado\Chat\Models\Mistral\ChatModelMistralFree.cs(84,76): warning CS1570: XML comment has badly formed XML -- 'Whitespace is not allowed at this location.' [C:\Users\lordo\Documents\GitHub\llmtornado\src\LlmTornado\LlmTornado.csproj::TargetFramework=netstandard2.0]
C:\Users\lordo\Documents\GitHub\llmtornado\src\LlmTornado\Chat\Models\Google\ChatModelGoogleGemini.cs(174,1): warning CS1570: XML comment has badly formed XML -- 'Expected an end tag for element 'summary'.' [C:\Users\lordo\Documents\GitHub\llmtornado\src\LlmTornado\LlmTornado.csproj::TargetFramework=netstandard2.0]
C:\Users\lordo\Documents\GitHub\llmtornado\src\LlmTornado\Audio\Models\OpenAi\AudioModelOpenAi.cs(70,49): warning CS1570: XML comment has badly formed XML -- 'Whitespace is not allowed at this location.' [C:\Users\lordo\Documents\GitHub\llmtornado\src\LlmTornado\LlmTornado.csproj::TargetFramework=net8.0]
C:\Users\lordo\Documents\GitHub\llmtornado\src\LlmTornado\Chat\Models\OpenAi\ChatModelOpenAi.cs(23,30): warning CS1570: XML comment has badly formed XML -- 'Whitespace is not allowed at this location.' [C:\Users\lordo\Documents\GitHub\llmtornado\src\LlmTornado\LlmTornado.csproj::TargetFramework=netstandard2.0]
C:\Users\lordo\Documents\GitHub\llmtornado\src\LlmTornado\Chat\Models\Cohere\ChatModelCohereCommand.cs(34,193): warning CS1570: XML comment has badly formed XML -- 'Reference to undefined entity 'A'.' [C:\Users\lordo\Documents\GitHub\llmtornado\src\LlmTornado\LlmTornado.csproj::TargetFramework=net8.0]
C:\Users\lordo\Documents\GitHub\llmtornado\src\LlmTornado\Chat\Models\XAi\ChatModelXAi.cs(37,16): warning CS1570: XML comment has badly formed XML -- 'Whitespace is not allowed at this location.' [C:\Users\lordo\Documents\GitHub\llmtornado\src\LlmTornado\LlmTornado.csproj::TargetFramework=netstandard2.0]
C:\Users\lordo\Documents\GitHub\llmtornado\src\LlmTornado\Chat\Models\Google\ChatModelGoogleGemini.cs(174,1): warning CS1570: XML comment has badly formed XML -- 'Expected an end tag for element 'summary'.' [C:\Users\lordo\Documents\GitHub\llmtornado\src\LlmTornado\LlmTornado.csproj::TargetFramework=net8.0]
C:\Users\lordo\Documents\GitHub\llmtornado\src\LlmTornado\Chat\Models\XAi\ChatModelXAiGrok.cs(9,10): warning CS1570: XML comment has badly formed XML -- 'Whitespace is not allowed at this location.' [C:\Users\lordo\Documents\GitHub\llmtornado\src\LlmTornado\LlmTornado.csproj::TargetFramework=netstandard2.0]
C:\Users\lordo\Documents\GitHub\llmtornado\src\LlmTornado\Chat\Models\Mistral\ChatModelMistralFree.cs(64,76): warning CS1570: XML comment has badly formed XML -- 'Whitespace is not allowed at this location.' [C:\Users\lordo\Documents\GitHub\llmtornado\src\LlmTornado\LlmTornado.csproj::TargetFramework=net8.0]
C:\Users\lordo\Documents\GitHub\llmtornado\src\LlmTornado\Chat\Models\XAi\ChatModelXAiGrok.cs(54,20): warning CS1570: XML comment has badly formed XML -- 'Whitespace is not allowed at this location.' [C:\Users\lordo\Documents\GitHub\llmtornado\src\LlmTornado\LlmTornado.csproj::TargetFramework=netstandard2.0]
C:\Users\lordo\Documents\GitHub\llmtornado\src\LlmTornado\Chat\Models\Mistral\ChatModelMistralFree.cs(74,77): warning CS1570: XML comment has badly formed XML -- 'Whitespace is not allowed at this location.' [C:\Users\lordo\Documents\GitHub\llmtornado\src\LlmTornado\LlmTornado.csproj::TargetFramework=net8.0]
C:\Users\lordo\Documents\GitHub\llmtornado\src\LlmTornado\Chat\Vendors\Google\VendorGoogleChatResult.cs(597,73): warning CS1570: XML comment has badly formed XML -- 'Missing equals sign between attribute and attribute value.' [C:\Users\lordo\Documents\GitHub\llmtornado\src\LlmTornado\LlmTornado.csproj::TargetFramework=netstandard2.0]
C:\Users\lordo\Documents\GitHub\llmtornado\src\LlmTornado\Chat\Models\Mistral\ChatModelMistralFree.cs(84,76): warning CS1570: XML comment has badly formed XML -- 'Whitespace is not allowed at this location.' [C:\Users\lordo\Documents\GitHub\llmtornado\src\LlmTornado\LlmTornado.csproj::TargetFramework=net8.0]
C:\Users\lordo\Documents\GitHub\llmtornado\src\LlmTornado\Chat\Vendors\Google\VendorGoogleChatResult.cs(597,73): warning CS1570: XML comment has badly formed XML -- 'The character(s) ',' cannot be used at this location.' [C:\Users\lordo\Documents\GitHub\llmtornado\src\LlmTornado\LlmTornado.csproj::TargetFramework=netstandard2.0]
C:\Users\lordo\Documents\GitHub\llmtornado\src\LlmTornado\Chat\Models\OpenAi\ChatModelOpenAi.cs(23,30): warning CS1570: XML comment has badly formed XML -- 'Whitespace is not allowed at this location.' [C:\Users\lordo\Documents\GitHub\llmtornado\src\LlmTornado\LlmTornado.csproj::TargetFramework=net8.0]
C:\Users\lordo\Documents\GitHub\llmtornado\src\LlmTornado\Chat\Vendors\Google\VendorGoogleChatResult.cs(599,11): warning CS1570: XML comment has badly formed XML -- 'End tag 'summary' does not match the start tag 'search'.' [C:\Users\lordo\Documents\GitHub\llmtornado\src\LlmTornado\LlmTornado.csproj::TargetFramework=netstandard2.0]
C:\Users\lordo\Documents\GitHub\llmtornado\src\LlmTornado\Chat\Models\XAi\ChatModelXAi.cs(37,16): warning CS1570: XML comment has badly formed XML -- 'Whitespace is not allowed at this location.' [C:\Users\lordo\Documents\GitHub\llmtornado\src\LlmTornado\LlmTornado.csproj::TargetFramework=net8.0]
C:\Users\lordo\Documents\GitHub\llmtornado\src\LlmTornado\Chat\Vendors\Google\VendorGoogleChatResult.cs(600,1): warning CS1570: XML comment has badly formed XML -- 'Expected an end tag for element 'summary'.' [C:\Users\lordo\Documents\GitHub\llmtornado\src\LlmTornado\LlmTornado.csproj::TargetFramework=netstandard2.0]
C:\Users\lordo\Documents\GitHub\llmtornado\src\LlmTornado\Chat\Models\XAi\ChatModelXAiGrok.cs(9,10): warning CS1570: XML comment has badly formed XML -- 'Whitespace is not allowed at this location.' [C:\Users\lordo\Documents\GitHub\llmtornado\src\LlmTornado\LlmTornado.csproj::TargetFramework=net8.0]
C:\Users\lordo\Documents\GitHub\llmtornado\src\LlmTornado\Code\PartialModels.cs(2163,53): warning CS1570: XML comment has badly formed XML -- 'Whitespace is not allowed at this location.' [C:\Users\lordo\Documents\GitHub\llmtornado\src\LlmTornado\LlmTornado.csproj::TargetFramework=netstandard2.0]
C:\Users\lordo\Documents\GitHub\llmtornado\src\LlmTornado\Chat\Models\XAi\ChatModelXAiGrok.cs(54,20): warning CS1570: XML comment has badly formed XML -- 'Whitespace is not allowed at this location.' [C:\Users\lordo\Documents\GitHub\llmtornado\src\LlmTornado\LlmTornado.csproj::TargetFramework=net8.0]
C:\Users\lordo\Documents\GitHub\llmtornado\src\LlmTornado\Code\Model.cs(114,64): warning CS1570: XML comment has badly formed XML -- 'Whitespace is not allowed at this location.' [C:\Users\lordo\Documents\GitHub\llmtornado\src\LlmTornado\LlmTornado.csproj::TargetFramework=netstandard2.0]
C:\Users\lordo\Documents\GitHub\llmtornado\src\LlmTornado\Chat\Vendors\Google\VendorGoogleChatResult.cs(597,73): warning CS1570: XML comment has badly formed XML -- 'Missing equals sign between attribute and attribute value.' [C:\Users\lordo\Documents\GitHub\llmtornado\src\LlmTornado\LlmTornado.csproj::TargetFramework=net8.0]
C:\Users\lordo\Documents\GitHub\llmtornado\src\LlmTornado\Chat\Vendors\Google\VendorGoogleChatResult.cs(597,73): warning CS1570: XML comment has badly formed XML -- 'The character(s) ',' cannot be used at this location.' [C:\Users\lordo\Documents\GitHub\llmtornado\src\LlmTornado\LlmTornado.csproj::TargetFramework=net8.0]
C:\Users\lordo\Documents\GitHub\llmtornado\src\LlmTornado\Code\PartialModels.cs(2388,36): warning CS1570: XML comment has badly formed XML -- 'Whitespace is not allowed at this location.' [C:\Users\lordo\Documents\GitHub\llmtornado\src\LlmTornado\LlmTornado.csproj::TargetFramework=netstandard2.0]
C:\Users\lordo\Documents\GitHub\llmtornado\src\LlmTornado\Chat\Vendors\Google\VendorGoogleChatResult.cs(599,11): warning CS1570: XML comment has badly formed XML -- 'End tag 'summary' does not match the start tag 'search'.' [C:\Users\lordo\Documents\GitHub\llmtornado\src\LlmTornado\LlmTornado.csproj::TargetFramework=net8.0]
C:\Users\lordo\Documents\GitHub\llmtornado\src\LlmTornado\Files\FilePurpose.cs(8,121): warning CS1570: XML comment has badly formed XML -- 'Whitespace is not allowed at this location.' [C:\Users\lordo\Documents\GitHub\llmtornado\src\LlmTornado\LlmTornado.csproj::TargetFramework=netstandard2.0]
C:\Users\lordo\Documents\GitHub\llmtornado\src\LlmTornado\Chat\Vendors\Google\VendorGoogleChatResult.cs(600,1): warning CS1570: XML comment has badly formed XML -- 'Expected an end tag for element 'summary'.' [C:\Users\lordo\Documents\GitHub\llmtornado\src\LlmTornado\LlmTornado.csproj::TargetFramework=net8.0]
C:\Users\lordo\Documents\GitHub\llmtornado\src\LlmTornado\Responses\ResponseOutputItem.cs(1542,7): warning CS1570: XML comment has badly formed XML -- 'End tag 'summary' does not match the start tag 'IResponseOutputItem'.' [C:\Users\lordo\Documents\GitHub\llmtornado\src\LlmTornado\LlmTornado.csproj::TargetFramework=netstandard2.0]
C:\Users\lordo\Documents\GitHub\llmtornado\src\LlmTornado\Code\Model.cs(114,64): warning CS1570: XML comment has badly formed XML -- 'Whitespace is not allowed at this location.' [C:\Users\lordo\Documents\GitHub\llmtornado\src\LlmTornado\LlmTornado.csproj::TargetFramework=net8.0]
C:\Users\lordo\Documents\GitHub\llmtornado\src\LlmTornado\Responses\ResponseOutputItem.cs(1543,1): warning CS1570: XML comment has badly formed XML -- 'Expected an end tag for element 'summary'.' [C:\Users\lordo\Documents\GitHub\llmtornado\src\LlmTornado\LlmTornado.csproj::TargetFramework=netstandard2.0]
C:\Users\lordo\Documents\GitHub\llmtornado\src\LlmTornado\Code\PartialModels.cs(2163,53): warning CS1570: XML comment has badly formed XML -- 'Whitespace is not allowed at this location.' [C:\Users\lordo\Documents\GitHub\llmtornado\src\LlmTornado\LlmTornado.csproj::TargetFramework=net8.0]
C:\Users\lordo\Documents\GitHub\llmtornado\src\LlmTornado\EndpointBase.cs(21,7): warning CS0105: The using directive for 'LlmTornado.Common' appeared previously in this namespace [C:\Users\lordo\Documents\GitHub\llmtornado\src\LlmTornado\LlmTornado.csproj::TargetFramework=netstandard2.0]
C:\Users\lordo\Documents\GitHub\llmtornado\src\LlmTornado\Code\PartialModels.cs(2388,36): warning CS1570: XML comment has badly formed XML -- 'Whitespace is not allowed at this location.' [C:\Users\lordo\Documents\GitHub\llmtornado\src\LlmTornado\LlmTornado.csproj::TargetFramework=net8.0]
C:\Users\lordo\Documents\GitHub\llmtornado\src\LlmTornado\Responses\ResponseToolSearch.cs(5,7): warning CS0105: The using directive for 'LlmTornado.ChatFunctions' appeared previously in this namespace [C:\Users\lordo\Documents\GitHub\llmtornado\src\LlmTornado\LlmTornado.csproj::TargetFramework=netstandard2.0]
C:\Users\lordo\Documents\GitHub\llmtornado\src\LlmTornado\Files\FilePurpose.cs(8,121): warning CS1570: XML comment has badly formed XML -- 'Whitespace is not allowed at this location.' [C:\Users\lordo\Documents\GitHub\llmtornado\src\LlmTornado\LlmTornado.csproj::TargetFramework=net8.0]
C:\Users\lordo\Documents\GitHub\llmtornado\src\LlmTornado\Responses\ResponseOutputItem.cs(1542,7): warning CS1570: XML comment has badly formed XML -- 'End tag 'summary' does not match the start tag 'IResponseOutputItem'.' [C:\Users\lordo\Documents\GitHub\llmtornado\src\LlmTornado\LlmTornado.csproj::TargetFramework=net8.0]
C:\Users\lordo\Documents\GitHub\llmtornado\src\LlmTornado\TornadoApi.cs(36,7): warning CS0105: The using directive for 'LlmTornado.ManagedAgents.Anthropic' appeared previously in this namespace [C:\Users\lordo\Documents\GitHub\llmtornado\src\LlmTornado\LlmTornado.csproj::TargetFramework=netstandard2.0]
C:\Users\lordo\Documents\GitHub\llmtornado\src\LlmTornado\Responses\ResponseOutputItem.cs(1543,1): warning CS1570: XML comment has badly formed XML -- 'Expected an end tag for element 'summary'.' [C:\Users\lordo\Documents\GitHub\llmtornado\src\LlmTornado\LlmTornado.csproj::TargetFramework=net8.0]
C:\Users\lordo\Documents\GitHub\llmtornado\src\LlmTornado\Code\LegacyFrozen.cs(42,23): warning CS0436: The type 'FrozenDictionary<TKey, TValue>' in 'C:\Users\lordo\Documents\GitHub\llmtornado\src\LlmTornado\Code\LegacyFrozen.cs' conflicts with the imported type 'FrozenDictionary<TKey, TValue>' in 'System.Collections.Immutable, Version=8.0.0.0, Culture=neutral, PublicKeyToken=b03f5f7f11d50a3a'. Using the type defined in 'C:\Users\lordo\Documents\GitHub\llmtornado\src\LlmTornado\Code\LegacyFrozen.cs'. [C:\Users\lordo\Documents\GitHub\llmtornado\src\LlmTornado\LlmTornado.csproj::TargetFramework=netstandard2.0]
C:\Users\lordo\Documents\GitHub\llmtornado\src\LlmTornado\EndpointBase.cs(21,7): warning CS0105: The using directive for 'LlmTornado.Common' appeared previously in this namespace [C:\Users\lordo\Documents\GitHub\llmtornado\src\LlmTornado\LlmTornado.csproj::TargetFramework=net8.0]
C:\Users\lordo\Documents\GitHub\llmtornado\src\LlmTornado\Code\LegacyFrozen.cs(49,23): warning CS0436: The type 'FrozenDictionary<TKey, TValue>' in 'C:\Users\lordo\Documents\GitHub\llmtornado\src\LlmTornado\Code\LegacyFrozen.cs' conflicts with the imported type 'FrozenDictionary<TKey, TValue>' in 'System.Collections.Immutable, Version=8.0.0.0, Culture=neutral, PublicKeyToken=b03f5f7f11d50a3a'. Using the type defined in 'C:\Users\lordo\Documents\GitHub\llmtornado\src\LlmTornado\Code\LegacyFrozen.cs'. [C:\Users\lordo\Documents\GitHub\llmtornado\src\LlmTornado\LlmTornado.csproj::TargetFramework=netstandard2.0]
C:\Users\lordo\Documents\GitHub\llmtornado\src\LlmTornado\Responses\ResponseToolSearch.cs(5,7): warning CS0105: The using directive for 'LlmTornado.ChatFunctions' appeared previously in this namespace [C:\Users\lordo\Documents\GitHub\llmtornado\src\LlmTornado\LlmTornado.csproj::TargetFramework=net8.0]
C:\Users\lordo\Documents\GitHub\llmtornado\src\LlmTornado\Batch\BatchEndpoint.cs(131,48): warning CS8425: Async-iterator 'BatchEndpoint.GetResultsStreaming(BatchItem, LLmProviders?, CancellationToken)' has one or more parameters of type 'CancellationToken' but none of them is decorated with the 'EnumeratorCancellation' attribute, so the cancellation token parameter from the generated 'IAsyncEnumerable<>.GetAsyncEnumerator' will be unconsumed [C:\Users\lordo\Documents\GitHub\llmtornado\src\LlmTornado\LlmTornado.csproj::TargetFramework=netstandard2.0]
C:\Users\lordo\Documents\GitHub\llmtornado\src\LlmTornado\TornadoApi.cs(36,7): warning CS0105: The using directive for 'LlmTornado.ManagedAgents.Anthropic' appeared previously in this namespace [C:\Users\lordo\Documents\GitHub\llmtornado\src\LlmTornado\LlmTornado.csproj::TargetFramework=net8.0]
C:\Users\lordo\Documents\GitHub\llmtornado\src\LlmTornado\Batch\Vendors\Google\VendorGoogleBatchHandler.cs(125,55): warning CS8425: Async-iterator 'VendorGoogleBatchHandler.StreamResults(BatchItem, IEndpointProvider, EndpointBase, Func<string, LLmProviders?, CancellationToken, Task<HttpCallResult<BatchItem>>>, CancellationToken)' has one or more parameters of type 'CancellationToken' but none of them is decorated with the 'EnumeratorCancellation' attribute, so the cancellation token parameter from the generated 'IAsyncEnumerable<>.GetAsyncEnumerator' will be unconsumed [C:\Users\lordo\Documents\GitHub\llmtornado\src\LlmTornado\LlmTornado.csproj::TargetFramework=netstandard2.0]
C:\Users\lordo\Documents\GitHub\llmtornado\src\LlmTornado\Batch\BatchEndpoint.cs(131,48): warning CS8425: Async-iterator 'BatchEndpoint.GetResultsStreaming(BatchItem, LLmProviders?, CancellationToken)' has one or more parameters of type 'CancellationToken' but none of them is decorated with the 'EnumeratorCancellation' attribute, so the cancellation token parameter from the generated 'IAsyncEnumerable<>.GetAsyncEnumerator' will be unconsumed [C:\Users\lordo\Documents\GitHub\llmtornado\src\LlmTornado\LlmTornado.csproj::TargetFramework=net8.0]
C:\Users\lordo\Documents\GitHub\llmtornado\src\LlmTornado\Batch\Vendors\OpenAi\VendorOpenAiBatchHandler.cs(70,55): warning CS8425: Async-iterator 'VendorOpenAiBatchHandler.StreamResults(BatchItem, IEndpointProvider, CancellationToken)' has one or more parameters of type 'CancellationToken' but none of them is decorated with the 'EnumeratorCancellation' attribute, so the cancellation token parameter from the generated 'IAsyncEnumerable<>.GetAsyncEnumerator' will be unconsumed [C:\Users\lordo\Documents\GitHub\llmtornado\src\LlmTornado\LlmTornado.csproj::TargetFramework=netstandard2.0]
C:\Users\lordo\Documents\GitHub\llmtornado\src\LlmTornado\Batch\Vendors\Google\VendorGoogleBatchHandler.cs(125,55): warning CS8425: Async-iterator 'VendorGoogleBatchHandler.StreamResults(BatchItem, IEndpointProvider, EndpointBase, Func<string, LLmProviders?, CancellationToken, Task<HttpCallResult<BatchItem>>>, CancellationToken)' has one or more parameters of type 'CancellationToken' but none of them is decorated with the 'EnumeratorCancellation' attribute, so the cancellation token parameter from the generated 'IAsyncEnumerable<>.GetAsyncEnumerator' will be unconsumed [C:\Users\lordo\Documents\GitHub\llmtornado\src\LlmTornado\LlmTornado.csproj::TargetFramework=net8.0]
C:\Users\lordo\Documents\GitHub\llmtornado\src\LlmTornado\Audio\SpeechResponseFormat.cs(73,30): warning CS8765: Nullability of type of parameter 'value' doesn't match overridden member (possibly because of nullability attributes). [C:\Users\lordo\Documents\GitHub\llmtornado\src\LlmTornado\LlmTornado.csproj::TargetFramework=netstandard2.0]
C:\Users\lordo\Documents\GitHub\llmtornado\src\LlmTornado\Audio\SpeechResponseFormat.cs(78,46): warning CS8765: Nullability of type of parameter 'existingValue' doesn't match overridden member (possibly because of nullability attributes). [C:\Users\lordo\Documents\GitHub\llmtornado\src\LlmTornado\LlmTornado.csproj::TargetFramework=netstandard2.0]
C:\Users\lordo\Documents\GitHub\llmtornado\src\LlmTornado\Audio\SpeechVoice.cs(112,30): warning CS8765: Nullability of type of parameter 'value' doesn't match overridden member (possibly because of nullability attributes). [C:\Users\lordo\Documents\GitHub\llmtornado\src\LlmTornado\LlmTornado.csproj::TargetFramework=netstandard2.0]
C:\Users\lordo\Documents\GitHub\llmtornado\src\LlmTornado\Audio\SpeechVoice.cs(117,37): warning CS8765: Nullability of type of parameter 'existingValue' doesn't match overridden member (possibly because of nullability attributes). [C:\Users\lordo\Documents\GitHub\llmtornado\src\LlmTornado\LlmTornado.csproj::TargetFramework=netstandard2.0]
C:\Users\lordo\Documents\GitHub\llmtornado\src\LlmTornado\Audio\SpeechResponseFormat.cs(73,30): warning CS8765: Nullability of type of parameter 'value' doesn't match overridden member (possibly because of nullability attributes). [C:\Users\lordo\Documents\GitHub\llmtornado\src\LlmTornado\LlmTornado.csproj::TargetFramework=net8.0]
C:\Users\lordo\Documents\GitHub\llmtornado\src\LlmTornado\Chat\Conversation.cs(1320,43): warning CS8425: Async-iterator 'Conversation.StreamResponseEnumerable(Guid?, CancellationToken)' has one or more parameters of type 'CancellationToken' but none of them is decorated with the 'EnumeratorCancellation' attribute, so the cancellation token parameter from the generated 'IAsyncEnumerable<>.GetAsyncEnumerator' will be unconsumed [C:\Users\lordo\Documents\GitHub\llmtornado\src\LlmTornado\LlmTornado.csproj::TargetFramework=netstandard2.0]
C:\Users\lordo\Documents\GitHub\llmtornado\src\LlmTornado\Audio\SpeechResponseFormat.cs(78,46): warning CS8765: Nullability of type of parameter 'existingValue' doesn't match overridden member (possibly because of nullability attributes). [C:\Users\lordo\Documents\GitHub\llmtornado\src\LlmTornado\LlmTornado.csproj::TargetFramework=net8.0]
C:\Users\lordo\Documents\GitHub\llmtornado\src\LlmTornado\Completions\CompletionEndpoint.cs(125,82): warning CS8625: Cannot convert null literal to non-nullable reference type. [C:\Users\lordo\Documents\GitHub\llmtornado\src\LlmTornado\LlmTornado.csproj::TargetFramework=netstandard2.0]
C:\Users\lordo\Documents\GitHub\llmtornado\src\LlmTornado\Completions\CompletionEndpoint.cs(275,103): warning CS8625: Cannot convert null literal to non-nullable reference type. [C:\Users\lordo\Documents\GitHub\llmtornado\src\LlmTornado\LlmTornado.csproj::TargetFramework=netstandard2.0]
C:\Users\lordo\Documents\GitHub\llmtornado\src\LlmTornado\Batch\Vendors\OpenAi\VendorOpenAiBatchHandler.cs(70,55): warning CS8425: Async-iterator 'VendorOpenAiBatchHandler.StreamResults(BatchItem, IEndpointProvider, CancellationToken)' has one or more parameters of type 'CancellationToken' but none of them is decorated with the 'EnumeratorCancellation' attribute, so the cancellation token parameter from the generated 'IAsyncEnumerable<>.GetAsyncEnumerator' will be unconsumed [C:\Users\lordo\Documents\GitHub\llmtornado\src\LlmTornado\LlmTornado.csproj::TargetFramework=net8.0]
C:\Users\lordo\Documents\GitHub\llmtornado\src\LlmTornado\Chat\Vendors\Anthropic\VendorAnthropicChatMessageTypes.cs(30,28): warning CS0436: The type 'FrozenDictionary<TKey, TValue>' in 'C:\Users\lordo\Documents\GitHub\llmtornado\src\LlmTornado\Code\LegacyFrozen.cs' conflicts with the imported type 'FrozenDictionary<TKey, TValue>' in 'System.Collections.Immutable, Version=8.0.0.0, Culture=neutral, PublicKeyToken=b03f5f7f11d50a3a'. Using the type defined in 'C:\Users\lordo\Documents\GitHub\llmtornado\src\LlmTornado\Code\LegacyFrozen.cs'. [C:\Users\lordo\Documents\GitHub\llmtornado\src\LlmTornado\LlmTornado.csproj::TargetFramework=netstandard2.0]
C:\Users\lordo\Documents\GitHub\llmtornado\src\LlmTornado\Audio\SpeechVoice.cs(112,30): warning CS8765: Nullability of type of parameter 'value' doesn't match overridden member (possibly because of nullability attributes). [C:\Users\lordo\Documents\GitHub\llmtornado\src\LlmTornado\LlmTornado.csproj::TargetFramework=net8.0]
C:\Users\lordo\Documents\GitHub\llmtornado\src\LlmTornado\Chat\Vendors\Anthropic\VendorAnthropicChatRequest.cs(79,30): warning CS8765: Nullability of type of parameter 'value' doesn't match overridden member (possibly because of nullability attributes). [C:\Users\lordo\Documents\GitHub\llmtornado\src\LlmTornado\LlmTornado.csproj::TargetFramework=netstandard2.0]
C:\Users\lordo\Documents\GitHub\llmtornado\src\LlmTornado\Audio\SpeechVoice.cs(117,37): warning CS8765: Nullability of type of parameter 'existingValue' doesn't match overridden member (possibly because of nullability attributes). [C:\Users\lordo\Documents\GitHub\llmtornado\src\LlmTornado\LlmTornado.csproj::TargetFramework=net8.0]
C:\Users\lordo\Documents\GitHub\llmtornado\src\LlmTornado\Chat\Vendors\Anthropic\VendorAnthropicChatRequest.cs(494,66): warning CS8765: Nullability of type of parameter 'existingValue' doesn't match overridden member (possibly because of nullability attributes). [C:\Users\lordo\Documents\GitHub\llmtornado\src\LlmTornado\LlmTornado.csproj::TargetFramework=netstandard2.0]
C:\Users\lordo\Documents\GitHub\llmtornado\src\LlmTornado\Chat\Conversation.cs(1320,43): warning CS8425: Async-iterator 'Conversation.StreamResponseEnumerable(Guid?, CancellationToken)' has one or more parameters of type 'CancellationToken' but none of them is decorated with the 'EnumeratorCancellation' attribute, so the cancellation token parameter from the generated 'IAsyncEnumerable<>.GetAsyncEnumerator' will be unconsumed [C:\Users\lordo\Documents\GitHub\llmtornado\src\LlmTornado\LlmTornado.csproj::TargetFramework=net8.0]
C:\Users\lordo\Documents\GitHub\llmtornado\src\LlmTornado\Chat\Models\ChatModel.cs(491,12): warning CS0436: The type 'FrozenDictionary<TKey, TValue>' in 'C:\Users\lordo\Documents\GitHub\llmtornado\src\LlmTornado\Code\LegacyFrozen.cs' conflicts with the imported type 'FrozenDictionary<TKey, TValue>' in 'System.Collections.Immutable, Version=8.0.0.0, Culture=neutral, PublicKeyToken=b03f5f7f11d50a3a'. Using the type defined in 'C:\Users\lordo\Documents\GitHub\llmtornado\src\LlmTornado\Code\LegacyFrozen.cs'. [C:\Users\lordo\Documents\GitHub\llmtornado\src\LlmTornado\LlmTornado.csproj::TargetFramework=netstandard2.0]
C:\Users\lordo\Documents\GitHub\llmtornado\src\LlmTornado\Chat\Vendors\Cohere\ChatVendorCohereExtensionConnector.cs(144,60): warning CS8765: Nullability of type of parameter 'existingValue' doesn't match overridden member (possibly because of nullability attributes). [C:\Users\lordo\Documents\GitHub\llmtornado\src\LlmTornado\LlmTornado.csproj::TargetFramework=net8.0]
C:\Users\lordo\Documents\GitHub\llmtornado\src\LlmTornado\Compaction\CompactionResult.cs(25,20): warning CS0108: 'CompactionResult.Model' hides inherited member 'ApiResultBase.Model'. Use the new keyword if hiding was intended. [C:\Users\lordo\Documents\GitHub\llmtornado\src\LlmTornado\LlmTornado.csproj::TargetFramework=net8.0]
C:\Users\lordo\Documents\GitHub\llmtornado\src\LlmTornado\Completions\CompletionEndpoint.cs(125,82): warning CS8625: Cannot convert null literal to non-nullable reference type. [C:\Users\lordo\Documents\GitHub\llmtornado\src\LlmTornado\LlmTornado.csproj::TargetFramework=net8.0]
C:\Users\lordo\Documents\GitHub\llmtornado\src\LlmTornado\Completions\CompletionEndpoint.cs(275,103): warning CS8625: Cannot convert null literal to non-nullable reference type. [C:\Users\lordo\Documents\GitHub\llmtornado\src\LlmTornado\LlmTornado.csproj::TargetFramework=net8.0]
C:\Users\lordo\Documents\GitHub\llmtornado\src\LlmTornado\Chat\Vendors\Cohere\VendorCohereChatRequest.cs(500,28): warning CS8765: Nullability of type of parameter 'existingValue' doesn't match overridden member (possibly because of nullability attributes). [C:\Users\lordo\Documents\GitHub\llmtornado\src\LlmTornado\LlmTornado.csproj::TargetFramework=net8.0]
C:\Users\lordo\Documents\GitHub\llmtornado\src\LlmTornado\Chat\Vendors\Cohere\VendorCohereChatRequest.cs(518,26): warning CS8765: Nullability of type of parameter 'value' doesn't match overridden member (possibly because of nullability attributes). [C:\Users\lordo\Documents\GitHub\llmtornado\src\LlmTornado\LlmTornado.csproj::TargetFramework=net8.0]
C:\Users\lordo\Documents\GitHub\llmtornado\src\LlmTornado\Chat\Vendors\Cohere\VendorCohereChatRequest.cs(531,28): warning CS8765: Nullability of type of parameter 'existingValue' doesn't match overridden member (possibly because of nullability attributes). [C:\Users\lordo\Documents\GitHub\llmtornado\src\LlmTornado\LlmTornado.csproj::TargetFramework=net8.0]
C:\Users\lordo\Documents\GitHub\llmtornado\src\LlmTornado\Chat\Vendors\Cohere\VendorCohereChatRequest.cs(547,26): warning CS8765: Nullability of type of parameter 'value' doesn't match overridden member (possibly because of nullability attributes). [C:\Users\lordo\Documents\GitHub\llmtornado\src\LlmTornado\LlmTornado.csproj::TargetFramework=net8.0]
C:\Users\lordo\Documents\GitHub\llmtornado\src\LlmTornado\Chat\Vendors\Anthropic\VendorAnthropicChatRequest.cs(79,30): warning CS8765: Nullability of type of parameter 'value' doesn't match overridden member (possibly because of nullability attributes). [C:\Users\lordo\Documents\GitHub\llmtornado\src\LlmTornado\LlmTornado.csproj::TargetFramework=net8.0]
C:\Users\lordo\Documents\GitHub\llmtornado\src\LlmTornado\Chat\Vendors\Anthropic\VendorAnthropicChatRequest.cs(494,66): warning CS8765: Nullability of type of parameter 'existingValue' doesn't match overridden member (possibly because of nullability attributes). [C:\Users\lordo\Documents\GitHub\llmtornado\src\LlmTornado\LlmTornado.csproj::TargetFramework=net8.0]
C:\Users\lordo\Documents\GitHub\llmtornado\src\LlmTornado\Embedding\MultimodalEmbeddingResult.cs(15,19): warning CS0108: 'MultimodalEmbeddingResult.Object' hides inherited member 'ApiResultBase.Object'. Use the new keyword if hiding was intended. [C:\Users\lordo\Documents\GitHub\llmtornado\src\LlmTornado\LlmTornado.csproj::TargetFramework=net8.0]
C:\Users\lordo\Documents\GitHub\llmtornado\src\LlmTornado\Embedding\MultimodalEmbeddingResult.cs(27,19): warning CS0108: 'MultimodalEmbeddingResult.Model' hides inherited member 'ApiResultBase.Model'. Use the new keyword if hiding was intended. [C:\Users\lordo\Documents\GitHub\llmtornado\src\LlmTornado\LlmTornado.csproj::TargetFramework=net8.0]
C:\Users\lordo\Documents\GitHub\llmtornado\src\LlmTornado\Files\OpenAiInputFileTypes.cs(41,29): warning CS0436: The type 'FrozenDictionary<TKey, TValue>' in 'C:\Users\lordo\Documents\GitHub\llmtornado\src\LlmTornado\Code\LegacyFrozen.cs' conflicts with the imported type 'FrozenDictionary<TKey, TValue>' in 'System.Collections.Immutable, Version=8.0.0.0, Culture=neutral, PublicKeyToken=b03f5f7f11d50a3a'. Using the type defined in 'C:\Users\lordo\Documents\GitHub\llmtornado\src\LlmTornado\Code\LegacyFrozen.cs'. [C:\Users\lordo\Documents\GitHub\llmtornado\src\LlmTornado\LlmTornado.csproj::TargetFramework=netstandard2.0]
C:\Users\lordo\Documents\GitHub\llmtornado\src\LlmTornado\EndpointBase.cs(868,40): warning CS8425: Async-iterator 'EndpointBase.HttpStreamingRequest<T>(IEndpointProvider, CapabilityEndpoints, string?, Dictionary<string, object>?, HttpVerbs?, object?, IModel?, Ref<string>?, CancellationToken)' has one or more parameters of type 'CancellationToken' but none of them is decorated with the 'EnumeratorCancellation' attribute, so the cancellation token parameter from the generated 'IAsyncEnumerable<>.GetAsyncEnumerator' will be unconsumed [C:\Users\lordo\Documents\GitHub\llmtornado\src\LlmTornado\LlmTornado.csproj::TargetFramework=net8.0]
C:\Users\lordo\Documents\GitHub\llmtornado\src\LlmTornado\Chat\Vendors\Cohere\ChatVendorCohereExtensionConnector.cs(144,60): warning CS8765: Nullability of type of parameter 'existingValue' doesn't match overridden member (possibly because of nullability attributes). [C:\Users\lordo\Documents\GitHub\llmtornado\src\LlmTornado\LlmTornado.csproj::TargetFramework=netstandard2.0]
C:\Users\lordo\Documents\GitHub\llmtornado\src\LlmTornado\Chat\Vendors\Mistral\VendorMistralChatRequest.cs(42,28): warning CS0108: 'VendorMistralChatRequest.VendorMistralChatRequestData.Prediction' hides inherited member 'ChatRequest.Prediction'. Use the new keyword if hiding was intended. [C:\Users\lordo\Documents\GitHub\llmtornado\src\LlmTornado\LlmTornado.csproj::TargetFramework=net8.0]
C:\Users\lordo\Documents\GitHub\llmtornado\src\LlmTornado\Images\ImageSize.cs(332,30): warning CS8765: Nullability of type of parameter 'value' doesn't match overridden member (possibly because of nullability attributes). [C:\Users\lordo\Documents\GitHub\llmtornado\src\LlmTornado\LlmTornado.csproj::TargetFramework=net8.0]
C:\Users\lordo\Documents\GitHub\llmtornado\src\LlmTornado\Compaction\CompactionResult.cs(25,20): warning CS0108: 'CompactionResult.Model' hides inherited member 'ApiResultBase.Model'. Use the new keyword if hiding was intended. [C:\Users\lordo\Documents\GitHub\llmtornado\src\LlmTornado\LlmTornado.csproj::TargetFramework=netstandard2.0]
C:\Users\lordo\Documents\GitHub\llmtornado\src\LlmTornado\Embedding\MultimodalEmbeddingResult.cs(15,19): warning CS0108: 'MultimodalEmbeddingResult.Object' hides inherited member 'ApiResultBase.Object'. Use the new keyword if hiding was intended. [C:\Users\lordo\Documents\GitHub\llmtornado\src\LlmTornado\LlmTornado.csproj::TargetFramework=netstandard2.0]
C:\Users\lordo\Documents\GitHub\llmtornado\src\LlmTornado\Images\ImageSize.cs(337,35): warning CS8765: Nullability of type of parameter 'existingValue' doesn't match overridden member (possibly because of nullability attributes). [C:\Users\lordo\Documents\GitHub\llmtornado\src\LlmTornado\LlmTornado.csproj::TargetFramework=net8.0]
C:\Users\lordo\Documents\GitHub\llmtornado\src\LlmTornado\Embedding\MultimodalEmbeddingResult.cs(27,19): warning CS0108: 'MultimodalEmbeddingResult.Model' hides inherited member 'ApiResultBase.Model'. Use the new keyword if hiding was intended. [C:\Users\lordo\Documents\GitHub\llmtornado\src\LlmTornado\LlmTornado.csproj::TargetFramework=netstandard2.0]
C:\Users\lordo\Documents\GitHub\llmtornado\src\LlmTornado\Code\DiffMatchPatch\ImmutableListWithValueSemantics.cs(41,26): warning CS8765: Nullability of type of parameter 'obj' doesn't match overridden member (possibly because of nullability attributes). [C:\Users\lordo\Documents\GitHub\llmtornado\src\LlmTornado\LlmTornado.csproj::TargetFramework=net8.0]
C:\Users\lordo\Documents\GitHub\llmtornado\src\LlmTornado\Embedding\Vendors\Google\VendorGoogleEmbeddingRequest.cs(58,29): warning CS0436: The type 'FrozenDictionary<TKey, TValue>' in 'C:\Users\lordo\Documents\GitHub\llmtornado\src\LlmTornado\Code\LegacyFrozen.cs' conflicts with the imported type 'FrozenDictionary<TKey, TValue>' in 'System.Collections.Immutable, Version=8.0.0.0, Culture=neutral, PublicKeyToken=b03f5f7f11d50a3a'. Using the type defined in 'C:\Users\lordo\Documents\GitHub\llmtornado\src\LlmTornado\Code\LegacyFrozen.cs'. [C:\Users\lordo\Documents\GitHub\llmtornado\src\LlmTornado\LlmTornado.csproj::TargetFramework=netstandard2.0]
C:\Users\lordo\Documents\GitHub\llmtornado\src\LlmTornado\Code\Extensions.cs(97,44): warning CS8714: The type 'TKey' cannot be used as type parameter 'TKey' in the generic type or method 'Dictionary<TKey, TValue>'. Nullability of type argument 'TKey' doesn't match 'notnull' constraint. [C:\Users\lordo\Documents\GitHub\llmtornado\src\LlmTornado\LlmTornado.csproj::TargetFramework=net8.0]
C:\Users\lordo\Documents\GitHub\llmtornado\src\LlmTornado\ManagedAgents\Anthropic\AnthropicManagedAgent.cs(26,20): warning CS0108: 'AnthropicManagedAgent.Model' hides inherited member 'ApiResultBase.Model'. Use the new keyword if hiding was intended. [C:\Users\lordo\Documents\GitHub\llmtornado\src\LlmTornado\LlmTornado.csproj::TargetFramework=netstandard2.0]
C:\Users\lordo\Documents\GitHub\llmtornado\src\LlmTornado\Code\Extensions.cs(408,76): warning CS8714: The type 'TKey' cannot be used as type parameter 'TKey' in the generic type or method 'Dictionary<TKey, TValue>'. Nullability of type argument 'TKey' doesn't match 'notnull' constraint. [C:\Users\lordo\Documents\GitHub\llmtornado\src\LlmTornado\LlmTornado.csproj::TargetFramework=net8.0]
C:\Users\lordo\Documents\GitHub\llmtornado\src\LlmTornado\ManagedAgents\Anthropic\AnthropicManagedAgent.cs(32,18): warning CS0108: 'AnthropicManagedAgent.Version' hides inherited member 'ApiResultBase.Version'. Use the new keyword if hiding was intended. [C:\Users\lordo\Documents\GitHub\llmtornado\src\LlmTornado\LlmTornado.csproj::TargetFramework=netstandard2.0]
C:\Users\lordo\Documents\GitHub\llmtornado\src\LlmTornado\ManagedAgents\Anthropic\AnthropicManagedAgent.cs(26,20): warning CS0108: 'AnthropicManagedAgent.Model' hides inherited member 'ApiResultBase.Model'. Use the new keyword if hiding was intended. [C:\Users\lordo\Documents\GitHub\llmtornado\src\LlmTornado\LlmTornado.csproj::TargetFramework=net8.0]
C:\Users\lordo\Documents\GitHub\llmtornado\src\LlmTornado\Chat\Vendors\Cohere\VendorCohereChatRequest.cs(500,28): warning CS8765: Nullability of type of parameter 'existingValue' doesn't match overridden member (possibly because of nullability attributes). [C:\Users\lordo\Documents\GitHub\llmtornado\src\LlmTornado\LlmTornado.csproj::TargetFramework=netstandard2.0]
C:\Users\lordo\Documents\GitHub\llmtornado\src\LlmTornado\Chat\Vendors\Cohere\VendorCohereChatRequest.cs(518,26): warning CS8765: Nullability of type of parameter 'value' doesn't match overridden member (possibly because of nullability attributes). [C:\Users\lordo\Documents\GitHub\llmtornado\src\LlmTornado\LlmTornado.csproj::TargetFramework=netstandard2.0]
C:\Users\lordo\Documents\GitHub\llmtornado\src\LlmTornado\ManagedAgents\Anthropic\AnthropicManagedAgent.cs(32,18): warning CS0108: 'AnthropicManagedAgent.Version' hides inherited member 'ApiResultBase.Version'. Use the new keyword if hiding was intended. [C:\Users\lordo\Documents\GitHub\llmtornado\src\LlmTornado\LlmTornado.csproj::TargetFramework=net8.0]
C:\Users\lordo\Documents\GitHub\llmtornado\src\LlmTornado\Chat\Vendors\Cohere\VendorCohereChatRequest.cs(531,28): warning CS8765: Nullability of type of parameter 'existingValue' doesn't match overridden member (possibly because of nullability attributes). [C:\Users\lordo\Documents\GitHub\llmtornado\src\LlmTornado\LlmTornado.csproj::TargetFramework=netstandard2.0]
C:\Users\lordo\Documents\GitHub\llmtornado\src\LlmTornado\Ocr\Models\OcrModel.cs(15,19): warning CS0108: 'OcrModel.Name' hides inherited member 'ModelBase.Name'. Use the new keyword if hiding was intended. [C:\Users\lordo\Documents\GitHub\llmtornado\src\LlmTornado\LlmTornado.csproj::TargetFramework=net8.0]
C:\Users\lordo\Documents\GitHub\llmtornado\src\LlmTornado\Chat\Vendors\Cohere\VendorCohereChatRequest.cs(547,26): warning CS8765: Nullability of type of parameter 'value' doesn't match overridden member (possibly because of nullability attributes). [C:\Users\lordo\Documents\GitHub\llmtornado\src\LlmTornado\LlmTornado.csproj::TargetFramework=netstandard2.0]
C:\Users\lordo\Documents\GitHub\llmtornado\src\LlmTornado\Audio\Models\OpenAi\AudioModelOpenAi.cs(70,49): warning CS1570: XML comment has badly formed XML -- 'Whitespace is not allowed at this location.' [C:\Users\lordo\Documents\GitHub\llmtornado\src\LlmTornado\LlmTornado.csproj::TargetFramework=net462]
C:\Users\lordo\Documents\GitHub\llmtornado\src\LlmTornado\Chat\Models\Cohere\ChatModelCohereCommand.cs(34,193): warning CS1570: XML comment has badly formed XML -- 'Reference to undefined entity 'A'.' [C:\Users\lordo\Documents\GitHub\llmtornado\src\LlmTornado\LlmTornado.csproj::TargetFramework=net462]
C:\Users\lordo\Documents\GitHub\llmtornado\src\LlmTornado\Ocr\Models\OcrModel.cs(18,25): warning CS0108: 'OcrModel.Provider' hides inherited member 'ModelBase.Provider'. Use the new keyword if hiding was intended. [C:\Users\lordo\Documents\GitHub\llmtornado\src\LlmTornado\LlmTornado.csproj::TargetFramework=net8.0]
C:\Users\lordo\Documents\GitHub\llmtornado\src\LlmTornado\Chat\Vendors\Mistral\VendorMistralChatRequest.cs(42,28): warning CS0108: 'VendorMistralChatRequest.VendorMistralChatRequestData.Prediction' hides inherited member 'ChatRequest.Prediction'. Use the new keyword if hiding was intended. [C:\Users\lordo\Documents\GitHub\llmtornado\src\LlmTornado\LlmTornado.csproj::TargetFramework=netstandard2.0]
C:\Users\lordo\Documents\GitHub\llmtornado\src\LlmTornado\Chat\Models\Google\ChatModelGoogleGemini.cs(174,1): warning CS1570: XML comment has badly formed XML -- 'Expected an end tag for element 'summary'.' [C:\Users\lordo\Documents\GitHub\llmtornado\src\LlmTornado\LlmTornado.csproj::TargetFramework=net462]
C:\Users\lordo\Documents\GitHub\llmtornado\src\LlmTornado\Vendor\Anthropic\AnthropicEndpointProvider.cs(55,27): warning CS0108: 'AnthropicEndpointProvider.OutboundVersion' hides inherited member 'BaseEndpointProvider.OutboundVersion'. Use the new keyword if hiding was intended. [C:\Users\lordo\Documents\GitHub\llmtornado\src\LlmTornado\LlmTornado.csproj::TargetFramework=net8.0]
C:\Users\lordo\Documents\GitHub\llmtornado\src\LlmTornado\Chat\Models\Mistral\ChatModelMistralFree.cs(64,76): warning CS1570: XML comment has badly formed XML -- 'Whitespace is not allowed at this location.' [C:\Users\lordo\Documents\GitHub\llmtornado\src\LlmTornado\LlmTornado.csproj::TargetFramework=net462]
C:\Users\lordo\Documents\GitHub\llmtornado\src\LlmTornado\Images\ImageEditRequest.cs(250,26): warning CS0436: The type 'FrozenDictionary<TKey, TValue>' in 'C:\Users\lordo\Documents\GitHub\llmtornado\src\LlmTornado\Code\LegacyFrozen.cs' conflicts with the imported type 'FrozenDictionary<TKey, TValue>' in 'System.Collections.Immutable, Version=8.0.0.0, Culture=neutral, PublicKeyToken=b03f5f7f11d50a3a'. Using the type defined in 'C:\Users\lordo\Documents\GitHub\llmtornado\src\LlmTornado\Code\LegacyFrozen.cs'. [C:\Users\lordo\Documents\GitHub\llmtornado\src\LlmTornado\LlmTornado.csproj::TargetFramework=netstandard2.0]
C:\Users\lordo\Documents\GitHub\llmtornado\src\LlmTornado\Chat\Models\Mistral\ChatModelMistralFree.cs(74,77): warning CS1570: XML comment has badly formed XML -- 'Whitespace is not allowed at this location.' [C:\Users\lordo\Documents\GitHub\llmtornado\src\LlmTornado\LlmTornado.csproj::TargetFramework=net462]
C:\Users\lordo\Documents\GitHub\llmtornado\src\LlmTornado\Chat\Models\Mistral\ChatModelMistralFree.cs(84,76): warning CS1570: XML comment has badly formed XML -- 'Whitespace is not allowed at this location.' [C:\Users\lordo\Documents\GitHub\llmtornado\src\LlmTornado\LlmTornado.csproj::TargetFramework=net462]
C:\Users\lordo\Documents\GitHub\llmtornado\src\LlmTornado\Ocr\OcrResult.cs(21,20): warning CS0108: 'OcrResult.Model' hides inherited member 'ApiResultBase.Model'. Use the new keyword if hiding was intended. [C:\Users\lordo\Documents\GitHub\llmtornado\src\LlmTornado\LlmTornado.csproj::TargetFramework=net8.0]
C:\Users\lordo\Documents\GitHub\llmtornado\src\LlmTornado\Chat\Models\OpenAi\ChatModelOpenAi.cs(23,30): warning CS1570: XML comment has badly formed XML -- 'Whitespace is not allowed at this location.' [C:\Users\lordo\Documents\GitHub\llmtornado\src\LlmTornado\LlmTornado.csproj::TargetFramework=net462]
C:\Users\lordo\Documents\GitHub\llmtornado\src\LlmTornado\Chat\Models\XAi\ChatModelXAi.cs(37,16): warning CS1570: XML comment has badly formed XML -- 'Whitespace is not allowed at this location.' [C:\Users\lordo\Documents\GitHub\llmtornado\src\LlmTornado\LlmTornado.csproj::TargetFramework=net462]
C:\Users\lordo\Documents\GitHub\llmtornado\src\LlmTornado\Ocr\Models\OcrModel.cs(15,19): warning CS0108: 'OcrModel.Name' hides inherited member 'ModelBase.Name'. Use the new keyword if hiding was intended. [C:\Users\lordo\Documents\GitHub\llmtornado\src\LlmTornado\LlmTornado.csproj::TargetFramework=netstandard2.0]
C:\Users\lordo\Documents\GitHub\llmtornado\src\LlmTornado\Chat\Models\XAi\ChatModelXAiGrok.cs(9,10): warning CS1570: XML comment has badly formed XML -- 'Whitespace is not allowed at this location.' [C:\Users\lordo\Documents\GitHub\llmtornado\src\LlmTornado\LlmTornado.csproj::TargetFramework=net462]
C:\Users\lordo\Documents\GitHub\llmtornado\src\LlmTornado\Chat\Models\XAi\ChatModelXAiGrok.cs(54,20): warning CS1570: XML comment has badly formed XML -- 'Whitespace is not allowed at this location.' [C:\Users\lordo\Documents\GitHub\llmtornado\src\LlmTornado\LlmTornado.csproj::TargetFramework=net462]
C:\Users\lordo\Documents\GitHub\llmtornado\src\LlmTornado\Chat\Vendors\Google\VendorGoogleChatResult.cs(597,73): warning CS1570: XML comment has badly formed XML -- 'Missing equals sign between attribute and attribute value.' [C:\Users\lordo\Documents\GitHub\llmtornado\src\LlmTornado\LlmTornado.csproj::TargetFramework=net462]
C:\Users\lordo\Documents\GitHub\llmtornado\src\LlmTornado\Chat\Vendors\Google\VendorGoogleChatResult.cs(597,73): warning CS1570: XML comment has badly formed XML -- 'The character(s) ',' cannot be used at this location.' [C:\Users\lordo\Documents\GitHub\llmtornado\src\LlmTornado\LlmTornado.csproj::TargetFramework=net462]
C:\Users\lordo\Documents\GitHub\llmtornado\src\LlmTornado\Chat\Vendors\Google\VendorGoogleChatResult.cs(599,11): warning CS1570: XML comment has badly formed XML -- 'End tag 'summary' does not match the start tag 'search'.' [C:\Users\lordo\Documents\GitHub\llmtornado\src\LlmTornado\LlmTornado.csproj::TargetFramework=net462]
C:\Users\lordo\Documents\GitHub\llmtornado\src\LlmTornado\Chat\Vendors\Google\VendorGoogleChatResult.cs(600,1): warning CS1570: XML comment has badly formed XML -- 'Expected an end tag for element 'summary'.' [C:\Users\lordo\Documents\GitHub\llmtornado\src\LlmTornado\LlmTornado.csproj::TargetFramework=net462]
C:\Users\lordo\Documents\GitHub\llmtornado\src\LlmTornado\Code\Model.cs(114,64): warning CS1570: XML comment has badly formed XML -- 'Whitespace is not allowed at this location.' [C:\Users\lordo\Documents\GitHub\llmtornado\src\LlmTornado\LlmTornado.csproj::TargetFramework=net462]
C:\Users\lordo\Documents\GitHub\llmtornado\src\LlmTornado\Code\PartialModels.cs(2163,53): warning CS1570: XML comment has badly formed XML -- 'Whitespace is not allowed at this location.' [C:\Users\lordo\Documents\GitHub\llmtornado\src\LlmTornado\LlmTornado.csproj::TargetFramework=net462]
C:\Users\lordo\Documents\GitHub\llmtornado\src\LlmTornado\Code\PartialModels.cs(2388,36): warning CS1570: XML comment has badly formed XML -- 'Whitespace is not allowed at this location.' [C:\Users\lordo\Documents\GitHub\llmtornado\src\LlmTornado\LlmTornado.csproj::TargetFramework=net462]
C:\Users\lordo\Documents\GitHub\llmtornado\src\LlmTornado\Files\FilePurpose.cs(8,121): warning CS1570: XML comment has badly formed XML -- 'Whitespace is not allowed at this location.' [C:\Users\lordo\Documents\GitHub\llmtornado\src\LlmTornado\LlmTornado.csproj::TargetFramework=net462]
C:\Users\lordo\Documents\GitHub\llmtornado\src\LlmTornado\Responses\ResponseOutputItem.cs(1542,7): warning CS1570: XML comment has badly formed XML -- 'End tag 'summary' does not match the start tag 'IResponseOutputItem'.' [C:\Users\lordo\Documents\GitHub\llmtornado\src\LlmTornado\LlmTornado.csproj::TargetFramework=net462]
C:\Users\lordo\Documents\GitHub\llmtornado\src\LlmTornado\Responses\ResponseOutputItem.cs(1543,1): warning CS1570: XML comment has badly formed XML -- 'Expected an end tag for element 'summary'.' [C:\Users\lordo\Documents\GitHub\llmtornado\src\LlmTornado\LlmTornado.csproj::TargetFramework=net462]
C:\Users\lordo\Documents\GitHub\llmtornado\src\LlmTornado\EndpointBase.cs(21,7): warning CS0105: The using directive for 'LlmTornado.Common' appeared previously in this namespace [C:\Users\lordo\Documents\GitHub\llmtornado\src\LlmTornado\LlmTornado.csproj::TargetFramework=net462]
C:\Users\lordo\Documents\GitHub\llmtornado\src\LlmTornado\Responses\ResponseToolSearch.cs(5,7): warning CS0105: The using directive for 'LlmTornado.ChatFunctions' appeared previously in this namespace [C:\Users\lordo\Documents\GitHub\llmtornado\src\LlmTornado\LlmTornado.csproj::TargetFramework=net462]
C:\Users\lordo\Documents\GitHub\llmtornado\src\LlmTornado\TornadoApi.cs(36,7): warning CS0105: The using directive for 'LlmTornado.ManagedAgents.Anthropic' appeared previously in this namespace [C:\Users\lordo\Documents\GitHub\llmtornado\src\LlmTornado\LlmTornado.csproj::TargetFramework=net462]
C:\Users\lordo\Documents\GitHub\llmtornado\src\LlmTornado\Code\LegacyFrozen.cs(42,23): warning CS0436: The type 'FrozenDictionary<TKey, TValue>' in 'C:\Users\lordo\Documents\GitHub\llmtornado\src\LlmTornado\Code\LegacyFrozen.cs' conflicts with the imported type 'FrozenDictionary<TKey, TValue>' in 'System.Collections.Immutable, Version=8.0.0.0, Culture=neutral, PublicKeyToken=b03f5f7f11d50a3a'. Using the type defined in 'C:\Users\lordo\Documents\GitHub\llmtornado\src\LlmTornado\Code\LegacyFrozen.cs'. [C:\Users\lordo\Documents\GitHub\llmtornado\src\LlmTornado\LlmTornado.csproj::TargetFramework=net462]
C:\Users\lordo\Documents\GitHub\llmtornado\src\LlmTornado\Code\LegacyFrozen.cs(49,23): warning CS0436: The type 'FrozenDictionary<TKey, TValue>' in 'C:\Users\lordo\Documents\GitHub\llmtornado\src\LlmTornado\Code\LegacyFrozen.cs' conflicts with the imported type 'FrozenDictionary<TKey, TValue>' in 'System.Collections.Immutable, Version=8.0.0.0, Culture=neutral, PublicKeyToken=b03f5f7f11d50a3a'. Using the type defined in 'C:\Users\lordo\Documents\GitHub\llmtornado\src\LlmTornado\Code\LegacyFrozen.cs'. [C:\Users\lordo\Documents\GitHub\llmtornado\src\LlmTornado\LlmTornado.csproj::TargetFramework=net462]
C:\Users\lordo\Documents\GitHub\llmtornado\src\LlmTornado\Chat\Conversation.cs(1320,43): warning CS8425: Async-iterator 'Conversation.StreamResponseEnumerable(Guid?, CancellationToken)' has one or more parameters of type 'CancellationToken' but none of them is decorated with the 'EnumeratorCancellation' attribute, so the cancellation token parameter from the generated 'IAsyncEnumerable<>.GetAsyncEnumerator' will be unconsumed [C:\Users\lordo\Documents\GitHub\llmtornado\src\LlmTornado\LlmTornado.csproj::TargetFramework=net462]
C:\Users\lordo\Documents\GitHub\llmtornado\src\LlmTornado\Chat\Models\ChatModel.cs(491,12): warning CS0436: The type 'FrozenDictionary<TKey, TValue>' in 'C:\Users\lordo\Documents\GitHub\llmtornado\src\LlmTornado\Code\LegacyFrozen.cs' conflicts with the imported type 'FrozenDictionary<TKey, TValue>' in 'System.Collections.Immutable, Version=8.0.0.0, Culture=neutral, PublicKeyToken=b03f5f7f11d50a3a'. Using the type defined in 'C:\Users\lordo\Documents\GitHub\llmtornado\src\LlmTornado\Code\LegacyFrozen.cs'. [C:\Users\lordo\Documents\GitHub\llmtornado\src\LlmTornado\LlmTornado.csproj::TargetFramework=net462]
C:\Users\lordo\Documents\GitHub\llmtornado\src\LlmTornado\Audio\SpeechResponseFormat.cs(73,30): warning CS8765: Nullability of type of parameter 'value' doesn't match overridden member (possibly because of nullability attributes). [C:\Users\lordo\Documents\GitHub\llmtornado\src\LlmTornado\LlmTornado.csproj::TargetFramework=net462]
C:\Users\lordo\Documents\GitHub\llmtornado\src\LlmTornado\Audio\SpeechResponseFormat.cs(78,46): warning CS8765: Nullability of type of parameter 'existingValue' doesn't match overridden member (possibly because of nullability attributes). [C:\Users\lordo\Documents\GitHub\llmtornado\src\LlmTornado\LlmTornado.csproj::TargetFramework=net462]
C:\Users\lordo\Documents\GitHub\llmtornado\src\LlmTornado\Audio\SpeechVoice.cs(112,30): warning CS8765: Nullability of type of parameter 'value' doesn't match overridden member (possibly because of nullability attributes). [C:\Users\lordo\Documents\GitHub\llmtornado\src\LlmTornado\LlmTornado.csproj::TargetFramework=net462]
C:\Users\lordo\Documents\GitHub\llmtornado\src\LlmTornado\Audio\SpeechVoice.cs(117,37): warning CS8765: Nullability of type of parameter 'existingValue' doesn't match overridden member (possibly because of nullability attributes). [C:\Users\lordo\Documents\GitHub\llmtornado\src\LlmTornado\LlmTornado.csproj::TargetFramework=net462]
C:\Users\lordo\Documents\GitHub\llmtornado\src\LlmTornado\Batch\BatchEndpoint.cs(131,48): warning CS8425: Async-iterator 'BatchEndpoint.GetResultsStreaming(BatchItem, LLmProviders?, CancellationToken)' has one or more parameters of type 'CancellationToken' but none of them is decorated with the 'EnumeratorCancellation' attribute, so the cancellation token parameter from the generated 'IAsyncEnumerable<>.GetAsyncEnumerator' will be unconsumed [C:\Users\lordo\Documents\GitHub\llmtornado\src\LlmTornado\LlmTornado.csproj::TargetFramework=net462]
C:\Users\lordo\Documents\GitHub\llmtornado\src\LlmTornado\Chat\Vendors\Anthropic\VendorAnthropicChatMessageTypes.cs(30,28): warning CS0436: The type 'FrozenDictionary<TKey, TValue>' in 'C:\Users\lordo\Documents\GitHub\llmtornado\src\LlmTornado\Code\LegacyFrozen.cs' conflicts with the imported type 'FrozenDictionary<TKey, TValue>' in 'System.Collections.Immutable, Version=8.0.0.0, Culture=neutral, PublicKeyToken=b03f5f7f11d50a3a'. Using the type defined in 'C:\Users\lordo\Documents\GitHub\llmtornado\src\LlmTornado\Code\LegacyFrozen.cs'. [C:\Users\lordo\Documents\GitHub\llmtornado\src\LlmTornado\LlmTornado.csproj::TargetFramework=net462]
C:\Users\lordo\Documents\GitHub\llmtornado\src\LlmTornado\Chat\Vendors\Anthropic\VendorAnthropicChatRequest.cs(79,30): warning CS8765: Nullability of type of parameter 'value' doesn't match overridden member (possibly because of nullability attributes). [C:\Users\lordo\Documents\GitHub\llmtornado\src\LlmTornado\LlmTornado.csproj::TargetFramework=net462]
C:\Users\lordo\Documents\GitHub\llmtornado\src\LlmTornado\Chat\Vendors\Anthropic\VendorAnthropicChatRequest.cs(494,66): warning CS8765: Nullability of type of parameter 'existingValue' doesn't match overridden member (possibly because of nullability attributes). [C:\Users\lordo\Documents\GitHub\llmtornado\src\LlmTornado\LlmTornado.csproj::TargetFramework=net462]
C:\Users\lordo\Documents\GitHub\llmtornado\src\LlmTornado\Chat\Vendors\Cohere\ChatVendorCohereExtensionConnector.cs(144,60): warning CS8765: Nullability of type of parameter 'existingValue' doesn't match overridden member (possibly because of nullability attributes). [C:\Users\lordo\Documents\GitHub\llmtornado\src\LlmTornado\LlmTornado.csproj::TargetFramework=net462]
C:\Users\lordo\Documents\GitHub\llmtornado\src\LlmTornado\Batch\Vendors\Google\VendorGoogleBatchHandler.cs(125,55): warning CS8425: Async-iterator 'VendorGoogleBatchHandler.StreamResults(BatchItem, IEndpointProvider, EndpointBase, Func<string, LLmProviders?, CancellationToken, Task<HttpCallResult<BatchItem>>>, CancellationToken)' has one or more parameters of type 'CancellationToken' but none of them is decorated with the 'EnumeratorCancellation' attribute, so the cancellation token parameter from the generated 'IAsyncEnumerable<>.GetAsyncEnumerator' will be unconsumed [C:\Users\lordo\Documents\GitHub\llmtornado\src\LlmTornado\LlmTornado.csproj::TargetFramework=net462]
C:\Users\lordo\Documents\GitHub\llmtornado\src\LlmTornado\Batch\Vendors\OpenAi\VendorOpenAiBatchHandler.cs(70,55): warning CS8425: Async-iterator 'VendorOpenAiBatchHandler.StreamResults(BatchItem, IEndpointProvider, CancellationToken)' has one or more parameters of type 'CancellationToken' but none of them is decorated with the 'EnumeratorCancellation' attribute, so the cancellation token parameter from the generated 'IAsyncEnumerable<>.GetAsyncEnumerator' will be unconsumed [C:\Users\lordo\Documents\GitHub\llmtornado\src\LlmTornado\LlmTornado.csproj::TargetFramework=net462]
C:\Users\lordo\Documents\GitHub\llmtornado\src\LlmTornado\Chat\Vendors\Cohere\VendorCohereChatRequest.cs(500,28): warning CS8765: Nullability of type of parameter 'existingValue' doesn't match overridden member (possibly because of nullability attributes). [C:\Users\lordo\Documents\GitHub\llmtornado\src\LlmTornado\LlmTornado.csproj::TargetFramework=net462]
C:\Users\lordo\Documents\GitHub\llmtornado\src\LlmTornado\Chat\Vendors\Cohere\VendorCohereChatRequest.cs(518,26): warning CS8765: Nullability of type of parameter 'value' doesn't match overridden member (possibly because of nullability attributes). [C:\Users\lordo\Documents\GitHub\llmtornado\src\LlmTornado\LlmTornado.csproj::TargetFramework=net462]
C:\Users\lordo\Documents\GitHub\llmtornado\src\LlmTornado\Chat\Vendors\Cohere\VendorCohereChatRequest.cs(531,28): warning CS8765: Nullability of type of parameter 'existingValue' doesn't match overridden member (possibly because of nullability attributes). [C:\Users\lordo\Documents\GitHub\llmtornado\src\LlmTornado\LlmTornado.csproj::TargetFramework=net462]
C:\Users\lordo\Documents\GitHub\llmtornado\src\LlmTornado\Chat\Vendors\Cohere\VendorCohereChatRequest.cs(547,26): warning CS8765: Nullability of type of parameter 'value' doesn't match overridden member (possibly because of nullability attributes). [C:\Users\lordo\Documents\GitHub\llmtornado\src\LlmTornado\LlmTornado.csproj::TargetFramework=net462]
C:\Users\lordo\Documents\GitHub\llmtornado\src\LlmTornado\Chat\Vendors\Mistral\VendorMistralChatRequest.cs(42,28): warning CS0108: 'VendorMistralChatRequest.VendorMistralChatRequestData.Prediction' hides inherited member 'ChatRequest.Prediction'. Use the new keyword if hiding was intended. [C:\Users\lordo\Documents\GitHub\llmtornado\src\LlmTornado\LlmTornado.csproj::TargetFramework=net462]
C:\Users\lordo\Documents\GitHub\llmtornado\src\LlmTornado\Compaction\CompactionResult.cs(25,20): warning CS0108: 'CompactionResult.Model' hides inherited member 'ApiResultBase.Model'. Use the new keyword if hiding was intended. [C:\Users\lordo\Documents\GitHub\llmtornado\src\LlmTornado\LlmTornado.csproj::TargetFramework=net462]
C:\Users\lordo\Documents\GitHub\llmtornado\src\LlmTornado\Completions\CompletionEndpoint.cs(125,82): warning CS8625: Cannot convert null literal to non-nullable reference type. [C:\Users\lordo\Documents\GitHub\llmtornado\src\LlmTornado\LlmTornado.csproj::TargetFramework=net462]
C:\Users\lordo\Documents\GitHub\llmtornado\src\LlmTornado\Completions\CompletionEndpoint.cs(275,103): warning CS8625: Cannot convert null literal to non-nullable reference type. [C:\Users\lordo\Documents\GitHub\llmtornado\src\LlmTornado\LlmTornado.csproj::TargetFramework=net462]
C:\Users\lordo\Documents\GitHub\llmtornado\src\LlmTornado\Code\PartialModels.cs(363,30): warning CS0436: The type 'FrozenDictionary<TKey, TValue>' in 'C:\Users\lordo\Documents\GitHub\llmtornado\src\LlmTornado\Code\LegacyFrozen.cs' conflicts with the imported type 'FrozenDictionary<TKey, TValue>' in 'System.Collections.Immutable, Version=8.0.0.0, Culture=neutral, PublicKeyToken=b03f5f7f11d50a3a'. Using the type defined in 'C:\Users\lordo\Documents\GitHub\llmtornado\src\LlmTornado\Code\LegacyFrozen.cs'. [C:\Users\lordo\Documents\GitHub\llmtornado\src\LlmTornado\LlmTornado.csproj::TargetFramework=net462]
C:\Users\lordo\Documents\GitHub\llmtornado\src\LlmTornado\Embedding\MultimodalEmbeddingResult.cs(15,19): warning CS0108: 'MultimodalEmbeddingResult.Object' hides inherited member 'ApiResultBase.Object'. Use the new keyword if hiding was intended. [C:\Users\lordo\Documents\GitHub\llmtornado\src\LlmTornado\LlmTornado.csproj::TargetFramework=net462]
C:\Users\lordo\Documents\GitHub\llmtornado\src\LlmTornado\Embedding\MultimodalEmbeddingResult.cs(27,19): warning CS0108: 'MultimodalEmbeddingResult.Model' hides inherited member 'ApiResultBase.Model'. Use the new keyword if hiding was intended. [C:\Users\lordo\Documents\GitHub\llmtornado\src\LlmTornado\LlmTornado.csproj::TargetFramework=net462]
C:\Users\lordo\Documents\GitHub\llmtornado\src\LlmTornado\Embedding\Vendors\Google\VendorGoogleEmbeddingRequest.cs(58,29): warning CS0436: The type 'FrozenDictionary<TKey, TValue>' in 'C:\Users\lordo\Documents\GitHub\llmtornado\src\LlmTornado\Code\LegacyFrozen.cs' conflicts with the imported type 'FrozenDictionary<TKey, TValue>' in 'System.Collections.Immutable, Version=8.0.0.0, Culture=neutral, PublicKeyToken=b03f5f7f11d50a3a'. Using the type defined in 'C:\Users\lordo\Documents\GitHub\llmtornado\src\LlmTornado\Code\LegacyFrozen.cs'. [C:\Users\lordo\Documents\GitHub\llmtornado\src\LlmTornado\LlmTornado.csproj::TargetFramework=net462]
C:\Users\lordo\Documents\GitHub\llmtornado\src\LlmTornado\EndpointBase.cs(868,40): warning CS8425: Async-iterator 'EndpointBase.HttpStreamingRequest<T>(IEndpointProvider, CapabilityEndpoints, string?, Dictionary<string, object>?, HttpVerbs?, object?, IModel?, Ref<string>?, CancellationToken)' has one or more parameters of type 'CancellationToken' but none of them is decorated with the 'EnumeratorCancellation' attribute, so the cancellation token parameter from the generated 'IAsyncEnumerable<>.GetAsyncEnumerator' will be unconsumed [C:\Users\lordo\Documents\GitHub\llmtornado\src\LlmTornado\LlmTornado.csproj::TargetFramework=net462]
C:\Users\lordo\Documents\GitHub\llmtornado\src\LlmTornado\Files\OpenAiInputFileTypes.cs(41,29): warning CS0436: The type 'FrozenDictionary<TKey, TValue>' in 'C:\Users\lordo\Documents\GitHub\llmtornado\src\LlmTornado\Code\LegacyFrozen.cs' conflicts with the imported type 'FrozenDictionary<TKey, TValue>' in 'System.Collections.Immutable, Version=8.0.0.0, Culture=neutral, PublicKeyToken=b03f5f7f11d50a3a'. Using the type defined in 'C:\Users\lordo\Documents\GitHub\llmtornado\src\LlmTornado\Code\LegacyFrozen.cs'. [C:\Users\lordo\Documents\GitHub\llmtornado\src\LlmTornado\LlmTornado.csproj::TargetFramework=net462]
C:\Users\lordo\Documents\GitHub\llmtornado\src\LlmTornado\Images\ImageEditRequest.cs(250,26): warning CS0436: The type 'FrozenDictionary<TKey, TValue>' in 'C:\Users\lordo\Documents\GitHub\llmtornado\src\LlmTornado\Code\LegacyFrozen.cs' conflicts with the imported type 'FrozenDictionary<TKey, TValue>' in 'System.Collections.Immutable, Version=8.0.0.0, Culture=neutral, PublicKeyToken=b03f5f7f11d50a3a'. Using the type defined in 'C:\Users\lordo\Documents\GitHub\llmtornado\src\LlmTornado\Code\LegacyFrozen.cs'. [C:\Users\lordo\Documents\GitHub\llmtornado\src\LlmTornado\LlmTornado.csproj::TargetFramework=net462]
C:\Users\lordo\Documents\GitHub\llmtornado\src\LlmTornado\Vendor\Cohere\CohereEndpointProvider.cs(40,27): warning CS0108: 'CohereEndpointProvider.OutboundVersion' hides inherited member 'BaseEndpointProvider.OutboundVersion'. Use the new keyword if hiding was intended. [C:\Users\lordo\Documents\GitHub\llmtornado\src\LlmTornado\LlmTornado.csproj::TargetFramework=net8.0]
C:\Users\lordo\Documents\GitHub\llmtornado\src\LlmTornado\Ocr\Models\OcrModel.cs(18,25): warning CS0108: 'OcrModel.Provider' hides inherited member 'ModelBase.Provider'. Use the new keyword if hiding was intended. [C:\Users\lordo\Documents\GitHub\llmtornado\src\LlmTornado\LlmTornado.csproj::TargetFramework=netstandard2.0]
C:\Users\lordo\Documents\GitHub\llmtornado\src\LlmTornado\Images\ImageGenerationRequest.cs(267,26): warning CS0436: The type 'FrozenDictionary<TKey, TValue>' in 'C:\Users\lordo\Documents\GitHub\llmtornado\src\LlmTornado\Code\LegacyFrozen.cs' conflicts with the imported type 'FrozenDictionary<TKey, TValue>' in 'System.Collections.Immutable, Version=8.0.0.0, Culture=neutral, PublicKeyToken=b03f5f7f11d50a3a'. Using the type defined in 'C:\Users\lordo\Documents\GitHub\llmtornado\src\LlmTornado\Code\LegacyFrozen.cs'. [C:\Users\lordo\Documents\GitHub\llmtornado\src\LlmTornado\LlmTornado.csproj::TargetFramework=net462]
C:\Users\lordo\Documents\GitHub\llmtornado\src\LlmTornado\Vendor\OpenAi\OpenAiEndpointProvider.cs(36,27): warning CS0108: 'OpenAiEndpointProvider.OutboundVersion' hides inherited member 'BaseEndpointProvider.OutboundVersion'. Use the new keyword if hiding was intended. [C:\Users\lordo\Documents\GitHub\llmtornado\src\LlmTornado\LlmTornado.csproj::TargetFramework=net8.0]
C:\Users\lordo\Documents\GitHub\llmtornado\src\LlmTornado\Images\ImageSize.cs(332,30): warning CS8765: Nullability of type of parameter 'value' doesn't match overridden member (possibly because of nullability attributes). [C:\Users\lordo\Documents\GitHub\llmtornado\src\LlmTornado\LlmTornado.csproj::TargetFramework=net462]
C:\Users\lordo\Documents\GitHub\llmtornado\src\LlmTornado\Interactions\Interaction.cs(17,20): warning CS0108: 'Interaction.Object' hides inherited member 'ApiResultBase.Object'. Use the new keyword if hiding was intended. [C:\Users\lordo\Documents\GitHub\llmtornado\src\LlmTornado\LlmTornado.csproj::TargetFramework=net8.0]
C:\Users\lordo\Documents\GitHub\llmtornado\src\LlmTornado\Images\ImageSize.cs(337,35): warning CS8765: Nullability of type of parameter 'existingValue' doesn't match overridden member (possibly because of nullability attributes). [C:\Users\lordo\Documents\GitHub\llmtornado\src\LlmTornado\LlmTornado.csproj::TargetFramework=net462]
C:\Users\lordo\Documents\GitHub\llmtornado\src\LlmTornado\Interactions\Interaction.cs(29,20): warning CS0108: 'Interaction.Model' hides inherited member 'ApiResultBase.Model'. Use the new keyword if hiding was intended. [C:\Users\lordo\Documents\GitHub\llmtornado\src\LlmTornado\LlmTornado.csproj::TargetFramework=net8.0]
C:\Users\lordo\Documents\GitHub\llmtornado\src\LlmTornado\Interactions\Interaction.cs(17,20): warning CS0108: 'Interaction.Object' hides inherited member 'ApiResultBase.Object'. Use the new keyword if hiding was intended. [C:\Users\lordo\Documents\GitHub\llmtornado\src\LlmTornado\LlmTornado.csproj::TargetFramework=net462]
C:\Users\lordo\Documents\GitHub\llmtornado\src\LlmTornado\Interactions\Interaction.cs(63,20): warning CS0108: 'Interaction.Created' hides inherited member 'ApiResultBase.Created'. Use the new keyword if hiding was intended. [C:\Users\lordo\Documents\GitHub\llmtornado\src\LlmTornado\LlmTornado.csproj::TargetFramework=net8.0]
C:\Users\lordo\Documents\GitHub\llmtornado\src\LlmTornado\Interactions\Interaction.cs(29,20): warning CS0108: 'Interaction.Model' hides inherited member 'ApiResultBase.Model'. Use the new keyword if hiding was intended. [C:\Users\lordo\Documents\GitHub\llmtornado\src\LlmTornado\LlmTornado.csproj::TargetFramework=net462]
C:\Users\lordo\Documents\GitHub\llmtornado\src\LlmTornado\Vendor\Google\GoogleEndpointProvider.cs(41,27): warning CS0108: 'GoogleEndpointProvider.OutboundVersion' hides inherited member 'BaseEndpointProvider.OutboundVersion'. Use the new keyword if hiding was intended. [C:\Users\lordo\Documents\GitHub\llmtornado\src\LlmTornado\LlmTornado.csproj::TargetFramework=net8.0]
C:\Users\lordo\Documents\GitHub\llmtornado\src\LlmTornado\Interactions\Interaction.cs(63,20): warning CS0108: 'Interaction.Created' hides inherited member 'ApiResultBase.Created'. Use the new keyword if hiding was intended. [C:\Users\lordo\Documents\GitHub\llmtornado\src\LlmTornado\LlmTornado.csproj::TargetFramework=net462]
C:\Users\lordo\Documents\GitHub\llmtornado\src\LlmTornado\Rerank\RerankResult.cs(16,19): warning CS0108: 'RerankResult.Object' hides inherited member 'ApiResultBase.Object'. Use the new keyword if hiding was intended. [C:\Users\lordo\Documents\GitHub\llmtornado\src\LlmTornado\LlmTornado.csproj::TargetFramework=net8.0]
C:\Users\lordo\Documents\GitHub\llmtornado\src\LlmTornado\Vendor\Anthropic\AnthropicEndpointProvider.cs(55,27): warning CS0108: 'AnthropicEndpointProvider.OutboundVersion' hides inherited member 'BaseEndpointProvider.OutboundVersion'. Use the new keyword if hiding was intended. [C:\Users\lordo\Documents\GitHub\llmtornado\src\LlmTornado\LlmTornado.csproj::TargetFramework=net462]
C:\Users\lordo\Documents\GitHub\llmtornado\src\LlmTornado\Rerank\RerankResult.cs(28,19): warning CS0108: 'RerankResult.Model' hides inherited member 'ApiResultBase.Model'. Use the new keyword if hiding was intended. [C:\Users\lordo\Documents\GitHub\llmtornado\src\LlmTornado\LlmTornado.csproj::TargetFramework=net8.0]
C:\Users\lordo\Documents\GitHub\llmtornado\src\LlmTornado\Vendor\Anthropic\AnthropicEndpointProvider.cs(102,32): warning CS0436: The type 'FrozenDictionary<TKey, TValue>' in 'C:\Users\lordo\Documents\GitHub\llmtornado\src\LlmTornado\Code\LegacyFrozen.cs' conflicts with the imported type 'FrozenDictionary<TKey, TValue>' in 'System.Collections.Immutable, Version=8.0.0.0, Culture=neutral, PublicKeyToken=b03f5f7f11d50a3a'. Using the type defined in 'C:\Users\lordo\Documents\GitHub\llmtornado\src\LlmTornado\Code\LegacyFrozen.cs'. [C:\Users\lordo\Documents\GitHub\llmtornado\src\LlmTornado\LlmTornado.csproj::TargetFramework=net462]
C:\Users\lordo\Documents\GitHub\llmtornado\src\LlmTornado\ManagedAgents\ManagedAgent.cs(17,20): warning CS0108: 'ManagedAgent.Object' hides inherited member 'ApiResultBase.Object'. Use the new keyword if hiding was intended. [C:\Users\lordo\Documents\GitHub\llmtornado\src\LlmTornado\LlmTornado.csproj::TargetFramework=net8.0]
C:\Users\lordo\Documents\GitHub\llmtornado\src\LlmTornado\Vendor\Anthropic\AnthropicEndpointProvider.cs(156,32): warning CS0436: The type 'FrozenDictionary<TKey, TValue>' in 'C:\Users\lordo\Documents\GitHub\llmtornado\src\LlmTornado\Code\LegacyFrozen.cs' conflicts with the imported type 'FrozenDictionary<TKey, TValue>' in 'System.Collections.Immutable, Version=8.0.0.0, Culture=neutral, PublicKeyToken=b03f5f7f11d50a3a'. Using the type defined in 'C:\Users\lordo\Documents\GitHub\llmtornado\src\LlmTornado\Code\LegacyFrozen.cs'. [C:\Users\lordo\Documents\GitHub\llmtornado\src\LlmTornado\LlmTornado.csproj::TargetFramework=net462]
C:\Users\lordo\Documents\GitHub\llmtornado\src\LlmTornado\ManagedAgents\ManagedAgent.cs(65,20): warning CS0108: 'ManagedAgent.Created' hides inherited member 'ApiResultBase.Created'. Use the new keyword if hiding was intended. [C:\Users\lordo\Documents\GitHub\llmtornado\src\LlmTornado\LlmTornado.csproj::TargetFramework=net8.0]
C:\Users\lordo\Documents\GitHub\llmtornado\src\LlmTornado\Interactions\InteractionStreamEvent.cs(120,29): warning CS0436: The type 'FrozenDictionary<TKey, TValue>' in 'C:\Users\lordo\Documents\GitHub\llmtornado\src\LlmTornado\Code\LegacyFrozen.cs' conflicts with the imported type 'FrozenDictionary<TKey, TValue>' in 'System.Collections.Immutable, Version=8.0.0.0, Culture=neutral, PublicKeyToken=b03f5f7f11d50a3a'. Using the type defined in 'C:\Users\lordo\Documents\GitHub\llmtornado\src\LlmTornado\Code\LegacyFrozen.cs'. [C:\Users\lordo\Documents\GitHub\llmtornado\src\LlmTornado\LlmTornado.csproj::TargetFramework=net462]
C:\Users\lordo\Documents\GitHub\llmtornado\src\LlmTornado\Videos\VideoJob.cs(22,20): warning CS0108: 'VideoJob.Object' hides inherited member 'ApiResultBase.Object'. Use the new keyword if hiding was intended. [C:\Users\lordo\Documents\GitHub\llmtornado\src\LlmTornado\LlmTornado.csproj::TargetFramework=net8.0]
C:\Users\lordo\Documents\GitHub\llmtornado\src\LlmTornado\ManagedAgents\Anthropic\AnthropicManagedAgent.cs(26,20): warning CS0108: 'AnthropicManagedAgent.Model' hides inherited member 'ApiResultBase.Model'. Use the new keyword if hiding was intended. [C:\Users\lordo\Documents\GitHub\llmtornado\src\LlmTornado\LlmTornado.csproj::TargetFramework=net462]
C:\Users\lordo\Documents\GitHub\llmtornado\src\LlmTornado\Videos\VideoJob.cs(28,20): warning CS0108: 'VideoJob.Model' hides inherited member 'ApiResultBase.Model'. Use the new keyword if hiding was intended. [C:\Users\lordo\Documents\GitHub\llmtornado\src\LlmTornado\LlmTornado.csproj::TargetFramework=net8.0]
C:\Users\lordo\Documents\GitHub\llmtornado\src\LlmTornado\ManagedAgents\Anthropic\AnthropicManagedAgent.cs(32,18): warning CS0108: 'AnthropicManagedAgent.Version' hides inherited member 'ApiResultBase.Version'. Use the new keyword if hiding was intended. [C:\Users\lordo\Documents\GitHub\llmtornado\src\LlmTornado\LlmTornado.csproj::TargetFramework=net462]
C:\Users\lordo\Documents\GitHub\llmtornado\src\LlmTornado\Skills\CreateSkillRequest.cs(31,12): warning CS8618: Non-nullable property 'DisplayTitle' must contain a non-null value when exiting constructor. Consider adding the 'required' modifier or declaring the property as nullable. [C:\Users\lordo\Documents\GitHub\llmtornado\src\LlmTornado\LlmTornado.csproj::TargetFramework=net8.0]
C:\Users\lordo\Documents\GitHub\llmtornado\src\LlmTornado\Vendor\Cohere\CohereEndpointProvider.cs(40,27): warning CS0108: 'CohereEndpointProvider.OutboundVersion' hides inherited member 'BaseEndpointProvider.OutboundVersion'. Use the new keyword if hiding was intended. [C:\Users\lordo\Documents\GitHub\llmtornado\src\LlmTornado\LlmTornado.csproj::TargetFramework=net462]
C:\Users\lordo\Documents\GitHub\llmtornado\src\LlmTornado\Vendor\Google\VendorGoogleUsage.cs(124,19): warning CS8618: Non-nullable property 'Category' must contain a non-null value when exiting constructor. Consider adding the 'required' modifier or declaring the property as nullable. [C:\Users\lordo\Documents\GitHub\llmtornado\src\LlmTornado\LlmTornado.csproj::TargetFramework=net8.0]
C:\Users\lordo\Documents\GitHub\llmtornado\src\LlmTornado\Vendor\Google\GoogleEndpointProvider.cs(41,27): warning CS0108: 'GoogleEndpointProvider.OutboundVersion' hides inherited member 'BaseEndpointProvider.OutboundVersion'. Use the new keyword if hiding was intended. [C:\Users\lordo\Documents\GitHub\llmtornado\src\LlmTornado\LlmTornado.csproj::TargetFramework=net462]
C:\Users\lordo\Documents\GitHub\llmtornado\src\LlmTornado\Vendor\Google\VendorGoogleUsage.cs(134,19): warning CS8618: Non-nullable property 'Probability' must contain a non-null value when exiting constructor. Consider adding the 'required' modifier or declaring the property as nullable. [C:\Users\lordo\Documents\GitHub\llmtornado\src\LlmTornado\LlmTornado.csproj::TargetFramework=net8.0]
C:\Users\lordo\Documents\GitHub\llmtornado\src\LlmTornado\Vendor\OpenAi\OpenAiEndpointProvider.cs(36,27): warning CS0108: 'OpenAiEndpointProvider.OutboundVersion' hides inherited member 'BaseEndpointProvider.OutboundVersion'. Use the new keyword if hiding was intended. [C:\Users\lordo\Documents\GitHub\llmtornado\src\LlmTornado\LlmTornado.csproj::TargetFramework=net462]
C:\Users\lordo\Documents\GitHub\llmtornado\src\LlmTornado\Vendor\Google\VendorGoogleUsage.cs(82,19): warning CS8618: Non-nullable property 'Modality' must contain a non-null value when exiting constructor. Consider adding the 'required' modifier or declaring the property as nullable. [C:\Users\lordo\Documents\GitHub\llmtornado\src\LlmTornado\LlmTornado.csproj::TargetFramework=net8.0]
C:\Users\lordo\Documents\GitHub\llmtornado\src\LlmTornado\ManagedAgents\ManagedAgent.cs(17,20): warning CS0108: 'ManagedAgent.Object' hides inherited member 'ApiResultBase.Object'. Use the new keyword if hiding was intended. [C:\Users\lordo\Documents\GitHub\llmtornado\src\LlmTornado\LlmTornado.csproj::TargetFramework=net462]
C:\Users\lordo\Documents\GitHub\llmtornado\src\LlmTornado\Vendor\Cohere\VendorCohereUsage.cs(23,33): warning CS8618: Non-nullable property 'Api' must contain a non-null value when exiting constructor. Consider adding the 'required' modifier or declaring the property as nullable. [C:\Users\lordo\Documents\GitHub\llmtornado\src\LlmTornado\LlmTornado.csproj::TargetFramework=net8.0]
C:\Users\lordo\Documents\GitHub\llmtornado\src\LlmTornado\ManagedAgents\ManagedAgent.cs(65,20): warning CS0108: 'ManagedAgent.Created' hides inherited member 'ApiResultBase.Created'. Use the new keyword if hiding was intended. [C:\Users\lordo\Documents\GitHub\llmtornado\src\LlmTornado\LlmTornado.csproj::TargetFramework=net462]
C:\Users\lordo\Documents\GitHub\llmtornado\src\LlmTornado\Skills\SkillVersionDeleteResponse.cs(17,19): warning CS8618: Non-nullable property 'Id' must contain a non-null value when exiting constructor. Consider adding the 'required' modifier or declaring the property as nullable. [C:\Users\lordo\Documents\GitHub\llmtornado\src\LlmTornado\LlmTornado.csproj::TargetFramework=net8.0]
C:\Users\lordo\Documents\GitHub\llmtornado\src\LlmTornado\Realtime\Vendors\OpenAi\VendorOpenAiRealtimeTranslation.cs(22,29): warning CS0436: The type 'FrozenDictionary<TKey, TValue>' in 'C:\Users\lordo\Documents\GitHub\llmtornado\src\LlmTornado\Code\LegacyFrozen.cs' conflicts with the imported type 'FrozenDictionary<TKey, TValue>' in 'System.Collections.Immutable, Version=8.0.0.0, Culture=neutral, PublicKeyToken=b03f5f7f11d50a3a'. Using the type defined in 'C:\Users\lordo\Documents\GitHub\llmtornado\src\LlmTornado\Code\LegacyFrozen.cs'. [C:\Users\lordo\Documents\GitHub\llmtornado\src\LlmTornado\LlmTornado.csproj::TargetFramework=net462]
C:\Users\lordo\Documents\GitHub\llmtornado\src\LlmTornado\Skills\SkillVersion.cs(12,19): warning CS8618: Non-nullable property 'Name' must contain a non-null value when exiting constructor. Consider adding the 'required' modifier or declaring the property as nullable. [C:\Users\lordo\Documents\GitHub\llmtornado\src\LlmTornado\LlmTornado.csproj::TargetFramework=net8.0]
C:\Users\lordo\Documents\GitHub\llmtornado\src\LlmTornado\Ocr\Models\OcrModel.cs(15,19): warning CS0108: 'OcrModel.Name' hides inherited member 'ModelBase.Name'. Use the new keyword if hiding was intended. [C:\Users\lordo\Documents\GitHub\llmtornado\src\LlmTornado\LlmTornado.csproj::TargetFramework=net462]
C:\Users\lordo\Documents\GitHub\llmtornado\src\LlmTornado\Skills\SkillVersion.cs(17,19): warning CS8618: Non-nullable property 'Id' must contain a non-null value when exiting constructor. Consider adding the 'required' modifier or declaring the property as nullable. [C:\Users\lordo\Documents\GitHub\llmtornado\src\LlmTornado\LlmTornado.csproj::TargetFramework=net8.0]
C:\Users\lordo\Documents\GitHub\llmtornado\src\LlmTornado\Ocr\Models\OcrModel.cs(18,25): warning CS0108: 'OcrModel.Provider' hides inherited member 'ModelBase.Provider'. Use the new keyword if hiding was intended. [C:\Users\lordo\Documents\GitHub\llmtornado\src\LlmTornado\LlmTornado.csproj::TargetFramework=net462]
C:\Users\lordo\Documents\GitHub\llmtornado\src\LlmTornado\Skills\SkillVersion.cs(23,19): warning CS8618: Non-nullable property 'SkillId' must contain a non-null value when exiting constructor. Consider adding the 'required' modifier or declaring the property as nullable. [C:\Users\lordo\Documents\GitHub\llmtornado\src\LlmTornado\LlmTornado.csproj::TargetFramework=net8.0]
C:\Users\lordo\Documents\GitHub\llmtornado\src\LlmTornado\Rerank\RerankResult.cs(16,19): warning CS0108: 'RerankResult.Object' hides inherited member 'ApiResultBase.Object'. Use the new keyword if hiding was intended. [C:\Users\lordo\Documents\GitHub\llmtornado\src\LlmTornado\LlmTornado.csproj::TargetFramework=net462]
C:\Users\lordo\Documents\GitHub\llmtornado\src\LlmTornado\Skills\SkillVersion.cs(30,19): warning CS8618: Non-nullable property 'Description' must contain a non-null value when exiting constructor. Consider adding the 'required' modifier or declaring the property as nullable. [C:\Users\lordo\Documents\GitHub\llmtornado\src\LlmTornado\LlmTornado.csproj::TargetFramework=net8.0]
C:\Users\lordo\Documents\GitHub\llmtornado\src\LlmTornado\Rerank\RerankResult.cs(28,19): warning CS0108: 'RerankResult.Model' hides inherited member 'ApiResultBase.Model'. Use the new keyword if hiding was intended. [C:\Users\lordo\Documents\GitHub\llmtornado\src\LlmTornado\LlmTornado.csproj::TargetFramework=net462]
C:\Users\lordo\Documents\GitHub\llmtornado\src\LlmTornado\Skills\SkillVersion.cs(36,19): warning CS8618: Non-nullable property 'Directory' must contain a non-null value when exiting constructor. Consider adding the 'required' modifier or declaring the property as nullable. [C:\Users\lordo\Documents\GitHub\llmtornado\src\LlmTornado\LlmTornado.csproj::TargetFramework=net8.0]
C:\Users\lordo\Documents\GitHub\llmtornado\src\LlmTornado\Ocr\OcrResult.cs(21,20): warning CS0108: 'OcrResult.Model' hides inherited member 'ApiResultBase.Model'. Use the new keyword if hiding was intended. [C:\Users\lordo\Documents\GitHub\llmtornado\src\LlmTornado\LlmTornado.csproj::TargetFramework=net462]
C:\Users\lordo\Documents\GitHub\llmtornado\src\LlmTornado\Skills\SkillVersion.cs(48,19): warning CS8618: Non-nullable property 'Version' must contain a non-null value when exiting constructor. Consider adding the 'required' modifier or declaring the property as nullable. [C:\Users\lordo\Documents\GitHub\llmtornado\src\LlmTornado\LlmTornado.csproj::TargetFramework=net8.0]
C:\Users\lordo\Documents\GitHub\llmtornado\src\LlmTornado\Skills\SkillsEndpoint.cs(83,26): warning CS0168: The variable 'ex' is declared but never used [C:\Users\lordo\Documents\GitHub\llmtornado\src\LlmTornado\LlmTornado.csproj::TargetFramework=net8.0]
C:\Users\lordo\Documents\GitHub\llmtornado\src\LlmTornado\Videos\VideoJob.cs(22,20): warning CS0108: 'VideoJob.Object' hides inherited member 'ApiResultBase.Object'. Use the new keyword if hiding was intended. [C:\Users\lordo\Documents\GitHub\llmtornado\src\LlmTornado\LlmTornado.csproj::TargetFramework=net462]
C:\Users\lordo\Documents\GitHub\llmtornado\src\LlmTornado\Skills\SkillDeleteResponse.cs(17,19): warning CS8618: Non-nullable property 'Id' must contain a non-null value when exiting constructor. Consider adding the 'required' modifier or declaring the property as nullable. [C:\Users\lordo\Documents\GitHub\llmtornado\src\LlmTornado\LlmTornado.csproj::TargetFramework=net8.0]
C:\Users\lordo\Documents\GitHub\llmtornado\src\LlmTornado\Videos\VideoJob.cs(28,20): warning CS0108: 'VideoJob.Model' hides inherited member 'ApiResultBase.Model'. Use the new keyword if hiding was intended. [C:\Users\lordo\Documents\GitHub\llmtornado\src\LlmTornado\LlmTornado.csproj::TargetFramework=net462]
C:\Users\lordo\Documents\GitHub\llmtornado\src\LlmTornado\Skills\Skill.cs(15,19): warning CS8618: Non-nullable property 'DisplayTitle' must contain a non-null value when exiting constructor. Consider adding the 'required' modifier or declaring the property as nullable. [C:\Users\lordo\Documents\GitHub\llmtornado\src\LlmTornado\LlmTornado.csproj::TargetFramework=net8.0]
C:\Users\lordo\Documents\GitHub\llmtornado\src\LlmTornado\Responses\ResponsesEndpoint.cs(27,29): warning CS0436: The type 'FrozenDictionary<TKey, TValue>' in 'C:\Users\lordo\Documents\GitHub\llmtornado\src\LlmTornado\Code\LegacyFrozen.cs' conflicts with the imported type 'FrozenDictionary<TKey, TValue>' in 'System.Collections.Immutable, Version=8.0.0.0, Culture=neutral, PublicKeyToken=b03f5f7f11d50a3a'. Using the type defined in 'C:\Users\lordo\Documents\GitHub\llmtornado\src\LlmTornado\Code\LegacyFrozen.cs'. [C:\Users\lordo\Documents\GitHub\llmtornado\src\LlmTornado\LlmTornado.csproj::TargetFramework=net462]
C:\Users\lordo\Documents\GitHub\llmtornado\src\LlmTornado\Skills\Skill.cs(20,19): warning CS8618: Non-nullable property 'Id' must contain a non-null value when exiting constructor. Consider adding the 'required' modifier or declaring the property as nullable. [C:\Users\lordo\Documents\GitHub\llmtornado\src\LlmTornado\LlmTornado.csproj::TargetFramework=net8.0]
C:\Users\lordo\Documents\GitHub\llmtornado\src\LlmTornado\Responses\ResponsesEndpoint.cs(84,29): warning CS0436: The type 'FrozenDictionary<TKey, TValue>' in 'C:\Users\lordo\Documents\GitHub\llmtornado\src\LlmTornado\Code\LegacyFrozen.cs' conflicts with the imported type 'FrozenDictionary<TKey, TValue>' in 'System.Collections.Immutable, Version=8.0.0.0, Culture=neutral, PublicKeyToken=b03f5f7f11d50a3a'. Using the type defined in 'C:\Users\lordo\Documents\GitHub\llmtornado\src\LlmTornado\Code\LegacyFrozen.cs'. [C:\Users\lordo\Documents\GitHub\llmtornado\src\LlmTornado\LlmTornado.csproj::TargetFramework=net462]
C:\Users\lordo\Documents\GitHub\llmtornado\src\LlmTornado\Skills\Skill.cs(40,19): warning CS8618: Non-nullable property 'LatestVersion' must contain a non-null value when exiting constructor. Consider adding the 'required' modifier or declaring the property as nullable. [C:\Users\lordo\Documents\GitHub\llmtornado\src\LlmTornado\LlmTornado.csproj::TargetFramework=net8.0]
C:\Users\lordo\Documents\GitHub\llmtornado\src\LlmTornado\Threads\RunStreaming.cs(118,28): warning CS0436: The type 'FrozenDictionary<TKey, TValue>' in 'C:\Users\lordo\Documents\GitHub\llmtornado\src\LlmTornado\Code\LegacyFrozen.cs' conflicts with the imported type 'FrozenDictionary<TKey, TValue>' in 'System.Collections.Immutable, Version=8.0.0.0, Culture=neutral, PublicKeyToken=b03f5f7f11d50a3a'. Using the type defined in 'C:\Users\lordo\Documents\GitHub\llmtornado\src\LlmTornado\Code\LegacyFrozen.cs'. [C:\Users\lordo\Documents\GitHub\llmtornado\src\LlmTornado\LlmTornado.csproj::TargetFramework=net462]
C:\Users\lordo\Documents\GitHub\llmtornado\src\LlmTornado\Skills\OpenAiSkillsEndpoint.cs(52,16): error CS7036: There is no argument given that corresponds to the required parameter 'cancellationToken' of 'OpenAiSkillsEndpoint.HttpGetData<T>(IEndpointProvider, string?, Dictionary<string, object>?, CancellationToken)' [C:\Users\lordo\Documents\GitHub\llmtornado\src\LlmTornado\LlmTornado.csproj::TargetFramework=net8.0]
C:\Users\lordo\Documents\GitHub\llmtornado\src\LlmTornado\Threads\ToolChoice.cs(129,29): warning CS0436: The type 'FrozenDictionary<TKey, TValue>' in 'C:\Users\lordo\Documents\GitHub\llmtornado\src\LlmTornado\Code\LegacyFrozen.cs' conflicts with the imported type 'FrozenDictionary<TKey, TValue>' in 'System.Collections.Immutable, Version=8.0.0.0, Culture=neutral, PublicKeyToken=b03f5f7f11d50a3a'. Using the type defined in 'C:\Users\lordo\Documents\GitHub\llmtornado\src\LlmTornado\Code\LegacyFrozen.cs'. [C:\Users\lordo\Documents\GitHub\llmtornado\src\LlmTornado\LlmTornado.csproj::TargetFramework=net462]
C:\Users\lordo\Documents\GitHub\llmtornado\src\LlmTornado\Responses\ResponseToolSearch.cs(364,43): error CS0103: The name 'ToolCustomFormat' does not exist in the current context [C:\Users\lordo\Documents\GitHub\llmtornado\src\LlmTornado\LlmTornado.csproj::TargetFramework=net8.0]
C:\Users\lordo\Documents\GitHub\llmtornado\src\LlmTornado\Code\ExtensionsLegacy.cs(97,23): warning CS3021: 'Extensions.LeadingZeroCount(uint)' does not need a CLSCompliant attribute because the assembly does not have a CLSCompliant attribute [C:\Users\lordo\Documents\GitHub\llmtornado\src\LlmTornado\LlmTornado.csproj::TargetFramework=net462]
C:\Users\lordo\Documents\GitHub\llmtornado\src\LlmTornado\Responses\ResponseToolSearch.cs(368,17): error CS0246: The type or namespace name 'ToolCustomGrammarSyntaxes' could not be found (are you missing a using directive or an assembly reference?) [C:\Users\lordo\Documents\GitHub\llmtornado\src\LlmTornado\LlmTornado.csproj::TargetFramework=net8.0]
C:\Users\lordo\Documents\GitHub\llmtornado\src\LlmTornado\Skills\CreateSkillRequest.cs(31,12): warning CS8618: Non-nullable property 'DisplayTitle' must contain a non-null value when exiting constructor. Consider adding the 'required' modifier or declaring the property as nullable. [C:\Users\lordo\Documents\GitHub\llmtornado\src\LlmTornado\LlmTornado.csproj::TargetFramework=net462]
C:\Users\lordo\Documents\GitHub\llmtornado\src\LlmTornado\Responses\ResponseToolSearch.cs(369,23): error CS0103: The name 'ToolCustomGrammarSyntaxes' does not exist in the current context [C:\Users\lordo\Documents\GitHub\llmtornado\src\LlmTornado\LlmTornado.csproj::TargetFramework=net8.0]
C:\Users\lordo\Documents\GitHub\llmtornado\src\LlmTornado\Code\EnumsParser.cs(141,17): warning CS8602: Dereference of a possibly null reference. [C:\Users\lordo\Documents\GitHub\llmtornado\src\LlmTornado\LlmTornado.csproj::TargetFramework=net462]
C:\Users\lordo\Documents\GitHub\llmtornado\src\LlmTornado\Responses\ResponseToolSearch.cs(370,23): error CS0103: The name 'ToolCustomGrammarSyntaxes' does not exist in the current context [C:\Users\lordo\Documents\GitHub\llmtornado\src\LlmTornado\LlmTornado.csproj::TargetFramework=net8.0]
C:\Users\lordo\Documents\GitHub\llmtornado\src\LlmTornado\Code\EnumsParser.cs(89,35): warning CS8604: Possible null reference argument for parameter 'key' in 'EnumMemberInfo Dictionary<string, EnumMemberInfo>.this[string key]'. [C:\Users\lordo\Documents\GitHub\llmtornado\src\LlmTornado\LlmTornado.csproj::TargetFramework=net462]
C:\Users\lordo\Documents\GitHub\llmtornado\src\LlmTornado\Responses\ResponseToolSearch.cs(372,23): error CS0103: The name 'ToolCustomFormat' does not exist in the current context [C:\Users\lordo\Documents\GitHub\llmtornado\src\LlmTornado\LlmTornado.csproj::TargetFramework=net8.0]
C:\Users\lordo\Documents\GitHub\llmtornado\src\LlmTornado\Code\EnumsParser.cs(94,39): warning CS8604: Possible null reference argument for parameter 'key' in 'EnumMemberInfo Dictionary<string, EnumMemberInfo>.this[string key]'. [C:\Users\lordo\Documents\GitHub\llmtornado\src\LlmTornado\LlmTornado.csproj::TargetFramework=net462]
C:\Users\lordo\Documents\GitHub\llmtornado\src\LlmTornado\Responses\ResponseToolSearch.cs(373,27): error CS0246: The type or namespace name 'ToolCustomFormat' could not be found (are you missing a using directive or an assembly reference?) [C:\Users\lordo\Documents\GitHub\llmtornado\src\LlmTornado\LlmTornado.csproj::TargetFramework=net8.0]
C:\Users\lordo\Documents\GitHub\llmtornado\src\LlmTornado\Code\EnumsParser.cs(99,35): warning CS8604: Possible null reference argument for parameter 'key' in 'EnumMemberInfo Dictionary<string, EnumMemberInfo>.this[string key]'. [C:\Users\lordo\Documents\GitHub\llmtornado\src\LlmTornado\LlmTornado.csproj::TargetFramework=net462]
C:\Users\lordo\Documents\GitHub\llmtornado\src\LlmTornado\Responses\ResponseToolSearch.cs(373,53): error CS0103: The name 'ToolCustomFormat' does not exist in the current context [C:\Users\lordo\Documents\GitHub\llmtornado\src\LlmTornado\LlmTornado.csproj::TargetFramework=net8.0]
C:\Users\lordo\Documents\GitHub\llmtornado\src\LlmTornado\Webhooks\GeminiWebhookSignatureVerifier.cs(85,31): warning CS8604: Possible null reference argument for parameter 'signatureHeader' in 'bool GeminiWebhookSignatureVerifier.SignatureMatches(string signatureHeader, byte[] expectedSignature)'. [C:\Users\lordo\Documents\GitHub\llmtornado\src\LlmTornado\LlmTornado.csproj::TargetFramework=net462]
C:\Users\lordo\Documents\GitHub\llmtornado\src\LlmTornado\Responses\ResponseToolSearch.cs(377,31): error CS0103: The name 'ToolCustomFormat' does not exist in the current context [C:\Users\lordo\Documents\GitHub\llmtornado\src\LlmTornado\LlmTornado.csproj::TargetFramework=net8.0]
C:\Users\lordo\Documents\GitHub\llmtornado\src\LlmTornado\Assistants\ResponseFormat.cs(90,19): warning CS8618: Non-nullable property 'Name' must contain a non-null value when exiting constructor. Consider adding the 'required' modifier or declaring the property as nullable. [C:\Users\lordo\Documents\GitHub\llmtornado\src\LlmTornado\LlmTornado.csproj::TargetFramework=net462]
C:\Users\lordo\Documents\GitHub\llmtornado\src\LlmTornado\Assistants\ResponseFormat.cs(76,43): warning CS8618: Non-nullable property 'JsonSchema' must contain a non-null value when exiting constructor. Consider adding the 'required' modifier or declaring the property as nullable. [C:\Users\lordo\Documents\GitHub\llmtornado\src\LlmTornado\LlmTornado.csproj::TargetFramework=net462]
C:\Users\lordo\Documents\GitHub\llmtornado\src\LlmTornado\Rerank\RerankResult.cs(16,19): warning CS8618: Non-nullable property 'Object' must contain a non-null value when exiting constructor. Consider adding the 'required' modifier or declaring the property as nullable. [C:\Users\lordo\Documents\GitHub\llmtornado\src\LlmTornado\LlmTornado.csproj::TargetFramework=net8.0]
C:\Users\lordo\Documents\GitHub\llmtornado\src\LlmTornado\Assistants\CreateAssistantRequest.cs(96,17): warning CS8601: Possible null reference assignment. [C:\Users\lordo\Documents\GitHub\llmtornado\src\LlmTornado\LlmTornado.csproj::TargetFramework=net462]
C:\Users\lordo\Documents\GitHub\llmtornado\src\LlmTornado\Rerank\RerankResult.cs(22,29): warning CS8618: Non-nullable property 'Data' must contain a non-null value when exiting constructor. Consider adding the 'required' modifier or declaring the property as nullable. [C:\Users\lordo\Documents\GitHub\llmtornado\src\LlmTornado\LlmTornado.csproj::TargetFramework=net8.0]
C:\Users\lordo\Documents\GitHub\llmtornado\src\LlmTornado\Assistants\CreateAssistantRequest.cs(92,12): warning CS8618: Non-nullable property 'Model' must contain a non-null value when exiting constructor. Consider adding the 'required' modifier or declaring the property as nullable. [C:\Users\lordo\Documents\GitHub\llmtornado\src\LlmTornado\LlmTornado.csproj::TargetFramework=net462]
C:\Users\lordo\Documents\GitHub\llmtornado\src\LlmTornado\Rerank\RerankResult.cs(28,19): warning CS8618: Non-nullable property 'Model' must contain a non-null value when exiting constructor. Consider adding the 'required' modifier or declaring the property as nullable. [C:\Users\lordo\Documents\GitHub\llmtornado\src\LlmTornado\LlmTornado.csproj::TargetFramework=net8.0]
C:\Users\lordo\Documents\GitHub\llmtornado\src\LlmTornado\Assistants\AssistantToolFunction.cs(163,13): warning CS8618: Non-nullable property 'Name' must contain a non-null value when exiting constructor. Consider adding the 'required' modifier or declaring the property as nullable. [C:\Users\lordo\Documents\GitHub\llmtornado\src\LlmTornado\LlmTornado.csproj::TargetFramework=net462]
C:\Users\lordo\Documents\GitHub\llmtornado\src\LlmTornado\Rerank\RerankResult.cs(34,18): warning CS8618: Non-nullable property 'Usage' must contain a non-null value when exiting constructor. Consider adding the 'required' modifier or declaring the property as nullable. [C:\Users\lordo\Documents\GitHub\llmtornado\src\LlmTornado\LlmTornado.csproj::TargetFramework=net8.0]
C:\Users\lordo\Documents\GitHub\llmtornado\src\LlmTornado\Assistants\AssistantToolFunction.cs(163,13): warning CS8618: Non-nullable property 'Description' must contain a non-null value when exiting constructor. Consider adding the 'required' modifier or declaring the property as nullable. [C:\Users\lordo\Documents\GitHub\llmtornado\src\LlmTornado\LlmTornado.csproj::TargetFramework=net462]
C:\Users\lordo\Documents\GitHub\llmtornado\src\LlmTornado\Responses\ResponseTool.cs(1110,21): error CS0117: 'ResponseWebSearchTool' does not contain a definition for 'ReturnTokenBudget' [C:\Users\lordo\Documents\GitHub\llmtornado\src\LlmTornado\LlmTornado.csproj::TargetFramework=net8.0]
C:\Users\lordo\Documents\GitHub\llmtornado\src\LlmTornado\Caching\Vendors\Google\VendorGoogleCachingCreateCachedContentRequest.cs(58,12): warning CS8618: Non-nullable property 'Ttl' must contain a non-null value when exiting constructor. Consider adding the 'required' modifier or declaring the property as nullable. [C:\Users\lordo\Documents\GitHub\llmtornado\src\LlmTornado\LlmTornado.csproj::TargetFramework=net462]
C:\Users\lordo\Documents\GitHub\llmtornado\src\LlmTornado\Responses\ResponseTool.cs(1088,38): warning CS8601: Possible null reference assignment. [C:\Users\lordo\Documents\GitHub\llmtornado\src\LlmTornado\LlmTornado.csproj::TargetFramework=net8.0]
C:\Users\lordo\Documents\GitHub\llmtornado\src\LlmTornado\Caching\Vendors\Google\VendorGoogleCachingCreateCachedContentRequest.cs(58,12): warning CS8618: Non-nullable property 'Model' must contain a non-null value when exiting constructor. Consider adding the 'required' modifier or declaring the property as nullable. [C:\Users\lordo\Documents\GitHub\llmtornado\src\LlmTornado\LlmTornado.csproj::TargetFramework=net462]
C:\Users\lordo\Documents\GitHub\llmtornado\src\LlmTornado\Threads\ThreadsEndpoint.cs(401,63): warning CS8604: Possible null reference argument for parameter 'key' in 'bool FrozenDictionary<string, OpenAiAssistantStreamEvent>.TryGetValue(string key, out OpenAiAssistantStreamEvent value)'. [C:\Users\lordo\Documents\GitHub\llmtornado\src\LlmTornado\LlmTornado.csproj::TargetFramework=net8.0]
C:\Users\lordo\Documents\GitHub\llmtornado\src\LlmTornado\Caching\Vendors\Google\VendorGoogleCachingCreateCachedContentRequest.cs(58,12): warning CS8618: Non-nullable property 'Config' must contain a non-null value when exiting constructor. Consider adding the 'required' modifier or declaring the property as nullable. [C:\Users\lordo\Documents\GitHub\llmtornado\src\LlmTornado\LlmTornado.csproj::TargetFramework=net462]
C:\Users\lordo\Documents\GitHub\llmtornado\src\LlmTornado\Threads\ThreadsEndpoint.cs(510,17): warning CS0219: The variable 'unk' is assigned but its value is never used [C:\Users\lordo\Documents\GitHub\llmtornado\src\LlmTornado\LlmTornado.csproj::TargetFramework=net8.0]
C:\Users\lordo\Documents\GitHub\llmtornado\src\LlmTornado\Code\LegacyFrozen.cs(46,24): warning CS0436: The type 'FrozenDictionary<TKey, TValue>' in 'C:\Users\lordo\Documents\GitHub\llmtornado\src\LlmTornado\Code\LegacyFrozen.cs' conflicts with the imported type 'FrozenDictionary<TKey, TValue>' in 'System.Collections.Immutable, Version=8.0.0.0, Culture=neutral, PublicKeyToken=b03f5f7f11d50a3a'. Using the type defined in 'C:\Users\lordo\Documents\GitHub\llmtornado\src\LlmTornado\Code\LegacyFrozen.cs'. [C:\Users\lordo\Documents\GitHub\llmtornado\src\LlmTornado\LlmTornado.csproj::TargetFramework=net462]
C:\Users\lordo\Documents\GitHub\llmtornado\src\LlmTornado\Skills\CreateSkillResponse.cs(9,19): warning CS8618: Non-nullable property 'DisplayTitle' must contain a non-null value when exiting constructor. Consider adding the 'required' modifier or declaring the property as nullable. [C:\Users\lordo\Documents\GitHub\llmtornado\src\LlmTornado\LlmTornado.csproj::TargetFramework=net8.0]
C:\Users\lordo\Documents\GitHub\llmtornado\src\LlmTornado\Caching\Vendors\Google\VendorGoogleCachingCachedContentList.cs(13,55): warning CS8618: Non-nullable property 'CachedContents' must contain a non-null value when exiting constructor. Consider adding the 'required' modifier or declaring the property as nullable. [C:\Users\lordo\Documents\GitHub\llmtornado\src\LlmTornado\LlmTornado.csproj::TargetFramework=net462]
C:\Users\lordo\Documents\GitHub\llmtornado\src\LlmTornado\Code\LegacyFrozen.cs(55,24): warning CS0436: The type 'FrozenDictionary<TKey, TValue>' in 'C:\Users\lordo\Documents\GitHub\llmtornado\src\LlmTornado\Code\LegacyFrozen.cs' conflicts with the imported type 'FrozenDictionary<TKey, TValue>' in 'System.Collections.Immutable, Version=8.0.0.0, Culture=neutral, PublicKeyToken=b03f5f7f11d50a3a'. Using the type defined in 'C:\Users\lordo\Documents\GitHub\llmtornado\src\LlmTornado\Code\LegacyFrozen.cs'. [C:\Users\lordo\Documents\GitHub\llmtornado\src\LlmTornado\LlmTornado.csproj::TargetFramework=net462]
C:\Users\lordo\Documents\GitHub\llmtornado\src\LlmTornado\Caching\Vendors\Google\VendorGoogleCachingCachedContentInfo.cs(55,12): warning CS8618: Non-nullable property 'UsageMetadata' must contain a non-null value when exiting constructor. Consider adding the 'required' modifier or declaring the property as nullable. [C:\Users\lordo\Documents\GitHub\llmtornado\src\LlmTornado\LlmTornado.csproj::TargetFramework=net462]
C:\Users\lordo\Documents\GitHub\llmtornado\src\LlmTornado\Caching\Vendors\Google\VendorGoogleCachingCachedContentInfo.cs(55,12): warning CS8618: Non-nullable property 'Model' must contain a non-null value when exiting constructor. Consider adding the 'required' modifier or declaring the property as nullable. [C:\Users\lordo\Documents\GitHub\llmtornado\src\LlmTornado\LlmTornado.csproj::TargetFramework=net462]
C:\Users\lordo\Documents\GitHub\llmtornado\src\LlmTornado\Code\LegacyFrozen.cs(31,54): warning CS8603: Possible null reference return. [C:\Users\lordo\Documents\GitHub\llmtornado\src\LlmTornado\LlmTornado.csproj::TargetFramework=net462]
C:\Users\lordo\Documents\GitHub\llmtornado\src\LlmTornado\Code\LegacyFrozen.cs(33,75): warning CS8714: The type 'TKey' cannot be used as type parameter 'TKey' in the generic type or method 'Polyfill.GetValueOrDefault<TKey, TValue>(IReadOnlyDictionary<TKey, TValue>, TKey, TValue)'. Nullability of type argument 'TKey' doesn't match 'notnull' constraint. [C:\Users\lordo\Documents\GitHub\llmtornado\src\LlmTornado\LlmTornado.csproj::TargetFramework=net462]
C:\Users\lordo\Documents\GitHub\llmtornado\src\LlmTornado\Audio\Vendors\Google\VendorGoogleMusicResult.cs(45,22): error CS0246: The type or namespace name 'VendorGoogleChatRequestMessagePart' could not be found (are you missing a using directive or an assembly reference?) [C:\Users\lordo\Documents\GitHub\llmtornado\src\LlmTornado\LlmTornado.csproj::TargetFramework=net462]
C:\Users\lordo\Documents\GitHub\llmtornado\src\LlmTornado\Chat\OutboundToolChoice.cs(494,19): warning CS8618: Non-nullable property 'Name' must contain a non-null value when exiting constructor. Consider adding the 'required' modifier or declaring the property as nullable. [C:\Users\lordo\Documents\GitHub\llmtornado\src\LlmTornado\LlmTornado.csproj::TargetFramework=net462]
C:\Users\lordo\Documents\GitHub\llmtornado\src\LlmTornado\Chat\Vendors\Zai\VendorZaiChatRequest.cs(22,50): warning CS8604: Possible null reference argument for parameter 'o' in 'JObject JObject.FromObject(object o, JsonSerializer jsonSerializer)'. [C:\Users\lordo\Documents\GitHub\llmtornado\src\LlmTornado\LlmTornado.csproj::TargetFramework=net462]
C:\Users\lordo\Documents\GitHub\llmtornado\src\LlmTornado\Chat\Vendors\XAi\VendorXAiChatRequestData.cs(21,50): warning CS8604: Possible null reference argument for parameter 'o' in 'JObject JObject.FromObject(object o, JsonSerializer jsonSerializer)'. [C:\Users\lordo\Documents\GitHub\llmtornado\src\LlmTornado\LlmTornado.csproj::TargetFramework=net462]
C:\Users\lordo\Documents\GitHub\llmtornado\src\LlmTornado\Batch\Vendors\Google\VendorGoogleBatchResult.cs(45,35): warning CS8601: Possible null reference assignment. [C:\Users\lordo\Documents\GitHub\llmtornado\src\LlmTornado\LlmTornado.csproj::TargetFramework=net462]
C:\Users\lordo\Documents\GitHub\llmtornado\src\LlmTornado\Chat\OutboundToolChoice.cs(21,19): warning CS8618: Non-nullable property 'Name' must contain a non-null value when exiting constructor. Consider adding the 'required' modifier or declaring the property as nullable. [C:\Users\lordo\Documents\GitHub\llmtornado\src\LlmTornado\LlmTornado.csproj::TargetFramework=net462]
C:\Users\lordo\Documents\GitHub\llmtornado\src\LlmTornado\Audio\Vendors\Google\VendorGoogleMusicRequest.cs(103,20): warning CS8603: Possible null reference return. [C:\Users\lordo\Documents\GitHub\llmtornado\src\LlmTornado\LlmTornado.csproj::TargetFramework=net462]
C:\Users\lordo\Documents\GitHub\llmtornado\src\LlmTornado\Chat\OutboundToolChoice.cs(419,53): warning CS8604: Possible null reference argument for parameter 'type' in 'bool OutboundToolChoice.TryGetHostedToolTypeEnum(string type, out HostedToolTypes value)'. [C:\Users\lordo\Documents\GitHub\llmtornado\src\LlmTornado\LlmTornado.csproj::TargetFramework=net462]
C:\Users\lordo\Documents\GitHub\llmtornado\src\LlmTornado\Chat\FunctionCall.cs(141,12): warning CS8618: Non-nullable property 'Name' must contain a non-null value when exiting constructor. Consider adding the 'required' modifier or declaring the property as nullable. [C:\Users\lordo\Documents\GitHub\llmtornado\src\LlmTornado\LlmTornado.csproj::TargetFramework=net462]
C:\Users\lordo\Documents\GitHub\llmtornado\src\LlmTornado\Audio\TranslationRequest.cs(14,22): warning CS8618: Non-nullable property 'File' must contain a non-null value when exiting constructor. Consider adding the 'required' modifier or declaring the property as nullable. [C:\Users\lordo\Documents\GitHub\llmtornado\src\LlmTornado\LlmTornado.csproj::TargetFramework=net462]
C:\Users\lordo\Documents\GitHub\llmtornado\src\LlmTornado\Audio\TranslationRequest.cs(31,19): warning CS8618: Non-nullable property 'Prompt' must contain a non-null value when exiting constructor. Consider adding the 'required' modifier or declaring the property as nullable. [C:\Users\lordo\Documents\GitHub\llmtornado\src\LlmTornado\LlmTornado.csproj::TargetFramework=net462]
C:\Users\lordo\Documents\GitHub\llmtornado\src\LlmTornado\Chat\FunctionCall.cs(147,14): warning CS8618: Non-nullable property 'Name' must contain a non-null value when exiting constructor. Consider adding the 'required' modifier or declaring the property as nullable. [C:\Users\lordo\Documents\GitHub\llmtornado\src\LlmTornado\LlmTornado.csproj::TargetFramework=net462]
C:\Users\lordo\Documents\GitHub\llmtornado\src\LlmTornado\Audio\TranscriptionResult.cs(233,19): warning CS8618: Non-nullable property 'Type' must contain a non-null value when exiting constructor. Consider adding the 'required' modifier or declaring the property as nullable. [C:\Users\lordo\Documents\GitHub\llmtornado\src\LlmTornado\LlmTornado.csproj::TargetFramework=net462]
C:\Users\lordo\Documents\GitHub\llmtornado\src\LlmTornado\Chat\FunctionCall.cs(154,14): warning CS8618: Non-nullable property 'Name' must contain a non-null value when exiting constructor. Consider adding the 'required' modifier or declaring the property as nullable. [C:\Users\lordo\Documents\GitHub\llmtornado\src\LlmTornado\LlmTornado.csproj::TargetFramework=net462]
C:\Users\lordo\Documents\GitHub\llmtornado\src\LlmTornado\Audio\TranscriptionResult.cs(146,19): warning CS8618: Non-nullable property 'Id' must contain a non-null value when exiting constructor. Consider adding the 'required' modifier or declaring the property as nullable. [C:\Users\lordo\Documents\GitHub\llmtornado\src\LlmTornado\LlmTornado.csproj::TargetFramework=net462]
C:\Users\lordo\Documents\GitHub\llmtornado\src\LlmTornado\Audio\TranscriptionResult.cs(170,19): warning CS8618: Non-nullable property 'Text' must contain a non-null value when exiting constructor. Consider adding the 'required' modifier or declaring the property as nullable. [C:\Users\lordo\Documents\GitHub\llmtornado\src\LlmTornado\LlmTornado.csproj::TargetFramework=net462]
C:\Users\lordo\Documents\GitHub\llmtornado\src\LlmTornado\Audio\TranscriptionResult.cs(176,18): warning CS8618: Non-nullable property 'Tokens' must contain a non-null value when exiting constructor. Consider adding the 'required' modifier or declaring the property as nullable. [C:\Users\lordo\Documents\GitHub\llmtornado\src\LlmTornado\LlmTornado.csproj::TargetFramework=net462]
C:\Users\lordo\Documents\GitHub\llmtornado\src\LlmTornado\Audio\TranscriptionResult.cs(125,19): warning CS8618: Non-nullable property 'Word' must contain a non-null value when exiting constructor. Consider adding the 'required' modifier or declaring the property as nullable. [C:\Users\lordo\Documents\GitHub\llmtornado\src\LlmTornado\LlmTornado.csproj::TargetFramework=net462]
C:\Users\lordo\Documents\GitHub\llmtornado\src\LlmTornado\Audio\TranscriptionResult.cs(83,19): warning CS8618: Non-nullable property 'Bytes' must contain a non-null value when exiting constructor. Consider adding the 'required' modifier or declaring the property as nullable. [C:\Users\lordo\Documents\GitHub\llmtornado\src\LlmTornado\LlmTornado.csproj::TargetFramework=net462]
C:\Users\lordo\Documents\GitHub\llmtornado\src\LlmTornado\Audio\TranscriptionResult.cs(95,19): warning CS8618: Non-nullable property 'Token' must contain a non-null value when exiting constructor. Consider adding the 'required' modifier or declaring the property as nullable. [C:\Users\lordo\Documents\GitHub\llmtornado\src\LlmTornado\LlmTornado.csproj::TargetFramework=net462]
C:\Users\lordo\Documents\GitHub\llmtornado\src\LlmTornado\Batch\Vendors\Google\VendorGoogleBatchRequest.cs(24,47): warning CS8604: Possible null reference argument for parameter 'request' in 'VendorGoogleChatRequest.VendorGoogleChatRequest(ChatRequest request, IEndpointProvider provider)'. [C:\Users\lordo\Documents\GitHub\llmtornado\src\LlmTornado\LlmTornado.csproj::TargetFramework=net462]
C:\Users\lordo\Documents\GitHub\llmtornado\src\LlmTornado\Chat\ChatMessagePart.cs(524,19): warning CS8618: Non-nullable property 'Code' must contain a non-null value when exiting constructor. Consider adding the 'required' modifier or declaring the property as nullable. [C:\Users\lordo\Documents\GitHub\llmtornado\src\LlmTornado\LlmTornado.csproj::TargetFramework=net462]
C:\Users\lordo\Documents\GitHub\llmtornado\src\LlmTornado\Audio\TranscriptionResult.cs(17,19): warning CS8618: Non-nullable property 'Text' must contain a non-null value when exiting constructor. Consider adding the 'required' modifier or declaring the property as nullable. [C:\Users\lordo\Documents\GitHub\llmtornado\src\LlmTornado\LlmTornado.csproj::TargetFramework=net462]
C:\Users\lordo\Documents\GitHub\llmtornado\src\LlmTornado\Batch\Vendors\Google\VendorGoogleBatchItem.cs(143,16): warning CS8603: Possible null reference return. [C:\Users\lordo\Documents\GitHub\llmtornado\src\LlmTornado\LlmTornado.csproj::TargetFramework=net462]
C:\Users\lordo\Documents\GitHub\llmtornado\src\LlmTornado\Model\ModelsEndpoint.cs(39,16): warning CS8603: Possible null reference return. [C:\Users\lordo\Documents\GitHub\llmtornado\src\LlmTornado\LlmTornado.csproj::TargetFramework=net462]
C:\Users\lordo\Documents\GitHub\llmtornado\src\LlmTornado\Audio\TranscriptionRequest.cs(27,19): warning CS8618: Non-nullable property 'Language' must contain a non-null value when exiting constructor. Consider adding the 'required' modifier or declaring the property as nullable. [C:\Users\lordo\Documents\GitHub\llmtornado\src\LlmTornado\LlmTornado.csproj::TargetFramework=net462]
C:\Users\lordo\Documents\GitHub\llmtornado\src\LlmTornado\Audio\TranscriptionRequest.cs(40,22): warning CS8618: Non-nullable property 'File' must contain a non-null value when exiting constructor. Consider adding the 'required' modifier or declaring the property as nullable. [C:\Users\lordo\Documents\GitHub\llmtornado\src\LlmTornado\LlmTornado.csproj::TargetFramework=net462]
C:\Users\lordo\Documents\GitHub\llmtornado\src\LlmTornado\Code\DiffMatchPatch\V4APatchHarness.cs(123,13): warning CS8604: Possible null reference argument for parameter 'diffText' in 'bool DiffPatchEngine.TryApply(string source, string diffText, out string patchedText, out string? error, PatchFormat format, bool requireAllPatches = true)'. [C:\Users\lordo\Documents\GitHub\llmtornado\src\LlmTornado\LlmTornado.csproj::TargetFramework=net462]
C:\Users\lordo\Documents\GitHub\llmtornado\src\LlmTornado\Code\DiffMatchPatch\V4APatchHarness.cs(158,13): warning CS8604: Possible null reference argument for parameter 'diffText' in 'bool DiffPatchEngine.TryApply(string source, string diffText, out string patchedText, out string? error, PatchFormat format, bool requireAllPatches = true)'. [C:\Users\lordo\Documents\GitHub\llmtornado\src\LlmTornado\LlmTornado.csproj::TargetFramework=net462]
C:\Users\lordo\Documents\GitHub\llmtornado\src\LlmTornado\Code\DiffMatchPatch\V4APatchHarness.cs(206,13): warning CS8604: Possible null reference argument for parameter 'diffText' in 'bool DiffPatchEngine.TryApply(string source, string diffText, out string patchedText, out string? error, PatchFormat format, bool requireAllPatches = true)'. [C:\Users\lordo\Documents\GitHub\llmtornado\src\LlmTornado\LlmTornado.csproj::TargetFramework=net462]
C:\Users\lordo\Documents\GitHub\llmtornado\src\LlmTornado\Model\Vendors\RetrievedModelsResult.cs(13,33): warning CS8618: Non-nullable property 'Data' must contain a non-null value when exiting constructor. Consider adding the 'required' modifier or declaring the property as nullable. [C:\Users\lordo\Documents\GitHub\llmtornado\src\LlmTornado\LlmTornado.csproj::TargetFramework=net462]
C:\Users\lordo\Documents\GitHub\llmtornado\src\LlmTornado\Code\DiffMatchPatch\V4APatchHarness.cs(259,17): warning CS8604: Possible null reference argument for parameter 'diffText' in 'bool DiffPatchEngine.TryApply(string source, string diffText, out string patchedText, out string? error, PatchFormat format, bool requireAllPatches = true)'. [C:\Users\lordo\Documents\GitHub\llmtornado\src\LlmTornado\LlmTornado.csproj::TargetFramework=net462]
C:\Users\lordo\Documents\GitHub\llmtornado\src\LlmTornado\Model\Vendors\Cohere\VendorCohereRetrievedModelsResult.cs(20,57): warning CS8618: Non-nullable property 'Models' must contain a non-null value when exiting constructor. Consider adding the 'required' modifier or declaring the property as nullable. [C:\Users\lordo\Documents\GitHub\llmtornado\src\LlmTornado\LlmTornado.csproj::TargetFramework=net462]
C:\Users\lordo\Documents\GitHub\llmtornado\src\LlmTornado\Common\Tool.cs(1256,13): warning CS8618: Non-nullable property 'Name' must contain a non-null value when exiting constructor. Consider adding the 'required' modifier or declaring the property as nullable. [C:\Users\lordo\Documents\GitHub\llmtornado\src\LlmTornado\LlmTornado.csproj::TargetFramework=net462]
C:\Users\lordo\Documents\GitHub\llmtornado\src\LlmTornado\Common\Tool.cs(1256,13): warning CS8618: Non-nullable property 'Description' must contain a non-null value when exiting constructor. Consider adding the 'required' modifier or declaring the property as nullable. [C:\Users\lordo\Documents\GitHub\llmtornado\src\LlmTornado\LlmTornado.csproj::TargetFramework=net462]
C:\Users\lordo\Documents\GitHub\llmtornado\src\LlmTornado\Audio\SpeechRequest.cs(17,19): warning CS8618: Non-nullable property 'Input' must contain a non-null value when exiting constructor. Consider adding the 'required' modifier or declaring the property as nullable. [C:\Users\lordo\Documents\GitHub\llmtornado\src\LlmTornado\LlmTornado.csproj::TargetFramework=net462]
C:\Users\lordo\Documents\GitHub\llmtornado\src\LlmTornado\Common\Tool.cs(1111,12): warning CS8618: Non-nullable property 'CallAsync' must contain a non-null value when exiting constructor. Consider adding the 'required' modifier or declaring the property as nullable. [C:\Users\lordo\Documents\GitHub\llmtornado\src\LlmTornado\LlmTornado.csproj::TargetFramework=net462]
C:\Users\lordo\Documents\GitHub\llmtornado\src\LlmTornado\Common\Tool.cs(1065,19): warning CS8618: Non-nullable property 'Definition' must contain a non-null value when exiting constructor. Consider adding the 'required' modifier or declaring the property as nullable. [C:\Users\lordo\Documents\GitHub\llmtornado\src\LlmTornado\LlmTornado.csproj::TargetFramework=net462]
C:\Users\lordo\Documents\GitHub\llmtornado\src\LlmTornado\Compaction\CompactionResult.cs(104,94): error CS0117: 'ChatMessageTypes' does not contain a definition for 'Unknown' [C:\Users\lordo\Documents\GitHub\llmtornado\src\LlmTornado\LlmTornado.csproj::TargetFramework=net462]
C:\Users\lordo\Documents\GitHub\llmtornado\src\LlmTornado\Batch\Vendors\Google\VendorGoogleBatchHandler.cs(23,59): warning CS8602: Dereference of a possibly null reference. [C:\Users\lordo\Documents\GitHub\llmtornado\src\LlmTornado\LlmTornado.csproj::TargetFramework=net462]
C:\Users\lordo\Documents\GitHub\llmtornado\src\LlmTornado\Batch\Vendors\Google\VendorGoogleBatchHandler.cs(26,107): warning CS8625: Cannot convert null literal to non-nullable reference type. [C:\Users\lordo\Documents\GitHub\llmtornado\src\LlmTornado\LlmTornado.csproj::TargetFramework=net462]
C:\Users\lordo\Documents\GitHub\llmtornado\src\LlmTornado\Batch\Vendors\Google\VendorGoogleBatchHandler.cs(55,88): warning CS8602: Dereference of a possibly null reference. [C:\Users\lordo\Documents\GitHub\llmtornado\src\LlmTornado\LlmTornado.csproj::TargetFramework=net462]
C:\Users\lordo\Documents\GitHub\llmtornado\src\LlmTornado\Compaction\CompactionEndpoint.cs(40,58): error CS1503: Argument 1: cannot convert from 'LlmTornado.Chat.Models.ChatModel' to 'LlmTornado.Code.LLmProviders?' [C:\Users\lordo\Documents\GitHub\llmtornado\src\LlmTornado\LlmTornado.csproj::TargetFramework=net462]
C:\Users\lordo\Documents\GitHub\llmtornado\src\LlmTornado\Common\Tool.cs(978,12): warning CS8618: Non-nullable property 'Name' must contain a non-null value when exiting constructor. Consider adding the 'required' modifier or declaring the property as nullable. [C:\Users\lordo\Documents\GitHub\llmtornado\src\LlmTornado\LlmTornado.csproj::TargetFramework=net462]
C:\Users\lordo\Documents\GitHub\llmtornado\src\LlmTornado\Common\Tool.cs(978,12): warning CS8618: Non-nullable property 'Format' must contain a non-null value when exiting constructor. Consider adding the 'required' modifier or declaring the property as nullable. [C:\Users\lordo\Documents\GitHub\llmtornado\src\LlmTornado\LlmTornado.csproj::TargetFramework=net462]
C:\Users\lordo\Documents\GitHub\llmtornado\src\LlmTornado\Common\BaseResponse.cs(11,23): warning CS8618: Non-nullable property 'Api' must contain a non-null value when exiting constructor. Consider adding the 'required' modifier or declaring the property as nullable. [C:\Users\lordo\Documents\GitHub\llmtornado\src\LlmTornado\LlmTornado.csproj::TargetFramework=net462]
C:\Users\lordo\Documents\GitHub\llmtornado\src\LlmTornado\Model\Vendors\Google\VendorGoogleRetrievedModelsResult.cs(26,12): warning CS8618: Non-nullable property 'Models' must contain a non-null value when exiting constructor. Consider adding the 'required' modifier or declaring the property as nullable. [C:\Users\lordo\Documents\GitHub\llmtornado\src\LlmTornado\LlmTornado.csproj::TargetFramework=net462]
C:\Users\lordo\Documents\GitHub\llmtornado\src\LlmTornado\Common\DeletionStatus.cs(7,40): warning CS8618: Non-nullable property 'Id' must contain a non-null value when exiting constructor. Consider adding the 'required' modifier or declaring the property as nullable. [C:\Users\lordo\Documents\GitHub\llmtornado\src\LlmTornado\LlmTornado.csproj::TargetFramework=net462]
C:\Users\lordo\Documents\GitHub\llmtornado\src\LlmTornado\Common\DeletionStatus.cs(9,44): warning CS8618: Non-nullable property 'Object' must contain a non-null value when exiting constructor. Consider adding the 'required' modifier or declaring the property as nullable. [C:\Users\lordo\Documents\GitHub\llmtornado\src\LlmTornado\LlmTornado.csproj::TargetFramework=net462]
C:\Users\lordo\Documents\GitHub\llmtornado\src\LlmTornado\Model\Vendors\Google\VendorGoogleRetrievedModelsResult.cs(13,23): warning CS8618: Non-nullable property 'Name' must contain a non-null value when exiting constructor. Consider adding the 'required' modifier or declaring the property as nullable. [C:\Users\lordo\Documents\GitHub\llmtornado\src\LlmTornado\LlmTornado.csproj::TargetFramework=net462]
C:\Users\lordo\Documents\GitHub\llmtornado\src\LlmTornado\Model\Vendors\Google\VendorGoogleRetrievedModelsResult.cs(14,23): warning CS8618: Non-nullable property 'Version' must contain a non-null value when exiting constructor. Consider adding the 'required' modifier or declaring the property as nullable. [C:\Users\lordo\Documents\GitHub\llmtornado\src\LlmTornado\LlmTornado.csproj::TargetFramework=net462]
C:\Users\lordo\Documents\GitHub\llmtornado\src\LlmTornado\Model\Vendors\Google\VendorGoogleRetrievedModelsResult.cs(15,23): warning CS8618: Non-nullable property 'DisplayName' must contain a non-null value when exiting constructor. Consider adding the 'required' modifier or declaring the property as nullable. [C:\Users\lordo\Documents\GitHub\llmtornado\src\LlmTornado\LlmTornado.csproj::TargetFramework=net462]
C:\Users\lordo\Documents\GitHub\llmtornado\src\LlmTornado\Model\Vendors\Google\VendorGoogleRetrievedModelsResult.cs(19,29): warning CS8618: Non-nullable property 'SupportedGenerationMethods' must contain a non-null value when exiting constructor. Consider adding the 'required' modifier or declaring the property as nullable. [C:\Users\lordo\Documents\GitHub\llmtornado\src\LlmTornado\LlmTornado.csproj::TargetFramework=net462]
C:\Users\lordo\Documents\GitHub\llmtornado\src\LlmTornado\Code\DiffMatchPatch\V4APatchHarness.cs(451,13): warning CS8604: Possible null reference argument for parameter 'diffText' in 'bool DiffPatchEngine.TryApply(string source, string diffText, out string patchedText, out string? error, PatchFormat format, bool requireAllPatches = true)'. [C:\Users\lordo\Documents\GitHub\llmtornado\src\LlmTornado\LlmTornado.csproj::TargetFramework=net462]
C:\Users\lordo\Documents\GitHub\llmtornado\src\LlmTornado\Compaction\CompactionRequest.cs(149,73): warning CS8604: Possible null reference argument for parameter 'content' in 'ChatMessage.ChatMessage(ChatMessageRoles role, string content)'. [C:\Users\lordo\Documents\GitHub\llmtornado\src\LlmTornado\LlmTornado.csproj::TargetFramework=net462]
C:\Users\lordo\Documents\GitHub\llmtornado\src\LlmTornado\Code\Model.cs(562,19): warning CS8618: Non-nullable property 'Id' must contain a non-null value when exiting constructor. Consider adding the 'required' modifier or declaring the property as nullable. [C:\Users\lordo\Documents\GitHub\llmtornado\src\LlmTornado\LlmTornado.csproj::TargetFramework=net462]
C:\Users\lordo\Documents\GitHub\llmtornado\src\LlmTornado\Code\Model.cs(619,19): warning CS8618: Non-nullable property 'Organization' must contain a non-null value when exiting constructor. Consider adding the 'required' modifier or declaring the property as nullable. [C:\Users\lordo\Documents\GitHub\llmtornado\src\LlmTornado\LlmTornado.csproj::TargetFramework=net462]
C:\Users\lordo\Documents\GitHub\llmtornado\src\LlmTornado\Code\Model.cs(625,19): warning CS8618: Non-nullable property 'Group' must contain a non-null value when exiting constructor. Consider adding the 'required' modifier or declaring the property as nullable. [C:\Users\lordo\Documents\GitHub\llmtornado\src\LlmTornado\LlmTornado.csproj::TargetFramework=net462]
C:\Users\lordo\Documents\GitHub\llmtornado\src\LlmTornado\Code\DiffMatchPatch\V4APatchHarness.cs(503,17): warning CS8604: Possible null reference argument for parameter 'diffText' in 'bool DiffPatchEngine.TryApply(string source, string diffText, out string patchedText, out string? error, PatchFormat format, bool requireAllPatches = true)'. [C:\Users\lordo\Documents\GitHub\llmtornado\src\LlmTornado\LlmTornado.csproj::TargetFramework=net462]
C:\Users\lordo\Documents\GitHub\llmtornado\src\LlmTornado\Code\Model.cs(57,19): warning CS8618: Non-nullable property 'Id' must contain a non-null value when exiting constructor. Consider adding the 'required' modifier or declaring the property as nullable. [C:\Users\lordo\Documents\GitHub\llmtornado\src\LlmTornado\LlmTornado.csproj::TargetFramework=net462]
C:\Users\lordo\Documents\GitHub\llmtornado\src\LlmTornado\Code\Extensions.cs(260,53): warning CS8604: Possible null reference argument for parameter 'value' in 'T? JsonConvert.DeserializeObject<T>(string value)'. [C:\Users\lordo\Documents\GitHub\llmtornado\src\LlmTornado\LlmTornado.csproj::TargetFramework=net462]
C:\Users\lordo\Documents\GitHub\llmtornado\src\LlmTornado\Videos\VideoGenerationEndpoint.cs(169,58): warning CS8604: Possible null reference argument for parameter 'videoUri' in 'Task<StreamResponse?> VendorGoogleVideoHandler.GetContent(string videoUri, IEndpointProvider provider, EndpointBase endpoint, CancellationToken cancellationToken)'. [C:\Users\lordo\Documents\GitHub\llmtornado\src\LlmTornado\LlmTornado.csproj::TargetFramework=net462]
C:\Users\lordo\Documents\GitHub\llmtornado\src\LlmTornado\Videos\VideoGenerationEndpoint.cs(180,55): warning CS8604: Possible null reference argument for parameter 'videoUri' in 'Task<StreamResponse?> VendorXAiVideoHandler.GetContent(string videoUri, IEndpointProvider provider, EndpointBase endpoint, CancellationToken cancellationToken)'. [C:\Users\lordo\Documents\GitHub\llmtornado\src\LlmTornado\LlmTornado.csproj::TargetFramework=net462]
C:\Users\lordo\Documents\GitHub\llmtornado\src\LlmTornado\Videos\VideoGenerationEndpoint.cs(191,55): warning CS8604: Possible null reference argument for parameter 'videoUri' in 'Task<StreamResponse?> VendorZaiVideoHandler.GetContent(string videoUri, IEndpointProvider provider, EndpointBase endpoint, CancellationToken cancellationToken)'. [C:\Users\lordo\Documents\GitHub\llmtornado\src\LlmTornado\LlmTornado.csproj::TargetFramework=net462]
C:\Users\lordo\Documents\GitHub\llmtornado\src\LlmTornado\Videos\VideoGenerationEndpoint.cs(202,59): warning CS8604: Possible null reference argument for parameter 'fileId' in 'Task<StreamResponse?> VendorMiniMaxVideoHandler.GetContent(string fileId, IEndpointProvider provider, EndpointBase endpoint, CancellationToken cancellationToken)'. [C:\Users\lordo\Documents\GitHub\llmtornado\src\LlmTornado\LlmTornado.csproj::TargetFramework=net462]
C:\Users\lordo\Documents\GitHub\llmtornado\src\LlmTornado\Vendor\Google\VendorGoogleUsage.cs(124,19): warning CS8618: Non-nullable property 'Category' must contain a non-null value when exiting constructor. Consider adding the 'required' modifier or declaring the property as nullable. [C:\Users\lordo\Documents\GitHub\llmtornado\src\LlmTornado\LlmTornado.csproj::TargetFramework=net462]
C:\Users\lordo\Documents\GitHub\llmtornado\src\LlmTornado\Vendor\Google\VendorGoogleUsage.cs(134,19): warning CS8618: Non-nullable property 'Probability' must contain a non-null value when exiting constructor. Consider adding the 'required' modifier or declaring the property as nullable. [C:\Users\lordo\Documents\GitHub\llmtornado\src\LlmTornado\LlmTornado.csproj::TargetFramework=net462]
C:\Users\lordo\Documents\GitHub\llmtornado\src\LlmTornado\Vendor\Google\VendorGoogleUsage.cs(82,19): warning CS8618: Non-nullable property 'Modality' must contain a non-null value when exiting constructor. Consider adding the 'required' modifier or declaring the property as nullable. [C:\Users\lordo\Documents\GitHub\llmtornado\src\LlmTornado\LlmTornado.csproj::TargetFramework=net462]
C:\Users\lordo\Documents\GitHub\llmtornado\src\LlmTornado\Vendor\Cohere\VendorCohereUsage.cs(23,33): warning CS8618: Non-nullable property 'Api' must contain a non-null value when exiting constructor. Consider adding the 'required' modifier or declaring the property as nullable. [C:\Users\lordo\Documents\GitHub\llmtornado\src\LlmTornado\LlmTornado.csproj::TargetFramework=net462]
C:\Users\lordo\Documents\GitHub\llmtornado\src\LlmTornado\Videos\Vendors\Zai\VendorZaiVideoHandler.cs(146,16): warning CS8602: Dereference of a possibly null reference. [C:\Users\lordo\Documents\GitHub\llmtornado\src\LlmTornado\LlmTornado.csproj::TargetFramework=net462]
C:\Users\lordo\Documents\GitHub\llmtornado\src\LlmTornado\Chat\Vendors\Perplexity\VendorPerplexityChatRequestData.cs(21,50): warning CS8604: Possible null reference argument for parameter 'o' in 'JObject JObject.FromObject(object o, JsonSerializer jsonSerializer)'. [C:\Users\lordo\Documents\GitHub\llmtornado\src\LlmTornado\LlmTornado.csproj::TargetFramework=net462]
C:\Users\lordo\Documents\GitHub\llmtornado\src\LlmTornado\Chat\Vendors\Perplexity\ChatResultVendorPerplexity.cs(9,38): warning CS8618: Non-nullable property 'Usage' must contain a non-null value when exiting constructor. Consider adding the 'required' modifier or declaring the property as nullable. [C:\Users\lordo\Documents\GitHub\llmtornado\src\LlmTornado\LlmTornado.csproj::TargetFramework=net462]
C:\Users\lordo\Documents\GitHub\llmtornado\src\LlmTornado\Chat\Vendors\MoonshotAi\VendorMoonshotAiChatRequest.cs(23,35): warning CS8604: Possible null reference argument for parameter 'o' in 'JObject JObject.FromObject(object o, JsonSerializer jsonSerializer)'. [C:\Users\lordo\Documents\GitHub\llmtornado\src\LlmTornado\LlmTornado.csproj::TargetFramework=net462]
C:\Users\lordo\Documents\GitHub\llmtornado\src\LlmTornado\Common\Tool.cs(618,19): warning CS8618: Non-nullable property 'Native' must contain a non-null value when exiting constructor. Consider adding the 'required' modifier or declaring the property as nullable. [C:\Users\lordo\Documents\GitHub\llmtornado\src\LlmTornado\LlmTornado.csproj::TargetFramework=net462]
C:\Users\lordo\Documents\GitHub\llmtornado\src\LlmTornado\Common\Tool.cs(607,19): warning CS8618: Non-nullable property 'Blob' must contain a non-null value when exiting constructor. Consider adding the 'required' modifier or declaring the property as nullable. [C:\Users\lordo\Documents\GitHub\llmtornado\src\LlmTornado\LlmTornado.csproj::TargetFramework=net462]
C:\Users\lordo\Documents\GitHub\llmtornado\src\LlmTornado\Common\Tool.cs(586,19): warning CS8618: Non-nullable property 'Text' must contain a non-null value when exiting constructor. Consider adding the 'required' modifier or declaring the property as nullable. [C:\Users\lordo\Documents\GitHub\llmtornado\src\LlmTornado\LlmTornado.csproj::TargetFramework=net462]
C:\Users\lordo\Documents\GitHub\llmtornado\src\LlmTornado\Common\Tool.cs(505,19): warning CS8618: Non-nullable property 'Uri' must contain a non-null value when exiting constructor. Consider adding the 'required' modifier or declaring the property as nullable. [C:\Users\lordo\Documents\GitHub\llmtornado\src\LlmTornado\LlmTornado.csproj::TargetFramework=net462]
C:\Users\lordo\Documents\GitHub\llmtornado\src\LlmTornado\Common\Tool.cs(510,19): warning CS8618: Non-nullable property 'Name' must contain a non-null value when exiting constructor. Consider adding the 'required' modifier or declaring the property as nullable. [C:\Users\lordo\Documents\GitHub\llmtornado\src\LlmTornado\LlmTornado.csproj::TargetFramework=net462]
C:\Users\lordo\Documents\GitHub\llmtornado\src\LlmTornado\Common\Tool.cs(481,52): warning CS8618: Non-nullable property 'Resource' must contain a non-null value when exiting constructor. Consider adding the 'required' modifier or declaring the property as nullable. [C:\Users\lordo\Documents\GitHub\llmtornado\src\LlmTornado\LlmTornado.csproj::TargetFramework=net462]
C:\Users\lordo\Documents\GitHub\llmtornado\src\LlmTornado\Common\Tool.cs(491,19): warning CS8618: Non-nullable property 'MimeType' must contain a non-null value when exiting constructor. Consider adding the 'required' modifier or declaring the property as nullable. [C:\Users\lordo\Documents\GitHub\llmtornado\src\LlmTornado\LlmTornado.csproj::TargetFramework=net462]
C:\Users\lordo\Documents\GitHub\llmtornado\src\LlmTornado\Common\Tool.cs(452,19): warning CS8618: Non-nullable property 'Data' must contain a non-null value when exiting constructor. Consider adding the 'required' modifier or declaring the property as nullable. [C:\Users\lordo\Documents\GitHub\llmtornado\src\LlmTornado\LlmTornado.csproj::TargetFramework=net462]
C:\Users\lordo\Documents\GitHub\llmtornado\src\LlmTornado\Common\Tool.cs(462,19): warning CS8618: Non-nullable property 'MimeType' must contain a non-null value when exiting constructor. Consider adding the 'required' modifier or declaring the property as nullable. [C:\Users\lordo\Documents\GitHub\llmtornado\src\LlmTornado\LlmTornado.csproj::TargetFramework=net462]
C:\Users\lordo\Documents\GitHub\llmtornado\src\LlmTornado\Common\Tool.cs(436,19): warning CS8618: Non-nullable property 'Data' must contain a non-null value when exiting constructor. Consider adding the 'required' modifier or declaring the property as nullable. [C:\Users\lordo\Documents\GitHub\llmtornado\src\LlmTornado\LlmTornado.csproj::TargetFramework=net462]
C:\Users\lordo\Documents\GitHub\llmtornado\src\LlmTornado\Common\Tool.cs(441,19): warning CS8618: Non-nullable property 'MimeType' must contain a non-null value when exiting constructor. Consider adding the 'required' modifier or declaring the property as nullable. [C:\Users\lordo\Documents\GitHub\llmtornado\src\LlmTornado\LlmTornado.csproj::TargetFramework=net462]
C:\Users\lordo\Documents\GitHub\llmtornado\src\LlmTornado\Common\Tool.cs(425,19): warning CS8618: Non-nullable property 'Text' must contain a non-null value when exiting constructor. Consider adding the 'required' modifier or declaring the property as nullable. [C:\Users\lordo\Documents\GitHub\llmtornado\src\LlmTornado\LlmTornado.csproj::TargetFramework=net462]
C:\Users\lordo\Documents\GitHub\llmtornado\src\LlmTornado\Common\Tool.cs(414,19): warning CS8618: Non-nullable property 'NativeBlock' must contain a non-null value when exiting constructor. Consider adding the 'required' modifier or declaring the property as nullable. [C:\Users\lordo\Documents\GitHub\llmtornado\src\LlmTornado\LlmTornado.csproj::TargetFramework=net462]
C:\Users\lordo\Documents\GitHub\llmtornado\src\LlmTornado\Common\Tool.cs(409,34): warning CS8618: Non-nullable property 'NativeBlock' must contain a non-null value when exiting constructor. Consider adding the 'required' modifier or declaring the property as nullable. [C:\Users\lordo\Documents\GitHub\llmtornado\src\LlmTornado\LlmTornado.csproj::TargetFramework=net462]
C:\Users\lordo\Documents\GitHub\llmtornado\src\LlmTornado\Common\Tool.cs(345,35): warning CS8618: Non-nullable property 'McpContentBlocks' must contain a non-null value when exiting constructor. Consider adding the 'required' modifier or declaring the property as nullable. [C:\Users\lordo\Documents\GitHub\llmtornado\src\LlmTornado\LlmTornado.csproj::TargetFramework=net462]
C:\Users\lordo\Documents\GitHub\llmtornado\src\LlmTornado\Common\Tool.cs(92,12): warning CS8618: Non-nullable property 'Name' must contain a non-null value when exiting constructor. Consider adding the 'required' modifier or declaring the property as nullable. [C:\Users\lordo\Documents\GitHub\llmtornado\src\LlmTornado\LlmTornado.csproj::TargetFramework=net462]
C:\Users\lordo\Documents\GitHub\llmtornado\src\LlmTornado\Common\Tool.cs(92,12): warning CS8618: Non-nullable property 'Content' must contain a non-null value when exiting constructor. Consider adding the 'required' modifier or declaring the property as nullable. [C:\Users\lordo\Documents\GitHub\llmtornado\src\LlmTornado\LlmTornado.csproj::TargetFramework=net462]
C:\Users\lordo\Documents\GitHub\llmtornado\src\LlmTornado\Chat\Vendors\Mistral\VendorMistralChatRequest.cs(113,23): warning CS8618: Non-nullable property 'Content' must contain a non-null value when exiting constructor. Consider adding the 'required' modifier or declaring the property as nullable. [C:\Users\lordo\Documents\GitHub\llmtornado\src\LlmTornado\LlmTornado.csproj::TargetFramework=net462]
C:\Users\lordo\Documents\GitHub\llmtornado\src\LlmTornado\Chat\Vendors\Mistral\VendorMistralChatRequest.cs(95,23): warning CS8618: Non-nullable property 'Name' must contain a non-null value when exiting constructor. Consider adding the 'required' modifier or declaring the property as nullable. [C:\Users\lordo\Documents\GitHub\llmtornado\src\LlmTornado\LlmTornado.csproj::TargetFramework=net462]
C:\Users\lordo\Documents\GitHub\llmtornado\src\LlmTornado\Common\ListResponse.cs(50,12): warning CS8618: Non-nullable property 'FirstId' must contain a non-null value when exiting constructor. Consider adding the 'required' modifier or declaring the property as nullable. [C:\Users\lordo\Documents\GitHub\llmtornado\src\LlmTornado\LlmTornado.csproj::TargetFramework=net462]
C:\Users\lordo\Documents\GitHub\llmtornado\src\LlmTornado\Common\ListResponse.cs(50,12): warning CS8618: Non-nullable property 'LastId' must contain a non-null value when exiting constructor. Consider adding the 'required' modifier or declaring the property as nullable. [C:\Users\lordo\Documents\GitHub\llmtornado\src\LlmTornado\LlmTornado.csproj::TargetFramework=net462]
C:\Users\lordo\Documents\GitHub\llmtornado\src\LlmTornado\Vendor\Google\GoogleEndpointProvider.cs(103,31): warning CS8600: Converting null literal or possible null value to non-nullable type. [C:\Users\lordo\Documents\GitHub\llmtornado\src\LlmTornado\LlmTornado.csproj::TargetFramework=net462]
C:\Users\lordo\Documents\GitHub\llmtornado\src\LlmTornado\Common\ListQuery.cs(187,37): warning CS8604: Possible null reference argument for parameter 'value' in 'void Dictionary<string, object>.Add(string key, object value)'. [C:\Users\lordo\Documents\GitHub\llmtornado\src\LlmTornado\LlmTornado.csproj::TargetFramework=net462]
C:\Users\lordo\Documents\GitHub\llmtornado\src\LlmTornado\Common\ListQuery.cs(192,38): warning CS8604: Possible null reference argument for parameter 'value' in 'void Dictionary<string, object>.Add(string key, object value)'. [C:\Users\lordo\Documents\GitHub\llmtornado\src\LlmTornado\LlmTornado.csproj::TargetFramework=net462]
C:\Users\lordo\Documents\GitHub\llmtornado\src\LlmTornado\Batch\Vendors\Anthropic\VendorAnthropicBatchRequest.cs(24,49): warning CS8604: Possible null reference argument for parameter 'request' in 'VendorAnthropicChatRequest.VendorAnthropicChatRequest(ChatRequest request, IEndpointProvider provider)'. [C:\Users\lordo\Documents\GitHub\llmtornado\src\LlmTornado\LlmTornado.csproj::TargetFramework=net462]
C:\Users\lordo\Documents\GitHub\llmtornado\src\LlmTornado\Common\HttpCallResult.cs(41,19): warning CS8618: Non-nullable property 'Url' must contain a non-null value when exiting constructor. Consider adding the 'required' modifier or declaring the property as nullable. [C:\Users\lordo\Documents\GitHub\llmtornado\src\LlmTornado\LlmTornado.csproj::TargetFramework=net462]
C:\Users\lordo\Documents\GitHub\llmtornado\src\LlmTornado\Common\HttpCallResult.cs(46,23): warning CS8618: Non-nullable property 'Method' must contain a non-null value when exiting constructor. Consider adding the 'required' modifier or declaring the property as nullable. [C:\Users\lordo\Documents\GitHub\llmtornado\src\LlmTornado\LlmTornado.csproj::TargetFramework=net462]
C:\Users\lordo\Documents\GitHub\llmtornado\src\LlmTornado\Common\EventResponse.cs(8,12): warning CS8618: Non-nullable property 'Object' must contain a non-null value when exiting constructor. Consider adding the 'required' modifier or declaring the property as nullable. [C:\Users\lordo\Documents\GitHub\llmtornado\src\LlmTornado\LlmTornado.csproj::TargetFramework=net462]
C:\Users\lordo\Documents\GitHub\llmtornado\src\LlmTornado\Common\EventResponse.cs(8,12): warning CS8618: Non-nullable property 'Level' must contain a non-null value when exiting constructor. Consider adding the 'required' modifier or declaring the property as nullable. [C:\Users\lordo\Documents\GitHub\llmtornado\src\LlmTornado\LlmTornado.csproj::TargetFramework=net462]
C:\Users\lordo\Documents\GitHub\llmtornado\src\LlmTornado\Common\EventResponse.cs(8,12): warning CS8618: Non-nullable property 'Message' must contain a non-null value when exiting constructor. Consider adding the 'required' modifier or declaring the property as nullable. [C:\Users\lordo\Documents\GitHub\llmtornado\src\LlmTornado\LlmTornado.csproj::TargetFramework=net462]
C:\Users\lordo\Documents\GitHub\llmtornado\src\LlmTornado\Common\Event.cs(10,19): warning CS8618: Non-nullable property 'Object' must contain a non-null value when exiting constructor. Consider adding the 'required' modifier or declaring the property as nullable. [C:\Users\lordo\Documents\GitHub\llmtornado\src\LlmTornado\LlmTornado.csproj::TargetFramework=net462]
C:\Users\lordo\Documents\GitHub\llmtornado\src\LlmTornado\Common\Event.cs(22,19): warning CS8618: Non-nullable property 'Level' must contain a non-null value when exiting constructor. Consider adding the 'required' modifier or declaring the property as nullable. [C:\Users\lordo\Documents\GitHub\llmtornado\src\LlmTornado\LlmTornado.csproj::TargetFramework=net462]
C:\Users\lordo\Documents\GitHub\llmtornado\src\LlmTornado\Common\Event.cs(25,19): warning CS8618: Non-nullable property 'Message' must contain a non-null value when exiting constructor. Consider adding the 'required' modifier or declaring the property as nullable. [C:\Users\lordo\Documents\GitHub\llmtornado\src\LlmTornado\LlmTornado.csproj::TargetFramework=net462]
C:\Users\lordo\Documents\GitHub\llmtornado\src\LlmTornado\Videos\Vendors\XAi\VendorXAiVideoRequest.cs(118,33): warning CS8601: Possible null reference assignment. [C:\Users\lordo\Documents\GitHub\llmtornado\src\LlmTornado\LlmTornado.csproj::TargetFramework=net462]
C:\Users\lordo\Documents\GitHub\llmtornado\src\LlmTornado\Skills\SkillVersionDeleteResponse.cs(17,19): warning CS8618: Non-nullable property 'Id' must contain a non-null value when exiting constructor. Consider adding the 'required' modifier or declaring the property as nullable. [C:\Users\lordo\Documents\GitHub\llmtornado\src\LlmTornado\LlmTornado.csproj::TargetFramework=net462]
C:\Users\lordo\Documents\GitHub\llmtornado\src\LlmTornado\Skills\SkillVersion.cs(12,19): warning CS8618: Non-nullable property 'Name' must contain a non-null value when exiting constructor. Consider adding the 'required' modifier or declaring the property as nullable. [C:\Users\lordo\Documents\GitHub\llmtornado\src\LlmTornado\LlmTornado.csproj::TargetFramework=net462]
C:\Users\lordo\Documents\GitHub\llmtornado\src\LlmTornado\Skills\SkillVersion.cs(17,19): warning CS8618: Non-nullable property 'Id' must contain a non-null value when exiting constructor. Consider adding the 'required' modifier or declaring the property as nullable. [C:\Users\lordo\Documents\GitHub\llmtornado\src\LlmTornado\LlmTornado.csproj::TargetFramework=net462]
C:\Users\lordo\Documents\GitHub\llmtornado\src\LlmTornado\Skills\SkillVersion.cs(23,19): warning CS8618: Non-nullable property 'SkillId' must contain a non-null value when exiting constructor. Consider adding the 'required' modifier or declaring the property as nullable. [C:\Users\lordo\Documents\GitHub\llmtornado\src\LlmTornado\LlmTornado.csproj::TargetFramework=net462]
C:\Users\lordo\Documents\GitHub\llmtornado\src\LlmTornado\Skills\SkillVersion.cs(30,19): warning CS8618: Non-nullable property 'Description' must contain a non-null value when exiting constructor. Consider adding the 'required' modifier or declaring the property as nullable. [C:\Users\lordo\Documents\GitHub\llmtornado\src\LlmTornado\LlmTornado.csproj::TargetFramework=net462]
C:\Users\lordo\Documents\GitHub\llmtornado\src\LlmTornado\Skills\SkillVersion.cs(36,19): warning CS8618: Non-nullable property 'Directory' must contain a non-null value when exiting constructor. Consider adding the 'required' modifier or declaring the property as nullable. [C:\Users\lordo\Documents\GitHub\llmtornado\src\LlmTornado\LlmTornado.csproj::TargetFramework=net462]
C:\Users\lordo\Documents\GitHub\llmtornado\src\LlmTornado\Skills\SkillVersion.cs(48,19): warning CS8618: Non-nullable property 'Version' must contain a non-null value when exiting constructor. Consider adding the 'required' modifier or declaring the property as nullable. [C:\Users\lordo\Documents\GitHub\llmtornado\src\LlmTornado\LlmTornado.csproj::TargetFramework=net462]
C:\Users\lordo\Documents\GitHub\llmtornado\src\LlmTornado\Videos\Vendors\XAi\VendorXAiVideoHandler.cs(92,33): warning CS8601: Possible null reference assignment. [C:\Users\lordo\Documents\GitHub\llmtornado\src\LlmTornado\LlmTornado.csproj::TargetFramework=net462]
C:\Users\lordo\Documents\GitHub\llmtornado\src\LlmTornado\Tokenize\Vendors\VendorCohereTokenizeRequest.cs(24,20): warning CS8601: Possible null reference assignment. [C:\Users\lordo\Documents\GitHub\llmtornado\src\LlmTornado\LlmTornado.csproj::TargetFramework=net462]
C:\Users\lordo\Documents\GitHub\llmtornado\src\LlmTornado\Tokenize\Vendors\VendorCohereTokenizeRequest.cs(17,12): warning CS8618: Non-nullable property 'Text' must contain a non-null value when exiting constructor. Consider adding the 'required' modifier or declaring the property as nullable. [C:\Users\lordo\Documents\GitHub\llmtornado\src\LlmTornado\LlmTornado.csproj::TargetFramework=net462]
C:\Users\lordo\Documents\GitHub\llmtornado\src\LlmTornado\Skills\SkillsEndpoint.cs(49,35): warning CS8601: Possible null reference assignment. [C:\Users\lordo\Documents\GitHub\llmtornado\src\LlmTornado\LlmTornado.csproj::TargetFramework=net462]
C:\Users\lordo\Documents\GitHub\llmtornado\src\LlmTornado\Skills\SkillsEndpoint.cs(55,37): warning CS8601: Possible null reference assignment. [C:\Users\lordo\Documents\GitHub\llmtornado\src\LlmTornado\LlmTornado.csproj::TargetFramework=net462]
C:\Users\lordo\Documents\GitHub\llmtornado\src\LlmTornado\Skills\SkillsEndpoint.cs(83,26): warning CS0168: The variable 'ex' is declared but never used [C:\Users\lordo\Documents\GitHub\llmtornado\src\LlmTornado\LlmTornado.csproj::TargetFramework=net462]
C:\Users\lordo\Documents\GitHub\llmtornado\src\LlmTornado\Rerank\RerankResult.cs(16,19): warning CS8618: Non-nullable property 'Object' must contain a non-null value when exiting constructor. Consider adding the 'required' modifier or declaring the property as nullable. [C:\Users\lordo\Documents\GitHub\llmtornado\src\LlmTornado\LlmTornado.csproj::TargetFramework=net462]
C:\Users\lordo\Documents\GitHub\llmtornado\src\LlmTornado\Rerank\RerankResult.cs(22,29): warning CS8618: Non-nullable property 'Data' must contain a non-null value when exiting constructor. Consider adding the 'required' modifier or declaring the property as nullable. [C:\Users\lordo\Documents\GitHub\llmtornado\src\LlmTornado\LlmTornado.csproj::TargetFramework=net462]
C:\Users\lordo\Documents\GitHub\llmtornado\src\LlmTornado\Rerank\RerankResult.cs(28,19): warning CS8618: Non-nullable property 'Model' must contain a non-null value when exiting constructor. Consider adding the 'required' modifier or declaring the property as nullable. [C:\Users\lordo\Documents\GitHub\llmtornado\src\LlmTornado\LlmTornado.csproj::TargetFramework=net462]
C:\Users\lordo\Documents\GitHub\llmtornado\src\LlmTornado\Rerank\RerankResult.cs(34,18): warning CS8618: Non-nullable property 'Usage' must contain a non-null value when exiting constructor. Consider adding the 'required' modifier or declaring the property as nullable. [C:\Users\lordo\Documents\GitHub\llmtornado\src\LlmTornado\LlmTornado.csproj::TargetFramework=net462]
C:\Users\lordo\Documents\GitHub\llmtornado\src\LlmTornado\Skills\SkillsEndpoint.cs(147,35): warning CS8601: Possible null reference assignment. [C:\Users\lordo\Documents\GitHub\llmtornado\src\LlmTornado\LlmTornado.csproj::TargetFramework=net462]
C:\Users\lordo\Documents\GitHub\llmtornado\src\LlmTornado\Chat\Vendors\Mistral\MistralChatMessageConverter.cs(75,73): warning CS8604: Possible null reference argument for parameter 'content' in 'ChatImage.ChatImage(string content)'. [C:\Users\lordo\Documents\GitHub\llmtornado\src\LlmTornado\LlmTornado.csproj::TargetFramework=net462]
C:\Users\lordo\Documents\GitHub\llmtornado\src\LlmTornado\Chat\Vendors\Mistral\MistralChatMessageConverter.cs(84,91): warning CS8604: Possible null reference argument for parameter 'fileUri' in 'ChatMessagePartFileLinkData.ChatMessagePartFileLinkData(string fileUri, string? mimeType = null)'. [C:\Users\lordo\Documents\GitHub\llmtornado\src\LlmTornado\LlmTornado.csproj::TargetFramework=net462]
C:\Users\lordo\Documents\GitHub\llmtornado\src\LlmTornado\Chat\Vendors\Mistral\MistralChatMessageConverter.cs(101,91): warning CS8604: Possible null reference argument for parameter 'fileUri' in 'ChatMessagePartFileLinkData.ChatMessagePartFileLinkData(string fileUri, string? mimeType = null)'. [C:\Users\lordo\Documents\GitHub\llmtornado\src\LlmTornado\LlmTornado.csproj::TargetFramework=net462]
C:\Users\lordo\Documents\GitHub\llmtornado\src\LlmTornado\Vendor\Google\GoogleEndpointProvider.cs(426,26): warning CS0168: The variable 'e' is declared but never used [C:\Users\lordo\Documents\GitHub\llmtornado\src\LlmTornado\LlmTornado.csproj::TargetFramework=net462]
C:\Users\lordo\Documents\GitHub\llmtornado\src\LlmTornado\Videos\Vendors\OpenAi\VendorOpenAiVideoRequest.cs(150,44): warning CS8604: Possible null reference argument for parameter 'id' in 'VideoReference.VideoReference(string id)'. [C:\Users\lordo\Documents\GitHub\llmtornado\src\LlmTornado\LlmTornado.csproj::TargetFramework=net462]
C:\Users\lordo\Documents\GitHub\llmtornado\src\LlmTornado\Skills\SkillDeleteResponse.cs(17,19): warning CS8618: Non-nullable property 'Id' must contain a non-null value when exiting constructor. Consider adding the 'required' modifier or declaring the property as nullable. [C:\Users\lordo\Documents\GitHub\llmtornado\src\LlmTornado\LlmTornado.csproj::TargetFramework=net462]
C:\Users\lordo\Documents\GitHub\llmtornado\src\LlmTornado\Skills\Skill.cs(15,19): warning CS8618: Non-nullable property 'DisplayTitle' must contain a non-null value when exiting constructor. Consider adding the 'required' modifier or declaring the property as nullable. [C:\Users\lordo\Documents\GitHub\llmtornado\src\LlmTornado\LlmTornado.csproj::TargetFramework=net462]
C:\Users\lordo\Documents\GitHub\llmtornado\src\LlmTornado\Skills\Skill.cs(20,19): warning CS8618: Non-nullable property 'Id' must contain a non-null value when exiting constructor. Consider adding the 'required' modifier or declaring the property as nullable. [C:\Users\lordo\Documents\GitHub\llmtornado\src\LlmTornado\LlmTornado.csproj::TargetFramework=net462]
C:\Users\lordo\Documents\GitHub\llmtornado\src\LlmTornado\Skills\Skill.cs(40,19): warning CS8618: Non-nullable property 'LatestVersion' must contain a non-null value when exiting constructor. Consider adding the 'required' modifier or declaring the property as nullable. [C:\Users\lordo\Documents\GitHub\llmtornado\src\LlmTornado\LlmTornado.csproj::TargetFramework=net462]
C:\Users\lordo\Documents\GitHub\llmtornado\src\LlmTornado\Chat\Vendors\Mistral\MistralChatMessageConverter.cs(180,24): warning CS8601: Possible null reference assignment. [C:\Users\lordo\Documents\GitHub\llmtornado\src\LlmTornado\LlmTornado.csproj::TargetFramework=net462]
C:\Users\lordo\Documents\GitHub\llmtornado\src\LlmTornado\Chat\Vendors\Mistral\MistralChatMessageConverter.cs(184,32): warning CS8601: Possible null reference assignment. [C:\Users\lordo\Documents\GitHub\llmtornado\src\LlmTornado\LlmTornado.csproj::TargetFramework=net462]
C:\Users\lordo\Documents\GitHub\llmtornado\src\LlmTornado\RateLimits\RateLimitsEndpoint.cs(19,76): error CS0117: 'CapabilityEndpoints' does not contain a definition for 'RateLimits' [C:\Users\lordo\Documents\GitHub\llmtornado\src\LlmTornado\LlmTornado.csproj::TargetFramework=net462]
C:\Users\lordo\Documents\GitHub\llmtornado\src\LlmTornado\Chat\Vendors\Mistral\MistralChatMessageConverter.cs(224,39): warning CS8604: Possible null reference argument for parameter 'text' in 'ChatMessagePart.ChatMessagePart(string text)'. [C:\Users\lordo\Documents\GitHub\llmtornado\src\LlmTornado\LlmTornado.csproj::TargetFramework=net462]
C:\Users\lordo\Documents\GitHub\llmtornado\src\LlmTornado\Ocr\OcrRequest.cs(17,12): warning CS8618: Non-nullable property 'Model' must contain a non-null value when exiting constructor. Consider adding the 'required' modifier or declaring the property as nullable. [C:\Users\lordo\Documents\GitHub\llmtornado\src\LlmTornado\LlmTornado.csproj::TargetFramework=net462]
C:\Users\lordo\Documents\GitHub\llmtornado\src\LlmTornado\Ocr\OcrRequest.cs(17,12): warning CS8618: Non-nullable property 'Document' must contain a non-null value when exiting constructor. Consider adding the 'required' modifier or declaring the property as nullable. [C:\Users\lordo\Documents\GitHub\llmtornado\src\LlmTornado\LlmTornado.csproj::TargetFramework=net462]
C:\Users\lordo\Documents\GitHub\llmtornado\src\LlmTornado\Skills\OpenAiSkillsEndpoint.cs(52,16): error CS7036: There is no argument given that corresponds to the required parameter 'cancellationToken' of 'OpenAiSkillsEndpoint.HttpGetData<T>(IEndpointProvider, string?, Dictionary<string, object>?, CancellationToken)' [C:\Users\lordo\Documents\GitHub\llmtornado\src\LlmTornado\LlmTornado.csproj::TargetFramework=net462]
C:\Users\lordo\Documents\GitHub\llmtornado\src\LlmTornado\Ocr\OcrRequest.cs(36,12): warning CS8618: Non-nullable property 'Model' must contain a non-null value when exiting constructor. Consider adding the 'required' modifier or declaring the property as nullable. [C:\Users\lordo\Documents\GitHub\llmtornado\src\LlmTornado\LlmTornado.csproj::TargetFramework=net462]
C:\Users\lordo\Documents\GitHub\llmtornado\src\LlmTornado\Ocr\OcrRequest.cs(36,12): warning CS8618: Non-nullable property 'Document' must contain a non-null value when exiting constructor. Consider adding the 'required' modifier or declaring the property as nullable. [C:\Users\lordo\Documents\GitHub\llmtornado\src\LlmTornado\LlmTornado.csproj::TargetFramework=net462]
C:\Users\lordo\Documents\GitHub\llmtornado\src\LlmTornado\RateLimits\AnthropicRateLimitModels.cs(55,35): warning CS8601: Possible null reference assignment. [C:\Users\lordo\Documents\GitHub\llmtornado\src\LlmTornado\LlmTornado.csproj::TargetFramework=net462]
C:\Users\lordo\Documents\GitHub\llmtornado\src\LlmTornado\RateLimits\AnthropicRateLimitModels.cs(60,34): warning CS8601: Possible null reference assignment. [C:\Users\lordo\Documents\GitHub\llmtornado\src\LlmTornado\LlmTornado.csproj::TargetFramework=net462]
C:\Users\lordo\Documents\GitHub\llmtornado\src\LlmTornado\Chat\Vendors\Google\VendorGoogleChatRequest.cs(1442,14): warning CS0219: The variable 'anyStrictTool' is assigned but its value is never used [C:\Users\lordo\Documents\GitHub\llmtornado\src\LlmTornado\LlmTornado.csproj::TargetFramework=net462]
C:\Users\lordo\Documents\GitHub\llmtornado\src\LlmTornado\Images\ImageGenerationRequest.cs(267,26): warning CS0436: The type 'FrozenDictionary<TKey, TValue>' in 'C:\Users\lordo\Documents\GitHub\llmtornado\src\LlmTornado\Code\LegacyFrozen.cs' conflicts with the imported type 'FrozenDictionary<TKey, TValue>' in 'System.Collections.Immutable, Version=8.0.0.0, Culture=neutral, PublicKeyToken=b03f5f7f11d50a3a'. Using the type defined in 'C:\Users\lordo\Documents\GitHub\llmtornado\src\LlmTornado\Code\LegacyFrozen.cs'. [C:\Users\lordo\Documents\GitHub\llmtornado\src\LlmTornado\LlmTornado.csproj::TargetFramework=netstandard2.0]
C:\Users\lordo\Documents\GitHub\llmtornado\src\LlmTornado\Realtime\Translation\RealtimeTranslationEndpoint.cs(49,50): error CS1729: 'RealtimeTranslationSession' does not contain a constructor that takes 2 arguments [C:\Users\lordo\Documents\GitHub\llmtornado\src\LlmTornado\LlmTornado.csproj::TargetFramework=net462]
C:\Users\lordo\Documents\GitHub\llmtornado\src\LlmTornado\Realtime\Translation\RealtimeTranslationEndpoint.cs(43,94): warning CS8604: Possible null reference argument for parameter 'json' in 'RealtimeTranslationEvent VendorOpenAiRealtimeTranslation.ParseEvent(string json)'. [C:\Users\lordo\Documents\GitHub\llmtornado\src\LlmTornado\LlmTornado.csproj::TargetFramework=net462]
C:\Users\lordo\Documents\GitHub\llmtornado\src\LlmTornado\Ocr\OcrDocumentInput.cs(134,12): warning CS8618: Non-nullable property 'Url' must contain a non-null value when exiting constructor. Consider adding the 'required' modifier or declaring the property as nullable. [C:\Users\lordo\Documents\GitHub\llmtornado\src\LlmTornado\LlmTornado.csproj::TargetFramework=net462]
C:\Users\lordo\Documents\GitHub\llmtornado\src\LlmTornado\Moderation\ModerationResult.cs(46,38): warning CS8618: Non-nullable property 'Categories' must contain a non-null value when exiting constructor. Consider adding the 'required' modifier or declaring the property as nullable. [C:\Users\lordo\Documents\GitHub\llmtornado\src\LlmTornado\LlmTornado.csproj::TargetFramework=net462]
C:\Users\lordo\Documents\GitHub\llmtornado\src\LlmTornado\Moderation\ModerationResult.cs(52,40): warning CS8618: Non-nullable property 'CategoryScores' must contain a non-null value when exiting constructor. Consider adding the 'required' modifier or declaring the property as nullable. [C:\Users\lordo\Documents\GitHub\llmtornado\src\LlmTornado\LlmTornado.csproj::TargetFramework=net462]
C:\Users\lordo\Documents\GitHub\llmtornado\src\LlmTornado\Responses\ResponseToolSearch.cs(364,43): error CS0103: The name 'ToolCustomFormat' does not exist in the current context [C:\Users\lordo\Documents\GitHub\llmtornado\src\LlmTornado\LlmTornado.csproj::TargetFramework=net462]
C:\Users\lordo\Documents\GitHub\llmtornado\src\LlmTornado\Responses\ResponseToolSearch.cs(368,17): error CS0246: The type or namespace name 'ToolCustomGrammarSyntaxes' could not be found (are you missing a using directive or an assembly reference?) [C:\Users\lordo\Documents\GitHub\llmtornado\src\LlmTornado\LlmTornado.csproj::TargetFramework=net462]
C:\Users\lordo\Documents\GitHub\llmtornado\src\LlmTornado\Responses\ResponseToolSearch.cs(369,23): error CS0103: The name 'ToolCustomGrammarSyntaxes' does not exist in the current context [C:\Users\lordo\Documents\GitHub\llmtornado\src\LlmTornado\LlmTornado.csproj::TargetFramework=net462]
C:\Users\lordo\Documents\GitHub\llmtornado\src\LlmTornado\Responses\ResponseToolSearch.cs(370,23): error CS0103: The name 'ToolCustomGrammarSyntaxes' does not exist in the current context [C:\Users\lordo\Documents\GitHub\llmtornado\src\LlmTornado\LlmTornado.csproj::TargetFramework=net462]
C:\Users\lordo\Documents\GitHub\llmtornado\src\LlmTornado\Responses\ResponseToolSearch.cs(372,23): error CS0103: The name 'ToolCustomFormat' does not exist in the current context [C:\Users\lordo\Documents\GitHub\llmtornado\src\LlmTornado\LlmTornado.csproj::TargetFramework=net462]
C:\Users\lordo\Documents\GitHub\llmtornado\src\LlmTornado\Responses\ResponseToolSearch.cs(373,27): error CS0246: The type or namespace name 'ToolCustomFormat' could not be found (are you missing a using directive or an assembly reference?) [C:\Users\lordo\Documents\GitHub\llmtornado\src\LlmTornado\LlmTornado.csproj::TargetFramework=net462]
C:\Users\lordo\Documents\GitHub\llmtornado\src\LlmTornado\Responses\ResponseToolSearch.cs(373,53): error CS0103: The name 'ToolCustomFormat' does not exist in the current context [C:\Users\lordo\Documents\GitHub\llmtornado\src\LlmTornado\LlmTornado.csproj::TargetFramework=net462]
C:\Users\lordo\Documents\GitHub\llmtornado\src\LlmTornado\Responses\ResponseToolSearch.cs(377,31): error CS0103: The name 'ToolCustomFormat' does not exist in the current context [C:\Users\lordo\Documents\GitHub\llmtornado\src\LlmTornado\LlmTornado.csproj::TargetFramework=net462]
C:\Users\lordo\Documents\GitHub\llmtornado\src\LlmTornado\Moderation\ModerationResult.cs(32,16): warning CS8603: Possible null reference return. [C:\Users\lordo\Documents\GitHub\llmtornado\src\LlmTornado\LlmTornado.csproj::TargetFramework=net462]
C:\Users\lordo\Documents\GitHub\llmtornado\src\LlmTornado\Moderation\ModerationResult.cs(16,25): warning CS8618: Non-nullable property 'Results' must contain a non-null value when exiting constructor. Consider adding the 'required' modifier or declaring the property as nullable. [C:\Users\lordo\Documents\GitHub\llmtornado\src\LlmTornado\LlmTornado.csproj::TargetFramework=net462]
C:\Users\lordo\Documents\GitHub\llmtornado\src\LlmTornado\Moderation\ModerationResult.cs(23,19): warning CS8618: Non-nullable property 'Id' must contain a non-null value when exiting constructor. Consider adding the 'required' modifier or declaring the property as nullable. [C:\Users\lordo\Documents\GitHub\llmtornado\src\LlmTornado\LlmTornado.csproj::TargetFramework=net462]
C:\Users\lordo\Documents\GitHub\llmtornado\src\LlmTornado\Moderation\ModerationRequest.cs(15,9): warning CS8618: Non-nullable property 'Model' must contain a non-null value when exiting constructor. Consider adding the 'required' modifier or declaring the property as nullable. [C:\Users\lordo\Documents\GitHub\llmtornado\src\LlmTornado\LlmTornado.csproj::TargetFramework=net462]
C:\Users\lordo\Documents\GitHub\llmtornado\src\LlmTornado\Moderation\ModerationRequest.cs(15,9): warning CS8618: Non-nullable property 'Inputs' must contain a non-null value when exiting constructor. Consider adding the 'required' modifier or declaring the property as nullable. [C:\Users\lordo\Documents\GitHub\llmtornado\src\LlmTornado\LlmTornado.csproj::TargetFramework=net462]
C:\Users\lordo\Documents\GitHub\llmtornado\src\LlmTornado\Moderation\ModerationRequest.cs(27,9): warning CS8618: Non-nullable property 'Inputs' must contain a non-null value when exiting constructor. Consider adding the 'required' modifier or declaring the property as nullable. [C:\Users\lordo\Documents\GitHub\llmtornado\src\LlmTornado\LlmTornado.csproj::TargetFramework=net462]
C:\Users\lordo\Documents\GitHub\llmtornado\src\LlmTornado\Moderation\ModerationRequest.cs(78,24): warning CS8603: Possible null reference return. [C:\Users\lordo\Documents\GitHub\llmtornado\src\LlmTornado\LlmTornado.csproj::TargetFramework=net462]
C:\Users\lordo\Documents\GitHub\llmtornado\src\LlmTornado\Skills\CreateSkillResponse.cs(14,19): warning CS8618: Non-nullable property 'Id' must contain a non-null value when exiting constructor. Consider adding the 'required' modifier or declaring the property as nullable. [C:\Users\lordo\Documents\GitHub\llmtornado\src\LlmTornado\LlmTornado.csproj::TargetFramework=net8.0]
C:\Users\lordo\Documents\GitHub\llmtornado\src\LlmTornado\Live\Vendors\Google\VendorGoogleLiveMapper.cs(67,24): error CS0246: The type or namespace name 'VendorGoogleChatTool' could not be found (are you missing a using directive or an assembly reference?) [C:\Users\lordo\Documents\GitHub\llmtornado\src\LlmTornado\LlmTornado.csproj::TargetFramework=net462]
C:\Users\lordo\Documents\GitHub\llmtornado\src\LlmTornado\Live\Vendors\Google\VendorGoogleLiveMapper.cs(67,48): error CS0246: The type or namespace name 'VendorGoogleChatToolConfig' could not be found (are you missing a using directive or an assembly reference?) [C:\Users\lordo\Documents\GitHub\llmtornado\src\LlmTornado\LlmTornado.csproj::TargetFramework=net462]
C:\Users\lordo\Documents\GitHub\llmtornado\src\LlmTornado\Skills\OpenAiSkillsEndpoint.cs(158,30): warning CS8601: Possible null reference assignment. [C:\Users\lordo\Documents\GitHub\llmtornado\src\LlmTornado\LlmTornado.csproj::TargetFramework=net462]
C:\Users\lordo\Documents\GitHub\llmtornado\src\LlmTornado\Skills\OpenAiSkillsEndpoint.cs(164,30): warning CS8601: Possible null reference assignment. [C:\Users\lordo\Documents\GitHub\llmtornado\src\LlmTornado\LlmTornado.csproj::TargetFramework=net462]
C:\Users\lordo\Documents\GitHub\llmtornado\src\LlmTornado\Vendor\Cohere\CohereEndpointProvider.cs(229,22): warning CS8604: Possible null reference argument for parameter 'item' in 'void List<string>.Add(string item)'. [C:\Users\lordo\Documents\GitHub\llmtornado\src\LlmTornado\LlmTornado.csproj::TargetFramework=net462]
C:\Users\lordo\Documents\GitHub\llmtornado\src\LlmTornado\Infra\ToolFactory.cs(28,9): warning CS0618: 'ChatModelGoogleGemini.Gemini2Flash001' is obsolete: 'Shut down June 1, 2026. Use ModelGemini25Flash or ModelGemini35Flash instead.' [C:\Users\lordo\Documents\GitHub\llmtornado\src\LlmTornado\LlmTornado.csproj::TargetFramework=net462]
C:\Users\lordo\Documents\GitHub\llmtornado\src\LlmTornado\Infra\ToolFactory.cs(28,50): warning CS0618: 'ChatModelGoogleGemini.Gemini15Pro' is obsolete: 'Use ModelGemini25Pro instead.' [C:\Users\lordo\Documents\GitHub\llmtornado\src\LlmTornado\LlmTornado.csproj::TargetFramework=net462]
C:\Users\lordo\Documents\GitHub\llmtornado\src\LlmTornado\Infra\ToolFactory.cs(28,87): warning CS0618: 'ChatModelGoogleGemini.Gemini15Pro002' is obsolete: 'Use ModelGemini25Pro instead.' [C:\Users\lordo\Documents\GitHub\llmtornado\src\LlmTornado\LlmTornado.csproj::TargetFramework=net462]
C:\Users\lordo\Documents\GitHub\llmtornado\src\LlmTornado\Infra\ToolFactory.cs(28,127): warning CS0618: 'ChatModelGoogleGemini.Gemini15Pro001' is obsolete: 'Use ModelGemini25Pro instead.' [C:\Users\lordo\Documents\GitHub\llmtornado\src\LlmTornado\LlmTornado.csproj::TargetFramework=net462]
C:\Users\lordo\Documents\GitHub\llmtornado\src\LlmTornado\Infra\ToolFactory.cs(28,167): warning CS0618: 'ChatModelGoogleGemini.Gemini15ProLatest' is obsolete: 'Use ModelGemini25Pro instead.' [C:\Users\lordo\Documents\GitHub\llmtornado\src\LlmTornado\LlmTornado.csproj::TargetFramework=net462]
C:\Users\lordo\Documents\GitHub\llmtornado\src\LlmTornado\Infra\ToolFactory.cs(29,9): warning CS0618: 'ChatModelGoogleGemini.Gemini2FlashLatest' is obsolete: 'Shut down June 1, 2026. Use ModelGemini25Flash or ModelGemini35Flash instead.' [C:\Users\lordo\Documents\GitHub\llmtornado\src\LlmTornado\LlmTornado.csproj::TargetFramework=net462]
C:\Users\lordo\Documents\GitHub\llmtornado\src\LlmTornado\Skills\CreateSkillResponse.cs(9,19): warning CS8618: Non-nullable property 'DisplayTitle' must contain a non-null value when exiting constructor. Consider adding the 'required' modifier or declaring the property as nullable. [C:\Users\lordo\Documents\GitHub\llmtornado\src\LlmTornado\LlmTornado.csproj::TargetFramework=net462]
C:\Users\lordo\Documents\GitHub\llmtornado\src\LlmTornado\Skills\CreateSkillResponse.cs(14,19): warning CS8618: Non-nullable property 'Id' must contain a non-null value when exiting constructor. Consider adding the 'required' modifier or declaring the property as nullable. [C:\Users\lordo\Documents\GitHub\llmtornado\src\LlmTornado\LlmTornado.csproj::TargetFramework=net462]
C:\Users\lordo\Documents\GitHub\llmtornado\src\LlmTornado\Skills\CreateSkillResponse.cs(34,19): warning CS8618: Non-nullable property 'LatestVersion' must contain a non-null value when exiting constructor. Consider adding the 'required' modifier or declaring the property as nullable. [C:\Users\lordo\Documents\GitHub\llmtornado\src\LlmTornado\LlmTornado.csproj::TargetFramework=net462]
C:\Users\lordo\Documents\GitHub\llmtornado\src\LlmTornado\Infra\ToolFactory.cs(67,48): warning CS8604: Possible null reference argument for parameter 'description' in 'ToolFunction.ToolFunction(string name, string description, object parameters)'. [C:\Users\lordo\Documents\GitHub\llmtornado\src\LlmTornado\LlmTornado.csproj::TargetFramework=net462]
C:\Users\lordo\Documents\GitHub\llmtornado\src\LlmTornado\Vendor\Cohere\CohereEndpointProvider.cs(203,23): warning CS8618: Non-nullable property 'EventType' must contain a non-null value when exiting constructor. Consider adding the 'required' modifier or declaring the property as nullable. [C:\Users\lordo\Documents\GitHub\llmtornado\src\LlmTornado\LlmTornado.csproj::TargetFramework=net462]
C:\Users\lordo\Documents\GitHub\llmtornado\src\LlmTornado\Vendor\Cohere\CohereEndpointProvider.cs(195,50): warning CS8618: Non-nullable property 'ToolCalls' must contain a non-null value when exiting constructor. Consider adding the 'required' modifier or declaring the property as nullable. [C:\Users\lordo\Documents\GitHub\llmtornado\src\LlmTornado\LlmTornado.csproj::TargetFramework=net462]
C:\Users\lordo\Documents\GitHub\llmtornado\src\LlmTornado\Vendor\Cohere\CohereEndpointProvider.cs(189,47): warning CS8618: Non-nullable property 'Citations' must contain a non-null value when exiting constructor. Consider adding the 'required' modifier or declaring the property as nullable. [C:\Users\lordo\Documents\GitHub\llmtornado\src\LlmTornado\LlmTornado.csproj::TargetFramework=net462]
C:\Users\lordo\Documents\GitHub\llmtornado\src\LlmTornado\Live\Vendors\Google\VendorGoogleLiveMapper.cs(222,54): warning CS8602: Dereference of a possibly null reference. [C:\Users\lordo\Documents\GitHub\llmtornado\src\LlmTornado\LlmTornado.csproj::TargetFramework=net462]
C:\Users\lordo\Documents\GitHub\llmtornado\src\LlmTornado\Vendor\Cohere\CohereEndpointProvider.cs(183,51): warning CS8618: Non-nullable property 'SearchResults' must contain a non-null value when exiting constructor. Consider adding the 'required' modifier or declaring the property as nullable. [C:\Users\lordo\Documents\GitHub\llmtornado\src\LlmTornado\LlmTornado.csproj::TargetFramework=net462]
C:\Users\lordo\Documents\GitHub\llmtornado\src\LlmTornado\Vendor\Cohere\CohereEndpointProvider.cs(177,50): warning CS8618: Non-nullable property 'SearchQueries' must contain a non-null value when exiting constructor. Consider adding the 'required' modifier or declaring the property as nullable. [C:\Users\lordo\Documents\GitHub\llmtornado\src\LlmTornado\LlmTornado.csproj::TargetFramework=net462]
C:\Users\lordo\Documents\GitHub\llmtornado\src\LlmTornado\Vendor\Cohere\CohereEndpointProvider.cs(171,23): warning CS8618: Non-nullable property 'GenerationId' must contain a non-null value when exiting constructor. Consider adding the 'required' modifier or declaring the property as nullable. [C:\Users\lordo\Documents\GitHub\llmtornado\src\LlmTornado\LlmTornado.csproj::TargetFramework=net462]
C:\Users\lordo\Documents\GitHub\llmtornado\src\LlmTornado\Vendor\Cohere\CohereEndpointProvider.cs(165,23): warning CS8618: Non-nullable property 'Text' must contain a non-null value when exiting constructor. Consider adding the 'required' modifier or declaring the property as nullable. [C:\Users\lordo\Documents\GitHub\llmtornado\src\LlmTornado\LlmTornado.csproj::TargetFramework=net462]
C:\Users\lordo\Documents\GitHub\llmtornado\src\LlmTornado\Vendor\Cohere\CohereEndpointProvider.cs(110,42): warning CS8618: Non-nullable property 'Message' must contain a non-null value when exiting constructor. Consider adding the 'required' modifier or declaring the property as nullable. [C:\Users\lordo\Documents\GitHub\llmtornado\src\LlmTornado\LlmTornado.csproj::TargetFramework=net462]
C:\Users\lordo\Documents\GitHub\llmtornado\src\LlmTornado\Vendor\Cohere\CohereEndpointProvider.cs(98,46): warning CS8618: Non-nullable property 'Delta' must contain a non-null value when exiting constructor. Consider adding the 'required' modifier or declaring the property as nullable. [C:\Users\lordo\Documents\GitHub\llmtornado\src\LlmTornado\LlmTornado.csproj::TargetFramework=net462]
C:\Users\lordo\Documents\GitHub\llmtornado\src\LlmTornado\Vendor\Cohere\CohereEndpointProvider.cs(90,27): warning CS8618: Non-nullable property 'Type' must contain a non-null value when exiting constructor. Consider adding the 'required' modifier or declaring the property as nullable. [C:\Users\lordo\Documents\GitHub\llmtornado\src\LlmTornado\LlmTornado.csproj::TargetFramework=net462]
C:\Users\lordo\Documents\GitHub\llmtornado\src\LlmTornado\Vendor\Cohere\CohereEndpointProvider.cs(92,27): warning CS8618: Non-nullable property 'Text' must contain a non-null value when exiting constructor. Consider adding the 'required' modifier or declaring the property as nullable. [C:\Users\lordo\Documents\GitHub\llmtornado\src\LlmTornado\LlmTornado.csproj::TargetFramework=net462]
C:\Users\lordo\Documents\GitHub\llmtornado\src\LlmTornado\Vendor\Cohere\CohereEndpointProvider.cs(82,46): warning CS8618: Non-nullable property 'ContentBlock' must contain a non-null value when exiting constructor. Consider adding the 'required' modifier or declaring the property as nullable. [C:\Users\lordo\Documents\GitHub\llmtornado\src\LlmTornado\LlmTornado.csproj::TargetFramework=net462]
C:\Users\lordo\Documents\GitHub\llmtornado\src\LlmTornado\Vendor\Cohere\CohereEndpointProvider.cs(74,27): warning CS8618: Non-nullable property 'Type' must contain a non-null value when exiting constructor. Consider adding the 'required' modifier or declaring the property as nullable. [C:\Users\lordo\Documents\GitHub\llmtornado\src\LlmTornado\LlmTornado.csproj::TargetFramework=net462]
C:\Users\lordo\Documents\GitHub\llmtornado\src\LlmTornado\Vendor\Cohere\CohereEndpointProvider.cs(76,27): warning CS8618: Non-nullable property 'Text' must contain a non-null value when exiting constructor. Consider adding the 'required' modifier or declaring the property as nullable. [C:\Users\lordo\Documents\GitHub\llmtornado\src\LlmTornado\LlmTornado.csproj::TargetFramework=net462]
C:\Users\lordo\Documents\GitHub\llmtornado\src\LlmTornado\Interactions\InteractionsEndpoint.cs(45,74): warning CS8604: Possible null reference argument for parameter 'environmentId' in 'InteractionEnvironmentReference InteractionEnvironmentReference.FromId(string environmentId)'. [C:\Users\lordo\Documents\GitHub\llmtornado\src\LlmTornado\LlmTornado.csproj::TargetFramework=net462]
C:\Users\lordo\Documents\GitHub\llmtornado\src\LlmTornado\Responses\ResponseTool.cs(1110,21): error CS0117: 'ResponseWebSearchTool' does not contain a definition for 'ReturnTokenBudget' [C:\Users\lordo\Documents\GitHub\llmtornado\src\LlmTornado\LlmTornado.csproj::TargetFramework=net462]
C:\Users\lordo\Documents\GitHub\llmtornado\src\LlmTornado\Responses\ResponseTool.cs(1088,38): warning CS8601: Possible null reference assignment. [C:\Users\lordo\Documents\GitHub\llmtornado\src\LlmTornado\LlmTornado.csproj::TargetFramework=net462]
C:\Users\lordo\Documents\GitHub\llmtornado\src\LlmTornado\Threads\ThreadsEndpoint.cs(401,63): warning CS8604: Possible null reference argument for parameter 'key' in 'bool FrozenDictionary<string, OpenAiAssistantStreamEvent>.TryGetValue(string key, out OpenAiAssistantStreamEvent value)'. [C:\Users\lordo\Documents\GitHub\llmtornado\src\LlmTornado\LlmTornado.csproj::TargetFramework=net462]
C:\Users\lordo\Documents\GitHub\llmtornado\src\LlmTornado\Threads\ThreadsEndpoint.cs(510,17): warning CS0219: The variable 'unk' is assigned but its value is never used [C:\Users\lordo\Documents\GitHub\llmtornado\src\LlmTornado\LlmTornado.csproj::TargetFramework=net462]
C:\Users\lordo\Documents\GitHub\llmtornado\src\LlmTornado\Interactions\InteractionsEndpoint.cs(111,70): warning CS8604: Possible null reference argument for parameter 'reader' in 'IAsyncEnumerable<ServerSentEvent> IEndpointProvider.InboundStream(StreamReader reader)'. [C:\Users\lordo\Documents\GitHub\llmtornado\src\LlmTornado\LlmTornado.csproj::TargetFramework=net462]
C:\Users\lordo\Documents\GitHub\llmtornado\src\LlmTornado\Interactions\InteractionsEndpoint.cs(142,38): warning CS8601: Possible null reference assignment. [C:\Users\lordo\Documents\GitHub\llmtornado\src\LlmTornado\LlmTornado.csproj::TargetFramework=net462]
C:\Users\lordo\Documents\GitHub\llmtornado\src\LlmTornado\Videos\Vendors\Google\VendorGoogleVideoRequest.cs(165,23): warning CS8618: Non-nullable property 'Prompt' must contain a non-null value when exiting constructor. Consider adding the 'required' modifier or declaring the property as nullable. [C:\Users\lordo\Documents\GitHub\llmtornado\src\LlmTornado\LlmTornado.csproj::TargetFramework=net462]
C:\Users\lordo\Documents\GitHub\llmtornado\src\LlmTornado\Vendor\Anthropic\AnthropicEndpointProvider.cs(362,45): error CS0426: The type name 'RateLimits' does not exist in the type 'CapabilityEndpoints' [C:\Users\lordo\Documents\GitHub\llmtornado\src\LlmTornado\LlmTornado.csproj::TargetFramework=net462]
C:\Users\lordo\Documents\GitHub\llmtornado\src\LlmTornado\Vendor\Anthropic\AnthropicEndpointProvider.cs(366,47): warning CS8602: Dereference of a possibly null reference. [C:\Users\lordo\Documents\GitHub\llmtornado\src\LlmTornado\LlmTornado.csproj::TargetFramework=net462]
C:\Users\lordo\Documents\GitHub\llmtornado\src\LlmTornado\Interactions\Interaction.cs(17,20): warning CS0108: 'Interaction.Object' hides inherited member 'ApiResultBase.Object'. Use the new keyword if hiding was intended. [C:\Users\lordo\Documents\GitHub\llmtornado\src\LlmTornado\LlmTornado.csproj::TargetFramework=netstandard2.0]
C:\Users\lordo\Documents\GitHub\llmtornado\src\LlmTornado\Skills\CreateSkillResponse.cs(34,19): warning CS8618: Non-nullable property 'LatestVersion' must contain a non-null value when exiting constructor. Consider adding the 'required' modifier or declaring the property as nullable. [C:\Users\lordo\Documents\GitHub\llmtornado\src\LlmTornado\LlmTornado.csproj::TargetFramework=net8.0]
C:\Users\lordo\Documents\GitHub\llmtornado\src\LlmTornado\FineTuning\HyperParams.cs(8,19): warning CS8618: Non-nullable property 'Epochs' must contain a non-null value when exiting constructor. Consider adding the 'required' modifier or declaring the property as nullable. [C:\Users\lordo\Documents\GitHub\llmtornado\src\LlmTornado\LlmTornado.csproj::TargetFramework=net462]
C:\Users\lordo\Documents\GitHub\llmtornado\src\LlmTornado\Interactions\Interaction.cs(29,20): warning CS0108: 'Interaction.Model' hides inherited member 'ApiResultBase.Model'. Use the new keyword if hiding was intended. [C:\Users\lordo\Documents\GitHub\llmtornado\src\LlmTornado\LlmTornado.csproj::TargetFramework=netstandard2.0]
C:\Users\lordo\Documents\GitHub\llmtornado\src\LlmTornado\FineTuning\HyperParams.cs(11,19): warning CS8618: Non-nullable property 'BatchSize' must contain a non-null value when exiting constructor. Consider adding the 'required' modifier or declaring the property as nullable. [C:\Users\lordo\Documents\GitHub\llmtornado\src\LlmTornado\LlmTornado.csproj::TargetFramework=net462]
C:\Users\lordo\Documents\GitHub\llmtornado\src\LlmTornado\FineTuning\HyperParams.cs(14,19): warning CS8618: Non-nullable property 'LearningRateMultiplier' must contain a non-null value when exiting constructor. Consider adding the 'required' modifier or declaring the property as nullable. [C:\Users\lordo\Documents\GitHub\llmtornado\src\LlmTornado\LlmTornado.csproj::TargetFramework=net462]
C:\Users\lordo\Documents\GitHub\llmtornado\src\LlmTornado\Live\LiveSession.cs(32,55): error CS1061: 'Task' does not contain a definition for 'IsCompletedSuccessfully' and no accessible extension method 'IsCompletedSuccessfully' accepting a first argument of type 'Task' could be found (are you missing a using directive or an assembly reference?) [C:\Users\lordo\Documents\GitHub\llmtornado\src\LlmTornado\LlmTornado.csproj::TargetFramework=net462]
C:\Users\lordo\Documents\GitHub\llmtornado\src\LlmTornado\FineTuning\FineTuneJobResponse.cs(13,12): warning CS8618: Non-nullable property 'Object' must contain a non-null value when exiting constructor. Consider adding the 'required' modifier or declaring the property as nullable. [C:\Users\lordo\Documents\GitHub\llmtornado\src\LlmTornado\LlmTornado.csproj::TargetFramework=net462]
C:\Users\lordo\Documents\GitHub\llmtornado\src\LlmTornado\FineTuning\FineTuneJobResponse.cs(13,12): warning CS8618: Non-nullable property 'Id' must contain a non-null value when exiting constructor. Consider adding the 'required' modifier or declaring the property as nullable. [C:\Users\lordo\Documents\GitHub\llmtornado\src\LlmTornado\LlmTornado.csproj::TargetFramework=net462]
C:\Users\lordo\Documents\GitHub\llmtornado\src\LlmTornado\FineTuning\FineTuneJobResponse.cs(13,12): warning CS8618: Non-nullable property 'Model' must contain a non-null value when exiting constructor. Consider adding the 'required' modifier or declaring the property as nullable. [C:\Users\lordo\Documents\GitHub\llmtornado\src\LlmTornado\LlmTornado.csproj::TargetFramework=net462]
C:\Users\lordo\Documents\GitHub\llmtornado\src\LlmTornado\FineTuning\FineTuneJobResponse.cs(13,12): warning CS8618: Non-nullable property 'FineTunedModel' must contain a non-null value when exiting constructor. Consider adding the 'required' modifier or declaring the property as nullable. [C:\Users\lordo\Documents\GitHub\llmtornado\src\LlmTornado\LlmTornado.csproj::TargetFramework=net462]
C:\Users\lordo\Documents\GitHub\llmtornado\src\LlmTornado\FineTuning\FineTuneJobResponse.cs(13,12): warning CS8618: Non-nullable property 'OrganizationId' must contain a non-null value when exiting constructor. Consider adding the 'required' modifier or declaring the property as nullable. [C:\Users\lordo\Documents\GitHub\llmtornado\src\LlmTornado\LlmTornado.csproj::TargetFramework=net462]
C:\Users\lordo\Documents\GitHub\llmtornado\src\LlmTornado\FineTuning\FineTuneJobResponse.cs(13,12): warning CS8618: Non-nullable property 'ResultFiles' must contain a non-null value when exiting constructor. Consider adding the 'required' modifier or declaring the property as nullable. [C:\Users\lordo\Documents\GitHub\llmtornado\src\LlmTornado\LlmTornado.csproj::TargetFramework=net462]
C:\Users\lordo\Documents\GitHub\llmtornado\src\LlmTornado\RateLimits\RateLimitsEndpoint.cs(19,76): error CS0117: 'CapabilityEndpoints' does not contain a definition for 'RateLimits' [C:\Users\lordo\Documents\GitHub\llmtornado\src\LlmTornado\LlmTornado.csproj::TargetFramework=net8.0]
C:\Users\lordo\Documents\GitHub\llmtornado\src\LlmTornado\FineTuning\FineTuneJobResponse.cs(13,12): warning CS8618: Non-nullable property 'ValidationFile' must contain a non-null value when exiting constructor. Consider adding the 'required' modifier or declaring the property as nullable. [C:\Users\lordo\Documents\GitHub\llmtornado\src\LlmTornado\LlmTornado.csproj::TargetFramework=net462]
C:\Users\lordo\Documents\GitHub\llmtornado\src\LlmTornado\FineTuning\FineTuneJobResponse.cs(13,12): warning CS8618: Non-nullable property 'TrainingFile' must contain a non-null value when exiting constructor. Consider adding the 'required' modifier or declaring the property as nullable. [C:\Users\lordo\Documents\GitHub\llmtornado\src\LlmTornado\LlmTornado.csproj::TargetFramework=net462]
C:\Users\lordo\Documents\GitHub\llmtornado\src\LlmTornado\FineTuning\FineTuneJobResponse.cs(13,12): warning CS8618: Non-nullable property 'HyperParameters' must contain a non-null value when exiting constructor. Consider adding the 'required' modifier or declaring the property as nullable. [C:\Users\lordo\Documents\GitHub\llmtornado\src\LlmTornado\LlmTornado.csproj::TargetFramework=net462]
C:\Users\lordo\Documents\GitHub\llmtornado\src\LlmTornado\Interactions\InteractionsEndpoint.cs(234,60): warning CS8604: Possible null reference argument for parameter 'interactionId' in 'Task<HttpCallResult<Interaction>> InteractionsEndpoint.Get(string interactionId, CancellationToken cancellationToken = default(CancellationToken))'. [C:\Users\lordo\Documents\GitHub\llmtornado\src\LlmTornado\LlmTornado.csproj::TargetFramework=net462]
C:\Users\lordo\Documents\GitHub\llmtornado\src\LlmTornado\FineTuning\FineTuneJobResponse.cs(106,16): warning CS8603: Possible null reference return. [C:\Users\lordo\Documents\GitHub\llmtornado\src\LlmTornado\LlmTornado.csproj::TargetFramework=net462]
C:\Users\lordo\Documents\GitHub\llmtornado\src\LlmTornado\FineTuning\FineTuneJobList.cs(11,19): warning CS8618: Non-nullable property 'Object' must contain a non-null value when exiting constructor. Consider adding the 'required' modifier or declaring the property as nullable. [C:\Users\lordo\Documents\GitHub\llmtornado\src\LlmTornado\LlmTornado.csproj::TargetFramework=net462]
C:\Users\lordo\Documents\GitHub\llmtornado\src\LlmTornado\FineTuning\FineTuneJobList.cs(14,39): warning CS8618: Non-nullable property 'Jobs' must contain a non-null value when exiting constructor. Consider adding the 'required' modifier or declaring the property as nullable. [C:\Users\lordo\Documents\GitHub\llmtornado\src\LlmTornado\LlmTornado.csproj::TargetFramework=net462]
C:\Users\lordo\Documents\GitHub\llmtornado\src\LlmTornado\FineTuning\FineTuneJob.cs(79,16): warning CS8603: Possible null reference return. [C:\Users\lordo\Documents\GitHub\llmtornado\src\LlmTornado\LlmTornado.csproj::TargetFramework=net462]
C:\Users\lordo\Documents\GitHub\llmtornado\src\LlmTornado\FineTuning\FineTuneJob.cs(12,19): warning CS8618: Non-nullable property 'Object' must contain a non-null value when exiting constructor. Consider adding the 'required' modifier or declaring the property as nullable. [C:\Users\lordo\Documents\GitHub\llmtornado\src\LlmTornado\LlmTornado.csproj::TargetFramework=net462]
C:\Users\lordo\Documents\GitHub\llmtornado\src\LlmTornado\FineTuning\FineTuneJob.cs(15,19): warning CS8618: Non-nullable property 'Id' must contain a non-null value when exiting constructor. Consider adding the 'required' modifier or declaring the property as nullable. [C:\Users\lordo\Documents\GitHub\llmtornado\src\LlmTornado\LlmTornado.csproj::TargetFramework=net462]
C:\Users\lordo\Documents\GitHub\llmtornado\src\LlmTornado\FineTuning\FineTuneJob.cs(18,19): warning CS8618: Non-nullable property 'Model' must contain a non-null value when exiting constructor. Consider adding the 'required' modifier or declaring the property as nullable. [C:\Users\lordo\Documents\GitHub\llmtornado\src\LlmTornado\LlmTornado.csproj::TargetFramework=net462]
C:\Users\lordo\Documents\GitHub\llmtornado\src\LlmTornado\FineTuning\FineTuneJob.cs(47,19): warning CS8618: Non-nullable property 'FineTunedModel' must contain a non-null value when exiting constructor. Consider adding the 'required' modifier or declaring the property as nullable. [C:\Users\lordo\Documents\GitHub\llmtornado\src\LlmTornado\LlmTornado.csproj::TargetFramework=net462]
C:\Users\lordo\Documents\GitHub\llmtornado\src\LlmTornado\FineTuning\FineTuneJob.cs(50,19): warning CS8618: Non-nullable property 'OrganizationId' must contain a non-null value when exiting constructor. Consider adding the 'required' modifier or declaring the property as nullable. [C:\Users\lordo\Documents\GitHub\llmtornado\src\LlmTornado\LlmTornado.csproj::TargetFramework=net462]
C:\Users\lordo\Documents\GitHub\llmtornado\src\LlmTornado\FineTuning\FineTuneJob.cs(53,34): warning CS8618: Non-nullable property 'ResultFiles' must contain a non-null value when exiting constructor. Consider adding the 'required' modifier or declaring the property as nullable. [C:\Users\lordo\Documents\GitHub\llmtornado\src\LlmTornado\LlmTornado.csproj::TargetFramework=net462]
C:\Users\lordo\Documents\GitHub\llmtornado\src\LlmTornado\FineTuning\FineTuneJob.cs(58,19): warning CS8618: Non-nullable property 'ValidationFile' must contain a non-null value when exiting constructor. Consider adding the 'required' modifier or declaring the property as nullable. [C:\Users\lordo\Documents\GitHub\llmtornado\src\LlmTornado\LlmTornado.csproj::TargetFramework=net462]
C:\Users\lordo\Documents\GitHub\llmtornado\src\LlmTornado\FineTuning\FineTuneJob.cs(61,19): warning CS8618: Non-nullable property 'TrainingFile' must contain a non-null value when exiting constructor. Consider adding the 'required' modifier or declaring the property as nullable. [C:\Users\lordo\Documents\GitHub\llmtornado\src\LlmTornado\LlmTornado.csproj::TargetFramework=net462]
C:\Users\lordo\Documents\GitHub\llmtornado\src\LlmTornado\FineTuning\FineTuneJob.cs(64,24): warning CS8618: Non-nullable property 'HyperParameters' must contain a non-null value when exiting constructor. Consider adding the 'required' modifier or declaring the property as nullable. [C:\Users\lordo\Documents\GitHub\llmtornado\src\LlmTornado\LlmTornado.csproj::TargetFramework=net462]
C:\Users\lordo\Documents\GitHub\llmtornado\src\LlmTornado\FineTuning\EventList.cs(12,19): warning CS8618: Non-nullable property 'Object' must contain a non-null value when exiting constructor. Consider adding the 'required' modifier or declaring the property as nullable. [C:\Users\lordo\Documents\GitHub\llmtornado\src\LlmTornado\LlmTornado.csproj::TargetFramework=net462]
C:\Users\lordo\Documents\GitHub\llmtornado\src\LlmTornado\FineTuning\EventList.cs(15,33): warning CS8618: Non-nullable property 'Events' must contain a non-null value when exiting constructor. Consider adding the 'required' modifier or declaring the property as nullable. [C:\Users\lordo\Documents\GitHub\llmtornado\src\LlmTornado\LlmTornado.csproj::TargetFramework=net462]
C:\Users\lordo\Documents\GitHub\llmtornado\src\LlmTornado\Live\LiveSession.cs(165,59): error CS1503: Argument 1: cannot convert from 'byte[]' to 'System.ArraySegment<byte>' [C:\Users\lordo\Documents\GitHub\llmtornado\src\LlmTornado\LlmTornado.csproj::TargetFramework=net462]
C:\Users\lordo\Documents\GitHub\llmtornado\src\LlmTornado\Live\LiveSession.cs(227,39): error CS1503: Argument 1: cannot convert from 'byte[]' to 'System.ArraySegment<byte>' [C:\Users\lordo\Documents\GitHub\llmtornado\src\LlmTornado\LlmTornado.csproj::TargetFramework=net462]
C:\Users\lordo\Documents\GitHub\llmtornado\src\LlmTornado\Responses\ResponseTool.cs(1308,25): error CS1061: 'ResponseWebSearchTool' does not contain a definition for 'ReturnTokenBudget' and no accessible extension method 'ReturnTokenBudget' accepting a first argument of type 'ResponseWebSearchTool' could be found (are you missing a using directive or an assembly reference?) [C:\Users\lordo\Documents\GitHub\llmtornado\src\LlmTornado\LlmTornado.csproj::TargetFramework=net462]
C:\Users\lordo\Documents\GitHub\llmtornado\src\LlmTornado\Responses\ResponseTool.cs(1311,54): error CS1061: 'ResponseWebSearchTool' does not contain a definition for 'ReturnTokenBudget' and no accessible extension method 'ReturnTokenBudget' accepting a first argument of type 'ResponseWebSearchTool' could be found (are you missing a using directive or an assembly reference?) [C:\Users\lordo\Documents\GitHub\llmtornado\src\LlmTornado\LlmTornado.csproj::TargetFramework=net462]
C:\Users\lordo\Documents\GitHub\llmtornado\src\LlmTornado\Responses\ResponseTool.cs(1442,21): warning CS0472: The result of the expression is always 'true' since a value of type 'ResponseComputerEnvironment' is never equal to 'null' of type 'ResponseComputerEnvironment?' [C:\Users\lordo\Documents\GitHub\llmtornado\src\LlmTornado\LlmTornado.csproj::TargetFramework=net462]
C:\Users\lordo\Documents\GitHub\llmtornado\src\LlmTornado\ManagedAgents\Anthropic\AnthropicManagedAgentSessionsEndpoint.cs(130,70): warning CS8604: Possible null reference argument for parameter 'reader' in 'IAsyncEnumerable<ServerSentEvent> IEndpointProvider.InboundStream(StreamReader reader)'. [C:\Users\lordo\Documents\GitHub\llmtornado\src\LlmTornado\LlmTornado.csproj::TargetFramework=net462]
C:\Users\lordo\Documents\GitHub\llmtornado\src\LlmTornado\ManagedAgents\Anthropic\AnthropicManagedAgentSessionsEndpoint.cs(146,51): warning CS8604: Possible null reference argument for parameter 'arg' in 'Task Func<string, Task>.Invoke(string arg)'. [C:\Users\lordo\Documents\GitHub\llmtornado\src\LlmTornado\LlmTornado.csproj::TargetFramework=net462]
C:\Users\lordo\Documents\GitHub\llmtornado\src\LlmTornado\Files\Vendors\Google\VendorGoogleTornadoFile.cs(71,43): warning CS8618: Non-nullable property 'File' must contain a non-null value when exiting constructor. Consider adding the 'required' modifier or declaring the property as nullable. [C:\Users\lordo\Documents\GitHub\llmtornado\src\LlmTornado\LlmTornado.csproj::TargetFramework=net462]
C:\Users\lordo\Documents\GitHub\llmtornado\src\LlmTornado\Files\Vendors\Google\VendorGoogleTornadoFile.cs(12,19): warning CS8618: Non-nullable property 'Name' must contain a non-null value when exiting constructor. Consider adding the 'required' modifier or declaring the property as nullable. [C:\Users\lordo\Documents\GitHub\llmtornado\src\LlmTornado\LlmTornado.csproj::TargetFramework=net462]
C:\Users\lordo\Documents\GitHub\llmtornado\src\LlmTornado\Files\Vendors\Google\VendorGoogleTornadoFile.cs(15,19): warning CS8618: Non-nullable property 'MimeType' must contain a non-null value when exiting constructor. Consider adding the 'required' modifier or declaring the property as nullable. [C:\Users\lordo\Documents\GitHub\llmtornado\src\LlmTornado\LlmTornado.csproj::TargetFramework=net462]
C:\Users\lordo\Documents\GitHub\llmtornado\src\LlmTornado\Files\Vendors\Google\VendorGoogleTornadoFile.cs(30,19): warning CS8618: Non-nullable property 'Sha256hash' must contain a non-null value when exiting constructor. Consider adding the 'required' modifier or declaring the property as nullable. [C:\Users\lordo\Documents\GitHub\llmtornado\src\LlmTornado\LlmTornado.csproj::TargetFramework=net462]
C:\Users\lordo\Documents\GitHub\llmtornado\src\LlmTornado\Files\Vendors\Google\VendorGoogleTornadoFile.cs(33,19): warning CS8618: Non-nullable property 'Uri' must contain a non-null value when exiting constructor. Consider adding the 'required' modifier or declaring the property as nullable. [C:\Users\lordo\Documents\GitHub\llmtornado\src\LlmTornado\LlmTornado.csproj::TargetFramework=net462]
C:\Users\lordo\Documents\GitHub\llmtornado\src\LlmTornado\Files\Vendors\Google\VendorGoogleTornadoFile.cs(42,19): warning CS8618: Non-nullable property 'State' must contain a non-null value when exiting constructor. Consider adding the 'required' modifier or declaring the property as nullable. [C:\Users\lordo\Documents\GitHub\llmtornado\src\LlmTornado\LlmTornado.csproj::TargetFramework=net462]
C:\Users\lordo\Documents\GitHub\llmtornado\src\LlmTornado\Files\Vendors\Google\VendorGoogleTornadoFile.cs(45,19): warning CS8618: Non-nullable property 'Source' must contain a non-null value when exiting constructor. Consider adding the 'required' modifier or declaring the property as nullable. [C:\Users\lordo\Documents\GitHub\llmtornado\src\LlmTornado\LlmTornado.csproj::TargetFramework=net462]
C:\Users\lordo\Documents\GitHub\llmtornado\src\LlmTornado\Completions\CompletionResult.cs(93,50): warning CS8618: Non-nullable property 'Tokens' must contain a non-null value when exiting constructor. Consider adding the 'required' modifier or declaring the property as nullable. [C:\Users\lordo\Documents\GitHub\llmtornado\src\LlmTornado\LlmTornado.csproj::TargetFramework=net462]
C:\Users\lordo\Documents\GitHub\llmtornado\src\LlmTornado\Completions\CompletionResult.cs(95,59): warning CS8618: Non-nullable property 'TokenLogprobs' must contain a non-null value when exiting constructor. Consider adding the 'required' modifier or declaring the property as nullable. [C:\Users\lordo\Documents\GitHub\llmtornado\src\LlmTornado\LlmTornado.csproj::TargetFramework=net462]
C:\Users\lordo\Documents\GitHub\llmtornado\src\LlmTornado\Completions\CompletionResult.cs(97,78): warning CS8618: Non-nullable property 'TopLogprobs' must contain a non-null value when exiting constructor. Consider adding the 'required' modifier or declaring the property as nullable. [C:\Users\lordo\Documents\GitHub\llmtornado\src\LlmTornado\LlmTornado.csproj::TargetFramework=net462]
C:\Users\lordo\Documents\GitHub\llmtornado\src\LlmTornado\Completions\CompletionResult.cs(99,52): warning CS8618: Non-nullable property 'TextOffsets' must contain a non-null value when exiting constructor. Consider adding the 'required' modifier or declaring the property as nullable. [C:\Users\lordo\Documents\GitHub\llmtornado\src\LlmTornado\LlmTornado.csproj::TargetFramework=net462]
C:\Users\lordo\Documents\GitHub\llmtornado\src\LlmTornado\Completions\CompletionResult.cs(66,19): warning CS8618: Non-nullable property 'Id' must contain a non-null value when exiting constructor. Consider adding the 'required' modifier or declaring the property as nullable. [C:\Users\lordo\Documents\GitHub\llmtornado\src\LlmTornado\LlmTornado.csproj::TargetFramework=net462]
C:\Users\lordo\Documents\GitHub\llmtornado\src\LlmTornado\Completions\CompletionResult.cs(72,25): warning CS8618: Non-nullable property 'Completions' must contain a non-null value when exiting constructor. Consider adding the 'required' modifier or declaring the property as nullable. [C:\Users\lordo\Documents\GitHub\llmtornado\src\LlmTornado\LlmTornado.csproj::TargetFramework=net462]
C:\Users\lordo\Documents\GitHub\llmtornado\src\LlmTornado\Completions\CompletionResult.cs(78,28): warning CS8618: Non-nullable property 'Usage' must contain a non-null value when exiting constructor. Consider adding the 'required' modifier or declaring the property as nullable. [C:\Users\lordo\Documents\GitHub\llmtornado\src\LlmTornado\LlmTornado.csproj::TargetFramework=net462]
C:\Users\lordo\Documents\GitHub\llmtornado\src\LlmTornado\Completions\CompletionResult.cs(15,19): warning CS8618: Non-nullable property 'Text' must contain a non-null value when exiting constructor. Consider adding the 'required' modifier or declaring the property as nullable. [C:\Users\lordo\Documents\GitHub\llmtornado\src\LlmTornado\LlmTornado.csproj::TargetFramework=net462]
C:\Users\lordo\Documents\GitHub\llmtornado\src\LlmTornado\Completions\CompletionResult.cs(28,21): warning CS8618: Non-nullable property 'Logprobs' must contain a non-null value when exiting constructor. Consider adding the 'required' modifier or declaring the property as nullable. [C:\Users\lordo\Documents\GitHub\llmtornado\src\LlmTornado\LlmTornado.csproj::TargetFramework=net462]
C:\Users\lordo\Documents\GitHub\llmtornado\src\LlmTornado\Completions\CompletionResult.cs(34,19): warning CS8618: Non-nullable property 'FinishReason' must contain a non-null value when exiting constructor. Consider adding the 'required' modifier or declaring the property as nullable. [C:\Users\lordo\Documents\GitHub\llmtornado\src\LlmTornado\LlmTornado.csproj::TargetFramework=net462]
C:\Users\lordo\Documents\GitHub\llmtornado\src\LlmTornado\Completions\CompletionRequest.cs(17,9): warning CS8618: Non-nullable property 'MultiplePrompts' must contain a non-null value when exiting constructor. Consider adding the 'required' modifier or declaring the property as nullable. [C:\Users\lordo\Documents\GitHub\llmtornado\src\LlmTornado\LlmTornado.csproj::TargetFramework=net462]
C:\Users\lordo\Documents\GitHub\llmtornado\src\LlmTornado\Completions\CompletionRequest.cs(17,9): warning CS8618: Non-nullable property 'Suffix' must contain a non-null value when exiting constructor. Consider adding the 'required' modifier or declaring the property as nullable. [C:\Users\lordo\Documents\GitHub\llmtornado\src\LlmTornado\LlmTornado.csproj::TargetFramework=net462]
C:\Users\lordo\Documents\GitHub\llmtornado\src\LlmTornado\Completions\CompletionRequest.cs(17,9): warning CS8618: Non-nullable property 'MultipleStopSequences' must contain a non-null value when exiting constructor. Consider adding the 'required' modifier or declaring the property as nullable. [C:\Users\lordo\Documents\GitHub\llmtornado\src\LlmTornado\LlmTornado.csproj::TargetFramework=net462]
C:\Users\lordo\Documents\GitHub\llmtornado\src\LlmTornado\Completions\CompletionRequest.cs(17,9): warning CS8618: Non-nullable property 'user' must contain a non-null value when exiting constructor. Consider adding the 'required' modifier or declaring the property as nullable. [C:\Users\lordo\Documents\GitHub\llmtornado\src\LlmTornado\LlmTornado.csproj::TargetFramework=net462]
C:\Users\lordo\Documents\GitHub\llmtornado\src\LlmTornado\Completions\CompletionRequest.cs(48,9): warning CS8618: Non-nullable property 'Suffix' must contain a non-null value when exiting constructor. Consider adding the 'required' modifier or declaring the property as nullable. [C:\Users\lordo\Documents\GitHub\llmtornado\src\LlmTornado\LlmTornado.csproj::TargetFramework=net462]
C:\Users\lordo\Documents\GitHub\llmtornado\src\LlmTornado\Completions\CompletionRequest.cs(48,9): warning CS8618: Non-nullable property 'MultipleStopSequences' must contain a non-null value when exiting constructor. Consider adding the 'required' modifier or declaring the property as nullable. [C:\Users\lordo\Documents\GitHub\llmtornado\src\LlmTornado\LlmTornado.csproj::TargetFramework=net462]
C:\Users\lordo\Documents\GitHub\llmtornado\src\LlmTornado\Completions\CompletionRequest.cs(48,9): warning CS8618: Non-nullable property 'user' must contain a non-null value when exiting constructor. Consider adding the 'required' modifier or declaring the property as nullable. [C:\Users\lordo\Documents\GitHub\llmtornado\src\LlmTornado\LlmTornado.csproj::TargetFramework=net462]
C:\Users\lordo\Documents\GitHub\llmtornado\src\LlmTornado\Completions\CompletionRequest.cs(107,17): warning CS8604: Possible null reference argument for parameter 'model' in 'Model.implicit operator string(Model model)'. [C:\Users\lordo\Documents\GitHub\llmtornado\src\LlmTornado\LlmTornado.csproj::TargetFramework=net462]
C:\Users\lordo\Documents\GitHub\llmtornado\src\LlmTornado\Completions\CompletionRequest.cs(111,18): warning CS8601: Possible null reference assignment. [C:\Users\lordo\Documents\GitHub\llmtornado\src\LlmTornado\LlmTornado.csproj::TargetFramework=net462]
C:\Users\lordo\Documents\GitHub\llmtornado\src\LlmTornado\Completions\CompletionRequest.cs(93,9): warning CS8618: Non-nullable property 'MultiplePrompts' must contain a non-null value when exiting constructor. Consider adding the 'required' modifier or declaring the property as nullable. [C:\Users\lordo\Documents\GitHub\llmtornado\src\LlmTornado\LlmTornado.csproj::TargetFramework=net462]
C:\Users\lordo\Documents\GitHub\llmtornado\src\LlmTornado\Completions\CompletionRequest.cs(93,9): warning CS8618: Non-nullable property 'Suffix' must contain a non-null value when exiting constructor. Consider adding the 'required' modifier or declaring the property as nullable. [C:\Users\lordo\Documents\GitHub\llmtornado\src\LlmTornado\LlmTornado.csproj::TargetFramework=net462]
C:\Users\lordo\Documents\GitHub\llmtornado\src\LlmTornado\Interactions\Interaction.cs(63,20): warning CS0108: 'Interaction.Created' hides inherited member 'ApiResultBase.Created'. Use the new keyword if hiding was intended. [C:\Users\lordo\Documents\GitHub\llmtornado\src\LlmTornado\LlmTornado.csproj::TargetFramework=netstandard2.0]
C:\Users\lordo\Documents\GitHub\llmtornado\src\LlmTornado\Completions\CompletionRequest.cs(93,9): warning CS8618: Non-nullable property 'user' must contain a non-null value when exiting constructor. Consider adding the 'required' modifier or declaring the property as nullable. [C:\Users\lordo\Documents\GitHub\llmtornado\src\LlmTornado\LlmTornado.csproj::TargetFramework=net462]
C:\Users\lordo\Documents\GitHub\llmtornado\src\LlmTornado\Completions\CompletionRequest.cs(138,20): warning CS8603: Possible null reference return. [C:\Users\lordo\Documents\GitHub\llmtornado\src\LlmTornado\LlmTornado.csproj::TargetFramework=net462]
C:\Users\lordo\Documents\GitHub\llmtornado\src\LlmTornado\Files\Vendors\Anthropic\VendorAnthropicTornadoFile.cs(20,19): warning CS8618: Non-nullable property 'Id' must contain a non-null value when exiting constructor. Consider adding the 'required' modifier or declaring the property as nullable. [C:\Users\lordo\Documents\GitHub\llmtornado\src\LlmTornado\LlmTornado.csproj::TargetFramework=net462]
C:\Users\lordo\Documents\GitHub\llmtornado\src\LlmTornado\Files\Vendors\Anthropic\VendorAnthropicTornadoFile.cs(26,19): warning CS8618: Non-nullable property 'Name' must contain a non-null value when exiting constructor. Consider adding the 'required' modifier or declaring the property as nullable. [C:\Users\lordo\Documents\GitHub\llmtornado\src\LlmTornado\LlmTornado.csproj::TargetFramework=net462]
C:\Users\lordo\Documents\GitHub\llmtornado\src\LlmTornado\Files\Vendors\Anthropic\VendorAnthropicTornadoFile.cs(38,19): warning CS8618: Non-nullable property 'CreatedAt' must contain a non-null value when exiting constructor. Consider adding the 'required' modifier or declaring the property as nullable. [C:\Users\lordo\Documents\GitHub\llmtornado\src\LlmTornado\LlmTornado.csproj::TargetFramework=net462]
C:\Users\lordo\Documents\GitHub\llmtornado\src\LlmTornado\Completions\CompletionRequest.cs(241,20): warning CS8603: Possible null reference return. [C:\Users\lordo\Documents\GitHub\llmtornado\src\LlmTornado\LlmTornado.csproj::TargetFramework=net462]
C:\Users\lordo\Documents\GitHub\llmtornado\src\LlmTornado\Files\TornadoPagingList.cs(13,20): warning CS8618: Non-nullable property 'Items' must contain a non-null value when exiting constructor. Consider adding the 'required' modifier or declaring the property as nullable. [C:\Users\lordo\Documents\GitHub\llmtornado\src\LlmTornado\LlmTornado.csproj::TargetFramework=net462]
C:\Users\lordo\Documents\GitHub\llmtornado\src\LlmTornado\Completions\CompletionRequest.cs(260,16): warning CS8603: Possible null reference return. [C:\Users\lordo\Documents\GitHub\llmtornado\src\LlmTornado\LlmTornado.csproj::TargetFramework=net462]
C:\Users\lordo\Documents\GitHub\llmtornado\src\LlmTornado\Files\TornadoFile.cs(23,19): warning CS8618: Non-nullable property 'Id' must contain a non-null value when exiting constructor. Consider adding the 'required' modifier or declaring the property as nullable. [C:\Users\lordo\Documents\GitHub\llmtornado\src\LlmTornado\LlmTornado.csproj::TargetFramework=net462]
C:\Users\lordo\Documents\GitHub\llmtornado\src\LlmTornado\Embedding\Vendors\Voyage\VendorVoyageEmbeddingRequest.cs(190,19): warning CS8618: Non-nullable property 'Type' must contain a non-null value when exiting constructor. Consider adding the 'required' modifier or declaring the property as nullable. [C:\Users\lordo\Documents\GitHub\llmtornado\src\LlmTornado\LlmTornado.csproj::TargetFramework=net462]
C:\Users\lordo\Documents\GitHub\llmtornado\src\LlmTornado\Chat\Vendors\Google\VendorGoogleChatRequest.cs(1290,16): warning CS8618: Non-nullable property 'Name' must contain a non-null value when exiting constructor. Consider adding the 'required' modifier or declaring the property as nullable. [C:\Users\lordo\Documents\GitHub\llmtornado\src\LlmTornado\LlmTornado.csproj::TargetFramework=net462]
C:\Users\lordo\Documents\GitHub\llmtornado\src\LlmTornado\Chat\Vendors\Google\VendorGoogleChatRequest.cs(1290,16): warning CS8618: Non-nullable property 'Description' must contain a non-null value when exiting constructor. Consider adding the 'required' modifier or declaring the property as nullable. [C:\Users\lordo\Documents\GitHub\llmtornado\src\LlmTornado\LlmTornado.csproj::TargetFramework=net462]
C:\Users\lordo\Documents\GitHub\llmtornado\src\LlmTornado\EndpointBase.cs(124,30): warning CS0168: The variable 'e' is declared but never used [C:\Users\lordo\Documents\GitHub\llmtornado\src\LlmTornado\LlmTornado.csproj::TargetFramework=net462]
C:\Users\lordo\Documents\GitHub\llmtornado\src\LlmTornado\Files\OpenAiInputFileTypes.cs(59,20): warning CS8602: Dereference of a possibly null reference. [C:\Users\lordo\Documents\GitHub\llmtornado\src\LlmTornado\LlmTornado.csproj::TargetFramework=net462]
C:\Users\lordo\Documents\GitHub\llmtornado\src\LlmTornado\Files\OpenAiInputFileTypes.cs(74,64): warning CS8604: Possible null reference argument for parameter 'extensionOrFileName' in 'string OpenAiInputFileTypes.NormalizeExtension(string extensionOrFileName)'. [C:\Users\lordo\Documents\GitHub\llmtornado\src\LlmTornado\LlmTornado.csproj::TargetFramework=net462]
C:\Users\lordo\Documents\GitHub\llmtornado\src\LlmTornado\Vendor\Anthropic\AnthropicEndpointProvider.cs(685,29): warning CS8602: Dereference of a possibly null reference. [C:\Users\lordo\Documents\GitHub\llmtornado\src\LlmTornado\LlmTornado.csproj::TargetFramework=net462]
C:\Users\lordo\Documents\GitHub\llmtornado\src\LlmTornado\Vendor\Anthropic\AnthropicEndpointProvider.cs(916,17): error CS0103: The name 'RequiresEffortHeader' does not exist in the current context [C:\Users\lordo\Documents\GitHub\llmtornado\src\LlmTornado\LlmTornado.csproj::TargetFramework=net462]
C:\Users\lordo\Documents\GitHub\llmtornado\src\LlmTornado\Responses\ResponseTool.cs(1308,25): error CS1061: 'ResponseWebSearchTool' does not contain a definition for 'ReturnTokenBudget' and no accessible extension method 'ReturnTokenBudget' accepting a first argument of type 'ResponseWebSearchTool' could be found (are you missing a using directive or an assembly reference?) [C:\Users\lordo\Documents\GitHub\llmtornado\src\LlmTornado\LlmTornado.csproj::TargetFramework=net8.0]
C:\Users\lordo\Documents\GitHub\llmtornado\src\LlmTornado\Vendor\Anthropic\AnthropicEndpointProvider.cs(951,17): error CS0103: The name 'RequiresCacheDiagnosticsHeader' does not exist in the current context [C:\Users\lordo\Documents\GitHub\llmtornado\src\LlmTornado\LlmTornado.csproj::TargetFramework=net462]
C:\Users\lordo\Documents\GitHub\llmtornado\src\LlmTornado\Vendor\Anthropic\AnthropicEndpointProvider.cs(995,21): warning CS8600: Converting null literal or possible null value to non-nullable type. [C:\Users\lordo\Documents\GitHub\llmtornado\src\LlmTornado\LlmTornado.csproj::TargetFramework=net462]
C:\Users\lordo\Documents\GitHub\llmtornado\src\LlmTornado\Vendor\Anthropic\AnthropicEndpointProvider.cs(997,21): warning CS8600: Converting null literal or possible null value to non-nullable type. [C:\Users\lordo\Documents\GitHub\llmtornado\src\LlmTornado\LlmTornado.csproj::TargetFramework=net462]
C:\Users\lordo\Documents\GitHub\llmtornado\src\LlmTornado\Vendor\Anthropic\AnthropicEndpointProvider.cs(999,21): warning CS8600: Converting null literal or possible null value to non-nullable type. [C:\Users\lordo\Documents\GitHub\llmtornado\src\LlmTornado\LlmTornado.csproj::TargetFramework=net462]
C:\Users\lordo\Documents\GitHub\llmtornado\src\LlmTornado\Vendor\Anthropic\AnthropicEndpointProvider.cs(1001,21): warning CS8600: Converting null literal or possible null value to non-nullable type. [C:\Users\lordo\Documents\GitHub\llmtornado\src\LlmTornado\LlmTornado.csproj::TargetFramework=net462]
C:\Users\lordo\Documents\GitHub\llmtornado\src\LlmTornado\Vendor\Anthropic\AnthropicEndpointProvider.cs(218,44): warning CS8618: Non-nullable property 'Delta' must contain a non-null value when exiting constructor. Consider adding the 'required' modifier or declaring the property as nullable. [C:\Users\lordo\Documents\GitHub\llmtornado\src\LlmTornado\LlmTornado.csproj::TargetFramework=net462]
C:\Users\lordo\Documents\GitHub\llmtornado\src\LlmTornado\Ocr\OcrResult.cs(21,20): warning CS0108: 'OcrResult.Model' hides inherited member 'ApiResultBase.Model'. Use the new keyword if hiding was intended. [C:\Users\lordo\Documents\GitHub\llmtornado\src\LlmTornado\LlmTornado.csproj::TargetFramework=netstandard2.0]
C:\Users\lordo\Documents\GitHub\llmtornado\src\LlmTornado\Vendor\Anthropic\AnthropicEndpointProvider.cs(221,45): warning CS8618: Non-nullable property 'Usage' must contain a non-null value when exiting constructor. Consider adding the 'required' modifier or declaring the property as nullable. [C:\Users\lordo\Documents\GitHub\llmtornado\src\LlmTornado\LlmTornado.csproj::TargetFramework=net462]
C:\Users\lordo\Documents\GitHub\llmtornado\src\LlmTornado\Vendor\Anthropic\AnthropicEndpointProvider.cs(212,42): warning CS8618: Non-nullable property 'Message' must contain a non-null value when exiting constructor. Consider adding the 'required' modifier or declaring the property as nullable. [C:\Users\lordo\Documents\GitHub\llmtornado\src\LlmTornado\LlmTornado.csproj::TargetFramework=net462]
C:\Users\lordo\Documents\GitHub\llmtornado\src\LlmTornado\Vendor\Anthropic\AnthropicEndpointProvider.cs(191,23): warning CS8618: Non-nullable property 'Type' must contain a non-null value when exiting constructor. Consider adding the 'required' modifier or declaring the property as nullable. [C:\Users\lordo\Documents\GitHub\llmtornado\src\LlmTornado\LlmTornado.csproj::TargetFramework=net462]
C:\Users\lordo\Documents\GitHub\llmtornado\src\LlmTornado\Vendor\Anthropic\AnthropicEndpointProvider.cs(169,27): warning CS8618: Non-nullable property 'Type' must contain a non-null value when exiting constructor. Consider adding the 'required' modifier or declaring the property as nullable. [C:\Users\lordo\Documents\GitHub\llmtornado\src\LlmTornado\LlmTornado.csproj::TargetFramework=net462]
C:\Users\lordo\Documents\GitHub\llmtornado\src\LlmTornado\Vendor\Anthropic\AnthropicEndpointProvider.cs(172,27): warning CS8618: Non-nullable property 'Text' must contain a non-null value when exiting constructor. Consider adding the 'required' modifier or declaring the property as nullable. [C:\Users\lordo\Documents\GitHub\llmtornado\src\LlmTornado\LlmTornado.csproj::TargetFramework=net462]
C:\Users\lordo\Documents\GitHub\llmtornado\src\LlmTornado\Vendor\Anthropic\AnthropicEndpointProvider.cs(140,46): warning CS8618: Non-nullable property 'ContentBlock' must contain a non-null value when exiting constructor. Consider adding the 'required' modifier or declaring the property as nullable. [C:\Users\lordo\Documents\GitHub\llmtornado\src\LlmTornado\LlmTornado.csproj::TargetFramework=net462]
C:\Users\lordo\Documents\GitHub\llmtornado\src\LlmTornado\Responses\ResponseTextFormatConfiguration.cs(104,12): warning CS8618: Non-nullable property 'Name' must contain a non-null value when exiting constructor. Consider adding the 'required' modifier or declaring the property as nullable. [C:\Users\lordo\Documents\GitHub\llmtornado\src\LlmTornado\LlmTornado.csproj::TargetFramework=net462]
C:\Users\lordo\Documents\GitHub\llmtornado\src\LlmTornado\Vendor\Anthropic\AnthropicEndpointProvider.cs(113,27): warning CS8618: Non-nullable property 'Type' must contain a non-null value when exiting constructor. Consider adding the 'required' modifier or declaring the property as nullable. [C:\Users\lordo\Documents\GitHub\llmtornado\src\LlmTornado\LlmTornado.csproj::TargetFramework=net462]
C:\Users\lordo\Documents\GitHub\llmtornado\src\LlmTornado\Vendor\Anthropic\AnthropicEndpointProvider.cs(116,27): warning CS8618: Non-nullable property 'Text' must contain a non-null value when exiting constructor. Consider adding the 'required' modifier or declaring the property as nullable. [C:\Users\lordo\Documents\GitHub\llmtornado\src\LlmTornado\LlmTornado.csproj::TargetFramework=net462]
C:\Users\lordo\Documents\GitHub\llmtornado\src\LlmTornado\Interactions\InteractionsEndpoint.cs(317,39): warning CS8604: Possible null reference argument for parameter 'arg' in 'ValueTask Func<string, ValueTask>.Invoke(string arg)'. [C:\Users\lordo\Documents\GitHub\llmtornado\src\LlmTornado\LlmTornado.csproj::TargetFramework=net462]
C:\Users\lordo\Documents\GitHub\llmtornado\src\LlmTornado\Interactions\InteractionsEndpoint.cs(322,42): warning CS8604: Possible null reference argument for parameter 'arg' in 'ValueTask Func<string, ValueTask>.Invoke(string arg)'. [C:\Users\lordo\Documents\GitHub\llmtornado\src\LlmTornado\LlmTornado.csproj::TargetFramework=net462]
C:\Users\lordo\Documents\GitHub\llmtornado\src\LlmTornado\Interactions\InteractionsEndpoint.cs(330,44): warning CS8604: Possible null reference argument for parameter 'arg' in 'ValueTask Func<string, ValueTask>.Invoke(string arg)'. [C:\Users\lordo\Documents\GitHub\llmtornado\src\LlmTornado\LlmTornado.csproj::TargetFramework=net462]
C:\Users\lordo\Documents\GitHub\llmtornado\src\LlmTornado\Images\Vendors\Google\VendorGoogleImageResult.cs(19,23): warning CS8618: Non-nullable property 'BytesBase64Encoded' must contain a non-null value when exiting constructor. Consider adding the 'required' modifier or declaring the property as nullable. [C:\Users\lordo\Documents\GitHub\llmtornado\src\LlmTornado\LlmTornado.csproj::TargetFramework=net462]
C:\Users\lordo\Documents\GitHub\llmtornado\src\LlmTornado\Images\Vendors\Google\VendorGoogleImageResult.cs(22,23): warning CS8618: Non-nullable property 'MimeType' must contain a non-null value when exiting constructor. Consider adding the 'required' modifier or declaring the property as nullable. [C:\Users\lordo\Documents\GitHub\llmtornado\src\LlmTornado\LlmTornado.csproj::TargetFramework=net462]
C:\Users\lordo\Documents\GitHub\llmtornado\src\LlmTornado\Embedding\Vendors\Google\VendorGoogleEmbeddingResult.cs(15,24): warning CS8618: Non-nullable property 'Values' must contain a non-null value when exiting constructor. Consider adding the 'required' modifier or declaring the property as nullable. [C:\Users\lordo\Documents\GitHub\llmtornado\src\LlmTornado\LlmTornado.csproj::TargetFramework=net462]
C:\Users\lordo\Documents\GitHub\llmtornado\src\LlmTornado\Responses\ResponsesWebSocketConnection.cs(85,33): error CS0117: 'ObjectDisposedException' does not contain a definition for 'ThrowIf' [C:\Users\lordo\Documents\GitHub\llmtornado\src\LlmTornado\LlmTornado.csproj::TargetFramework=net462]
C:\Users\lordo\Documents\GitHub\llmtornado\src\LlmTornado\Images\Vendors\Google\VendorGoogleImageRequest.cs(124,26): warning CS8601: Possible null reference assignment. [C:\Users\lordo\Documents\GitHub\llmtornado\src\LlmTornado\LlmTornado.csproj::TargetFramework=net462]
C:\Users\lordo\Documents\GitHub\llmtornado\src\LlmTornado\Responses\ResponsesWebSocketConnection.cs(205,14): error CS1501: No overload for method 'Replace' takes 3 arguments [C:\Users\lordo\Documents\GitHub\llmtornado\src\LlmTornado\LlmTornado.csproj::TargetFramework=net462]
C:\Users\lordo\Documents\GitHub\llmtornado\src\LlmTornado\Responses\ResponsesWebSocketConnection.cs(206,14): error CS1501: No overload for method 'Replace' takes 3 arguments [C:\Users\lordo\Documents\GitHub\llmtornado\src\LlmTornado\LlmTornado.csproj::TargetFramework=net462]
C:\Users\lordo\Documents\GitHub\llmtornado\src\LlmTornado\Responses\ResponsesWebSocketConnection.cs(200,20): warning CS8603: Possible null reference return. [C:\Users\lordo\Documents\GitHub\llmtornado\src\LlmTornado\LlmTornado.csproj::TargetFramework=net462]
C:\Users\lordo\Documents\GitHub\llmtornado\src\LlmTornado\Images\Vendors\Google\VendorGoogleImageRequest.cs(24,23): warning CS8618: Non-nullable property 'Prompt' must contain a non-null value when exiting constructor. Consider adding the 'required' modifier or declaring the property as nullable. [C:\Users\lordo\Documents\GitHub\llmtornado\src\LlmTornado\LlmTornado.csproj::TargetFramework=net462]
C:\Users\lordo\Documents\GitHub\llmtornado\src\LlmTornado\Responses\ResponsesWebSocketConnection.cs(228,36): error CS1503: Argument 1: cannot convert from 'object' to 'string' [C:\Users\lordo\Documents\GitHub\llmtornado\src\LlmTornado\LlmTornado.csproj::TargetFramework=net462]
C:\Users\lordo\Documents\GitHub\llmtornado\src\LlmTornado\Responses\ConversationResult.cs(17,19): warning CS8618: Non-nullable property 'Id' must contain a non-null value when exiting constructor. Consider adding the 'required' modifier or declaring the property as nullable. [C:\Users\lordo\Documents\GitHub\llmtornado\src\LlmTornado\LlmTornado.csproj::TargetFramework=net462]
C:\Users\lordo\Documents\GitHub\llmtornado\src\LlmTornado\Chat\Vendors\Google\VendorGoogleChatRequest.cs(1244,18): warning CS8618: Non-nullable property 'Category' must contain a non-null value when exiting constructor. Consider adding the 'required' modifier or declaring the property as nullable. [C:\Users\lordo\Documents\GitHub\llmtornado\src\LlmTornado\LlmTornado.csproj::TargetFramework=net462]
C:\Users\lordo\Documents\GitHub\llmtornado\src\LlmTornado\Chat\Vendors\Google\VendorGoogleChatRequest.cs(1244,18): warning CS8618: Non-nullable property 'Threshold' must contain a non-null value when exiting constructor. Consider adding the 'required' modifier or declaring the property as nullable. [C:\Users\lordo\Documents\GitHub\llmtornado\src\LlmTornado\LlmTornado.csproj::TargetFramework=net462]
C:\Users\lordo\Documents\GitHub\llmtornado\src\LlmTornado\Code\Legacy.cs(94,28): warning CS8600: Converting null literal or possible null value to non-nullable type. [C:\Users\lordo\Documents\GitHub\llmtornado\src\LlmTornado\LlmTornado.csproj::TargetFramework=net462]
C:\Users\lordo\Documents\GitHub\llmtornado\src\LlmTornado\Code\Legacy.cs(158,24): warning CS8603: Possible null reference return. [C:\Users\lordo\Documents\GitHub\llmtornado\src\LlmTornado\LlmTornado.csproj::TargetFramework=net462]
C:\Users\lordo\Documents\GitHub\llmtornado\src\LlmTornado\Code\Legacy.cs(165,24): warning CS8603: Possible null reference return. [C:\Users\lordo\Documents\GitHub\llmtornado\src\LlmTornado\LlmTornado.csproj::TargetFramework=net462]
C:\Users\lordo\Documents\GitHub\llmtornado\src\LlmTornado\Code\Legacy.cs(172,24): warning CS8603: Possible null reference return. [C:\Users\lordo\Documents\GitHub\llmtornado\src\LlmTornado\LlmTornado.csproj::TargetFramework=net462]
C:\Users\lordo\Documents\GitHub\llmtornado\src\LlmTornado\Code\Legacy.cs(184,24): warning CS8603: Possible null reference return. [C:\Users\lordo\Documents\GitHub\llmtornado\src\LlmTornado\LlmTornado.csproj::TargetFramework=net462]
C:\Users\lordo\Documents\GitHub\llmtornado\src\LlmTornado\Code\Legacy.cs(192,24): warning CS8603: Possible null reference return. [C:\Users\lordo\Documents\GitHub\llmtornado\src\LlmTornado\LlmTornado.csproj::TargetFramework=net462]
C:\Users\lordo\Documents\GitHub\llmtornado\src\LlmTornado\Code\Legacy.cs(204,24): warning CS8603: Possible null reference return. [C:\Users\lordo\Documents\GitHub\llmtornado\src\LlmTornado\LlmTornado.csproj::TargetFramework=net462]
C:\Users\lordo\Documents\GitHub\llmtornado\src\LlmTornado\Code\Legacy.cs(217,24): warning CS8603: Possible null reference return. [C:\Users\lordo\Documents\GitHub\llmtornado\src\LlmTornado\LlmTornado.csproj::TargetFramework=net462]
C:\Users\lordo\Documents\GitHub\llmtornado\src\LlmTornado\Code\Legacy.cs(225,24): warning CS8603: Possible null reference return. [C:\Users\lordo\Documents\GitHub\llmtornado\src\LlmTornado\LlmTornado.csproj::TargetFramework=net462]
C:\Users\lordo\Documents\GitHub\llmtornado\src\LlmTornado\Code\Legacy.cs(232,24): warning CS8603: Possible null reference return. [C:\Users\lordo\Documents\GitHub\llmtornado\src\LlmTornado\LlmTornado.csproj::TargetFramework=net462]
C:\Users\lordo\Documents\GitHub\llmtornado\src\LlmTornado\Responses\ResponsesSession.cs(26,30): warning CS8618: Non-nullable property 'Endpoint' must contain a non-null value when exiting constructor. Consider adding the 'required' modifier or declaring the property as nullable. [C:\Users\lordo\Documents\GitHub\llmtornado\src\LlmTornado\LlmTornado.csproj::TargetFramework=net462]
C:\Users\lordo\Documents\GitHub\llmtornado\src\LlmTornado\Code\Sse\Helpers.cs(15,19): warning CS0219: The variable 'MaxDecimalDigits' is assigned but its value is never used [C:\Users\lordo\Documents\GitHub\llmtornado\src\LlmTornado\LlmTornado.csproj::TargetFramework=net462]
C:\Users\lordo\Documents\GitHub\llmtornado\src\LlmTornado\FineTuning\CreateFineTuneJobRequest.cs(12,27): warning CS8601: Possible null reference assignment. [C:\Users\lordo\Documents\GitHub\llmtornado\src\LlmTornado\LlmTornado.csproj::TargetFramework=net462]
C:\Users\lordo\Documents\GitHub\llmtornado\src\LlmTornado\FineTuning\CreateFineTuneJobRequest.cs(13,18): warning CS8601: Possible null reference assignment. [C:\Users\lordo\Documents\GitHub\llmtornado\src\LlmTornado\LlmTornado.csproj::TargetFramework=net462]
C:\Users\lordo\Documents\GitHub\llmtornado\src\LlmTornado\FineTuning\CreateFineTuneJobRequest.cs(14,28): warning CS8601: Possible null reference assignment. [C:\Users\lordo\Documents\GitHub\llmtornado\src\LlmTornado\LlmTornado.csproj::TargetFramework=net462]
C:\Users\lordo\Documents\GitHub\llmtornado\src\LlmTornado\FineTuning\CreateFineTuneJobRequest.cs(8,12): warning CS8618: Non-nullable property 'HyperParameters' must contain a non-null value when exiting constructor. Consider adding the 'required' modifier or declaring the property as nullable. [C:\Users\lordo\Documents\GitHub\llmtornado\src\LlmTornado\LlmTornado.csproj::TargetFramework=net462]
C:\Users\lordo\Documents\GitHub\llmtornado\src\LlmTornado\FineTuning\CreateFineTuneJobRequest.cs(8,12): warning CS8618: Non-nullable property 'Suffix' must contain a non-null value when exiting constructor. Consider adding the 'required' modifier or declaring the property as nullable. [C:\Users\lordo\Documents\GitHub\llmtornado\src\LlmTornado\LlmTornado.csproj::TargetFramework=net462]
C:\Users\lordo\Documents\GitHub\llmtornado\src\LlmTornado\FineTuning\CreateFineTuneJobRequest.cs(8,12): warning CS8618: Non-nullable property 'ValidationFileId' must contain a non-null value when exiting constructor. Consider adding the 'required' modifier or declaring the property as nullable. [C:\Users\lordo\Documents\GitHub\llmtornado\src\LlmTornado\LlmTornado.csproj::TargetFramework=net462]
C:\Users\lordo\Documents\GitHub\llmtornado\src\LlmTornado\Code\Models\ModelBase.cs(114,19): warning CS8618: Non-nullable property 'Name' must contain a non-null value when exiting constructor. Consider adding the 'required' modifier or declaring the property as nullable. [C:\Users\lordo\Documents\GitHub\llmtornado\src\LlmTornado\LlmTornado.csproj::TargetFramework=net462]
C:\Users\lordo\Documents\GitHub\llmtornado\src\LlmTornado\Code\Models\ModelBase.cs(173,19): warning CS8618: Non-nullable property 'Object' must contain a non-null value when exiting constructor. Consider adding the 'required' modifier or declaring the property as nullable. [C:\Users\lordo\Documents\GitHub\llmtornado\src\LlmTornado\LlmTornado.csproj::TargetFramework=net462]
C:\Users\lordo\Documents\GitHub\llmtornado\src\LlmTornado\Images\Models\OpenAi\ImageModelOpenAi.cs(61,11): warning CS0618: 'ImageModelOpenAiDalle' is obsolete: 'DALL·E models were removed from the OpenAI API on May 12, 2026. Use ImageModelOpenAiGpt instead.' [C:\Users\lordo\Documents\GitHub\llmtornado\src\LlmTornado\LlmTornado.csproj::TargetFramework=net462]
C:\Users\lordo\Documents\GitHub\llmtornado\src\LlmTornado\Chat\Vendors\Google\VendorGoogleChatRequest.cs(1115,18): warning CS0219: The variable 'roleSolved' is assigned but its value is never used [C:\Users\lordo\Documents\GitHub\llmtornado\src\LlmTornado\LlmTornado.csproj::TargetFramework=net462]
C:\Users\lordo\Documents\GitHub\llmtornado\src\LlmTornado\Chat\Vendors\Google\VendorGoogleChatRequest.cs(919,23): warning CS8618: Non-nullable property 'FileUri' must contain a non-null value when exiting constructor. Consider adding the 'required' modifier or declaring the property as nullable. [C:\Users\lordo\Documents\GitHub\llmtornado\src\LlmTornado\LlmTornado.csproj::TargetFramework=net462]
C:\Users\lordo\Documents\GitHub\llmtornado\src\LlmTornado\Chat\Vendors\Google\VendorGoogleChatRequest.cs(892,23): warning CS8618: Non-nullable property 'Code' must contain a non-null value when exiting constructor. Consider adding the 'required' modifier or declaring the property as nullable. [C:\Users\lordo\Documents\GitHub\llmtornado\src\LlmTornado\LlmTornado.csproj::TargetFramework=net462]
C:\Users\lordo\Documents\GitHub\llmtornado\src\LlmTornado\Code\PartialModels.cs(2898,30): warning CS8601: Possible null reference assignment. [C:\Users\lordo\Documents\GitHub\llmtornado\src\LlmTornado\LlmTornado.csproj::TargetFramework=net462]
C:\Users\lordo\Documents\GitHub\llmtornado\src\LlmTornado\Code\PartialModels.cs(2899,29): warning CS8601: Possible null reference assignment. [C:\Users\lordo\Documents\GitHub\llmtornado\src\LlmTornado\LlmTornado.csproj::TargetFramework=net462]
C:\Users\lordo\Documents\GitHub\llmtornado\src\LlmTornado\Code\PartialModels.cs(2726,19): warning CS8618: Non-nullable property 'Source' must contain a non-null value when exiting constructor. Consider adding the 'required' modifier or declaring the property as nullable. [C:\Users\lordo\Documents\GitHub\llmtornado\src\LlmTornado\LlmTornado.csproj::TargetFramework=net462]
C:\Users\lordo\Documents\GitHub\llmtornado\src\LlmTornado\Images\ImageSize.cs(332,30): warning CS8765: Nullability of type of parameter 'value' doesn't match overridden member (possibly because of nullability attributes). [C:\Users\lordo\Documents\GitHub\llmtornado\src\LlmTornado\LlmTornado.csproj::TargetFramework=netstandard2.0]
C:\Users\lordo\Documents\GitHub\llmtornado\src\LlmTornado\Code\PartialModels.cs(2732,19): warning CS8618: Non-nullable property 'Title' must contain a non-null value when exiting constructor. Consider adding the 'required' modifier or declaring the property as nullable. [C:\Users\lordo\Documents\GitHub\llmtornado\src\LlmTornado\LlmTornado.csproj::TargetFramework=net462]
C:\Users\lordo\Documents\GitHub\llmtornado\src\LlmTornado\Code\PartialModels.cs(2699,19): warning CS8618: Non-nullable property 'FileId' must contain a non-null value when exiting constructor. Consider adding the 'required' modifier or declaring the property as nullable. [C:\Users\lordo\Documents\GitHub\llmtornado\src\LlmTornado\LlmTornado.csproj::TargetFramework=net462]
C:\Users\lordo\Documents\GitHub\llmtornado\src\LlmTornado\Code\PartialModels.cs(2672,19): warning CS8618: Non-nullable property 'Url' must contain a non-null value when exiting constructor. Consider adding the 'required' modifier or declaring the property as nullable. [C:\Users\lordo\Documents\GitHub\llmtornado\src\LlmTornado\LlmTornado.csproj::TargetFramework=net462]
C:\Users\lordo\Documents\GitHub\llmtornado\src\LlmTornado\Code\PartialModels.cs(2645,19): warning CS8618: Non-nullable property 'Data' must contain a non-null value when exiting constructor. Consider adding the 'required' modifier or declaring the property as nullable. [C:\Users\lordo\Documents\GitHub\llmtornado\src\LlmTornado\LlmTornado.csproj::TargetFramework=net462]
C:\Users\lordo\Documents\GitHub\llmtornado\src\LlmTornado\Code\PartialModels.cs(2657,19): warning CS8618: Non-nullable property 'MediaType' must contain a non-null value when exiting constructor. Consider adding the 'required' modifier or declaring the property as nullable. [C:\Users\lordo\Documents\GitHub\llmtornado\src\LlmTornado\LlmTornado.csproj::TargetFramework=net462]
C:\Users\lordo\Documents\GitHub\llmtornado\src\LlmTornado\Code\PartialModels.cs(2606,12): warning CS8618: Non-nullable property 'Source' must contain a non-null value when exiting constructor. Consider adding the 'required' modifier or declaring the property as nullable. [C:\Users\lordo\Documents\GitHub\llmtornado\src\LlmTornado\LlmTornado.csproj::TargetFramework=net462]
C:\Users\lordo\Documents\GitHub\llmtornado\src\LlmTornado\Code\PartialModels.cs(2532,12): warning CS8618: Non-nullable property 'Text' must contain a non-null value when exiting constructor. Consider adding the 'required' modifier or declaring the property as nullable. [C:\Users\lordo\Documents\GitHub\llmtornado\src\LlmTornado\LlmTornado.csproj::TargetFramework=net462]
C:\Users\lordo\Documents\GitHub\llmtornado\src\LlmTornado\Files\FileUploadRequest.cs(91,12): warning CS8618: Non-nullable property 'Bytes' must contain a non-null value when exiting constructor. Consider adding the 'required' modifier or declaring the property as nullable. [C:\Users\lordo\Documents\GitHub\llmtornado\src\LlmTornado\LlmTornado.csproj::TargetFramework=net462]
C:\Users\lordo\Documents\GitHub\llmtornado\src\LlmTornado\Files\FileUploadRequest.cs(91,12): warning CS8618: Non-nullable property 'Name' must contain a non-null value when exiting constructor. Consider adding the 'required' modifier or declaring the property as nullable. [C:\Users\lordo\Documents\GitHub\llmtornado\src\LlmTornado\LlmTornado.csproj::TargetFramework=net462]
C:\Users\lordo\Documents\GitHub\llmtornado\src\LlmTornado\Code\PartialModels.cs(2448,19): warning CS8618: Non-nullable property 'Source' must contain a non-null value when exiting constructor. Consider adding the 'required' modifier or declaring the property as nullable. [C:\Users\lordo\Documents\GitHub\llmtornado\src\LlmTornado\LlmTornado.csproj::TargetFramework=net462]
C:\Users\lordo\Documents\GitHub\llmtornado\src\LlmTornado\Code\PartialModels.cs(2454,19): warning CS8618: Non-nullable property 'Title' must contain a non-null value when exiting constructor. Consider adding the 'required' modifier or declaring the property as nullable. [C:\Users\lordo\Documents\GitHub\llmtornado\src\LlmTornado\LlmTornado.csproj::TargetFramework=net462]
C:\Users\lordo\Documents\GitHub\llmtornado\src\LlmTornado\Code\PartialModels.cs(2414,19): warning CS8618: Non-nullable property 'Type' must contain a non-null value when exiting constructor. Consider adding the 'required' modifier or declaring the property as nullable. [C:\Users\lordo\Documents\GitHub\llmtornado\src\LlmTornado\LlmTornado.csproj::TargetFramework=net462]
C:\Users\lordo\Documents\GitHub\llmtornado\src\LlmTornado\EndpointBase.cs(636,30): warning CS0168: The variable 'e' is declared but never used [C:\Users\lordo\Documents\GitHub\llmtornado\src\LlmTornado\LlmTornado.csproj::TargetFramework=net462]
C:\Users\lordo\Documents\GitHub\llmtornado\src\LlmTornado\Code\PartialModels.cs(2201,12): warning CS8618: Non-nullable field '_data' must contain a non-null value when exiting constructor. Consider adding the 'required' modifier or declaring the field as nullable. [C:\Users\lordo\Documents\GitHub\llmtornado\src\LlmTornado\LlmTornado.csproj::TargetFramework=net462]
C:\Users\lordo\Documents\GitHub\llmtornado\src\LlmTornado\Code\PartialModels.cs(2157,14): warning CS8618: Non-nullable property 'Body' must contain a non-null value when exiting constructor. Consider adding the 'required' modifier or declaring the property as nullable. [C:\Users\lordo\Documents\GitHub\llmtornado\src\LlmTornado\LlmTornado.csproj::TargetFramework=net462]
C:\Users\lordo\Documents\GitHub\llmtornado\src\LlmTornado\Interactions\InteractionContent.cs(194,51): error CS1503: Argument 1: cannot convert from 'System.Collections.Generic.List<LlmTornado.Interactions.InteractionStep>' to 'LlmTornado.Interactions.InteractionStep' [C:\Users\lordo\Documents\GitHub\llmtornado\src\LlmTornado\LlmTornado.csproj::TargetFramework=net462]
C:\Users\lordo\Documents\GitHub\llmtornado\src\LlmTornado\Interactions\InteractionContent.cs(197,50): error CS1503: Argument 1: cannot convert from 'System.Collections.Generic.List<LlmTornado.Interactions.InteractionContent>' to 'LlmTornado.Interactions.InteractionContent' [C:\Users\lordo\Documents\GitHub\llmtornado\src\LlmTornado\LlmTornado.csproj::TargetFramework=net462]
C:\Users\lordo\Documents\GitHub\llmtornado\src\LlmTornado\Code\PartialModels.cs(1607,12): warning CS8618: Non-nullable property 'Url' must contain a non-null value when exiting constructor. Consider adding the 'required' modifier or declaring the property as nullable. [C:\Users\lordo\Documents\GitHub\llmtornado\src\LlmTornado\LlmTornado.csproj::TargetFramework=net462]
C:\Users\lordo\Documents\GitHub\llmtornado\src\LlmTornado\Code\PartialModels.cs(1479,31): warning CS8618: Non-nullable property 'FunctionCalls' must contain a non-null value when exiting constructor. Consider adding the 'required' modifier or declaring the property as nullable. [C:\Users\lordo\Documents\GitHub\llmtornado\src\LlmTornado\LlmTornado.csproj::TargetFramework=net462]
C:\Users\lordo\Documents\GitHub\llmtornado\src\LlmTornado\Code\PartialModels.cs(1480,33): warning CS8618: Non-nullable property 'CustomToolCalls' must contain a non-null value when exiting constructor. Consider adding the 'required' modifier or declaring the property as nullable. [C:\Users\lordo\Documents\GitHub\llmtornado\src\LlmTornado\LlmTornado.csproj::TargetFramework=net462]
C:\Users\lordo\Documents\GitHub\llmtornado\src\LlmTornado\Embedding\ContextualEmbeddingResult.cs(17,19): warning CS8618: Non-nullable property 'Object' must contain a non-null value when exiting constructor. Consider adding the 'required' modifier or declaring the property as nullable. [C:\Users\lordo\Documents\GitHub\llmtornado\src\LlmTornado\LlmTornado.csproj::TargetFramework=net462]
C:\Users\lordo\Documents\GitHub\llmtornado\src\LlmTornado\Embedding\ContextualEmbeddingResult.cs(23,42): warning CS8618: Non-nullable property 'Data' must contain a non-null value when exiting constructor. Consider adding the 'required' modifier or declaring the property as nullable. [C:\Users\lordo\Documents\GitHub\llmtornado\src\LlmTornado\LlmTornado.csproj::TargetFramework=net462]
C:\Users\lordo\Documents\GitHub\llmtornado\src\LlmTornado\Embedding\ContextualEmbeddingResult.cs(29,19): warning CS8618: Non-nullable property 'Model' must contain a non-null value when exiting constructor. Consider adding the 'required' modifier or declaring the property as nullable. [C:\Users\lordo\Documents\GitHub\llmtornado\src\LlmTornado\LlmTornado.csproj::TargetFramework=net462]
C:\Users\lordo\Documents\GitHub\llmtornado\src\LlmTornado\Embedding\ContextualEmbeddingResult.cs(35,18): warning CS8618: Non-nullable property 'Usage' must contain a non-null value when exiting constructor. Consider adding the 'required' modifier or declaring the property as nullable. [C:\Users\lordo\Documents\GitHub\llmtornado\src\LlmTornado\LlmTornado.csproj::TargetFramework=net462]
C:\Users\lordo\Documents\GitHub\llmtornado\src\LlmTornado\Code\PartialModels.cs(63,19): warning CS8618: Non-nullable property 'Stream' must contain a non-null value when exiting constructor. Consider adding the 'required' modifier or declaring the property as nullable. [C:\Users\lordo\Documents\GitHub\llmtornado\src\LlmTornado\LlmTornado.csproj::TargetFramework=net462]
C:\Users\lordo\Documents\GitHub\llmtornado\src\LlmTornado\Code\PartialModels.cs(68,26): warning CS8618: Non-nullable property 'Headers' must contain a non-null value when exiting constructor. Consider adding the 'required' modifier or declaring the property as nullable. [C:\Users\lordo\Documents\GitHub\llmtornado\src\LlmTornado\LlmTornado.csproj::TargetFramework=net462]
C:\Users\lordo\Documents\GitHub\llmtornado\src\LlmTornado\Code\PartialModels.cs(73,32): warning CS8618: Non-nullable property 'Response' must contain a non-null value when exiting constructor. Consider adding the 'required' modifier or declaring the property as nullable. [C:\Users\lordo\Documents\GitHub\llmtornado\src\LlmTornado\LlmTornado.csproj::TargetFramework=net462]
C:\Users\lordo\Documents\GitHub\llmtornado\src\LlmTornado\Embedding\ContextualEmbeddingResult.cs(47,19): warning CS8618: Non-nullable property 'Object' must contain a non-null value when exiting constructor. Consider adding the 'required' modifier or declaring the property as nullable. [C:\Users\lordo\Documents\GitHub\llmtornado\src\LlmTornado\LlmTornado.csproj::TargetFramework=net462]
C:\Users\lordo\Documents\GitHub\llmtornado\src\LlmTornado\Embedding\ContextualEmbeddingResult.cs(53,38): warning CS8618: Non-nullable property 'Data' must contain a non-null value when exiting constructor. Consider adding the 'required' modifier or declaring the property as nullable. [C:\Users\lordo\Documents\GitHub\llmtornado\src\LlmTornado\LlmTornado.csproj::TargetFramework=net462]
C:\Users\lordo\Documents\GitHub\llmtornado\src\LlmTornado\Code\Legacy.cs(452,24): warning CS8603: Possible null reference return. [C:\Users\lordo\Documents\GitHub\llmtornado\src\LlmTornado\LlmTornado.csproj::TargetFramework=net462]
C:\Users\lordo\Documents\GitHub\llmtornado\src\LlmTornado\Code\PartialModels.cs(1029,19): warning CS8618: Non-nullable property 'Id' must contain a non-null value when exiting constructor. Consider adding the 'required' modifier or declaring the property as nullable. [C:\Users\lordo\Documents\GitHub\llmtornado\src\LlmTornado\LlmTornado.csproj::TargetFramework=net462]
C:\Users\lordo\Documents\GitHub\llmtornado\src\LlmTornado\Code\PartialModels.cs(1052,19): warning CS8618: Non-nullable property 'Transcript' must contain a non-null value when exiting constructor. Consider adding the 'required' modifier or declaring the property as nullable. [C:\Users\lordo\Documents\GitHub\llmtornado\src\LlmTornado\LlmTornado.csproj::TargetFramework=net462]
C:\Users\lordo\Documents\GitHub\llmtornado\src\LlmTornado\Code\PartialModels.cs(995,21): warning CS8618: Non-nullable property 'ToolCall' must contain a non-null value when exiting constructor. Consider adding the 'required' modifier or declaring the property as nullable. [C:\Users\lordo\Documents\GitHub\llmtornado\src\LlmTornado\LlmTornado.csproj::TargetFramework=net462]
C:\Users\lordo\Documents\GitHub\llmtornado\src\LlmTornado\Code\PartialModels.cs(996,26): warning CS8618: Non-nullable property 'ArgumentsBuilder' must contain a non-null value when exiting constructor. Consider adding the 'required' modifier or declaring the property as nullable. [C:\Users\lordo\Documents\GitHub\llmtornado\src\LlmTornado\LlmTornado.csproj::TargetFramework=net462]
C:\Users\lordo\Documents\GitHub\llmtornado\src\LlmTornado\Code\Legacy.cs(494,24): warning CS8603: Possible null reference return. [C:\Users\lordo\Documents\GitHub\llmtornado\src\LlmTornado\LlmTornado.csproj::TargetFramework=net462]
C:\Users\lordo\Documents\GitHub\llmtornado\src\LlmTornado\Infra\StringValue.cs(85,16): warning CS8619: Nullability of reference types in value of type 'Dictionary<string, object>' doesn't match target type 'Dictionary<string, object?>'. [C:\Users\lordo\Documents\GitHub\llmtornado\src\LlmTornado\LlmTornado.csproj::TargetFramework=net462]
C:\Users\lordo\Documents\GitHub\llmtornado\src\LlmTornado\Files\DeletedTornadoFile.cs(16,19): warning CS8618: Non-nullable property 'Id' must contain a non-null value when exiting constructor. Consider adding the 'required' modifier or declaring the property as nullable. [C:\Users\lordo\Documents\GitHub\llmtornado\src\LlmTornado\LlmTornado.csproj::TargetFramework=net462]
C:\Users\lordo\Documents\GitHub\llmtornado\src\LlmTornado\Embedding\ContextualEmbeddingResult.cs(71,19): warning CS8618: Non-nullable property 'Object' must contain a non-null value when exiting constructor. Consider adding the 'required' modifier or declaring the property as nullable. [C:\Users\lordo\Documents\GitHub\llmtornado\src\LlmTornado\LlmTornado.csproj::TargetFramework=net462]
C:\Users\lordo\Documents\GitHub\llmtornado\src\LlmTornado\Embedding\ContextualEmbeddingResult.cs(78,37): warning CS8618: Non-nullable property 'ContextualEmbeddingVector' must contain a non-null value when exiting constructor. Consider adding the 'required' modifier or declaring the property as nullable. [C:\Users\lordo\Documents\GitHub\llmtornado\src\LlmTornado\LlmTornado.csproj::TargetFramework=net462]
C:\Users\lordo\Documents\GitHub\llmtornado\src\LlmTornado\Code\Legacy.cs(546,24): warning CS8603: Possible null reference return. [C:\Users\lordo\Documents\GitHub\llmtornado\src\LlmTornado\LlmTornado.csproj::TargetFramework=net462]
C:\Users\lordo\Documents\GitHub\llmtornado\src\LlmTornado\Code\Legacy.cs(604,24): warning CS8603: Possible null reference return. [C:\Users\lordo\Documents\GitHub\llmtornado\src\LlmTornado\LlmTornado.csproj::TargetFramework=net462]
C:\Users\lordo\Documents\GitHub\llmtornado\src\LlmTornado\Code\PartialModels.cs(84,22): warning CS8618: Non-nullable property 'Exception' must contain a non-null value when exiting constructor. Consider adding the 'required' modifier or declaring the property as nullable. [C:\Users\lordo\Documents\GitHub\llmtornado\src\LlmTornado\LlmTornado.csproj::TargetFramework=net462]
C:\Users\lordo\Documents\GitHub\llmtornado\src\LlmTornado\Code\PartialModels.cs(99,32): warning CS8618: Non-nullable property 'RawMessage' must contain a non-null value when exiting constructor. Consider adding the 'required' modifier or declaring the property as nullable. [C:\Users\lordo\Documents\GitHub\llmtornado\src\LlmTornado\LlmTornado.csproj::TargetFramework=net462]
C:\Users\lordo\Documents\GitHub\llmtornado\src\LlmTornado\Code\PartialModels.cs(104,34): warning CS8618: Non-nullable property 'Body' must contain a non-null value when exiting constructor. Consider adding the 'required' modifier or declaring the property as nullable. [C:\Users\lordo\Documents\GitHub\llmtornado\src\LlmTornado\LlmTornado.csproj::TargetFramework=net462]
C:\Users\lordo\Documents\GitHub\llmtornado\src\LlmTornado\Responses\ResponsesEndpoint.cs(403,28): warning CS8604: Possible null reference argument for parameter 'data' in 'ValueTask<MethodInvocationResult> ResponseFunctionTool.Invoke(string data)'. [C:\Users\lordo\Documents\GitHub\llmtornado\src\LlmTornado\LlmTornado.csproj::TargetFramework=net462]
C:\Users\lordo\Documents\GitHub\llmtornado\src\LlmTornado\Code\PartialModels.cs(296,19): warning CS8618: Non-nullable property 'Content' must contain a non-null value when exiting constructor. Consider adding the 'required' modifier or declaring the property as nullable. [C:\Users\lordo\Documents\GitHub\llmtornado\src\LlmTornado\LlmTornado.csproj::TargetFramework=net462]
C:\Users\lordo\Documents\GitHub\llmtornado\src\LlmTornado\Code\PartialModels.cs(301,19): warning CS8618: Non-nullable property 'Signature' must contain a non-null value when exiting constructor. Consider adding the 'required' modifier or declaring the property as nullable. [C:\Users\lordo\Documents\GitHub\llmtornado\src\LlmTornado\LlmTornado.csproj::TargetFramework=net462]
C:\Users\lordo\Documents\GitHub\llmtornado\src\LlmTornado\Responses\ResponseTool.cs(1311,54): error CS1061: 'ResponseWebSearchTool' does not contain a definition for 'ReturnTokenBudget' and no accessible extension method 'ReturnTokenBudget' accepting a first argument of type 'ResponseWebSearchTool' could be found (are you missing a using directive or an assembly reference?) [C:\Users\lordo\Documents\GitHub\llmtornado\src\LlmTornado\LlmTornado.csproj::TargetFramework=net8.0]
C:\Users\lordo\Documents\GitHub\llmtornado\src\LlmTornado\Code\Legacy.cs(670,24): warning CS8603: Possible null reference return. [C:\Users\lordo\Documents\GitHub\llmtornado\src\LlmTornado\LlmTornado.csproj::TargetFramework=net462]
C:\Users\lordo\Documents\GitHub\llmtornado\src\LlmTornado\Code\Legacy.cs(680,24): warning CS8603: Possible null reference return. [C:\Users\lordo\Documents\GitHub\llmtornado\src\LlmTornado\LlmTornado.csproj::TargetFramework=net462]
C:\Users\lordo\Documents\GitHub\llmtornado\src\LlmTornado\Chat\Vendors\Google\VendorGoogleChatRequest.cs(754,23): warning CS8618: Non-nullable property 'MimeType' must contain a non-null value when exiting constructor. Consider adding the 'required' modifier or declaring the property as nullable. [C:\Users\lordo\Documents\GitHub\llmtornado\src\LlmTornado\LlmTornado.csproj::TargetFramework=net462]
C:\Users\lordo\Documents\GitHub\llmtornado\src\LlmTornado\Chat\Vendors\Google\VendorGoogleChatRequest.cs(760,23): warning CS8618: Non-nullable property 'Data' must contain a non-null value when exiting constructor. Consider adding the 'required' modifier or declaring the property as nullable. [C:\Users\lordo\Documents\GitHub\llmtornado\src\LlmTornado\LlmTornado.csproj::TargetFramework=net462]
C:\Users\lordo\Documents\GitHub\llmtornado\src\LlmTornado\Chat\Vendors\Google\VendorGoogleChatRequest.cs(742,23): warning CS8618: Non-nullable property 'FileUri' must contain a non-null value when exiting constructor. Consider adding the 'required' modifier or declaring the property as nullable. [C:\Users\lordo\Documents\GitHub\llmtornado\src\LlmTornado\LlmTornado.csproj::TargetFramework=net462]
C:\Users\lordo\Documents\GitHub\llmtornado\src\LlmTornado\Chat\Vendors\Google\VendorGoogleChatRequest.cs(686,23): warning CS8618: Non-nullable property 'Name' must contain a non-null value when exiting constructor. Consider adding the 'required' modifier or declaring the property as nullable. [C:\Users\lordo\Documents\GitHub\llmtornado\src\LlmTornado\LlmTornado.csproj::TargetFramework=net462]
C:\Users\lordo\Documents\GitHub\llmtornado\src\LlmTornado\Chat\Vendors\Google\VendorGoogleChatRequest.cs(644,23): warning CS8618: Non-nullable property 'Name' must contain a non-null value when exiting constructor. Consider adding the 'required' modifier or declaring the property as nullable. [C:\Users\lordo\Documents\GitHub\llmtornado\src\LlmTornado\LlmTornado.csproj::TargetFramework=net462]
C:\Users\lordo\Documents\GitHub\llmtornado\src\LlmTornado\Chat\Vendors\Google\VendorGoogleChatRequest.cs(629,23): warning CS8618: Non-nullable property 'MimeType' must contain a non-null value when exiting constructor. Consider adding the 'required' modifier or declaring the property as nullable. [C:\Users\lordo\Documents\GitHub\llmtornado\src\LlmTornado\LlmTornado.csproj::TargetFramework=net462]
C:\Users\lordo\Documents\GitHub\llmtornado\src\LlmTornado\Chat\Vendors\Google\VendorGoogleChatRequest.cs(635,23): warning CS8618: Non-nullable property 'Data' must contain a non-null value when exiting constructor. Consider adding the 'required' modifier or declaring the property as nullable. [C:\Users\lordo\Documents\GitHub\llmtornado\src\LlmTornado\LlmTornado.csproj::TargetFramework=net462]
C:\Users\lordo\Documents\GitHub\llmtornado\src\LlmTornado\Code\Legacy.cs(869,38): warning CS8625: Cannot convert null literal to non-nullable reference type. [C:\Users\lordo\Documents\GitHub\llmtornado\src\LlmTornado\LlmTornado.csproj::TargetFramework=net462]
C:\Users\lordo\Documents\GitHub\llmtornado\src\LlmTornado\Code\Legacy.cs(870,24): warning CS8625: Cannot convert null literal to non-nullable reference type. [C:\Users\lordo\Documents\GitHub\llmtornado\src\LlmTornado\LlmTornado.csproj::TargetFramework=net462]
C:\Users\lordo\Documents\GitHub\llmtornado\src\LlmTornado\Infra\StringValue.cs(261,26): warning CS0168: The variable 'e' is declared but never used [C:\Users\lordo\Documents\GitHub\llmtornado\src\LlmTornado\LlmTornado.csproj::TargetFramework=net462]
C:\Users\lordo\Documents\GitHub\llmtornado\src\LlmTornado\Infra\ToolDefinition.cs(36,14): warning CS8618: Non-nullable property 'Name' must contain a non-null value when exiting constructor. Consider adding the 'required' modifier or declaring the property as nullable. [C:\Users\lordo\Documents\GitHub\llmtornado\src\LlmTornado\LlmTornado.csproj::TargetFramework=net462]
C:\Users\lordo\Documents\GitHub\llmtornado\src\LlmTornado\Embedding\EmbeddingRequest.cs(28,9): warning CS8618: Non-nullable property 'Model' must contain a non-null value when exiting constructor. Consider adding the 'required' modifier or declaring the property as nullable. [C:\Users\lordo\Documents\GitHub\llmtornado\src\LlmTornado\LlmTornado.csproj::TargetFramework=net462]
C:\Users\lordo\Documents\GitHub\llmtornado\src\LlmTornado\Embedding\EmbeddingRequest.cs(28,9): warning CS8618: Non-nullable property 'InputSerialized' must contain a non-null value when exiting constructor. Consider adding the 'required' modifier or declaring the property as nullable. [C:\Users\lordo\Documents\GitHub\llmtornado\src\LlmTornado\LlmTornado.csproj::TargetFramework=net462]
C:\Users\lordo\Documents\GitHub\llmtornado\src\LlmTornado\Embedding\EmbeddingRequest.cs(45,9): warning CS8618: Non-nullable property 'InputSerialized' must contain a non-null value when exiting constructor. Consider adding the 'required' modifier or declaring the property as nullable. [C:\Users\lordo\Documents\GitHub\llmtornado\src\LlmTornado\LlmTornado.csproj::TargetFramework=net462]
C:\Users\lordo\Documents\GitHub\llmtornado\src\LlmTornado\Embedding\EmbeddingRequest.cs(66,9): warning CS8618: Non-nullable property 'InputSerialized' must contain a non-null value when exiting constructor. Consider adding the 'required' modifier or declaring the property as nullable. [C:\Users\lordo\Documents\GitHub\llmtornado\src\LlmTornado\LlmTornado.csproj::TargetFramework=net462]
C:\Users\lordo\Documents\GitHub\llmtornado\src\LlmTornado\Chat\Vendors\Google\VendorGoogleChatRequest.cs(364,32): warning CS8601: Possible null reference assignment. [C:\Users\lordo\Documents\GitHub\llmtornado\src\LlmTornado\LlmTornado.csproj::TargetFramework=net462]
C:\Users\lordo\Documents\GitHub\llmtornado\src\LlmTornado\Embedding\EmbeddingRequest.cs(80,9): warning CS8618: Non-nullable property 'InputSerialized' must contain a non-null value when exiting constructor. Consider adding the 'required' modifier or declaring the property as nullable. [C:\Users\lordo\Documents\GitHub\llmtornado\src\LlmTornado\LlmTornado.csproj::TargetFramework=net462]
C:\Users\lordo\Documents\GitHub\llmtornado\src\LlmTornado\Embedding\EmbeddingRequest.cs(93,9): warning CS8618: Non-nullable property 'InputSerialized' must contain a non-null value when exiting constructor. Consider adding the 'required' modifier or declaring the property as nullable. [C:\Users\lordo\Documents\GitHub\llmtornado\src\LlmTornado\LlmTornado.csproj::TargetFramework=net462]
C:\Users\lordo\Documents\GitHub\llmtornado\src\LlmTornado\Embedding\EmbeddingRequest.cs(106,9): warning CS8618: Non-nullable property 'InputSerialized' must contain a non-null value when exiting constructor. Consider adding the 'required' modifier or declaring the property as nullable. [C:\Users\lordo\Documents\GitHub\llmtornado\src\LlmTornado\LlmTornado.csproj::TargetFramework=net462]
C:\Users\lordo\Documents\GitHub\llmtornado\src\LlmTornado\Infra\StringValue.cs(306,30): warning CS0168: The variable 'e' is declared but never used [C:\Users\lordo\Documents\GitHub\llmtornado\src\LlmTornado\LlmTornado.csproj::TargetFramework=net462]
C:\Users\lordo\Documents\GitHub\llmtornado\src\LlmTornado\Infra\StringValue.cs(352,26): warning CS0168: The variable 'e' is declared but never used [C:\Users\lordo\Documents\GitHub\llmtornado\src\LlmTornado\LlmTornado.csproj::TargetFramework=net462]
C:\Users\lordo\Documents\GitHub\llmtornado\src\LlmTornado\Embedding\EmbeddingRequest.cs(118,9): warning CS8618: Non-nullable property 'InputSerialized' must contain a non-null value when exiting constructor. Consider adding the 'required' modifier or declaring the property as nullable. [C:\Users\lordo\Documents\GitHub\llmtornado\src\LlmTornado\LlmTornado.csproj::TargetFramework=net462]
C:\Users\lordo\Documents\GitHub\llmtornado\src\LlmTornado\Embedding\Vendors\Cohere\VendorCohereEmbeddingResult.cs(22,19): warning CS8618: Non-nullable property 'Id' must contain a non-null value when exiting constructor. Consider adding the 'required' modifier or declaring the property as nullable. [C:\Users\lordo\Documents\GitHub\llmtornado\src\LlmTornado\LlmTornado.csproj::TargetFramework=net462]
C:\Users\lordo\Documents\GitHub\llmtornado\src\LlmTornado\Embedding\Vendors\Cohere\VendorCohereEmbeddingResult.cs(24,25): warning CS8618: Non-nullable property 'Texts' must contain a non-null value when exiting constructor. Consider adding the 'required' modifier or declaring the property as nullable. [C:\Users\lordo\Documents\GitHub\llmtornado\src\LlmTornado\LlmTornado.csproj::TargetFramework=net462]
C:\Users\lordo\Documents\GitHub\llmtornado\src\LlmTornado\Embedding\Vendors\Cohere\VendorCohereEmbeddingResult.cs(28,30): warning CS8618: Non-nullable property 'Meta' must contain a non-null value when exiting constructor. Consider adding the 'required' modifier or declaring the property as nullable. [C:\Users\lordo\Documents\GitHub\llmtornado\src\LlmTornado\LlmTornado.csproj::TargetFramework=net462]
C:\Users\lordo\Documents\GitHub\llmtornado\src\LlmTornado\Embedding\EmbeddingResult.cs(49,16): warning CS8603: Possible null reference return. [C:\Users\lordo\Documents\GitHub\llmtornado\src\LlmTornado\LlmTornado.csproj::TargetFramework=net462]
C:\Users\lordo\Documents\GitHub\llmtornado\src\LlmTornado\Embedding\EmbeddingResult.cs(29,18): warning CS8618: Non-nullable property 'Usage' must contain a non-null value when exiting constructor. Consider adding the 'required' modifier or declaring the property as nullable. [C:\Users\lordo\Documents\GitHub\llmtornado\src\LlmTornado\LlmTornado.csproj::TargetFramework=net462]
C:\Users\lordo\Documents\GitHub\llmtornado\src\LlmTornado\Embedding\MultimodalEmbeddingResult.cs(45,19): warning CS8618: Non-nullable property 'Object' must contain a non-null value when exiting constructor. Consider adding the 'required' modifier or declaring the property as nullable. [C:\Users\lordo\Documents\GitHub\llmtornado\src\LlmTornado\LlmTornado.csproj::TargetFramework=net462]
C:\Users\lordo\Documents\GitHub\llmtornado\src\LlmTornado\Embedding\MultimodalEmbeddingResult.cs(52,37): warning CS8618: Non-nullable property 'Embedding' must contain a non-null value when exiting constructor. Consider adding the 'required' modifier or declaring the property as nullable. [C:\Users\lordo\Documents\GitHub\llmtornado\src\LlmTornado\LlmTornado.csproj::TargetFramework=net462]
C:\Users\lordo\Documents\GitHub\llmtornado\src\LlmTornado\Embedding\MultimodalEmbeddingResult.cs(15,19): warning CS8618: Non-nullable property 'Object' must contain a non-null value when exiting constructor. Consider adding the 'required' modifier or declaring the property as nullable. [C:\Users\lordo\Documents\GitHub\llmtornado\src\LlmTornado\LlmTornado.csproj::TargetFramework=net462]
C:\Users\lordo\Documents\GitHub\llmtornado\src\LlmTornado\Embedding\MultimodalEmbeddingResult.cs(21,38): warning CS8618: Non-nullable property 'Data' must contain a non-null value when exiting constructor. Consider adding the 'required' modifier or declaring the property as nullable. [C:\Users\lordo\Documents\GitHub\llmtornado\src\LlmTornado\LlmTornado.csproj::TargetFramework=net462]
C:\Users\lordo\Documents\GitHub\llmtornado\src\LlmTornado\Embedding\MultimodalEmbeddingResult.cs(27,19): warning CS8618: Non-nullable property 'Model' must contain a non-null value when exiting constructor. Consider adding the 'required' modifier or declaring the property as nullable. [C:\Users\lordo\Documents\GitHub\llmtornado\src\LlmTornado\LlmTornado.csproj::TargetFramework=net462]
C:\Users\lordo\Documents\GitHub\llmtornado\src\LlmTornado\Embedding\MultimodalEmbeddingResult.cs(33,28): warning CS8618: Non-nullable property 'Usage' must contain a non-null value when exiting constructor. Consider adding the 'required' modifier or declaring the property as nullable. [C:\Users\lordo\Documents\GitHub\llmtornado\src\LlmTornado\LlmTornado.csproj::TargetFramework=net462]
C:\Users\lordo\Documents\GitHub\llmtornado\src\LlmTornado\Images\ImageEditEndpoint.cs(39,71): error CS0176: Member 'ImageModelOpenAiGpt.Default' cannot be accessed with an instance reference; qualify it with a type name instead [C:\Users\lordo\Documents\GitHub\llmtornado\src\LlmTornado\LlmTornado.csproj::TargetFramework=net462]
C:\Users\lordo\Documents\GitHub\llmtornado\src\LlmTornado\Responses\ResponsesEndpoint.cs(544,20): warning CS8603: Possible null reference return. [C:\Users\lordo\Documents\GitHub\llmtornado\src\LlmTornado\LlmTornado.csproj::TargetFramework=net462]
C:\Users\lordo\Documents\GitHub\llmtornado\src\LlmTornado\Chat\Vendors\Google\VendorGoogleChatRequest.cs(190,19): warning CS8618: Non-nullable property 'Speaker' must contain a non-null value when exiting constructor. Consider adding the 'required' modifier or declaring the property as nullable. [C:\Users\lordo\Documents\GitHub\llmtornado\src\LlmTornado\LlmTornado.csproj::TargetFramework=net462]
C:\Users\lordo\Documents\GitHub\llmtornado\src\LlmTornado\Embedding\EmbeddingResult.cs(60,18): warning CS8602: Dereference of a possibly null reference. [C:\Users\lordo\Documents\GitHub\llmtornado\src\LlmTornado\LlmTornado.csproj::TargetFramework=net462]
C:\Users\lordo\Documents\GitHub\llmtornado\src\LlmTornado\Responses\Events\ResponseEventOutputTextDelta.cs(35,19): warning CS8618: Non-nullable property 'ItemId' must contain a non-null value when exiting constructor. Consider adding the 'required' modifier or declaring the property as nullable. [C:\Users\lordo\Documents\GitHub\llmtornado\src\LlmTornado\LlmTornado.csproj::TargetFramework=net462]
C:\Users\lordo\Documents\GitHub\llmtornado\src\LlmTornado\Responses\Events\ResponseEventOutputTextDelta.cs(47,19): warning CS8618: Non-nullable property 'Delta' must contain a non-null value when exiting constructor. Consider adding the 'required' modifier or declaring the property as nullable. [C:\Users\lordo\Documents\GitHub\llmtornado\src\LlmTornado\LlmTornado.csproj::TargetFramework=net462]
C:\Users\lordo\Documents\GitHub\llmtornado\src\LlmTornado\Embedding\EmbeddingResult.cs(81,20): warning CS8618: Non-nullable property 'Embedding' must contain a non-null value when exiting constructor. Consider adding the 'required' modifier or declaring the property as nullable. [C:\Users\lordo\Documents\GitHub\llmtornado\src\LlmTornado\LlmTornado.csproj::TargetFramework=net462]
C:\Users\lordo\Documents\GitHub\llmtornado\src\LlmTornado\Images\ImageSize.cs(337,35): warning CS8765: Nullability of type of parameter 'existingValue' doesn't match overridden member (possibly because of nullability attributes). [C:\Users\lordo\Documents\GitHub\llmtornado\src\LlmTornado\LlmTornado.csproj::TargetFramework=netstandard2.0]
C:\Users\lordo\Documents\GitHub\llmtornado\src\LlmTornado\Images\ImageEditRequest.cs(61,43): error CS0176: Member 'ImageModelOpenAiGpt.Default' cannot be accessed with an instance reference; qualify it with a type name instead [C:\Users\lordo\Documents\GitHub\llmtornado\src\LlmTornado\LlmTornado.csproj::TargetFramework=net462]
C:\Users\lordo\Documents\GitHub\llmtornado\src\LlmTornado\Images\ImageEditRequest.cs(23,9): warning CS8618: Non-nullable property 'Prompt' must contain a non-null value when exiting constructor. Consider adding the 'required' modifier or declaring the property as nullable. [C:\Users\lordo\Documents\GitHub\llmtornado\src\LlmTornado\LlmTornado.csproj::TargetFramework=net462]
C:\Users\lordo\Documents\GitHub\llmtornado\src\LlmTornado\Chat\ChatRequestMaxTokens.cs(55,23): warning CS8604: Possible null reference argument for parameter 'type' in 'bool PropertyRenameAndIgnoreSerializerContractResolver.IsIgnored(Type type, string jsonPropertyName)'. [C:\Users\lordo\Documents\GitHub\llmtornado\src\LlmTornado\LlmTornado.csproj::TargetFramework=net462]
C:\Users\lordo\Documents\GitHub\llmtornado\src\LlmTornado\Chat\ChatRequestMaxTokens.cs(55,47): warning CS8604: Possible null reference argument for parameter 'jsonPropertyName' in 'bool PropertyRenameAndIgnoreSerializerContractResolver.IsIgnored(Type type, string jsonPropertyName)'. [C:\Users\lordo\Documents\GitHub\llmtornado\src\LlmTornado\LlmTornado.csproj::TargetFramework=net462]
C:\Users\lordo\Documents\GitHub\llmtornado\src\LlmTornado\Chat\ChatRequestResponseFormat.cs(26,23): warning CS8618: Non-nullable property 'Name' must contain a non-null value when exiting constructor. Consider adding the 'required' modifier or declaring the property as nullable. [C:\Users\lordo\Documents\GitHub\llmtornado\src\LlmTornado\LlmTornado.csproj::TargetFramework=net462]
C:\Users\lordo\Documents\GitHub\llmtornado\src\LlmTornado\Chat\ChatRequestResponseFormat.cs(32,23): warning CS8618: Non-nullable property 'Schema' must contain a non-null value when exiting constructor. Consider adding the 'required' modifier or declaring the property as nullable. [C:\Users\lordo\Documents\GitHub\llmtornado\src\LlmTornado\LlmTornado.csproj::TargetFramework=net462]
C:\Users\lordo\Documents\GitHub\llmtornado\src\LlmTornado\Embedding\Models\Google\EmbeddingModelGoogleGemini.cs(68,9): warning CS0618: 'EmbeddingModelGoogleGemini.ModelEmbedding4' is obsolete: 'Shut down January 14, 2026. Use ModelGeminiEmbedding001 instead.' [C:\Users\lordo\Documents\GitHub\llmtornado\src\LlmTornado\LlmTornado.csproj::TargetFramework=net462]
C:\Users\lordo\Documents\GitHub\llmtornado\src\LlmTornado\Embedding\Models\Upstage\EmbeddingModelUpstage.cs(49,9): warning CS8604: Possible null reference argument for parameter 'item' in 'void List<IModel>.Add(IModel item)'. [C:\Users\lordo\Documents\GitHub\llmtornado\src\LlmTornado\LlmTornado.csproj::TargetFramework=net462]
C:\Users\lordo\Documents\GitHub\llmtornado\src\LlmTornado\Embedding\Models\Upstage\EmbeddingModelUpstage.cs(50,9): warning CS8604: Possible null reference argument for parameter 'item' in 'void List<IModel>.Add(IModel item)'. [C:\Users\lordo\Documents\GitHub\llmtornado\src\LlmTornado\LlmTornado.csproj::TargetFramework=net462]
C:\Users\lordo\Documents\GitHub\llmtornado\src\LlmTornado\Embedding\EmbeddingRequest.cs(131,9): warning CS8618: Non-nullable property 'InputSerialized' must contain a non-null value when exiting constructor. Consider adding the 'required' modifier or declaring the property as nullable. [C:\Users\lordo\Documents\GitHub\llmtornado\src\LlmTornado\LlmTornado.csproj::TargetFramework=net462]
C:\Users\lordo\Documents\GitHub\llmtornado\src\LlmTornado\Embedding\EmbeddingRequest.cs(145,9): warning CS8618: Non-nullable property 'InputSerialized' must contain a non-null value when exiting constructor. Consider adding the 'required' modifier or declaring the property as nullable. [C:\Users\lordo\Documents\GitHub\llmtornado\src\LlmTornado\LlmTornado.csproj::TargetFramework=net462]
C:\Users\lordo\Documents\GitHub\llmtornado\src\LlmTornado\Embedding\EmbeddingRequest.cs(159,9): warning CS8618: Non-nullable property 'InputSerialized' must contain a non-null value when exiting constructor. Consider adding the 'required' modifier or declaring the property as nullable. [C:\Users\lordo\Documents\GitHub\llmtornado\src\LlmTornado\LlmTornado.csproj::TargetFramework=net462]
C:\Users\lordo\Documents\GitHub\llmtornado\src\LlmTornado\Embedding\EmbeddingRequest.cs(173,9): warning CS8618: Non-nullable property 'InputSerialized' must contain a non-null value when exiting constructor. Consider adding the 'required' modifier or declaring the property as nullable. [C:\Users\lordo\Documents\GitHub\llmtornado\src\LlmTornado\LlmTornado.csproj::TargetFramework=net462]
C:\Users\lordo\Documents\GitHub\llmtornado\src\LlmTornado\Embedding\EmbeddingRequest.cs(188,9): warning CS8618: Non-nullable property 'InputSerialized' must contain a non-null value when exiting constructor. Consider adding the 'required' modifier or declaring the property as nullable. [C:\Users\lordo\Documents\GitHub\llmtornado\src\LlmTornado\LlmTornado.csproj::TargetFramework=net462]
C:\Users\lordo\Documents\GitHub\llmtornado\src\LlmTornado\Embedding\EmbeddingRequest.cs(204,9): warning CS8618: Non-nullable property 'InputSerialized' must contain a non-null value when exiting constructor. Consider adding the 'required' modifier or declaring the property as nullable. [C:\Users\lordo\Documents\GitHub\llmtornado\src\LlmTornado\LlmTornado.csproj::TargetFramework=net462]
C:\Users\lordo\Documents\GitHub\llmtornado\src\LlmTornado\Responses\ResponseDeleted.cs(14,19): warning CS8618: Non-nullable property 'Id' must contain a non-null value when exiting constructor. Consider adding the 'required' modifier or declaring the property as nullable. [C:\Users\lordo\Documents\GitHub\llmtornado\src\LlmTornado\LlmTornado.csproj::TargetFramework=net462]
C:\Users\lordo\Documents\GitHub\llmtornado\src\LlmTornado\Chat\Vendors\Google\VendorGoogleChatResult.cs(680,19): warning CS8618: Non-nullable property 'Source' must contain a non-null value when exiting constructor. Consider adding the 'required' modifier or declaring the property as nullable. [C:\Users\lordo\Documents\GitHub\llmtornado\src\LlmTornado\LlmTornado.csproj::TargetFramework=net462]
C:\Users\lordo\Documents\GitHub\llmtornado\src\LlmTornado\Chat\Vendors\Google\VendorGoogleChatResult.cs(686,19): warning CS8618: Non-nullable property 'Chunk' must contain a non-null value when exiting constructor. Consider adding the 'required' modifier or declaring the property as nullable. [C:\Users\lordo\Documents\GitHub\llmtornado\src\LlmTornado\LlmTornado.csproj::TargetFramework=net462]
C:\Users\lordo\Documents\GitHub\llmtornado\src\LlmTornado\Chat\Vendors\Google\VendorGoogleChatResult.cs(662,19): warning CS8618: Non-nullable property 'PassageId' must contain a non-null value when exiting constructor. Consider adding the 'required' modifier or declaring the property as nullable. [C:\Users\lordo\Documents\GitHub\llmtornado\src\LlmTornado\LlmTornado.csproj::TargetFramework=net462]
C:\Users\lordo\Documents\GitHub\llmtornado\src\LlmTornado\Chat\Vendors\Google\VendorGoogleChatResult.cs(644,53): warning CS8618: Non-nullable property 'GroundingPassage' must contain a non-null value when exiting constructor. Consider adding the 'required' modifier or declaring the property as nullable. [C:\Users\lordo\Documents\GitHub\llmtornado\src\LlmTornado\LlmTornado.csproj::TargetFramework=net462]
C:\Users\lordo\Documents\GitHub\llmtornado\src\LlmTornado\Chat\Vendors\Google\VendorGoogleChatResult.cs(650,57): warning CS8618: Non-nullable property 'SemanticRetrieverChunk' must contain a non-null value when exiting constructor. Consider adding the 'required' modifier or declaring the property as nullable. [C:\Users\lordo\Documents\GitHub\llmtornado\src\LlmTornado\LlmTornado.csproj::TargetFramework=net462]
C:\Users\lordo\Documents\GitHub\llmtornado\src\LlmTornado\Chat\Vendors\Google\VendorGoogleChatResult.cs(626,54): warning CS8618: Non-nullable property 'SourceId' must contain a non-null value when exiting constructor. Consider adding the 'required' modifier or declaring the property as nullable. [C:\Users\lordo\Documents\GitHub\llmtornado\src\LlmTornado\LlmTornado.csproj::TargetFramework=net462]
C:\Users\lordo\Documents\GitHub\llmtornado\src\LlmTornado\Chat\Vendors\Google\VendorGoogleChatResult.cs(632,67): warning CS8618: Non-nullable property 'Content' must contain a non-null value when exiting constructor. Consider adding the 'required' modifier or declaring the property as nullable. [C:\Users\lordo\Documents\GitHub\llmtornado\src\LlmTornado\LlmTornado.csproj::TargetFramework=net462]
C:\Users\lordo\Documents\GitHub\llmtornado\src\LlmTornado\Chat\Vendors\Google\VendorGoogleChatResult.cs(594,19): warning CS8618: Non-nullable property 'RenderedContent' must contain a non-null value when exiting constructor. Consider adding the 'required' modifier or declaring the property as nullable. [C:\Users\lordo\Documents\GitHub\llmtornado\src\LlmTornado\LlmTornado.csproj::TargetFramework=net462]
C:\Users\lordo\Documents\GitHub\llmtornado\src\LlmTornado\Chat\Vendors\Google\VendorGoogleChatResult.cs(601,19): warning CS8618: Non-nullable property 'SdkBlob' must contain a non-null value when exiting constructor. Consider adding the 'required' modifier or declaring the property as nullable. [C:\Users\lordo\Documents\GitHub\llmtornado\src\LlmTornado\LlmTornado.csproj::TargetFramework=net462]
C:\Users\lordo\Documents\GitHub\llmtornado\src\LlmTornado\Chat\Vendors\Google\VendorGoogleChatResult.cs(582,19): warning CS8618: Non-nullable property 'Text' must contain a non-null value when exiting constructor. Consider adding the 'required' modifier or declaring the property as nullable. [C:\Users\lordo\Documents\GitHub\llmtornado\src\LlmTornado\LlmTornado.csproj::TargetFramework=net462]
C:\Users\lordo\Documents\GitHub\llmtornado\src\LlmTornado\Chat\Vendors\Google\VendorGoogleChatResult.cs(552,42): warning CS8618: Non-nullable property 'Segment' must contain a non-null value when exiting constructor. Consider adding the 'required' modifier or declaring the property as nullable. [C:\Users\lordo\Documents\GitHub\llmtornado\src\LlmTornado\LlmTornado.csproj::TargetFramework=net462]
C:\Users\lordo\Documents\GitHub\llmtornado\src\LlmTornado\Chat\Vendors\Google\VendorGoogleChatResult.cs(516,19): warning CS8618: Non-nullable property 'ReviewId' must contain a non-null value when exiting constructor. Consider adding the 'required' modifier or declaring the property as nullable. [C:\Users\lordo\Documents\GitHub\llmtornado\src\LlmTornado\LlmTornado.csproj::TargetFramework=net462]
C:\Users\lordo\Documents\GitHub\llmtornado\src\LlmTornado\Chat\Vendors\Google\VendorGoogleChatResult.cs(522,19): warning CS8618: Non-nullable property 'GoogleMapsUri' must contain a non-null value when exiting constructor. Consider adding the 'required' modifier or declaring the property as nullable. [C:\Users\lordo\Documents\GitHub\llmtornado\src\LlmTornado\LlmTornado.csproj::TargetFramework=net462]
C:\Users\lordo\Documents\GitHub\llmtornado\src\LlmTornado\Chat\Vendors\Google\VendorGoogleChatResult.cs(528,19): warning CS8618: Non-nullable property 'Title' must contain a non-null value when exiting constructor. Consider adding the 'required' modifier or declaring the property as nullable. [C:\Users\lordo\Documents\GitHub\llmtornado\src\LlmTornado\LlmTornado.csproj::TargetFramework=net462]
C:\Users\lordo\Documents\GitHub\llmtornado\src\LlmTornado\Chat\Vendors\Google\VendorGoogleChatResult.cs(468,19): warning CS8618: Non-nullable property 'Uri' must contain a non-null value when exiting constructor. Consider adding the 'required' modifier or declaring the property as nullable. [C:\Users\lordo\Documents\GitHub\llmtornado\src\LlmTornado\LlmTornado.csproj::TargetFramework=net462]
C:\Users\lordo\Documents\GitHub\llmtornado\src\LlmTornado\Chat\Vendors\Google\VendorGoogleChatResult.cs(474,19): warning CS8618: Non-nullable property 'Title' must contain a non-null value when exiting constructor. Consider adding the 'required' modifier or declaring the property as nullable. [C:\Users\lordo\Documents\GitHub\llmtornado\src\LlmTornado\LlmTornado.csproj::TargetFramework=net462]
C:\Users\lordo\Documents\GitHub\llmtornado\src\LlmTornado\Chat\Vendors\Google\VendorGoogleChatResult.cs(480,19): warning CS8618: Non-nullable property 'Text' must contain a non-null value when exiting constructor. Consider adding the 'required' modifier or declaring the property as nullable. [C:\Users\lordo\Documents\GitHub\llmtornado\src\LlmTornado\LlmTornado.csproj::TargetFramework=net462]
C:\Users\lordo\Documents\GitHub\llmtornado\src\LlmTornado\Chat\Vendors\Google\VendorGoogleChatResult.cs(486,19): warning CS8618: Non-nullable property 'PlaceId' must contain a non-null value when exiting constructor. Consider adding the 'required' modifier or declaring the property as nullable. [C:\Users\lordo\Documents\GitHub\llmtornado\src\LlmTornado\LlmTornado.csproj::TargetFramework=net462]
C:\Users\lordo\Documents\GitHub\llmtornado\src\LlmTornado\Chat\Vendors\Google\VendorGoogleChatResult.cs(450,19): warning CS8618: Non-nullable property 'Uri' must contain a non-null value when exiting constructor. Consider adding the 'required' modifier or declaring the property as nullable. [C:\Users\lordo\Documents\GitHub\llmtornado\src\LlmTornado\LlmTornado.csproj::TargetFramework=net462]
C:\Users\lordo\Documents\GitHub\llmtornado\src\LlmTornado\Chat\Vendors\Google\VendorGoogleChatResult.cs(456,19): warning CS8618: Non-nullable property 'Title' must contain a non-null value when exiting constructor. Consider adding the 'required' modifier or declaring the property as nullable. [C:\Users\lordo\Documents\GitHub\llmtornado\src\LlmTornado\LlmTornado.csproj::TargetFramework=net462]
C:\Users\lordo\Documents\GitHub\llmtornado\src\LlmTornado\Chat\Vendors\Google\VendorGoogleChatResult.cs(345,52): warning CS8618: Non-nullable property 'RetrievalMetadata' must contain a non-null value when exiting constructor. Consider adding the 'required' modifier or declaring the property as nullable. [C:\Users\lordo\Documents\GitHub\llmtornado\src\LlmTornado\LlmTornado.csproj::TargetFramework=net462]
C:\Users\lordo\Documents\GitHub\llmtornado\src\LlmTornado\Chat\Vendors\Google\VendorGoogleChatResult.cs(297,19): warning CS8618: Non-nullable property 'Token' must contain a non-null value when exiting constructor. Consider adding the 'required' modifier or declaring the property as nullable. [C:\Users\lordo\Documents\GitHub\llmtornado\src\LlmTornado\LlmTornado.csproj::TargetFramework=net462]
C:\Users\lordo\Documents\GitHub\llmtornado\src\LlmTornado\Chat\Vendors\Google\VendorGoogleChatResult.cs(212,19): warning CS8618: Non-nullable property 'RetrievedUrl' must contain a non-null value when exiting constructor. Consider adding the 'required' modifier or declaring the property as nullable. [C:\Users\lordo\Documents\GitHub\llmtornado\src\LlmTornado\LlmTornado.csproj::TargetFramework=net462]
C:\Users\lordo\Documents\GitHub\llmtornado\src\LlmTornado\Chat\Vendors\Google\VendorGoogleChatResult.cs(94,30): warning CS8618: Non-nullable property 'Meta' must contain a non-null value when exiting constructor. Consider adding the 'required' modifier or declaring the property as nullable. [C:\Users\lordo\Documents\GitHub\llmtornado\src\LlmTornado\LlmTornado.csproj::TargetFramework=net462]
C:\Users\lordo\Documents\GitHub\llmtornado\src\LlmTornado\Chat\Vendors\Google\VendorGoogleChatResult.cs(26,71): warning CS8618: Non-nullable property 'Content' must contain a non-null value when exiting constructor. Consider adding the 'required' modifier or declaring the property as nullable. [C:\Users\lordo\Documents\GitHub\llmtornado\src\LlmTornado\LlmTornado.csproj::TargetFramework=net462]
C:\Users\lordo\Documents\GitHub\llmtornado\src\LlmTornado\Chat\Vendors\Cohere\VendorCohereCitationBlock.cs(11,19): warning CS8618: Non-nullable property 'Text' must contain a non-null value when exiting constructor. Consider adding the 'required' modifier or declaring the property as nullable. [C:\Users\lordo\Documents\GitHub\llmtornado\src\LlmTornado\LlmTornado.csproj::TargetFramework=net462]
C:\Users\lordo\Documents\GitHub\llmtornado\src\LlmTornado\Chat\Vendors\Cohere\VendorCohereChatTool.cs(50,19): warning CS8618: Non-nullable property 'Name' must contain a non-null value when exiting constructor. Consider adding the 'required' modifier or declaring the property as nullable. [C:\Users\lordo\Documents\GitHub\llmtornado\src\LlmTornado\LlmTornado.csproj::TargetFramework=net462]
C:\Users\lordo\Documents\GitHub\llmtornado\src\LlmTornado\Chat\Vendors\Cohere\VendorCohereChatTool.cs(29,19): warning CS8618: Non-nullable property 'Description' must contain a non-null value when exiting constructor. Consider adding the 'required' modifier or declaring the property as nullable. [C:\Users\lordo\Documents\GitHub\llmtornado\src\LlmTornado\LlmTornado.csproj::TargetFramework=net462]
C:\Users\lordo\Documents\GitHub\llmtornado\src\LlmTornado\Chat\Vendors\Cohere\VendorCohereChatTool.cs(32,19): warning CS8618: Non-nullable property 'Type' must contain a non-null value when exiting constructor. Consider adding the 'required' modifier or declaring the property as nullable. [C:\Users\lordo\Documents\GitHub\llmtornado\src\LlmTornado\LlmTornado.csproj::TargetFramework=net462]
C:\Users\lordo\Documents\GitHub\llmtornado\src\LlmTornado\Chat\Vendors\Cohere\VendorCohereChatTool.cs(21,19): warning CS8618: Non-nullable property 'Name' must contain a non-null value when exiting constructor. Consider adding the 'required' modifier or declaring the property as nullable. [C:\Users\lordo\Documents\GitHub\llmtornado\src\LlmTornado\LlmTornado.csproj::TargetFramework=net462]
C:\Users\lordo\Documents\GitHub\llmtornado\src\LlmTornado\Chat\Vendors\Cohere\VendorCohereChatTool.cs(9,19): warning CS8618: Non-nullable property 'Name' must contain a non-null value when exiting constructor. Consider adding the 'required' modifier or declaring the property as nullable. [C:\Users\lordo\Documents\GitHub\llmtornado\src\LlmTornado\LlmTornado.csproj::TargetFramework=net462]
C:\Users\lordo\Documents\GitHub\llmtornado\src\LlmTornado\Chat\Vendors\Cohere\VendorCohereChatTool.cs(12,19): warning CS8618: Non-nullable property 'Description' must contain a non-null value when exiting constructor. Consider adding the 'required' modifier or declaring the property as nullable. [C:\Users\lordo\Documents\GitHub\llmtornado\src\LlmTornado\LlmTornado.csproj::TargetFramework=net462]
C:\Users\lordo\Documents\GitHub\llmtornado\src\LlmTornado\Responses\ResponseTool.cs(1442,21): warning CS0472: The result of the expression is always 'true' since a value of type 'ResponseComputerEnvironment' is never equal to 'null' of type 'ResponseComputerEnvironment?' [C:\Users\lordo\Documents\GitHub\llmtornado\src\LlmTornado\LlmTornado.csproj::TargetFramework=net8.0]
C:\Users\lordo\Documents\GitHub\llmtornado\src\LlmTornado\Chat\Vendors\Cohere\VendorCohereChatSearchResult.cs(15,40): warning CS8618: Non-nullable property 'SearchQuery' must contain a non-null value when exiting constructor. Consider adding the 'required' modifier or declaring the property as nullable. [C:\Users\lordo\Documents\GitHub\llmtornado\src\LlmTornado\LlmTornado.csproj::TargetFramework=net462]
C:\Users\lordo\Documents\GitHub\llmtornado\src\LlmTornado\Chat\Vendors\Cohere\VendorCohereChatSearchResult.cs(21,25): warning CS8618: Non-nullable property 'DocumentIds' must contain a non-null value when exiting constructor. Consider adding the 'required' modifier or declaring the property as nullable. [C:\Users\lordo\Documents\GitHub\llmtornado\src\LlmTornado\LlmTornado.csproj::TargetFramework=net462]
C:\Users\lordo\Documents\GitHub\llmtornado\src\LlmTornado\Chat\Vendors\Cohere\VendorCohereChatSearchResult.cs(27,49): warning CS8618: Non-nullable property 'Connector' must contain a non-null value when exiting constructor. Consider adding the 'required' modifier or declaring the property as nullable. [C:\Users\lordo\Documents\GitHub\llmtornado\src\LlmTornado\LlmTornado.csproj::TargetFramework=net462]
C:\Users\lordo\Documents\GitHub\llmtornado\src\LlmTornado\Chat\Vendors\Cohere\VendorCohereChatSearchQueryConnector.cs(14,19): warning CS8618: Non-nullable property 'Id' must contain a non-null value when exiting constructor. Consider adding the 'required' modifier or declaring the property as nullable. [C:\Users\lordo\Documents\GitHub\llmtornado\src\LlmTornado\LlmTornado.csproj::TargetFramework=net462]
C:\Users\lordo\Documents\GitHub\llmtornado\src\LlmTornado\Chat\Vendors\Cohere\VendorCohereChatSearchQuery.cs(15,19): warning CS8618: Non-nullable property 'Text' must contain a non-null value when exiting constructor. Consider adding the 'required' modifier or declaring the property as nullable. [C:\Users\lordo\Documents\GitHub\llmtornado\src\LlmTornado\LlmTornado.csproj::TargetFramework=net462]
C:\Users\lordo\Documents\GitHub\llmtornado\src\LlmTornado\Chat\Vendors\Cohere\VendorCohereChatSearchQuery.cs(21,19): warning CS8618: Non-nullable property 'GenerationId' must contain a non-null value when exiting constructor. Consider adding the 'required' modifier or declaring the property as nullable. [C:\Users\lordo\Documents\GitHub\llmtornado\src\LlmTornado\LlmTornado.csproj::TargetFramework=net462]
C:\Users\lordo\Documents\GitHub\llmtornado\src\LlmTornado\Infra\ToolDefinition.cs(348,30): warning CS8618: Non-nullable property 'Provider' must contain a non-null value when exiting constructor. Consider adding the 'required' modifier or declaring the property as nullable. [C:\Users\lordo\Documents\GitHub\llmtornado\src\LlmTornado\LlmTornado.csproj::TargetFramework=net462]
C:\Users\lordo\Documents\GitHub\llmtornado\src\LlmTornado\Chat\Vendors\Cohere\VendorCohereChatResult.cs(59,19): warning CS8618: Non-nullable property 'ResponseId' must contain a non-null value when exiting constructor. Consider adding the 'required' modifier or declaring the property as nullable. [C:\Users\lordo\Documents\GitHub\llmtornado\src\LlmTornado\LlmTornado.csproj::TargetFramework=net462]
C:\Users\lordo\Documents\GitHub\llmtornado\src\LlmTornado\Chat\Vendors\Cohere\VendorCohereChatResult.cs(184,23): warning CS8618: Non-nullable property 'Text' must contain a non-null value when exiting constructor. Consider adding the 'required' modifier or declaring the property as nullable. [C:\Users\lordo\Documents\GitHub\llmtornado\src\LlmTornado\LlmTornado.csproj::TargetFramework=net462]
C:\Users\lordo\Documents\GitHub\llmtornado\src\LlmTornado\Chat\Vendors\Cohere\VendorCohereChatResult.cs(187,29): warning CS8618: Non-nullable property 'Sources' must contain a non-null value when exiting constructor. Consider adding the 'required' modifier or declaring the property as nullable. [C:\Users\lordo\Documents\GitHub\llmtornado\src\LlmTornado\LlmTornado.csproj::TargetFramework=net462]
C:\Users\lordo\Documents\GitHub\llmtornado\src\LlmTornado\Chat\Vendors\Cohere\VendorCohereChatResult.cs(163,23): warning CS8618: Non-nullable property 'Name' must contain a non-null value when exiting constructor. Consider adding the 'required' modifier or declaring the property as nullable. [C:\Users\lordo\Documents\GitHub\llmtornado\src\LlmTornado\LlmTornado.csproj::TargetFramework=net462]
C:\Users\lordo\Documents\GitHub\llmtornado\src\LlmTornado\Chat\Vendors\Cohere\VendorCohereChatResult.cs(169,23): warning CS8618: Non-nullable property 'Arguments' must contain a non-null value when exiting constructor. Consider adding the 'required' modifier or declaring the property as nullable. [C:\Users\lordo\Documents\GitHub\llmtornado\src\LlmTornado\LlmTornado.csproj::TargetFramework=net462]
C:\Users\lordo\Documents\GitHub\llmtornado\src\LlmTornado\Chat\Vendors\Cohere\VendorCohereChatResult.cs(139,23): warning CS8618: Non-nullable property 'Id' must contain a non-null value when exiting constructor. Consider adding the 'required' modifier or declaring the property as nullable. [C:\Users\lordo\Documents\GitHub\llmtornado\src\LlmTornado\LlmTornado.csproj::TargetFramework=net462]
C:\Users\lordo\Documents\GitHub\llmtornado\src\LlmTornado\Chat\Vendors\Cohere\VendorCohereChatResult.cs(151,45): warning CS8618: Non-nullable property 'Function' must contain a non-null value when exiting constructor. Consider adding the 'required' modifier or declaring the property as nullable. [C:\Users\lordo\Documents\GitHub\llmtornado\src\LlmTornado\LlmTornado.csproj::TargetFramework=net462]
C:\Users\lordo\Documents\GitHub\llmtornado\src\LlmTornado\Chat\Vendors\Cohere\VendorCohereChatResult.cs(118,23): warning CS8618: Non-nullable property 'Text' must contain a non-null value when exiting constructor. Consider adding the 'required' modifier or declaring the property as nullable. [C:\Users\lordo\Documents\GitHub\llmtornado\src\LlmTornado\LlmTornado.csproj::TargetFramework=net462]
C:\Users\lordo\Documents\GitHub\llmtornado\src\LlmTornado\Chat\Vendors\Cohere\VendorCohereChatResult.cs(121,23): warning CS8618: Non-nullable property 'Thinking' must contain a non-null value when exiting constructor. Consider adding the 'required' modifier or declaring the property as nullable. [C:\Users\lordo\Documents\GitHub\llmtornado\src\LlmTornado\LlmTornado.csproj::TargetFramework=net462]
C:\Users\lordo\Documents\GitHub\llmtornado\src\LlmTornado\Chat\Vendors\Cohere\VendorCohereChatResult.cs(50,39): warning CS8618: Non-nullable property 'Document' must contain a non-null value when exiting constructor. Consider adding the 'required' modifier or declaring the property as nullable. [C:\Users\lordo\Documents\GitHub\llmtornado\src\LlmTornado\LlmTornado.csproj::TargetFramework=net462]
C:\Users\lordo\Documents\GitHub\llmtornado\src\LlmTornado\Chat\Vendors\Cohere\VendorCohereChatResult.cs(53,19): warning CS8618: Non-nullable property 'Id' must contain a non-null value when exiting constructor. Consider adding the 'required' modifier or declaring the property as nullable. [C:\Users\lordo\Documents\GitHub\llmtornado\src\LlmTornado\LlmTornado.csproj::TargetFramework=net462]
C:\Users\lordo\Documents\GitHub\llmtornado\src\LlmTornado\Responses\ResponseHelpers.cs(113,29): warning CS8604: Possible null reference argument for parameter 'output' in 'FunctionToolCallOutput.FunctionToolCallOutput(string callId, string output)'. [C:\Users\lordo\Documents\GitHub\llmtornado\src\LlmTornado\LlmTornado.csproj::TargetFramework=net462]
C:\Users\lordo\Documents\GitHub\llmtornado\src\LlmTornado\Chat\Models\Anthropic\ChatModelAnthropicClaude3.cs(50,106): warning CS0618: 'ChatModelAnthropicClaude3.ModelSonnet' is obsolete: 'deprecated' [C:\Users\lordo\Documents\GitHub\llmtornado\src\LlmTornado\LlmTornado.csproj::TargetFramework=net462]
C:\Users\lordo\Documents\GitHub\llmtornado\src\LlmTornado\Images\ImageSize.cs(339,34): warning CS8604: Possible null reference argument for parameter 'value' in 'ImageSize.ImageSize(string value)'. [C:\Users\lordo\Documents\GitHub\llmtornado\src\LlmTornado\LlmTornado.csproj::TargetFramework=net462]
C:\Users\lordo\Documents\GitHub\llmtornado\src\LlmTornado\Chat\ResolvedToolsCall.cs(37,24): warning CS8618: Non-nullable property 'ToolMessage' must contain a non-null value when exiting constructor. Consider adding the 'required' modifier or declaring the property as nullable. [C:\Users\lordo\Documents\GitHub\llmtornado\src\LlmTornado\LlmTornado.csproj::TargetFramework=net462]
C:\Users\lordo\Documents\GitHub\llmtornado\src\LlmTornado\Chat\ResolvedToolsCall.cs(50,24): warning CS8618: Non-nullable property 'AssistantMessage' must contain a non-null value when exiting constructor. Consider adding the 'required' modifier or declaring the property as nullable. [C:\Users\lordo\Documents\GitHub\llmtornado\src\LlmTornado\LlmTornado.csproj::TargetFramework=net462]
C:\Users\lordo\Documents\GitHub\llmtornado\src\LlmTornado\Responses\ResponseInputContent.cs(246,50): warning CS8604: Possible null reference argument for parameter 'fileName' in 'void OpenAiInputFileTypes.ValidateOrThrow(string fileName, string? mimeType = null)'. [C:\Users\lordo\Documents\GitHub\llmtornado\src\LlmTornado\LlmTornado.csproj::TargetFramework=net462]
C:\Users\lordo\Documents\GitHub\llmtornado\src\LlmTornado\Responses\ResponseInputContent.cs(262,50): warning CS8604: Possible null reference argument for parameter 'fileName' in 'void OpenAiInputFileTypes.ValidateOrThrow(string fileName, string? mimeType = null)'. [C:\Users\lordo\Documents\GitHub\llmtornado\src\LlmTornado\LlmTornado.csproj::TargetFramework=net462]
C:\Users\lordo\Documents\GitHub\llmtornado\src\LlmTornado\Responses\ResponseInputContent.cs(275,50): warning CS8604: Possible null reference argument for parameter 'fileName' in 'void OpenAiInputFileTypes.ValidateOrThrow(string fileName, string? mimeType = null)'. [C:\Users\lordo\Documents\GitHub\llmtornado\src\LlmTornado\LlmTornado.csproj::TargetFramework=net462]
C:\Users\lordo\Documents\GitHub\llmtornado\src\LlmTornado\Chat\Models\ChatModel.cs(491,45): warning CS8618: Non-nullable property 'ModelsByName' must contain a non-null value when exiting constructor. Consider adding the 'required' modifier or declaring the property as nullable. [C:\Users\lordo\Documents\GitHub\llmtornado\src\LlmTornado\LlmTornado.csproj::TargetFramework=net462]
C:\Users\lordo\Documents\GitHub\llmtornado\src\LlmTornado\Chat\Models\Upstage\ChatModelUpstage.cs(51,9): warning CS8604: Possible null reference argument for parameter 'item' in 'void List<IModel>.Add(IModel item)'. [C:\Users\lordo\Documents\GitHub\llmtornado\src\LlmTornado\LlmTornado.csproj::TargetFramework=net462]
C:\Users\lordo\Documents\GitHub\llmtornado\src\LlmTornado\Chat\Models\Upstage\ChatModelUpstage.cs(52,9): warning CS8604: Possible null reference argument for parameter 'item' in 'void List<IModel>.Add(IModel item)'. [C:\Users\lordo\Documents\GitHub\llmtornado\src\LlmTornado\LlmTornado.csproj::TargetFramework=net462]
C:\Users\lordo\Documents\GitHub\llmtornado\src\LlmTornado\Chat\Models\Upstage\ChatModelUpstage.cs(53,9): warning CS8604: Possible null reference argument for parameter 'item' in 'void List<IModel>.Add(IModel item)'. [C:\Users\lordo\Documents\GitHub\llmtornado\src\LlmTornado\LlmTornado.csproj::TargetFramework=net462]
C:\Users\lordo\Documents\GitHub\llmtornado\src\LlmTornado\Chat\Models\Upstage\ChatModelUpstage.cs(54,9): warning CS8604: Possible null reference argument for parameter 'item' in 'void List<IModel>.Add(IModel item)'. [C:\Users\lordo\Documents\GitHub\llmtornado\src\LlmTornado\LlmTornado.csproj::TargetFramework=net462]
C:\Users\lordo\Documents\GitHub\llmtornado\src\LlmTornado\Chat\Models\Upstage\ChatModelUpstage.cs(55,9): warning CS8604: Possible null reference argument for parameter 'item' in 'void List<IModel>.Add(IModel item)'. [C:\Users\lordo\Documents\GitHub\llmtornado\src\LlmTornado\LlmTornado.csproj::TargetFramework=net462]
C:\Users\lordo\Documents\GitHub\llmtornado\src\LlmTornado\Chat\Vendors\Alibaba\VendorAlibabaChatRequest.cs(18,50): warning CS8604: Possible null reference argument for parameter 'o' in 'JObject JObject.FromObject(object o, JsonSerializer jsonSerializer)'. [C:\Users\lordo\Documents\GitHub\llmtornado\src\LlmTornado\LlmTornado.csproj::TargetFramework=net462]
C:\Users\lordo\Documents\GitHub\llmtornado\src\LlmTornado\Vendor\Anthropic\VendorAnthropicChatResultContainer.cs(22,19): warning CS8618: Non-nullable property 'Type' must contain a non-null value when exiting constructor. Consider adding the 'required' modifier or declaring the property as nullable. [C:\Users\lordo\Documents\GitHub\llmtornado\src\LlmTornado\LlmTornado.csproj::TargetFramework=net462]
C:\Users\lordo\Documents\GitHub\llmtornado\src\LlmTornado\Vendor\Anthropic\VendorAnthropicChatResultContainer.cs(25,19): warning CS8618: Non-nullable property 'SkillId' must contain a non-null value when exiting constructor. Consider adding the 'required' modifier or declaring the property as nullable. [C:\Users\lordo\Documents\GitHub\llmtornado\src\LlmTornado\LlmTornado.csproj::TargetFramework=net462]
C:\Users\lordo\Documents\GitHub\llmtornado\src\LlmTornado\Vendor\Anthropic\VendorAnthropicChatResultContainer.cs(28,19): warning CS8618: Non-nullable property 'Version' must contain a non-null value when exiting constructor. Consider adding the 'required' modifier or declaring the property as nullable. [C:\Users\lordo\Documents\GitHub\llmtornado\src\LlmTornado\LlmTornado.csproj::TargetFramework=net462]
C:\Users\lordo\Documents\GitHub\llmtornado\src\LlmTornado\Vendor\Anthropic\VendorAnthropicChatResultContainer.cs(10,19): warning CS8618: Non-nullable property 'Id' must contain a non-null value when exiting constructor. Consider adding the 'required' modifier or declaring the property as nullable. [C:\Users\lordo\Documents\GitHub\llmtornado\src\LlmTornado\LlmTornado.csproj::TargetFramework=net462]
C:\Users\lordo\Documents\GitHub\llmtornado\src\LlmTornado\Vendor\Anthropic\VendorAnthropicChatResultContainer.cs(16,54): warning CS8618: Non-nullable property 'Skills' must contain a non-null value when exiting constructor. Consider adding the 'required' modifier or declaring the property as nullable. [C:\Users\lordo\Documents\GitHub\llmtornado\src\LlmTornado\LlmTornado.csproj::TargetFramework=net462]
C:\Users\lordo\Documents\GitHub\llmtornado\src\LlmTornado\Chat\Vendors\Cohere\VendorCohereChatResult.cs(38,19): warning CS8618: Non-nullable property 'Id' must contain a non-null value when exiting constructor. Consider adding the 'required' modifier or declaring the property as nullable. [C:\Users\lordo\Documents\GitHub\llmtornado\src\LlmTornado\LlmTornado.csproj::TargetFramework=net462]
C:\Users\lordo\Documents\GitHub\llmtornado\src\LlmTornado\Chat\Vendors\Cohere\VendorCohereChatResult.cs(41,39): warning CS8618: Non-nullable property 'ToolOutput' must contain a non-null value when exiting constructor. Consider adding the 'required' modifier or declaring the property as nullable. [C:\Users\lordo\Documents\GitHub\llmtornado\src\LlmTornado\LlmTornado.csproj::TargetFramework=net462]
C:\Users\lordo\Documents\GitHub\llmtornado\src\LlmTornado\Chat\Vendors\Cohere\ChatResponseVendorCohereExtensions.cs(39,12): warning CS8618: Non-nullable property 'Response' must contain a non-null value when exiting constructor. Consider adding the 'required' modifier or declaring the property as nullable. [C:\Users\lordo\Documents\GitHub\llmtornado\src\LlmTornado\LlmTornado.csproj::TargetFramework=net462]
C:\Users\lordo\Documents\GitHub\llmtornado\src\LlmTornado\Chat\Vendors\Cohere\ChatResponseVendorCohereExtensions.cs(84,47): warning CS8604: Possible null reference argument for parameter 'txt' in 'string ClearSnippet(string txt)'. [C:\Users\lordo\Documents\GitHub\llmtornado\src\LlmTornado\LlmTornado.csproj::TargetFramework=net462]
C:\Users\lordo\Documents\GitHub\llmtornado\src\LlmTornado\Chat\Vendors\Cohere\ChatResponseVendorCohereExtensions.cs(129,14): warning CS8618: Non-nullable property 'Response' must contain a non-null value when exiting constructor. Consider adding the 'required' modifier or declaring the property as nullable. [C:\Users\lordo\Documents\GitHub\llmtornado\src\LlmTornado\LlmTornado.csproj::TargetFramework=net462]
C:\Users\lordo\Documents\GitHub\llmtornado\src\LlmTornado\Chat\Models\Google\ChatModelGoogleGemini.cs(329,9): warning CS0618: 'ChatModelGoogleGemini.ModelGemini15ProLatest' is obsolete: 'Use ModelGemini25Pro instead.' [C:\Users\lordo\Documents\GitHub\llmtornado\src\LlmTornado\LlmTornado.csproj::TargetFramework=net462]
C:\Users\lordo\Documents\GitHub\llmtornado\src\LlmTornado\Chat\Models\Google\ChatModelGoogleGemini.cs(330,9): warning CS0618: 'ChatModelGoogleGemini.ModelGemini15Pro' is obsolete: 'Use ModelGemini25Pro instead.' [C:\Users\lordo\Documents\GitHub\llmtornado\src\LlmTornado\LlmTornado.csproj::TargetFramework=net462]
C:\Users\lordo\Documents\GitHub\llmtornado\src\LlmTornado\Interactions\InteractionStreamEvent.cs(120,29): warning CS0436: The type 'FrozenDictionary<TKey, TValue>' in 'C:\Users\lordo\Documents\GitHub\llmtornado\src\LlmTornado\Code\LegacyFrozen.cs' conflicts with the imported type 'FrozenDictionary<TKey, TValue>' in 'System.Collections.Immutable, Version=8.0.0.0, Culture=neutral, PublicKeyToken=b03f5f7f11d50a3a'. Using the type defined in 'C:\Users\lordo\Documents\GitHub\llmtornado\src\LlmTornado\Code\LegacyFrozen.cs'. [C:\Users\lordo\Documents\GitHub\llmtornado\src\LlmTornado\LlmTornado.csproj::TargetFramework=netstandard2.0]
C:\Users\lordo\Documents\GitHub\llmtornado\src\LlmTornado\Chat\Models\Google\ChatModelGoogleGemini.cs(330,27): warning CS0618: 'ChatModelGoogleGemini.ModelGemini15Pro001' is obsolete: 'Use ModelGemini25Pro instead.' [C:\Users\lordo\Documents\GitHub\llmtornado\src\LlmTornado\LlmTornado.csproj::TargetFramework=net462]
C:\Users\lordo\Documents\GitHub\llmtornado\src\LlmTornado\Chat\Models\Google\ChatModelGoogleGemini.cs(330,48): warning CS0618: 'ChatModelGoogleGemini.ModelGemini15Pro002' is obsolete: 'Use ModelGemini25Pro instead.' [C:\Users\lordo\Documents\GitHub\llmtornado\src\LlmTornado\LlmTornado.csproj::TargetFramework=net462]
C:\Users\lordo\Documents\GitHub\llmtornado\src\LlmTornado\ManagedAgents\ManagedAgent.cs(17,20): warning CS0108: 'ManagedAgent.Object' hides inherited member 'ApiResultBase.Object'. Use the new keyword if hiding was intended. [C:\Users\lordo\Documents\GitHub\llmtornado\src\LlmTornado\LlmTornado.csproj::TargetFramework=netstandard2.0]
C:\Users\lordo\Documents\GitHub\llmtornado\src\LlmTornado\Moderation\ModerationResult.cs(71,35): warning CS8603: Possible null reference return. [C:\Users\lordo\Documents\GitHub\llmtornado\src\LlmTornado\LlmTornado.csproj::TargetFramework=net8.0]
C:\Users\lordo\Documents\GitHub\llmtornado\src\LlmTornado\Chat\Models\Google\ChatModelGoogleGemini.cs(330,69): warning CS0618: 'ChatModelGoogleGemini.ModelGemini15Flash8B' is obsolete: 'Use ModelGeminiFlashLatest instead.' [C:\Users\lordo\Documents\GitHub\llmtornado\src\LlmTornado\LlmTornado.csproj::TargetFramework=net462]
C:\Users\lordo\Documents\GitHub\llmtornado\src\LlmTornado\Chat\Models\Google\ChatModelGoogleGemini.cs(330,91): warning CS0618: 'ChatModelGoogleGemini.ModelGemini15Flash8BLatest' is obsolete: 'Use ModelGeminiFlashLatest instead.' [C:\Users\lordo\Documents\GitHub\llmtornado\src\LlmTornado\LlmTornado.csproj::TargetFramework=net462]
C:\Users\lordo\Documents\GitHub\llmtornado\src\LlmTornado\Chat\Models\Google\ChatModelGoogleGemini.cs(330,119): warning CS0618: 'ChatModelGoogleGemini.ModelGemini2Flash001' is obsolete: 'Shut down June 1, 2026. Use ModelGemini25Flash or ModelGemini35Flash instead.' [C:\Users\lordo\Documents\GitHub\llmtornado\src\LlmTornado\LlmTornado.csproj::TargetFramework=net462]
C:\Users\lordo\Documents\GitHub\llmtornado\src\LlmTornado\Chat\Models\Google\ChatModelGoogleGemini.cs(331,9): warning CS0618: 'ChatModelGoogleGemini.ModelGemini2FlashLatest' is obsolete: 'Shut down June 1, 2026. Use ModelGemini25Flash or ModelGemini35Flash instead.' [C:\Users\lordo\Documents\GitHub\llmtornado\src\LlmTornado\LlmTornado.csproj::TargetFramework=net462]
C:\Users\lordo\Documents\GitHub\llmtornado\src\LlmTornado\Chat\Models\Google\ChatModelGoogleGemini.cs(331,34): warning CS0618: 'ChatModelGoogleGemini.ModelGemini2FlashLite001' is obsolete: 'Shut down June 1, 2026. Use ModelGemini25FlashLite or ModelGemini31FlashLite instead.' [C:\Users\lordo\Documents\GitHub\llmtornado\src\LlmTornado\LlmTornado.csproj::TargetFramework=net462]
C:\Users\lordo\Documents\GitHub\llmtornado\src\LlmTornado\Chat\Models\Google\ChatModelGoogleGemini.cs(331,60): warning CS0618: 'ChatModelGoogleGemini.ModelGemini2FlashLiteLatest' is obsolete: 'Shut down June 1, 2026. Use ModelGemini25FlashLite or ModelGemini31FlashLite instead.' [C:\Users\lordo\Documents\GitHub\llmtornado\src\LlmTornado\LlmTornado.csproj::TargetFramework=net462]
C:\Users\lordo\Documents\GitHub\llmtornado\src\LlmTornado\Chat\Models\Google\ChatModelGoogle.cs(82,9): warning CS0618: 'ChatModelGoogleGeminiPreview.ModelGemini31FlashLitePreview' is obsolete: 'Shut down May 25, 2026. Use ModelGemini31FlashLite instead.' [C:\Users\lordo\Documents\GitHub\llmtornado\src\LlmTornado\LlmTornado.csproj::TargetFramework=net462]
C:\Users\lordo\Documents\GitHub\llmtornado\src\LlmTornado\ManagedAgents\ManagedAgent.cs(65,20): warning CS0108: 'ManagedAgent.Created' hides inherited member 'ApiResultBase.Created'. Use the new keyword if hiding was intended. [C:\Users\lordo\Documents\GitHub\llmtornado\src\LlmTornado\LlmTornado.csproj::TargetFramework=netstandard2.0]
C:\Users\lordo\Documents\GitHub\llmtornado\src\LlmTornado\Chat\Models\Google\ChatModelGoogle.cs(83,9): warning CS0618: 'ChatModelGoogleGeminiPreview.ModelGemini3ProPreview' is obsolete: 'Shut down March 9, 2026. Use ModelGemini31ProPreview instead.' [C:\Users\lordo\Documents\GitHub\llmtornado\src\LlmTornado\LlmTornado.csproj::TargetFramework=net462]
C:\Users\lordo\Documents\GitHub\llmtornado\src\LlmTornado\Ocr\OcrRequest.cs(17,12): warning CS8618: Non-nullable property 'Model' must contain a non-null value when exiting constructor. Consider adding the 'required' modifier or declaring the property as nullable. [C:\Users\lordo\Documents\GitHub\llmtornado\src\LlmTornado\LlmTornado.csproj::TargetFramework=net8.0]
C:\Users\lordo\Documents\GitHub\llmtornado\src\LlmTornado\Chat\Models\Google\ChatModelGoogle.cs(102,9): warning CS0618: 'ChatModelGoogleGeminiPreview.ModelGemini31FlashLitePreview' is obsolete: 'Shut down May 25, 2026. Use ModelGemini31FlashLite instead.' [C:\Users\lordo\Documents\GitHub\llmtornado\src\LlmTornado\LlmTornado.csproj::TargetFramework=net462]
C:\Users\lordo\Documents\GitHub\llmtornado\src\LlmTornado\Ocr\OcrRequest.cs(17,12): warning CS8618: Non-nullable property 'Document' must contain a non-null value when exiting constructor. Consider adding the 'required' modifier or declaring the property as nullable. [C:\Users\lordo\Documents\GitHub\llmtornado\src\LlmTornado\LlmTornado.csproj::TargetFramework=net8.0]
C:\Users\lordo\Documents\GitHub\llmtornado\src\LlmTornado\EndpointBase.cs(868,40): warning CS8425: Async-iterator 'EndpointBase.HttpStreamingRequest<T>(IEndpointProvider, CapabilityEndpoints, string?, Dictionary<string, object>?, HttpVerbs?, object?, IModel?, Ref<string>?, CancellationToken)' has one or more parameters of type 'CancellationToken' but none of them is decorated with the 'EnumeratorCancellation' attribute, so the cancellation token parameter from the generated 'IAsyncEnumerable<>.GetAsyncEnumerator' will be unconsumed [C:\Users\lordo\Documents\GitHub\llmtornado\src\LlmTornado\LlmTornado.csproj::TargetFramework=netstandard2.0]
C:\Users\lordo\Documents\GitHub\llmtornado\src\LlmTornado\Chat\Models\Google\ChatModelGoogle.cs(103,9): warning CS0618: 'ChatModelGoogleGeminiPreview.ModelGemini3ProPreview' is obsolete: 'Shut down March 9, 2026. Use ModelGemini31ProPreview instead.' [C:\Users\lordo\Documents\GitHub\llmtornado\src\LlmTornado\LlmTornado.csproj::TargetFramework=net462]
C:\Users\lordo\Documents\GitHub\llmtornado\src\LlmTornado\Rerank\RerankResult.cs(16,19): warning CS0108: 'RerankResult.Object' hides inherited member 'ApiResultBase.Object'. Use the new keyword if hiding was intended. [C:\Users\lordo\Documents\GitHub\llmtornado\src\LlmTornado\LlmTornado.csproj::TargetFramework=netstandard2.0]
C:\Users\lordo\Documents\GitHub\llmtornado\src\LlmTornado\Chat\Models\Google\ChatModelGoogle.cs(105,9): warning CS0618: 'ChatModelGoogleGeminiPreview.ModelGemini3ProImagePreview' is obsolete: 'Shut down June 25, 2026. Use ModelGemini3ProImage instead.' [C:\Users\lordo\Documents\GitHub\llmtornado\src\LlmTornado\LlmTornado.csproj::TargetFramework=net462]
C:\Users\lordo\Documents\GitHub\llmtornado\src\LlmTornado\Rerank\RerankResult.cs(28,19): warning CS0108: 'RerankResult.Model' hides inherited member 'ApiResultBase.Model'. Use the new keyword if hiding was intended. [C:\Users\lordo\Documents\GitHub\llmtornado\src\LlmTornado\LlmTornado.csproj::TargetFramework=netstandard2.0]
C:\Users\lordo\Documents\GitHub\llmtornado\src\LlmTornado\Chat\Models\Google\ChatModelGoogle.cs(110,9): warning CS0618: 'ChatModelGoogleGeminiPreview.ModelGemini31FlashImagePreview' is obsolete: 'Shut down June 25, 2026. Use ModelGemini31FlashImage instead.' [C:\Users\lordo\Documents\GitHub\llmtornado\src\LlmTornado\LlmTornado.csproj::TargetFramework=net462]
C:\Users\lordo\Documents\GitHub\llmtornado\src\LlmTornado\Realtime\Vendors\OpenAi\VendorOpenAiRealtimeTranslation.cs(22,29): warning CS0436: The type 'FrozenDictionary<TKey, TValue>' in 'C:\Users\lordo\Documents\GitHub\llmtornado\src\LlmTornado\Code\LegacyFrozen.cs' conflicts with the imported type 'FrozenDictionary<TKey, TValue>' in 'System.Collections.Immutable, Version=8.0.0.0, Culture=neutral, PublicKeyToken=b03f5f7f11d50a3a'. Using the type defined in 'C:\Users\lordo\Documents\GitHub\llmtornado\src\LlmTornado\Code\LegacyFrozen.cs'. [C:\Users\lordo\Documents\GitHub\llmtornado\src\LlmTornado\LlmTornado.csproj::TargetFramework=netstandard2.0]
C:\Users\lordo\Documents\GitHub\llmtornado\src\LlmTornado\Chat\Models\Google\ChatModelGoogle.cs(117,9): warning CS0618: 'ChatModelGoogleGeminiPreview.ModelGemini3ProPreview' is obsolete: 'Shut down March 9, 2026. Use ModelGemini31ProPreview instead.' [C:\Users\lordo\Documents\GitHub\llmtornado\src\LlmTornado\LlmTornado.csproj::TargetFramework=net462]
C:\Users\lordo\Documents\GitHub\llmtornado\src\LlmTornado\Chat\Models\Google\ChatModelGoogle.cs(119,9): warning CS0618: 'ChatModelGoogleGeminiPreview.ModelGemini3ProImagePreview' is obsolete: 'Shut down June 25, 2026. Use ModelGemini3ProImage instead.' [C:\Users\lordo\Documents\GitHub\llmtornado\src\LlmTornado\LlmTornado.csproj::TargetFramework=net462]
C:\Users\lordo\Documents\GitHub\llmtornado\src\LlmTornado\Chat\Models\Google\ChatModelGoogle.cs(140,9): warning CS0618: 'ChatModelGoogleGeminiPreview.ModelGemini31FlashLitePreview' is obsolete: 'Shut down May 25, 2026. Use ModelGemini31FlashLite instead.' [C:\Users\lordo\Documents\GitHub\llmtornado\src\LlmTornado\LlmTornado.csproj::TargetFramework=net462]
C:\Users\lordo\Documents\GitHub\llmtornado\src\LlmTornado\Chat\Models\Google\ChatModelGoogle.cs(142,9): warning CS0618: 'ChatModelGoogleGeminiPreview.ModelGemini31FlashImagePreview' is obsolete: 'Shut down June 25, 2026. Use ModelGemini31FlashImage instead.' [C:\Users\lordo\Documents\GitHub\llmtornado\src\LlmTornado\LlmTornado.csproj::TargetFramework=net462]
C:\Users\lordo\Documents\GitHub\llmtornado\src\LlmTornado\Chat\Models\Google\ChatModelGoogle.cs(157,9): warning CS0618: 'ChatModelGoogleGeminiPreview.ModelGemini31FlashLitePreview' is obsolete: 'Shut down May 25, 2026. Use ModelGemini31FlashLite instead.' [C:\Users\lordo\Documents\GitHub\llmtornado\src\LlmTornado\LlmTornado.csproj::TargetFramework=net462]
C:\Users\lordo\Documents\GitHub\llmtornado\src\LlmTornado\Ocr\OcrRequest.cs(36,12): warning CS8618: Non-nullable property 'Model' must contain a non-null value when exiting constructor. Consider adding the 'required' modifier or declaring the property as nullable. [C:\Users\lordo\Documents\GitHub\llmtornado\src\LlmTornado\LlmTornado.csproj::TargetFramework=net8.0]
C:\Users\lordo\Documents\GitHub\llmtornado\src\LlmTornado\Ocr\OcrRequest.cs(36,12): warning CS8618: Non-nullable property 'Document' must contain a non-null value when exiting constructor. Consider adding the 'required' modifier or declaring the property as nullable. [C:\Users\lordo\Documents\GitHub\llmtornado\src\LlmTornado\LlmTornado.csproj::TargetFramework=net8.0]
C:\Users\lordo\Documents\GitHub\llmtornado\src\LlmTornado\Moderation\ModerationResult.cs(46,38): warning CS8618: Non-nullable property 'Categories' must contain a non-null value when exiting constructor. Consider adding the 'required' modifier or declaring the property as nullable. [C:\Users\lordo\Documents\GitHub\llmtornado\src\LlmTornado\LlmTornado.csproj::TargetFramework=net8.0]
C:\Users\lordo\Documents\GitHub\llmtornado\src\LlmTornado\Chat\Models\Google\ChatModelGoogle.cs(168,9): warning CS0618: 'ChatModelGoogleGeminiPreview.ModelGemini31FlashLitePreview' is obsolete: 'Shut down May 25, 2026. Use ModelGemini31FlashLite instead.' [C:\Users\lordo\Documents\GitHub\llmtornado\src\LlmTornado\LlmTornado.csproj::TargetFramework=net462]
C:\Users\lordo\Documents\GitHub\llmtornado\src\LlmTornado\Moderation\ModerationResult.cs(52,40): warning CS8618: Non-nullable property 'CategoryScores' must contain a non-null value when exiting constructor. Consider adding the 'required' modifier or declaring the property as nullable. [C:\Users\lordo\Documents\GitHub\llmtornado\src\LlmTornado\LlmTornado.csproj::TargetFramework=net8.0]
C:\Users\lordo\Documents\GitHub\llmtornado\src\LlmTornado\Chat\Models\Google\ChatModelGoogle.cs(173,9): warning CS0618: 'ChatModelGoogleGemini.ModelGemini2Flash001' is obsolete: 'Shut down June 1, 2026. Use ModelGemini25Flash or ModelGemini35Flash instead.' [C:\Users\lordo\Documents\GitHub\llmtornado\src\LlmTornado\LlmTornado.csproj::TargetFramework=net462]
C:\Users\lordo\Documents\GitHub\llmtornado\src\LlmTornado\Code\PartialModels.cs(363,30): warning CS0436: The type 'FrozenDictionary<TKey, TValue>' in 'C:\Users\lordo\Documents\GitHub\llmtornado\src\LlmTornado\Code\LegacyFrozen.cs' conflicts with the imported type 'FrozenDictionary<TKey, TValue>' in 'System.Collections.Immutable, Version=8.0.0.0, Culture=neutral, PublicKeyToken=b03f5f7f11d50a3a'. Using the type defined in 'C:\Users\lordo\Documents\GitHub\llmtornado\src\LlmTornado\Code\LegacyFrozen.cs'. [C:\Users\lordo\Documents\GitHub\llmtornado\src\LlmTornado\LlmTornado.csproj::TargetFramework=netstandard2.0]
C:\Users\lordo\Documents\GitHub\llmtornado\src\LlmTornado\Chat\Models\Google\ChatModelGoogle.cs(174,9): warning CS0618: 'ChatModelGoogleGemini.ModelGemini2FlashLatest' is obsolete: 'Shut down June 1, 2026. Use ModelGemini25Flash or ModelGemini35Flash instead.' [C:\Users\lordo\Documents\GitHub\llmtornado\src\LlmTornado\LlmTornado.csproj::TargetFramework=net462]
C:\Users\lordo\Documents\GitHub\llmtornado\src\LlmTornado\Chat\Models\Google\ChatModelGoogle.cs(183,9): warning CS0618: 'ChatModelGoogleGemini.ModelGemini15Pro' is obsolete: 'Use ModelGemini25Pro instead.' [C:\Users\lordo\Documents\GitHub\llmtornado\src\LlmTornado\LlmTornado.csproj::TargetFramework=net462]
C:\Users\lordo\Documents\GitHub\llmtornado\src\LlmTornado\Chat\Models\Google\ChatModelGoogle.cs(184,9): warning CS0618: 'ChatModelGoogleGemini.ModelGemini15Flash8B' is obsolete: 'Use ModelGeminiFlashLatest instead.' [C:\Users\lordo\Documents\GitHub\llmtornado\src\LlmTornado\LlmTornado.csproj::TargetFramework=net462]
C:\Users\lordo\Documents\GitHub\llmtornado\src\LlmTornado\Chat\Models\Google\ChatModelGoogle.cs(206,586): warning CS0618: 'ChatModelGoogleGeminiPreview.ModelGemini31FlashLitePreview' is obsolete: 'Shut down May 25, 2026. Use ModelGemini31FlashLite instead.' [C:\Users\lordo\Documents\GitHub\llmtornado\src\LlmTornado\LlmTornado.csproj::TargetFramework=net462]
C:\Users\lordo\Documents\GitHub\llmtornado\src\LlmTornado\Chat\Models\Google\ChatModelGoogle.cs(217,9): warning CS0618: 'ChatModelGoogleGeminiPreview.ModelGemini25FlashImagePreview' is obsolete: 'Shut down January 15, 2026. Use ModelGemini3ProImage or ModelGemini31FlashImage instead.' [C:\Users\lordo\Documents\GitHub\llmtornado\src\LlmTornado\LlmTornado.csproj::TargetFramework=net462]
C:\Users\lordo\Documents\GitHub\llmtornado\src\LlmTornado\Chat\Models\Google\ChatModelGoogle.cs(219,9): warning CS0618: 'ChatModelGoogleGeminiPreview.ModelGemini3ProImagePreview' is obsolete: 'Shut down June 25, 2026. Use ModelGemini3ProImage instead.' [C:\Users\lordo\Documents\GitHub\llmtornado\src\LlmTornado\LlmTornado.csproj::TargetFramework=net462]
C:\Users\lordo\Documents\GitHub\llmtornado\src\LlmTornado\Moderation\ModerationResult.cs(32,16): warning CS8603: Possible null reference return. [C:\Users\lordo\Documents\GitHub\llmtornado\src\LlmTornado\LlmTornado.csproj::TargetFramework=net8.0]
C:\Users\lordo\Documents\GitHub\llmtornado\src\LlmTornado\Chat\Models\Google\ChatModelGoogle.cs(221,9): warning CS0618: 'ChatModelGoogleGeminiPreview.ModelGemini31FlashImagePreview' is obsolete: 'Shut down June 25, 2026. Use ModelGemini31FlashImage instead.' [C:\Users\lordo\Documents\GitHub\llmtornado\src\LlmTornado\LlmTornado.csproj::TargetFramework=net462]
C:\Users\lordo\Documents\GitHub\llmtornado\src\LlmTornado\Chat\Models\Google\ChatModelGoogleGeminiPreview.cs(342,35): warning CS0618: 'ChatModelGoogleGeminiPreview.ModelGemini3ProPreview' is obsolete: 'Shut down March 9, 2026. Use ModelGemini31ProPreview instead.' [C:\Users\lordo\Documents\GitHub\llmtornado\src\LlmTornado\LlmTornado.csproj::TargetFramework=net462]
C:\Users\lordo\Documents\GitHub\llmtornado\src\LlmTornado\Chat\Models\Google\ChatModelGoogleGeminiPreview.cs(342,59): warning CS0618: 'ChatModelGoogleGeminiPreview.ModelGemini3ProImagePreview' is obsolete: 'Shut down June 25, 2026. Use ModelGemini3ProImage instead.' [C:\Users\lordo\Documents\GitHub\llmtornado\src\LlmTornado\LlmTornado.csproj::TargetFramework=net462]
C:\Users\lordo\Documents\GitHub\llmtornado\src\LlmTornado\Responses\ResponsesEndpoint.cs(27,29): warning CS0436: The type 'FrozenDictionary<TKey, TValue>' in 'C:\Users\lordo\Documents\GitHub\llmtornado\src\LlmTornado\Code\LegacyFrozen.cs' conflicts with the imported type 'FrozenDictionary<TKey, TValue>' in 'System.Collections.Immutable, Version=8.0.0.0, Culture=neutral, PublicKeyToken=b03f5f7f11d50a3a'. Using the type defined in 'C:\Users\lordo\Documents\GitHub\llmtornado\src\LlmTornado\Code\LegacyFrozen.cs'. [C:\Users\lordo\Documents\GitHub\llmtornado\src\LlmTornado\LlmTornado.csproj::TargetFramework=netstandard2.0]
C:\Users\lordo\Documents\GitHub\llmtornado\src\LlmTornado\Chat\Models\Google\ChatModelGoogleGeminiPreview.cs(342,88): warning CS0618: 'ChatModelGoogleGeminiPreview.ModelGemini31FlashImagePreview' is obsolete: 'Shut down June 25, 2026. Use ModelGemini31FlashImage instead.' [C:\Users\lordo\Documents\GitHub\llmtornado\src\LlmTornado\LlmTornado.csproj::TargetFramework=net462]
C:\Users\lordo\Documents\GitHub\llmtornado\src\LlmTornado\Chat\Models\Google\ChatModelGoogleGeminiPreview.cs(343,9): warning CS0618: 'ChatModelGoogleGeminiPreview.ModelGemini31FlashLitePreview' is obsolete: 'Shut down May 25, 2026. Use ModelGemini31FlashLite instead.' [C:\Users\lordo\Documents\GitHub\llmtornado\src\LlmTornado\LlmTornado.csproj::TargetFramework=net462]
C:\Users\lordo\Documents\GitHub\llmtornado\src\LlmTornado\Chat\Models\Google\ChatModelGoogleGeminiPreview.cs(347,44): warning CS0618: 'ChatModelGoogleGeminiPreview.ModelGemini25FlashImagePreview' is obsolete: 'Shut down January 15, 2026. Use ModelGemini3ProImage or ModelGemini31FlashImage instead.' [C:\Users\lordo\Documents\GitHub\llmtornado\src\LlmTornado\LlmTornado.csproj::TargetFramework=net462]
C:\Users\lordo\Documents\GitHub\llmtornado\src\LlmTornado\Chat\Models\Google\ChatModelGoogleGeminiPreview.cs(347,107): warning CS0618: 'ChatModelGoogleGeminiPreview.ModelGemini25FlashLitePreview0925' is obsolete: 'Shut down March 31, 2026. Use ModelGemini31FlashLite instead.' [C:\Users\lordo\Documents\GitHub\llmtornado\src\LlmTornado\LlmTornado.csproj::TargetFramework=net462]
C:\Users\lordo\Documents\GitHub\llmtornado\src\LlmTornado\Chat\Models\Google\ChatModelGoogleGeminiPreview.cs(348,41): warning CS0618: 'ChatModelGoogleGeminiPreview.ModelGeminiRoboticsRe15Preview' is obsolete: 'Shut down April 30, 2026. Use GeminiRoboticsRe16Preview instead.' [C:\Users\lordo\Documents\GitHub\llmtornado\src\LlmTornado\LlmTornado.csproj::TargetFramework=net462]
C:\Users\lordo\Documents\GitHub\llmtornado\src\LlmTornado\Chat\Vendors\Cohere\VendorCohereChatRequest.cs(558,23): warning CS8600: Converting null literal or possible null value to non-nullable type. [C:\Users\lordo\Documents\GitHub\llmtornado\src\LlmTornado\LlmTornado.csproj::TargetFramework=net462]
C:\Users\lordo\Documents\GitHub\llmtornado\src\LlmTornado\Moderation\ModerationResult.cs(16,25): warning CS8618: Non-nullable property 'Results' must contain a non-null value when exiting constructor. Consider adding the 'required' modifier or declaring the property as nullable. [C:\Users\lordo\Documents\GitHub\llmtornado\src\LlmTornado\LlmTornado.csproj::TargetFramework=net8.0]
C:\Users\lordo\Documents\GitHub\llmtornado\src\LlmTornado\Responses\ResponsesEndpoint.cs(84,29): warning CS0436: The type 'FrozenDictionary<TKey, TValue>' in 'C:\Users\lordo\Documents\GitHub\llmtornado\src\LlmTornado\Code\LegacyFrozen.cs' conflicts with the imported type 'FrozenDictionary<TKey, TValue>' in 'System.Collections.Immutable, Version=8.0.0.0, Culture=neutral, PublicKeyToken=b03f5f7f11d50a3a'. Using the type defined in 'C:\Users\lordo\Documents\GitHub\llmtornado\src\LlmTornado\Code\LegacyFrozen.cs'. [C:\Users\lordo\Documents\GitHub\llmtornado\src\LlmTornado\LlmTornado.csproj::TargetFramework=netstandard2.0]
C:\Users\lordo\Documents\GitHub\llmtornado\src\LlmTornado\Moderation\ModerationResult.cs(23,19): warning CS8618: Non-nullable property 'Id' must contain a non-null value when exiting constructor. Consider adding the 'required' modifier or declaring the property as nullable. [C:\Users\lordo\Documents\GitHub\llmtornado\src\LlmTornado\LlmTornado.csproj::TargetFramework=net8.0]
C:\Users\lordo\Documents\GitHub\llmtornado\src\LlmTornado\Chat\Vendors\Cohere\VendorCohereChatRequest.cs(534,23): warning CS8600: Converting null literal or possible null value to non-nullable type. [C:\Users\lordo\Documents\GitHub\llmtornado\src\LlmTornado\LlmTornado.csproj::TargetFramework=net462]
C:\Users\lordo\Documents\GitHub\llmtornado\src\LlmTornado\Moderation\ModerationRequest.cs(15,9): warning CS8618: Non-nullable property 'Model' must contain a non-null value when exiting constructor. Consider adding the 'required' modifier or declaring the property as nullable. [C:\Users\lordo\Documents\GitHub\llmtornado\src\LlmTornado\LlmTornado.csproj::TargetFramework=net8.0]
C:\Users\lordo\Documents\GitHub\llmtornado\src\LlmTornado\Vendor\Anthropic\AnthropicEndpointProvider.cs(55,27): warning CS0108: 'AnthropicEndpointProvider.OutboundVersion' hides inherited member 'BaseEndpointProvider.OutboundVersion'. Use the new keyword if hiding was intended. [C:\Users\lordo\Documents\GitHub\llmtornado\src\LlmTornado\LlmTornado.csproj::TargetFramework=netstandard2.0]
C:\Users\lordo\Documents\GitHub\llmtornado\src\LlmTornado\Chat\Vendors\Cohere\VendorCohereChatRequest.cs(503,23): warning CS8600: Converting null literal or possible null value to non-nullable type. [C:\Users\lordo\Documents\GitHub\llmtornado\src\LlmTornado\LlmTornado.csproj::TargetFramework=net462]
C:\Users\lordo\Documents\GitHub\llmtornado\src\LlmTornado\Moderation\ModerationRequest.cs(15,9): warning CS8618: Non-nullable property 'Inputs' must contain a non-null value when exiting constructor. Consider adding the 'required' modifier or declaring the property as nullable. [C:\Users\lordo\Documents\GitHub\llmtornado\src\LlmTornado\LlmTornado.csproj::TargetFramework=net8.0]
C:\Users\lordo\Documents\GitHub\llmtornado\src\LlmTornado\Vendor\Anthropic\AnthropicEndpointProvider.cs(102,32): warning CS0436: The type 'FrozenDictionary<TKey, TValue>' in 'C:\Users\lordo\Documents\GitHub\llmtornado\src\LlmTornado\Code\LegacyFrozen.cs' conflicts with the imported type 'FrozenDictionary<TKey, TValue>' in 'System.Collections.Immutable, Version=8.0.0.0, Culture=neutral, PublicKeyToken=b03f5f7f11d50a3a'. Using the type defined in 'C:\Users\lordo\Documents\GitHub\llmtornado\src\LlmTornado\Code\LegacyFrozen.cs'. [C:\Users\lordo\Documents\GitHub\llmtornado\src\LlmTornado\LlmTornado.csproj::TargetFramework=netstandard2.0]
C:\Users\lordo\Documents\GitHub\llmtornado\src\LlmTornado\Infra\ToolFactory.cs(28,9): warning CS0618: 'ChatModelGoogleGemini.Gemini2Flash001' is obsolete: 'Shut down June 1, 2026. Use ModelGemini25Flash or ModelGemini35Flash instead.' [C:\Users\lordo\Documents\GitHub\llmtornado\src\LlmTornado\LlmTornado.csproj::TargetFramework=net8.0]
C:\Users\lordo\Documents\GitHub\llmtornado\src\LlmTornado\Infra\ToolFactory.cs(28,50): warning CS0618: 'ChatModelGoogleGemini.Gemini15Pro' is obsolete: 'Use ModelGemini25Pro instead.' [C:\Users\lordo\Documents\GitHub\llmtornado\src\LlmTornado\LlmTornado.csproj::TargetFramework=net8.0]
C:\Users\lordo\Documents\GitHub\llmtornado\src\LlmTornado\Chat\Vendors\Cohere\VendorCohereChatRequest.cs(474,19): warning CS8618: Non-nullable property 'Type' must contain a non-null value when exiting constructor. Consider adding the 'required' modifier or declaring the property as nullable. [C:\Users\lordo\Documents\GitHub\llmtornado\src\LlmTornado\LlmTornado.csproj::TargetFramework=net462]
C:\Users\lordo\Documents\GitHub\llmtornado\src\LlmTornado\Infra\ToolFactory.cs(28,87): warning CS0618: 'ChatModelGoogleGemini.Gemini15Pro002' is obsolete: 'Use ModelGemini25Pro instead.' [C:\Users\lordo\Documents\GitHub\llmtornado\src\LlmTornado\LlmTornado.csproj::TargetFramework=net8.0]
C:\Users\lordo\Documents\GitHub\llmtornado\src\LlmTornado\Infra\ToolFactory.cs(28,127): warning CS0618: 'ChatModelGoogleGemini.Gemini15Pro001' is obsolete: 'Use ModelGemini25Pro instead.' [C:\Users\lordo\Documents\GitHub\llmtornado\src\LlmTornado\LlmTornado.csproj::TargetFramework=net8.0]
C:\Users\lordo\Documents\GitHub\llmtornado\src\LlmTornado\Vendor\Anthropic\AnthropicEndpointProvider.cs(156,32): warning CS0436: The type 'FrozenDictionary<TKey, TValue>' in 'C:\Users\lordo\Documents\GitHub\llmtornado\src\LlmTornado\Code\LegacyFrozen.cs' conflicts with the imported type 'FrozenDictionary<TKey, TValue>' in 'System.Collections.Immutable, Version=8.0.0.0, Culture=neutral, PublicKeyToken=b03f5f7f11d50a3a'. Using the type defined in 'C:\Users\lordo\Documents\GitHub\llmtornado\src\LlmTornado\Code\LegacyFrozen.cs'. [C:\Users\lordo\Documents\GitHub\llmtornado\src\LlmTornado\LlmTornado.csproj::TargetFramework=netstandard2.0]
C:\Users\lordo\Documents\GitHub\llmtornado\src\LlmTornado\Infra\ToolFactory.cs(28,167): warning CS0618: 'ChatModelGoogleGemini.Gemini15ProLatest' is obsolete: 'Use ModelGemini25Pro instead.' [C:\Users\lordo\Documents\GitHub\llmtornado\src\LlmTornado\LlmTornado.csproj::TargetFramework=net8.0]
C:\Users\lordo\Documents\GitHub\llmtornado\src\LlmTornado\Vendor\Cohere\CohereEndpointProvider.cs(40,27): warning CS0108: 'CohereEndpointProvider.OutboundVersion' hides inherited member 'BaseEndpointProvider.OutboundVersion'. Use the new keyword if hiding was intended. [C:\Users\lordo\Documents\GitHub\llmtornado\src\LlmTornado\LlmTornado.csproj::TargetFramework=netstandard2.0]
C:\Users\lordo\Documents\GitHub\llmtornado\src\LlmTornado\Chat\Vendors\Cohere\VendorCohereChatRequest.cs(430,19): warning CS8618: Non-nullable property 'Name' must contain a non-null value when exiting constructor. Consider adding the 'required' modifier or declaring the property as nullable. [C:\Users\lordo\Documents\GitHub\llmtornado\src\LlmTornado\LlmTornado.csproj::TargetFramework=net462]
C:\Users\lordo\Documents\GitHub\llmtornado\src\LlmTornado\Vendor\Google\GoogleEndpointProvider.cs(41,27): warning CS0108: 'GoogleEndpointProvider.OutboundVersion' hides inherited member 'BaseEndpointProvider.OutboundVersion'. Use the new keyword if hiding was intended. [C:\Users\lordo\Documents\GitHub\llmtornado\src\LlmTornado\LlmTornado.csproj::TargetFramework=netstandard2.0]
C:\Users\lordo\Documents\GitHub\llmtornado\src\LlmTornado\Infra\ToolFactory.cs(29,9): warning CS0618: 'ChatModelGoogleGemini.Gemini2FlashLatest' is obsolete: 'Shut down June 1, 2026. Use ModelGemini25Flash or ModelGemini35Flash instead.' [C:\Users\lordo\Documents\GitHub\llmtornado\src\LlmTornado\LlmTornado.csproj::TargetFramework=net8.0]
C:\Users\lordo\Documents\GitHub\llmtornado\src\LlmTornado\Chat\Vendors\Cohere\VendorCohereChatRequest.cs(432,20): warning CS8618: Non-nullable property 'Parameters' must contain a non-null value when exiting constructor. Consider adding the 'required' modifier or declaring the property as nullable. [C:\Users\lordo\Documents\GitHub\llmtornado\src\LlmTornado\LlmTornado.csproj::TargetFramework=net462]
C:\Users\lordo\Documents\GitHub\llmtornado\src\LlmTornado\Infra\ToolFactory.cs(67,48): warning CS8604: Possible null reference argument for parameter 'description' in 'ToolFunction.ToolFunction(string name, string description, object parameters)'. [C:\Users\lordo\Documents\GitHub\llmtornado\src\LlmTornado\LlmTornado.csproj::TargetFramework=net8.0]
C:\Users\lordo\Documents\GitHub\llmtornado\src\LlmTornado\Chat\Vendors\Cohere\VendorCohereChatRequest.cs(424,43): warning CS8618: Non-nullable property 'Function' must contain a non-null value when exiting constructor. Consider adding the 'required' modifier or declaring the property as nullable. [C:\Users\lordo\Documents\GitHub\llmtornado\src\LlmTornado\LlmTornado.csproj::TargetFramework=net462]
C:\Users\lordo\Documents\GitHub\llmtornado\src\LlmTornado\Vendor\OpenAi\OpenAiEndpointProvider.cs(36,27): warning CS0108: 'OpenAiEndpointProvider.OutboundVersion' hides inherited member 'BaseEndpointProvider.OutboundVersion'. Use the new keyword if hiding was intended. [C:\Users\lordo\Documents\GitHub\llmtornado\src\LlmTornado\LlmTornado.csproj::TargetFramework=netstandard2.0]
C:\Users\lordo\Documents\GitHub\llmtornado\src\LlmTornado\Interactions\InteractionsEndpoint.cs(111,70): warning CS8604: Possible null reference argument for parameter 'reader' in 'IAsyncEnumerable<ServerSentEvent> IEndpointProvider.InboundStream(StreamReader reader)'. [C:\Users\lordo\Documents\GitHub\llmtornado\src\LlmTornado\LlmTornado.csproj::TargetFramework=net8.0]
C:\Users\lordo\Documents\GitHub\llmtornado\src\LlmTornado\FineTuning\HyperParams.cs(8,19): warning CS8618: Non-nullable property 'Epochs' must contain a non-null value when exiting constructor. Consider adding the 'required' modifier or declaring the property as nullable. [C:\Users\lordo\Documents\GitHub\llmtornado\src\LlmTornado\LlmTornado.csproj::TargetFramework=net8.0]
C:\Users\lordo\Documents\GitHub\llmtornado\src\LlmTornado\Chat\Vendors\Cohere\VendorCohereChatRequest.cs(414,19): warning CS8618: Non-nullable property 'Name' must contain a non-null value when exiting constructor. Consider adding the 'required' modifier or declaring the property as nullable. [C:\Users\lordo\Documents\GitHub\llmtornado\src\LlmTornado\LlmTornado.csproj::TargetFramework=net462]
C:\Users\lordo\Documents\GitHub\llmtornado\src\LlmTornado\Videos\VideoJob.cs(22,20): warning CS0108: 'VideoJob.Object' hides inherited member 'ApiResultBase.Object'. Use the new keyword if hiding was intended. [C:\Users\lordo\Documents\GitHub\llmtornado\src\LlmTornado\LlmTornado.csproj::TargetFramework=netstandard2.0]
C:\Users\lordo\Documents\GitHub\llmtornado\src\LlmTornado\Chat\Vendors\Cohere\VendorCohereChatRequest.cs(416,19): warning CS8618: Non-nullable property 'Arguments' must contain a non-null value when exiting constructor. Consider adding the 'required' modifier or declaring the property as nullable. [C:\Users\lordo\Documents\GitHub\llmtornado\src\LlmTornado\LlmTornado.csproj::TargetFramework=net462]
C:\Users\lordo\Documents\GitHub\llmtornado\src\LlmTornado\Videos\VideoJob.cs(28,20): warning CS0108: 'VideoJob.Model' hides inherited member 'ApiResultBase.Model'. Use the new keyword if hiding was intended. [C:\Users\lordo\Documents\GitHub\llmtornado\src\LlmTornado\LlmTornado.csproj::TargetFramework=netstandard2.0]
C:\Users\lordo\Documents\GitHub\llmtornado\src\LlmTornado\Chat\Vendors\Cohere\VendorCohereChatRequest.cs(404,19): warning CS8618: Non-nullable property 'Id' must contain a non-null value when exiting constructor. Consider adding the 'required' modifier or declaring the property as nullable. [C:\Users\lordo\Documents\GitHub\llmtornado\src\LlmTornado\LlmTornado.csproj::TargetFramework=net462]
C:\Users\lordo\Documents\GitHub\llmtornado\src\LlmTornado\Chat\Vendors\Cohere\VendorCohereChatRequest.cs(408,41): warning CS8618: Non-nullable property 'Function' must contain a non-null value when exiting constructor. Consider adding the 'required' modifier or declaring the property as nullable. [C:\Users\lordo\Documents\GitHub\llmtornado\src\LlmTornado\LlmTornado.csproj::TargetFramework=net462]
C:\Users\lordo\Documents\GitHub\llmtornado\src\LlmTornado\FineTuning\HyperParams.cs(11,19): warning CS8618: Non-nullable property 'BatchSize' must contain a non-null value when exiting constructor. Consider adding the 'required' modifier or declaring the property as nullable. [C:\Users\lordo\Documents\GitHub\llmtornado\src\LlmTornado\LlmTornado.csproj::TargetFramework=net8.0]
C:\Users\lordo\Documents\GitHub\llmtornado\src\LlmTornado\Chat\Vendors\Cohere\VendorCohereChatRequest.cs(386,19): warning CS8618: Non-nullable property 'Url' must contain a non-null value when exiting constructor. Consider adding the 'required' modifier or declaring the property as nullable. [C:\Users\lordo\Documents\GitHub\llmtornado\src\LlmTornado\LlmTornado.csproj::TargetFramework=net462]
C:\Users\lordo\Documents\GitHub\llmtornado\src\LlmTornado\Threads\RunStreaming.cs(118,28): warning CS0436: The type 'FrozenDictionary<TKey, TValue>' in 'C:\Users\lordo\Documents\GitHub\llmtornado\src\LlmTornado\Code\LegacyFrozen.cs' conflicts with the imported type 'FrozenDictionary<TKey, TValue>' in 'System.Collections.Immutable, Version=8.0.0.0, Culture=neutral, PublicKeyToken=b03f5f7f11d50a3a'. Using the type defined in 'C:\Users\lordo\Documents\GitHub\llmtornado\src\LlmTornado\Code\LegacyFrozen.cs'. [C:\Users\lordo\Documents\GitHub\llmtornado\src\LlmTornado\LlmTornado.csproj::TargetFramework=netstandard2.0]
C:\Users\lordo\Documents\GitHub\llmtornado\src\LlmTornado\Chat\Vendors\Cohere\VendorCohereChatRequest.cs(378,39): warning CS8618: Non-nullable property 'Data' must contain a non-null value when exiting constructor. Consider adding the 'required' modifier or declaring the property as nullable. [C:\Users\lordo\Documents\GitHub\llmtornado\src\LlmTornado\LlmTornado.csproj::TargetFramework=net462]
C:\Users\lordo\Documents\GitHub\llmtornado\src\LlmTornado\Chat\Vendors\Cohere\VendorCohereChatRequest.cs(380,19): warning CS8618: Non-nullable property 'Id' must contain a non-null value when exiting constructor. Consider adding the 'required' modifier or declaring the property as nullable. [C:\Users\lordo\Documents\GitHub\llmtornado\src\LlmTornado\LlmTornado.csproj::TargetFramework=net462]
C:\Users\lordo\Documents\GitHub\llmtornado\src\LlmTornado\FineTuning\HyperParams.cs(14,19): warning CS8618: Non-nullable property 'LearningRateMultiplier' must contain a non-null value when exiting constructor. Consider adding the 'required' modifier or declaring the property as nullable. [C:\Users\lordo\Documents\GitHub\llmtornado\src\LlmTornado\LlmTornado.csproj::TargetFramework=net8.0]
C:\Users\lordo\Documents\GitHub\llmtornado\src\LlmTornado\Chat\Vendors\Cohere\VendorCohereChatRequest.cs(366,12): warning CS8618: Non-nullable property 'Document' must contain a non-null value when exiting constructor. Consider adding the 'required' modifier or declaring the property as nullable. [C:\Users\lordo\Documents\GitHub\llmtornado\src\LlmTornado\LlmTornado.csproj::TargetFramework=net462]
C:\Users\lordo\Documents\GitHub\llmtornado\src\LlmTornado\Chat\Vendors\Cohere\VendorCohereChatRequest.cs(347,12): warning CS8618: Non-nullable property 'ImageUrl' must contain a non-null value when exiting constructor. Consider adding the 'required' modifier or declaring the property as nullable. [C:\Users\lordo\Documents\GitHub\llmtornado\src\LlmTornado\LlmTornado.csproj::TargetFramework=net462]
C:\Users\lordo\Documents\GitHub\llmtornado\src\LlmTornado\Chat\Vendors\Cohere\VendorCohereChatRequest.cs(336,12): warning CS8618: Non-nullable property 'Text' must contain a non-null value when exiting constructor. Consider adding the 'required' modifier or declaring the property as nullable. [C:\Users\lordo\Documents\GitHub\llmtornado\src\LlmTornado\LlmTornado.csproj::TargetFramework=net462]
C:\Users\lordo\Documents\GitHub\llmtornado\src\LlmTornado\Chat\Vendors\Cohere\VendorCohereChatRequest.cs(331,19): warning CS8618: Non-nullable property 'Type' must contain a non-null value when exiting constructor. Consider adding the 'required' modifier or declaring the property as nullable. [C:\Users\lordo\Documents\GitHub\llmtornado\src\LlmTornado\LlmTornado.csproj::TargetFramework=net462]
C:\Users\lordo\Documents\GitHub\llmtornado\src\LlmTornado\Chat\Vendors\Cohere\VendorCohereChatRequest.cs(320,12): warning CS8618: Non-nullable property 'ToolCallId' must contain a non-null value when exiting constructor. Consider adding the 'required' modifier or declaring the property as nullable. [C:\Users\lordo\Documents\GitHub\llmtornado\src\LlmTornado\LlmTornado.csproj::TargetFramework=net462]
C:\Users\lordo\Documents\GitHub\llmtornado\src\LlmTornado\Chat\Vendors\Cohere\VendorCohereChatRequest.cs(320,12): warning CS8618: Non-nullable property 'Content' must contain a non-null value when exiting constructor. Consider adding the 'required' modifier or declaring the property as nullable. [C:\Users\lordo\Documents\GitHub\llmtornado\src\LlmTornado\LlmTornado.csproj::TargetFramework=net462]
C:\Users\lordo\Documents\GitHub\llmtornado\src\LlmTornado\Threads\ToolChoice.cs(129,29): warning CS0436: The type 'FrozenDictionary<TKey, TValue>' in 'C:\Users\lordo\Documents\GitHub\llmtornado\src\LlmTornado\Code\LegacyFrozen.cs' conflicts with the imported type 'FrozenDictionary<TKey, TValue>' in 'System.Collections.Immutable, Version=8.0.0.0, Culture=neutral, PublicKeyToken=b03f5f7f11d50a3a'. Using the type defined in 'C:\Users\lordo\Documents\GitHub\llmtornado\src\LlmTornado\Code\LegacyFrozen.cs'. [C:\Users\lordo\Documents\GitHub\llmtornado\src\LlmTornado\LlmTornado.csproj::TargetFramework=netstandard2.0]
C:\Users\lordo\Documents\GitHub\llmtornado\src\LlmTornado\Chat\Vendors\Cohere\VendorCohereChatRequest.cs(313,12): warning CS8618: Non-nullable property 'Content' must contain a non-null value when exiting constructor. Consider adding the 'required' modifier or declaring the property as nullable. [C:\Users\lordo\Documents\GitHub\llmtornado\src\LlmTornado\LlmTornado.csproj::TargetFramework=net462]
C:\Users\lordo\Documents\GitHub\llmtornado\src\LlmTornado\Chat\Vendors\Cohere\VendorCohereChatRequest.cs(291,12): warning CS8618: Non-nullable property 'Content' must contain a non-null value when exiting constructor. Consider adding the 'required' modifier or declaring the property as nullable. [C:\Users\lordo\Documents\GitHub\llmtornado\src\LlmTornado\LlmTornado.csproj::TargetFramework=net462]
C:\Users\lordo\Documents\GitHub\llmtornado\src\LlmTornado\FineTuning\FineTuneJobResponse.cs(13,12): warning CS8618: Non-nullable property 'Object' must contain a non-null value when exiting constructor. Consider adding the 'required' modifier or declaring the property as nullable. [C:\Users\lordo\Documents\GitHub\llmtornado\src\LlmTornado\LlmTornado.csproj::TargetFramework=net8.0]
C:\Users\lordo\Documents\GitHub\llmtornado\src\LlmTornado\Chat\Models\OpenAi\ChatModelOpenAiGpt4.cs(255,47): warning CS0618: 'ChatModelOpenAiGpt4.ModelVisionPreview' is obsolete: 'Disabled by OpenAI' [C:\Users\lordo\Documents\GitHub\llmtornado\src\LlmTornado\LlmTornado.csproj::TargetFramework=net462]
C:\Users\lordo\Documents\GitHub\llmtornado\src\LlmTornado\Chat\Vendors\Cohere\VendorCohereChatRequest.cs(286,19): warning CS8618: Non-nullable property 'Role' must contain a non-null value when exiting constructor. Consider adding the 'required' modifier or declaring the property as nullable. [C:\Users\lordo\Documents\GitHub\llmtornado\src\LlmTornado\LlmTornado.csproj::TargetFramework=net462]
C:\Users\lordo\Documents\GitHub\llmtornado\src\LlmTornado\Responses\ResponseHelpers.cs(383,36): warning CS8601: Possible null reference assignment. [C:\Users\lordo\Documents\GitHub\llmtornado\src\LlmTornado\LlmTornado.csproj::TargetFramework=net462]
C:\Users\lordo\Documents\GitHub\llmtornado\src\LlmTornado\Responses\ResponseHelpers.cs(416,68): warning CS8604: Possible null reference argument for parameter 'name' in 'BuiltInToolCall.BuiltInToolCall(bool responseExpected, string name, IBuiltInToolCallData data, ToolCall toolCall, string? args = null)'. [C:\Users\lordo\Documents\GitHub\llmtornado\src\LlmTornado\LlmTornado.csproj::TargetFramework=net462]
C:\Users\lordo\Documents\GitHub\llmtornado\src\LlmTornado\Responses\ResponseHelpers.cs(434,68): warning CS8604: Possible null reference argument for parameter 'name' in 'BuiltInToolCall.BuiltInToolCall(bool responseExpected, string name, IBuiltInToolCallData data, ToolCall toolCall, string? args = null)'. [C:\Users\lordo\Documents\GitHub\llmtornado\src\LlmTornado\LlmTornado.csproj::TargetFramework=net462]
C:\Users\lordo\Documents\GitHub\llmtornado\src\LlmTornado\Responses\ResponseHelpers.cs(452,69): warning CS8604: Possible null reference argument for parameter 'name' in 'BuiltInToolCall.BuiltInToolCall(bool responseExpected, string name, IBuiltInToolCallData data, ToolCall toolCall, string? args = null)'. [C:\Users\lordo\Documents\GitHub\llmtornado\src\LlmTornado\LlmTornado.csproj::TargetFramework=net462]
C:\Users\lordo\Documents\GitHub\llmtornado\src\LlmTornado\Responses\ResponseHelpers.cs(470,69): warning CS8604: Possible null reference argument for parameter 'name' in 'BuiltInToolCall.BuiltInToolCall(bool responseExpected, string name, IBuiltInToolCallData data, ToolCall toolCall, string? args = null)'. [C:\Users\lordo\Documents\GitHub\llmtornado\src\LlmTornado\LlmTornado.csproj::TargetFramework=net462]
C:\Users\lordo\Documents\GitHub\llmtornado\src\LlmTornado\Responses\ResponseHelpers.cs(561,106): warning CS8604: Possible null reference argument for parameter 'parameters' in 'ToolFunction.ToolFunction(string name, string description, JObject parameters)'. [C:\Users\lordo\Documents\GitHub\llmtornado\src\LlmTornado\LlmTornado.csproj::TargetFramework=net462]
C:\Users\lordo\Documents\GitHub\llmtornado\src\LlmTornado\Chat\Vendors\Cohere\ChatVendorCohereExtensionConnector.cs(146,59): warning CS8604: Possible null reference argument for parameter 'id' in 'ChatVendorCohereExtensionConnector.ChatVendorCohereExtensionConnector(string id)'. [C:\Users\lordo\Documents\GitHub\llmtornado\src\LlmTornado\LlmTornado.csproj::TargetFramework=net462]
C:\Users\lordo\Documents\GitHub\llmtornado\src\LlmTornado\Chat\Vendors\Cohere\VendorCohereChatDocument.cs(15,19): warning CS8618: Non-nullable property 'Id' must contain a non-null value when exiting constructor. Consider adding the 'required' modifier or declaring the property as nullable. [C:\Users\lordo\Documents\GitHub\llmtornado\src\LlmTornado\LlmTornado.csproj::TargetFramework=net462]
C:\Users\lordo\Documents\GitHub\llmtornado\src\LlmTornado\Chat\Vendors\Cohere\VendorCohereChatDocument.cs(21,19): warning CS8618: Non-nullable property 'Snippet' must contain a non-null value when exiting constructor. Consider adding the 'required' modifier or declaring the property as nullable. [C:\Users\lordo\Documents\GitHub\llmtornado\src\LlmTornado\LlmTornado.csproj::TargetFramework=net462]
C:\Users\lordo\Documents\GitHub\llmtornado\src\LlmTornado\Chat\Vendors\Cohere\VendorCohereChatDocument.cs(33,19): warning CS8618: Non-nullable property 'Title' must contain a non-null value when exiting constructor. Consider adding the 'required' modifier or declaring the property as nullable. [C:\Users\lordo\Documents\GitHub\llmtornado\src\LlmTornado\LlmTornado.csproj::TargetFramework=net462]
C:\Users\lordo\Documents\GitHub\llmtornado\src\LlmTornado\Code\ExtensionsLegacy.cs(97,23): warning CS3021: 'Extensions.LeadingZeroCount(uint)' does not need a CLSCompliant attribute because the assembly does not have a CLSCompliant attribute [C:\Users\lordo\Documents\GitHub\llmtornado\src\LlmTornado\LlmTornado.csproj::TargetFramework=netstandard2.0]
C:\Users\lordo\Documents\GitHub\llmtornado\src\LlmTornado\Webhooks\GeminiWebhookSignatureVerifier.cs(85,31): warning CS8604: Possible null reference argument for parameter 'signatureHeader' in 'bool GeminiWebhookSignatureVerifier.SignatureMatches(string signatureHeader, byte[] expectedSignature)'. [C:\Users\lordo\Documents\GitHub\llmtornado\src\LlmTornado\LlmTornado.csproj::TargetFramework=netstandard2.0]
C:\Users\lordo\Documents\GitHub\llmtornado\src\LlmTornado\Code\EnumsParser.cs(89,35): warning CS8604: Possible null reference argument for parameter 'key' in 'EnumMemberInfo Dictionary<string, EnumMemberInfo>.this[string key]'. [C:\Users\lordo\Documents\GitHub\llmtornado\src\LlmTornado\LlmTornado.csproj::TargetFramework=netstandard2.0]
C:\Users\lordo\Documents\GitHub\llmtornado\src\LlmTornado\FineTuning\FineTuneJobResponse.cs(13,12): warning CS8618: Non-nullable property 'Id' must contain a non-null value when exiting constructor. Consider adding the 'required' modifier or declaring the property as nullable. [C:\Users\lordo\Documents\GitHub\llmtornado\src\LlmTornado\LlmTornado.csproj::TargetFramework=net8.0]
C:\Users\lordo\Documents\GitHub\llmtornado\src\LlmTornado\Code\EnumsParser.cs(94,39): warning CS8604: Possible null reference argument for parameter 'key' in 'EnumMemberInfo Dictionary<string, EnumMemberInfo>.this[string key]'. [C:\Users\lordo\Documents\GitHub\llmtornado\src\LlmTornado\LlmTornado.csproj::TargetFramework=netstandard2.0]
C:\Users\lordo\Documents\GitHub\llmtornado\src\LlmTornado\Code\EnumsParser.cs(99,35): warning CS8604: Possible null reference argument for parameter 'key' in 'EnumMemberInfo Dictionary<string, EnumMemberInfo>.this[string key]'. [C:\Users\lordo\Documents\GitHub\llmtornado\src\LlmTornado\LlmTornado.csproj::TargetFramework=netstandard2.0]
C:\Users\lordo\Documents\GitHub\llmtornado\src\LlmTornado\Code\EnumsParser.cs(141,17): warning CS8602: Dereference of a possibly null reference. [C:\Users\lordo\Documents\GitHub\llmtornado\src\LlmTornado\LlmTornado.csproj::TargetFramework=netstandard2.0]
C:\Users\lordo\Documents\GitHub\llmtornado\src\LlmTornado\Skills\CreateSkillRequest.cs(31,12): warning CS8618: Non-nullable property 'DisplayTitle' must contain a non-null value when exiting constructor. Consider adding the 'required' modifier or declaring the property as nullable. [C:\Users\lordo\Documents\GitHub\llmtornado\src\LlmTornado\LlmTornado.csproj::TargetFramework=netstandard2.0]
C:\Users\lordo\Documents\GitHub\llmtornado\src\LlmTornado\Code\LegacyFrozen.cs(46,24): warning CS0436: The type 'FrozenDictionary<TKey, TValue>' in 'C:\Users\lordo\Documents\GitHub\llmtornado\src\LlmTornado\Code\LegacyFrozen.cs' conflicts with the imported type 'FrozenDictionary<TKey, TValue>' in 'System.Collections.Immutable, Version=8.0.0.0, Culture=neutral, PublicKeyToken=b03f5f7f11d50a3a'. Using the type defined in 'C:\Users\lordo\Documents\GitHub\llmtornado\src\LlmTornado\Code\LegacyFrozen.cs'. [C:\Users\lordo\Documents\GitHub\llmtornado\src\LlmTornado\LlmTornado.csproj::TargetFramework=netstandard2.0]
C:\Users\lordo\Documents\GitHub\llmtornado\src\LlmTornado\Code\LegacyFrozen.cs(55,24): warning CS0436: The type 'FrozenDictionary<TKey, TValue>' in 'C:\Users\lordo\Documents\GitHub\llmtornado\src\LlmTornado\Code\LegacyFrozen.cs' conflicts with the imported type 'FrozenDictionary<TKey, TValue>' in 'System.Collections.Immutable, Version=8.0.0.0, Culture=neutral, PublicKeyToken=b03f5f7f11d50a3a'. Using the type defined in 'C:\Users\lordo\Documents\GitHub\llmtornado\src\LlmTornado\Code\LegacyFrozen.cs'. [C:\Users\lordo\Documents\GitHub\llmtornado\src\LlmTornado\LlmTornado.csproj::TargetFramework=netstandard2.0]
C:\Users\lordo\Documents\GitHub\llmtornado\src\LlmTornado\Code\LegacyFrozen.cs(31,54): warning CS8603: Possible null reference return. [C:\Users\lordo\Documents\GitHub\llmtornado\src\LlmTornado\LlmTornado.csproj::TargetFramework=netstandard2.0]
C:\Users\lordo\Documents\GitHub\llmtornado\src\LlmTornado\Code\LegacyFrozen.cs(33,75): warning CS8714: The type 'TKey' cannot be used as type parameter 'TKey' in the generic type or method 'Polyfill.GetValueOrDefault<TKey, TValue>(IReadOnlyDictionary<TKey, TValue>, TKey, TValue)'. Nullability of type argument 'TKey' doesn't match 'notnull' constraint. [C:\Users\lordo\Documents\GitHub\llmtornado\src\LlmTornado\LlmTornado.csproj::TargetFramework=netstandard2.0]
C:\Users\lordo\Documents\GitHub\llmtornado\src\LlmTornado\Videos\VideoGenerationEndpoint.cs(169,58): warning CS8604: Possible null reference argument for parameter 'videoUri' in 'Task<StreamResponse?> VendorGoogleVideoHandler.GetContent(string videoUri, IEndpointProvider provider, EndpointBase endpoint, CancellationToken cancellationToken)'. [C:\Users\lordo\Documents\GitHub\llmtornado\src\LlmTornado\LlmTornado.csproj::TargetFramework=netstandard2.0]
C:\Users\lordo\Documents\GitHub\llmtornado\src\LlmTornado\Chat\ConversationCompression.cs(136,69): warning CS8604: Possible null reference argument for parameter 'model' in 'Conversation ChatEndpoint.CreateConversation(ChatModel model, double? temperature = null, int? maxTokens = null)'. [C:\Users\lordo\Documents\GitHub\llmtornado\src\LlmTornado\LlmTornado.csproj::TargetFramework=net462]
C:\Users\lordo\Documents\GitHub\llmtornado\src\LlmTornado\Chat\ConversationCompression.cs(142,20): warning CS8602: Dereference of a possibly null reference. [C:\Users\lordo\Documents\GitHub\llmtornado\src\LlmTornado\LlmTornado.csproj::TargetFramework=net462]
C:\Users\lordo\Documents\GitHub\llmtornado\src\LlmTornado\Files\FilesEndpoint.cs(508,34): warning CS8618: Non-nullable property 'Data' must contain a non-null value when exiting constructor. Consider adding the 'required' modifier or declaring the property as nullable. [C:\Users\lordo\Documents\GitHub\llmtornado\src\LlmTornado\LlmTornado.csproj::TargetFramework=net462]
C:\Users\lordo\Documents\GitHub\llmtornado\src\LlmTornado\Files\FilesEndpoint.cs(511,23): warning CS8618: Non-nullable property 'Obj' must contain a non-null value when exiting constructor. Consider adding the 'required' modifier or declaring the property as nullable. [C:\Users\lordo\Documents\GitHub\llmtornado\src\LlmTornado\LlmTornado.csproj::TargetFramework=net462]
C:\Users\lordo\Documents\GitHub\llmtornado\src\LlmTornado\Chat\Vendors\Anthropic\VendorAnthropicChatResult.cs(523,72): error CS0117: 'ChatMessagePartAnthropicExtensions' does not contain a definition for 'AdvisorToolResult' [C:\Users\lordo\Documents\GitHub\llmtornado\src\LlmTornado\LlmTornado.csproj::TargetFramework=net462]
C:\Users\lordo\Documents\GitHub\llmtornado\src\LlmTornado\Chat\Vendors\Anthropic\VendorAnthropicChatResult.cs(331,35): warning CS8604: Possible null reference argument for parameter 'usage' in 'ChatUsage.ChatUsage(VendorAnthropicUsage usage)'. [C:\Users\lordo\Documents\GitHub\llmtornado\src\LlmTornado\LlmTornado.csproj::TargetFramework=net462]
C:\Users\lordo\Documents\GitHub\llmtornado\src\LlmTornado\Chat\Vendors\Cohere\VendorCohereChatRequest.cs(190,35): warning CS8604: Possible null reference argument for parameter 'content' in 'VendorCohereAssistantMessageContent.implicit operator VendorCohereAssistantMessageContent(string content)'. [C:\Users\lordo\Documents\GitHub\llmtornado\src\LlmTornado\LlmTornado.csproj::TargetFramework=net462]
C:\Users\lordo\Documents\GitHub\llmtornado\src\LlmTornado\Chat\Vendors\Cohere\VendorCohereChatRequest.cs(197,34): warning CS8601: Possible null reference assignment. [C:\Users\lordo\Documents\GitHub\llmtornado\src\LlmTornado\LlmTornado.csproj::TargetFramework=net462]
C:\Users\lordo\Documents\GitHub\llmtornado\src\LlmTornado\Chat\Vendors\Cohere\VendorCohereChatRequest.cs(202,45): warning CS8601: Possible null reference assignment. [C:\Users\lordo\Documents\GitHub\llmtornado\src\LlmTornado\LlmTornado.csproj::TargetFramework=net462]
C:\Users\lordo\Documents\GitHub\llmtornado\src\LlmTornado\Chat\Vendors\Cohere\VendorCohereChatRequest.cs(236,38): warning CS8601: Possible null reference assignment. [C:\Users\lordo\Documents\GitHub\llmtornado\src\LlmTornado\LlmTornado.csproj::TargetFramework=net462]
C:\Users\lordo\Documents\GitHub\llmtornado\src\LlmTornado\Chat\Vendors\Cohere\VendorCohereChatRequest.cs(242,28): warning CS8603: Possible null reference return. [C:\Users\lordo\Documents\GitHub\llmtornado\src\LlmTornado\LlmTornado.csproj::TargetFramework=net462]
C:\Users\lordo\Documents\GitHub\llmtornado\src\LlmTornado\Chat\ConversationCompression.cs(187,69): warning CS8604: Possible null reference argument for parameter 'model' in 'Conversation ChatEndpoint.CreateConversation(ChatModel model, double? temperature = null, int? maxTokens = null)'. [C:\Users\lordo\Documents\GitHub\llmtornado\src\LlmTornado\LlmTornado.csproj::TargetFramework=net462]
C:\Users\lordo\Documents\GitHub\llmtornado\src\LlmTornado\Chat\ConversationCompression.cs(194,20): warning CS8602: Dereference of a possibly null reference. [C:\Users\lordo\Documents\GitHub\llmtornado\src\LlmTornado\LlmTornado.csproj::TargetFramework=net462]
C:\Users\lordo\Documents\GitHub\llmtornado\src\LlmTornado\Images\ImageGenerationEndpoint.cs(44,68): error CS0176: Member 'ImageModelOpenAiGpt.Default' cannot be accessed with an instance reference; qualify it with a type name instead [C:\Users\lordo\Documents\GitHub\llmtornado\src\LlmTornado\LlmTornado.csproj::TargetFramework=net462]
C:\Users\lordo\Documents\GitHub\llmtornado\src\LlmTornado\Chat\Vendors\Anthropic\VendorAnthropicChatResult.cs(902,48): warning CS8604: Possible null reference argument for parameter 'json' in 'JObject JObject.Parse(string json)'. [C:\Users\lordo\Documents\GitHub\llmtornado\src\LlmTornado\LlmTornado.csproj::TargetFramework=net462]
C:\Users\lordo\Documents\GitHub\llmtornado\src\LlmTornado\Responses\ResponseOutputItem.cs(1578,17): error CS9135: A constant value of type 'string' is expected [C:\Users\lordo\Documents\GitHub\llmtornado\src\LlmTornado\LlmTornado.csproj::TargetFramework=net462]
C:\Users\lordo\Documents\GitHub\llmtornado\src\LlmTornado\Responses\ResponseOutputItem.cs(1579,17): error CS9135: A constant value of type 'string' is expected [C:\Users\lordo\Documents\GitHub\llmtornado\src\LlmTornado\LlmTornado.csproj::TargetFramework=net462]
C:\Users\lordo\Documents\GitHub\llmtornado\src\LlmTornado\Chat\Vendors\Anthropic\VendorAnthropicChatRequest.cs(539,23): warning CS8618: Non-nullable property 'UserId' must contain a non-null value when exiting constructor. Consider adding the 'required' modifier or declaring the property as nullable. [C:\Users\lordo\Documents\GitHub\llmtornado\src\LlmTornado\LlmTornado.csproj::TargetFramework=net462]
C:\Users\lordo\Documents\GitHub\llmtornado\src\LlmTornado\Chat\Vendors\Anthropic\VendorAnthropicChatResult.cs(270,19): warning CS8618: Non-nullable property 'Id' must contain a non-null value when exiting constructor. Consider adding the 'required' modifier or declaring the property as nullable. [C:\Users\lordo\Documents\GitHub\llmtornado\src\LlmTornado\LlmTornado.csproj::TargetFramework=net462]
C:\Users\lordo\Documents\GitHub\llmtornado\src\LlmTornado\Chat\Vendors\Anthropic\VendorAnthropicChatResult.cs(273,19): warning CS8618: Non-nullable property 'Type' must contain a non-null value when exiting constructor. Consider adding the 'required' modifier or declaring the property as nullable. [C:\Users\lordo\Documents\GitHub\llmtornado\src\LlmTornado\LlmTornado.csproj::TargetFramework=net462]
C:\Users\lordo\Documents\GitHub\llmtornado\src\LlmTornado\FineTuning\FineTuneJobResponse.cs(13,12): warning CS8618: Non-nullable property 'Model' must contain a non-null value when exiting constructor. Consider adding the 'required' modifier or declaring the property as nullable. [C:\Users\lordo\Documents\GitHub\llmtornado\src\LlmTornado\LlmTornado.csproj::TargetFramework=net8.0]
C:\Users\lordo\Documents\GitHub\llmtornado\src\LlmTornado\Chat\Vendors\Anthropic\VendorAnthropicChatResult.cs(276,19): warning CS8618: Non-nullable property 'Role' must contain a non-null value when exiting constructor. Consider adding the 'required' modifier or declaring the property as nullable. [C:\Users\lordo\Documents\GitHub\llmtornado\src\LlmTornado\LlmTornado.csproj::TargetFramework=net462]
C:\Users\lordo\Documents\GitHub\llmtornado\src\LlmTornado\Chat\Vendors\Anthropic\VendorAnthropicChatResult.cs(283,19): warning CS8618: Non-nullable property 'Model' must contain a non-null value when exiting constructor. Consider adding the 'required' modifier or declaring the property as nullable. [C:\Users\lordo\Documents\GitHub\llmtornado\src\LlmTornado\LlmTornado.csproj::TargetFramework=net462]
C:\Users\lordo\Documents\GitHub\llmtornado\src\LlmTornado\Chat\Vendors\Anthropic\VendorAnthropicChatResult.cs(293,19): warning CS8618: Non-nullable property 'StopReason' must contain a non-null value when exiting constructor. Consider adding the 'required' modifier or declaring the property as nullable. [C:\Users\lordo\Documents\GitHub\llmtornado\src\LlmTornado\LlmTornado.csproj::TargetFramework=net462]
C:\Users\lordo\Documents\GitHub\llmtornado\src\LlmTornado\Chat\Vendors\Anthropic\VendorAnthropicChatResult.cs(302,33): warning CS8618: Non-nullable property 'Usage' must contain a non-null value when exiting constructor. Consider adding the 'required' modifier or declaring the property as nullable. [C:\Users\lordo\Documents\GitHub\llmtornado\src\LlmTornado\LlmTornado.csproj::TargetFramework=net462]
C:\Users\lordo\Documents\GitHub\llmtornado\src\LlmTornado\Chat\Vendors\Anthropic\VendorAnthropicChatRequest.cs(72,12): warning CS8618: Non-nullable property 'Msg' must contain a non-null value when exiting constructor. Consider adding the 'required' modifier or declaring the property as nullable. [C:\Users\lordo\Documents\GitHub\llmtornado\src\LlmTornado\LlmTornado.csproj::TargetFramework=net462]
C:\Users\lordo\Documents\GitHub\llmtornado\src\LlmTornado\Chat\Vendors\Anthropic\VendorAnthropicChatRequest.cs(72,12): warning CS8618: Non-nullable property 'Parts' must contain a non-null value when exiting constructor. Consider adding the 'required' modifier or declaring the property as nullable. [C:\Users\lordo\Documents\GitHub\llmtornado\src\LlmTornado\LlmTornado.csproj::TargetFramework=net462]
C:\Users\lordo\Documents\GitHub\llmtornado\src\LlmTornado\Chat\Vendors\Anthropic\VendorAnthropicChatRequest.cs(545,23): warning CS8618: Non-nullable property 'Type' must contain a non-null value when exiting constructor. Consider adding the 'required' modifier or declaring the property as nullable. [C:\Users\lordo\Documents\GitHub\llmtornado\src\LlmTornado\LlmTornado.csproj::TargetFramework=net462]
C:\Users\lordo\Documents\GitHub\llmtornado\src\LlmTornado\Chat\Vendors\Anthropic\VendorAnthropicChatRequest.cs(553,23): warning CS8618: Non-nullable property 'Type' must contain a non-null value when exiting constructor. Consider adding the 'required' modifier or declaring the property as nullable. [C:\Users\lordo\Documents\GitHub\llmtornado\src\LlmTornado\LlmTornado.csproj::TargetFramework=net462]
C:\Users\lordo\Documents\GitHub\llmtornado\src\LlmTornado\Chat\Vendors\Anthropic\VendorAnthropicChatRequest.cs(564,23): warning CS8618: Non-nullable property 'Type' must contain a non-null value when exiting constructor. Consider adding the 'required' modifier or declaring the property as nullable. [C:\Users\lordo\Documents\GitHub\llmtornado\src\LlmTornado\LlmTornado.csproj::TargetFramework=net462]
C:\Users\lordo\Documents\GitHub\llmtornado\src\LlmTornado\Chat\Vendors\Anthropic\VendorAnthropicChatResult.cs(129,23): warning CS8618: Non-nullable property 'Type' must contain a non-null value when exiting constructor. Consider adding the 'required' modifier or declaring the property as nullable. [C:\Users\lordo\Documents\GitHub\llmtornado\src\LlmTornado\LlmTornado.csproj::TargetFramework=net462]
C:\Users\lordo\Documents\GitHub\llmtornado\src\LlmTornado\Chat\Vendors\Anthropic\VendorAnthropicChatResult.cs(78,23): warning CS8618: Non-nullable property 'Type' must contain a non-null value when exiting constructor. Consider adding the 'required' modifier or declaring the property as nullable. [C:\Users\lordo\Documents\GitHub\llmtornado\src\LlmTornado\LlmTornado.csproj::TargetFramework=net462]
C:\Users\lordo\Documents\GitHub\llmtornado\src\LlmTornado\Images\ImageGenerationRequest.cs(197,43): error CS0176: Member 'ImageModelOpenAiGpt.Default' cannot be accessed with an instance reference; qualify it with a type name instead [C:\Users\lordo\Documents\GitHub\llmtornado\src\LlmTornado\LlmTornado.csproj::TargetFramework=net462]
C:\Users\lordo\Documents\GitHub\llmtornado\src\LlmTornado\Responses\ResponseOutputItem.cs(1533,13): error CS9135: A constant value of type 'string' is expected [C:\Users\lordo\Documents\GitHub\llmtornado\src\LlmTornado\LlmTornado.csproj::TargetFramework=net462]
C:\Users\lordo\Documents\GitHub\llmtornado\src\LlmTornado\Responses\ResponseOutputItem.cs(1534,13): error CS9135: A constant value of type 'string' is expected [C:\Users\lordo\Documents\GitHub\llmtornado\src\LlmTornado\LlmTornado.csproj::TargetFramework=net462]
C:\Users\lordo\Documents\GitHub\llmtornado\src\LlmTornado\Images\ImageGenerationRequest.cs(56,26): error CS0176: Member 'ImageModelOpenAiGpt.Default' cannot be accessed with an instance reference; qualify it with a type name instead [C:\Users\lordo\Documents\GitHub\llmtornado\src\LlmTornado\LlmTornado.csproj::TargetFramework=net462]
C:\Users\lordo\Documents\GitHub\llmtornado\src\LlmTornado\Responses\ResponseInputMessage.cs(1399,25): error CS1061: 'ResponseInputMessage' does not contain a definition for 'Phase' and no accessible extension method 'Phase' accepting a first argument of type 'ResponseInputMessage' could be found (are you missing a using directive or an assembly reference?) [C:\Users\lordo\Documents\GitHub\llmtornado\src\LlmTornado\LlmTornado.csproj::TargetFramework=net462]
C:\Users\lordo\Documents\GitHub\llmtornado\src\LlmTornado\Responses\ResponseInputMessage.cs(1402,54): error CS1061: 'ResponseInputMessage' does not contain a definition for 'Phase' and no accessible extension method 'Phase' accepting a first argument of type 'ResponseInputMessage' could be found (are you missing a using directive or an assembly reference?) [C:\Users\lordo\Documents\GitHub\llmtornado\src\LlmTornado\LlmTornado.csproj::TargetFramework=net462]
C:\Users\lordo\Documents\GitHub\llmtornado\src\LlmTornado\Responses\ResponseInputMessage.cs(1908,13): error CS9135: A constant value of type 'string' is expected [C:\Users\lordo\Documents\GitHub\llmtornado\src\LlmTornado\LlmTornado.csproj::TargetFramework=net462]
C:\Users\lordo\Documents\GitHub\llmtornado\src\LlmTornado\Responses\ResponseInputMessage.cs(1909,13): error CS9135: A constant value of type 'string' is expected [C:\Users\lordo\Documents\GitHub\llmtornado\src\LlmTornado\LlmTornado.csproj::TargetFramework=net462]
C:\Users\lordo\Documents\GitHub\llmtornado\src\LlmTornado\Videos\VideoGenerationEndpoint.cs(180,55): warning CS8604: Possible null reference argument for parameter 'videoUri' in 'Task<StreamResponse?> VendorXAiVideoHandler.GetContent(string videoUri, IEndpointProvider provider, EndpointBase endpoint, CancellationToken cancellationToken)'. [C:\Users\lordo\Documents\GitHub\llmtornado\src\LlmTornado\LlmTornado.csproj::TargetFramework=netstandard2.0]
C:\Users\lordo\Documents\GitHub\llmtornado\src\LlmTornado\FineTuning\FineTuneJobResponse.cs(13,12): warning CS8618: Non-nullable property 'FineTunedModel' must contain a non-null value when exiting constructor. Consider adding the 'required' modifier or declaring the property as nullable. [C:\Users\lordo\Documents\GitHub\llmtornado\src\LlmTornado\LlmTornado.csproj::TargetFramework=net8.0]
C:\Users\lordo\Documents\GitHub\llmtornado\src\LlmTornado\FineTuning\FineTuneJobResponse.cs(13,12): warning CS8618: Non-nullable property 'OrganizationId' must contain a non-null value when exiting constructor. Consider adding the 'required' modifier or declaring the property as nullable. [C:\Users\lordo\Documents\GitHub\llmtornado\src\LlmTornado\LlmTornado.csproj::TargetFramework=net8.0]
C:\Users\lordo\Documents\GitHub\llmtornado\src\LlmTornado\Videos\VideoGenerationEndpoint.cs(191,55): warning CS8604: Possible null reference argument for parameter 'videoUri' in 'Task<StreamResponse?> VendorZaiVideoHandler.GetContent(string videoUri, IEndpointProvider provider, EndpointBase endpoint, CancellationToken cancellationToken)'. [C:\Users\lordo\Documents\GitHub\llmtornado\src\LlmTornado\LlmTornado.csproj::TargetFramework=netstandard2.0]
C:\Users\lordo\Documents\GitHub\llmtornado\src\LlmTornado\FineTuning\FineTuneJobResponse.cs(13,12): warning CS8618: Non-nullable property 'ResultFiles' must contain a non-null value when exiting constructor. Consider adding the 'required' modifier or declaring the property as nullable. [C:\Users\lordo\Documents\GitHub\llmtornado\src\LlmTornado\LlmTornado.csproj::TargetFramework=net8.0]
C:\Users\lordo\Documents\GitHub\llmtornado\src\LlmTornado\FineTuning\FineTuneJobResponse.cs(13,12): warning CS8618: Non-nullable property 'ValidationFile' must contain a non-null value when exiting constructor. Consider adding the 'required' modifier or declaring the property as nullable. [C:\Users\lordo\Documents\GitHub\llmtornado\src\LlmTornado\LlmTornado.csproj::TargetFramework=net8.0]
C:\Users\lordo\Documents\GitHub\llmtornado\src\LlmTornado\Videos\VideoGenerationEndpoint.cs(202,59): warning CS8604: Possible null reference argument for parameter 'fileId' in 'Task<StreamResponse?> VendorMiniMaxVideoHandler.GetContent(string fileId, IEndpointProvider provider, EndpointBase endpoint, CancellationToken cancellationToken)'. [C:\Users\lordo\Documents\GitHub\llmtornado\src\LlmTornado\LlmTornado.csproj::TargetFramework=netstandard2.0]
C:\Users\lordo\Documents\GitHub\llmtornado\src\LlmTornado\Videos\Vendors\Zai\VendorZaiVideoHandler.cs(146,16): warning CS8602: Dereference of a possibly null reference. [C:\Users\lordo\Documents\GitHub\llmtornado\src\LlmTornado\LlmTornado.csproj::TargetFramework=netstandard2.0]
C:\Users\lordo\Documents\GitHub\llmtornado\src\LlmTornado\Videos\Vendors\XAi\VendorXAiVideoRequest.cs(118,33): warning CS8601: Possible null reference assignment. [C:\Users\lordo\Documents\GitHub\llmtornado\src\LlmTornado\LlmTornado.csproj::TargetFramework=netstandard2.0]
C:\Users\lordo\Documents\GitHub\llmtornado\src\LlmTornado\FineTuning\FineTuneJobResponse.cs(13,12): warning CS8618: Non-nullable property 'TrainingFile' must contain a non-null value when exiting constructor. Consider adding the 'required' modifier or declaring the property as nullable. [C:\Users\lordo\Documents\GitHub\llmtornado\src\LlmTornado\LlmTornado.csproj::TargetFramework=net8.0]
C:\Users\lordo\Documents\GitHub\llmtornado\src\LlmTornado\Videos\Vendors\XAi\VendorXAiVideoHandler.cs(92,33): warning CS8601: Possible null reference assignment. [C:\Users\lordo\Documents\GitHub\llmtornado\src\LlmTornado\LlmTornado.csproj::TargetFramework=netstandard2.0]
C:\Users\lordo\Documents\GitHub\llmtornado\src\LlmTornado\FineTuning\FineTuneJobResponse.cs(13,12): warning CS8618: Non-nullable property 'HyperParameters' must contain a non-null value when exiting constructor. Consider adding the 'required' modifier or declaring the property as nullable. [C:\Users\lordo\Documents\GitHub\llmtornado\src\LlmTornado\LlmTornado.csproj::TargetFramework=net8.0]
C:\Users\lordo\Documents\GitHub\llmtornado\src\LlmTornado\Videos\Vendors\OpenAi\VendorOpenAiVideoRequest.cs(150,44): warning CS8604: Possible null reference argument for parameter 'id' in 'VideoReference.VideoReference(string id)'. [C:\Users\lordo\Documents\GitHub\llmtornado\src\LlmTornado\LlmTornado.csproj::TargetFramework=netstandard2.0]
C:\Users\lordo\Documents\GitHub\llmtornado\src\LlmTornado\Responses\ResponseTextFormatConfiguration.cs(104,12): warning CS8618: Non-nullable property 'Name' must contain a non-null value when exiting constructor. Consider adding the 'required' modifier or declaring the property as nullable. [C:\Users\lordo\Documents\GitHub\llmtornado\src\LlmTornado\LlmTornado.csproj::TargetFramework=net8.0]
C:\Users\lordo\Documents\GitHub\llmtornado\src\LlmTornado\Assistants\ResponseFormat.cs(90,19): warning CS8618: Non-nullable property 'Name' must contain a non-null value when exiting constructor. Consider adding the 'required' modifier or declaring the property as nullable. [C:\Users\lordo\Documents\GitHub\llmtornado\src\LlmTornado\LlmTornado.csproj::TargetFramework=netstandard2.0]
C:\Users\lordo\Documents\GitHub\llmtornado\src\LlmTornado\FineTuning\FineTuneJobResponse.cs(106,16): warning CS8603: Possible null reference return. [C:\Users\lordo\Documents\GitHub\llmtornado\src\LlmTornado\LlmTornado.csproj::TargetFramework=net8.0]
C:\Users\lordo\Documents\GitHub\llmtornado\src\LlmTornado\Assistants\ResponseFormat.cs(76,43): warning CS8618: Non-nullable property 'JsonSchema' must contain a non-null value when exiting constructor. Consider adding the 'required' modifier or declaring the property as nullable. [C:\Users\lordo\Documents\GitHub\llmtornado\src\LlmTornado\LlmTornado.csproj::TargetFramework=netstandard2.0]
C:\Users\lordo\Documents\GitHub\llmtornado\src\LlmTornado\FineTuning\FineTuneJobList.cs(11,19): warning CS8618: Non-nullable property 'Object' must contain a non-null value when exiting constructor. Consider adding the 'required' modifier or declaring the property as nullable. [C:\Users\lordo\Documents\GitHub\llmtornado\src\LlmTornado\LlmTornado.csproj::TargetFramework=net8.0]
C:\Users\lordo\Documents\GitHub\llmtornado\src\LlmTornado\Assistants\CreateAssistantRequest.cs(96,17): warning CS8601: Possible null reference assignment. [C:\Users\lordo\Documents\GitHub\llmtornado\src\LlmTornado\LlmTornado.csproj::TargetFramework=netstandard2.0]
C:\Users\lordo\Documents\GitHub\llmtornado\src\LlmTornado\FineTuning\FineTuneJobList.cs(14,39): warning CS8618: Non-nullable property 'Jobs' must contain a non-null value when exiting constructor. Consider adding the 'required' modifier or declaring the property as nullable. [C:\Users\lordo\Documents\GitHub\llmtornado\src\LlmTornado\LlmTornado.csproj::TargetFramework=net8.0]
C:\Users\lordo\Documents\GitHub\llmtornado\src\LlmTornado\Assistants\CreateAssistantRequest.cs(92,12): warning CS8618: Non-nullable property 'Model' must contain a non-null value when exiting constructor. Consider adding the 'required' modifier or declaring the property as nullable. [C:\Users\lordo\Documents\GitHub\llmtornado\src\LlmTornado\LlmTornado.csproj::TargetFramework=netstandard2.0]
C:\Users\lordo\Documents\GitHub\llmtornado\src\LlmTornado\FineTuning\FineTuneJob.cs(79,16): warning CS8603: Possible null reference return. [C:\Users\lordo\Documents\GitHub\llmtornado\src\LlmTornado\LlmTornado.csproj::TargetFramework=net8.0]
C:\Users\lordo\Documents\GitHub\llmtornado\src\LlmTornado\Assistants\AssistantToolFunction.cs(163,13): warning CS8618: Non-nullable property 'Name' must contain a non-null value when exiting constructor. Consider adding the 'required' modifier or declaring the property as nullable. [C:\Users\lordo\Documents\GitHub\llmtornado\src\LlmTornado\LlmTornado.csproj::TargetFramework=netstandard2.0]
C:\Users\lordo\Documents\GitHub\llmtornado\src\LlmTornado\FineTuning\FineTuneJob.cs(12,19): warning CS8618: Non-nullable property 'Object' must contain a non-null value when exiting constructor. Consider adding the 'required' modifier or declaring the property as nullable. [C:\Users\lordo\Documents\GitHub\llmtornado\src\LlmTornado\LlmTornado.csproj::TargetFramework=net8.0]
C:\Users\lordo\Documents\GitHub\llmtornado\src\LlmTornado\Assistants\AssistantToolFunction.cs(163,13): warning CS8618: Non-nullable property 'Description' must contain a non-null value when exiting constructor. Consider adding the 'required' modifier or declaring the property as nullable. [C:\Users\lordo\Documents\GitHub\llmtornado\src\LlmTornado\LlmTornado.csproj::TargetFramework=netstandard2.0]
C:\Users\lordo\Documents\GitHub\llmtornado\src\LlmTornado\Videos\Vendors\Google\VendorGoogleVideoRequest.cs(165,23): warning CS8618: Non-nullable property 'Prompt' must contain a non-null value when exiting constructor. Consider adding the 'required' modifier or declaring the property as nullable. [C:\Users\lordo\Documents\GitHub\llmtornado\src\LlmTornado\LlmTornado.csproj::TargetFramework=netstandard2.0]
C:\Users\lordo\Documents\GitHub\llmtornado\src\LlmTornado\Audio\Vendors\Google\VendorGoogleMusicResult.cs(45,22): error CS0246: The type or namespace name 'VendorGoogleChatRequestMessagePart' could not be found (are you missing a using directive or an assembly reference?) [C:\Users\lordo\Documents\GitHub\llmtornado\src\LlmTornado\LlmTornado.csproj::TargetFramework=netstandard2.0]
C:\Users\lordo\Documents\GitHub\llmtornado\src\LlmTornado\FineTuning\FineTuneJob.cs(15,19): warning CS8618: Non-nullable property 'Id' must contain a non-null value when exiting constructor. Consider adding the 'required' modifier or declaring the property as nullable. [C:\Users\lordo\Documents\GitHub\llmtornado\src\LlmTornado\LlmTornado.csproj::TargetFramework=net8.0]
C:\Users\lordo\Documents\GitHub\llmtornado\src\LlmTornado\Audio\Vendors\Google\VendorGoogleMusicRequest.cs(103,20): warning CS8603: Possible null reference return. [C:\Users\lordo\Documents\GitHub\llmtornado\src\LlmTornado\LlmTornado.csproj::TargetFramework=netstandard2.0]
C:\Users\lordo\Documents\GitHub\llmtornado\src\LlmTornado\FineTuning\FineTuneJob.cs(18,19): warning CS8618: Non-nullable property 'Model' must contain a non-null value when exiting constructor. Consider adding the 'required' modifier or declaring the property as nullable. [C:\Users\lordo\Documents\GitHub\llmtornado\src\LlmTornado\LlmTornado.csproj::TargetFramework=net8.0]
C:\Users\lordo\Documents\GitHub\llmtornado\src\LlmTornado\Audio\TranslationRequest.cs(14,22): warning CS8618: Non-nullable property 'File' must contain a non-null value when exiting constructor. Consider adding the 'required' modifier or declaring the property as nullable. [C:\Users\lordo\Documents\GitHub\llmtornado\src\LlmTornado\LlmTornado.csproj::TargetFramework=netstandard2.0]
C:\Users\lordo\Documents\GitHub\llmtornado\src\LlmTornado\FineTuning\FineTuneJob.cs(47,19): warning CS8618: Non-nullable property 'FineTunedModel' must contain a non-null value when exiting constructor. Consider adding the 'required' modifier or declaring the property as nullable. [C:\Users\lordo\Documents\GitHub\llmtornado\src\LlmTornado\LlmTornado.csproj::TargetFramework=net8.0]
C:\Users\lordo\Documents\GitHub\llmtornado\src\LlmTornado\Audio\TranslationRequest.cs(31,19): warning CS8618: Non-nullable property 'Prompt' must contain a non-null value when exiting constructor. Consider adding the 'required' modifier or declaring the property as nullable. [C:\Users\lordo\Documents\GitHub\llmtornado\src\LlmTornado\LlmTornado.csproj::TargetFramework=netstandard2.0]
C:\Users\lordo\Documents\GitHub\llmtornado\src\LlmTornado\Audio\TranscriptionResult.cs(233,19): warning CS8618: Non-nullable property 'Type' must contain a non-null value when exiting constructor. Consider adding the 'required' modifier or declaring the property as nullable. [C:\Users\lordo\Documents\GitHub\llmtornado\src\LlmTornado\LlmTornado.csproj::TargetFramework=netstandard2.0]
C:\Users\lordo\Documents\GitHub\llmtornado\src\LlmTornado\Audio\TranscriptionResult.cs(146,19): warning CS8618: Non-nullable property 'Id' must contain a non-null value when exiting constructor. Consider adding the 'required' modifier or declaring the property as nullable. [C:\Users\lordo\Documents\GitHub\llmtornado\src\LlmTornado\LlmTornado.csproj::TargetFramework=netstandard2.0]
C:\Users\lordo\Documents\GitHub\llmtornado\src\LlmTornado\Audio\TranscriptionResult.cs(170,19): warning CS8618: Non-nullable property 'Text' must contain a non-null value when exiting constructor. Consider adding the 'required' modifier or declaring the property as nullable. [C:\Users\lordo\Documents\GitHub\llmtornado\src\LlmTornado\LlmTornado.csproj::TargetFramework=netstandard2.0]
C:\Users\lordo\Documents\GitHub\llmtornado\src\LlmTornado\Audio\TranscriptionResult.cs(176,18): warning CS8618: Non-nullable property 'Tokens' must contain a non-null value when exiting constructor. Consider adding the 'required' modifier or declaring the property as nullable. [C:\Users\lordo\Documents\GitHub\llmtornado\src\LlmTornado\LlmTornado.csproj::TargetFramework=netstandard2.0]
C:\Users\lordo\Documents\GitHub\llmtornado\src\LlmTornado\Audio\TranscriptionResult.cs(125,19): warning CS8618: Non-nullable property 'Word' must contain a non-null value when exiting constructor. Consider adding the 'required' modifier or declaring the property as nullable. [C:\Users\lordo\Documents\GitHub\llmtornado\src\LlmTornado\LlmTornado.csproj::TargetFramework=netstandard2.0]
C:\Users\lordo\Documents\GitHub\llmtornado\src\LlmTornado\FineTuning\FineTuneJob.cs(50,19): warning CS8618: Non-nullable property 'OrganizationId' must contain a non-null value when exiting constructor. Consider adding the 'required' modifier or declaring the property as nullable. [C:\Users\lordo\Documents\GitHub\llmtornado\src\LlmTornado\LlmTornado.csproj::TargetFramework=net8.0]
C:\Users\lordo\Documents\GitHub\llmtornado\src\LlmTornado\Caching\Vendors\Google\VendorGoogleCachingCreateCachedContentRequest.cs(58,12): warning CS8618: Non-nullable property 'Ttl' must contain a non-null value when exiting constructor. Consider adding the 'required' modifier or declaring the property as nullable. [C:\Users\lordo\Documents\GitHub\llmtornado\src\LlmTornado\LlmTornado.csproj::TargetFramework=netstandard2.0]
C:\Users\lordo\Documents\GitHub\llmtornado\src\LlmTornado\FineTuning\FineTuneJob.cs(53,34): warning CS8618: Non-nullable property 'ResultFiles' must contain a non-null value when exiting constructor. Consider adding the 'required' modifier or declaring the property as nullable. [C:\Users\lordo\Documents\GitHub\llmtornado\src\LlmTornado\LlmTornado.csproj::TargetFramework=net8.0]
C:\Users\lordo\Documents\GitHub\llmtornado\src\LlmTornado\Caching\Vendors\Google\VendorGoogleCachingCreateCachedContentRequest.cs(58,12): warning CS8618: Non-nullable property 'Model' must contain a non-null value when exiting constructor. Consider adding the 'required' modifier or declaring the property as nullable. [C:\Users\lordo\Documents\GitHub\llmtornado\src\LlmTornado\LlmTornado.csproj::TargetFramework=netstandard2.0]
C:\Users\lordo\Documents\GitHub\llmtornado\src\LlmTornado\FineTuning\FineTuneJob.cs(58,19): warning CS8618: Non-nullable property 'ValidationFile' must contain a non-null value when exiting constructor. Consider adding the 'required' modifier or declaring the property as nullable. [C:\Users\lordo\Documents\GitHub\llmtornado\src\LlmTornado\LlmTornado.csproj::TargetFramework=net8.0]
C:\Users\lordo\Documents\GitHub\llmtornado\src\LlmTornado\Caching\Vendors\Google\VendorGoogleCachingCreateCachedContentRequest.cs(58,12): warning CS8618: Non-nullable property 'Config' must contain a non-null value when exiting constructor. Consider adding the 'required' modifier or declaring the property as nullable. [C:\Users\lordo\Documents\GitHub\llmtornado\src\LlmTornado\LlmTornado.csproj::TargetFramework=netstandard2.0]
C:\Users\lordo\Documents\GitHub\llmtornado\src\LlmTornado\FineTuning\FineTuneJob.cs(61,19): warning CS8618: Non-nullable property 'TrainingFile' must contain a non-null value when exiting constructor. Consider adding the 'required' modifier or declaring the property as nullable. [C:\Users\lordo\Documents\GitHub\llmtornado\src\LlmTornado\LlmTornado.csproj::TargetFramework=net8.0]
C:\Users\lordo\Documents\GitHub\llmtornado\src\LlmTornado\FineTuning\FineTuneJob.cs(64,24): warning CS8618: Non-nullable property 'HyperParameters' must contain a non-null value when exiting constructor. Consider adding the 'required' modifier or declaring the property as nullable. [C:\Users\lordo\Documents\GitHub\llmtornado\src\LlmTornado\LlmTornado.csproj::TargetFramework=net8.0]
C:\Users\lordo\Documents\GitHub\llmtornado\src\LlmTornado\Audio\TranscriptionResult.cs(83,19): warning CS8618: Non-nullable property 'Bytes' must contain a non-null value when exiting constructor. Consider adding the 'required' modifier or declaring the property as nullable. [C:\Users\lordo\Documents\GitHub\llmtornado\src\LlmTornado\LlmTornado.csproj::TargetFramework=netstandard2.0]
C:\Users\lordo\Documents\GitHub\llmtornado\src\LlmTornado\FineTuning\EventList.cs(12,19): warning CS8618: Non-nullable property 'Object' must contain a non-null value when exiting constructor. Consider adding the 'required' modifier or declaring the property as nullable. [C:\Users\lordo\Documents\GitHub\llmtornado\src\LlmTornado\LlmTornado.csproj::TargetFramework=net8.0]
C:\Users\lordo\Documents\GitHub\llmtornado\src\LlmTornado\Audio\TranscriptionResult.cs(95,19): warning CS8618: Non-nullable property 'Token' must contain a non-null value when exiting constructor. Consider adding the 'required' modifier or declaring the property as nullable. [C:\Users\lordo\Documents\GitHub\llmtornado\src\LlmTornado\LlmTornado.csproj::TargetFramework=netstandard2.0]
C:\Users\lordo\Documents\GitHub\llmtornado\src\LlmTornado\FineTuning\EventList.cs(15,33): warning CS8618: Non-nullable property 'Events' must contain a non-null value when exiting constructor. Consider adding the 'required' modifier or declaring the property as nullable. [C:\Users\lordo\Documents\GitHub\llmtornado\src\LlmTornado\LlmTornado.csproj::TargetFramework=net8.0]
C:\Users\lordo\Documents\GitHub\llmtornado\src\LlmTornado\Batch\Vendors\Google\VendorGoogleBatchResult.cs(45,35): warning CS8601: Possible null reference assignment. [C:\Users\lordo\Documents\GitHub\llmtornado\src\LlmTornado\LlmTornado.csproj::TargetFramework=netstandard2.0]
C:\Users\lordo\Documents\GitHub\llmtornado\src\LlmTornado\FineTuning\CreateFineTuneJobRequest.cs(12,27): warning CS8601: Possible null reference assignment. [C:\Users\lordo\Documents\GitHub\llmtornado\src\LlmTornado\LlmTornado.csproj::TargetFramework=net8.0]
C:\Users\lordo\Documents\GitHub\llmtornado\src\LlmTornado\FineTuning\CreateFineTuneJobRequest.cs(13,18): warning CS8601: Possible null reference assignment. [C:\Users\lordo\Documents\GitHub\llmtornado\src\LlmTornado\LlmTornado.csproj::TargetFramework=net8.0]
C:\Users\lordo\Documents\GitHub\llmtornado\src\LlmTornado\Batch\Vendors\Google\VendorGoogleBatchRequest.cs(24,47): warning CS8604: Possible null reference argument for parameter 'request' in 'VendorGoogleChatRequest.VendorGoogleChatRequest(ChatRequest request, IEndpointProvider provider)'. [C:\Users\lordo\Documents\GitHub\llmtornado\src\LlmTornado\LlmTornado.csproj::TargetFramework=netstandard2.0]
C:\Users\lordo\Documents\GitHub\llmtornado\src\LlmTornado\FineTuning\CreateFineTuneJobRequest.cs(14,28): warning CS8601: Possible null reference assignment. [C:\Users\lordo\Documents\GitHub\llmtornado\src\LlmTornado\LlmTornado.csproj::TargetFramework=net8.0]
C:\Users\lordo\Documents\GitHub\llmtornado\src\LlmTornado\Batch\Vendors\Google\VendorGoogleBatchItem.cs(143,16): warning CS8603: Possible null reference return. [C:\Users\lordo\Documents\GitHub\llmtornado\src\LlmTornado\LlmTornado.csproj::TargetFramework=netstandard2.0]
C:\Users\lordo\Documents\GitHub\llmtornado\src\LlmTornado\FineTuning\CreateFineTuneJobRequest.cs(8,12): warning CS8618: Non-nullable property 'HyperParameters' must contain a non-null value when exiting constructor. Consider adding the 'required' modifier or declaring the property as nullable. [C:\Users\lordo\Documents\GitHub\llmtornado\src\LlmTornado\LlmTornado.csproj::TargetFramework=net8.0]
C:\Users\lordo\Documents\GitHub\llmtornado\src\LlmTornado\Batch\Vendors\Google\VendorGoogleBatchHandler.cs(23,59): warning CS8602: Dereference of a possibly null reference. [C:\Users\lordo\Documents\GitHub\llmtornado\src\LlmTornado\LlmTornado.csproj::TargetFramework=netstandard2.0]
C:\Users\lordo\Documents\GitHub\llmtornado\src\LlmTornado\Batch\Vendors\Google\VendorGoogleBatchHandler.cs(26,107): warning CS8625: Cannot convert null literal to non-nullable reference type. [C:\Users\lordo\Documents\GitHub\llmtornado\src\LlmTornado\LlmTornado.csproj::TargetFramework=netstandard2.0]
C:\Users\lordo\Documents\GitHub\llmtornado\src\LlmTornado\FineTuning\CreateFineTuneJobRequest.cs(8,12): warning CS8618: Non-nullable property 'Suffix' must contain a non-null value when exiting constructor. Consider adding the 'required' modifier or declaring the property as nullable. [C:\Users\lordo\Documents\GitHub\llmtornado\src\LlmTornado\LlmTornado.csproj::TargetFramework=net8.0]
C:\Users\lordo\Documents\GitHub\llmtornado\src\LlmTornado\FineTuning\CreateFineTuneJobRequest.cs(8,12): warning CS8618: Non-nullable property 'ValidationFileId' must contain a non-null value when exiting constructor. Consider adding the 'required' modifier or declaring the property as nullable. [C:\Users\lordo\Documents\GitHub\llmtornado\src\LlmTornado\LlmTornado.csproj::TargetFramework=net8.0]
C:\Users\lordo\Documents\GitHub\llmtornado\src\LlmTornado\Moderation\ModerationRequest.cs(27,9): warning CS8618: Non-nullable property 'Inputs' must contain a non-null value when exiting constructor. Consider adding the 'required' modifier or declaring the property as nullable. [C:\Users\lordo\Documents\GitHub\llmtornado\src\LlmTornado\LlmTornado.csproj::TargetFramework=net8.0]
C:\Users\lordo\Documents\GitHub\llmtornado\src\LlmTornado\Batch\Vendors\Google\VendorGoogleBatchHandler.cs(55,88): warning CS8602: Dereference of a possibly null reference. [C:\Users\lordo\Documents\GitHub\llmtornado\src\LlmTornado\LlmTornado.csproj::TargetFramework=netstandard2.0]
C:\Users\lordo\Documents\GitHub\llmtornado\src\LlmTornado\Moderation\ModerationRequest.cs(78,24): warning CS8603: Possible null reference return. [C:\Users\lordo\Documents\GitHub\llmtornado\src\LlmTornado\LlmTornado.csproj::TargetFramework=net8.0]
C:\Users\lordo\Documents\GitHub\llmtornado\src\LlmTornado\Caching\Vendors\Google\VendorGoogleCachingCachedContentInfo.cs(55,12): warning CS8618: Non-nullable property 'UsageMetadata' must contain a non-null value when exiting constructor. Consider adding the 'required' modifier or declaring the property as nullable. [C:\Users\lordo\Documents\GitHub\llmtornado\src\LlmTornado\LlmTornado.csproj::TargetFramework=netstandard2.0]
C:\Users\lordo\Documents\GitHub\llmtornado\src\LlmTornado\Moderation\ModerationRequest.cs(79,20): warning CS8603: Possible null reference return. [C:\Users\lordo\Documents\GitHub\llmtornado\src\LlmTornado\LlmTornado.csproj::TargetFramework=net8.0]
C:\Users\lordo\Documents\GitHub\llmtornado\src\LlmTornado\Caching\Vendors\Google\VendorGoogleCachingCachedContentInfo.cs(55,12): warning CS8618: Non-nullable property 'Model' must contain a non-null value when exiting constructor. Consider adding the 'required' modifier or declaring the property as nullable. [C:\Users\lordo\Documents\GitHub\llmtornado\src\LlmTornado\LlmTornado.csproj::TargetFramework=netstandard2.0]
C:\Users\lordo\Documents\GitHub\llmtornado\src\LlmTornado\Files\Vendors\Google\VendorGoogleTornadoFile.cs(71,43): warning CS8618: Non-nullable property 'File' must contain a non-null value when exiting constructor. Consider adding the 'required' modifier or declaring the property as nullable. [C:\Users\lordo\Documents\GitHub\llmtornado\src\LlmTornado\LlmTornado.csproj::TargetFramework=net8.0]
C:\Users\lordo\Documents\GitHub\llmtornado\src\LlmTornado\Caching\Vendors\Google\VendorGoogleCachingCachedContentList.cs(13,55): warning CS8618: Non-nullable property 'CachedContents' must contain a non-null value when exiting constructor. Consider adding the 'required' modifier or declaring the property as nullable. [C:\Users\lordo\Documents\GitHub\llmtornado\src\LlmTornado\LlmTornado.csproj::TargetFramework=netstandard2.0]
C:\Users\lordo\Documents\GitHub\llmtornado\src\LlmTornado\Files\Vendors\Google\VendorGoogleTornadoFile.cs(12,19): warning CS8618: Non-nullable property 'Name' must contain a non-null value when exiting constructor. Consider adding the 'required' modifier or declaring the property as nullable. [C:\Users\lordo\Documents\GitHub\llmtornado\src\LlmTornado\LlmTornado.csproj::TargetFramework=net8.0]
C:\Users\lordo\Documents\GitHub\llmtornado\src\LlmTornado\Batch\Vendors\Anthropic\VendorAnthropicBatchRequest.cs(24,49): warning CS8604: Possible null reference argument for parameter 'request' in 'VendorAnthropicChatRequest.VendorAnthropicChatRequest(ChatRequest request, IEndpointProvider provider)'. [C:\Users\lordo\Documents\GitHub\llmtornado\src\LlmTornado\LlmTornado.csproj::TargetFramework=netstandard2.0]
C:\Users\lordo\Documents\GitHub\llmtornado\src\LlmTornado\Files\Vendors\Google\VendorGoogleTornadoFile.cs(15,19): warning CS8618: Non-nullable property 'MimeType' must contain a non-null value when exiting constructor. Consider adding the 'required' modifier or declaring the property as nullable. [C:\Users\lordo\Documents\GitHub\llmtornado\src\LlmTornado\LlmTornado.csproj::TargetFramework=net8.0]
C:\Users\lordo\Documents\GitHub\llmtornado\src\LlmTornado\Audio\SpeechRequest.cs(17,19): warning CS8618: Non-nullable property 'Input' must contain a non-null value when exiting constructor. Consider adding the 'required' modifier or declaring the property as nullable. [C:\Users\lordo\Documents\GitHub\llmtornado\src\LlmTornado\LlmTornado.csproj::TargetFramework=netstandard2.0]
C:\Users\lordo\Documents\GitHub\llmtornado\src\LlmTornado\Files\Vendors\Google\VendorGoogleTornadoFile.cs(30,19): warning CS8618: Non-nullable property 'Sha256hash' must contain a non-null value when exiting constructor. Consider adding the 'required' modifier or declaring the property as nullable. [C:\Users\lordo\Documents\GitHub\llmtornado\src\LlmTornado\LlmTornado.csproj::TargetFramework=net8.0]
C:\Users\lordo\Documents\GitHub\llmtornado\src\LlmTornado\Audio\TranscriptionRequest.cs(27,19): warning CS8618: Non-nullable property 'Language' must contain a non-null value when exiting constructor. Consider adding the 'required' modifier or declaring the property as nullable. [C:\Users\lordo\Documents\GitHub\llmtornado\src\LlmTornado\LlmTornado.csproj::TargetFramework=netstandard2.0]
C:\Users\lordo\Documents\GitHub\llmtornado\src\LlmTornado\Audio\TranscriptionRequest.cs(40,22): warning CS8618: Non-nullable property 'File' must contain a non-null value when exiting constructor. Consider adding the 'required' modifier or declaring the property as nullable. [C:\Users\lordo\Documents\GitHub\llmtornado\src\LlmTornado\LlmTornado.csproj::TargetFramework=netstandard2.0]
C:\Users\lordo\Documents\GitHub\llmtornado\src\LlmTornado\Files\Vendors\Google\VendorGoogleTornadoFile.cs(33,19): warning CS8618: Non-nullable property 'Uri' must contain a non-null value when exiting constructor. Consider adding the 'required' modifier or declaring the property as nullable. [C:\Users\lordo\Documents\GitHub\llmtornado\src\LlmTornado\LlmTornado.csproj::TargetFramework=net8.0]
C:\Users\lordo\Documents\GitHub\llmtornado\src\LlmTornado\Audio\TranscriptionResult.cs(17,19): warning CS8618: Non-nullable property 'Text' must contain a non-null value when exiting constructor. Consider adding the 'required' modifier or declaring the property as nullable. [C:\Users\lordo\Documents\GitHub\llmtornado\src\LlmTornado\LlmTornado.csproj::TargetFramework=netstandard2.0]
C:\Users\lordo\Documents\GitHub\llmtornado\src\LlmTornado\Files\Vendors\Google\VendorGoogleTornadoFile.cs(42,19): warning CS8618: Non-nullable property 'State' must contain a non-null value when exiting constructor. Consider adding the 'required' modifier or declaring the property as nullable. [C:\Users\lordo\Documents\GitHub\llmtornado\src\LlmTornado\LlmTornado.csproj::TargetFramework=net8.0]
C:\Users\lordo\Documents\GitHub\llmtornado\src\LlmTornado\Files\Vendors\Google\VendorGoogleTornadoFile.cs(45,19): warning CS8618: Non-nullable property 'Source' must contain a non-null value when exiting constructor. Consider adding the 'required' modifier or declaring the property as nullable. [C:\Users\lordo\Documents\GitHub\llmtornado\src\LlmTornado\LlmTornado.csproj::TargetFramework=net8.0]
C:\Users\lordo\Documents\GitHub\llmtornado\src\LlmTornado\Vendor\Google\VendorGoogleUsage.cs(124,19): warning CS8618: Non-nullable property 'Category' must contain a non-null value when exiting constructor. Consider adding the 'required' modifier or declaring the property as nullable. [C:\Users\lordo\Documents\GitHub\llmtornado\src\LlmTornado\LlmTornado.csproj::TargetFramework=netstandard2.0]
C:\Users\lordo\Documents\GitHub\llmtornado\src\LlmTornado\EndpointBase.cs(124,30): warning CS0168: The variable 'e' is declared but never used [C:\Users\lordo\Documents\GitHub\llmtornado\src\LlmTornado\LlmTornado.csproj::TargetFramework=net8.0]
C:\Users\lordo\Documents\GitHub\llmtornado\src\LlmTornado\Vendor\Google\VendorGoogleUsage.cs(134,19): warning CS8618: Non-nullable property 'Probability' must contain a non-null value when exiting constructor. Consider adding the 'required' modifier or declaring the property as nullable. [C:\Users\lordo\Documents\GitHub\llmtornado\src\LlmTornado\LlmTornado.csproj::TargetFramework=netstandard2.0]
C:\Users\lordo\Documents\GitHub\llmtornado\src\LlmTornado\Responses\ResponsesWebSocketConnection.cs(228,36): error CS1503: Argument 1: cannot convert from 'object' to 'string' [C:\Users\lordo\Documents\GitHub\llmtornado\src\LlmTornado\LlmTornado.csproj::TargetFramework=net8.0]
C:\Users\lordo\Documents\GitHub\llmtornado\src\LlmTornado\Vendor\Google\VendorGoogleUsage.cs(82,19): warning CS8618: Non-nullable property 'Modality' must contain a non-null value when exiting constructor. Consider adding the 'required' modifier or declaring the property as nullable. [C:\Users\lordo\Documents\GitHub\llmtornado\src\LlmTornado\LlmTornado.csproj::TargetFramework=netstandard2.0]
C:\Users\lordo\Documents\GitHub\llmtornado\src\LlmTornado\Live\Vendors\Google\VendorGoogleLiveMapper.cs(67,24): error CS0246: The type or namespace name 'VendorGoogleChatTool' could not be found (are you missing a using directive or an assembly reference?) [C:\Users\lordo\Documents\GitHub\llmtornado\src\LlmTornado\LlmTornado.csproj::TargetFramework=net8.0]
C:\Users\lordo\Documents\GitHub\llmtornado\src\LlmTornado\Vendor\Cohere\VendorCohereUsage.cs(23,33): warning CS8618: Non-nullable property 'Api' must contain a non-null value when exiting constructor. Consider adding the 'required' modifier or declaring the property as nullable. [C:\Users\lordo\Documents\GitHub\llmtornado\src\LlmTornado\LlmTornado.csproj::TargetFramework=netstandard2.0]
C:\Users\lordo\Documents\GitHub\llmtornado\src\LlmTornado\Tokenize\Vendors\VendorCohereTokenizeRequest.cs(24,20): warning CS8601: Possible null reference assignment. [C:\Users\lordo\Documents\GitHub\llmtornado\src\LlmTornado\LlmTornado.csproj::TargetFramework=netstandard2.0]
C:\Users\lordo\Documents\GitHub\llmtornado\src\LlmTornado\Live\Vendors\Google\VendorGoogleLiveMapper.cs(67,48): error CS0246: The type or namespace name 'VendorGoogleChatToolConfig' could not be found (are you missing a using directive or an assembly reference?) [C:\Users\lordo\Documents\GitHub\llmtornado\src\LlmTornado\LlmTornado.csproj::TargetFramework=net8.0]
C:\Users\lordo\Documents\GitHub\llmtornado\src\LlmTornado\Tokenize\Vendors\VendorCohereTokenizeRequest.cs(17,12): warning CS8618: Non-nullable property 'Text' must contain a non-null value when exiting constructor. Consider adding the 'required' modifier or declaring the property as nullable. [C:\Users\lordo\Documents\GitHub\llmtornado\src\LlmTornado\LlmTornado.csproj::TargetFramework=netstandard2.0]
C:\Users\lordo\Documents\GitHub\llmtornado\src\LlmTornado\Skills\SkillVersionDeleteResponse.cs(17,19): warning CS8618: Non-nullable property 'Id' must contain a non-null value when exiting constructor. Consider adding the 'required' modifier or declaring the property as nullable. [C:\Users\lordo\Documents\GitHub\llmtornado\src\LlmTornado\LlmTornado.csproj::TargetFramework=netstandard2.0]
C:\Users\lordo\Documents\GitHub\llmtornado\src\LlmTornado\Skills\SkillVersion.cs(12,19): warning CS8618: Non-nullable property 'Name' must contain a non-null value when exiting constructor. Consider adding the 'required' modifier or declaring the property as nullable. [C:\Users\lordo\Documents\GitHub\llmtornado\src\LlmTornado\LlmTornado.csproj::TargetFramework=netstandard2.0]
C:\Users\lordo\Documents\GitHub\llmtornado\src\LlmTornado\Files\Vendors\Anthropic\VendorAnthropicTornadoFile.cs(20,19): warning CS8618: Non-nullable property 'Id' must contain a non-null value when exiting constructor. Consider adding the 'required' modifier or declaring the property as nullable. [C:\Users\lordo\Documents\GitHub\llmtornado\src\LlmTornado\LlmTornado.csproj::TargetFramework=net8.0]
C:\Users\lordo\Documents\GitHub\llmtornado\src\LlmTornado\Skills\SkillVersion.cs(17,19): warning CS8618: Non-nullable property 'Id' must contain a non-null value when exiting constructor. Consider adding the 'required' modifier or declaring the property as nullable. [C:\Users\lordo\Documents\GitHub\llmtornado\src\LlmTornado\LlmTornado.csproj::TargetFramework=netstandard2.0]
C:\Users\lordo\Documents\GitHub\llmtornado\src\LlmTornado\Files\Vendors\Anthropic\VendorAnthropicTornadoFile.cs(26,19): warning CS8618: Non-nullable property 'Name' must contain a non-null value when exiting constructor. Consider adding the 'required' modifier or declaring the property as nullable. [C:\Users\lordo\Documents\GitHub\llmtornado\src\LlmTornado\LlmTornado.csproj::TargetFramework=net8.0]
C:\Users\lordo\Documents\GitHub\llmtornado\src\LlmTornado\Skills\SkillVersion.cs(23,19): warning CS8618: Non-nullable property 'SkillId' must contain a non-null value when exiting constructor. Consider adding the 'required' modifier or declaring the property as nullable. [C:\Users\lordo\Documents\GitHub\llmtornado\src\LlmTornado\LlmTornado.csproj::TargetFramework=netstandard2.0]
C:\Users\lordo\Documents\GitHub\llmtornado\src\LlmTornado\Skills\SkillVersion.cs(30,19): warning CS8618: Non-nullable property 'Description' must contain a non-null value when exiting constructor. Consider adding the 'required' modifier or declaring the property as nullable. [C:\Users\lordo\Documents\GitHub\llmtornado\src\LlmTornado\LlmTornado.csproj::TargetFramework=netstandard2.0]
C:\Users\lordo\Documents\GitHub\llmtornado\src\LlmTornado\Skills\SkillVersion.cs(36,19): warning CS8618: Non-nullable property 'Directory' must contain a non-null value when exiting constructor. Consider adding the 'required' modifier or declaring the property as nullable. [C:\Users\lordo\Documents\GitHub\llmtornado\src\LlmTornado\LlmTornado.csproj::TargetFramework=netstandard2.0]
C:\Users\lordo\Documents\GitHub\llmtornado\src\LlmTornado\Skills\SkillVersion.cs(48,19): warning CS8618: Non-nullable property 'Version' must contain a non-null value when exiting constructor. Consider adding the 'required' modifier or declaring the property as nullable. [C:\Users\lordo\Documents\GitHub\llmtornado\src\LlmTornado\LlmTornado.csproj::TargetFramework=netstandard2.0]
C:\Users\lordo\Documents\GitHub\llmtornado\src\LlmTornado\Skills\SkillsEndpoint.cs(49,35): warning CS8601: Possible null reference assignment. [C:\Users\lordo\Documents\GitHub\llmtornado\src\LlmTornado\LlmTornado.csproj::TargetFramework=netstandard2.0]
C:\Users\lordo\Documents\GitHub\llmtornado\src\LlmTornado\Skills\SkillsEndpoint.cs(55,37): warning CS8601: Possible null reference assignment. [C:\Users\lordo\Documents\GitHub\llmtornado\src\LlmTornado\LlmTornado.csproj::TargetFramework=netstandard2.0]
C:\Users\lordo\Documents\GitHub\llmtornado\src\LlmTornado\Skills\SkillsEndpoint.cs(83,26): warning CS0168: The variable 'ex' is declared but never used [C:\Users\lordo\Documents\GitHub\llmtornado\src\LlmTornado\LlmTornado.csproj::TargetFramework=netstandard2.0]
C:\Users\lordo\Documents\GitHub\llmtornado\src\LlmTornado\Rerank\RerankResult.cs(16,19): warning CS8618: Non-nullable property 'Object' must contain a non-null value when exiting constructor. Consider adding the 'required' modifier or declaring the property as nullable. [C:\Users\lordo\Documents\GitHub\llmtornado\src\LlmTornado\LlmTornado.csproj::TargetFramework=netstandard2.0]
C:\Users\lordo\Documents\GitHub\llmtornado\src\LlmTornado\Rerank\RerankResult.cs(22,29): warning CS8618: Non-nullable property 'Data' must contain a non-null value when exiting constructor. Consider adding the 'required' modifier or declaring the property as nullable. [C:\Users\lordo\Documents\GitHub\llmtornado\src\LlmTornado\LlmTornado.csproj::TargetFramework=netstandard2.0]
C:\Users\lordo\Documents\GitHub\llmtornado\src\LlmTornado\Rerank\RerankResult.cs(28,19): warning CS8618: Non-nullable property 'Model' must contain a non-null value when exiting constructor. Consider adding the 'required' modifier or declaring the property as nullable. [C:\Users\lordo\Documents\GitHub\llmtornado\src\LlmTornado\LlmTornado.csproj::TargetFramework=netstandard2.0]
C:\Users\lordo\Documents\GitHub\llmtornado\src\LlmTornado\Rerank\RerankResult.cs(34,18): warning CS8618: Non-nullable property 'Usage' must contain a non-null value when exiting constructor. Consider adding the 'required' modifier or declaring the property as nullable. [C:\Users\lordo\Documents\GitHub\llmtornado\src\LlmTornado\LlmTornado.csproj::TargetFramework=netstandard2.0]
C:\Users\lordo\Documents\GitHub\llmtornado\src\LlmTornado\Skills\SkillsEndpoint.cs(147,35): warning CS8601: Possible null reference assignment. [C:\Users\lordo\Documents\GitHub\llmtornado\src\LlmTornado\LlmTornado.csproj::TargetFramework=netstandard2.0]
C:\Users\lordo\Documents\GitHub\llmtornado\src\LlmTornado\Skills\SkillDeleteResponse.cs(17,19): warning CS8618: Non-nullable property 'Id' must contain a non-null value when exiting constructor. Consider adding the 'required' modifier or declaring the property as nullable. [C:\Users\lordo\Documents\GitHub\llmtornado\src\LlmTornado\LlmTornado.csproj::TargetFramework=netstandard2.0]
C:\Users\lordo\Documents\GitHub\llmtornado\src\LlmTornado\Skills\Skill.cs(15,19): warning CS8618: Non-nullable property 'DisplayTitle' must contain a non-null value when exiting constructor. Consider adding the 'required' modifier or declaring the property as nullable. [C:\Users\lordo\Documents\GitHub\llmtornado\src\LlmTornado\LlmTornado.csproj::TargetFramework=netstandard2.0]
C:\Users\lordo\Documents\GitHub\llmtornado\src\LlmTornado\Skills\Skill.cs(20,19): warning CS8618: Non-nullable property 'Id' must contain a non-null value when exiting constructor. Consider adding the 'required' modifier or declaring the property as nullable. [C:\Users\lordo\Documents\GitHub\llmtornado\src\LlmTornado\LlmTornado.csproj::TargetFramework=netstandard2.0]
C:\Users\lordo\Documents\GitHub\llmtornado\src\LlmTornado\Skills\Skill.cs(40,19): warning CS8618: Non-nullable property 'LatestVersion' must contain a non-null value when exiting constructor. Consider adding the 'required' modifier or declaring the property as nullable. [C:\Users\lordo\Documents\GitHub\llmtornado\src\LlmTornado\LlmTornado.csproj::TargetFramework=netstandard2.0]
C:\Users\lordo\Documents\GitHub\llmtornado\src\LlmTornado\Skills\OpenAiSkillsEndpoint.cs(52,16): error CS7036: There is no argument given that corresponds to the required parameter 'cancellationToken' of 'OpenAiSkillsEndpoint.HttpGetData<T>(IEndpointProvider, string?, Dictionary<string, object>?, CancellationToken)' [C:\Users\lordo\Documents\GitHub\llmtornado\src\LlmTornado\LlmTornado.csproj::TargetFramework=netstandard2.0]
C:\Users\lordo\Documents\GitHub\llmtornado\src\LlmTornado\Responses\ResponseToolSearch.cs(364,43): error CS0103: The name 'ToolCustomFormat' does not exist in the current context [C:\Users\lordo\Documents\GitHub\llmtornado\src\LlmTornado\LlmTornado.csproj::TargetFramework=netstandard2.0]
C:\Users\lordo\Documents\GitHub\llmtornado\src\LlmTornado\Files\Vendors\Anthropic\VendorAnthropicTornadoFile.cs(38,19): warning CS8618: Non-nullable property 'CreatedAt' must contain a non-null value when exiting constructor. Consider adding the 'required' modifier or declaring the property as nullable. [C:\Users\lordo\Documents\GitHub\llmtornado\src\LlmTornado\LlmTornado.csproj::TargetFramework=net8.0]
C:\Users\lordo\Documents\GitHub\llmtornado\src\LlmTornado\Responses\ResponseToolSearch.cs(368,17): error CS0246: The type or namespace name 'ToolCustomGrammarSyntaxes' could not be found (are you missing a using directive or an assembly reference?) [C:\Users\lordo\Documents\GitHub\llmtornado\src\LlmTornado\LlmTornado.csproj::TargetFramework=netstandard2.0]
C:\Users\lordo\Documents\GitHub\llmtornado\src\LlmTornado\Files\TornadoPagingList.cs(13,20): warning CS8618: Non-nullable property 'Items' must contain a non-null value when exiting constructor. Consider adding the 'required' modifier or declaring the property as nullable. [C:\Users\lordo\Documents\GitHub\llmtornado\src\LlmTornado\LlmTornado.csproj::TargetFramework=net8.0]
C:\Users\lordo\Documents\GitHub\llmtornado\src\LlmTornado\Responses\ResponseToolSearch.cs(369,23): error CS0103: The name 'ToolCustomGrammarSyntaxes' does not exist in the current context [C:\Users\lordo\Documents\GitHub\llmtornado\src\LlmTornado\LlmTornado.csproj::TargetFramework=netstandard2.0]
C:\Users\lordo\Documents\GitHub\llmtornado\src\LlmTornado\Files\TornadoFile.cs(23,19): warning CS8618: Non-nullable property 'Id' must contain a non-null value when exiting constructor. Consider adding the 'required' modifier or declaring the property as nullable. [C:\Users\lordo\Documents\GitHub\llmtornado\src\LlmTornado\LlmTornado.csproj::TargetFramework=net8.0]
C:\Users\lordo\Documents\GitHub\llmtornado\src\LlmTornado\Responses\ResponseToolSearch.cs(370,23): error CS0103: The name 'ToolCustomGrammarSyntaxes' does not exist in the current context [C:\Users\lordo\Documents\GitHub\llmtornado\src\LlmTornado\LlmTornado.csproj::TargetFramework=netstandard2.0]
C:\Users\lordo\Documents\GitHub\llmtornado\src\LlmTornado\Embedding\Vendors\Voyage\VendorVoyageEmbeddingRequest.cs(190,19): warning CS8618: Non-nullable property 'Type' must contain a non-null value when exiting constructor. Consider adding the 'required' modifier or declaring the property as nullable. [C:\Users\lordo\Documents\GitHub\llmtornado\src\LlmTornado\LlmTornado.csproj::TargetFramework=net8.0]
C:\Users\lordo\Documents\GitHub\llmtornado\src\LlmTornado\Responses\ResponseToolSearch.cs(372,23): error CS0103: The name 'ToolCustomFormat' does not exist in the current context [C:\Users\lordo\Documents\GitHub\llmtornado\src\LlmTornado\LlmTornado.csproj::TargetFramework=netstandard2.0]
C:\Users\lordo\Documents\GitHub\llmtornado\src\LlmTornado\ManagedAgents\Anthropic\AnthropicManagedAgentSessionsEndpoint.cs(130,70): warning CS8604: Possible null reference argument for parameter 'reader' in 'IAsyncEnumerable<ServerSentEvent> IEndpointProvider.InboundStream(StreamReader reader)'. [C:\Users\lordo\Documents\GitHub\llmtornado\src\LlmTornado\LlmTornado.csproj::TargetFramework=net8.0]
C:\Users\lordo\Documents\GitHub\llmtornado\src\LlmTornado\Responses\ResponseToolSearch.cs(373,27): error CS0246: The type or namespace name 'ToolCustomFormat' could not be found (are you missing a using directive or an assembly reference?) [C:\Users\lordo\Documents\GitHub\llmtornado\src\LlmTornado\LlmTornado.csproj::TargetFramework=netstandard2.0]
C:\Users\lordo\Documents\GitHub\llmtornado\src\LlmTornado\Completions\CompletionResult.cs(93,50): warning CS8618: Non-nullable property 'Tokens' must contain a non-null value when exiting constructor. Consider adding the 'required' modifier or declaring the property as nullable. [C:\Users\lordo\Documents\GitHub\llmtornado\src\LlmTornado\LlmTornado.csproj::TargetFramework=net8.0]
C:\Users\lordo\Documents\GitHub\llmtornado\src\LlmTornado\Completions\CompletionResult.cs(95,59): warning CS8618: Non-nullable property 'TokenLogprobs' must contain a non-null value when exiting constructor. Consider adding the 'required' modifier or declaring the property as nullable. [C:\Users\lordo\Documents\GitHub\llmtornado\src\LlmTornado\LlmTornado.csproj::TargetFramework=net8.0]
C:\Users\lordo\Documents\GitHub\llmtornado\src\LlmTornado\Responses\ResponseToolSearch.cs(373,53): error CS0103: The name 'ToolCustomFormat' does not exist in the current context [C:\Users\lordo\Documents\GitHub\llmtornado\src\LlmTornado\LlmTornado.csproj::TargetFramework=netstandard2.0]
C:\Users\lordo\Documents\GitHub\llmtornado\src\LlmTornado\Responses\ResponseToolSearch.cs(377,31): error CS0103: The name 'ToolCustomFormat' does not exist in the current context [C:\Users\lordo\Documents\GitHub\llmtornado\src\LlmTornado\LlmTornado.csproj::TargetFramework=netstandard2.0]
C:\Users\lordo\Documents\GitHub\llmtornado\src\LlmTornado\Completions\CompletionResult.cs(97,78): warning CS8618: Non-nullable property 'TopLogprobs' must contain a non-null value when exiting constructor. Consider adding the 'required' modifier or declaring the property as nullable. [C:\Users\lordo\Documents\GitHub\llmtornado\src\LlmTornado\LlmTornado.csproj::TargetFramework=net8.0]
C:\Users\lordo\Documents\GitHub\llmtornado\src\LlmTornado\Completions\CompletionResult.cs(99,52): warning CS8618: Non-nullable property 'TextOffsets' must contain a non-null value when exiting constructor. Consider adding the 'required' modifier or declaring the property as nullable. [C:\Users\lordo\Documents\GitHub\llmtornado\src\LlmTornado\LlmTornado.csproj::TargetFramework=net8.0]
C:\Users\lordo\Documents\GitHub\llmtornado\src\LlmTornado\Completions\CompletionResult.cs(66,19): warning CS8618: Non-nullable property 'Id' must contain a non-null value when exiting constructor. Consider adding the 'required' modifier or declaring the property as nullable. [C:\Users\lordo\Documents\GitHub\llmtornado\src\LlmTornado\LlmTornado.csproj::TargetFramework=net8.0]
C:\Users\lordo\Documents\GitHub\llmtornado\src\LlmTornado\Realtime\Translation\RealtimeTranslationEndpoint.cs(49,50): error CS1729: 'RealtimeTranslationSession' does not contain a constructor that takes 2 arguments [C:\Users\lordo\Documents\GitHub\llmtornado\src\LlmTornado\LlmTornado.csproj::TargetFramework=netstandard2.0]
C:\Users\lordo\Documents\GitHub\llmtornado\src\LlmTornado\Completions\CompletionResult.cs(72,25): warning CS8618: Non-nullable property 'Completions' must contain a non-null value when exiting constructor. Consider adding the 'required' modifier or declaring the property as nullable. [C:\Users\lordo\Documents\GitHub\llmtornado\src\LlmTornado\LlmTornado.csproj::TargetFramework=net8.0]
C:\Users\lordo\Documents\GitHub\llmtornado\src\LlmTornado\Realtime\Translation\RealtimeTranslationEndpoint.cs(43,94): warning CS8604: Possible null reference argument for parameter 'json' in 'RealtimeTranslationEvent VendorOpenAiRealtimeTranslation.ParseEvent(string json)'. [C:\Users\lordo\Documents\GitHub\llmtornado\src\LlmTornado\LlmTornado.csproj::TargetFramework=netstandard2.0]
C:\Users\lordo\Documents\GitHub\llmtornado\src\LlmTornado\Completions\CompletionResult.cs(78,28): warning CS8618: Non-nullable property 'Usage' must contain a non-null value when exiting constructor. Consider adding the 'required' modifier or declaring the property as nullable. [C:\Users\lordo\Documents\GitHub\llmtornado\src\LlmTornado\LlmTornado.csproj::TargetFramework=net8.0]
C:\Users\lordo\Documents\GitHub\llmtornado\src\LlmTornado\RateLimits\RateLimitsEndpoint.cs(19,76): error CS0117: 'CapabilityEndpoints' does not contain a definition for 'RateLimits' [C:\Users\lordo\Documents\GitHub\llmtornado\src\LlmTornado\LlmTornado.csproj::TargetFramework=netstandard2.0]
C:\Users\lordo\Documents\GitHub\llmtornado\src\LlmTornado\Completions\CompletionResult.cs(15,19): warning CS8618: Non-nullable property 'Text' must contain a non-null value when exiting constructor. Consider adding the 'required' modifier or declaring the property as nullable. [C:\Users\lordo\Documents\GitHub\llmtornado\src\LlmTornado\LlmTornado.csproj::TargetFramework=net8.0]
C:\Users\lordo\Documents\GitHub\llmtornado\src\LlmTornado\Skills\OpenAiSkillsEndpoint.cs(158,30): warning CS8601: Possible null reference assignment. [C:\Users\lordo\Documents\GitHub\llmtornado\src\LlmTornado\LlmTornado.csproj::TargetFramework=netstandard2.0]
C:\Users\lordo\Documents\GitHub\llmtornado\src\LlmTornado\Completions\CompletionResult.cs(28,21): warning CS8618: Non-nullable property 'Logprobs' must contain a non-null value when exiting constructor. Consider adding the 'required' modifier or declaring the property as nullable. [C:\Users\lordo\Documents\GitHub\llmtornado\src\LlmTornado\LlmTornado.csproj::TargetFramework=net8.0]
C:\Users\lordo\Documents\GitHub\llmtornado\src\LlmTornado\Skills\OpenAiSkillsEndpoint.cs(164,30): warning CS8601: Possible null reference assignment. [C:\Users\lordo\Documents\GitHub\llmtornado\src\LlmTornado\LlmTornado.csproj::TargetFramework=netstandard2.0]
C:\Users\lordo\Documents\GitHub\llmtornado\src\LlmTornado\Completions\CompletionResult.cs(34,19): warning CS8618: Non-nullable property 'FinishReason' must contain a non-null value when exiting constructor. Consider adding the 'required' modifier or declaring the property as nullable. [C:\Users\lordo\Documents\GitHub\llmtornado\src\LlmTornado\LlmTornado.csproj::TargetFramework=net8.0]
C:\Users\lordo\Documents\GitHub\llmtornado\src\LlmTornado\RateLimits\AnthropicRateLimitModels.cs(55,35): warning CS8601: Possible null reference assignment. [C:\Users\lordo\Documents\GitHub\llmtornado\src\LlmTornado\LlmTornado.csproj::TargetFramework=netstandard2.0]
C:\Users\lordo\Documents\GitHub\llmtornado\src\LlmTornado\Completions\CompletionRequest.cs(17,9): warning CS8618: Non-nullable property 'MultiplePrompts' must contain a non-null value when exiting constructor. Consider adding the 'required' modifier or declaring the property as nullable. [C:\Users\lordo\Documents\GitHub\llmtornado\src\LlmTornado\LlmTornado.csproj::TargetFramework=net8.0]
C:\Users\lordo\Documents\GitHub\llmtornado\src\LlmTornado\RateLimits\AnthropicRateLimitModels.cs(60,34): warning CS8601: Possible null reference assignment. [C:\Users\lordo\Documents\GitHub\llmtornado\src\LlmTornado\LlmTornado.csproj::TargetFramework=netstandard2.0]
C:\Users\lordo\Documents\GitHub\llmtornado\src\LlmTornado\Completions\CompletionRequest.cs(17,9): warning CS8618: Non-nullable property 'Suffix' must contain a non-null value when exiting constructor. Consider adding the 'required' modifier or declaring the property as nullable. [C:\Users\lordo\Documents\GitHub\llmtornado\src\LlmTornado\LlmTornado.csproj::TargetFramework=net8.0]
C:\Users\lordo\Documents\GitHub\llmtornado\src\LlmTornado\Ocr\OcrRequest.cs(17,12): warning CS8618: Non-nullable property 'Model' must contain a non-null value when exiting constructor. Consider adding the 'required' modifier or declaring the property as nullable. [C:\Users\lordo\Documents\GitHub\llmtornado\src\LlmTornado\LlmTornado.csproj::TargetFramework=netstandard2.0]
C:\Users\lordo\Documents\GitHub\llmtornado\src\LlmTornado\Completions\CompletionRequest.cs(17,9): warning CS8618: Non-nullable property 'MultipleStopSequences' must contain a non-null value when exiting constructor. Consider adding the 'required' modifier or declaring the property as nullable. [C:\Users\lordo\Documents\GitHub\llmtornado\src\LlmTornado\LlmTornado.csproj::TargetFramework=net8.0]
C:\Users\lordo\Documents\GitHub\llmtornado\src\LlmTornado\Completions\CompletionRequest.cs(17,9): warning CS8618: Non-nullable property 'user' must contain a non-null value when exiting constructor. Consider adding the 'required' modifier or declaring the property as nullable. [C:\Users\lordo\Documents\GitHub\llmtornado\src\LlmTornado\LlmTornado.csproj::TargetFramework=net8.0]
C:\Users\lordo\Documents\GitHub\llmtornado\src\LlmTornado\Ocr\OcrRequest.cs(17,12): warning CS8618: Non-nullable property 'Document' must contain a non-null value when exiting constructor. Consider adding the 'required' modifier or declaring the property as nullable. [C:\Users\lordo\Documents\GitHub\llmtornado\src\LlmTornado\LlmTornado.csproj::TargetFramework=netstandard2.0]
C:\Users\lordo\Documents\GitHub\llmtornado\src\LlmTornado\Completions\CompletionRequest.cs(48,9): warning CS8618: Non-nullable property 'Suffix' must contain a non-null value when exiting constructor. Consider adding the 'required' modifier or declaring the property as nullable. [C:\Users\lordo\Documents\GitHub\llmtornado\src\LlmTornado\LlmTornado.csproj::TargetFramework=net8.0]
C:\Users\lordo\Documents\GitHub\llmtornado\src\LlmTornado\Ocr\OcrRequest.cs(36,12): warning CS8618: Non-nullable property 'Model' must contain a non-null value when exiting constructor. Consider adding the 'required' modifier or declaring the property as nullable. [C:\Users\lordo\Documents\GitHub\llmtornado\src\LlmTornado\LlmTornado.csproj::TargetFramework=netstandard2.0]
C:\Users\lordo\Documents\GitHub\llmtornado\src\LlmTornado\Ocr\OcrRequest.cs(36,12): warning CS8618: Non-nullable property 'Document' must contain a non-null value when exiting constructor. Consider adding the 'required' modifier or declaring the property as nullable. [C:\Users\lordo\Documents\GitHub\llmtornado\src\LlmTornado\LlmTornado.csproj::TargetFramework=netstandard2.0]
C:\Users\lordo\Documents\GitHub\llmtornado\src\LlmTornado\Completions\CompletionRequest.cs(48,9): warning CS8618: Non-nullable property 'MultipleStopSequences' must contain a non-null value when exiting constructor. Consider adding the 'required' modifier or declaring the property as nullable. [C:\Users\lordo\Documents\GitHub\llmtornado\src\LlmTornado\LlmTornado.csproj::TargetFramework=net8.0]
C:\Users\lordo\Documents\GitHub\llmtornado\src\LlmTornado\Completions\CompletionRequest.cs(48,9): warning CS8618: Non-nullable property 'user' must contain a non-null value when exiting constructor. Consider adding the 'required' modifier or declaring the property as nullable. [C:\Users\lordo\Documents\GitHub\llmtornado\src\LlmTornado\LlmTornado.csproj::TargetFramework=net8.0]
C:\Users\lordo\Documents\GitHub\llmtornado\src\LlmTornado\Responses\ResponseTool.cs(1110,21): error CS0117: 'ResponseWebSearchTool' does not contain a definition for 'ReturnTokenBudget' [C:\Users\lordo\Documents\GitHub\llmtornado\src\LlmTornado\LlmTornado.csproj::TargetFramework=netstandard2.0]
C:\Users\lordo\Documents\GitHub\llmtornado\src\LlmTornado\Responses\ResponseTool.cs(1088,38): warning CS8601: Possible null reference assignment. [C:\Users\lordo\Documents\GitHub\llmtornado\src\LlmTornado\LlmTornado.csproj::TargetFramework=netstandard2.0]
C:\Users\lordo\Documents\GitHub\llmtornado\src\LlmTornado\Embedding\Vendors\Google\VendorGoogleEmbeddingResult.cs(15,24): warning CS8618: Non-nullable property 'Values' must contain a non-null value when exiting constructor. Consider adding the 'required' modifier or declaring the property as nullable. [C:\Users\lordo\Documents\GitHub\llmtornado\src\LlmTornado\LlmTornado.csproj::TargetFramework=net8.0]
C:\Users\lordo\Documents\GitHub\llmtornado\src\LlmTornado\Threads\ThreadsEndpoint.cs(401,63): warning CS8604: Possible null reference argument for parameter 'key' in 'bool FrozenDictionary<string, OpenAiAssistantStreamEvent>.TryGetValue(string key, out OpenAiAssistantStreamEvent value)'. [C:\Users\lordo\Documents\GitHub\llmtornado\src\LlmTornado\LlmTornado.csproj::TargetFramework=netstandard2.0]
C:\Users\lordo\Documents\GitHub\llmtornado\src\LlmTornado\Threads\ThreadsEndpoint.cs(510,17): warning CS0219: The variable 'unk' is assigned but its value is never used [C:\Users\lordo\Documents\GitHub\llmtornado\src\LlmTornado\LlmTornado.csproj::TargetFramework=netstandard2.0]
C:\Users\lordo\Documents\GitHub\llmtornado\src\LlmTornado\Moderation\ModerationResult.cs(46,38): warning CS8618: Non-nullable property 'Categories' must contain a non-null value when exiting constructor. Consider adding the 'required' modifier or declaring the property as nullable. [C:\Users\lordo\Documents\GitHub\llmtornado\src\LlmTornado\LlmTornado.csproj::TargetFramework=netstandard2.0]
C:\Users\lordo\Documents\GitHub\llmtornado\src\LlmTornado\Moderation\ModerationResult.cs(52,40): warning CS8618: Non-nullable property 'CategoryScores' must contain a non-null value when exiting constructor. Consider adding the 'required' modifier or declaring the property as nullable. [C:\Users\lordo\Documents\GitHub\llmtornado\src\LlmTornado\LlmTornado.csproj::TargetFramework=netstandard2.0]
C:\Users\lordo\Documents\GitHub\llmtornado\src\LlmTornado\Moderation\ModerationResult.cs(32,16): warning CS8603: Possible null reference return. [C:\Users\lordo\Documents\GitHub\llmtornado\src\LlmTornado\LlmTornado.csproj::TargetFramework=netstandard2.0]
C:\Users\lordo\Documents\GitHub\llmtornado\src\LlmTornado\Completions\CompletionRequest.cs(107,17): warning CS8604: Possible null reference argument for parameter 'model' in 'Model.implicit operator string(Model model)'. [C:\Users\lordo\Documents\GitHub\llmtornado\src\LlmTornado\LlmTornado.csproj::TargetFramework=net8.0]
C:\Users\lordo\Documents\GitHub\llmtornado\src\LlmTornado\Completions\CompletionRequest.cs(111,18): warning CS8601: Possible null reference assignment. [C:\Users\lordo\Documents\GitHub\llmtornado\src\LlmTornado\LlmTornado.csproj::TargetFramework=net8.0]
C:\Users\lordo\Documents\GitHub\llmtornado\src\LlmTornado\Moderation\ModerationResult.cs(16,25): warning CS8618: Non-nullable property 'Results' must contain a non-null value when exiting constructor. Consider adding the 'required' modifier or declaring the property as nullable. [C:\Users\lordo\Documents\GitHub\llmtornado\src\LlmTornado\LlmTornado.csproj::TargetFramework=netstandard2.0]
C:\Users\lordo\Documents\GitHub\llmtornado\src\LlmTornado\Completions\CompletionRequest.cs(93,9): warning CS8618: Non-nullable property 'MultiplePrompts' must contain a non-null value when exiting constructor. Consider adding the 'required' modifier or declaring the property as nullable. [C:\Users\lordo\Documents\GitHub\llmtornado\src\LlmTornado\LlmTornado.csproj::TargetFramework=net8.0]
C:\Users\lordo\Documents\GitHub\llmtornado\src\LlmTornado\Moderation\ModerationResult.cs(23,19): warning CS8618: Non-nullable property 'Id' must contain a non-null value when exiting constructor. Consider adding the 'required' modifier or declaring the property as nullable. [C:\Users\lordo\Documents\GitHub\llmtornado\src\LlmTornado\LlmTornado.csproj::TargetFramework=netstandard2.0]
C:\Users\lordo\Documents\GitHub\llmtornado\src\LlmTornado\Completions\CompletionRequest.cs(93,9): warning CS8618: Non-nullable property 'Suffix' must contain a non-null value when exiting constructor. Consider adding the 'required' modifier or declaring the property as nullable. [C:\Users\lordo\Documents\GitHub\llmtornado\src\LlmTornado\LlmTornado.csproj::TargetFramework=net8.0]
C:\Users\lordo\Documents\GitHub\llmtornado\src\LlmTornado\Completions\CompletionRequest.cs(93,9): warning CS8618: Non-nullable property 'user' must contain a non-null value when exiting constructor. Consider adding the 'required' modifier or declaring the property as nullable. [C:\Users\lordo\Documents\GitHub\llmtornado\src\LlmTornado\LlmTornado.csproj::TargetFramework=net8.0]
C:\Users\lordo\Documents\GitHub\llmtornado\src\LlmTornado\Completions\CompletionRequest.cs(138,20): warning CS8603: Possible null reference return. [C:\Users\lordo\Documents\GitHub\llmtornado\src\LlmTornado\LlmTornado.csproj::TargetFramework=net8.0]
C:\Users\lordo\Documents\GitHub\llmtornado\src\LlmTornado\Completions\CompletionRequest.cs(154,16): warning CS8603: Possible null reference return. [C:\Users\lordo\Documents\GitHub\llmtornado\src\LlmTornado\LlmTornado.csproj::TargetFramework=net8.0]
C:\Users\lordo\Documents\GitHub\llmtornado\src\LlmTornado\Skills\CreateSkillResponse.cs(9,19): warning CS8618: Non-nullable property 'DisplayTitle' must contain a non-null value when exiting constructor. Consider adding the 'required' modifier or declaring the property as nullable. [C:\Users\lordo\Documents\GitHub\llmtornado\src\LlmTornado\LlmTornado.csproj::TargetFramework=netstandard2.0]
C:\Users\lordo\Documents\GitHub\llmtornado\src\LlmTornado\Skills\CreateSkillResponse.cs(14,19): warning CS8618: Non-nullable property 'Id' must contain a non-null value when exiting constructor. Consider adding the 'required' modifier or declaring the property as nullable. [C:\Users\lordo\Documents\GitHub\llmtornado\src\LlmTornado\LlmTornado.csproj::TargetFramework=netstandard2.0]
C:\Users\lordo\Documents\GitHub\llmtornado\src\LlmTornado\Skills\CreateSkillResponse.cs(34,19): warning CS8618: Non-nullable property 'LatestVersion' must contain a non-null value when exiting constructor. Consider adding the 'required' modifier or declaring the property as nullable. [C:\Users\lordo\Documents\GitHub\llmtornado\src\LlmTornado\LlmTornado.csproj::TargetFramework=netstandard2.0]
C:\Users\lordo\Documents\GitHub\llmtornado\src\LlmTornado\Moderation\ModerationRequest.cs(15,9): warning CS8618: Non-nullable property 'Model' must contain a non-null value when exiting constructor. Consider adding the 'required' modifier or declaring the property as nullable. [C:\Users\lordo\Documents\GitHub\llmtornado\src\LlmTornado\LlmTornado.csproj::TargetFramework=netstandard2.0]
C:\Users\lordo\Documents\GitHub\llmtornado\src\LlmTornado\Completions\CompletionRequest.cs(241,20): warning CS8603: Possible null reference return. [C:\Users\lordo\Documents\GitHub\llmtornado\src\LlmTornado\LlmTornado.csproj::TargetFramework=net8.0]
C:\Users\lordo\Documents\GitHub\llmtornado\src\LlmTornado\Completions\CompletionRequest.cs(260,16): warning CS8603: Possible null reference return. [C:\Users\lordo\Documents\GitHub\llmtornado\src\LlmTornado\LlmTornado.csproj::TargetFramework=net8.0]
C:\Users\lordo\Documents\GitHub\llmtornado\src\LlmTornado\Files\FileUploadRequest.cs(91,12): warning CS8618: Non-nullable property 'Bytes' must contain a non-null value when exiting constructor. Consider adding the 'required' modifier or declaring the property as nullable. [C:\Users\lordo\Documents\GitHub\llmtornado\src\LlmTornado\LlmTornado.csproj::TargetFramework=net8.0]
C:\Users\lordo\Documents\GitHub\llmtornado\src\LlmTornado\Moderation\ModerationRequest.cs(15,9): warning CS8618: Non-nullable property 'Inputs' must contain a non-null value when exiting constructor. Consider adding the 'required' modifier or declaring the property as nullable. [C:\Users\lordo\Documents\GitHub\llmtornado\src\LlmTornado\LlmTornado.csproj::TargetFramework=netstandard2.0]
C:\Users\lordo\Documents\GitHub\llmtornado\src\LlmTornado\Files\FileUploadRequest.cs(91,12): warning CS8618: Non-nullable property 'Name' must contain a non-null value when exiting constructor. Consider adding the 'required' modifier or declaring the property as nullable. [C:\Users\lordo\Documents\GitHub\llmtornado\src\LlmTornado\LlmTornado.csproj::TargetFramework=net8.0]
C:\Users\lordo\Documents\GitHub\llmtornado\src\LlmTornado\Ocr\OcrDocumentInput.cs(134,12): warning CS8618: Non-nullable property 'Url' must contain a non-null value when exiting constructor. Consider adding the 'required' modifier or declaring the property as nullable. [C:\Users\lordo\Documents\GitHub\llmtornado\src\LlmTornado\LlmTornado.csproj::TargetFramework=net8.0]
C:\Users\lordo\Documents\GitHub\llmtornado\src\LlmTornado\Compaction\CompactionResult.cs(104,94): error CS0117: 'ChatMessageTypes' does not contain a definition for 'Unknown' [C:\Users\lordo\Documents\GitHub\llmtornado\src\LlmTornado\LlmTornado.csproj::TargetFramework=net8.0]
C:\Users\lordo\Documents\GitHub\llmtornado\src\LlmTornado\Moderation\ModerationRequest.cs(27,9): warning CS8618: Non-nullable property 'Inputs' must contain a non-null value when exiting constructor. Consider adding the 'required' modifier or declaring the property as nullable. [C:\Users\lordo\Documents\GitHub\llmtornado\src\LlmTornado\LlmTornado.csproj::TargetFramework=netstandard2.0]
C:\Users\lordo\Documents\GitHub\llmtornado\src\LlmTornado\Model\ModelsEndpoint.cs(39,16): warning CS8603: Possible null reference return. [C:\Users\lordo\Documents\GitHub\llmtornado\src\LlmTornado\LlmTornado.csproj::TargetFramework=net8.0]
C:\Users\lordo\Documents\GitHub\llmtornado\src\LlmTornado\Moderation\ModerationRequest.cs(78,24): warning CS8603: Possible null reference return. [C:\Users\lordo\Documents\GitHub\llmtornado\src\LlmTornado\LlmTornado.csproj::TargetFramework=netstandard2.0]
C:\Users\lordo\Documents\GitHub\llmtornado\src\LlmTornado\Model\Vendors\RetrievedModelsResult.cs(13,33): warning CS8618: Non-nullable property 'Data' must contain a non-null value when exiting constructor. Consider adding the 'required' modifier or declaring the property as nullable. [C:\Users\lordo\Documents\GitHub\llmtornado\src\LlmTornado\LlmTornado.csproj::TargetFramework=net8.0]
C:\Users\lordo\Documents\GitHub\llmtornado\src\LlmTornado\Model\Vendors\Cohere\VendorCohereRetrievedModelsResult.cs(20,57): warning CS8618: Non-nullable property 'Models' must contain a non-null value when exiting constructor. Consider adding the 'required' modifier or declaring the property as nullable. [C:\Users\lordo\Documents\GitHub\llmtornado\src\LlmTornado\LlmTornado.csproj::TargetFramework=net8.0]
C:\Users\lordo\Documents\GitHub\llmtornado\src\LlmTornado\Ocr\OcrDocumentInput.cs(134,12): warning CS8618: Non-nullable property 'Url' must contain a non-null value when exiting constructor. Consider adding the 'required' modifier or declaring the property as nullable. [C:\Users\lordo\Documents\GitHub\llmtornado\src\LlmTornado\LlmTornado.csproj::TargetFramework=netstandard2.0]
C:\Users\lordo\Documents\GitHub\llmtornado\src\LlmTornado\Compaction\CompactionEndpoint.cs(40,58): error CS1503: Argument 1: cannot convert from 'LlmTornado.Chat.Models.ChatModel' to 'LlmTornado.Code.LLmProviders?' [C:\Users\lordo\Documents\GitHub\llmtornado\src\LlmTornado\LlmTornado.csproj::TargetFramework=net8.0]
C:\Users\lordo\Documents\GitHub\llmtornado\src\LlmTornado\Infra\ToolFactory.cs(28,9): warning CS0618: 'ChatModelGoogleGemini.Gemini2Flash001' is obsolete: 'Shut down June 1, 2026. Use ModelGemini25Flash or ModelGemini35Flash instead.' [C:\Users\lordo\Documents\GitHub\llmtornado\src\LlmTornado\LlmTornado.csproj::TargetFramework=netstandard2.0]
C:\Users\lordo\Documents\GitHub\llmtornado\src\LlmTornado\Responses\ResponsesSession.cs(26,30): warning CS8618: Non-nullable property 'Endpoint' must contain a non-null value when exiting constructor. Consider adding the 'required' modifier or declaring the property as nullable. [C:\Users\lordo\Documents\GitHub\llmtornado\src\LlmTornado\LlmTornado.csproj::TargetFramework=net8.0]
C:\Users\lordo\Documents\GitHub\llmtornado\src\LlmTornado\Infra\ToolFactory.cs(28,50): warning CS0618: 'ChatModelGoogleGemini.Gemini15Pro' is obsolete: 'Use ModelGemini25Pro instead.' [C:\Users\lordo\Documents\GitHub\llmtornado\src\LlmTornado\LlmTornado.csproj::TargetFramework=netstandard2.0]
C:\Users\lordo\Documents\GitHub\llmtornado\src\LlmTornado\Infra\ToolFactory.cs(28,87): warning CS0618: 'ChatModelGoogleGemini.Gemini15Pro002' is obsolete: 'Use ModelGemini25Pro instead.' [C:\Users\lordo\Documents\GitHub\llmtornado\src\LlmTornado\LlmTornado.csproj::TargetFramework=netstandard2.0]
C:\Users\lordo\Documents\GitHub\llmtornado\src\LlmTornado\Caching\Vendors\Google\VendorGoogleCachingCreateCachedContentRequest.cs(58,12): warning CS8618: Non-nullable property 'Ttl' must contain a non-null value when exiting constructor. Consider adding the 'required' modifier or declaring the property as nullable. [C:\Users\lordo\Documents\GitHub\llmtornado\src\LlmTornado\LlmTornado.csproj::TargetFramework=net8.0]
C:\Users\lordo\Documents\GitHub\llmtornado\src\LlmTornado\Infra\ToolFactory.cs(28,127): warning CS0618: 'ChatModelGoogleGemini.Gemini15Pro001' is obsolete: 'Use ModelGemini25Pro instead.' [C:\Users\lordo\Documents\GitHub\llmtornado\src\LlmTornado\LlmTornado.csproj::TargetFramework=netstandard2.0]
C:\Users\lordo\Documents\GitHub\llmtornado\src\LlmTornado\Caching\Vendors\Google\VendorGoogleCachingCreateCachedContentRequest.cs(58,12): warning CS8618: Non-nullable property 'Model' must contain a non-null value when exiting constructor. Consider adding the 'required' modifier or declaring the property as nullable. [C:\Users\lordo\Documents\GitHub\llmtornado\src\LlmTornado\LlmTornado.csproj::TargetFramework=net8.0]
C:\Users\lordo\Documents\GitHub\llmtornado\src\LlmTornado\Infra\ToolFactory.cs(28,167): warning CS0618: 'ChatModelGoogleGemini.Gemini15ProLatest' is obsolete: 'Use ModelGemini25Pro instead.' [C:\Users\lordo\Documents\GitHub\llmtornado\src\LlmTornado\LlmTornado.csproj::TargetFramework=netstandard2.0]
C:\Users\lordo\Documents\GitHub\llmtornado\src\LlmTornado\Caching\Vendors\Google\VendorGoogleCachingCreateCachedContentRequest.cs(58,12): warning CS8618: Non-nullable property 'Config' must contain a non-null value when exiting constructor. Consider adding the 'required' modifier or declaring the property as nullable. [C:\Users\lordo\Documents\GitHub\llmtornado\src\LlmTornado\LlmTornado.csproj::TargetFramework=net8.0]
C:\Users\lordo\Documents\GitHub\llmtornado\src\LlmTornado\Infra\ToolFactory.cs(29,9): warning CS0618: 'ChatModelGoogleGemini.Gemini2FlashLatest' is obsolete: 'Shut down June 1, 2026. Use ModelGemini25Flash or ModelGemini35Flash instead.' [C:\Users\lordo\Documents\GitHub\llmtornado\src\LlmTornado\LlmTornado.csproj::TargetFramework=netstandard2.0]
C:\Users\lordo\Documents\GitHub\llmtornado\src\LlmTornado\Model\Vendors\Google\VendorGoogleRetrievedModelsResult.cs(26,12): warning CS8618: Non-nullable property 'Models' must contain a non-null value when exiting constructor. Consider adding the 'required' modifier or declaring the property as nullable. [C:\Users\lordo\Documents\GitHub\llmtornado\src\LlmTornado\LlmTornado.csproj::TargetFramework=net8.0]
C:\Users\lordo\Documents\GitHub\llmtornado\src\LlmTornado\FineTuning\HyperParams.cs(8,19): warning CS8618: Non-nullable property 'Epochs' must contain a non-null value when exiting constructor. Consider adding the 'required' modifier or declaring the property as nullable. [C:\Users\lordo\Documents\GitHub\llmtornado\src\LlmTornado\LlmTornado.csproj::TargetFramework=netstandard2.0]
C:\Users\lordo\Documents\GitHub\llmtornado\src\LlmTornado\Caching\Vendors\Google\VendorGoogleCachingCachedContentList.cs(13,55): warning CS8618: Non-nullable property 'CachedContents' must contain a non-null value when exiting constructor. Consider adding the 'required' modifier or declaring the property as nullable. [C:\Users\lordo\Documents\GitHub\llmtornado\src\LlmTornado\LlmTornado.csproj::TargetFramework=net8.0]
C:\Users\lordo\Documents\GitHub\llmtornado\src\LlmTornado\Caching\Vendors\Google\VendorGoogleCachingCachedContentInfo.cs(55,12): warning CS8618: Non-nullable property 'UsageMetadata' must contain a non-null value when exiting constructor. Consider adding the 'required' modifier or declaring the property as nullable. [C:\Users\lordo\Documents\GitHub\llmtornado\src\LlmTornado\LlmTornado.csproj::TargetFramework=net8.0]
C:\Users\lordo\Documents\GitHub\llmtornado\src\LlmTornado\Caching\Vendors\Google\VendorGoogleCachingCachedContentInfo.cs(55,12): warning CS8618: Non-nullable property 'Model' must contain a non-null value when exiting constructor. Consider adding the 'required' modifier or declaring the property as nullable. [C:\Users\lordo\Documents\GitHub\llmtornado\src\LlmTornado\LlmTornado.csproj::TargetFramework=net8.0]
C:\Users\lordo\Documents\GitHub\llmtornado\src\LlmTornado\Model\Vendors\Google\VendorGoogleRetrievedModelsResult.cs(13,23): warning CS8618: Non-nullable property 'Name' must contain a non-null value when exiting constructor. Consider adding the 'required' modifier or declaring the property as nullable. [C:\Users\lordo\Documents\GitHub\llmtornado\src\LlmTornado\LlmTornado.csproj::TargetFramework=net8.0]
C:\Users\lordo\Documents\GitHub\llmtornado\src\LlmTornado\Model\Vendors\Google\VendorGoogleRetrievedModelsResult.cs(14,23): warning CS8618: Non-nullable property 'Version' must contain a non-null value when exiting constructor. Consider adding the 'required' modifier or declaring the property as nullable. [C:\Users\lordo\Documents\GitHub\llmtornado\src\LlmTornado\LlmTornado.csproj::TargetFramework=net8.0]
C:\Users\lordo\Documents\GitHub\llmtornado\src\LlmTornado\Model\Vendors\Google\VendorGoogleRetrievedModelsResult.cs(15,23): warning CS8618: Non-nullable property 'DisplayName' must contain a non-null value when exiting constructor. Consider adding the 'required' modifier or declaring the property as nullable. [C:\Users\lordo\Documents\GitHub\llmtornado\src\LlmTornado\LlmTornado.csproj::TargetFramework=net8.0]
C:\Users\lordo\Documents\GitHub\llmtornado\src\LlmTornado\FineTuning\HyperParams.cs(11,19): warning CS8618: Non-nullable property 'BatchSize' must contain a non-null value when exiting constructor. Consider adding the 'required' modifier or declaring the property as nullable. [C:\Users\lordo\Documents\GitHub\llmtornado\src\LlmTornado\LlmTornado.csproj::TargetFramework=netstandard2.0]
C:\Users\lordo\Documents\GitHub\llmtornado\src\LlmTornado\Model\Vendors\Google\VendorGoogleRetrievedModelsResult.cs(19,29): warning CS8618: Non-nullable property 'SupportedGenerationMethods' must contain a non-null value when exiting constructor. Consider adding the 'required' modifier or declaring the property as nullable. [C:\Users\lordo\Documents\GitHub\llmtornado\src\LlmTornado\LlmTornado.csproj::TargetFramework=net8.0]
C:\Users\lordo\Documents\GitHub\llmtornado\src\LlmTornado\FineTuning\HyperParams.cs(14,19): warning CS8618: Non-nullable property 'LearningRateMultiplier' must contain a non-null value when exiting constructor. Consider adding the 'required' modifier or declaring the property as nullable. [C:\Users\lordo\Documents\GitHub\llmtornado\src\LlmTornado\LlmTornado.csproj::TargetFramework=netstandard2.0]
C:\Users\lordo\Documents\GitHub\llmtornado\src\LlmTornado\Assistants\ResponseFormat.cs(90,19): warning CS8618: Non-nullable property 'Name' must contain a non-null value when exiting constructor. Consider adding the 'required' modifier or declaring the property as nullable. [C:\Users\lordo\Documents\GitHub\llmtornado\src\LlmTornado\LlmTornado.csproj::TargetFramework=net8.0]
C:\Users\lordo\Documents\GitHub\llmtornado\src\LlmTornado\Assistants\ResponseFormat.cs(76,43): warning CS8618: Non-nullable property 'JsonSchema' must contain a non-null value when exiting constructor. Consider adding the 'required' modifier or declaring the property as nullable. [C:\Users\lordo\Documents\GitHub\llmtornado\src\LlmTornado\LlmTornado.csproj::TargetFramework=net8.0]
C:\Users\lordo\Documents\GitHub\llmtornado\src\LlmTornado\Embedding\Vendors\Cohere\VendorCohereEmbeddingResult.cs(22,19): warning CS8618: Non-nullable property 'Id' must contain a non-null value when exiting constructor. Consider adding the 'required' modifier or declaring the property as nullable. [C:\Users\lordo\Documents\GitHub\llmtornado\src\LlmTornado\LlmTornado.csproj::TargetFramework=net8.0]
C:\Users\lordo\Documents\GitHub\llmtornado\src\LlmTornado\Embedding\Vendors\Cohere\VendorCohereEmbeddingResult.cs(24,25): warning CS8618: Non-nullable property 'Texts' must contain a non-null value when exiting constructor. Consider adding the 'required' modifier or declaring the property as nullable. [C:\Users\lordo\Documents\GitHub\llmtornado\src\LlmTornado\LlmTornado.csproj::TargetFramework=net8.0]
C:\Users\lordo\Documents\GitHub\llmtornado\src\LlmTornado\Embedding\Vendors\Cohere\VendorCohereEmbeddingResult.cs(28,30): warning CS8618: Non-nullable property 'Meta' must contain a non-null value when exiting constructor. Consider adding the 'required' modifier or declaring the property as nullable. [C:\Users\lordo\Documents\GitHub\llmtornado\src\LlmTornado\LlmTornado.csproj::TargetFramework=net8.0]
C:\Users\lordo\Documents\GitHub\llmtornado\src\LlmTornado\Embedding\MultimodalEmbeddingResult.cs(45,19): warning CS8618: Non-nullable property 'Object' must contain a non-null value when exiting constructor. Consider adding the 'required' modifier or declaring the property as nullable. [C:\Users\lordo\Documents\GitHub\llmtornado\src\LlmTornado\LlmTornado.csproj::TargetFramework=net8.0]
C:\Users\lordo\Documents\GitHub\llmtornado\src\LlmTornado\Embedding\MultimodalEmbeddingResult.cs(52,37): warning CS8618: Non-nullable property 'Embedding' must contain a non-null value when exiting constructor. Consider adding the 'required' modifier or declaring the property as nullable. [C:\Users\lordo\Documents\GitHub\llmtornado\src\LlmTornado\LlmTornado.csproj::TargetFramework=net8.0]
C:\Users\lordo\Documents\GitHub\llmtornado\src\LlmTornado\Embedding\MultimodalEmbeddingResult.cs(15,19): warning CS8618: Non-nullable property 'Object' must contain a non-null value when exiting constructor. Consider adding the 'required' modifier or declaring the property as nullable. [C:\Users\lordo\Documents\GitHub\llmtornado\src\LlmTornado\LlmTornado.csproj::TargetFramework=net8.0]
C:\Users\lordo\Documents\GitHub\llmtornado\src\LlmTornado\Embedding\MultimodalEmbeddingResult.cs(21,38): warning CS8618: Non-nullable property 'Data' must contain a non-null value when exiting constructor. Consider adding the 'required' modifier or declaring the property as nullable. [C:\Users\lordo\Documents\GitHub\llmtornado\src\LlmTornado\LlmTornado.csproj::TargetFramework=net8.0]
C:\Users\lordo\Documents\GitHub\llmtornado\src\LlmTornado\Embedding\MultimodalEmbeddingResult.cs(27,19): warning CS8618: Non-nullable property 'Model' must contain a non-null value when exiting constructor. Consider adding the 'required' modifier or declaring the property as nullable. [C:\Users\lordo\Documents\GitHub\llmtornado\src\LlmTornado\LlmTornado.csproj::TargetFramework=net8.0]
C:\Users\lordo\Documents\GitHub\llmtornado\src\LlmTornado\Embedding\MultimodalEmbeddingResult.cs(33,28): warning CS8618: Non-nullable property 'Usage' must contain a non-null value when exiting constructor. Consider adding the 'required' modifier or declaring the property as nullable. [C:\Users\lordo\Documents\GitHub\llmtornado\src\LlmTornado\LlmTornado.csproj::TargetFramework=net8.0]
C:\Users\lordo\Documents\GitHub\llmtornado\src\LlmTornado\Batch\Vendors\Google\VendorGoogleBatchRequest.cs(24,47): warning CS8604: Possible null reference argument for parameter 'request' in 'VendorGoogleChatRequest.VendorGoogleChatRequest(ChatRequest request, IEndpointProvider provider)'. [C:\Users\lordo\Documents\GitHub\llmtornado\src\LlmTornado\LlmTornado.csproj::TargetFramework=net8.0]
C:\Users\lordo\Documents\GitHub\llmtornado\src\LlmTornado\Files\FilesEndpoint.cs(508,34): warning CS8618: Non-nullable property 'Data' must contain a non-null value when exiting constructor. Consider adding the 'required' modifier or declaring the property as nullable. [C:\Users\lordo\Documents\GitHub\llmtornado\src\LlmTornado\LlmTornado.csproj::TargetFramework=net8.0]
C:\Users\lordo\Documents\GitHub\llmtornado\src\LlmTornado\Files\FilesEndpoint.cs(511,23): warning CS8618: Non-nullable property 'Obj' must contain a non-null value when exiting constructor. Consider adding the 'required' modifier or declaring the property as nullable. [C:\Users\lordo\Documents\GitHub\llmtornado\src\LlmTornado\LlmTornado.csproj::TargetFramework=net8.0]
C:\Users\lordo\Documents\GitHub\llmtornado\src\LlmTornado\Code\Model.cs(562,19): warning CS8618: Non-nullable property 'Id' must contain a non-null value when exiting constructor. Consider adding the 'required' modifier or declaring the property as nullable. [C:\Users\lordo\Documents\GitHub\llmtornado\src\LlmTornado\LlmTornado.csproj::TargetFramework=net8.0]
C:\Users\lordo\Documents\GitHub\llmtornado\src\LlmTornado\Code\Model.cs(619,19): warning CS8618: Non-nullable property 'Organization' must contain a non-null value when exiting constructor. Consider adding the 'required' modifier or declaring the property as nullable. [C:\Users\lordo\Documents\GitHub\llmtornado\src\LlmTornado\LlmTornado.csproj::TargetFramework=net8.0]
C:\Users\lordo\Documents\GitHub\llmtornado\src\LlmTornado\FineTuning\FineTuneJobResponse.cs(13,12): warning CS8618: Non-nullable property 'Object' must contain a non-null value when exiting constructor. Consider adding the 'required' modifier or declaring the property as nullable. [C:\Users\lordo\Documents\GitHub\llmtornado\src\LlmTornado\LlmTornado.csproj::TargetFramework=netstandard2.0]
C:\Users\lordo\Documents\GitHub\llmtornado\src\LlmTornado\Code\Model.cs(625,19): warning CS8618: Non-nullable property 'Group' must contain a non-null value when exiting constructor. Consider adding the 'required' modifier or declaring the property as nullable. [C:\Users\lordo\Documents\GitHub\llmtornado\src\LlmTornado\LlmTornado.csproj::TargetFramework=net8.0]
C:\Users\lordo\Documents\GitHub\llmtornado\src\LlmTornado\Files\DeletedTornadoFile.cs(16,19): warning CS8618: Non-nullable property 'Id' must contain a non-null value when exiting constructor. Consider adding the 'required' modifier or declaring the property as nullable. [C:\Users\lordo\Documents\GitHub\llmtornado\src\LlmTornado\LlmTornado.csproj::TargetFramework=net8.0]
C:\Users\lordo\Documents\GitHub\llmtornado\src\LlmTornado\Assistants\AssistantToolFunction.cs(163,13): warning CS8618: Non-nullable property 'Name' must contain a non-null value when exiting constructor. Consider adding the 'required' modifier or declaring the property as nullable. [C:\Users\lordo\Documents\GitHub\llmtornado\src\LlmTornado\LlmTornado.csproj::TargetFramework=net8.0]
C:\Users\lordo\Documents\GitHub\llmtornado\src\LlmTornado\Assistants\AssistantToolFunction.cs(163,13): warning CS8618: Non-nullable property 'Description' must contain a non-null value when exiting constructor. Consider adding the 'required' modifier or declaring the property as nullable. [C:\Users\lordo\Documents\GitHub\llmtornado\src\LlmTornado\LlmTornado.csproj::TargetFramework=net8.0]
C:\Users\lordo\Documents\GitHub\llmtornado\src\LlmTornado\Chat\OutboundToolChoice.cs(494,19): warning CS8618: Non-nullable property 'Name' must contain a non-null value when exiting constructor. Consider adding the 'required' modifier or declaring the property as nullable. [C:\Users\lordo\Documents\GitHub\llmtornado\src\LlmTornado\LlmTornado.csproj::TargetFramework=net8.0]
C:\Users\lordo\Documents\GitHub\llmtornado\src\LlmTornado\Chat\OutboundToolChoice.cs(21,19): warning CS8618: Non-nullable property 'Name' must contain a non-null value when exiting constructor. Consider adding the 'required' modifier or declaring the property as nullable. [C:\Users\lordo\Documents\GitHub\llmtornado\src\LlmTornado\LlmTornado.csproj::TargetFramework=net8.0]
C:\Users\lordo\Documents\GitHub\llmtornado\src\LlmTornado\Chat\FunctionCall.cs(141,12): warning CS8618: Non-nullable property 'Name' must contain a non-null value when exiting constructor. Consider adding the 'required' modifier or declaring the property as nullable. [C:\Users\lordo\Documents\GitHub\llmtornado\src\LlmTornado\LlmTornado.csproj::TargetFramework=net8.0]
C:\Users\lordo\Documents\GitHub\llmtornado\src\LlmTornado\Chat\FunctionCall.cs(147,14): warning CS8618: Non-nullable property 'Name' must contain a non-null value when exiting constructor. Consider adding the 'required' modifier or declaring the property as nullable. [C:\Users\lordo\Documents\GitHub\llmtornado\src\LlmTornado\LlmTornado.csproj::TargetFramework=net8.0]
C:\Users\lordo\Documents\GitHub\llmtornado\src\LlmTornado\Code\Model.cs(57,19): warning CS8618: Non-nullable property 'Id' must contain a non-null value when exiting constructor. Consider adding the 'required' modifier or declaring the property as nullable. [C:\Users\lordo\Documents\GitHub\llmtornado\src\LlmTornado\LlmTornado.csproj::TargetFramework=net8.0]
C:\Users\lordo\Documents\GitHub\llmtornado\src\LlmTornado\Chat\FunctionCall.cs(154,14): warning CS8618: Non-nullable property 'Name' must contain a non-null value when exiting constructor. Consider adding the 'required' modifier or declaring the property as nullable. [C:\Users\lordo\Documents\GitHub\llmtornado\src\LlmTornado\LlmTornado.csproj::TargetFramework=net8.0]
C:\Users\lordo\Documents\GitHub\llmtornado\src\LlmTornado\Chat\ResolvedToolsCall.cs(50,24): warning CS8618: Non-nullable property 'AssistantMessage' must contain a non-null value when exiting constructor. Consider adding the 'required' modifier or declaring the property as nullable. [C:\Users\lordo\Documents\GitHub\llmtornado\src\LlmTornado\LlmTornado.csproj::TargetFramework=net8.0]
C:\Users\lordo\Documents\GitHub\llmtornado\src\LlmTornado\Chat\ResolvedToolsCall.cs(37,24): warning CS8618: Non-nullable property 'ToolMessage' must contain a non-null value when exiting constructor. Consider adding the 'required' modifier or declaring the property as nullable. [C:\Users\lordo\Documents\GitHub\llmtornado\src\LlmTornado\LlmTornado.csproj::TargetFramework=net8.0]
C:\Users\lordo\Documents\GitHub\llmtornado\src\LlmTornado\Images\Vendors\Google\VendorGoogleImageResult.cs(19,23): warning CS8618: Non-nullable property 'BytesBase64Encoded' must contain a non-null value when exiting constructor. Consider adding the 'required' modifier or declaring the property as nullable. [C:\Users\lordo\Documents\GitHub\llmtornado\src\LlmTornado\LlmTornado.csproj::TargetFramework=net8.0]
C:\Users\lordo\Documents\GitHub\llmtornado\src\LlmTornado\Images\Vendors\Google\VendorGoogleImageResult.cs(22,23): warning CS8618: Non-nullable property 'MimeType' must contain a non-null value when exiting constructor. Consider adding the 'required' modifier or declaring the property as nullable. [C:\Users\lordo\Documents\GitHub\llmtornado\src\LlmTornado\LlmTornado.csproj::TargetFramework=net8.0]
C:\Users\lordo\Documents\GitHub\llmtornado\src\LlmTornado\Audio\Vendors\Google\VendorGoogleMusicResult.cs(45,22): error CS0246: The type or namespace name 'VendorGoogleChatRequestMessagePart' could not be found (are you missing a using directive or an assembly reference?) [C:\Users\lordo\Documents\GitHub\llmtornado\src\LlmTornado\LlmTornado.csproj::TargetFramework=net8.0]
C:\Users\lordo\Documents\GitHub\llmtornado\src\LlmTornado\FineTuning\FineTuneJobResponse.cs(13,12): warning CS8618: Non-nullable property 'Id' must contain a non-null value when exiting constructor. Consider adding the 'required' modifier or declaring the property as nullable. [C:\Users\lordo\Documents\GitHub\llmtornado\src\LlmTornado\LlmTornado.csproj::TargetFramework=netstandard2.0]
C:\Users\lordo\Documents\GitHub\llmtornado\src\LlmTornado\Images\Vendors\Google\VendorGoogleImageRequest.cs(124,26): warning CS8601: Possible null reference assignment. [C:\Users\lordo\Documents\GitHub\llmtornado\src\LlmTornado\LlmTornado.csproj::TargetFramework=net8.0]
C:\Users\lordo\Documents\GitHub\llmtornado\src\LlmTornado\Audio\Vendors\Google\VendorGoogleMusicRequest.cs(103,20): warning CS8603: Possible null reference return. [C:\Users\lordo\Documents\GitHub\llmtornado\src\LlmTornado\LlmTornado.csproj::TargetFramework=net8.0]
C:\Users\lordo\Documents\GitHub\llmtornado\src\LlmTornado\Images\Vendors\Google\VendorGoogleImageRequest.cs(24,23): warning CS8618: Non-nullable property 'Prompt' must contain a non-null value when exiting constructor. Consider adding the 'required' modifier or declaring the property as nullable. [C:\Users\lordo\Documents\GitHub\llmtornado\src\LlmTornado\LlmTornado.csproj::TargetFramework=net8.0]
C:\Users\lordo\Documents\GitHub\llmtornado\src\LlmTornado\Batch\Vendors\Google\VendorGoogleBatchHandler.cs(23,59): warning CS8602: Dereference of a possibly null reference. [C:\Users\lordo\Documents\GitHub\llmtornado\src\LlmTornado\LlmTornado.csproj::TargetFramework=net8.0]
C:\Users\lordo\Documents\GitHub\llmtornado\src\LlmTornado\Batch\Vendors\Google\VendorGoogleBatchHandler.cs(26,107): warning CS8625: Cannot convert null literal to non-nullable reference type. [C:\Users\lordo\Documents\GitHub\llmtornado\src\LlmTornado\LlmTornado.csproj::TargetFramework=net8.0]
C:\Users\lordo\Documents\GitHub\llmtornado\src\LlmTornado\FineTuning\FineTuneJobResponse.cs(13,12): warning CS8618: Non-nullable property 'Model' must contain a non-null value when exiting constructor. Consider adding the 'required' modifier or declaring the property as nullable. [C:\Users\lordo\Documents\GitHub\llmtornado\src\LlmTornado\LlmTornado.csproj::TargetFramework=netstandard2.0]
C:\Users\lordo\Documents\GitHub\llmtornado\src\LlmTornado\Audio\TranslationRequest.cs(14,22): warning CS8618: Non-nullable property 'File' must contain a non-null value when exiting constructor. Consider adding the 'required' modifier or declaring the property as nullable. [C:\Users\lordo\Documents\GitHub\llmtornado\src\LlmTornado\LlmTornado.csproj::TargetFramework=net8.0]
C:\Users\lordo\Documents\GitHub\llmtornado\src\LlmTornado\Audio\TranslationRequest.cs(31,19): warning CS8618: Non-nullable property 'Prompt' must contain a non-null value when exiting constructor. Consider adding the 'required' modifier or declaring the property as nullable. [C:\Users\lordo\Documents\GitHub\llmtornado\src\LlmTornado\LlmTornado.csproj::TargetFramework=net8.0]
C:\Users\lordo\Documents\GitHub\llmtornado\src\LlmTornado\Audio\TranscriptionResult.cs(233,19): warning CS8618: Non-nullable property 'Type' must contain a non-null value when exiting constructor. Consider adding the 'required' modifier or declaring the property as nullable. [C:\Users\lordo\Documents\GitHub\llmtornado\src\LlmTornado\LlmTornado.csproj::TargetFramework=net8.0]
C:\Users\lordo\Documents\GitHub\llmtornado\src\LlmTornado\Chat\Vendors\Zai\VendorZaiChatRequest.cs(22,50): warning CS8604: Possible null reference argument for parameter 'o' in 'JObject JObject.FromObject(object o, JsonSerializer jsonSerializer)'. [C:\Users\lordo\Documents\GitHub\llmtornado\src\LlmTornado\LlmTornado.csproj::TargetFramework=net8.0]
C:\Users\lordo\Documents\GitHub\llmtornado\src\LlmTornado\Chat\Models\Upstage\ChatModelUpstage.cs(51,9): warning CS8604: Possible null reference argument for parameter 'item' in 'void List<IModel>.Add(IModel item)'. [C:\Users\lordo\Documents\GitHub\llmtornado\src\LlmTornado\LlmTornado.csproj::TargetFramework=net8.0]
C:\Users\lordo\Documents\GitHub\llmtornado\src\LlmTornado\Chat\Models\Upstage\ChatModelUpstage.cs(52,9): warning CS8604: Possible null reference argument for parameter 'item' in 'void List<IModel>.Add(IModel item)'. [C:\Users\lordo\Documents\GitHub\llmtornado\src\LlmTornado\LlmTornado.csproj::TargetFramework=net8.0]
C:\Users\lordo\Documents\GitHub\llmtornado\src\LlmTornado\Chat\Models\Upstage\ChatModelUpstage.cs(53,9): warning CS8604: Possible null reference argument for parameter 'item' in 'void List<IModel>.Add(IModel item)'. [C:\Users\lordo\Documents\GitHub\llmtornado\src\LlmTornado\LlmTornado.csproj::TargetFramework=net8.0]
C:\Users\lordo\Documents\GitHub\llmtornado\src\LlmTornado\Chat\Models\Upstage\ChatModelUpstage.cs(54,9): warning CS8604: Possible null reference argument for parameter 'item' in 'void List<IModel>.Add(IModel item)'. [C:\Users\lordo\Documents\GitHub\llmtornado\src\LlmTornado\LlmTornado.csproj::TargetFramework=net8.0]
C:\Users\lordo\Documents\GitHub\llmtornado\src\LlmTornado\Chat\Models\Upstage\ChatModelUpstage.cs(55,9): warning CS8604: Possible null reference argument for parameter 'item' in 'void List<IModel>.Add(IModel item)'. [C:\Users\lordo\Documents\GitHub\llmtornado\src\LlmTornado\LlmTornado.csproj::TargetFramework=net8.0]
C:\Users\lordo\Documents\GitHub\llmtornado\src\LlmTornado\EndpointBase.cs(636,30): warning CS0168: The variable 'e' is declared but never used [C:\Users\lordo\Documents\GitHub\llmtornado\src\LlmTornado\LlmTornado.csproj::TargetFramework=net8.0]
C:\Users\lordo\Documents\GitHub\llmtornado\src\LlmTornado\Batch\Vendors\Anthropic\VendorAnthropicBatchRequest.cs(24,49): warning CS8604: Possible null reference argument for parameter 'request' in 'VendorAnthropicChatRequest.VendorAnthropicChatRequest(ChatRequest request, IEndpointProvider provider)'. [C:\Users\lordo\Documents\GitHub\llmtornado\src\LlmTornado\LlmTornado.csproj::TargetFramework=net8.0]
C:\Users\lordo\Documents\GitHub\llmtornado\src\LlmTornado\Chat\ConversationCompression.cs(136,69): warning CS8604: Possible null reference argument for parameter 'model' in 'Conversation ChatEndpoint.CreateConversation(ChatModel model, double? temperature = null, int? maxTokens = null)'. [C:\Users\lordo\Documents\GitHub\llmtornado\src\LlmTornado\LlmTornado.csproj::TargetFramework=net8.0]
C:\Users\lordo\Documents\GitHub\llmtornado\src\LlmTornado\Chat\ConversationCompression.cs(142,20): warning CS8602: Dereference of a possibly null reference. [C:\Users\lordo\Documents\GitHub\llmtornado\src\LlmTornado\LlmTornado.csproj::TargetFramework=net8.0]
C:\Users\lordo\Documents\GitHub\llmtornado\src\LlmTornado\Chat\ConversationCompression.cs(187,69): warning CS8604: Possible null reference argument for parameter 'model' in 'Conversation ChatEndpoint.CreateConversation(ChatModel model, double? temperature = null, int? maxTokens = null)'. [C:\Users\lordo\Documents\GitHub\llmtornado\src\LlmTornado\LlmTornado.csproj::TargetFramework=net8.0]
C:\Users\lordo\Documents\GitHub\llmtornado\src\LlmTornado\Chat\ConversationCompression.cs(194,20): warning CS8602: Dereference of a possibly null reference. [C:\Users\lordo\Documents\GitHub\llmtornado\src\LlmTornado\LlmTornado.csproj::TargetFramework=net8.0]
C:\Users\lordo\Documents\GitHub\llmtornado\src\LlmTornado\Vendor\Google\GoogleEndpointProvider.cs(426,26): warning CS0168: The variable 'e' is declared but never used [C:\Users\lordo\Documents\GitHub\llmtornado\src\LlmTornado\LlmTornado.csproj::TargetFramework=net8.0]
C:\Users\lordo\Documents\GitHub\llmtornado\src\LlmTornado\Audio\TranscriptionResult.cs(146,19): warning CS8618: Non-nullable property 'Id' must contain a non-null value when exiting constructor. Consider adding the 'required' modifier or declaring the property as nullable. [C:\Users\lordo\Documents\GitHub\llmtornado\src\LlmTornado\LlmTornado.csproj::TargetFramework=net8.0]
C:\Users\lordo\Documents\GitHub\llmtornado\src\LlmTornado\Audio\TranscriptionResult.cs(170,19): warning CS8618: Non-nullable property 'Text' must contain a non-null value when exiting constructor. Consider adding the 'required' modifier or declaring the property as nullable. [C:\Users\lordo\Documents\GitHub\llmtornado\src\LlmTornado\LlmTornado.csproj::TargetFramework=net8.0]
C:\Users\lordo\Documents\GitHub\llmtornado\src\LlmTornado\Audio\TranscriptionResult.cs(176,18): warning CS8618: Non-nullable property 'Tokens' must contain a non-null value when exiting constructor. Consider adding the 'required' modifier or declaring the property as nullable. [C:\Users\lordo\Documents\GitHub\llmtornado\src\LlmTornado\LlmTornado.csproj::TargetFramework=net8.0]
C:\Users\lordo\Documents\GitHub\llmtornado\src\LlmTornado\Embedding\Models\Upstage\EmbeddingModelUpstage.cs(49,9): warning CS8604: Possible null reference argument for parameter 'item' in 'void List<IModel>.Add(IModel item)'. [C:\Users\lordo\Documents\GitHub\llmtornado\src\LlmTornado\LlmTornado.csproj::TargetFramework=net8.0]
C:\Users\lordo\Documents\GitHub\llmtornado\src\LlmTornado\Embedding\Models\Upstage\EmbeddingModelUpstage.cs(50,9): warning CS8604: Possible null reference argument for parameter 'item' in 'void List<IModel>.Add(IModel item)'. [C:\Users\lordo\Documents\GitHub\llmtornado\src\LlmTornado\LlmTornado.csproj::TargetFramework=net8.0]
C:\Users\lordo\Documents\GitHub\llmtornado\src\LlmTornado\Audio\TranscriptionResult.cs(125,19): warning CS8618: Non-nullable property 'Word' must contain a non-null value when exiting constructor. Consider adding the 'required' modifier or declaring the property as nullable. [C:\Users\lordo\Documents\GitHub\llmtornado\src\LlmTornado\LlmTornado.csproj::TargetFramework=net8.0]
C:\Users\lordo\Documents\GitHub\llmtornado\src\LlmTornado\Audio\TranscriptionResult.cs(83,19): warning CS8618: Non-nullable property 'Bytes' must contain a non-null value when exiting constructor. Consider adding the 'required' modifier or declaring the property as nullable. [C:\Users\lordo\Documents\GitHub\llmtornado\src\LlmTornado\LlmTornado.csproj::TargetFramework=net8.0]
C:\Users\lordo\Documents\GitHub\llmtornado\src\LlmTornado\Audio\TranscriptionResult.cs(95,19): warning CS8618: Non-nullable property 'Token' must contain a non-null value when exiting constructor. Consider adding the 'required' modifier or declaring the property as nullable. [C:\Users\lordo\Documents\GitHub\llmtornado\src\LlmTornado\LlmTornado.csproj::TargetFramework=net8.0]
C:\Users\lordo\Documents\GitHub\llmtornado\src\LlmTornado\Audio\TranscriptionResult.cs(17,19): warning CS8618: Non-nullable property 'Text' must contain a non-null value when exiting constructor. Consider adding the 'required' modifier or declaring the property as nullable. [C:\Users\lordo\Documents\GitHub\llmtornado\src\LlmTornado\LlmTornado.csproj::TargetFramework=net8.0]
C:\Users\lordo\Documents\GitHub\llmtornado\src\LlmTornado\Embedding\Models\Google\EmbeddingModelGoogleGemini.cs(68,9): warning CS0618: 'EmbeddingModelGoogleGemini.ModelEmbedding4' is obsolete: 'Shut down January 14, 2026. Use ModelGeminiEmbedding001 instead.' [C:\Users\lordo\Documents\GitHub\llmtornado\src\LlmTornado\LlmTornado.csproj::TargetFramework=net8.0]
C:\Users\lordo\Documents\GitHub\llmtornado\src\LlmTornado\Audio\TranscriptionRequest.cs(27,19): warning CS8618: Non-nullable property 'Language' must contain a non-null value when exiting constructor. Consider adding the 'required' modifier or declaring the property as nullable. [C:\Users\lordo\Documents\GitHub\llmtornado\src\LlmTornado\LlmTornado.csproj::TargetFramework=net8.0]
C:\Users\lordo\Documents\GitHub\llmtornado\src\LlmTornado\Audio\TranscriptionRequest.cs(40,22): warning CS8618: Non-nullable property 'File' must contain a non-null value when exiting constructor. Consider adding the 'required' modifier or declaring the property as nullable. [C:\Users\lordo\Documents\GitHub\llmtornado\src\LlmTornado\LlmTornado.csproj::TargetFramework=net8.0]
C:\Users\lordo\Documents\GitHub\llmtornado\src\LlmTornado\Audio\SpeechRequest.cs(17,19): warning CS8618: Non-nullable property 'Input' must contain a non-null value when exiting constructor. Consider adding the 'required' modifier or declaring the property as nullable. [C:\Users\lordo\Documents\GitHub\llmtornado\src\LlmTornado\LlmTornado.csproj::TargetFramework=net8.0]
C:\Users\lordo\Documents\GitHub\llmtornado\src\LlmTornado\Vendor\Cohere\CohereEndpointProvider.cs(229,22): warning CS8604: Possible null reference argument for parameter 'item' in 'void List<string>.Add(string item)'. [C:\Users\lordo\Documents\GitHub\llmtornado\src\LlmTornado\LlmTornado.csproj::TargetFramework=net8.0]
C:\Users\lordo\Documents\GitHub\llmtornado\src\LlmTornado\FineTuning\FineTuneJobResponse.cs(13,12): warning CS8618: Non-nullable property 'FineTunedModel' must contain a non-null value when exiting constructor. Consider adding the 'required' modifier or declaring the property as nullable. [C:\Users\lordo\Documents\GitHub\llmtornado\src\LlmTornado\LlmTornado.csproj::TargetFramework=netstandard2.0]
C:\Users\lordo\Documents\GitHub\llmtornado\src\LlmTornado\FineTuning\FineTuneJobResponse.cs(13,12): warning CS8618: Non-nullable property 'OrganizationId' must contain a non-null value when exiting constructor. Consider adding the 'required' modifier or declaring the property as nullable. [C:\Users\lordo\Documents\GitHub\llmtornado\src\LlmTornado\LlmTornado.csproj::TargetFramework=netstandard2.0]
C:\Users\lordo\Documents\GitHub\llmtornado\src\LlmTornado\Chat\ChatRequestMaxTokens.cs(55,23): warning CS8604: Possible null reference argument for parameter 'type' in 'bool PropertyRenameAndIgnoreSerializerContractResolver.IsIgnored(Type type, string jsonPropertyName)'. [C:\Users\lordo\Documents\GitHub\llmtornado\src\LlmTornado\LlmTornado.csproj::TargetFramework=net8.0]
C:\Users\lordo\Documents\GitHub\llmtornado\src\LlmTornado\FineTuning\FineTuneJobResponse.cs(13,12): warning CS8618: Non-nullable property 'ResultFiles' must contain a non-null value when exiting constructor. Consider adding the 'required' modifier or declaring the property as nullable. [C:\Users\lordo\Documents\GitHub\llmtornado\src\LlmTornado\LlmTornado.csproj::TargetFramework=netstandard2.0]
C:\Users\lordo\Documents\GitHub\llmtornado\src\LlmTornado\FineTuning\FineTuneJobResponse.cs(13,12): warning CS8618: Non-nullable property 'ValidationFile' must contain a non-null value when exiting constructor. Consider adding the 'required' modifier or declaring the property as nullable. [C:\Users\lordo\Documents\GitHub\llmtornado\src\LlmTornado\LlmTornado.csproj::TargetFramework=netstandard2.0]
C:\Users\lordo\Documents\GitHub\llmtornado\src\LlmTornado\Chat\ChatRequestMaxTokens.cs(55,47): warning CS8604: Possible null reference argument for parameter 'jsonPropertyName' in 'bool PropertyRenameAndIgnoreSerializerContractResolver.IsIgnored(Type type, string jsonPropertyName)'. [C:\Users\lordo\Documents\GitHub\llmtornado\src\LlmTornado\LlmTornado.csproj::TargetFramework=net8.0]
C:\Users\lordo\Documents\GitHub\llmtornado\src\LlmTornado\FineTuning\FineTuneJobResponse.cs(13,12): warning CS8618: Non-nullable property 'TrainingFile' must contain a non-null value when exiting constructor. Consider adding the 'required' modifier or declaring the property as nullable. [C:\Users\lordo\Documents\GitHub\llmtornado\src\LlmTornado\LlmTornado.csproj::TargetFramework=netstandard2.0]
C:\Users\lordo\Documents\GitHub\llmtornado\src\LlmTornado\Vendor\Cohere\CohereEndpointProvider.cs(203,23): warning CS8618: Non-nullable property 'EventType' must contain a non-null value when exiting constructor. Consider adding the 'required' modifier or declaring the property as nullable. [C:\Users\lordo\Documents\GitHub\llmtornado\src\LlmTornado\LlmTornado.csproj::TargetFramework=net8.0]
C:\Users\lordo\Documents\GitHub\llmtornado\src\LlmTornado\FineTuning\FineTuneJobResponse.cs(13,12): warning CS8618: Non-nullable property 'HyperParameters' must contain a non-null value when exiting constructor. Consider adding the 'required' modifier or declaring the property as nullable. [C:\Users\lordo\Documents\GitHub\llmtornado\src\LlmTornado\LlmTornado.csproj::TargetFramework=netstandard2.0]
C:\Users\lordo\Documents\GitHub\llmtornado\src\LlmTornado\Vendor\Cohere\CohereEndpointProvider.cs(195,50): warning CS8618: Non-nullable property 'ToolCalls' must contain a non-null value when exiting constructor. Consider adding the 'required' modifier or declaring the property as nullable. [C:\Users\lordo\Documents\GitHub\llmtornado\src\LlmTornado\LlmTornado.csproj::TargetFramework=net8.0]
C:\Users\lordo\Documents\GitHub\llmtornado\src\LlmTornado\Infra\ToolFactory.cs(67,48): warning CS8604: Possible null reference argument for parameter 'description' in 'ToolFunction.ToolFunction(string name, string description, object parameters)'. [C:\Users\lordo\Documents\GitHub\llmtornado\src\LlmTornado\LlmTornado.csproj::TargetFramework=netstandard2.0]
C:\Users\lordo\Documents\GitHub\llmtornado\src\LlmTornado\Live\Vendors\Google\VendorGoogleLiveMapper.cs(67,24): error CS0246: The type or namespace name 'VendorGoogleChatTool' could not be found (are you missing a using directive or an assembly reference?) [C:\Users\lordo\Documents\GitHub\llmtornado\src\LlmTornado\LlmTornado.csproj::TargetFramework=netstandard2.0]
C:\Users\lordo\Documents\GitHub\llmtornado\src\LlmTornado\Vendor\Cohere\CohereEndpointProvider.cs(189,47): warning CS8618: Non-nullable property 'Citations' must contain a non-null value when exiting constructor. Consider adding the 'required' modifier or declaring the property as nullable. [C:\Users\lordo\Documents\GitHub\llmtornado\src\LlmTornado\LlmTornado.csproj::TargetFramework=net8.0]
C:\Users\lordo\Documents\GitHub\llmtornado\src\LlmTornado\Live\Vendors\Google\VendorGoogleLiveMapper.cs(67,48): error CS0246: The type or namespace name 'VendorGoogleChatToolConfig' could not be found (are you missing a using directive or an assembly reference?) [C:\Users\lordo\Documents\GitHub\llmtornado\src\LlmTornado\LlmTornado.csproj::TargetFramework=netstandard2.0]
C:\Users\lordo\Documents\GitHub\llmtornado\src\LlmTornado\Vendor\Cohere\CohereEndpointProvider.cs(183,51): warning CS8618: Non-nullable property 'SearchResults' must contain a non-null value when exiting constructor. Consider adding the 'required' modifier or declaring the property as nullable. [C:\Users\lordo\Documents\GitHub\llmtornado\src\LlmTornado\LlmTornado.csproj::TargetFramework=net8.0]
C:\Users\lordo\Documents\GitHub\llmtornado\src\LlmTornado\Vendor\Cohere\CohereEndpointProvider.cs(177,50): warning CS8618: Non-nullable property 'SearchQueries' must contain a non-null value when exiting constructor. Consider adding the 'required' modifier or declaring the property as nullable. [C:\Users\lordo\Documents\GitHub\llmtornado\src\LlmTornado\LlmTornado.csproj::TargetFramework=net8.0]
C:\Users\lordo\Documents\GitHub\llmtornado\src\LlmTornado\Interactions\InteractionsEndpoint.cs(45,74): warning CS8604: Possible null reference argument for parameter 'environmentId' in 'InteractionEnvironmentReference InteractionEnvironmentReference.FromId(string environmentId)'. [C:\Users\lordo\Documents\GitHub\llmtornado\src\LlmTornado\LlmTornado.csproj::TargetFramework=netstandard2.0]
C:\Users\lordo\Documents\GitHub\llmtornado\src\LlmTornado\Vendor\Cohere\CohereEndpointProvider.cs(171,23): warning CS8618: Non-nullable property 'GenerationId' must contain a non-null value when exiting constructor. Consider adding the 'required' modifier or declaring the property as nullable. [C:\Users\lordo\Documents\GitHub\llmtornado\src\LlmTornado\LlmTornado.csproj::TargetFramework=net8.0]
C:\Users\lordo\Documents\GitHub\llmtornado\src\LlmTornado\Vendor\Cohere\CohereEndpointProvider.cs(165,23): warning CS8618: Non-nullable property 'Text' must contain a non-null value when exiting constructor. Consider adding the 'required' modifier or declaring the property as nullable. [C:\Users\lordo\Documents\GitHub\llmtornado\src\LlmTornado\LlmTornado.csproj::TargetFramework=net8.0]
C:\Users\lordo\Documents\GitHub\llmtornado\src\LlmTornado\Vendor\Cohere\CohereEndpointProvider.cs(110,42): warning CS8618: Non-nullable property 'Message' must contain a non-null value when exiting constructor. Consider adding the 'required' modifier or declaring the property as nullable. [C:\Users\lordo\Documents\GitHub\llmtornado\src\LlmTornado\LlmTornado.csproj::TargetFramework=net8.0]
C:\Users\lordo\Documents\GitHub\llmtornado\src\LlmTornado\Vendor\Cohere\CohereEndpointProvider.cs(98,46): warning CS8618: Non-nullable property 'Delta' must contain a non-null value when exiting constructor. Consider adding the 'required' modifier or declaring the property as nullable. [C:\Users\lordo\Documents\GitHub\llmtornado\src\LlmTornado\LlmTornado.csproj::TargetFramework=net8.0]
C:\Users\lordo\Documents\GitHub\llmtornado\src\LlmTornado\Vendor\Cohere\CohereEndpointProvider.cs(90,27): warning CS8618: Non-nullable property 'Type' must contain a non-null value when exiting constructor. Consider adding the 'required' modifier or declaring the property as nullable. [C:\Users\lordo\Documents\GitHub\llmtornado\src\LlmTornado\LlmTornado.csproj::TargetFramework=net8.0]
C:\Users\lordo\Documents\GitHub\llmtornado\src\LlmTornado\Vendor\Cohere\CohereEndpointProvider.cs(92,27): warning CS8618: Non-nullable property 'Text' must contain a non-null value when exiting constructor. Consider adding the 'required' modifier or declaring the property as nullable. [C:\Users\lordo\Documents\GitHub\llmtornado\src\LlmTornado\LlmTornado.csproj::TargetFramework=net8.0]
C:\Users\lordo\Documents\GitHub\llmtornado\src\LlmTornado\Interactions\InteractionsEndpoint.cs(111,70): warning CS8604: Possible null reference argument for parameter 'reader' in 'IAsyncEnumerable<ServerSentEvent> IEndpointProvider.InboundStream(StreamReader reader)'. [C:\Users\lordo\Documents\GitHub\llmtornado\src\LlmTornado\LlmTornado.csproj::TargetFramework=netstandard2.0]
C:\Users\lordo\Documents\GitHub\llmtornado\src\LlmTornado\Vendor\Cohere\CohereEndpointProvider.cs(82,46): warning CS8618: Non-nullable property 'ContentBlock' must contain a non-null value when exiting constructor. Consider adding the 'required' modifier or declaring the property as nullable. [C:\Users\lordo\Documents\GitHub\llmtornado\src\LlmTornado\LlmTornado.csproj::TargetFramework=net8.0]
C:\Users\lordo\Documents\GitHub\llmtornado\src\LlmTornado\Vendor\Cohere\CohereEndpointProvider.cs(74,27): warning CS8618: Non-nullable property 'Type' must contain a non-null value when exiting constructor. Consider adding the 'required' modifier or declaring the property as nullable. [C:\Users\lordo\Documents\GitHub\llmtornado\src\LlmTornado\LlmTornado.csproj::TargetFramework=net8.0]
C:\Users\lordo\Documents\GitHub\llmtornado\src\LlmTornado\Vendor\Cohere\CohereEndpointProvider.cs(76,27): warning CS8618: Non-nullable property 'Text' must contain a non-null value when exiting constructor. Consider adding the 'required' modifier or declaring the property as nullable. [C:\Users\lordo\Documents\GitHub\llmtornado\src\LlmTornado\LlmTornado.csproj::TargetFramework=net8.0]
C:\Users\lordo\Documents\GitHub\llmtornado\src\LlmTornado\Embedding\EmbeddingResult.cs(81,20): warning CS8618: Non-nullable property 'Embedding' must contain a non-null value when exiting constructor. Consider adding the 'required' modifier or declaring the property as nullable. [C:\Users\lordo\Documents\GitHub\llmtornado\src\LlmTornado\LlmTornado.csproj::TargetFramework=net8.0]
C:\Users\lordo\Documents\GitHub\llmtornado\src\LlmTornado\Embedding\EmbeddingResult.cs(60,18): warning CS8602: Dereference of a possibly null reference. [C:\Users\lordo\Documents\GitHub\llmtornado\src\LlmTornado\LlmTornado.csproj::TargetFramework=net8.0]
C:\Users\lordo\Documents\GitHub\llmtornado\src\LlmTornado\Chat\ChatRequestResponseFormat.cs(26,23): warning CS8618: Non-nullable property 'Name' must contain a non-null value when exiting constructor. Consider adding the 'required' modifier or declaring the property as nullable. [C:\Users\lordo\Documents\GitHub\llmtornado\src\LlmTornado\LlmTornado.csproj::TargetFramework=net8.0]
C:\Users\lordo\Documents\GitHub\llmtornado\src\LlmTornado\Chat\ChatRequestResponseFormat.cs(32,23): warning CS8618: Non-nullable property 'Schema' must contain a non-null value when exiting constructor. Consider adding the 'required' modifier or declaring the property as nullable. [C:\Users\lordo\Documents\GitHub\llmtornado\src\LlmTornado\LlmTornado.csproj::TargetFramework=net8.0]
C:\Users\lordo\Documents\GitHub\llmtornado\src\LlmTornado\Chat\Vendors\XAi\VendorXAiChatRequestData.cs(21,50): warning CS8604: Possible null reference argument for parameter 'o' in 'JObject JObject.FromObject(object o, JsonSerializer jsonSerializer)'. [C:\Users\lordo\Documents\GitHub\llmtornado\src\LlmTornado\LlmTornado.csproj::TargetFramework=net8.0]
C:\Users\lordo\Documents\GitHub\llmtornado\src\LlmTornado\Interactions\InteractionsEndpoint.cs(142,38): warning CS8601: Possible null reference assignment. [C:\Users\lordo\Documents\GitHub\llmtornado\src\LlmTornado\LlmTornado.csproj::TargetFramework=netstandard2.0]
C:\Users\lordo\Documents\GitHub\llmtornado\src\LlmTornado\Embedding\EmbeddingResult.cs(49,16): warning CS8603: Possible null reference return. [C:\Users\lordo\Documents\GitHub\llmtornado\src\LlmTornado\LlmTornado.csproj::TargetFramework=net8.0]
C:\Users\lordo\Documents\GitHub\llmtornado\src\LlmTornado\Embedding\EmbeddingResult.cs(29,18): warning CS8618: Non-nullable property 'Usage' must contain a non-null value when exiting constructor. Consider adding the 'required' modifier or declaring the property as nullable. [C:\Users\lordo\Documents\GitHub\llmtornado\src\LlmTornado\LlmTornado.csproj::TargetFramework=net8.0]
C:\Users\lordo\Documents\GitHub\llmtornado\src\LlmTornado\Vendor\Anthropic\AnthropicEndpointProvider.cs(362,45): error CS0426: The type name 'RateLimits' does not exist in the type 'CapabilityEndpoints' [C:\Users\lordo\Documents\GitHub\llmtornado\src\LlmTornado\LlmTornado.csproj::TargetFramework=net8.0]
C:\Users\lordo\Documents\GitHub\llmtornado\src\LlmTornado\Embedding\EmbeddingRequest.cs(28,9): warning CS8618: Non-nullable property 'Model' must contain a non-null value when exiting constructor. Consider adding the 'required' modifier or declaring the property as nullable. [C:\Users\lordo\Documents\GitHub\llmtornado\src\LlmTornado\LlmTornado.csproj::TargetFramework=net8.0]
C:\Users\lordo\Documents\GitHub\llmtornado\src\LlmTornado\Embedding\EmbeddingRequest.cs(28,9): warning CS8618: Non-nullable property 'InputSerialized' must contain a non-null value when exiting constructor. Consider adding the 'required' modifier or declaring the property as nullable. [C:\Users\lordo\Documents\GitHub\llmtornado\src\LlmTornado\LlmTornado.csproj::TargetFramework=net8.0]
C:\Users\lordo\Documents\GitHub\llmtornado\src\LlmTornado\Embedding\EmbeddingRequest.cs(45,9): warning CS8618: Non-nullable property 'InputSerialized' must contain a non-null value when exiting constructor. Consider adding the 'required' modifier or declaring the property as nullable. [C:\Users\lordo\Documents\GitHub\llmtornado\src\LlmTornado\LlmTornado.csproj::TargetFramework=net8.0]
C:\Users\lordo\Documents\GitHub\llmtornado\src\LlmTornado\Embedding\EmbeddingRequest.cs(66,9): warning CS8618: Non-nullable property 'InputSerialized' must contain a non-null value when exiting constructor. Consider adding the 'required' modifier or declaring the property as nullable. [C:\Users\lordo\Documents\GitHub\llmtornado\src\LlmTornado\LlmTornado.csproj::TargetFramework=net8.0]
C:\Users\lordo\Documents\GitHub\llmtornado\src\LlmTornado\Embedding\EmbeddingRequest.cs(80,9): warning CS8618: Non-nullable property 'InputSerialized' must contain a non-null value when exiting constructor. Consider adding the 'required' modifier or declaring the property as nullable. [C:\Users\lordo\Documents\GitHub\llmtornado\src\LlmTornado\LlmTornado.csproj::TargetFramework=net8.0]
C:\Users\lordo\Documents\GitHub\llmtornado\src\LlmTornado\Embedding\EmbeddingRequest.cs(93,9): warning CS8618: Non-nullable property 'InputSerialized' must contain a non-null value when exiting constructor. Consider adding the 'required' modifier or declaring the property as nullable. [C:\Users\lordo\Documents\GitHub\llmtornado\src\LlmTornado\LlmTornado.csproj::TargetFramework=net8.0]
C:\Users\lordo\Documents\GitHub\llmtornado\src\LlmTornado\Embedding\EmbeddingRequest.cs(106,9): warning CS8618: Non-nullable property 'InputSerialized' must contain a non-null value when exiting constructor. Consider adding the 'required' modifier or declaring the property as nullable. [C:\Users\lordo\Documents\GitHub\llmtornado\src\LlmTornado\LlmTornado.csproj::TargetFramework=net8.0]
C:\Users\lordo\Documents\GitHub\llmtornado\src\LlmTornado\Embedding\EmbeddingRequest.cs(118,9): warning CS8618: Non-nullable property 'InputSerialized' must contain a non-null value when exiting constructor. Consider adding the 'required' modifier or declaring the property as nullable. [C:\Users\lordo\Documents\GitHub\llmtornado\src\LlmTornado\LlmTornado.csproj::TargetFramework=net8.0]
C:\Users\lordo\Documents\GitHub\llmtornado\src\LlmTornado\Embedding\EmbeddingRequest.cs(131,9): warning CS8618: Non-nullable property 'InputSerialized' must contain a non-null value when exiting constructor. Consider adding the 'required' modifier or declaring the property as nullable. [C:\Users\lordo\Documents\GitHub\llmtornado\src\LlmTornado\LlmTornado.csproj::TargetFramework=net8.0]
C:\Users\lordo\Documents\GitHub\llmtornado\src\LlmTornado\Embedding\EmbeddingRequest.cs(145,9): warning CS8618: Non-nullable property 'InputSerialized' must contain a non-null value when exiting constructor. Consider adding the 'required' modifier or declaring the property as nullable. [C:\Users\lordo\Documents\GitHub\llmtornado\src\LlmTornado\LlmTornado.csproj::TargetFramework=net8.0]
C:\Users\lordo\Documents\GitHub\llmtornado\src\LlmTornado\Embedding\EmbeddingRequest.cs(159,9): warning CS8618: Non-nullable property 'InputSerialized' must contain a non-null value when exiting constructor. Consider adding the 'required' modifier or declaring the property as nullable. [C:\Users\lordo\Documents\GitHub\llmtornado\src\LlmTornado\LlmTornado.csproj::TargetFramework=net8.0]
C:\Users\lordo\Documents\GitHub\llmtornado\src\LlmTornado\Embedding\EmbeddingRequest.cs(173,9): warning CS8618: Non-nullable property 'InputSerialized' must contain a non-null value when exiting constructor. Consider adding the 'required' modifier or declaring the property as nullable. [C:\Users\lordo\Documents\GitHub\llmtornado\src\LlmTornado\LlmTornado.csproj::TargetFramework=net8.0]
C:\Users\lordo\Documents\GitHub\llmtornado\src\LlmTornado\Embedding\EmbeddingRequest.cs(188,9): warning CS8618: Non-nullable property 'InputSerialized' must contain a non-null value when exiting constructor. Consider adding the 'required' modifier or declaring the property as nullable. [C:\Users\lordo\Documents\GitHub\llmtornado\src\LlmTornado\LlmTornado.csproj::TargetFramework=net8.0]
C:\Users\lordo\Documents\GitHub\llmtornado\src\LlmTornado\Embedding\EmbeddingRequest.cs(204,9): warning CS8618: Non-nullable property 'InputSerialized' must contain a non-null value when exiting constructor. Consider adding the 'required' modifier or declaring the property as nullable. [C:\Users\lordo\Documents\GitHub\llmtornado\src\LlmTornado\LlmTornado.csproj::TargetFramework=net8.0]
C:\Users\lordo\Documents\GitHub\llmtornado\src\LlmTornado\Chat\ChatMessagePart.cs(524,19): warning CS8618: Non-nullable property 'Code' must contain a non-null value when exiting constructor. Consider adding the 'required' modifier or declaring the property as nullable. [C:\Users\lordo\Documents\GitHub\llmtornado\src\LlmTornado\LlmTornado.csproj::TargetFramework=net8.0]
C:\Users\lordo\Documents\GitHub\llmtornado\src\LlmTornado\Images\Models\OpenAi\ImageModelOpenAi.cs(61,11): warning CS0618: 'ImageModelOpenAiDalle' is obsolete: 'DALL·E models were removed from the OpenAI API on May 12, 2026. Use ImageModelOpenAiGpt instead.' [C:\Users\lordo\Documents\GitHub\llmtornado\src\LlmTornado\LlmTornado.csproj::TargetFramework=net8.0]
C:\Users\lordo\Documents\GitHub\llmtornado\src\LlmTornado\Videos\Vendors\Google\VendorGoogleVideoRequest.cs(165,23): warning CS8618: Non-nullable property 'Prompt' must contain a non-null value when exiting constructor. Consider adding the 'required' modifier or declaring the property as nullable. [C:\Users\lordo\Documents\GitHub\llmtornado\src\LlmTornado\LlmTornado.csproj::TargetFramework=net8.0]
C:\Users\lordo\Documents\GitHub\llmtornado\src\LlmTornado\Audio\AudioEndpoint.cs(209,57): warning CS8604: Possible null reference argument for parameter 'content' in 'StringContent.StringContent(string content)'. [C:\Users\lordo\Documents\GitHub\llmtornado\src\LlmTornado\LlmTornado.csproj::TargetFramework=net8.0]
C:\Users\lordo\Documents\GitHub\llmtornado\src\LlmTornado\Infra\ToolDefinition.cs(348,30): warning CS8618: Non-nullable property 'Provider' must contain a non-null value when exiting constructor. Consider adding the 'required' modifier or declaring the property as nullable. [C:\Users\lordo\Documents\GitHub\llmtornado\src\LlmTornado\LlmTornado.csproj::TargetFramework=net8.0]
C:\Users\lordo\Documents\GitHub\llmtornado\src\LlmTornado\Chat\Vendors\Perplexity\VendorPerplexityChatRequestData.cs(21,50): warning CS8604: Possible null reference argument for parameter 'o' in 'JObject JObject.FromObject(object o, JsonSerializer jsonSerializer)'. [C:\Users\lordo\Documents\GitHub\llmtornado\src\LlmTornado\LlmTornado.csproj::TargetFramework=net8.0]
C:\Users\lordo\Documents\GitHub\llmtornado\src\LlmTornado\Infra\ToolDefinition.cs(36,14): warning CS8618: Non-nullable property 'Name' must contain a non-null value when exiting constructor. Consider adding the 'required' modifier or declaring the property as nullable. [C:\Users\lordo\Documents\GitHub\llmtornado\src\LlmTornado\LlmTornado.csproj::TargetFramework=net8.0]
C:\Users\lordo\Documents\GitHub\llmtornado\src\LlmTornado\Chat\Vendors\Perplexity\ChatResultVendorPerplexity.cs(9,38): warning CS8618: Non-nullable property 'Usage' must contain a non-null value when exiting constructor. Consider adding the 'required' modifier or declaring the property as nullable. [C:\Users\lordo\Documents\GitHub\llmtornado\src\LlmTornado\LlmTornado.csproj::TargetFramework=net8.0]
C:\Users\lordo\Documents\GitHub\llmtornado\src\LlmTornado\Embedding\ContextualEmbeddingResult.cs(71,19): warning CS8618: Non-nullable property 'Object' must contain a non-null value when exiting constructor. Consider adding the 'required' modifier or declaring the property as nullable. [C:\Users\lordo\Documents\GitHub\llmtornado\src\LlmTornado\LlmTornado.csproj::TargetFramework=net8.0]
C:\Users\lordo\Documents\GitHub\llmtornado\src\LlmTornado\Embedding\ContextualEmbeddingResult.cs(78,37): warning CS8618: Non-nullable property 'ContextualEmbeddingVector' must contain a non-null value when exiting constructor. Consider adding the 'required' modifier or declaring the property as nullable. [C:\Users\lordo\Documents\GitHub\llmtornado\src\LlmTornado\LlmTornado.csproj::TargetFramework=net8.0]
C:\Users\lordo\Documents\GitHub\llmtornado\src\LlmTornado\Embedding\ContextualEmbeddingResult.cs(47,19): warning CS8618: Non-nullable property 'Object' must contain a non-null value when exiting constructor. Consider adding the 'required' modifier or declaring the property as nullable. [C:\Users\lordo\Documents\GitHub\llmtornado\src\LlmTornado\LlmTornado.csproj::TargetFramework=net8.0]
C:\Users\lordo\Documents\GitHub\llmtornado\src\LlmTornado\Embedding\ContextualEmbeddingResult.cs(53,38): warning CS8618: Non-nullable property 'Data' must contain a non-null value when exiting constructor. Consider adding the 'required' modifier or declaring the property as nullable. [C:\Users\lordo\Documents\GitHub\llmtornado\src\LlmTornado\LlmTornado.csproj::TargetFramework=net8.0]
C:\Users\lordo\Documents\GitHub\llmtornado\src\LlmTornado\Embedding\ContextualEmbeddingResult.cs(17,19): warning CS8618: Non-nullable property 'Object' must contain a non-null value when exiting constructor. Consider adding the 'required' modifier or declaring the property as nullable. [C:\Users\lordo\Documents\GitHub\llmtornado\src\LlmTornado\LlmTornado.csproj::TargetFramework=net8.0]
C:\Users\lordo\Documents\GitHub\llmtornado\src\LlmTornado\Embedding\ContextualEmbeddingResult.cs(23,42): warning CS8618: Non-nullable property 'Data' must contain a non-null value when exiting constructor. Consider adding the 'required' modifier or declaring the property as nullable. [C:\Users\lordo\Documents\GitHub\llmtornado\src\LlmTornado\LlmTornado.csproj::TargetFramework=net8.0]
C:\Users\lordo\Documents\GitHub\llmtornado\src\LlmTornado\Embedding\ContextualEmbeddingResult.cs(29,19): warning CS8618: Non-nullable property 'Model' must contain a non-null value when exiting constructor. Consider adding the 'required' modifier or declaring the property as nullable. [C:\Users\lordo\Documents\GitHub\llmtornado\src\LlmTornado\LlmTornado.csproj::TargetFramework=net8.0]
C:\Users\lordo\Documents\GitHub\llmtornado\src\LlmTornado\Embedding\ContextualEmbeddingResult.cs(35,18): warning CS8618: Non-nullable property 'Usage' must contain a non-null value when exiting constructor. Consider adding the 'required' modifier or declaring the property as nullable. [C:\Users\lordo\Documents\GitHub\llmtornado\src\LlmTornado\LlmTornado.csproj::TargetFramework=net8.0]
C:\Users\lordo\Documents\GitHub\llmtornado\src\LlmTornado\Vendor\Anthropic\AnthropicEndpointProvider.cs(685,29): warning CS8602: Dereference of a possibly null reference. [C:\Users\lordo\Documents\GitHub\llmtornado\src\LlmTornado\LlmTornado.csproj::TargetFramework=net8.0]
C:\Users\lordo\Documents\GitHub\llmtornado\src\LlmTornado\Vendor\Anthropic\AnthropicEndpointProvider.cs(916,17): error CS0103: The name 'RequiresEffortHeader' does not exist in the current context [C:\Users\lordo\Documents\GitHub\llmtornado\src\LlmTornado\LlmTornado.csproj::TargetFramework=net8.0]
C:\Users\lordo\Documents\GitHub\llmtornado\src\LlmTornado\Vendor\Anthropic\AnthropicEndpointProvider.cs(951,17): error CS0103: The name 'RequiresCacheDiagnosticsHeader' does not exist in the current context [C:\Users\lordo\Documents\GitHub\llmtornado\src\LlmTornado\LlmTornado.csproj::TargetFramework=net8.0]
C:\Users\lordo\Documents\GitHub\llmtornado\src\LlmTornado\Images\ImageSize.cs(339,34): warning CS8604: Possible null reference argument for parameter 'value' in 'ImageSize.ImageSize(string value)'. [C:\Users\lordo\Documents\GitHub\llmtornado\src\LlmTornado\LlmTornado.csproj::TargetFramework=net8.0]
C:\Users\lordo\Documents\GitHub\llmtornado\src\LlmTornado\Vendor\Anthropic\AnthropicEndpointProvider.cs(995,21): warning CS8600: Converting null literal or possible null value to non-nullable type. [C:\Users\lordo\Documents\GitHub\llmtornado\src\LlmTornado\LlmTornado.csproj::TargetFramework=net8.0]
C:\Users\lordo\Documents\GitHub\llmtornado\src\LlmTornado\Vendor\Anthropic\AnthropicEndpointProvider.cs(997,21): warning CS8600: Converting null literal or possible null value to non-nullable type. [C:\Users\lordo\Documents\GitHub\llmtornado\src\LlmTornado\LlmTornado.csproj::TargetFramework=net8.0]
C:\Users\lordo\Documents\GitHub\llmtornado\src\LlmTornado\Vendor\Anthropic\AnthropicEndpointProvider.cs(999,21): warning CS8600: Converting null literal or possible null value to non-nullable type. [C:\Users\lordo\Documents\GitHub\llmtornado\src\LlmTornado\LlmTornado.csproj::TargetFramework=net8.0]
C:\Users\lordo\Documents\GitHub\llmtornado\src\LlmTornado\Vendor\Anthropic\AnthropicEndpointProvider.cs(1001,21): warning CS8600: Converting null literal or possible null value to non-nullable type. [C:\Users\lordo\Documents\GitHub\llmtornado\src\LlmTornado\LlmTornado.csproj::TargetFramework=net8.0]
C:\Users\lordo\Documents\GitHub\llmtornado\src\LlmTornado\Vendor\Anthropic\AnthropicEndpointProvider.cs(218,44): warning CS8618: Non-nullable property 'Delta' must contain a non-null value when exiting constructor. Consider adding the 'required' modifier or declaring the property as nullable. [C:\Users\lordo\Documents\GitHub\llmtornado\src\LlmTornado\LlmTornado.csproj::TargetFramework=net8.0]
C:\Users\lordo\Documents\GitHub\llmtornado\src\LlmTornado\Vendor\Anthropic\AnthropicEndpointProvider.cs(221,45): warning CS8618: Non-nullable property 'Usage' must contain a non-null value when exiting constructor. Consider adding the 'required' modifier or declaring the property as nullable. [C:\Users\lordo\Documents\GitHub\llmtornado\src\LlmTornado\LlmTornado.csproj::TargetFramework=net8.0]
C:\Users\lordo\Documents\GitHub\llmtornado\src\LlmTornado\Vendor\Anthropic\AnthropicEndpointProvider.cs(212,42): warning CS8618: Non-nullable property 'Message' must contain a non-null value when exiting constructor. Consider adding the 'required' modifier or declaring the property as nullable. [C:\Users\lordo\Documents\GitHub\llmtornado\src\LlmTornado\LlmTornado.csproj::TargetFramework=net8.0]
C:\Users\lordo\Documents\GitHub\llmtornado\src\LlmTornado\Chat\Vendors\MoonshotAi\VendorMoonshotAiChatRequest.cs(23,35): warning CS8604: Possible null reference argument for parameter 'o' in 'JObject JObject.FromObject(object o, JsonSerializer jsonSerializer)'. [C:\Users\lordo\Documents\GitHub\llmtornado\src\LlmTornado\LlmTornado.csproj::TargetFramework=net8.0]
C:\Users\lordo\Documents\GitHub\llmtornado\src\LlmTornado\Vendor\Anthropic\AnthropicEndpointProvider.cs(191,23): warning CS8618: Non-nullable property 'Type' must contain a non-null value when exiting constructor. Consider adding the 'required' modifier or declaring the property as nullable. [C:\Users\lordo\Documents\GitHub\llmtornado\src\LlmTornado\LlmTornado.csproj::TargetFramework=net8.0]
C:\Users\lordo\Documents\GitHub\llmtornado\src\LlmTornado\Vendor\Anthropic\AnthropicEndpointProvider.cs(169,27): warning CS8618: Non-nullable property 'Type' must contain a non-null value when exiting constructor. Consider adding the 'required' modifier or declaring the property as nullable. [C:\Users\lordo\Documents\GitHub\llmtornado\src\LlmTornado\LlmTornado.csproj::TargetFramework=net8.0]
C:\Users\lordo\Documents\GitHub\llmtornado\src\LlmTornado\Vendor\Anthropic\AnthropicEndpointProvider.cs(172,27): warning CS8618: Non-nullable property 'Text' must contain a non-null value when exiting constructor. Consider adding the 'required' modifier or declaring the property as nullable. [C:\Users\lordo\Documents\GitHub\llmtornado\src\LlmTornado\LlmTornado.csproj::TargetFramework=net8.0]
C:\Users\lordo\Documents\GitHub\llmtornado\src\LlmTornado\Images\ImageGenerationRequest.cs(197,43): error CS0176: Member 'ImageModelOpenAiGpt.Default' cannot be accessed with an instance reference; qualify it with a type name instead [C:\Users\lordo\Documents\GitHub\llmtornado\src\LlmTornado\LlmTornado.csproj::TargetFramework=net8.0]
C:\Users\lordo\Documents\GitHub\llmtornado\src\LlmTornado\Vendor\Anthropic\AnthropicEndpointProvider.cs(140,46): warning CS8618: Non-nullable property 'ContentBlock' must contain a non-null value when exiting constructor. Consider adding the 'required' modifier or declaring the property as nullable. [C:\Users\lordo\Documents\GitHub\llmtornado\src\LlmTornado\LlmTornado.csproj::TargetFramework=net8.0]
C:\Users\lordo\Documents\GitHub\llmtornado\src\LlmTornado\Vendor\Anthropic\AnthropicEndpointProvider.cs(113,27): warning CS8618: Non-nullable property 'Type' must contain a non-null value when exiting constructor. Consider adding the 'required' modifier or declaring the property as nullable. [C:\Users\lordo\Documents\GitHub\llmtornado\src\LlmTornado\LlmTornado.csproj::TargetFramework=net8.0]
C:\Users\lordo\Documents\GitHub\llmtornado\src\LlmTornado\Vendor\Anthropic\AnthropicEndpointProvider.cs(116,27): warning CS8618: Non-nullable property 'Text' must contain a non-null value when exiting constructor. Consider adding the 'required' modifier or declaring the property as nullable. [C:\Users\lordo\Documents\GitHub\llmtornado\src\LlmTornado\LlmTornado.csproj::TargetFramework=net8.0]
C:\Users\lordo\Documents\GitHub\llmtornado\src\LlmTornado\Images\ImageGenerationRequest.cs(56,26): error CS0176: Member 'ImageModelOpenAiGpt.Default' cannot be accessed with an instance reference; qualify it with a type name instead [C:\Users\lordo\Documents\GitHub\llmtornado\src\LlmTornado\LlmTornado.csproj::TargetFramework=net8.0]
C:\Users\lordo\Documents\GitHub\llmtornado\src\LlmTornado\Responses\ResponseOutputItem.cs(1578,17): error CS9135: A constant value of type 'string' is expected [C:\Users\lordo\Documents\GitHub\llmtornado\src\LlmTornado\LlmTornado.csproj::TargetFramework=net8.0]
C:\Users\lordo\Documents\GitHub\llmtornado\src\LlmTornado\Responses\ResponseOutputItem.cs(1579,17): error CS9135: A constant value of type 'string' is expected [C:\Users\lordo\Documents\GitHub\llmtornado\src\LlmTornado\LlmTornado.csproj::TargetFramework=net8.0]
C:\Users\lordo\Documents\GitHub\llmtornado\src\LlmTornado\Images\ImageGenerationEndpoint.cs(44,68): error CS0176: Member 'ImageModelOpenAiGpt.Default' cannot be accessed with an instance reference; qualify it with a type name instead [C:\Users\lordo\Documents\GitHub\llmtornado\src\LlmTornado\LlmTornado.csproj::TargetFramework=net8.0]
C:\Users\lordo\Documents\GitHub\llmtornado\src\LlmTornado\Responses\ResponseOutputItem.cs(1533,13): error CS9135: A constant value of type 'string' is expected [C:\Users\lordo\Documents\GitHub\llmtornado\src\LlmTornado\LlmTornado.csproj::TargetFramework=net8.0]
C:\Users\lordo\Documents\GitHub\llmtornado\src\LlmTornado\Responses\ResponseOutputItem.cs(1534,13): error CS9135: A constant value of type 'string' is expected [C:\Users\lordo\Documents\GitHub\llmtornado\src\LlmTornado\LlmTornado.csproj::TargetFramework=net8.0]
C:\Users\lordo\Documents\GitHub\llmtornado\src\LlmTornado\Infra\StringValue.cs(261,26): warning CS0168: The variable 'e' is declared but never used [C:\Users\lordo\Documents\GitHub\llmtornado\src\LlmTornado\LlmTornado.csproj::TargetFramework=net8.0]
C:\Users\lordo\Documents\GitHub\llmtornado\src\LlmTornado\Infra\StringValue.cs(306,30): warning CS0168: The variable 'e' is declared but never used [C:\Users\lordo\Documents\GitHub\llmtornado\src\LlmTornado\LlmTornado.csproj::TargetFramework=net8.0]
C:\Users\lordo\Documents\GitHub\llmtornado\src\LlmTornado\Infra\StringValue.cs(352,26): warning CS0168: The variable 'e' is declared but never used [C:\Users\lordo\Documents\GitHub\llmtornado\src\LlmTornado\LlmTornado.csproj::TargetFramework=net8.0]
C:\Users\lordo\Documents\GitHub\llmtornado\src\LlmTornado\Responses\ResponsesEndpoint.cs(403,28): warning CS8604: Possible null reference argument for parameter 'data' in 'ValueTask<MethodInvocationResult> ResponseFunctionTool.Invoke(string data)'. [C:\Users\lordo\Documents\GitHub\llmtornado\src\LlmTornado\LlmTornado.csproj::TargetFramework=net8.0]
C:\Users\lordo\Documents\GitHub\llmtornado\src\LlmTornado\Chat\Vendors\Mistral\VendorMistralChatRequest.cs(113,23): warning CS8618: Non-nullable property 'Content' must contain a non-null value when exiting constructor. Consider adding the 'required' modifier or declaring the property as nullable. [C:\Users\lordo\Documents\GitHub\llmtornado\src\LlmTornado\LlmTornado.csproj::TargetFramework=net8.0]
C:\Users\lordo\Documents\GitHub\llmtornado\src\LlmTornado\Chat\Vendors\Mistral\VendorMistralChatRequest.cs(95,23): warning CS8618: Non-nullable property 'Name' must contain a non-null value when exiting constructor. Consider adding the 'required' modifier or declaring the property as nullable. [C:\Users\lordo\Documents\GitHub\llmtornado\src\LlmTornado\LlmTornado.csproj::TargetFramework=net8.0]
C:\Users\lordo\Documents\GitHub\llmtornado\src\LlmTornado\Chat\Vendors\Mistral\MistralChatMessageConverter.cs(180,24): warning CS8601: Possible null reference assignment. [C:\Users\lordo\Documents\GitHub\llmtornado\src\LlmTornado\LlmTornado.csproj::TargetFramework=net8.0]
C:\Users\lordo\Documents\GitHub\llmtornado\src\LlmTornado\Chat\Vendors\Mistral\MistralChatMessageConverter.cs(184,32): warning CS8601: Possible null reference assignment. [C:\Users\lordo\Documents\GitHub\llmtornado\src\LlmTornado\LlmTornado.csproj::TargetFramework=net8.0]
C:\Users\lordo\Documents\GitHub\llmtornado\src\LlmTornado\Responses\ResponseHelpers.cs(113,29): warning CS8604: Possible null reference argument for parameter 'output' in 'FunctionToolCallOutput.FunctionToolCallOutput(string callId, string output)'. [C:\Users\lordo\Documents\GitHub\llmtornado\src\LlmTornado\LlmTornado.csproj::TargetFramework=net8.0]
C:\Users\lordo\Documents\GitHub\llmtornado\src\LlmTornado\Chat\Vendors\Google\VendorGoogleChatRequest.cs(1442,14): warning CS0219: The variable 'anyStrictTool' is assigned but its value is never used [C:\Users\lordo\Documents\GitHub\llmtornado\src\LlmTornado\LlmTornado.csproj::TargetFramework=net8.0]
C:\Users\lordo\Documents\GitHub\llmtornado\src\LlmTornado\Responses\ResponseDeleted.cs(14,19): warning CS8618: Non-nullable property 'Id' must contain a non-null value when exiting constructor. Consider adding the 'required' modifier or declaring the property as nullable. [C:\Users\lordo\Documents\GitHub\llmtornado\src\LlmTornado\LlmTornado.csproj::TargetFramework=net8.0]
C:\Users\lordo\Documents\GitHub\llmtornado\src\LlmTornado\Images\ImageEditRequest.cs(61,43): error CS0176: Member 'ImageModelOpenAiGpt.Default' cannot be accessed with an instance reference; qualify it with a type name instead [C:\Users\lordo\Documents\GitHub\llmtornado\src\LlmTornado\LlmTornado.csproj::TargetFramework=net8.0]
C:\Users\lordo\Documents\GitHub\llmtornado\src\LlmTornado\Images\ImageEditRequest.cs(23,9): warning CS8618: Non-nullable property 'Prompt' must contain a non-null value when exiting constructor. Consider adding the 'required' modifier or declaring the property as nullable. [C:\Users\lordo\Documents\GitHub\llmtornado\src\LlmTornado\LlmTornado.csproj::TargetFramework=net8.0]
C:\Users\lordo\Documents\GitHub\llmtornado\src\LlmTornado\Images\ImageEditEndpoint.cs(39,71): error CS0176: Member 'ImageModelOpenAiGpt.Default' cannot be accessed with an instance reference; qualify it with a type name instead [C:\Users\lordo\Documents\GitHub\llmtornado\src\LlmTornado\LlmTornado.csproj::TargetFramework=net8.0]
C:\Users\lordo\Documents\GitHub\llmtornado\src\LlmTornado\Responses\ConversationResult.cs(17,19): warning CS8618: Non-nullable property 'Id' must contain a non-null value when exiting constructor. Consider adding the 'required' modifier or declaring the property as nullable. [C:\Users\lordo\Documents\GitHub\llmtornado\src\LlmTornado\LlmTornado.csproj::TargetFramework=net8.0]
C:\Users\lordo\Documents\GitHub\llmtornado\src\LlmTornado\Responses\ResponseHelpers.cs(383,36): warning CS8601: Possible null reference assignment. [C:\Users\lordo\Documents\GitHub\llmtornado\src\LlmTornado\LlmTornado.csproj::TargetFramework=net8.0]
C:\Users\lordo\Documents\GitHub\llmtornado\src\LlmTornado\Responses\ResponseHelpers.cs(416,68): warning CS8604: Possible null reference argument for parameter 'name' in 'BuiltInToolCall.BuiltInToolCall(bool responseExpected, string name, IBuiltInToolCallData data, ToolCall toolCall, string? args = null)'. [C:\Users\lordo\Documents\GitHub\llmtornado\src\LlmTornado\LlmTornado.csproj::TargetFramework=net8.0]
C:\Users\lordo\Documents\GitHub\llmtornado\src\LlmTornado\Responses\ResponseHelpers.cs(434,68): warning CS8604: Possible null reference argument for parameter 'name' in 'BuiltInToolCall.BuiltInToolCall(bool responseExpected, string name, IBuiltInToolCallData data, ToolCall toolCall, string? args = null)'. [C:\Users\lordo\Documents\GitHub\llmtornado\src\LlmTornado\LlmTornado.csproj::TargetFramework=net8.0]
C:\Users\lordo\Documents\GitHub\llmtornado\src\LlmTornado\Responses\ResponseHelpers.cs(452,69): warning CS8604: Possible null reference argument for parameter 'name' in 'BuiltInToolCall.BuiltInToolCall(bool responseExpected, string name, IBuiltInToolCallData data, ToolCall toolCall, string? args = null)'. [C:\Users\lordo\Documents\GitHub\llmtornado\src\LlmTornado\LlmTornado.csproj::TargetFramework=net8.0]
C:\Users\lordo\Documents\GitHub\llmtornado\src\LlmTornado\Responses\ResponseHelpers.cs(470,69): warning CS8604: Possible null reference argument for parameter 'name' in 'BuiltInToolCall.BuiltInToolCall(bool responseExpected, string name, IBuiltInToolCallData data, ToolCall toolCall, string? args = null)'. [C:\Users\lordo\Documents\GitHub\llmtornado\src\LlmTornado\LlmTornado.csproj::TargetFramework=net8.0]
C:\Users\lordo\Documents\GitHub\llmtornado\src\LlmTornado\Responses\ResponseHelpers.cs(561,106): warning CS8604: Possible null reference argument for parameter 'parameters' in 'ToolFunction.ToolFunction(string name, string description, JObject parameters)'. [C:\Users\lordo\Documents\GitHub\llmtornado\src\LlmTornado\LlmTornado.csproj::TargetFramework=net8.0]
C:\Users\lordo\Documents\GitHub\llmtornado\src\LlmTornado\Interactions\InteractionContent.cs(194,51): error CS1503: Argument 1: cannot convert from 'System.Collections.Generic.List<LlmTornado.Interactions.InteractionStep>' to 'LlmTornado.Interactions.InteractionStep' [C:\Users\lordo\Documents\GitHub\llmtornado\src\LlmTornado\LlmTornado.csproj::TargetFramework=net8.0]
C:\Users\lordo\Documents\GitHub\llmtornado\src\LlmTornado\Interactions\InteractionContent.cs(197,50): error CS1503: Argument 1: cannot convert from 'System.Collections.Generic.List<LlmTornado.Interactions.InteractionContent>' to 'LlmTornado.Interactions.InteractionContent' [C:\Users\lordo\Documents\GitHub\llmtornado\src\LlmTornado\LlmTornado.csproj::TargetFramework=net8.0]
C:\Users\lordo\Documents\GitHub\llmtornado\src\LlmTornado\Common\Tool.cs(1111,12): warning CS8618: Non-nullable property 'CallAsync' must contain a non-null value when exiting constructor. Consider adding the 'required' modifier or declaring the property as nullable. [C:\Users\lordo\Documents\GitHub\llmtornado\src\LlmTornado\LlmTornado.csproj::TargetFramework=net8.0]
C:\Users\lordo\Documents\GitHub\llmtornado\src\LlmTornado\Chat\Vendors\Google\VendorGoogleChatRequest.cs(1290,16): warning CS8618: Non-nullable property 'Name' must contain a non-null value when exiting constructor. Consider adding the 'required' modifier or declaring the property as nullable. [C:\Users\lordo\Documents\GitHub\llmtornado\src\LlmTornado\LlmTornado.csproj::TargetFramework=net8.0]
C:\Users\lordo\Documents\GitHub\llmtornado\src\LlmTornado\Chat\Vendors\Google\VendorGoogleChatRequest.cs(1290,16): warning CS8618: Non-nullable property 'Description' must contain a non-null value when exiting constructor. Consider adding the 'required' modifier or declaring the property as nullable. [C:\Users\lordo\Documents\GitHub\llmtornado\src\LlmTornado\LlmTornado.csproj::TargetFramework=net8.0]
C:\Users\lordo\Documents\GitHub\llmtornado\src\LlmTornado\Common\Tool.cs(1065,19): warning CS8618: Non-nullable property 'Definition' must contain a non-null value when exiting constructor. Consider adding the 'required' modifier or declaring the property as nullable. [C:\Users\lordo\Documents\GitHub\llmtornado\src\LlmTornado\LlmTornado.csproj::TargetFramework=net8.0]
C:\Users\lordo\Documents\GitHub\llmtornado\src\LlmTornado\Chat\Vendors\Google\VendorGoogleChatRequest.cs(1244,18): warning CS8618: Non-nullable property 'Category' must contain a non-null value when exiting constructor. Consider adding the 'required' modifier or declaring the property as nullable. [C:\Users\lordo\Documents\GitHub\llmtornado\src\LlmTornado\LlmTornado.csproj::TargetFramework=net8.0]
C:\Users\lordo\Documents\GitHub\llmtornado\src\LlmTornado\Chat\Vendors\Google\VendorGoogleChatRequest.cs(1244,18): warning CS8618: Non-nullable property 'Threshold' must contain a non-null value when exiting constructor. Consider adding the 'required' modifier or declaring the property as nullable. [C:\Users\lordo\Documents\GitHub\llmtornado\src\LlmTornado\LlmTornado.csproj::TargetFramework=net8.0]
C:\Users\lordo\Documents\GitHub\llmtornado\src\LlmTornado\Common\Tool.cs(978,12): warning CS8618: Non-nullable property 'Name' must contain a non-null value when exiting constructor. Consider adding the 'required' modifier or declaring the property as nullable. [C:\Users\lordo\Documents\GitHub\llmtornado\src\LlmTornado\LlmTornado.csproj::TargetFramework=net8.0]
C:\Users\lordo\Documents\GitHub\llmtornado\src\LlmTornado\Common\Tool.cs(978,12): warning CS8618: Non-nullable property 'Format' must contain a non-null value when exiting constructor. Consider adding the 'required' modifier or declaring the property as nullable. [C:\Users\lordo\Documents\GitHub\llmtornado\src\LlmTornado\LlmTornado.csproj::TargetFramework=net8.0]
C:\Users\lordo\Documents\GitHub\llmtornado\src\LlmTornado\Common\Tool.cs(1256,13): warning CS8618: Non-nullable property 'Name' must contain a non-null value when exiting constructor. Consider adding the 'required' modifier or declaring the property as nullable. [C:\Users\lordo\Documents\GitHub\llmtornado\src\LlmTornado\LlmTornado.csproj::TargetFramework=net8.0]
C:\Users\lordo\Documents\GitHub\llmtornado\src\LlmTornado\Common\Tool.cs(1256,13): warning CS8618: Non-nullable property 'Description' must contain a non-null value when exiting constructor. Consider adding the 'required' modifier or declaring the property as nullable. [C:\Users\lordo\Documents\GitHub\llmtornado\src\LlmTornado\LlmTornado.csproj::TargetFramework=net8.0]
C:\Users\lordo\Documents\GitHub\llmtornado\src\LlmTornado\Common\Tool.cs(618,19): warning CS8618: Non-nullable property 'Native' must contain a non-null value when exiting constructor. Consider adding the 'required' modifier or declaring the property as nullable. [C:\Users\lordo\Documents\GitHub\llmtornado\src\LlmTornado\LlmTornado.csproj::TargetFramework=net8.0]
C:\Users\lordo\Documents\GitHub\llmtornado\src\LlmTornado\Common\Tool.cs(607,19): warning CS8618: Non-nullable property 'Blob' must contain a non-null value when exiting constructor. Consider adding the 'required' modifier or declaring the property as nullable. [C:\Users\lordo\Documents\GitHub\llmtornado\src\LlmTornado\LlmTornado.csproj::TargetFramework=net8.0]
C:\Users\lordo\Documents\GitHub\llmtornado\src\LlmTornado\Live\Vendors\Google\VendorGoogleLiveMapper.cs(222,54): warning CS8602: Dereference of a possibly null reference. [C:\Users\lordo\Documents\GitHub\llmtornado\src\LlmTornado\LlmTornado.csproj::TargetFramework=netstandard2.0]
C:\Users\lordo\Documents\GitHub\llmtornado\src\LlmTornado\Common\Tool.cs(586,19): warning CS8618: Non-nullable property 'Text' must contain a non-null value when exiting constructor. Consider adding the 'required' modifier or declaring the property as nullable. [C:\Users\lordo\Documents\GitHub\llmtornado\src\LlmTornado\LlmTornado.csproj::TargetFramework=net8.0]
C:\Users\lordo\Documents\GitHub\llmtornado\src\LlmTornado\Common\Tool.cs(481,52): warning CS8618: Non-nullable property 'Resource' must contain a non-null value when exiting constructor. Consider adding the 'required' modifier or declaring the property as nullable. [C:\Users\lordo\Documents\GitHub\llmtornado\src\LlmTornado\LlmTornado.csproj::TargetFramework=net8.0]
C:\Users\lordo\Documents\GitHub\llmtornado\src\LlmTornado\Common\Tool.cs(491,19): warning CS8618: Non-nullable property 'MimeType' must contain a non-null value when exiting constructor. Consider adding the 'required' modifier or declaring the property as nullable. [C:\Users\lordo\Documents\GitHub\llmtornado\src\LlmTornado\LlmTornado.csproj::TargetFramework=net8.0]
C:\Users\lordo\Documents\GitHub\llmtornado\src\LlmTornado\Common\Tool.cs(505,19): warning CS8618: Non-nullable property 'Uri' must contain a non-null value when exiting constructor. Consider adding the 'required' modifier or declaring the property as nullable. [C:\Users\lordo\Documents\GitHub\llmtornado\src\LlmTornado\LlmTornado.csproj::TargetFramework=net8.0]
C:\Users\lordo\Documents\GitHub\llmtornado\src\LlmTornado\Common\Tool.cs(510,19): warning CS8618: Non-nullable property 'Name' must contain a non-null value when exiting constructor. Consider adding the 'required' modifier or declaring the property as nullable. [C:\Users\lordo\Documents\GitHub\llmtornado\src\LlmTornado\LlmTornado.csproj::TargetFramework=net8.0]
C:\Users\lordo\Documents\GitHub\llmtornado\src\LlmTornado\Common\Tool.cs(452,19): warning CS8618: Non-nullable property 'Data' must contain a non-null value when exiting constructor. Consider adding the 'required' modifier or declaring the property as nullable. [C:\Users\lordo\Documents\GitHub\llmtornado\src\LlmTornado\LlmTornado.csproj::TargetFramework=net8.0]
C:\Users\lordo\Documents\GitHub\llmtornado\src\LlmTornado\Common\Tool.cs(462,19): warning CS8618: Non-nullable property 'MimeType' must contain a non-null value when exiting constructor. Consider adding the 'required' modifier or declaring the property as nullable. [C:\Users\lordo\Documents\GitHub\llmtornado\src\LlmTornado\LlmTornado.csproj::TargetFramework=net8.0]
C:\Users\lordo\Documents\GitHub\llmtornado\src\LlmTornado\Common\Tool.cs(425,19): warning CS8618: Non-nullable property 'Text' must contain a non-null value when exiting constructor. Consider adding the 'required' modifier or declaring the property as nullable. [C:\Users\lordo\Documents\GitHub\llmtornado\src\LlmTornado\LlmTornado.csproj::TargetFramework=net8.0]
C:\Users\lordo\Documents\GitHub\llmtornado\src\LlmTornado\Common\Tool.cs(436,19): warning CS8618: Non-nullable property 'Data' must contain a non-null value when exiting constructor. Consider adding the 'required' modifier or declaring the property as nullable. [C:\Users\lordo\Documents\GitHub\llmtornado\src\LlmTornado\LlmTornado.csproj::TargetFramework=net8.0]
C:\Users\lordo\Documents\GitHub\llmtornado\src\LlmTornado\Common\Tool.cs(441,19): warning CS8618: Non-nullable property 'MimeType' must contain a non-null value when exiting constructor. Consider adding the 'required' modifier or declaring the property as nullable. [C:\Users\lordo\Documents\GitHub\llmtornado\src\LlmTornado\LlmTornado.csproj::TargetFramework=net8.0]
C:\Users\lordo\Documents\GitHub\llmtornado\src\LlmTornado\Common\Tool.cs(414,19): warning CS8618: Non-nullable property 'NativeBlock' must contain a non-null value when exiting constructor. Consider adding the 'required' modifier or declaring the property as nullable. [C:\Users\lordo\Documents\GitHub\llmtornado\src\LlmTornado\LlmTornado.csproj::TargetFramework=net8.0]
C:\Users\lordo\Documents\GitHub\llmtornado\src\LlmTornado\Common\Tool.cs(409,34): warning CS8618: Non-nullable property 'NativeBlock' must contain a non-null value when exiting constructor. Consider adding the 'required' modifier or declaring the property as nullable. [C:\Users\lordo\Documents\GitHub\llmtornado\src\LlmTornado\LlmTornado.csproj::TargetFramework=net8.0]
C:\Users\lordo\Documents\GitHub\llmtornado\src\LlmTornado\Common\Tool.cs(92,12): warning CS8618: Non-nullable property 'Name' must contain a non-null value when exiting constructor. Consider adding the 'required' modifier or declaring the property as nullable. [C:\Users\lordo\Documents\GitHub\llmtornado\src\LlmTornado\LlmTornado.csproj::TargetFramework=net8.0]
C:\Users\lordo\Documents\GitHub\llmtornado\src\LlmTornado\Common\Tool.cs(92,12): warning CS8618: Non-nullable property 'Content' must contain a non-null value when exiting constructor. Consider adding the 'required' modifier or declaring the property as nullable. [C:\Users\lordo\Documents\GitHub\llmtornado\src\LlmTornado\LlmTornado.csproj::TargetFramework=net8.0]
C:\Users\lordo\Documents\GitHub\llmtornado\src\LlmTornado\Common\Tool.cs(345,35): warning CS8618: Non-nullable property 'McpContentBlocks' must contain a non-null value when exiting constructor. Consider adding the 'required' modifier or declaring the property as nullable. [C:\Users\lordo\Documents\GitHub\llmtornado\src\LlmTornado\LlmTornado.csproj::TargetFramework=net8.0]
C:\Users\lordo\Documents\GitHub\llmtornado\src\LlmTornado\Common\ListResponse.cs(50,12): warning CS8618: Non-nullable property 'FirstId' must contain a non-null value when exiting constructor. Consider adding the 'required' modifier or declaring the property as nullable. [C:\Users\lordo\Documents\GitHub\llmtornado\src\LlmTornado\LlmTornado.csproj::TargetFramework=net8.0]
C:\Users\lordo\Documents\GitHub\llmtornado\src\LlmTornado\Common\ListResponse.cs(50,12): warning CS8618: Non-nullable property 'LastId' must contain a non-null value when exiting constructor. Consider adding the 'required' modifier or declaring the property as nullable. [C:\Users\lordo\Documents\GitHub\llmtornado\src\LlmTornado\LlmTornado.csproj::TargetFramework=net8.0]
C:\Users\lordo\Documents\GitHub\llmtornado\src\LlmTornado\Code\PartialModels.cs(2898,30): warning CS8601: Possible null reference assignment. [C:\Users\lordo\Documents\GitHub\llmtornado\src\LlmTornado\LlmTornado.csproj::TargetFramework=net8.0]
C:\Users\lordo\Documents\GitHub\llmtornado\src\LlmTornado\Code\PartialModels.cs(2899,29): warning CS8601: Possible null reference assignment. [C:\Users\lordo\Documents\GitHub\llmtornado\src\LlmTornado\LlmTornado.csproj::TargetFramework=net8.0]
C:\Users\lordo\Documents\GitHub\llmtornado\src\LlmTornado\Code\PartialModels.cs(2726,19): warning CS8618: Non-nullable property 'Source' must contain a non-null value when exiting constructor. Consider adding the 'required' modifier or declaring the property as nullable. [C:\Users\lordo\Documents\GitHub\llmtornado\src\LlmTornado\LlmTornado.csproj::TargetFramework=net8.0]
C:\Users\lordo\Documents\GitHub\llmtornado\src\LlmTornado\Code\PartialModels.cs(2732,19): warning CS8618: Non-nullable property 'Title' must contain a non-null value when exiting constructor. Consider adding the 'required' modifier or declaring the property as nullable. [C:\Users\lordo\Documents\GitHub\llmtornado\src\LlmTornado\LlmTornado.csproj::TargetFramework=net8.0]
C:\Users\lordo\Documents\GitHub\llmtornado\src\LlmTornado\Code\PartialModels.cs(2699,19): warning CS8618: Non-nullable property 'FileId' must contain a non-null value when exiting constructor. Consider adding the 'required' modifier or declaring the property as nullable. [C:\Users\lordo\Documents\GitHub\llmtornado\src\LlmTornado\LlmTornado.csproj::TargetFramework=net8.0]
C:\Users\lordo\Documents\GitHub\llmtornado\src\LlmTornado\Code\PartialModels.cs(2672,19): warning CS8618: Non-nullable property 'Url' must contain a non-null value when exiting constructor. Consider adding the 'required' modifier or declaring the property as nullable. [C:\Users\lordo\Documents\GitHub\llmtornado\src\LlmTornado\LlmTornado.csproj::TargetFramework=net8.0]
C:\Users\lordo\Documents\GitHub\llmtornado\src\LlmTornado\Common\EventResponse.cs(8,12): warning CS8618: Non-nullable property 'Object' must contain a non-null value when exiting constructor. Consider adding the 'required' modifier or declaring the property as nullable. [C:\Users\lordo\Documents\GitHub\llmtornado\src\LlmTornado\LlmTornado.csproj::TargetFramework=net8.0]
C:\Users\lordo\Documents\GitHub\llmtornado\src\LlmTornado\Common\EventResponse.cs(8,12): warning CS8618: Non-nullable property 'Level' must contain a non-null value when exiting constructor. Consider adding the 'required' modifier or declaring the property as nullable. [C:\Users\lordo\Documents\GitHub\llmtornado\src\LlmTornado\LlmTornado.csproj::TargetFramework=net8.0]
C:\Users\lordo\Documents\GitHub\llmtornado\src\LlmTornado\Common\EventResponse.cs(8,12): warning CS8618: Non-nullable property 'Message' must contain a non-null value when exiting constructor. Consider adding the 'required' modifier or declaring the property as nullable. [C:\Users\lordo\Documents\GitHub\llmtornado\src\LlmTornado\LlmTornado.csproj::TargetFramework=net8.0]
C:\Users\lordo\Documents\GitHub\llmtornado\src\LlmTornado\Code\PartialModels.cs(2645,19): warning CS8618: Non-nullable property 'Data' must contain a non-null value when exiting constructor. Consider adding the 'required' modifier or declaring the property as nullable. [C:\Users\lordo\Documents\GitHub\llmtornado\src\LlmTornado\LlmTornado.csproj::TargetFramework=net8.0]
C:\Users\lordo\Documents\GitHub\llmtornado\src\LlmTornado\Code\PartialModels.cs(2657,19): warning CS8618: Non-nullable property 'MediaType' must contain a non-null value when exiting constructor. Consider adding the 'required' modifier or declaring the property as nullable. [C:\Users\lordo\Documents\GitHub\llmtornado\src\LlmTornado\LlmTornado.csproj::TargetFramework=net8.0]
C:\Users\lordo\Documents\GitHub\llmtornado\src\LlmTornado\Common\HttpCallResult.cs(41,19): warning CS8618: Non-nullable property 'Url' must contain a non-null value when exiting constructor. Consider adding the 'required' modifier or declaring the property as nullable. [C:\Users\lordo\Documents\GitHub\llmtornado\src\LlmTornado\LlmTornado.csproj::TargetFramework=net8.0]
C:\Users\lordo\Documents\GitHub\llmtornado\src\LlmTornado\Common\HttpCallResult.cs(46,23): warning CS8618: Non-nullable property 'Method' must contain a non-null value when exiting constructor. Consider adding the 'required' modifier or declaring the property as nullable. [C:\Users\lordo\Documents\GitHub\llmtornado\src\LlmTornado\LlmTornado.csproj::TargetFramework=net8.0]
C:\Users\lordo\Documents\GitHub\llmtornado\src\LlmTornado\Code\PartialModels.cs(2606,12): warning CS8618: Non-nullable property 'Source' must contain a non-null value when exiting constructor. Consider adding the 'required' modifier or declaring the property as nullable. [C:\Users\lordo\Documents\GitHub\llmtornado\src\LlmTornado\LlmTornado.csproj::TargetFramework=net8.0]
C:\Users\lordo\Documents\GitHub\llmtornado\src\LlmTornado\Common\Event.cs(10,19): warning CS8618: Non-nullable property 'Object' must contain a non-null value when exiting constructor. Consider adding the 'required' modifier or declaring the property as nullable. [C:\Users\lordo\Documents\GitHub\llmtornado\src\LlmTornado\LlmTornado.csproj::TargetFramework=net8.0]
C:\Users\lordo\Documents\GitHub\llmtornado\src\LlmTornado\Common\Event.cs(22,19): warning CS8618: Non-nullable property 'Level' must contain a non-null value when exiting constructor. Consider adding the 'required' modifier or declaring the property as nullable. [C:\Users\lordo\Documents\GitHub\llmtornado\src\LlmTornado\LlmTornado.csproj::TargetFramework=net8.0]
C:\Users\lordo\Documents\GitHub\llmtornado\src\LlmTornado\Common\Event.cs(25,19): warning CS8618: Non-nullable property 'Message' must contain a non-null value when exiting constructor. Consider adding the 'required' modifier or declaring the property as nullable. [C:\Users\lordo\Documents\GitHub\llmtornado\src\LlmTornado\LlmTornado.csproj::TargetFramework=net8.0]
C:\Users\lordo\Documents\GitHub\llmtornado\src\LlmTornado\Common\DeletionStatus.cs(7,40): warning CS8618: Non-nullable property 'Id' must contain a non-null value when exiting constructor. Consider adding the 'required' modifier or declaring the property as nullable. [C:\Users\lordo\Documents\GitHub\llmtornado\src\LlmTornado\LlmTornado.csproj::TargetFramework=net8.0]
C:\Users\lordo\Documents\GitHub\llmtornado\src\LlmTornado\Common\DeletionStatus.cs(9,44): warning CS8618: Non-nullable property 'Object' must contain a non-null value when exiting constructor. Consider adding the 'required' modifier or declaring the property as nullable. [C:\Users\lordo\Documents\GitHub\llmtornado\src\LlmTornado\LlmTornado.csproj::TargetFramework=net8.0]
C:\Users\lordo\Documents\GitHub\llmtornado\src\LlmTornado\Common\BaseResponse.cs(11,23): warning CS8618: Non-nullable property 'Api' must contain a non-null value when exiting constructor. Consider adding the 'required' modifier or declaring the property as nullable. [C:\Users\lordo\Documents\GitHub\llmtornado\src\LlmTornado\LlmTornado.csproj::TargetFramework=net8.0]
C:\Users\lordo\Documents\GitHub\llmtornado\src\LlmTornado\Code\PartialModels.cs(2532,12): warning CS8618: Non-nullable property 'Text' must contain a non-null value when exiting constructor. Consider adding the 'required' modifier or declaring the property as nullable. [C:\Users\lordo\Documents\GitHub\llmtornado\src\LlmTornado\LlmTornado.csproj::TargetFramework=net8.0]
C:\Users\lordo\Documents\GitHub\llmtornado\src\LlmTornado\Responses\Events\ResponseEventOutputTextDelta.cs(35,19): warning CS8618: Non-nullable property 'ItemId' must contain a non-null value when exiting constructor. Consider adding the 'required' modifier or declaring the property as nullable. [C:\Users\lordo\Documents\GitHub\llmtornado\src\LlmTornado\LlmTornado.csproj::TargetFramework=net8.0]
C:\Users\lordo\Documents\GitHub\llmtornado\src\LlmTornado\Responses\Events\ResponseEventOutputTextDelta.cs(47,19): warning CS8618: Non-nullable property 'Delta' must contain a non-null value when exiting constructor. Consider adding the 'required' modifier or declaring the property as nullable. [C:\Users\lordo\Documents\GitHub\llmtornado\src\LlmTornado\LlmTornado.csproj::TargetFramework=net8.0]
C:\Users\lordo\Documents\GitHub\llmtornado\src\LlmTornado\Code\PartialModels.cs(2448,19): warning CS8618: Non-nullable property 'Source' must contain a non-null value when exiting constructor. Consider adding the 'required' modifier or declaring the property as nullable. [C:\Users\lordo\Documents\GitHub\llmtornado\src\LlmTornado\LlmTornado.csproj::TargetFramework=net8.0]
C:\Users\lordo\Documents\GitHub\llmtornado\src\LlmTornado\Code\PartialModels.cs(2454,19): warning CS8618: Non-nullable property 'Title' must contain a non-null value when exiting constructor. Consider adding the 'required' modifier or declaring the property as nullable. [C:\Users\lordo\Documents\GitHub\llmtornado\src\LlmTornado\LlmTornado.csproj::TargetFramework=net8.0]
C:\Users\lordo\Documents\GitHub\llmtornado\src\LlmTornado\Code\PartialModels.cs(2414,19): warning CS8618: Non-nullable property 'Type' must contain a non-null value when exiting constructor. Consider adding the 'required' modifier or declaring the property as nullable. [C:\Users\lordo\Documents\GitHub\llmtornado\src\LlmTornado\LlmTornado.csproj::TargetFramework=net8.0]
C:\Users\lordo\Documents\GitHub\llmtornado\src\LlmTornado\Chat\Models\OpenAi\ChatModelOpenAiGpt4.cs(255,47): warning CS0618: 'ChatModelOpenAiGpt4.ModelVisionPreview' is obsolete: 'Disabled by OpenAI' [C:\Users\lordo\Documents\GitHub\llmtornado\src\LlmTornado\LlmTornado.csproj::TargetFramework=net8.0]
C:\Users\lordo\Documents\GitHub\llmtornado\src\LlmTornado\Code\PartialModels.cs(2201,12): warning CS8618: Non-nullable field '_data' must contain a non-null value when exiting constructor. Consider adding the 'required' modifier or declaring the field as nullable. [C:\Users\lordo\Documents\GitHub\llmtornado\src\LlmTornado\LlmTornado.csproj::TargetFramework=net8.0]
C:\Users\lordo\Documents\GitHub\llmtornado\src\LlmTornado\Responses\ResponseInputMessage.cs(1399,25): error CS1061: 'ResponseInputMessage' does not contain a definition for 'Phase' and no accessible extension method 'Phase' accepting a first argument of type 'ResponseInputMessage' could be found (are you missing a using directive or an assembly reference?) [C:\Users\lordo\Documents\GitHub\llmtornado\src\LlmTornado\LlmTornado.csproj::TargetFramework=net8.0]
C:\Users\lordo\Documents\GitHub\llmtornado\src\LlmTornado\Responses\ResponseInputMessage.cs(1402,54): error CS1061: 'ResponseInputMessage' does not contain a definition for 'Phase' and no accessible extension method 'Phase' accepting a first argument of type 'ResponseInputMessage' could be found (are you missing a using directive or an assembly reference?) [C:\Users\lordo\Documents\GitHub\llmtornado\src\LlmTornado\LlmTornado.csproj::TargetFramework=net8.0]
C:\Users\lordo\Documents\GitHub\llmtornado\src\LlmTornado\Code\PartialModels.cs(2157,14): warning CS8618: Non-nullable property 'Body' must contain a non-null value when exiting constructor. Consider adding the 'required' modifier or declaring the property as nullable. [C:\Users\lordo\Documents\GitHub\llmtornado\src\LlmTornado\LlmTornado.csproj::TargetFramework=net8.0]
C:\Users\lordo\Documents\GitHub\llmtornado\src\LlmTornado\Chat\Vendors\Google\VendorGoogleChatRequest.cs(1115,18): warning CS0219: The variable 'roleSolved' is assigned but its value is never used [C:\Users\lordo\Documents\GitHub\llmtornado\src\LlmTornado\LlmTornado.csproj::TargetFramework=net8.0]
C:\Users\lordo\Documents\GitHub\llmtornado\src\LlmTornado\Chat\Vendors\Google\VendorGoogleChatRequest.cs(919,23): warning CS8618: Non-nullable property 'FileUri' must contain a non-null value when exiting constructor. Consider adding the 'required' modifier or declaring the property as nullable. [C:\Users\lordo\Documents\GitHub\llmtornado\src\LlmTornado\LlmTornado.csproj::TargetFramework=net8.0]
C:\Users\lordo\Documents\GitHub\llmtornado\src\LlmTornado\Responses\ResponseInputMessage.cs(1908,13): error CS9135: A constant value of type 'string' is expected [C:\Users\lordo\Documents\GitHub\llmtornado\src\LlmTornado\LlmTornado.csproj::TargetFramework=net8.0]
C:\Users\lordo\Documents\GitHub\llmtornado\src\LlmTornado\Responses\ResponseInputMessage.cs(1909,13): error CS9135: A constant value of type 'string' is expected [C:\Users\lordo\Documents\GitHub\llmtornado\src\LlmTornado\LlmTornado.csproj::TargetFramework=net8.0]
C:\Users\lordo\Documents\GitHub\llmtornado\src\LlmTornado\Chat\Vendors\Google\VendorGoogleChatRequest.cs(892,23): warning CS8618: Non-nullable property 'Code' must contain a non-null value when exiting constructor. Consider adding the 'required' modifier or declaring the property as nullable. [C:\Users\lordo\Documents\GitHub\llmtornado\src\LlmTornado\LlmTornado.csproj::TargetFramework=net8.0]
C:\Users\lordo\Documents\GitHub\llmtornado\src\LlmTornado\Chat\Models\Google\ChatModelGoogleGeminiPreview.cs(342,35): warning CS0618: 'ChatModelGoogleGeminiPreview.ModelGemini3ProPreview' is obsolete: 'Shut down March 9, 2026. Use ModelGemini31ProPreview instead.' [C:\Users\lordo\Documents\GitHub\llmtornado\src\LlmTornado\LlmTornado.csproj::TargetFramework=net8.0]
C:\Users\lordo\Documents\GitHub\llmtornado\src\LlmTornado\Chat\Models\Google\ChatModelGoogleGeminiPreview.cs(342,59): warning CS0618: 'ChatModelGoogleGeminiPreview.ModelGemini3ProImagePreview' is obsolete: 'Shut down June 25, 2026. Use ModelGemini3ProImage instead.' [C:\Users\lordo\Documents\GitHub\llmtornado\src\LlmTornado\LlmTornado.csproj::TargetFramework=net8.0]
C:\Users\lordo\Documents\GitHub\llmtornado\src\LlmTornado\Chat\Models\Google\ChatModelGoogleGeminiPreview.cs(342,88): warning CS0618: 'ChatModelGoogleGeminiPreview.ModelGemini31FlashImagePreview' is obsolete: 'Shut down June 25, 2026. Use ModelGemini31FlashImage instead.' [C:\Users\lordo\Documents\GitHub\llmtornado\src\LlmTornado\LlmTornado.csproj::TargetFramework=net8.0]
C:\Users\lordo\Documents\GitHub\llmtornado\src\LlmTornado\Chat\Models\Google\ChatModelGoogleGeminiPreview.cs(343,9): warning CS0618: 'ChatModelGoogleGeminiPreview.ModelGemini31FlashLitePreview' is obsolete: 'Shut down May 25, 2026. Use ModelGemini31FlashLite instead.' [C:\Users\lordo\Documents\GitHub\llmtornado\src\LlmTornado\LlmTornado.csproj::TargetFramework=net8.0]
C:\Users\lordo\Documents\GitHub\llmtornado\src\LlmTornado\Chat\Models\Google\ChatModelGoogleGeminiPreview.cs(347,44): warning CS0618: 'ChatModelGoogleGeminiPreview.ModelGemini25FlashImagePreview' is obsolete: 'Shut down January 15, 2026. Use ModelGemini3ProImage or ModelGemini31FlashImage instead.' [C:\Users\lordo\Documents\GitHub\llmtornado\src\LlmTornado\LlmTornado.csproj::TargetFramework=net8.0]
C:\Users\lordo\Documents\GitHub\llmtornado\src\LlmTornado\Chat\Models\Google\ChatModelGoogleGeminiPreview.cs(347,107): warning CS0618: 'ChatModelGoogleGeminiPreview.ModelGemini25FlashLitePreview0925' is obsolete: 'Shut down March 31, 2026. Use ModelGemini31FlashLite instead.' [C:\Users\lordo\Documents\GitHub\llmtornado\src\LlmTornado\LlmTornado.csproj::TargetFramework=net8.0]
C:\Users\lordo\Documents\GitHub\llmtornado\src\LlmTornado\Chat\Models\Google\ChatModelGoogleGeminiPreview.cs(348,41): warning CS0618: 'ChatModelGoogleGeminiPreview.ModelGeminiRoboticsRe15Preview' is obsolete: 'Shut down April 30, 2026. Use GeminiRoboticsRe16Preview instead.' [C:\Users\lordo\Documents\GitHub\llmtornado\src\LlmTornado\LlmTornado.csproj::TargetFramework=net8.0]
C:\Users\lordo\Documents\GitHub\llmtornado\src\LlmTornado\Chat\Models\Google\ChatModelGoogleGemini.cs(329,9): warning CS0618: 'ChatModelGoogleGemini.ModelGemini15ProLatest' is obsolete: 'Use ModelGemini25Pro instead.' [C:\Users\lordo\Documents\GitHub\llmtornado\src\LlmTornado\LlmTornado.csproj::TargetFramework=net8.0]
C:\Users\lordo\Documents\GitHub\llmtornado\src\LlmTornado\Chat\Models\Google\ChatModelGoogleGemini.cs(330,9): warning CS0618: 'ChatModelGoogleGemini.ModelGemini15Pro' is obsolete: 'Use ModelGemini25Pro instead.' [C:\Users\lordo\Documents\GitHub\llmtornado\src\LlmTornado\LlmTornado.csproj::TargetFramework=net8.0]
C:\Users\lordo\Documents\GitHub\llmtornado\src\LlmTornado\Chat\Models\Google\ChatModelGoogleGemini.cs(330,27): warning CS0618: 'ChatModelGoogleGemini.ModelGemini15Pro001' is obsolete: 'Use ModelGemini25Pro instead.' [C:\Users\lordo\Documents\GitHub\llmtornado\src\LlmTornado\LlmTornado.csproj::TargetFramework=net8.0]
C:\Users\lordo\Documents\GitHub\llmtornado\src\LlmTornado\Chat\Models\Google\ChatModelGoogleGemini.cs(330,48): warning CS0618: 'ChatModelGoogleGemini.ModelGemini15Pro002' is obsolete: 'Use ModelGemini25Pro instead.' [C:\Users\lordo\Documents\GitHub\llmtornado\src\LlmTornado\LlmTornado.csproj::TargetFramework=net8.0]
C:\Users\lordo\Documents\GitHub\llmtornado\src\LlmTornado\Chat\Models\Google\ChatModelGoogleGemini.cs(330,69): warning CS0618: 'ChatModelGoogleGemini.ModelGemini15Flash8B' is obsolete: 'Use ModelGeminiFlashLatest instead.' [C:\Users\lordo\Documents\GitHub\llmtornado\src\LlmTornado\LlmTornado.csproj::TargetFramework=net8.0]
C:\Users\lordo\Documents\GitHub\llmtornado\src\LlmTornado\Chat\Models\Google\ChatModelGoogleGemini.cs(330,91): warning CS0618: 'ChatModelGoogleGemini.ModelGemini15Flash8BLatest' is obsolete: 'Use ModelGeminiFlashLatest instead.' [C:\Users\lordo\Documents\GitHub\llmtornado\src\LlmTornado\LlmTornado.csproj::TargetFramework=net8.0]
C:\Users\lordo\Documents\GitHub\llmtornado\src\LlmTornado\Chat\Models\Google\ChatModelGoogleGemini.cs(330,119): warning CS0618: 'ChatModelGoogleGemini.ModelGemini2Flash001' is obsolete: 'Shut down June 1, 2026. Use ModelGemini25Flash or ModelGemini35Flash instead.' [C:\Users\lordo\Documents\GitHub\llmtornado\src\LlmTornado\LlmTornado.csproj::TargetFramework=net8.0]
C:\Users\lordo\Documents\GitHub\llmtornado\src\LlmTornado\Chat\Models\Google\ChatModelGoogleGemini.cs(331,9): warning CS0618: 'ChatModelGoogleGemini.ModelGemini2FlashLatest' is obsolete: 'Shut down June 1, 2026. Use ModelGemini25Flash or ModelGemini35Flash instead.' [C:\Users\lordo\Documents\GitHub\llmtornado\src\LlmTornado\LlmTornado.csproj::TargetFramework=net8.0]
C:\Users\lordo\Documents\GitHub\llmtornado\src\LlmTornado\Chat\Models\Google\ChatModelGoogleGemini.cs(331,34): warning CS0618: 'ChatModelGoogleGemini.ModelGemini2FlashLite001' is obsolete: 'Shut down June 1, 2026. Use ModelGemini25FlashLite or ModelGemini31FlashLite instead.' [C:\Users\lordo\Documents\GitHub\llmtornado\src\LlmTornado\LlmTornado.csproj::TargetFramework=net8.0]
C:\Users\lordo\Documents\GitHub\llmtornado\src\LlmTornado\Chat\Models\Google\ChatModelGoogleGemini.cs(331,60): warning CS0618: 'ChatModelGoogleGemini.ModelGemini2FlashLiteLatest' is obsolete: 'Shut down June 1, 2026. Use ModelGemini25FlashLite or ModelGemini31FlashLite instead.' [C:\Users\lordo\Documents\GitHub\llmtornado\src\LlmTornado\LlmTornado.csproj::TargetFramework=net8.0]
C:\Users\lordo\Documents\GitHub\llmtornado\src\LlmTornado\Chat\Vendors\Google\VendorGoogleChatRequest.cs(754,23): warning CS8618: Non-nullable property 'MimeType' must contain a non-null value when exiting constructor. Consider adding the 'required' modifier or declaring the property as nullable. [C:\Users\lordo\Documents\GitHub\llmtornado\src\LlmTornado\LlmTornado.csproj::TargetFramework=net8.0]
C:\Users\lordo\Documents\GitHub\llmtornado\src\LlmTornado\Chat\Vendors\Google\VendorGoogleChatRequest.cs(760,23): warning CS8618: Non-nullable property 'Data' must contain a non-null value when exiting constructor. Consider adding the 'required' modifier or declaring the property as nullable. [C:\Users\lordo\Documents\GitHub\llmtornado\src\LlmTornado\LlmTornado.csproj::TargetFramework=net8.0]
C:\Users\lordo\Documents\GitHub\llmtornado\src\LlmTornado\Chat\Models\Google\ChatModelGoogle.cs(82,9): warning CS0618: 'ChatModelGoogleGeminiPreview.ModelGemini31FlashLitePreview' is obsolete: 'Shut down May 25, 2026. Use ModelGemini31FlashLite instead.' [C:\Users\lordo\Documents\GitHub\llmtornado\src\LlmTornado\LlmTornado.csproj::TargetFramework=net8.0]
C:\Users\lordo\Documents\GitHub\llmtornado\src\LlmTornado\Chat\Models\Google\ChatModelGoogle.cs(83,9): warning CS0618: 'ChatModelGoogleGeminiPreview.ModelGemini3ProPreview' is obsolete: 'Shut down March 9, 2026. Use ModelGemini31ProPreview instead.' [C:\Users\lordo\Documents\GitHub\llmtornado\src\LlmTornado\LlmTornado.csproj::TargetFramework=net8.0]
C:\Users\lordo\Documents\GitHub\llmtornado\src\LlmTornado\Chat\Models\Google\ChatModelGoogle.cs(102,9): warning CS0618: 'ChatModelGoogleGeminiPreview.ModelGemini31FlashLitePreview' is obsolete: 'Shut down May 25, 2026. Use ModelGemini31FlashLite instead.' [C:\Users\lordo\Documents\GitHub\llmtornado\src\LlmTornado\LlmTornado.csproj::TargetFramework=net8.0]
C:\Users\lordo\Documents\GitHub\llmtornado\src\LlmTornado\Chat\Models\Google\ChatModelGoogle.cs(103,9): warning CS0618: 'ChatModelGoogleGeminiPreview.ModelGemini3ProPreview' is obsolete: 'Shut down March 9, 2026. Use ModelGemini31ProPreview instead.' [C:\Users\lordo\Documents\GitHub\llmtornado\src\LlmTornado\LlmTornado.csproj::TargetFramework=net8.0]
C:\Users\lordo\Documents\GitHub\llmtornado\src\LlmTornado\Chat\Models\Google\ChatModelGoogle.cs(105,9): warning CS0618: 'ChatModelGoogleGeminiPreview.ModelGemini3ProImagePreview' is obsolete: 'Shut down June 25, 2026. Use ModelGemini3ProImage instead.' [C:\Users\lordo\Documents\GitHub\llmtornado\src\LlmTornado\LlmTornado.csproj::TargetFramework=net8.0]
C:\Users\lordo\Documents\GitHub\llmtornado\src\LlmTornado\Chat\Models\Google\ChatModelGoogle.cs(110,9): warning CS0618: 'ChatModelGoogleGeminiPreview.ModelGemini31FlashImagePreview' is obsolete: 'Shut down June 25, 2026. Use ModelGemini31FlashImage instead.' [C:\Users\lordo\Documents\GitHub\llmtornado\src\LlmTornado\LlmTornado.csproj::TargetFramework=net8.0]
C:\Users\lordo\Documents\GitHub\llmtornado\src\LlmTornado\Chat\Models\Google\ChatModelGoogle.cs(117,9): warning CS0618: 'ChatModelGoogleGeminiPreview.ModelGemini3ProPreview' is obsolete: 'Shut down March 9, 2026. Use ModelGemini31ProPreview instead.' [C:\Users\lordo\Documents\GitHub\llmtornado\src\LlmTornado\LlmTornado.csproj::TargetFramework=net8.0]
C:\Users\lordo\Documents\GitHub\llmtornado\src\LlmTornado\Chat\Models\Google\ChatModelGoogle.cs(119,9): warning CS0618: 'ChatModelGoogleGeminiPreview.ModelGemini3ProImagePreview' is obsolete: 'Shut down June 25, 2026. Use ModelGemini3ProImage instead.' [C:\Users\lordo\Documents\GitHub\llmtornado\src\LlmTornado\LlmTornado.csproj::TargetFramework=net8.0]
C:\Users\lordo\Documents\GitHub\llmtornado\src\LlmTornado\Chat\Models\Google\ChatModelGoogle.cs(140,9): warning CS0618: 'ChatModelGoogleGeminiPreview.ModelGemini31FlashLitePreview' is obsolete: 'Shut down May 25, 2026. Use ModelGemini31FlashLite instead.' [C:\Users\lordo\Documents\GitHub\llmtornado\src\LlmTornado\LlmTornado.csproj::TargetFramework=net8.0]
C:\Users\lordo\Documents\GitHub\llmtornado\src\LlmTornado\Chat\Models\Google\ChatModelGoogle.cs(142,9): warning CS0618: 'ChatModelGoogleGeminiPreview.ModelGemini31FlashImagePreview' is obsolete: 'Shut down June 25, 2026. Use ModelGemini31FlashImage instead.' [C:\Users\lordo\Documents\GitHub\llmtornado\src\LlmTornado\LlmTornado.csproj::TargetFramework=net8.0]
C:\Users\lordo\Documents\GitHub\llmtornado\src\LlmTornado\Chat\Models\Google\ChatModelGoogle.cs(157,9): warning CS0618: 'ChatModelGoogleGeminiPreview.ModelGemini31FlashLitePreview' is obsolete: 'Shut down May 25, 2026. Use ModelGemini31FlashLite instead.' [C:\Users\lordo\Documents\GitHub\llmtornado\src\LlmTornado\LlmTornado.csproj::TargetFramework=net8.0]
C:\Users\lordo\Documents\GitHub\llmtornado\src\LlmTornado\Chat\Models\Google\ChatModelGoogle.cs(168,9): warning CS0618: 'ChatModelGoogleGeminiPreview.ModelGemini31FlashLitePreview' is obsolete: 'Shut down May 25, 2026. Use ModelGemini31FlashLite instead.' [C:\Users\lordo\Documents\GitHub\llmtornado\src\LlmTornado\LlmTornado.csproj::TargetFramework=net8.0]
C:\Users\lordo\Documents\GitHub\llmtornado\src\LlmTornado\Chat\Models\Google\ChatModelGoogle.cs(173,9): warning CS0618: 'ChatModelGoogleGemini.ModelGemini2Flash001' is obsolete: 'Shut down June 1, 2026. Use ModelGemini25Flash or ModelGemini35Flash instead.' [C:\Users\lordo\Documents\GitHub\llmtornado\src\LlmTornado\LlmTornado.csproj::TargetFramework=net8.0]
C:\Users\lordo\Documents\GitHub\llmtornado\src\LlmTornado\Chat\Models\Google\ChatModelGoogle.cs(174,9): warning CS0618: 'ChatModelGoogleGemini.ModelGemini2FlashLatest' is obsolete: 'Shut down June 1, 2026. Use ModelGemini25Flash or ModelGemini35Flash instead.' [C:\Users\lordo\Documents\GitHub\llmtornado\src\LlmTornado\LlmTornado.csproj::TargetFramework=net8.0]
C:\Users\lordo\Documents\GitHub\llmtornado\src\LlmTornado\Chat\Models\Google\ChatModelGoogle.cs(183,9): warning CS0618: 'ChatModelGoogleGemini.ModelGemini15Pro' is obsolete: 'Use ModelGemini25Pro instead.' [C:\Users\lordo\Documents\GitHub\llmtornado\src\LlmTornado\LlmTornado.csproj::TargetFramework=net8.0]
C:\Users\lordo\Documents\GitHub\llmtornado\src\LlmTornado\Chat\Models\Google\ChatModelGoogle.cs(184,9): warning CS0618: 'ChatModelGoogleGemini.ModelGemini15Flash8B' is obsolete: 'Use ModelGeminiFlashLatest instead.' [C:\Users\lordo\Documents\GitHub\llmtornado\src\LlmTornado\LlmTornado.csproj::TargetFramework=net8.0]
C:\Users\lordo\Documents\GitHub\llmtornado\src\LlmTornado\Chat\Models\Google\ChatModelGoogle.cs(206,586): warning CS0618: 'ChatModelGoogleGeminiPreview.ModelGemini31FlashLitePreview' is obsolete: 'Shut down May 25, 2026. Use ModelGemini31FlashLite instead.' [C:\Users\lordo\Documents\GitHub\llmtornado\src\LlmTornado\LlmTornado.csproj::TargetFramework=net8.0]
C:\Users\lordo\Documents\GitHub\llmtornado\src\LlmTornado\Chat\Models\Google\ChatModelGoogle.cs(217,9): warning CS0618: 'ChatModelGoogleGeminiPreview.ModelGemini25FlashImagePreview' is obsolete: 'Shut down January 15, 2026. Use ModelGemini3ProImage or ModelGemini31FlashImage instead.' [C:\Users\lordo\Documents\GitHub\llmtornado\src\LlmTornado\LlmTornado.csproj::TargetFramework=net8.0]
C:\Users\lordo\Documents\GitHub\llmtornado\src\LlmTornado\Chat\Models\Google\ChatModelGoogle.cs(219,9): warning CS0618: 'ChatModelGoogleGeminiPreview.ModelGemini3ProImagePreview' is obsolete: 'Shut down June 25, 2026. Use ModelGemini3ProImage instead.' [C:\Users\lordo\Documents\GitHub\llmtornado\src\LlmTornado\LlmTornado.csproj::TargetFramework=net8.0]
C:\Users\lordo\Documents\GitHub\llmtornado\src\LlmTornado\Chat\Models\Google\ChatModelGoogle.cs(221,9): warning CS0618: 'ChatModelGoogleGeminiPreview.ModelGemini31FlashImagePreview' is obsolete: 'Shut down June 25, 2026. Use ModelGemini31FlashImage instead.' [C:\Users\lordo\Documents\GitHub\llmtornado\src\LlmTornado\LlmTornado.csproj::TargetFramework=net8.0]
C:\Users\lordo\Documents\GitHub\llmtornado\src\LlmTornado\Chat\Vendors\Google\VendorGoogleChatRequest.cs(742,23): warning CS8618: Non-nullable property 'FileUri' must contain a non-null value when exiting constructor. Consider adding the 'required' modifier or declaring the property as nullable. [C:\Users\lordo\Documents\GitHub\llmtornado\src\LlmTornado\LlmTornado.csproj::TargetFramework=net8.0]
C:\Users\lordo\Documents\GitHub\llmtornado\src\LlmTornado\Chat\Vendors\Google\VendorGoogleChatRequest.cs(686,23): warning CS8618: Non-nullable property 'Name' must contain a non-null value when exiting constructor. Consider adding the 'required' modifier or declaring the property as nullable. [C:\Users\lordo\Documents\GitHub\llmtornado\src\LlmTornado\LlmTornado.csproj::TargetFramework=net8.0]
C:\Users\lordo\Documents\GitHub\llmtornado\src\LlmTornado\Chat\Models\ChatModel.cs(491,45): warning CS8618: Non-nullable property 'ModelsByName' must contain a non-null value when exiting constructor. Consider adding the 'required' modifier or declaring the property as nullable. [C:\Users\lordo\Documents\GitHub\llmtornado\src\LlmTornado\LlmTornado.csproj::TargetFramework=net8.0]
C:\Users\lordo\Documents\GitHub\llmtornado\src\LlmTornado\Code\PartialModels.cs(1607,12): warning CS8618: Non-nullable property 'Url' must contain a non-null value when exiting constructor. Consider adding the 'required' modifier or declaring the property as nullable. [C:\Users\lordo\Documents\GitHub\llmtornado\src\LlmTornado\LlmTornado.csproj::TargetFramework=net8.0]
C:\Users\lordo\Documents\GitHub\llmtornado\src\LlmTornado\Code\PartialModels.cs(1479,31): warning CS8618: Non-nullable property 'FunctionCalls' must contain a non-null value when exiting constructor. Consider adding the 'required' modifier or declaring the property as nullable. [C:\Users\lordo\Documents\GitHub\llmtornado\src\LlmTornado\LlmTornado.csproj::TargetFramework=net8.0]
C:\Users\lordo\Documents\GitHub\llmtornado\src\LlmTornado\Code\PartialModels.cs(1480,33): warning CS8618: Non-nullable property 'CustomToolCalls' must contain a non-null value when exiting constructor. Consider adding the 'required' modifier or declaring the property as nullable. [C:\Users\lordo\Documents\GitHub\llmtornado\src\LlmTornado\LlmTornado.csproj::TargetFramework=net8.0]
C:\Users\lordo\Documents\GitHub\llmtornado\src\LlmTornado\Code\PartialModels.cs(1029,19): warning CS8618: Non-nullable property 'Id' must contain a non-null value when exiting constructor. Consider adding the 'required' modifier or declaring the property as nullable. [C:\Users\lordo\Documents\GitHub\llmtornado\src\LlmTornado\LlmTornado.csproj::TargetFramework=net8.0]
C:\Users\lordo\Documents\GitHub\llmtornado\src\LlmTornado\Code\PartialModels.cs(1052,19): warning CS8618: Non-nullable property 'Transcript' must contain a non-null value when exiting constructor. Consider adding the 'required' modifier or declaring the property as nullable. [C:\Users\lordo\Documents\GitHub\llmtornado\src\LlmTornado\LlmTornado.csproj::TargetFramework=net8.0]
C:\Users\lordo\Documents\GitHub\llmtornado\src\LlmTornado\Code\PartialModels.cs(995,21): warning CS8618: Non-nullable property 'ToolCall' must contain a non-null value when exiting constructor. Consider adding the 'required' modifier or declaring the property as nullable. [C:\Users\lordo\Documents\GitHub\llmtornado\src\LlmTornado\LlmTornado.csproj::TargetFramework=net8.0]
C:\Users\lordo\Documents\GitHub\llmtornado\src\LlmTornado\Code\PartialModels.cs(996,26): warning CS8618: Non-nullable property 'ArgumentsBuilder' must contain a non-null value when exiting constructor. Consider adding the 'required' modifier or declaring the property as nullable. [C:\Users\lordo\Documents\GitHub\llmtornado\src\LlmTornado\LlmTornado.csproj::TargetFramework=net8.0]
C:\Users\lordo\Documents\GitHub\llmtornado\src\LlmTornado\Chat\Vendors\Google\VendorGoogleChatRequest.cs(644,23): warning CS8618: Non-nullable property 'Name' must contain a non-null value when exiting constructor. Consider adding the 'required' modifier or declaring the property as nullable. [C:\Users\lordo\Documents\GitHub\llmtornado\src\LlmTornado\LlmTornado.csproj::TargetFramework=net8.0]
C:\Users\lordo\Documents\GitHub\llmtornado\src\LlmTornado\Chat\Vendors\Google\VendorGoogleChatRequest.cs(629,23): warning CS8618: Non-nullable property 'MimeType' must contain a non-null value when exiting constructor. Consider adding the 'required' modifier or declaring the property as nullable. [C:\Users\lordo\Documents\GitHub\llmtornado\src\LlmTornado\LlmTornado.csproj::TargetFramework=net8.0]
C:\Users\lordo\Documents\GitHub\llmtornado\src\LlmTornado\Chat\Vendors\Google\VendorGoogleChatRequest.cs(635,23): warning CS8618: Non-nullable property 'Data' must contain a non-null value when exiting constructor. Consider adding the 'required' modifier or declaring the property as nullable. [C:\Users\lordo\Documents\GitHub\llmtornado\src\LlmTornado\LlmTornado.csproj::TargetFramework=net8.0]
C:\Users\lordo\Documents\GitHub\llmtornado\src\LlmTornado\Chat\Models\Anthropic\ChatModelAnthropicClaude3.cs(50,106): warning CS0618: 'ChatModelAnthropicClaude3.ModelSonnet' is obsolete: 'deprecated' [C:\Users\lordo\Documents\GitHub\llmtornado\src\LlmTornado\LlmTornado.csproj::TargetFramework=net8.0]
C:\Users\lordo\Documents\GitHub\llmtornado\src\LlmTornado\Chat\Vendors\Alibaba\VendorAlibabaChatRequest.cs(18,50): warning CS8604: Possible null reference argument for parameter 'o' in 'JObject JObject.FromObject(object o, JsonSerializer jsonSerializer)'. [C:\Users\lordo\Documents\GitHub\llmtornado\src\LlmTornado\LlmTornado.csproj::TargetFramework=net8.0]
C:\Users\lordo\Documents\GitHub\llmtornado\src\LlmTornado\Vendor\Anthropic\VendorAnthropicChatResultContainer.cs(22,19): warning CS8618: Non-nullable property 'Type' must contain a non-null value when exiting constructor. Consider adding the 'required' modifier or declaring the property as nullable. [C:\Users\lordo\Documents\GitHub\llmtornado\src\LlmTornado\LlmTornado.csproj::TargetFramework=net8.0]
C:\Users\lordo\Documents\GitHub\llmtornado\src\LlmTornado\Vendor\Anthropic\VendorAnthropicChatResultContainer.cs(25,19): warning CS8618: Non-nullable property 'SkillId' must contain a non-null value when exiting constructor. Consider adding the 'required' modifier or declaring the property as nullable. [C:\Users\lordo\Documents\GitHub\llmtornado\src\LlmTornado\LlmTornado.csproj::TargetFramework=net8.0]
C:\Users\lordo\Documents\GitHub\llmtornado\src\LlmTornado\Vendor\Anthropic\VendorAnthropicChatResultContainer.cs(28,19): warning CS8618: Non-nullable property 'Version' must contain a non-null value when exiting constructor. Consider adding the 'required' modifier or declaring the property as nullable. [C:\Users\lordo\Documents\GitHub\llmtornado\src\LlmTornado\LlmTornado.csproj::TargetFramework=net8.0]
C:\Users\lordo\Documents\GitHub\llmtornado\src\LlmTornado\Chat\Vendors\Google\VendorGoogleChatRequest.cs(364,32): warning CS8601: Possible null reference assignment. [C:\Users\lordo\Documents\GitHub\llmtornado\src\LlmTornado\LlmTornado.csproj::TargetFramework=net8.0]
C:\Users\lordo\Documents\GitHub\llmtornado\src\LlmTornado\Vendor\Anthropic\VendorAnthropicChatResultContainer.cs(10,19): warning CS8618: Non-nullable property 'Id' must contain a non-null value when exiting constructor. Consider adding the 'required' modifier or declaring the property as nullable. [C:\Users\lordo\Documents\GitHub\llmtornado\src\LlmTornado\LlmTornado.csproj::TargetFramework=net8.0]
C:\Users\lordo\Documents\GitHub\llmtornado\src\LlmTornado\Vendor\Anthropic\VendorAnthropicChatResultContainer.cs(16,54): warning CS8618: Non-nullable property 'Skills' must contain a non-null value when exiting constructor. Consider adding the 'required' modifier or declaring the property as nullable. [C:\Users\lordo\Documents\GitHub\llmtornado\src\LlmTornado\LlmTornado.csproj::TargetFramework=net8.0]
C:\Users\lordo\Documents\GitHub\llmtornado\src\LlmTornado\Chat\Vendors\Google\VendorGoogleChatResult.cs(680,19): warning CS8618: Non-nullable property 'Source' must contain a non-null value when exiting constructor. Consider adding the 'required' modifier or declaring the property as nullable. [C:\Users\lordo\Documents\GitHub\llmtornado\src\LlmTornado\LlmTornado.csproj::TargetFramework=net8.0]
C:\Users\lordo\Documents\GitHub\llmtornado\src\LlmTornado\Chat\Vendors\Google\VendorGoogleChatResult.cs(686,19): warning CS8618: Non-nullable property 'Chunk' must contain a non-null value when exiting constructor. Consider adding the 'required' modifier or declaring the property as nullable. [C:\Users\lordo\Documents\GitHub\llmtornado\src\LlmTornado\LlmTornado.csproj::TargetFramework=net8.0]
C:\Users\lordo\Documents\GitHub\llmtornado\src\LlmTornado\Chat\Vendors\Google\VendorGoogleChatResult.cs(662,19): warning CS8618: Non-nullable property 'PassageId' must contain a non-null value when exiting constructor. Consider adding the 'required' modifier or declaring the property as nullable. [C:\Users\lordo\Documents\GitHub\llmtornado\src\LlmTornado\LlmTornado.csproj::TargetFramework=net8.0]
C:\Users\lordo\Documents\GitHub\llmtornado\src\LlmTornado\Chat\Vendors\Google\VendorGoogleChatResult.cs(644,53): warning CS8618: Non-nullable property 'GroundingPassage' must contain a non-null value when exiting constructor. Consider adding the 'required' modifier or declaring the property as nullable. [C:\Users\lordo\Documents\GitHub\llmtornado\src\LlmTornado\LlmTornado.csproj::TargetFramework=net8.0]
C:\Users\lordo\Documents\GitHub\llmtornado\src\LlmTornado\Chat\Vendors\Google\VendorGoogleChatResult.cs(650,57): warning CS8618: Non-nullable property 'SemanticRetrieverChunk' must contain a non-null value when exiting constructor. Consider adding the 'required' modifier or declaring the property as nullable. [C:\Users\lordo\Documents\GitHub\llmtornado\src\LlmTornado\LlmTornado.csproj::TargetFramework=net8.0]
C:\Users\lordo\Documents\GitHub\llmtornado\src\LlmTornado\Chat\Vendors\Google\VendorGoogleChatResult.cs(626,54): warning CS8618: Non-nullable property 'SourceId' must contain a non-null value when exiting constructor. Consider adding the 'required' modifier or declaring the property as nullable. [C:\Users\lordo\Documents\GitHub\llmtornado\src\LlmTornado\LlmTornado.csproj::TargetFramework=net8.0]
C:\Users\lordo\Documents\GitHub\llmtornado\src\LlmTornado\Chat\Vendors\Google\VendorGoogleChatResult.cs(632,67): warning CS8618: Non-nullable property 'Content' must contain a non-null value when exiting constructor. Consider adding the 'required' modifier or declaring the property as nullable. [C:\Users\lordo\Documents\GitHub\llmtornado\src\LlmTornado\LlmTornado.csproj::TargetFramework=net8.0]
C:\Users\lordo\Documents\GitHub\llmtornado\src\LlmTornado\Chat\Vendors\Google\VendorGoogleChatResult.cs(594,19): warning CS8618: Non-nullable property 'RenderedContent' must contain a non-null value when exiting constructor. Consider adding the 'required' modifier or declaring the property as nullable. [C:\Users\lordo\Documents\GitHub\llmtornado\src\LlmTornado\LlmTornado.csproj::TargetFramework=net8.0]
C:\Users\lordo\Documents\GitHub\llmtornado\src\LlmTornado\Chat\Vendors\Google\VendorGoogleChatResult.cs(601,19): warning CS8618: Non-nullable property 'SdkBlob' must contain a non-null value when exiting constructor. Consider adding the 'required' modifier or declaring the property as nullable. [C:\Users\lordo\Documents\GitHub\llmtornado\src\LlmTornado\LlmTornado.csproj::TargetFramework=net8.0]
C:\Users\lordo\Documents\GitHub\llmtornado\src\LlmTornado\Chat\Vendors\Google\VendorGoogleChatResult.cs(582,19): warning CS8618: Non-nullable property 'Text' must contain a non-null value when exiting constructor. Consider adding the 'required' modifier or declaring the property as nullable. [C:\Users\lordo\Documents\GitHub\llmtornado\src\LlmTornado\LlmTornado.csproj::TargetFramework=net8.0]
C:\Users\lordo\Documents\GitHub\llmtornado\src\LlmTornado\Chat\Vendors\Google\VendorGoogleChatResult.cs(552,42): warning CS8618: Non-nullable property 'Segment' must contain a non-null value when exiting constructor. Consider adding the 'required' modifier or declaring the property as nullable. [C:\Users\lordo\Documents\GitHub\llmtornado\src\LlmTornado\LlmTornado.csproj::TargetFramework=net8.0]
C:\Users\lordo\Documents\GitHub\llmtornado\src\LlmTornado\Code\PartialModels.cs(296,19): warning CS8618: Non-nullable property 'Content' must contain a non-null value when exiting constructor. Consider adding the 'required' modifier or declaring the property as nullable. [C:\Users\lordo\Documents\GitHub\llmtornado\src\LlmTornado\LlmTornado.csproj::TargetFramework=net8.0]
C:\Users\lordo\Documents\GitHub\llmtornado\src\LlmTornado\Code\PartialModels.cs(301,19): warning CS8618: Non-nullable property 'Signature' must contain a non-null value when exiting constructor. Consider adding the 'required' modifier or declaring the property as nullable. [C:\Users\lordo\Documents\GitHub\llmtornado\src\LlmTornado\LlmTornado.csproj::TargetFramework=net8.0]
C:\Users\lordo\Documents\GitHub\llmtornado\src\LlmTornado\Code\PartialModels.cs(84,22): warning CS8618: Non-nullable property 'Exception' must contain a non-null value when exiting constructor. Consider adding the 'required' modifier or declaring the property as nullable. [C:\Users\lordo\Documents\GitHub\llmtornado\src\LlmTornado\LlmTornado.csproj::TargetFramework=net8.0]
C:\Users\lordo\Documents\GitHub\llmtornado\src\LlmTornado\Code\PartialModels.cs(99,32): warning CS8618: Non-nullable property 'RawMessage' must contain a non-null value when exiting constructor. Consider adding the 'required' modifier or declaring the property as nullable. [C:\Users\lordo\Documents\GitHub\llmtornado\src\LlmTornado\LlmTornado.csproj::TargetFramework=net8.0]
C:\Users\lordo\Documents\GitHub\llmtornado\src\LlmTornado\Code\PartialModels.cs(104,34): warning CS8618: Non-nullable property 'Body' must contain a non-null value when exiting constructor. Consider adding the 'required' modifier or declaring the property as nullable. [C:\Users\lordo\Documents\GitHub\llmtornado\src\LlmTornado\LlmTornado.csproj::TargetFramework=net8.0]
C:\Users\lordo\Documents\GitHub\llmtornado\src\LlmTornado\Code\PartialModels.cs(63,19): warning CS8618: Non-nullable property 'Stream' must contain a non-null value when exiting constructor. Consider adding the 'required' modifier or declaring the property as nullable. [C:\Users\lordo\Documents\GitHub\llmtornado\src\LlmTornado\LlmTornado.csproj::TargetFramework=net8.0]
C:\Users\lordo\Documents\GitHub\llmtornado\src\LlmTornado\Code\PartialModels.cs(68,26): warning CS8618: Non-nullable property 'Headers' must contain a non-null value when exiting constructor. Consider adding the 'required' modifier or declaring the property as nullable. [C:\Users\lordo\Documents\GitHub\llmtornado\src\LlmTornado\LlmTornado.csproj::TargetFramework=net8.0]
C:\Users\lordo\Documents\GitHub\llmtornado\src\LlmTornado\Code\PartialModels.cs(73,32): warning CS8618: Non-nullable property 'Response' must contain a non-null value when exiting constructor. Consider adding the 'required' modifier or declaring the property as nullable. [C:\Users\lordo\Documents\GitHub\llmtornado\src\LlmTornado\LlmTornado.csproj::TargetFramework=net8.0]
C:\Users\lordo\Documents\GitHub\llmtornado\src\LlmTornado\Chat\Vendors\Google\VendorGoogleChatResult.cs(516,19): warning CS8618: Non-nullable property 'ReviewId' must contain a non-null value when exiting constructor. Consider adding the 'required' modifier or declaring the property as nullable. [C:\Users\lordo\Documents\GitHub\llmtornado\src\LlmTornado\LlmTornado.csproj::TargetFramework=net8.0]
C:\Users\lordo\Documents\GitHub\llmtornado\src\LlmTornado\Chat\Vendors\Google\VendorGoogleChatResult.cs(522,19): warning CS8618: Non-nullable property 'GoogleMapsUri' must contain a non-null value when exiting constructor. Consider adding the 'required' modifier or declaring the property as nullable. [C:\Users\lordo\Documents\GitHub\llmtornado\src\LlmTornado\LlmTornado.csproj::TargetFramework=net8.0]
C:\Users\lordo\Documents\GitHub\llmtornado\src\LlmTornado\Chat\Vendors\Google\VendorGoogleChatResult.cs(528,19): warning CS8618: Non-nullable property 'Title' must contain a non-null value when exiting constructor. Consider adding the 'required' modifier or declaring the property as nullable. [C:\Users\lordo\Documents\GitHub\llmtornado\src\LlmTornado\LlmTornado.csproj::TargetFramework=net8.0]
C:\Users\lordo\Documents\GitHub\llmtornado\src\LlmTornado\Chat\Vendors\Google\VendorGoogleChatResult.cs(468,19): warning CS8618: Non-nullable property 'Uri' must contain a non-null value when exiting constructor. Consider adding the 'required' modifier or declaring the property as nullable. [C:\Users\lordo\Documents\GitHub\llmtornado\src\LlmTornado\LlmTornado.csproj::TargetFramework=net8.0]
C:\Users\lordo\Documents\GitHub\llmtornado\src\LlmTornado\Chat\Vendors\Google\VendorGoogleChatResult.cs(474,19): warning CS8618: Non-nullable property 'Title' must contain a non-null value when exiting constructor. Consider adding the 'required' modifier or declaring the property as nullable. [C:\Users\lordo\Documents\GitHub\llmtornado\src\LlmTornado\LlmTornado.csproj::TargetFramework=net8.0]
C:\Users\lordo\Documents\GitHub\llmtornado\src\LlmTornado\Chat\Vendors\Google\VendorGoogleChatResult.cs(480,19): warning CS8618: Non-nullable property 'Text' must contain a non-null value when exiting constructor. Consider adding the 'required' modifier or declaring the property as nullable. [C:\Users\lordo\Documents\GitHub\llmtornado\src\LlmTornado\LlmTornado.csproj::TargetFramework=net8.0]
C:\Users\lordo\Documents\GitHub\llmtornado\src\LlmTornado\Chat\Vendors\Google\VendorGoogleChatResult.cs(486,19): warning CS8618: Non-nullable property 'PlaceId' must contain a non-null value when exiting constructor. Consider adding the 'required' modifier or declaring the property as nullable. [C:\Users\lordo\Documents\GitHub\llmtornado\src\LlmTornado\LlmTornado.csproj::TargetFramework=net8.0]
C:\Users\lordo\Documents\GitHub\llmtornado\src\LlmTornado\Chat\Vendors\Google\VendorGoogleChatResult.cs(450,19): warning CS8618: Non-nullable property 'Uri' must contain a non-null value when exiting constructor. Consider adding the 'required' modifier or declaring the property as nullable. [C:\Users\lordo\Documents\GitHub\llmtornado\src\LlmTornado\LlmTornado.csproj::TargetFramework=net8.0]
C:\Users\lordo\Documents\GitHub\llmtornado\src\LlmTornado\Chat\Vendors\Google\VendorGoogleChatResult.cs(456,19): warning CS8618: Non-nullable property 'Title' must contain a non-null value when exiting constructor. Consider adding the 'required' modifier or declaring the property as nullable. [C:\Users\lordo\Documents\GitHub\llmtornado\src\LlmTornado\LlmTornado.csproj::TargetFramework=net8.0]
C:\Users\lordo\Documents\GitHub\llmtornado\src\LlmTornado\Chat\Vendors\Google\VendorGoogleChatRequest.cs(190,19): warning CS8618: Non-nullable property 'Speaker' must contain a non-null value when exiting constructor. Consider adding the 'required' modifier or declaring the property as nullable. [C:\Users\lordo\Documents\GitHub\llmtornado\src\LlmTornado\LlmTornado.csproj::TargetFramework=net8.0]
C:\Users\lordo\Documents\GitHub\llmtornado\src\LlmTornado\Chat\Vendors\Google\VendorGoogleChatResult.cs(345,52): warning CS8618: Non-nullable property 'RetrievalMetadata' must contain a non-null value when exiting constructor. Consider adding the 'required' modifier or declaring the property as nullable. [C:\Users\lordo\Documents\GitHub\llmtornado\src\LlmTornado\LlmTornado.csproj::TargetFramework=net8.0]
C:\Users\lordo\Documents\GitHub\llmtornado\src\LlmTornado\Chat\Vendors\Google\VendorGoogleChatResult.cs(297,19): warning CS8618: Non-nullable property 'Token' must contain a non-null value when exiting constructor. Consider adding the 'required' modifier or declaring the property as nullable. [C:\Users\lordo\Documents\GitHub\llmtornado\src\LlmTornado\LlmTornado.csproj::TargetFramework=net8.0]
C:\Users\lordo\Documents\GitHub\llmtornado\src\LlmTornado\Code\Models\ModelBase.cs(114,19): warning CS8618: Non-nullable property 'Name' must contain a non-null value when exiting constructor. Consider adding the 'required' modifier or declaring the property as nullable. [C:\Users\lordo\Documents\GitHub\llmtornado\src\LlmTornado\LlmTornado.csproj::TargetFramework=net8.0]
C:\Users\lordo\Documents\GitHub\llmtornado\src\LlmTornado\Code\Models\ModelBase.cs(173,19): warning CS8618: Non-nullable property 'Object' must contain a non-null value when exiting constructor. Consider adding the 'required' modifier or declaring the property as nullable. [C:\Users\lordo\Documents\GitHub\llmtornado\src\LlmTornado\LlmTornado.csproj::TargetFramework=net8.0]
C:\Users\lordo\Documents\GitHub\llmtornado\src\LlmTornado\Chat\Vendors\Google\VendorGoogleChatResult.cs(212,19): warning CS8618: Non-nullable property 'RetrievedUrl' must contain a non-null value when exiting constructor. Consider adding the 'required' modifier or declaring the property as nullable. [C:\Users\lordo\Documents\GitHub\llmtornado\src\LlmTornado\LlmTornado.csproj::TargetFramework=net8.0]
C:\Users\lordo\Documents\GitHub\llmtornado\src\LlmTornado\Code\Extensions.cs(99,20): warning CS8714: The type 'TKey' cannot be used as type parameter 'TKey' in the generic type or method 'Dictionary<TKey, TValue>'. Nullability of type argument 'TKey' doesn't match 'notnull' constraint. [C:\Users\lordo\Documents\GitHub\llmtornado\src\LlmTornado\LlmTornado.csproj::TargetFramework=net8.0]
C:\Users\lordo\Documents\GitHub\llmtornado\src\LlmTornado\Code\Extensions.cs(99,58): warning CS8714: The type 'TKey' cannot be used as type parameter 'TKey' in the generic type or method 'Dictionary<TKey, TValue>'. Nullability of type argument 'TKey' doesn't match 'notnull' constraint. [C:\Users\lordo\Documents\GitHub\llmtornado\src\LlmTornado\LlmTornado.csproj::TargetFramework=net8.0]
C:\Users\lordo\Documents\GitHub\llmtornado\src\LlmTornado\Code\Extensions.cs(112,33): warning CS8714: The type 'TKey' cannot be used as type parameter 'TKey' in the generic type or method 'Dictionary<TKey, TValue>'. Nullability of type argument 'TKey' doesn't match 'notnull' constraint. [C:\Users\lordo\Documents\GitHub\llmtornado\src\LlmTornado\LlmTornado.csproj::TargetFramework=net8.0]
C:\Users\lordo\Documents\GitHub\llmtornado\src\LlmTornado\Code\Extensions.cs(118,33): warning CS8714: The type 'TKey' cannot be used as type parameter 'TKey' in the generic type or method 'Dictionary<TKey, TValue>'. Nullability of type argument 'TKey' doesn't match 'notnull' constraint. [C:\Users\lordo\Documents\GitHub\llmtornado\src\LlmTornado\LlmTornado.csproj::TargetFramework=net8.0]
C:\Users\lordo\Documents\GitHub\llmtornado\src\LlmTornado\Code\Extensions.cs(108,28): warning CS8600: Converting null literal or possible null value to non-nullable type. [C:\Users\lordo\Documents\GitHub\llmtornado\src\LlmTornado\LlmTornado.csproj::TargetFramework=net8.0]
C:\Users\lordo\Documents\GitHub\llmtornado\src\LlmTornado\Chat\Vendors\Anthropic\VendorAnthropicChatResult.cs(523,72): error CS0117: 'ChatMessagePartAnthropicExtensions' does not contain a definition for 'AdvisorToolResult' [C:\Users\lordo\Documents\GitHub\llmtornado\src\LlmTornado\LlmTornado.csproj::TargetFramework=net8.0]
C:\Users\lordo\Documents\GitHub\llmtornado\src\LlmTornado\Chat\Vendors\Anthropic\VendorAnthropicChatResult.cs(331,35): warning CS8604: Possible null reference argument for parameter 'usage' in 'ChatUsage.ChatUsage(VendorAnthropicUsage usage)'. [C:\Users\lordo\Documents\GitHub\llmtornado\src\LlmTornado\LlmTornado.csproj::TargetFramework=net8.0]
C:\Users\lordo\Documents\GitHub\llmtornado\src\LlmTornado\Chat\Vendors\Google\VendorGoogleChatResult.cs(94,30): warning CS8618: Non-nullable property 'Meta' must contain a non-null value when exiting constructor. Consider adding the 'required' modifier or declaring the property as nullable. [C:\Users\lordo\Documents\GitHub\llmtornado\src\LlmTornado\LlmTornado.csproj::TargetFramework=net8.0]
C:\Users\lordo\Documents\GitHub\llmtornado\src\LlmTornado\Chat\Vendors\Google\VendorGoogleChatResult.cs(26,71): warning CS8618: Non-nullable property 'Content' must contain a non-null value when exiting constructor. Consider adding the 'required' modifier or declaring the property as nullable. [C:\Users\lordo\Documents\GitHub\llmtornado\src\LlmTornado\LlmTornado.csproj::TargetFramework=net8.0]
C:\Users\lordo\Documents\GitHub\llmtornado\src\LlmTornado\Chat\Vendors\Cohere\VendorCohereCitationBlock.cs(11,19): warning CS8618: Non-nullable property 'Text' must contain a non-null value when exiting constructor. Consider adding the 'required' modifier or declaring the property as nullable. [C:\Users\lordo\Documents\GitHub\llmtornado\src\LlmTornado\LlmTornado.csproj::TargetFramework=net8.0]
C:\Users\lordo\Documents\GitHub\llmtornado\src\LlmTornado\Chat\Vendors\Cohere\VendorCohereChatTool.cs(50,19): warning CS8618: Non-nullable property 'Name' must contain a non-null value when exiting constructor. Consider adding the 'required' modifier or declaring the property as nullable. [C:\Users\lordo\Documents\GitHub\llmtornado\src\LlmTornado\LlmTornado.csproj::TargetFramework=net8.0]
C:\Users\lordo\Documents\GitHub\llmtornado\src\LlmTornado\Chat\Vendors\Cohere\VendorCohereChatTool.cs(29,19): warning CS8618: Non-nullable property 'Description' must contain a non-null value when exiting constructor. Consider adding the 'required' modifier or declaring the property as nullable. [C:\Users\lordo\Documents\GitHub\llmtornado\src\LlmTornado\LlmTornado.csproj::TargetFramework=net8.0]
C:\Users\lordo\Documents\GitHub\llmtornado\src\LlmTornado\Chat\Vendors\Cohere\VendorCohereChatTool.cs(32,19): warning CS8618: Non-nullable property 'Type' must contain a non-null value when exiting constructor. Consider adding the 'required' modifier or declaring the property as nullable. [C:\Users\lordo\Documents\GitHub\llmtornado\src\LlmTornado\LlmTornado.csproj::TargetFramework=net8.0]
C:\Users\lordo\Documents\GitHub\llmtornado\src\LlmTornado\ManagedAgents\Anthropic\AnthropicManagedAgentSessionsEndpoint.cs(130,70): warning CS8604: Possible null reference argument for parameter 'reader' in 'IAsyncEnumerable<ServerSentEvent> IEndpointProvider.InboundStream(StreamReader reader)'. [C:\Users\lordo\Documents\GitHub\llmtornado\src\LlmTornado\LlmTornado.csproj::TargetFramework=netstandard2.0]
C:\Users\lordo\Documents\GitHub\llmtornado\src\LlmTornado\Chat\Vendors\Anthropic\VendorAnthropicChatResult.cs(270,19): warning CS8618: Non-nullable property 'Id' must contain a non-null value when exiting constructor. Consider adding the 'required' modifier or declaring the property as nullable. [C:\Users\lordo\Documents\GitHub\llmtornado\src\LlmTornado\LlmTornado.csproj::TargetFramework=net8.0]
C:\Users\lordo\Documents\GitHub\llmtornado\src\LlmTornado\Chat\Vendors\Anthropic\VendorAnthropicChatResult.cs(273,19): warning CS8618: Non-nullable property 'Type' must contain a non-null value when exiting constructor. Consider adding the 'required' modifier or declaring the property as nullable. [C:\Users\lordo\Documents\GitHub\llmtornado\src\LlmTornado\LlmTornado.csproj::TargetFramework=net8.0]
C:\Users\lordo\Documents\GitHub\llmtornado\src\LlmTornado\Chat\Vendors\Anthropic\VendorAnthropicChatResult.cs(276,19): warning CS8618: Non-nullable property 'Role' must contain a non-null value when exiting constructor. Consider adding the 'required' modifier or declaring the property as nullable. [C:\Users\lordo\Documents\GitHub\llmtornado\src\LlmTornado\LlmTornado.csproj::TargetFramework=net8.0]
C:\Users\lordo\Documents\GitHub\llmtornado\src\LlmTornado\Chat\Vendors\Anthropic\VendorAnthropicChatResult.cs(283,19): warning CS8618: Non-nullable property 'Model' must contain a non-null value when exiting constructor. Consider adding the 'required' modifier or declaring the property as nullable. [C:\Users\lordo\Documents\GitHub\llmtornado\src\LlmTornado\LlmTornado.csproj::TargetFramework=net8.0]
C:\Users\lordo\Documents\GitHub\llmtornado\src\LlmTornado\Chat\Vendors\Anthropic\VendorAnthropicChatResult.cs(293,19): warning CS8618: Non-nullable property 'StopReason' must contain a non-null value when exiting constructor. Consider adding the 'required' modifier or declaring the property as nullable. [C:\Users\lordo\Documents\GitHub\llmtornado\src\LlmTornado\LlmTornado.csproj::TargetFramework=net8.0]
C:\Users\lordo\Documents\GitHub\llmtornado\src\LlmTornado\Chat\Vendors\Anthropic\VendorAnthropicChatResult.cs(302,33): warning CS8618: Non-nullable property 'Usage' must contain a non-null value when exiting constructor. Consider adding the 'required' modifier or declaring the property as nullable. [C:\Users\lordo\Documents\GitHub\llmtornado\src\LlmTornado\LlmTornado.csproj::TargetFramework=net8.0]
C:\Users\lordo\Documents\GitHub\llmtornado\src\LlmTornado\ManagedAgents\Anthropic\AnthropicManagedAgentSessionsEndpoint.cs(146,51): warning CS8604: Possible null reference argument for parameter 'arg' in 'Task Func<string, Task>.Invoke(string arg)'. [C:\Users\lordo\Documents\GitHub\llmtornado\src\LlmTornado\LlmTornado.csproj::TargetFramework=netstandard2.0]
C:\Users\lordo\Documents\GitHub\llmtornado\src\LlmTornado\Chat\Vendors\Cohere\VendorCohereChatTool.cs(21,19): warning CS8618: Non-nullable property 'Name' must contain a non-null value when exiting constructor. Consider adding the 'required' modifier or declaring the property as nullable. [C:\Users\lordo\Documents\GitHub\llmtornado\src\LlmTornado\LlmTornado.csproj::TargetFramework=net8.0]
C:\Users\lordo\Documents\GitHub\llmtornado\src\LlmTornado\Chat\Vendors\Cohere\VendorCohereChatTool.cs(9,19): warning CS8618: Non-nullable property 'Name' must contain a non-null value when exiting constructor. Consider adding the 'required' modifier or declaring the property as nullable. [C:\Users\lordo\Documents\GitHub\llmtornado\src\LlmTornado\LlmTornado.csproj::TargetFramework=net8.0]
C:\Users\lordo\Documents\GitHub\llmtornado\src\LlmTornado\Chat\Vendors\Cohere\VendorCohereChatTool.cs(12,19): warning CS8618: Non-nullable property 'Description' must contain a non-null value when exiting constructor. Consider adding the 'required' modifier or declaring the property as nullable. [C:\Users\lordo\Documents\GitHub\llmtornado\src\LlmTornado\LlmTornado.csproj::TargetFramework=net8.0]
C:\Users\lordo\Documents\GitHub\llmtornado\src\LlmTornado\Chat\Vendors\Cohere\VendorCohereChatSearchResult.cs(15,40): warning CS8618: Non-nullable property 'SearchQuery' must contain a non-null value when exiting constructor. Consider adding the 'required' modifier or declaring the property as nullable. [C:\Users\lordo\Documents\GitHub\llmtornado\src\LlmTornado\LlmTornado.csproj::TargetFramework=net8.0]
C:\Users\lordo\Documents\GitHub\llmtornado\src\LlmTornado\Chat\Vendors\Cohere\VendorCohereChatSearchResult.cs(21,25): warning CS8618: Non-nullable property 'DocumentIds' must contain a non-null value when exiting constructor. Consider adding the 'required' modifier or declaring the property as nullable. [C:\Users\lordo\Documents\GitHub\llmtornado\src\LlmTornado\LlmTornado.csproj::TargetFramework=net8.0]
C:\Users\lordo\Documents\GitHub\llmtornado\src\LlmTornado\Chat\Vendors\Cohere\VendorCohereChatSearchResult.cs(27,49): warning CS8618: Non-nullable property 'Connector' must contain a non-null value when exiting constructor. Consider adding the 'required' modifier or declaring the property as nullable. [C:\Users\lordo\Documents\GitHub\llmtornado\src\LlmTornado\LlmTornado.csproj::TargetFramework=net8.0]
C:\Users\lordo\Documents\GitHub\llmtornado\src\LlmTornado\Chat\Vendors\Cohere\VendorCohereChatSearchQueryConnector.cs(14,19): warning CS8618: Non-nullable property 'Id' must contain a non-null value when exiting constructor. Consider adding the 'required' modifier or declaring the property as nullable. [C:\Users\lordo\Documents\GitHub\llmtornado\src\LlmTornado\LlmTornado.csproj::TargetFramework=net8.0]
C:\Users\lordo\Documents\GitHub\llmtornado\src\LlmTornado\Chat\Vendors\Anthropic\VendorAnthropicChatResult.cs(129,23): warning CS8618: Non-nullable property 'Type' must contain a non-null value when exiting constructor. Consider adding the 'required' modifier or declaring the property as nullable. [C:\Users\lordo\Documents\GitHub\llmtornado\src\LlmTornado\LlmTornado.csproj::TargetFramework=net8.0]
C:\Users\lordo\Documents\GitHub\llmtornado\src\LlmTornado\Chat\Vendors\Cohere\VendorCohereChatSearchQuery.cs(15,19): warning CS8618: Non-nullable property 'Text' must contain a non-null value when exiting constructor. Consider adding the 'required' modifier or declaring the property as nullable. [C:\Users\lordo\Documents\GitHub\llmtornado\src\LlmTornado\LlmTornado.csproj::TargetFramework=net8.0]
C:\Users\lordo\Documents\GitHub\llmtornado\src\LlmTornado\Chat\Vendors\Cohere\VendorCohereChatSearchQuery.cs(21,19): warning CS8618: Non-nullable property 'GenerationId' must contain a non-null value when exiting constructor. Consider adding the 'required' modifier or declaring the property as nullable. [C:\Users\lordo\Documents\GitHub\llmtornado\src\LlmTornado\LlmTornado.csproj::TargetFramework=net8.0]
C:\Users\lordo\Documents\GitHub\llmtornado\src\LlmTornado\Code\MimeTypeMap\MimeTypMap.cs(73,58): warning CS8601: Possible null reference assignment. [C:\Users\lordo\Documents\GitHub\llmtornado\src\LlmTornado\LlmTornado.csproj::TargetFramework=net8.0]
C:\Users\lordo\Documents\GitHub\llmtornado\src\LlmTornado\Chat\Vendors\Anthropic\VendorAnthropicChatResult.cs(78,23): warning CS8618: Non-nullable property 'Type' must contain a non-null value when exiting constructor. Consider adding the 'required' modifier or declaring the property as nullable. [C:\Users\lordo\Documents\GitHub\llmtornado\src\LlmTornado\LlmTornado.csproj::TargetFramework=net8.0]
C:\Users\lordo\Documents\GitHub\llmtornado\src\LlmTornado\Chat\Vendors\Cohere\VendorCohereChatResult.cs(59,19): warning CS8618: Non-nullable property 'ResponseId' must contain a non-null value when exiting constructor. Consider adding the 'required' modifier or declaring the property as nullable. [C:\Users\lordo\Documents\GitHub\llmtornado\src\LlmTornado\LlmTornado.csproj::TargetFramework=net8.0]
C:\Users\lordo\Documents\GitHub\llmtornado\src\LlmTornado\Chat\Vendors\Cohere\VendorCohereChatResult.cs(184,23): warning CS8618: Non-nullable property 'Text' must contain a non-null value when exiting constructor. Consider adding the 'required' modifier or declaring the property as nullable. [C:\Users\lordo\Documents\GitHub\llmtornado\src\LlmTornado\LlmTornado.csproj::TargetFramework=net8.0]
C:\Users\lordo\Documents\GitHub\llmtornado\src\LlmTornado\Chat\Vendors\Cohere\VendorCohereChatResult.cs(187,29): warning CS8618: Non-nullable property 'Sources' must contain a non-null value when exiting constructor. Consider adding the 'required' modifier or declaring the property as nullable. [C:\Users\lordo\Documents\GitHub\llmtornado\src\LlmTornado\LlmTornado.csproj::TargetFramework=net8.0]
C:\Users\lordo\Documents\GitHub\llmtornado\src\LlmTornado\Chat\Vendors\Cohere\VendorCohereChatResult.cs(163,23): warning CS8618: Non-nullable property 'Name' must contain a non-null value when exiting constructor. Consider adding the 'required' modifier or declaring the property as nullable. [C:\Users\lordo\Documents\GitHub\llmtornado\src\LlmTornado\LlmTornado.csproj::TargetFramework=net8.0]
C:\Users\lordo\Documents\GitHub\llmtornado\src\LlmTornado\Chat\Vendors\Cohere\VendorCohereChatResult.cs(169,23): warning CS8618: Non-nullable property 'Arguments' must contain a non-null value when exiting constructor. Consider adding the 'required' modifier or declaring the property as nullable. [C:\Users\lordo\Documents\GitHub\llmtornado\src\LlmTornado\LlmTornado.csproj::TargetFramework=net8.0]
C:\Users\lordo\Documents\GitHub\llmtornado\src\LlmTornado\Chat\Vendors\Cohere\VendorCohereChatResult.cs(139,23): warning CS8618: Non-nullable property 'Id' must contain a non-null value when exiting constructor. Consider adding the 'required' modifier or declaring the property as nullable. [C:\Users\lordo\Documents\GitHub\llmtornado\src\LlmTornado\LlmTornado.csproj::TargetFramework=net8.0]
C:\Users\lordo\Documents\GitHub\llmtornado\src\LlmTornado\Chat\Vendors\Cohere\VendorCohereChatResult.cs(151,45): warning CS8618: Non-nullable property 'Function' must contain a non-null value when exiting constructor. Consider adding the 'required' modifier or declaring the property as nullable. [C:\Users\lordo\Documents\GitHub\llmtornado\src\LlmTornado\LlmTornado.csproj::TargetFramework=net8.0]
C:\Users\lordo\Documents\GitHub\llmtornado\src\LlmTornado\Chat\Vendors\Cohere\VendorCohereChatResult.cs(118,23): warning CS8618: Non-nullable property 'Text' must contain a non-null value when exiting constructor. Consider adding the 'required' modifier or declaring the property as nullable. [C:\Users\lordo\Documents\GitHub\llmtornado\src\LlmTornado\LlmTornado.csproj::TargetFramework=net8.0]
C:\Users\lordo\Documents\GitHub\llmtornado\src\LlmTornado\Chat\Vendors\Cohere\VendorCohereChatResult.cs(121,23): warning CS8618: Non-nullable property 'Thinking' must contain a non-null value when exiting constructor. Consider adding the 'required' modifier or declaring the property as nullable. [C:\Users\lordo\Documents\GitHub\llmtornado\src\LlmTornado\LlmTornado.csproj::TargetFramework=net8.0]
C:\Users\lordo\Documents\GitHub\llmtornado\src\LlmTornado\Chat\Vendors\Cohere\VendorCohereChatResult.cs(50,39): warning CS8618: Non-nullable property 'Document' must contain a non-null value when exiting constructor. Consider adding the 'required' modifier or declaring the property as nullable. [C:\Users\lordo\Documents\GitHub\llmtornado\src\LlmTornado\LlmTornado.csproj::TargetFramework=net8.0]
C:\Users\lordo\Documents\GitHub\llmtornado\src\LlmTornado\Chat\Vendors\Cohere\VendorCohereChatResult.cs(53,19): warning CS8618: Non-nullable property 'Id' must contain a non-null value when exiting constructor. Consider adding the 'required' modifier or declaring the property as nullable. [C:\Users\lordo\Documents\GitHub\llmtornado\src\LlmTornado\LlmTornado.csproj::TargetFramework=net8.0]
C:\Users\lordo\Documents\GitHub\llmtornado\src\LlmTornado\Chat\Vendors\Cohere\VendorCohereChatResult.cs(38,19): warning CS8618: Non-nullable property 'Id' must contain a non-null value when exiting constructor. Consider adding the 'required' modifier or declaring the property as nullable. [C:\Users\lordo\Documents\GitHub\llmtornado\src\LlmTornado\LlmTornado.csproj::TargetFramework=net8.0]
C:\Users\lordo\Documents\GitHub\llmtornado\src\LlmTornado\Chat\Vendors\Cohere\VendorCohereChatResult.cs(41,39): warning CS8618: Non-nullable property 'ToolOutput' must contain a non-null value when exiting constructor. Consider adding the 'required' modifier or declaring the property as nullable. [C:\Users\lordo\Documents\GitHub\llmtornado\src\LlmTornado\LlmTornado.csproj::TargetFramework=net8.0]
C:\Users\lordo\Documents\GitHub\llmtornado\src\LlmTornado\Chat\Vendors\Cohere\ChatResponseVendorCohereExtensions.cs(39,12): warning CS8618: Non-nullable property 'Response' must contain a non-null value when exiting constructor. Consider adding the 'required' modifier or declaring the property as nullable. [C:\Users\lordo\Documents\GitHub\llmtornado\src\LlmTornado\LlmTornado.csproj::TargetFramework=net8.0]
C:\Users\lordo\Documents\GitHub\llmtornado\src\LlmTornado\Chat\Vendors\Cohere\ChatResponseVendorCohereExtensions.cs(84,47): warning CS8604: Possible null reference argument for parameter 'txt' in 'string ClearSnippet(string txt)'. [C:\Users\lordo\Documents\GitHub\llmtornado\src\LlmTornado\LlmTornado.csproj::TargetFramework=net8.0]
C:\Users\lordo\Documents\GitHub\llmtornado\src\LlmTornado\Chat\Vendors\Cohere\ChatResponseVendorCohereExtensions.cs(129,14): warning CS8618: Non-nullable property 'Response' must contain a non-null value when exiting constructor. Consider adding the 'required' modifier or declaring the property as nullable. [C:\Users\lordo\Documents\GitHub\llmtornado\src\LlmTornado\LlmTornado.csproj::TargetFramework=net8.0]
C:\Users\lordo\Documents\GitHub\llmtornado\src\LlmTornado\Chat\Vendors\Cohere\VendorCohereChatRequest.cs(558,23): warning CS8600: Converting null literal or possible null value to non-nullable type. [C:\Users\lordo\Documents\GitHub\llmtornado\src\LlmTornado\LlmTornado.csproj::TargetFramework=net8.0]
C:\Users\lordo\Documents\GitHub\llmtornado\src\LlmTornado\Chat\Vendors\Cohere\ChatVendorCohereExtensionConnector.cs(146,59): warning CS8604: Possible null reference argument for parameter 'id' in 'ChatVendorCohereExtensionConnector.ChatVendorCohereExtensionConnector(string id)'. [C:\Users\lordo\Documents\GitHub\llmtornado\src\LlmTornado\LlmTornado.csproj::TargetFramework=net8.0]
C:\Users\lordo\Documents\GitHub\llmtornado\src\LlmTornado\Chat\Vendors\Cohere\VendorCohereChatRequest.cs(534,23): warning CS8600: Converting null literal or possible null value to non-nullable type. [C:\Users\lordo\Documents\GitHub\llmtornado\src\LlmTornado\LlmTornado.csproj::TargetFramework=net8.0]
C:\Users\lordo\Documents\GitHub\llmtornado\src\LlmTornado\Chat\Vendors\Cohere\VendorCohereChatRequest.cs(503,23): warning CS8600: Converting null literal or possible null value to non-nullable type. [C:\Users\lordo\Documents\GitHub\llmtornado\src\LlmTornado\LlmTornado.csproj::TargetFramework=net8.0]
C:\Users\lordo\Documents\GitHub\llmtornado\src\LlmTornado\Responses\ResponseTool.cs(1308,25): error CS1061: 'ResponseWebSearchTool' does not contain a definition for 'ReturnTokenBudget' and no accessible extension method 'ReturnTokenBudget' accepting a first argument of type 'ResponseWebSearchTool' could be found (are you missing a using directive or an assembly reference?) [C:\Users\lordo\Documents\GitHub\llmtornado\src\LlmTornado\LlmTornado.csproj::TargetFramework=netstandard2.0]
C:\Users\lordo\Documents\GitHub\llmtornado\src\LlmTornado\Chat\Vendors\Cohere\VendorCohereChatRequest.cs(474,19): warning CS8618: Non-nullable property 'Type' must contain a non-null value when exiting constructor. Consider adding the 'required' modifier or declaring the property as nullable. [C:\Users\lordo\Documents\GitHub\llmtornado\src\LlmTornado\LlmTornado.csproj::TargetFramework=net8.0]
C:\Users\lordo\Documents\GitHub\llmtornado\src\LlmTornado\Chat\Vendors\Cohere\VendorCohereChatRequest.cs(430,19): warning CS8618: Non-nullable property 'Name' must contain a non-null value when exiting constructor. Consider adding the 'required' modifier or declaring the property as nullable. [C:\Users\lordo\Documents\GitHub\llmtornado\src\LlmTornado\LlmTornado.csproj::TargetFramework=net8.0]
C:\Users\lordo\Documents\GitHub\llmtornado\src\LlmTornado\Responses\ResponseTool.cs(1311,54): error CS1061: 'ResponseWebSearchTool' does not contain a definition for 'ReturnTokenBudget' and no accessible extension method 'ReturnTokenBudget' accepting a first argument of type 'ResponseWebSearchTool' could be found (are you missing a using directive or an assembly reference?) [C:\Users\lordo\Documents\GitHub\llmtornado\src\LlmTornado\LlmTornado.csproj::TargetFramework=netstandard2.0]
C:\Users\lordo\Documents\GitHub\llmtornado\src\LlmTornado\Chat\Vendors\Cohere\VendorCohereChatRequest.cs(432,20): warning CS8618: Non-nullable property 'Parameters' must contain a non-null value when exiting constructor. Consider adding the 'required' modifier or declaring the property as nullable. [C:\Users\lordo\Documents\GitHub\llmtornado\src\LlmTornado\LlmTornado.csproj::TargetFramework=net8.0]
C:\Users\lordo\Documents\GitHub\llmtornado\src\LlmTornado\Chat\Vendors\Cohere\VendorCohereChatRequest.cs(424,43): warning CS8618: Non-nullable property 'Function' must contain a non-null value when exiting constructor. Consider adding the 'required' modifier or declaring the property as nullable. [C:\Users\lordo\Documents\GitHub\llmtornado\src\LlmTornado\LlmTornado.csproj::TargetFramework=net8.0]
C:\Users\lordo\Documents\GitHub\llmtornado\src\LlmTornado\Chat\Vendors\Cohere\VendorCohereChatRequest.cs(414,19): warning CS8618: Non-nullable property 'Name' must contain a non-null value when exiting constructor. Consider adding the 'required' modifier or declaring the property as nullable. [C:\Users\lordo\Documents\GitHub\llmtornado\src\LlmTornado\LlmTornado.csproj::TargetFramework=net8.0]
C:\Users\lordo\Documents\GitHub\llmtornado\src\LlmTornado\Chat\Vendors\Cohere\VendorCohereChatRequest.cs(416,19): warning CS8618: Non-nullable property 'Arguments' must contain a non-null value when exiting constructor. Consider adding the 'required' modifier or declaring the property as nullable. [C:\Users\lordo\Documents\GitHub\llmtornado\src\LlmTornado\LlmTornado.csproj::TargetFramework=net8.0]
C:\Users\lordo\Documents\GitHub\llmtornado\src\LlmTornado\Chat\Vendors\Cohere\VendorCohereChatRequest.cs(404,19): warning CS8618: Non-nullable property 'Id' must contain a non-null value when exiting constructor. Consider adding the 'required' modifier or declaring the property as nullable. [C:\Users\lordo\Documents\GitHub\llmtornado\src\LlmTornado\LlmTornado.csproj::TargetFramework=net8.0]
C:\Users\lordo\Documents\GitHub\llmtornado\src\LlmTornado\Chat\Vendors\Cohere\VendorCohereChatRequest.cs(408,41): warning CS8618: Non-nullable property 'Function' must contain a non-null value when exiting constructor. Consider adding the 'required' modifier or declaring the property as nullable. [C:\Users\lordo\Documents\GitHub\llmtornado\src\LlmTornado\LlmTornado.csproj::TargetFramework=net8.0]
C:\Users\lordo\Documents\GitHub\llmtornado\src\LlmTornado\Responses\ResponseTool.cs(1442,21): warning CS0472: The result of the expression is always 'true' since a value of type 'ResponseComputerEnvironment' is never equal to 'null' of type 'ResponseComputerEnvironment?' [C:\Users\lordo\Documents\GitHub\llmtornado\src\LlmTornado\LlmTornado.csproj::TargetFramework=netstandard2.0]
C:\Users\lordo\Documents\GitHub\llmtornado\src\LlmTornado\Chat\Vendors\Cohere\VendorCohereChatRequest.cs(386,19): warning CS8618: Non-nullable property 'Url' must contain a non-null value when exiting constructor. Consider adding the 'required' modifier or declaring the property as nullable. [C:\Users\lordo\Documents\GitHub\llmtornado\src\LlmTornado\LlmTornado.csproj::TargetFramework=net8.0]
C:\Users\lordo\Documents\GitHub\llmtornado\src\LlmTornado\Chat\Vendors\Cohere\VendorCohereChatRequest.cs(378,39): warning CS8618: Non-nullable property 'Data' must contain a non-null value when exiting constructor. Consider adding the 'required' modifier or declaring the property as nullable. [C:\Users\lordo\Documents\GitHub\llmtornado\src\LlmTornado\LlmTornado.csproj::TargetFramework=net8.0]
C:\Users\lordo\Documents\GitHub\llmtornado\src\LlmTornado\Chat\Vendors\Cohere\VendorCohereChatRequest.cs(380,19): warning CS8618: Non-nullable property 'Id' must contain a non-null value when exiting constructor. Consider adding the 'required' modifier or declaring the property as nullable. [C:\Users\lordo\Documents\GitHub\llmtornado\src\LlmTornado\LlmTornado.csproj::TargetFramework=net8.0]
C:\Users\lordo\Documents\GitHub\llmtornado\src\LlmTornado\Chat\Vendors\Cohere\VendorCohereChatRequest.cs(366,12): warning CS8618: Non-nullable property 'Document' must contain a non-null value when exiting constructor. Consider adding the 'required' modifier or declaring the property as nullable. [C:\Users\lordo\Documents\GitHub\llmtornado\src\LlmTornado\LlmTornado.csproj::TargetFramework=net8.0]
C:\Users\lordo\Documents\GitHub\llmtornado\src\LlmTornado\Chat\Vendors\Cohere\VendorCohereChatRequest.cs(347,12): warning CS8618: Non-nullable property 'ImageUrl' must contain a non-null value when exiting constructor. Consider adding the 'required' modifier or declaring the property as nullable. [C:\Users\lordo\Documents\GitHub\llmtornado\src\LlmTornado\LlmTornado.csproj::TargetFramework=net8.0]
C:\Users\lordo\Documents\GitHub\llmtornado\src\LlmTornado\Code\MimeTypeMap\MimeTypeMapMagicBytes.cs(234,59): warning CS8600: Converting null literal or possible null value to non-nullable type. [C:\Users\lordo\Documents\GitHub\llmtornado\src\LlmTornado\LlmTornado.csproj::TargetFramework=net8.0]
C:\Users\lordo\Documents\GitHub\llmtornado\src\LlmTornado\Interactions\InteractionsEndpoint.cs(234,60): warning CS8604: Possible null reference argument for parameter 'interactionId' in 'Task<HttpCallResult<Interaction>> InteractionsEndpoint.Get(string interactionId, CancellationToken cancellationToken = default(CancellationToken))'. [C:\Users\lordo\Documents\GitHub\llmtornado\src\LlmTornado\LlmTornado.csproj::TargetFramework=netstandard2.0]
C:\Users\lordo\Documents\GitHub\llmtornado\src\LlmTornado\Chat\Vendors\Cohere\VendorCohereChatRequest.cs(336,12): warning CS8618: Non-nullable property 'Text' must contain a non-null value when exiting constructor. Consider adding the 'required' modifier or declaring the property as nullable. [C:\Users\lordo\Documents\GitHub\llmtornado\src\LlmTornado\LlmTornado.csproj::TargetFramework=net8.0]
C:\Users\lordo\Documents\GitHub\llmtornado\src\LlmTornado\Chat\Vendors\Cohere\VendorCohereChatRequest.cs(331,19): warning CS8618: Non-nullable property 'Type' must contain a non-null value when exiting constructor. Consider adding the 'required' modifier or declaring the property as nullable. [C:\Users\lordo\Documents\GitHub\llmtornado\src\LlmTornado\LlmTornado.csproj::TargetFramework=net8.0]
C:\Users\lordo\Documents\GitHub\llmtornado\src\LlmTornado\Chat\Vendors\Cohere\VendorCohereChatRequest.cs(320,12): warning CS8618: Non-nullable property 'ToolCallId' must contain a non-null value when exiting constructor. Consider adding the 'required' modifier or declaring the property as nullable. [C:\Users\lordo\Documents\GitHub\llmtornado\src\LlmTornado\LlmTornado.csproj::TargetFramework=net8.0]
C:\Users\lordo\Documents\GitHub\llmtornado\src\LlmTornado\Chat\Vendors\Cohere\VendorCohereChatRequest.cs(320,12): warning CS8618: Non-nullable property 'Content' must contain a non-null value when exiting constructor. Consider adding the 'required' modifier or declaring the property as nullable. [C:\Users\lordo\Documents\GitHub\llmtornado\src\LlmTornado\LlmTornado.csproj::TargetFramework=net8.0]
C:\Users\lordo\Documents\GitHub\llmtornado\src\LlmTornado\Chat\Vendors\Cohere\VendorCohereChatRequest.cs(313,12): warning CS8618: Non-nullable property 'Content' must contain a non-null value when exiting constructor. Consider adding the 'required' modifier or declaring the property as nullable. [C:\Users\lordo\Documents\GitHub\llmtornado\src\LlmTornado\LlmTornado.csproj::TargetFramework=net8.0]
C:\Users\lordo\Documents\GitHub\llmtornado\src\LlmTornado\Chat\Vendors\Anthropic\VendorAnthropicChatRequest.cs(539,23): warning CS8618: Non-nullable property 'UserId' must contain a non-null value when exiting constructor. Consider adding the 'required' modifier or declaring the property as nullable. [C:\Users\lordo\Documents\GitHub\llmtornado\src\LlmTornado\LlmTornado.csproj::TargetFramework=net8.0]
C:\Users\lordo\Documents\GitHub\llmtornado\src\LlmTornado\Chat\Vendors\Cohere\VendorCohereChatRequest.cs(291,12): warning CS8618: Non-nullable property 'Content' must contain a non-null value when exiting constructor. Consider adding the 'required' modifier or declaring the property as nullable. [C:\Users\lordo\Documents\GitHub\llmtornado\src\LlmTornado\LlmTornado.csproj::TargetFramework=net8.0]
C:\Users\lordo\Documents\GitHub\llmtornado\src\LlmTornado\Chat\Vendors\Anthropic\VendorAnthropicChatRequest.cs(545,23): warning CS8618: Non-nullable property 'Type' must contain a non-null value when exiting constructor. Consider adding the 'required' modifier or declaring the property as nullable. [C:\Users\lordo\Documents\GitHub\llmtornado\src\LlmTornado\LlmTornado.csproj::TargetFramework=net8.0]
C:\Users\lordo\Documents\GitHub\llmtornado\src\LlmTornado\Chat\Vendors\Anthropic\VendorAnthropicChatRequest.cs(564,23): warning CS8618: Non-nullable property 'Type' must contain a non-null value when exiting constructor. Consider adding the 'required' modifier or declaring the property as nullable. [C:\Users\lordo\Documents\GitHub\llmtornado\src\LlmTornado\LlmTornado.csproj::TargetFramework=net8.0]
C:\Users\lordo\Documents\GitHub\llmtornado\src\LlmTornado\Chat\Vendors\Anthropic\VendorAnthropicChatRequest.cs(553,23): warning CS8618: Non-nullable property 'Type' must contain a non-null value when exiting constructor. Consider adding the 'required' modifier or declaring the property as nullable. [C:\Users\lordo\Documents\GitHub\llmtornado\src\LlmTornado\LlmTornado.csproj::TargetFramework=net8.0]
C:\Users\lordo\Documents\GitHub\llmtornado\src\LlmTornado\Chat\Vendors\Anthropic\VendorAnthropicChatRequest.cs(72,12): warning CS8618: Non-nullable property 'Msg' must contain a non-null value when exiting constructor. Consider adding the 'required' modifier or declaring the property as nullable. [C:\Users\lordo\Documents\GitHub\llmtornado\src\LlmTornado\LlmTornado.csproj::TargetFramework=net8.0]
C:\Users\lordo\Documents\GitHub\llmtornado\src\LlmTornado\Chat\Vendors\Anthropic\VendorAnthropicChatRequest.cs(72,12): warning CS8618: Non-nullable property 'Parts' must contain a non-null value when exiting constructor. Consider adding the 'required' modifier or declaring the property as nullable. [C:\Users\lordo\Documents\GitHub\llmtornado\src\LlmTornado\LlmTornado.csproj::TargetFramework=net8.0]
C:\Users\lordo\Documents\GitHub\llmtornado\src\LlmTornado\Chat\Vendors\Cohere\VendorCohereChatRequest.cs(286,19): warning CS8618: Non-nullable property 'Role' must contain a non-null value when exiting constructor. Consider adding the 'required' modifier or declaring the property as nullable. [C:\Users\lordo\Documents\GitHub\llmtornado\src\LlmTornado\LlmTornado.csproj::TargetFramework=net8.0]
C:\Users\lordo\Documents\GitHub\llmtornado\src\LlmTornado\Chat\Vendors\Cohere\VendorCohereChatDocument.cs(15,19): warning CS8618: Non-nullable property 'Id' must contain a non-null value when exiting constructor. Consider adding the 'required' modifier or declaring the property as nullable. [C:\Users\lordo\Documents\GitHub\llmtornado\src\LlmTornado\LlmTornado.csproj::TargetFramework=net8.0]
C:\Users\lordo\Documents\GitHub\llmtornado\src\LlmTornado\Chat\Vendors\Cohere\VendorCohereChatDocument.cs(21,19): warning CS8618: Non-nullable property 'Snippet' must contain a non-null value when exiting constructor. Consider adding the 'required' modifier or declaring the property as nullable. [C:\Users\lordo\Documents\GitHub\llmtornado\src\LlmTornado\LlmTornado.csproj::TargetFramework=net8.0]
C:\Users\lordo\Documents\GitHub\llmtornado\src\LlmTornado\Chat\Vendors\Cohere\VendorCohereChatDocument.cs(33,19): warning CS8618: Non-nullable property 'Title' must contain a non-null value when exiting constructor. Consider adding the 'required' modifier or declaring the property as nullable. [C:\Users\lordo\Documents\GitHub\llmtornado\src\LlmTornado\LlmTornado.csproj::TargetFramework=net8.0]
C:\Users\lordo\Documents\GitHub\llmtornado\src\LlmTornado\Chat\Vendors\Cohere\VendorCohereChatRequest.cs(190,35): warning CS8604: Possible null reference argument for parameter 'content' in 'VendorCohereAssistantMessageContent.implicit operator VendorCohereAssistantMessageContent(string content)'. [C:\Users\lordo\Documents\GitHub\llmtornado\src\LlmTornado\LlmTornado.csproj::TargetFramework=net8.0]
C:\Users\lordo\Documents\GitHub\llmtornado\src\LlmTornado\Chat\Vendors\Cohere\VendorCohereChatRequest.cs(197,34): warning CS8601: Possible null reference assignment. [C:\Users\lordo\Documents\GitHub\llmtornado\src\LlmTornado\LlmTornado.csproj::TargetFramework=net8.0]
C:\Users\lordo\Documents\GitHub\llmtornado\src\LlmTornado\Chat\Vendors\Cohere\VendorCohereChatRequest.cs(202,45): warning CS8601: Possible null reference assignment. [C:\Users\lordo\Documents\GitHub\llmtornado\src\LlmTornado\LlmTornado.csproj::TargetFramework=net8.0]
C:\Users\lordo\Documents\GitHub\llmtornado\src\LlmTornado\Chat\Vendors\Cohere\VendorCohereChatRequest.cs(236,38): warning CS8601: Possible null reference assignment. [C:\Users\lordo\Documents\GitHub\llmtornado\src\LlmTornado\LlmTornado.csproj::TargetFramework=net8.0]
C:\Users\lordo\Documents\GitHub\llmtornado\src\LlmTornado\Chat\Vendors\Cohere\VendorCohereChatRequest.cs(242,28): warning CS8603: Possible null reference return. [C:\Users\lordo\Documents\GitHub\llmtornado\src\LlmTornado\LlmTornado.csproj::TargetFramework=net8.0]
C:\Users\lordo\Documents\GitHub\llmtornado\src\LlmTornado\FineTuning\FineTuneJobResponse.cs(106,16): warning CS8603: Possible null reference return. [C:\Users\lordo\Documents\GitHub\llmtornado\src\LlmTornado\LlmTornado.csproj::TargetFramework=netstandard2.0]
C:\Users\lordo\Documents\GitHub\llmtornado\src\LlmTornado\Images\Vendors\Google\VendorGoogleImageResult.cs(19,23): warning CS8618: Non-nullable property 'BytesBase64Encoded' must contain a non-null value when exiting constructor. Consider adding the 'required' modifier or declaring the property as nullable. [C:\Users\lordo\Documents\GitHub\llmtornado\src\LlmTornado\LlmTornado.csproj::TargetFramework=netstandard2.0]
C:\Users\lordo\Documents\GitHub\llmtornado\src\LlmTornado\Images\Vendors\Google\VendorGoogleImageResult.cs(22,23): warning CS8618: Non-nullable property 'MimeType' must contain a non-null value when exiting constructor. Consider adding the 'required' modifier or declaring the property as nullable. [C:\Users\lordo\Documents\GitHub\llmtornado\src\LlmTornado\LlmTornado.csproj::TargetFramework=netstandard2.0]
C:\Users\lordo\Documents\GitHub\llmtornado\src\LlmTornado\FineTuning\FineTuneJobList.cs(11,19): warning CS8618: Non-nullable property 'Object' must contain a non-null value when exiting constructor. Consider adding the 'required' modifier or declaring the property as nullable. [C:\Users\lordo\Documents\GitHub\llmtornado\src\LlmTornado\LlmTornado.csproj::TargetFramework=netstandard2.0]
C:\Users\lordo\Documents\GitHub\llmtornado\src\LlmTornado\FineTuning\FineTuneJobList.cs(14,39): warning CS8618: Non-nullable property 'Jobs' must contain a non-null value when exiting constructor. Consider adding the 'required' modifier or declaring the property as nullable. [C:\Users\lordo\Documents\GitHub\llmtornado\src\LlmTornado\LlmTornado.csproj::TargetFramework=netstandard2.0]
C:\Users\lordo\Documents\GitHub\llmtornado\src\LlmTornado\FineTuning\FineTuneJob.cs(79,16): warning CS8603: Possible null reference return. [C:\Users\lordo\Documents\GitHub\llmtornado\src\LlmTornado\LlmTornado.csproj::TargetFramework=netstandard2.0]
C:\Users\lordo\Documents\GitHub\llmtornado\src\LlmTornado\FineTuning\FineTuneJob.cs(12,19): warning CS8618: Non-nullable property 'Object' must contain a non-null value when exiting constructor. Consider adding the 'required' modifier or declaring the property as nullable. [C:\Users\lordo\Documents\GitHub\llmtornado\src\LlmTornado\LlmTornado.csproj::TargetFramework=netstandard2.0]
C:\Users\lordo\Documents\GitHub\llmtornado\src\LlmTornado\FineTuning\FineTuneJob.cs(15,19): warning CS8618: Non-nullable property 'Id' must contain a non-null value when exiting constructor. Consider adding the 'required' modifier or declaring the property as nullable. [C:\Users\lordo\Documents\GitHub\llmtornado\src\LlmTornado\LlmTornado.csproj::TargetFramework=netstandard2.0]
C:\Users\lordo\Documents\GitHub\llmtornado\src\LlmTornado\FineTuning\FineTuneJob.cs(18,19): warning CS8618: Non-nullable property 'Model' must contain a non-null value when exiting constructor. Consider adding the 'required' modifier or declaring the property as nullable. [C:\Users\lordo\Documents\GitHub\llmtornado\src\LlmTornado\LlmTornado.csproj::TargetFramework=netstandard2.0]
C:\Users\lordo\Documents\GitHub\llmtornado\src\LlmTornado\FineTuning\FineTuneJob.cs(47,19): warning CS8618: Non-nullable property 'FineTunedModel' must contain a non-null value when exiting constructor. Consider adding the 'required' modifier or declaring the property as nullable. [C:\Users\lordo\Documents\GitHub\llmtornado\src\LlmTornado\LlmTornado.csproj::TargetFramework=netstandard2.0]
C:\Users\lordo\Documents\GitHub\llmtornado\src\LlmTornado\FineTuning\FineTuneJob.cs(50,19): warning CS8618: Non-nullable property 'OrganizationId' must contain a non-null value when exiting constructor. Consider adding the 'required' modifier or declaring the property as nullable. [C:\Users\lordo\Documents\GitHub\llmtornado\src\LlmTornado\LlmTornado.csproj::TargetFramework=netstandard2.0]
C:\Users\lordo\Documents\GitHub\llmtornado\src\LlmTornado\FineTuning\FineTuneJob.cs(53,34): warning CS8618: Non-nullable property 'ResultFiles' must contain a non-null value when exiting constructor. Consider adding the 'required' modifier or declaring the property as nullable. [C:\Users\lordo\Documents\GitHub\llmtornado\src\LlmTornado\LlmTornado.csproj::TargetFramework=netstandard2.0]
C:\Users\lordo\Documents\GitHub\llmtornado\src\LlmTornado\FineTuning\FineTuneJob.cs(58,19): warning CS8618: Non-nullable property 'ValidationFile' must contain a non-null value when exiting constructor. Consider adding the 'required' modifier or declaring the property as nullable. [C:\Users\lordo\Documents\GitHub\llmtornado\src\LlmTornado\LlmTornado.csproj::TargetFramework=netstandard2.0]
C:\Users\lordo\Documents\GitHub\llmtornado\src\LlmTornado\FineTuning\FineTuneJob.cs(61,19): warning CS8618: Non-nullable property 'TrainingFile' must contain a non-null value when exiting constructor. Consider adding the 'required' modifier or declaring the property as nullable. [C:\Users\lordo\Documents\GitHub\llmtornado\src\LlmTornado\LlmTornado.csproj::TargetFramework=netstandard2.0]
C:\Users\lordo\Documents\GitHub\llmtornado\src\LlmTornado\FineTuning\FineTuneJob.cs(64,24): warning CS8618: Non-nullable property 'HyperParameters' must contain a non-null value when exiting constructor. Consider adding the 'required' modifier or declaring the property as nullable. [C:\Users\lordo\Documents\GitHub\llmtornado\src\LlmTornado\LlmTornado.csproj::TargetFramework=netstandard2.0]
C:\Users\lordo\Documents\GitHub\llmtornado\src\LlmTornado\FineTuning\EventList.cs(12,19): warning CS8618: Non-nullable property 'Object' must contain a non-null value when exiting constructor. Consider adding the 'required' modifier or declaring the property as nullable. [C:\Users\lordo\Documents\GitHub\llmtornado\src\LlmTornado\LlmTornado.csproj::TargetFramework=netstandard2.0]
C:\Users\lordo\Documents\GitHub\llmtornado\src\LlmTornado\FineTuning\EventList.cs(15,33): warning CS8618: Non-nullable property 'Events' must contain a non-null value when exiting constructor. Consider adding the 'required' modifier or declaring the property as nullable. [C:\Users\lordo\Documents\GitHub\llmtornado\src\LlmTornado\LlmTornado.csproj::TargetFramework=netstandard2.0]
C:\Users\lordo\Documents\GitHub\llmtornado\src\LlmTornado\FineTuning\CreateFineTuneJobRequest.cs(12,27): warning CS8601: Possible null reference assignment. [C:\Users\lordo\Documents\GitHub\llmtornado\src\LlmTornado\LlmTornado.csproj::TargetFramework=netstandard2.0]
C:\Users\lordo\Documents\GitHub\llmtornado\src\LlmTornado\FineTuning\CreateFineTuneJobRequest.cs(13,18): warning CS8601: Possible null reference assignment. [C:\Users\lordo\Documents\GitHub\llmtornado\src\LlmTornado\LlmTornado.csproj::TargetFramework=netstandard2.0]
C:\Users\lordo\Documents\GitHub\llmtornado\src\LlmTornado\FineTuning\CreateFineTuneJobRequest.cs(14,28): warning CS8601: Possible null reference assignment. [C:\Users\lordo\Documents\GitHub\llmtornado\src\LlmTornado\LlmTornado.csproj::TargetFramework=netstandard2.0]
C:\Users\lordo\Documents\GitHub\llmtornado\src\LlmTornado\FineTuning\CreateFineTuneJobRequest.cs(8,12): warning CS8618: Non-nullable property 'HyperParameters' must contain a non-null value when exiting constructor. Consider adding the 'required' modifier or declaring the property as nullable. [C:\Users\lordo\Documents\GitHub\llmtornado\src\LlmTornado\LlmTornado.csproj::TargetFramework=netstandard2.0]
C:\Users\lordo\Documents\GitHub\llmtornado\src\LlmTornado\FineTuning\CreateFineTuneJobRequest.cs(8,12): warning CS8618: Non-nullable property 'Suffix' must contain a non-null value when exiting constructor. Consider adding the 'required' modifier or declaring the property as nullable. [C:\Users\lordo\Documents\GitHub\llmtornado\src\LlmTornado\LlmTornado.csproj::TargetFramework=netstandard2.0]
C:\Users\lordo\Documents\GitHub\llmtornado\src\LlmTornado\FineTuning\CreateFineTuneJobRequest.cs(8,12): warning CS8618: Non-nullable property 'ValidationFileId' must contain a non-null value when exiting constructor. Consider adding the 'required' modifier or declaring the property as nullable. [C:\Users\lordo\Documents\GitHub\llmtornado\src\LlmTornado\LlmTornado.csproj::TargetFramework=netstandard2.0]
C:\Users\lordo\Documents\GitHub\llmtornado\src\LlmTornado\Images\Vendors\Google\VendorGoogleImageRequest.cs(124,26): warning CS8601: Possible null reference assignment. [C:\Users\lordo\Documents\GitHub\llmtornado\src\LlmTornado\LlmTornado.csproj::TargetFramework=netstandard2.0]
C:\Users\lordo\Documents\GitHub\llmtornado\src\LlmTornado\Live\LiveSession.cs(32,55): error CS1061: 'Task' does not contain a definition for 'IsCompletedSuccessfully' and no accessible extension method 'IsCompletedSuccessfully' accepting a first argument of type 'Task' could be found (are you missing a using directive or an assembly reference?) [C:\Users\lordo\Documents\GitHub\llmtornado\src\LlmTornado\LlmTornado.csproj::TargetFramework=netstandard2.0]
C:\Users\lordo\Documents\GitHub\llmtornado\src\LlmTornado\EndpointBase.cs(124,30): warning CS0168: The variable 'e' is declared but never used [C:\Users\lordo\Documents\GitHub\llmtornado\src\LlmTornado\LlmTornado.csproj::TargetFramework=netstandard2.0]
C:\Users\lordo\Documents\GitHub\llmtornado\src\LlmTornado\Images\Vendors\Google\VendorGoogleImageRequest.cs(24,23): warning CS8618: Non-nullable property 'Prompt' must contain a non-null value when exiting constructor. Consider adding the 'required' modifier or declaring the property as nullable. [C:\Users\lordo\Documents\GitHub\llmtornado\src\LlmTornado\LlmTornado.csproj::TargetFramework=netstandard2.0]
C:\Users\lordo\Documents\GitHub\llmtornado\src\LlmTornado\Interactions\InteractionsEndpoint.cs(317,39): warning CS8604: Possible null reference argument for parameter 'arg' in 'ValueTask Func<string, ValueTask>.Invoke(string arg)'. [C:\Users\lordo\Documents\GitHub\llmtornado\src\LlmTornado\LlmTornado.csproj::TargetFramework=netstandard2.0]
C:\Users\lordo\Documents\GitHub\llmtornado\src\LlmTornado\Interactions\InteractionsEndpoint.cs(322,42): warning CS8604: Possible null reference argument for parameter 'arg' in 'ValueTask Func<string, ValueTask>.Invoke(string arg)'. [C:\Users\lordo\Documents\GitHub\llmtornado\src\LlmTornado\LlmTornado.csproj::TargetFramework=netstandard2.0]
C:\Users\lordo\Documents\GitHub\llmtornado\src\LlmTornado\Interactions\InteractionsEndpoint.cs(330,44): warning CS8604: Possible null reference argument for parameter 'arg' in 'ValueTask Func<string, ValueTask>.Invoke(string arg)'. [C:\Users\lordo\Documents\GitHub\llmtornado\src\LlmTornado\LlmTornado.csproj::TargetFramework=netstandard2.0]
C:\Users\lordo\Documents\GitHub\llmtornado\src\LlmTornado\Embedding\Vendors\Voyage\VendorVoyageEmbeddingRequest.cs(190,19): warning CS8618: Non-nullable property 'Type' must contain a non-null value when exiting constructor. Consider adding the 'required' modifier or declaring the property as nullable. [C:\Users\lordo\Documents\GitHub\llmtornado\src\LlmTornado\LlmTornado.csproj::TargetFramework=netstandard2.0]
C:\Users\lordo\Documents\GitHub\llmtornado\src\LlmTornado\Files\Vendors\Google\VendorGoogleTornadoFile.cs(71,43): warning CS8618: Non-nullable property 'File' must contain a non-null value when exiting constructor. Consider adding the 'required' modifier or declaring the property as nullable. [C:\Users\lordo\Documents\GitHub\llmtornado\src\LlmTornado\LlmTornado.csproj::TargetFramework=netstandard2.0]
C:\Users\lordo\Documents\GitHub\llmtornado\src\LlmTornado\Live\LiveSession.cs(165,59): error CS1503: Argument 1: cannot convert from 'byte[]' to 'System.ArraySegment<byte>' [C:\Users\lordo\Documents\GitHub\llmtornado\src\LlmTornado\LlmTornado.csproj::TargetFramework=netstandard2.0]
C:\Users\lordo\Documents\GitHub\llmtornado\src\LlmTornado\Files\Vendors\Google\VendorGoogleTornadoFile.cs(12,19): warning CS8618: Non-nullable property 'Name' must contain a non-null value when exiting constructor. Consider adding the 'required' modifier or declaring the property as nullable. [C:\Users\lordo\Documents\GitHub\llmtornado\src\LlmTornado\LlmTornado.csproj::TargetFramework=netstandard2.0]
C:\Users\lordo\Documents\GitHub\llmtornado\src\LlmTornado\Files\Vendors\Google\VendorGoogleTornadoFile.cs(15,19): warning CS8618: Non-nullable property 'MimeType' must contain a non-null value when exiting constructor. Consider adding the 'required' modifier or declaring the property as nullable. [C:\Users\lordo\Documents\GitHub\llmtornado\src\LlmTornado\LlmTornado.csproj::TargetFramework=netstandard2.0]
C:\Users\lordo\Documents\GitHub\llmtornado\src\LlmTornado\Files\Vendors\Google\VendorGoogleTornadoFile.cs(30,19): warning CS8618: Non-nullable property 'Sha256hash' must contain a non-null value when exiting constructor. Consider adding the 'required' modifier or declaring the property as nullable. [C:\Users\lordo\Documents\GitHub\llmtornado\src\LlmTornado\LlmTornado.csproj::TargetFramework=netstandard2.0]
C:\Users\lordo\Documents\GitHub\llmtornado\src\LlmTornado\Files\Vendors\Google\VendorGoogleTornadoFile.cs(33,19): warning CS8618: Non-nullable property 'Uri' must contain a non-null value when exiting constructor. Consider adding the 'required' modifier or declaring the property as nullable. [C:\Users\lordo\Documents\GitHub\llmtornado\src\LlmTornado\LlmTornado.csproj::TargetFramework=netstandard2.0]
C:\Users\lordo\Documents\GitHub\llmtornado\src\LlmTornado\Files\Vendors\Google\VendorGoogleTornadoFile.cs(42,19): warning CS8618: Non-nullable property 'State' must contain a non-null value when exiting constructor. Consider adding the 'required' modifier or declaring the property as nullable. [C:\Users\lordo\Documents\GitHub\llmtornado\src\LlmTornado\LlmTornado.csproj::TargetFramework=netstandard2.0]
C:\Users\lordo\Documents\GitHub\llmtornado\src\LlmTornado\Files\Vendors\Google\VendorGoogleTornadoFile.cs(45,19): warning CS8618: Non-nullable property 'Source' must contain a non-null value when exiting constructor. Consider adding the 'required' modifier or declaring the property as nullable. [C:\Users\lordo\Documents\GitHub\llmtornado\src\LlmTornado\LlmTornado.csproj::TargetFramework=netstandard2.0]
C:\Users\lordo\Documents\GitHub\llmtornado\src\LlmTornado\Live\LiveSession.cs(227,39): error CS1503: Argument 1: cannot convert from 'byte[]' to 'System.ArraySegment<byte>' [C:\Users\lordo\Documents\GitHub\llmtornado\src\LlmTornado\LlmTornado.csproj::TargetFramework=netstandard2.0]
C:\Users\lordo\Documents\GitHub\llmtornado\src\LlmTornado\Files\Vendors\Anthropic\VendorAnthropicTornadoFile.cs(20,19): warning CS8618: Non-nullable property 'Id' must contain a non-null value when exiting constructor. Consider adding the 'required' modifier or declaring the property as nullable. [C:\Users\lordo\Documents\GitHub\llmtornado\src\LlmTornado\LlmTornado.csproj::TargetFramework=netstandard2.0]
C:\Users\lordo\Documents\GitHub\llmtornado\src\LlmTornado\Files\Vendors\Anthropic\VendorAnthropicTornadoFile.cs(26,19): warning CS8618: Non-nullable property 'Name' must contain a non-null value when exiting constructor. Consider adding the 'required' modifier or declaring the property as nullable. [C:\Users\lordo\Documents\GitHub\llmtornado\src\LlmTornado\LlmTornado.csproj::TargetFramework=netstandard2.0]
C:\Users\lordo\Documents\GitHub\llmtornado\src\LlmTornado\Files\Vendors\Anthropic\VendorAnthropicTornadoFile.cs(38,19): warning CS8618: Non-nullable property 'CreatedAt' must contain a non-null value when exiting constructor. Consider adding the 'required' modifier or declaring the property as nullable. [C:\Users\lordo\Documents\GitHub\llmtornado\src\LlmTornado\LlmTornado.csproj::TargetFramework=netstandard2.0]
C:\Users\lordo\Documents\GitHub\llmtornado\src\LlmTornado\Files\TornadoPagingList.cs(13,20): warning CS8618: Non-nullable property 'Items' must contain a non-null value when exiting constructor. Consider adding the 'required' modifier or declaring the property as nullable. [C:\Users\lordo\Documents\GitHub\llmtornado\src\LlmTornado\LlmTornado.csproj::TargetFramework=netstandard2.0]
C:\Users\lordo\Documents\GitHub\llmtornado\src\LlmTornado\Images\Models\OpenAi\ImageModelOpenAi.cs(61,11): warning CS0618: 'ImageModelOpenAiDalle' is obsolete: 'DALL·E models were removed from the OpenAI API on May 12, 2026. Use ImageModelOpenAiGpt instead.' [C:\Users\lordo\Documents\GitHub\llmtornado\src\LlmTornado\LlmTornado.csproj::TargetFramework=netstandard2.0]
C:\Users\lordo\Documents\GitHub\llmtornado\src\LlmTornado\Completions\CompletionResult.cs(93,50): warning CS8618: Non-nullable property 'Tokens' must contain a non-null value when exiting constructor. Consider adding the 'required' modifier or declaring the property as nullable. [C:\Users\lordo\Documents\GitHub\llmtornado\src\LlmTornado\LlmTornado.csproj::TargetFramework=netstandard2.0]
C:\Users\lordo\Documents\GitHub\llmtornado\src\LlmTornado\Completions\CompletionResult.cs(95,59): warning CS8618: Non-nullable property 'TokenLogprobs' must contain a non-null value when exiting constructor. Consider adding the 'required' modifier or declaring the property as nullable. [C:\Users\lordo\Documents\GitHub\llmtornado\src\LlmTornado\LlmTornado.csproj::TargetFramework=netstandard2.0]
C:\Users\lordo\Documents\GitHub\llmtornado\src\LlmTornado\Completions\CompletionResult.cs(97,78): warning CS8618: Non-nullable property 'TopLogprobs' must contain a non-null value when exiting constructor. Consider adding the 'required' modifier or declaring the property as nullable. [C:\Users\lordo\Documents\GitHub\llmtornado\src\LlmTornado\LlmTornado.csproj::TargetFramework=netstandard2.0]
C:\Users\lordo\Documents\GitHub\llmtornado\src\LlmTornado\Completions\CompletionResult.cs(99,52): warning CS8618: Non-nullable property 'TextOffsets' must contain a non-null value when exiting constructor. Consider adding the 'required' modifier or declaring the property as nullable. [C:\Users\lordo\Documents\GitHub\llmtornado\src\LlmTornado\LlmTornado.csproj::TargetFramework=netstandard2.0]
C:\Users\lordo\Documents\GitHub\llmtornado\src\LlmTornado\Embedding\Vendors\Google\VendorGoogleEmbeddingResult.cs(15,24): warning CS8618: Non-nullable property 'Values' must contain a non-null value when exiting constructor. Consider adding the 'required' modifier or declaring the property as nullable. [C:\Users\lordo\Documents\GitHub\llmtornado\src\LlmTornado\LlmTornado.csproj::TargetFramework=netstandard2.0]
C:\Users\lordo\Documents\GitHub\llmtornado\src\LlmTornado\Completions\CompletionResult.cs(66,19): warning CS8618: Non-nullable property 'Id' must contain a non-null value when exiting constructor. Consider adding the 'required' modifier or declaring the property as nullable. [C:\Users\lordo\Documents\GitHub\llmtornado\src\LlmTornado\LlmTornado.csproj::TargetFramework=netstandard2.0]
C:\Users\lordo\Documents\GitHub\llmtornado\src\LlmTornado\Completions\CompletionResult.cs(72,25): warning CS8618: Non-nullable property 'Completions' must contain a non-null value when exiting constructor. Consider adding the 'required' modifier or declaring the property as nullable. [C:\Users\lordo\Documents\GitHub\llmtornado\src\LlmTornado\LlmTornado.csproj::TargetFramework=netstandard2.0]
C:\Users\lordo\Documents\GitHub\llmtornado\src\LlmTornado\Completions\CompletionResult.cs(78,28): warning CS8618: Non-nullable property 'Usage' must contain a non-null value when exiting constructor. Consider adding the 'required' modifier or declaring the property as nullable. [C:\Users\lordo\Documents\GitHub\llmtornado\src\LlmTornado\LlmTornado.csproj::TargetFramework=netstandard2.0]
C:\Users\lordo\Documents\GitHub\llmtornado\src\LlmTornado\Completions\CompletionResult.cs(15,19): warning CS8618: Non-nullable property 'Text' must contain a non-null value when exiting constructor. Consider adding the 'required' modifier or declaring the property as nullable. [C:\Users\lordo\Documents\GitHub\llmtornado\src\LlmTornado\LlmTornado.csproj::TargetFramework=netstandard2.0]
C:\Users\lordo\Documents\GitHub\llmtornado\src\LlmTornado\Completions\CompletionResult.cs(28,21): warning CS8618: Non-nullable property 'Logprobs' must contain a non-null value when exiting constructor. Consider adding the 'required' modifier or declaring the property as nullable. [C:\Users\lordo\Documents\GitHub\llmtornado\src\LlmTornado\LlmTornado.csproj::TargetFramework=netstandard2.0]
C:\Users\lordo\Documents\GitHub\llmtornado\src\LlmTornado\Completions\CompletionResult.cs(34,19): warning CS8618: Non-nullable property 'FinishReason' must contain a non-null value when exiting constructor. Consider adding the 'required' modifier or declaring the property as nullable. [C:\Users\lordo\Documents\GitHub\llmtornado\src\LlmTornado\LlmTornado.csproj::TargetFramework=netstandard2.0]
C:\Users\lordo\Documents\GitHub\llmtornado\src\LlmTornado\Completions\CompletionRequest.cs(17,9): warning CS8618: Non-nullable property 'MultiplePrompts' must contain a non-null value when exiting constructor. Consider adding the 'required' modifier or declaring the property as nullable. [C:\Users\lordo\Documents\GitHub\llmtornado\src\LlmTornado\LlmTornado.csproj::TargetFramework=netstandard2.0]
C:\Users\lordo\Documents\GitHub\llmtornado\src\LlmTornado\Completions\CompletionRequest.cs(17,9): warning CS8618: Non-nullable property 'Suffix' must contain a non-null value when exiting constructor. Consider adding the 'required' modifier or declaring the property as nullable. [C:\Users\lordo\Documents\GitHub\llmtornado\src\LlmTornado\LlmTornado.csproj::TargetFramework=netstandard2.0]
C:\Users\lordo\Documents\GitHub\llmtornado\src\LlmTornado\Completions\CompletionRequest.cs(17,9): warning CS8618: Non-nullable property 'MultipleStopSequences' must contain a non-null value when exiting constructor. Consider adding the 'required' modifier or declaring the property as nullable. [C:\Users\lordo\Documents\GitHub\llmtornado\src\LlmTornado\LlmTornado.csproj::TargetFramework=netstandard2.0]
C:\Users\lordo\Documents\GitHub\llmtornado\src\LlmTornado\Completions\CompletionRequest.cs(17,9): warning CS8618: Non-nullable property 'user' must contain a non-null value when exiting constructor. Consider adding the 'required' modifier or declaring the property as nullable. [C:\Users\lordo\Documents\GitHub\llmtornado\src\LlmTornado\LlmTornado.csproj::TargetFramework=netstandard2.0]
C:\Users\lordo\Documents\GitHub\llmtornado\src\LlmTornado\Files\TornadoFile.cs(23,19): warning CS8618: Non-nullable property 'Id' must contain a non-null value when exiting constructor. Consider adding the 'required' modifier or declaring the property as nullable. [C:\Users\lordo\Documents\GitHub\llmtornado\src\LlmTornado\LlmTornado.csproj::TargetFramework=netstandard2.0]
C:\Users\lordo\Documents\GitHub\llmtornado\src\LlmTornado\Files\OpenAiInputFileTypes.cs(59,20): warning CS8602: Dereference of a possibly null reference. [C:\Users\lordo\Documents\GitHub\llmtornado\src\LlmTornado\LlmTornado.csproj::TargetFramework=netstandard2.0]
C:\Users\lordo\Documents\GitHub\llmtornado\src\LlmTornado\Files\OpenAiInputFileTypes.cs(74,64): warning CS8604: Possible null reference argument for parameter 'extensionOrFileName' in 'string OpenAiInputFileTypes.NormalizeExtension(string extensionOrFileName)'. [C:\Users\lordo\Documents\GitHub\llmtornado\src\LlmTornado\LlmTornado.csproj::TargetFramework=netstandard2.0]
C:\Users\lordo\Documents\GitHub\llmtornado\src\LlmTornado\Files\FileUploadRequest.cs(91,12): warning CS8618: Non-nullable property 'Bytes' must contain a non-null value when exiting constructor. Consider adding the 'required' modifier or declaring the property as nullable. [C:\Users\lordo\Documents\GitHub\llmtornado\src\LlmTornado\LlmTornado.csproj::TargetFramework=netstandard2.0]
C:\Users\lordo\Documents\GitHub\llmtornado\src\LlmTornado\Files\FileUploadRequest.cs(91,12): warning CS8618: Non-nullable property 'Name' must contain a non-null value when exiting constructor. Consider adding the 'required' modifier or declaring the property as nullable. [C:\Users\lordo\Documents\GitHub\llmtornado\src\LlmTornado\LlmTornado.csproj::TargetFramework=netstandard2.0]
C:\Users\lordo\Documents\GitHub\llmtornado\src\LlmTornado\Interactions\InteractionContent.cs(194,51): error CS1503: Argument 1: cannot convert from 'System.Collections.Generic.List<LlmTornado.Interactions.InteractionStep>' to 'LlmTornado.Interactions.InteractionStep' [C:\Users\lordo\Documents\GitHub\llmtornado\src\LlmTornado\LlmTornado.csproj::TargetFramework=netstandard2.0]
C:\Users\lordo\Documents\GitHub\llmtornado\src\LlmTornado\Interactions\InteractionContent.cs(197,50): error CS1503: Argument 1: cannot convert from 'System.Collections.Generic.List<LlmTornado.Interactions.InteractionContent>' to 'LlmTornado.Interactions.InteractionContent' [C:\Users\lordo\Documents\GitHub\llmtornado\src\LlmTornado\LlmTornado.csproj::TargetFramework=netstandard2.0]
C:\Users\lordo\Documents\GitHub\llmtornado\src\LlmTornado\Completions\CompletionRequest.cs(48,9): warning CS8618: Non-nullable property 'Suffix' must contain a non-null value when exiting constructor. Consider adding the 'required' modifier or declaring the property as nullable. [C:\Users\lordo\Documents\GitHub\llmtornado\src\LlmTornado\LlmTornado.csproj::TargetFramework=netstandard2.0]
C:\Users\lordo\Documents\GitHub\llmtornado\src\LlmTornado\Completions\CompletionRequest.cs(48,9): warning CS8618: Non-nullable property 'MultipleStopSequences' must contain a non-null value when exiting constructor. Consider adding the 'required' modifier or declaring the property as nullable. [C:\Users\lordo\Documents\GitHub\llmtornado\src\LlmTornado\LlmTornado.csproj::TargetFramework=netstandard2.0]
C:\Users\lordo\Documents\GitHub\llmtornado\src\LlmTornado\Completions\CompletionRequest.cs(48,9): warning CS8618: Non-nullable property 'user' must contain a non-null value when exiting constructor. Consider adding the 'required' modifier or declaring the property as nullable. [C:\Users\lordo\Documents\GitHub\llmtornado\src\LlmTornado\LlmTornado.csproj::TargetFramework=netstandard2.0]
C:\Users\lordo\Documents\GitHub\llmtornado\src\LlmTornado\Completions\CompletionRequest.cs(107,17): warning CS8604: Possible null reference argument for parameter 'model' in 'Model.implicit operator string(Model model)'. [C:\Users\lordo\Documents\GitHub\llmtornado\src\LlmTornado\LlmTornado.csproj::TargetFramework=netstandard2.0]
C:\Users\lordo\Documents\GitHub\llmtornado\src\LlmTornado\Completions\CompletionRequest.cs(111,18): warning CS8601: Possible null reference assignment. [C:\Users\lordo\Documents\GitHub\llmtornado\src\LlmTornado\LlmTornado.csproj::TargetFramework=netstandard2.0]
C:\Users\lordo\Documents\GitHub\llmtornado\src\LlmTornado\Completions\CompletionRequest.cs(93,9): warning CS8618: Non-nullable property 'MultiplePrompts' must contain a non-null value when exiting constructor. Consider adding the 'required' modifier or declaring the property as nullable. [C:\Users\lordo\Documents\GitHub\llmtornado\src\LlmTornado\LlmTornado.csproj::TargetFramework=netstandard2.0]
C:\Users\lordo\Documents\GitHub\llmtornado\src\LlmTornado\Completions\CompletionRequest.cs(93,9): warning CS8618: Non-nullable property 'Suffix' must contain a non-null value when exiting constructor. Consider adding the 'required' modifier or declaring the property as nullable. [C:\Users\lordo\Documents\GitHub\llmtornado\src\LlmTornado\LlmTornado.csproj::TargetFramework=netstandard2.0]
C:\Users\lordo\Documents\GitHub\llmtornado\src\LlmTornado\Completions\CompletionRequest.cs(93,9): warning CS8618: Non-nullable property 'user' must contain a non-null value when exiting constructor. Consider adding the 'required' modifier or declaring the property as nullable. [C:\Users\lordo\Documents\GitHub\llmtornado\src\LlmTornado\LlmTornado.csproj::TargetFramework=netstandard2.0]
C:\Users\lordo\Documents\GitHub\llmtornado\src\LlmTornado\Completions\CompletionRequest.cs(138,20): warning CS8603: Possible null reference return. [C:\Users\lordo\Documents\GitHub\llmtornado\src\LlmTornado\LlmTornado.csproj::TargetFramework=netstandard2.0]
C:\Users\lordo\Documents\GitHub\llmtornado\src\LlmTornado\Completions\CompletionRequest.cs(241,20): warning CS8603: Possible null reference return. [C:\Users\lordo\Documents\GitHub\llmtornado\src\LlmTornado\LlmTornado.csproj::TargetFramework=netstandard2.0]
C:\Users\lordo\Documents\GitHub\llmtornado\src\LlmTornado\Completions\CompletionRequest.cs(260,16): warning CS8603: Possible null reference return. [C:\Users\lordo\Documents\GitHub\llmtornado\src\LlmTornado\LlmTornado.csproj::TargetFramework=netstandard2.0]
C:\Users\lordo\Documents\GitHub\llmtornado\src\LlmTornado\Common\Tool.cs(1256,13): warning CS8618: Non-nullable property 'Name' must contain a non-null value when exiting constructor. Consider adding the 'required' modifier or declaring the property as nullable. [C:\Users\lordo\Documents\GitHub\llmtornado\src\LlmTornado\LlmTornado.csproj::TargetFramework=netstandard2.0]
C:\Users\lordo\Documents\GitHub\llmtornado\src\LlmTornado\Common\Tool.cs(1256,13): warning CS8618: Non-nullable property 'Description' must contain a non-null value when exiting constructor. Consider adding the 'required' modifier or declaring the property as nullable. [C:\Users\lordo\Documents\GitHub\llmtornado\src\LlmTornado\LlmTornado.csproj::TargetFramework=netstandard2.0]
C:\Users\lordo\Documents\GitHub\llmtornado\src\LlmTornado\Images\ImageSize.cs(339,34): warning CS8604: Possible null reference argument for parameter 'value' in 'ImageSize.ImageSize(string value)'. [C:\Users\lordo\Documents\GitHub\llmtornado\src\LlmTornado\LlmTornado.csproj::TargetFramework=netstandard2.0]
C:\Users\lordo\Documents\GitHub\llmtornado\src\LlmTornado\Common\Tool.cs(1111,12): warning CS8618: Non-nullable property 'CallAsync' must contain a non-null value when exiting constructor. Consider adding the 'required' modifier or declaring the property as nullable. [C:\Users\lordo\Documents\GitHub\llmtornado\src\LlmTornado\LlmTornado.csproj::TargetFramework=netstandard2.0]
C:\Users\lordo\Documents\GitHub\llmtornado\src\LlmTornado\Model\ModelsEndpoint.cs(39,16): warning CS8603: Possible null reference return. [C:\Users\lordo\Documents\GitHub\llmtornado\src\LlmTornado\LlmTornado.csproj::TargetFramework=netstandard2.0]
C:\Users\lordo\Documents\GitHub\llmtornado\src\LlmTornado\Common\Tool.cs(1065,19): warning CS8618: Non-nullable property 'Definition' must contain a non-null value when exiting constructor. Consider adding the 'required' modifier or declaring the property as nullable. [C:\Users\lordo\Documents\GitHub\llmtornado\src\LlmTornado\LlmTornado.csproj::TargetFramework=netstandard2.0]
C:\Users\lordo\Documents\GitHub\llmtornado\src\LlmTornado\Common\Tool.cs(978,12): warning CS8618: Non-nullable property 'Name' must contain a non-null value when exiting constructor. Consider adding the 'required' modifier or declaring the property as nullable. [C:\Users\lordo\Documents\GitHub\llmtornado\src\LlmTornado\LlmTornado.csproj::TargetFramework=netstandard2.0]
C:\Users\lordo\Documents\GitHub\llmtornado\src\LlmTornado\Common\Tool.cs(978,12): warning CS8618: Non-nullable property 'Format' must contain a non-null value when exiting constructor. Consider adding the 'required' modifier or declaring the property as nullable. [C:\Users\lordo\Documents\GitHub\llmtornado\src\LlmTornado\LlmTornado.csproj::TargetFramework=netstandard2.0]
C:\Users\lordo\Documents\GitHub\llmtornado\src\LlmTornado\Model\Vendors\RetrievedModelsResult.cs(13,33): warning CS8618: Non-nullable property 'Data' must contain a non-null value when exiting constructor. Consider adding the 'required' modifier or declaring the property as nullable. [C:\Users\lordo\Documents\GitHub\llmtornado\src\LlmTornado\LlmTornado.csproj::TargetFramework=netstandard2.0]
C:\Users\lordo\Documents\GitHub\llmtornado\src\LlmTornado\EndpointBase.cs(636,30): warning CS0168: The variable 'e' is declared but never used [C:\Users\lordo\Documents\GitHub\llmtornado\src\LlmTornado\LlmTornado.csproj::TargetFramework=netstandard2.0]
C:\Users\lordo\Documents\GitHub\llmtornado\src\LlmTornado\Model\Vendors\Cohere\VendorCohereRetrievedModelsResult.cs(20,57): warning CS8618: Non-nullable property 'Models' must contain a non-null value when exiting constructor. Consider adding the 'required' modifier or declaring the property as nullable. [C:\Users\lordo\Documents\GitHub\llmtornado\src\LlmTornado\LlmTornado.csproj::TargetFramework=netstandard2.0]
C:\Users\lordo\Documents\GitHub\llmtornado\src\LlmTornado\Model\Vendors\Google\VendorGoogleRetrievedModelsResult.cs(26,12): warning CS8618: Non-nullable property 'Models' must contain a non-null value when exiting constructor. Consider adding the 'required' modifier or declaring the property as nullable. [C:\Users\lordo\Documents\GitHub\llmtornado\src\LlmTornado\LlmTornado.csproj::TargetFramework=netstandard2.0]
C:\Users\lordo\Documents\GitHub\llmtornado\src\LlmTornado\Common\Tool.cs(618,19): warning CS8618: Non-nullable property 'Native' must contain a non-null value when exiting constructor. Consider adding the 'required' modifier or declaring the property as nullable. [C:\Users\lordo\Documents\GitHub\llmtornado\src\LlmTornado\LlmTornado.csproj::TargetFramework=netstandard2.0]
C:\Users\lordo\Documents\GitHub\llmtornado\src\LlmTornado\Common\Tool.cs(607,19): warning CS8618: Non-nullable property 'Blob' must contain a non-null value when exiting constructor. Consider adding the 'required' modifier or declaring the property as nullable. [C:\Users\lordo\Documents\GitHub\llmtornado\src\LlmTornado\LlmTornado.csproj::TargetFramework=netstandard2.0]
C:\Users\lordo\Documents\GitHub\llmtornado\src\LlmTornado\Common\Tool.cs(586,19): warning CS8618: Non-nullable property 'Text' must contain a non-null value when exiting constructor. Consider adding the 'required' modifier or declaring the property as nullable. [C:\Users\lordo\Documents\GitHub\llmtornado\src\LlmTornado\LlmTornado.csproj::TargetFramework=netstandard2.0]
C:\Users\lordo\Documents\GitHub\llmtornado\src\LlmTornado\Common\Tool.cs(505,19): warning CS8618: Non-nullable property 'Uri' must contain a non-null value when exiting constructor. Consider adding the 'required' modifier or declaring the property as nullable. [C:\Users\lordo\Documents\GitHub\llmtornado\src\LlmTornado\LlmTornado.csproj::TargetFramework=netstandard2.0]
C:\Users\lordo\Documents\GitHub\llmtornado\src\LlmTornado\Common\Tool.cs(510,19): warning CS8618: Non-nullable property 'Name' must contain a non-null value when exiting constructor. Consider adding the 'required' modifier or declaring the property as nullable. [C:\Users\lordo\Documents\GitHub\llmtornado\src\LlmTornado\LlmTornado.csproj::TargetFramework=netstandard2.0]
C:\Users\lordo\Documents\GitHub\llmtornado\src\LlmTornado\Common\Tool.cs(481,52): warning CS8618: Non-nullable property 'Resource' must contain a non-null value when exiting constructor. Consider adding the 'required' modifier or declaring the property as nullable. [C:\Users\lordo\Documents\GitHub\llmtornado\src\LlmTornado\LlmTornado.csproj::TargetFramework=netstandard2.0]
C:\Users\lordo\Documents\GitHub\llmtornado\src\LlmTornado\Common\Tool.cs(491,19): warning CS8618: Non-nullable property 'MimeType' must contain a non-null value when exiting constructor. Consider adding the 'required' modifier or declaring the property as nullable. [C:\Users\lordo\Documents\GitHub\llmtornado\src\LlmTornado\LlmTornado.csproj::TargetFramework=netstandard2.0]
C:\Users\lordo\Documents\GitHub\llmtornado\src\LlmTornado\Common\Tool.cs(452,19): warning CS8618: Non-nullable property 'Data' must contain a non-null value when exiting constructor. Consider adding the 'required' modifier or declaring the property as nullable. [C:\Users\lordo\Documents\GitHub\llmtornado\src\LlmTornado\LlmTornado.csproj::TargetFramework=netstandard2.0]
C:\Users\lordo\Documents\GitHub\llmtornado\src\LlmTornado\Common\Tool.cs(462,19): warning CS8618: Non-nullable property 'MimeType' must contain a non-null value when exiting constructor. Consider adding the 'required' modifier or declaring the property as nullable. [C:\Users\lordo\Documents\GitHub\llmtornado\src\LlmTornado\LlmTornado.csproj::TargetFramework=netstandard2.0]
C:\Users\lordo\Documents\GitHub\llmtornado\src\LlmTornado\Common\Tool.cs(436,19): warning CS8618: Non-nullable property 'Data' must contain a non-null value when exiting constructor. Consider adding the 'required' modifier or declaring the property as nullable. [C:\Users\lordo\Documents\GitHub\llmtornado\src\LlmTornado\LlmTornado.csproj::TargetFramework=netstandard2.0]
C:\Users\lordo\Documents\GitHub\llmtornado\src\LlmTornado\Common\Tool.cs(441,19): warning CS8618: Non-nullable property 'MimeType' must contain a non-null value when exiting constructor. Consider adding the 'required' modifier or declaring the property as nullable. [C:\Users\lordo\Documents\GitHub\llmtornado\src\LlmTornado\LlmTornado.csproj::TargetFramework=netstandard2.0]
C:\Users\lordo\Documents\GitHub\llmtornado\src\LlmTornado\Common\Tool.cs(425,19): warning CS8618: Non-nullable property 'Text' must contain a non-null value when exiting constructor. Consider adding the 'required' modifier or declaring the property as nullable. [C:\Users\lordo\Documents\GitHub\llmtornado\src\LlmTornado\LlmTornado.csproj::TargetFramework=netstandard2.0]
C:\Users\lordo\Documents\GitHub\llmtornado\src\LlmTornado\Common\Tool.cs(414,19): warning CS8618: Non-nullable property 'NativeBlock' must contain a non-null value when exiting constructor. Consider adding the 'required' modifier or declaring the property as nullable. [C:\Users\lordo\Documents\GitHub\llmtornado\src\LlmTornado\LlmTornado.csproj::TargetFramework=netstandard2.0]
C:\Users\lordo\Documents\GitHub\llmtornado\src\LlmTornado\Common\Tool.cs(409,34): warning CS8618: Non-nullable property 'NativeBlock' must contain a non-null value when exiting constructor. Consider adding the 'required' modifier or declaring the property as nullable. [C:\Users\lordo\Documents\GitHub\llmtornado\src\LlmTornado\LlmTornado.csproj::TargetFramework=netstandard2.0]
C:\Users\lordo\Documents\GitHub\llmtornado\src\LlmTornado\Common\Tool.cs(345,35): warning CS8618: Non-nullable property 'McpContentBlocks' must contain a non-null value when exiting constructor. Consider adding the 'required' modifier or declaring the property as nullable. [C:\Users\lordo\Documents\GitHub\llmtornado\src\LlmTornado\LlmTornado.csproj::TargetFramework=netstandard2.0]
C:\Users\lordo\Documents\GitHub\llmtornado\src\LlmTornado\Common\Tool.cs(92,12): warning CS8618: Non-nullable property 'Name' must contain a non-null value when exiting constructor. Consider adding the 'required' modifier or declaring the property as nullable. [C:\Users\lordo\Documents\GitHub\llmtornado\src\LlmTornado\LlmTornado.csproj::TargetFramework=netstandard2.0]
C:\Users\lordo\Documents\GitHub\llmtornado\src\LlmTornado\Common\Tool.cs(92,12): warning CS8618: Non-nullable property 'Content' must contain a non-null value when exiting constructor. Consider adding the 'required' modifier or declaring the property as nullable. [C:\Users\lordo\Documents\GitHub\llmtornado\src\LlmTornado\LlmTornado.csproj::TargetFramework=netstandard2.0]
C:\Users\lordo\Documents\GitHub\llmtornado\src\LlmTornado\Model\Vendors\Google\VendorGoogleRetrievedModelsResult.cs(13,23): warning CS8618: Non-nullable property 'Name' must contain a non-null value when exiting constructor. Consider adding the 'required' modifier or declaring the property as nullable. [C:\Users\lordo\Documents\GitHub\llmtornado\src\LlmTornado\LlmTornado.csproj::TargetFramework=netstandard2.0]
C:\Users\lordo\Documents\GitHub\llmtornado\src\LlmTornado\Model\Vendors\Google\VendorGoogleRetrievedModelsResult.cs(14,23): warning CS8618: Non-nullable property 'Version' must contain a non-null value when exiting constructor. Consider adding the 'required' modifier or declaring the property as nullable. [C:\Users\lordo\Documents\GitHub\llmtornado\src\LlmTornado\LlmTornado.csproj::TargetFramework=netstandard2.0]
C:\Users\lordo\Documents\GitHub\llmtornado\src\LlmTornado\Model\Vendors\Google\VendorGoogleRetrievedModelsResult.cs(15,23): warning CS8618: Non-nullable property 'DisplayName' must contain a non-null value when exiting constructor. Consider adding the 'required' modifier or declaring the property as nullable. [C:\Users\lordo\Documents\GitHub\llmtornado\src\LlmTornado\LlmTornado.csproj::TargetFramework=netstandard2.0]
C:\Users\lordo\Documents\GitHub\llmtornado\src\LlmTornado\Model\Vendors\Google\VendorGoogleRetrievedModelsResult.cs(19,29): warning CS8618: Non-nullable property 'SupportedGenerationMethods' must contain a non-null value when exiting constructor. Consider adding the 'required' modifier or declaring the property as nullable. [C:\Users\lordo\Documents\GitHub\llmtornado\src\LlmTornado\LlmTornado.csproj::TargetFramework=netstandard2.0]
C:\Users\lordo\Documents\GitHub\llmtornado\src\LlmTornado\Embedding\Vendors\Cohere\VendorCohereEmbeddingResult.cs(22,19): warning CS8618: Non-nullable property 'Id' must contain a non-null value when exiting constructor. Consider adding the 'required' modifier or declaring the property as nullable. [C:\Users\lordo\Documents\GitHub\llmtornado\src\LlmTornado\LlmTornado.csproj::TargetFramework=netstandard2.0]
C:\Users\lordo\Documents\GitHub\llmtornado\src\LlmTornado\Embedding\Vendors\Cohere\VendorCohereEmbeddingResult.cs(24,25): warning CS8618: Non-nullable property 'Texts' must contain a non-null value when exiting constructor. Consider adding the 'required' modifier or declaring the property as nullable. [C:\Users\lordo\Documents\GitHub\llmtornado\src\LlmTornado\LlmTornado.csproj::TargetFramework=netstandard2.0]
C:\Users\lordo\Documents\GitHub\llmtornado\src\LlmTornado\Embedding\Vendors\Cohere\VendorCohereEmbeddingResult.cs(28,30): warning CS8618: Non-nullable property 'Meta' must contain a non-null value when exiting constructor. Consider adding the 'required' modifier or declaring the property as nullable. [C:\Users\lordo\Documents\GitHub\llmtornado\src\LlmTornado\LlmTornado.csproj::TargetFramework=netstandard2.0]
C:\Users\lordo\Documents\GitHub\llmtornado\src\LlmTornado\Files\FilesEndpoint.cs(508,34): warning CS8618: Non-nullable property 'Data' must contain a non-null value when exiting constructor. Consider adding the 'required' modifier or declaring the property as nullable. [C:\Users\lordo\Documents\GitHub\llmtornado\src\LlmTornado\LlmTornado.csproj::TargetFramework=netstandard2.0]
C:\Users\lordo\Documents\GitHub\llmtornado\src\LlmTornado\Files\FilesEndpoint.cs(511,23): warning CS8618: Non-nullable property 'Obj' must contain a non-null value when exiting constructor. Consider adding the 'required' modifier or declaring the property as nullable. [C:\Users\lordo\Documents\GitHub\llmtornado\src\LlmTornado\LlmTornado.csproj::TargetFramework=netstandard2.0]
C:\Users\lordo\Documents\GitHub\llmtornado\src\LlmTornado\Files\DeletedTornadoFile.cs(16,19): warning CS8618: Non-nullable property 'Id' must contain a non-null value when exiting constructor. Consider adding the 'required' modifier or declaring the property as nullable. [C:\Users\lordo\Documents\GitHub\llmtornado\src\LlmTornado\LlmTornado.csproj::TargetFramework=netstandard2.0]
C:\Users\lordo\Documents\GitHub\llmtornado\src\LlmTornado\Code\Model.cs(562,19): warning CS8618: Non-nullable property 'Id' must contain a non-null value when exiting constructor. Consider adding the 'required' modifier or declaring the property as nullable. [C:\Users\lordo\Documents\GitHub\llmtornado\src\LlmTornado\LlmTornado.csproj::TargetFramework=netstandard2.0]
C:\Users\lordo\Documents\GitHub\llmtornado\src\LlmTornado\Code\Model.cs(619,19): warning CS8618: Non-nullable property 'Organization' must contain a non-null value when exiting constructor. Consider adding the 'required' modifier or declaring the property as nullable. [C:\Users\lordo\Documents\GitHub\llmtornado\src\LlmTornado\LlmTornado.csproj::TargetFramework=netstandard2.0]
C:\Users\lordo\Documents\GitHub\llmtornado\src\LlmTornado\Code\Model.cs(625,19): warning CS8618: Non-nullable property 'Group' must contain a non-null value when exiting constructor. Consider adding the 'required' modifier or declaring the property as nullable. [C:\Users\lordo\Documents\GitHub\llmtornado\src\LlmTornado\LlmTornado.csproj::TargetFramework=netstandard2.0]
C:\Users\lordo\Documents\GitHub\llmtornado\src\LlmTornado\Embedding\MultimodalEmbeddingResult.cs(45,19): warning CS8618: Non-nullable property 'Object' must contain a non-null value when exiting constructor. Consider adding the 'required' modifier or declaring the property as nullable. [C:\Users\lordo\Documents\GitHub\llmtornado\src\LlmTornado\LlmTornado.csproj::TargetFramework=netstandard2.0]
C:\Users\lordo\Documents\GitHub\llmtornado\src\LlmTornado\Embedding\MultimodalEmbeddingResult.cs(52,37): warning CS8618: Non-nullable property 'Embedding' must contain a non-null value when exiting constructor. Consider adding the 'required' modifier or declaring the property as nullable. [C:\Users\lordo\Documents\GitHub\llmtornado\src\LlmTornado\LlmTornado.csproj::TargetFramework=netstandard2.0]
C:\Users\lordo\Documents\GitHub\llmtornado\src\LlmTornado\Embedding\MultimodalEmbeddingResult.cs(15,19): warning CS8618: Non-nullable property 'Object' must contain a non-null value when exiting constructor. Consider adding the 'required' modifier or declaring the property as nullable. [C:\Users\lordo\Documents\GitHub\llmtornado\src\LlmTornado\LlmTornado.csproj::TargetFramework=netstandard2.0]
C:\Users\lordo\Documents\GitHub\llmtornado\src\LlmTornado\Embedding\MultimodalEmbeddingResult.cs(21,38): warning CS8618: Non-nullable property 'Data' must contain a non-null value when exiting constructor. Consider adding the 'required' modifier or declaring the property as nullable. [C:\Users\lordo\Documents\GitHub\llmtornado\src\LlmTornado\LlmTornado.csproj::TargetFramework=netstandard2.0]
C:\Users\lordo\Documents\GitHub\llmtornado\src\LlmTornado\Embedding\MultimodalEmbeddingResult.cs(27,19): warning CS8618: Non-nullable property 'Model' must contain a non-null value when exiting constructor. Consider adding the 'required' modifier or declaring the property as nullable. [C:\Users\lordo\Documents\GitHub\llmtornado\src\LlmTornado\LlmTornado.csproj::TargetFramework=netstandard2.0]
C:\Users\lordo\Documents\GitHub\llmtornado\src\LlmTornado\Embedding\MultimodalEmbeddingResult.cs(33,28): warning CS8618: Non-nullable property 'Usage' must contain a non-null value when exiting constructor. Consider adding the 'required' modifier or declaring the property as nullable. [C:\Users\lordo\Documents\GitHub\llmtornado\src\LlmTornado\LlmTornado.csproj::TargetFramework=netstandard2.0]
C:\Users\lordo\Documents\GitHub\llmtornado\src\LlmTornado\Common\ListResponse.cs(50,12): warning CS8618: Non-nullable property 'FirstId' must contain a non-null value when exiting constructor. Consider adding the 'required' modifier or declaring the property as nullable. [C:\Users\lordo\Documents\GitHub\llmtornado\src\LlmTornado\LlmTornado.csproj::TargetFramework=netstandard2.0]
C:\Users\lordo\Documents\GitHub\llmtornado\src\LlmTornado\Common\ListResponse.cs(50,12): warning CS8618: Non-nullable property 'LastId' must contain a non-null value when exiting constructor. Consider adding the 'required' modifier or declaring the property as nullable. [C:\Users\lordo\Documents\GitHub\llmtornado\src\LlmTornado\LlmTornado.csproj::TargetFramework=netstandard2.0]
C:\Users\lordo\Documents\GitHub\llmtornado\src\LlmTornado\Common\ListQuery.cs(187,37): warning CS8604: Possible null reference argument for parameter 'value' in 'void Dictionary<string, object>.Add(string key, object value)'. [C:\Users\lordo\Documents\GitHub\llmtornado\src\LlmTornado\LlmTornado.csproj::TargetFramework=netstandard2.0]
C:\Users\lordo\Documents\GitHub\llmtornado\src\LlmTornado\Common\ListQuery.cs(192,38): warning CS8604: Possible null reference argument for parameter 'value' in 'void Dictionary<string, object>.Add(string key, object value)'. [C:\Users\lordo\Documents\GitHub\llmtornado\src\LlmTornado\LlmTornado.csproj::TargetFramework=netstandard2.0]
C:\Users\lordo\Documents\GitHub\llmtornado\src\LlmTornado\Chat\OutboundToolChoice.cs(494,19): warning CS8618: Non-nullable property 'Name' must contain a non-null value when exiting constructor. Consider adding the 'required' modifier or declaring the property as nullable. [C:\Users\lordo\Documents\GitHub\llmtornado\src\LlmTornado\LlmTornado.csproj::TargetFramework=netstandard2.0]
C:\Users\lordo\Documents\GitHub\llmtornado\src\LlmTornado\Images\ImageGenerationRequest.cs(197,43): error CS0176: Member 'ImageModelOpenAiGpt.Default' cannot be accessed with an instance reference; qualify it with a type name instead [C:\Users\lordo\Documents\GitHub\llmtornado\src\LlmTornado\LlmTornado.csproj::TargetFramework=netstandard2.0]
C:\Users\lordo\Documents\GitHub\llmtornado\src\LlmTornado\Images\ImageGenerationRequest.cs(56,26): error CS0176: Member 'ImageModelOpenAiGpt.Default' cannot be accessed with an instance reference; qualify it with a type name instead [C:\Users\lordo\Documents\GitHub\llmtornado\src\LlmTornado\LlmTornado.csproj::TargetFramework=netstandard2.0]
C:\Users\lordo\Documents\GitHub\llmtornado\src\LlmTornado\Common\HttpCallResult.cs(41,19): warning CS8618: Non-nullable property 'Url' must contain a non-null value when exiting constructor. Consider adding the 'required' modifier or declaring the property as nullable. [C:\Users\lordo\Documents\GitHub\llmtornado\src\LlmTornado\LlmTornado.csproj::TargetFramework=netstandard2.0]
C:\Users\lordo\Documents\GitHub\llmtornado\src\LlmTornado\Common\HttpCallResult.cs(46,23): warning CS8618: Non-nullable property 'Method' must contain a non-null value when exiting constructor. Consider adding the 'required' modifier or declaring the property as nullable. [C:\Users\lordo\Documents\GitHub\llmtornado\src\LlmTornado\LlmTornado.csproj::TargetFramework=netstandard2.0]
C:\Users\lordo\Documents\GitHub\llmtornado\src\LlmTornado\Common\EventResponse.cs(8,12): warning CS8618: Non-nullable property 'Object' must contain a non-null value when exiting constructor. Consider adding the 'required' modifier or declaring the property as nullable. [C:\Users\lordo\Documents\GitHub\llmtornado\src\LlmTornado\LlmTornado.csproj::TargetFramework=netstandard2.0]
C:\Users\lordo\Documents\GitHub\llmtornado\src\LlmTornado\Common\EventResponse.cs(8,12): warning CS8618: Non-nullable property 'Level' must contain a non-null value when exiting constructor. Consider adding the 'required' modifier or declaring the property as nullable. [C:\Users\lordo\Documents\GitHub\llmtornado\src\LlmTornado\LlmTornado.csproj::TargetFramework=netstandard2.0]
C:\Users\lordo\Documents\GitHub\llmtornado\src\LlmTornado\Common\EventResponse.cs(8,12): warning CS8618: Non-nullable property 'Message' must contain a non-null value when exiting constructor. Consider adding the 'required' modifier or declaring the property as nullable. [C:\Users\lordo\Documents\GitHub\llmtornado\src\LlmTornado\LlmTornado.csproj::TargetFramework=netstandard2.0]
C:\Users\lordo\Documents\GitHub\llmtornado\src\LlmTornado\Common\Event.cs(10,19): warning CS8618: Non-nullable property 'Object' must contain a non-null value when exiting constructor. Consider adding the 'required' modifier or declaring the property as nullable. [C:\Users\lordo\Documents\GitHub\llmtornado\src\LlmTornado\LlmTornado.csproj::TargetFramework=netstandard2.0]
C:\Users\lordo\Documents\GitHub\llmtornado\src\LlmTornado\Common\Event.cs(22,19): warning CS8618: Non-nullable property 'Level' must contain a non-null value when exiting constructor. Consider adding the 'required' modifier or declaring the property as nullable. [C:\Users\lordo\Documents\GitHub\llmtornado\src\LlmTornado\LlmTornado.csproj::TargetFramework=netstandard2.0]
C:\Users\lordo\Documents\GitHub\llmtornado\src\LlmTornado\Common\Event.cs(25,19): warning CS8618: Non-nullable property 'Message' must contain a non-null value when exiting constructor. Consider adding the 'required' modifier or declaring the property as nullable. [C:\Users\lordo\Documents\GitHub\llmtornado\src\LlmTornado\LlmTornado.csproj::TargetFramework=netstandard2.0]
C:\Users\lordo\Documents\GitHub\llmtornado\src\LlmTornado\Infra\ToolDefinition.cs(348,30): warning CS8618: Non-nullable property 'Provider' must contain a non-null value when exiting constructor. Consider adding the 'required' modifier or declaring the property as nullable. [C:\Users\lordo\Documents\GitHub\llmtornado\src\LlmTornado\LlmTornado.csproj::TargetFramework=netstandard2.0]
C:\Users\lordo\Documents\GitHub\llmtornado\src\LlmTornado\Code\Model.cs(57,19): warning CS8618: Non-nullable property 'Id' must contain a non-null value when exiting constructor. Consider adding the 'required' modifier or declaring the property as nullable. [C:\Users\lordo\Documents\GitHub\llmtornado\src\LlmTornado\LlmTornado.csproj::TargetFramework=netstandard2.0]
C:\Users\lordo\Documents\GitHub\llmtornado\src\LlmTornado\Common\DeletionStatus.cs(7,40): warning CS8618: Non-nullable property 'Id' must contain a non-null value when exiting constructor. Consider adding the 'required' modifier or declaring the property as nullable. [C:\Users\lordo\Documents\GitHub\llmtornado\src\LlmTornado\LlmTornado.csproj::TargetFramework=netstandard2.0]
C:\Users\lordo\Documents\GitHub\llmtornado\src\LlmTornado\Common\DeletionStatus.cs(9,44): warning CS8618: Non-nullable property 'Object' must contain a non-null value when exiting constructor. Consider adding the 'required' modifier or declaring the property as nullable. [C:\Users\lordo\Documents\GitHub\llmtornado\src\LlmTornado\LlmTornado.csproj::TargetFramework=netstandard2.0]
C:\Users\lordo\Documents\GitHub\llmtornado\src\LlmTornado\Common\BaseResponse.cs(11,23): warning CS8618: Non-nullable property 'Api' must contain a non-null value when exiting constructor. Consider adding the 'required' modifier or declaring the property as nullable. [C:\Users\lordo\Documents\GitHub\llmtornado\src\LlmTornado\LlmTornado.csproj::TargetFramework=netstandard2.0]
C:\Users\lordo\Documents\GitHub\llmtornado\src\LlmTornado\Images\ImageGenerationEndpoint.cs(44,68): error CS0176: Member 'ImageModelOpenAiGpt.Default' cannot be accessed with an instance reference; qualify it with a type name instead [C:\Users\lordo\Documents\GitHub\llmtornado\src\LlmTornado\LlmTornado.csproj::TargetFramework=netstandard2.0]
C:\Users\lordo\Documents\GitHub\llmtornado\src\LlmTornado\Chat\Vendors\Zai\VendorZaiChatRequest.cs(22,50): warning CS8604: Possible null reference argument for parameter 'o' in 'JObject JObject.FromObject(object o, JsonSerializer jsonSerializer)'. [C:\Users\lordo\Documents\GitHub\llmtornado\src\LlmTornado\LlmTornado.csproj::TargetFramework=netstandard2.0]
C:\Users\lordo\Documents\GitHub\llmtornado\src\LlmTornado\Images\ImageEditRequest.cs(61,43): error CS0176: Member 'ImageModelOpenAiGpt.Default' cannot be accessed with an instance reference; qualify it with a type name instead [C:\Users\lordo\Documents\GitHub\llmtornado\src\LlmTornado\LlmTornado.csproj::TargetFramework=netstandard2.0]
C:\Users\lordo\Documents\GitHub\llmtornado\src\LlmTornado\Images\ImageEditRequest.cs(23,9): warning CS8618: Non-nullable property 'Prompt' must contain a non-null value when exiting constructor. Consider adding the 'required' modifier or declaring the property as nullable. [C:\Users\lordo\Documents\GitHub\llmtornado\src\LlmTornado\LlmTornado.csproj::TargetFramework=netstandard2.0]
C:\Users\lordo\Documents\GitHub\llmtornado\src\LlmTornado\Chat\OutboundToolChoice.cs(419,53): warning CS8604: Possible null reference argument for parameter 'type' in 'bool OutboundToolChoice.TryGetHostedToolTypeEnum(string type, out HostedToolTypes value)'. [C:\Users\lordo\Documents\GitHub\llmtornado\src\LlmTornado\LlmTornado.csproj::TargetFramework=netstandard2.0]
C:\Users\lordo\Documents\GitHub\llmtornado\src\LlmTornado\Chat\OutboundToolChoice.cs(21,19): warning CS8618: Non-nullable property 'Name' must contain a non-null value when exiting constructor. Consider adding the 'required' modifier or declaring the property as nullable. [C:\Users\lordo\Documents\GitHub\llmtornado\src\LlmTornado\LlmTornado.csproj::TargetFramework=netstandard2.0]
C:\Users\lordo\Documents\GitHub\llmtornado\src\LlmTornado\Infra\ToolDefinition.cs(36,14): warning CS8618: Non-nullable property 'Name' must contain a non-null value when exiting constructor. Consider adding the 'required' modifier or declaring the property as nullable. [C:\Users\lordo\Documents\GitHub\llmtornado\src\LlmTornado\LlmTornado.csproj::TargetFramework=netstandard2.0]
C:\Users\lordo\Documents\GitHub\llmtornado\src\LlmTornado\Chat\FunctionCall.cs(141,12): warning CS8618: Non-nullable property 'Name' must contain a non-null value when exiting constructor. Consider adding the 'required' modifier or declaring the property as nullable. [C:\Users\lordo\Documents\GitHub\llmtornado\src\LlmTornado\LlmTornado.csproj::TargetFramework=netstandard2.0]
C:\Users\lordo\Documents\GitHub\llmtornado\src\LlmTornado\Chat\Vendors\XAi\VendorXAiChatRequestData.cs(21,50): warning CS8604: Possible null reference argument for parameter 'o' in 'JObject JObject.FromObject(object o, JsonSerializer jsonSerializer)'. [C:\Users\lordo\Documents\GitHub\llmtornado\src\LlmTornado\LlmTornado.csproj::TargetFramework=netstandard2.0]
C:\Users\lordo\Documents\GitHub\llmtornado\src\LlmTornado\Chat\FunctionCall.cs(147,14): warning CS8618: Non-nullable property 'Name' must contain a non-null value when exiting constructor. Consider adding the 'required' modifier or declaring the property as nullable. [C:\Users\lordo\Documents\GitHub\llmtornado\src\LlmTornado\LlmTornado.csproj::TargetFramework=netstandard2.0]
C:\Users\lordo\Documents\GitHub\llmtornado\src\LlmTornado\Images\ImageEditEndpoint.cs(39,71): error CS0176: Member 'ImageModelOpenAiGpt.Default' cannot be accessed with an instance reference; qualify it with a type name instead [C:\Users\lordo\Documents\GitHub\llmtornado\src\LlmTornado\LlmTornado.csproj::TargetFramework=netstandard2.0]
C:\Users\lordo\Documents\GitHub\llmtornado\src\LlmTornado\Chat\FunctionCall.cs(154,14): warning CS8618: Non-nullable property 'Name' must contain a non-null value when exiting constructor. Consider adding the 'required' modifier or declaring the property as nullable. [C:\Users\lordo\Documents\GitHub\llmtornado\src\LlmTornado\LlmTornado.csproj::TargetFramework=netstandard2.0]
C:\Users\lordo\Documents\GitHub\llmtornado\src\LlmTornado\Responses\ResponseTextFormatConfiguration.cs(104,12): warning CS8618: Non-nullable property 'Name' must contain a non-null value when exiting constructor. Consider adding the 'required' modifier or declaring the property as nullable. [C:\Users\lordo\Documents\GitHub\llmtornado\src\LlmTornado\LlmTornado.csproj::TargetFramework=netstandard2.0]
C:\Users\lordo\Documents\GitHub\llmtornado\src\LlmTornado\Infra\StringValue.cs(261,26): warning CS0168: The variable 'e' is declared but never used [C:\Users\lordo\Documents\GitHub\llmtornado\src\LlmTornado\LlmTornado.csproj::TargetFramework=netstandard2.0]
C:\Users\lordo\Documents\GitHub\llmtornado\src\LlmTornado\Infra\StringValue.cs(306,30): warning CS0168: The variable 'e' is declared but never used [C:\Users\lordo\Documents\GitHub\llmtornado\src\LlmTornado\LlmTornado.csproj::TargetFramework=netstandard2.0]
C:\Users\lordo\Documents\GitHub\llmtornado\src\LlmTornado\Infra\StringValue.cs(352,26): warning CS0168: The variable 'e' is declared but never used [C:\Users\lordo\Documents\GitHub\llmtornado\src\LlmTornado\LlmTornado.csproj::TargetFramework=netstandard2.0]
C:\Users\lordo\Documents\GitHub\llmtornado\src\LlmTornado\Responses\ResponsesWebSocketConnection.cs(85,33): error CS0117: 'ObjectDisposedException' does not contain a definition for 'ThrowIf' [C:\Users\lordo\Documents\GitHub\llmtornado\src\LlmTornado\LlmTornado.csproj::TargetFramework=netstandard2.0]
C:\Users\lordo\Documents\GitHub\llmtornado\src\LlmTornado\Chat\Vendors\Perplexity\VendorPerplexityChatRequestData.cs(21,50): warning CS8604: Possible null reference argument for parameter 'o' in 'JObject JObject.FromObject(object o, JsonSerializer jsonSerializer)'. [C:\Users\lordo\Documents\GitHub\llmtornado\src\LlmTornado\LlmTornado.csproj::TargetFramework=netstandard2.0]
C:\Users\lordo\Documents\GitHub\llmtornado\src\LlmTornado\Infra\StringValue.cs(85,16): warning CS8619: Nullability of reference types in value of type 'Dictionary<string, object>' doesn't match target type 'Dictionary<string, object?>'. [C:\Users\lordo\Documents\GitHub\llmtornado\src\LlmTornado\LlmTornado.csproj::TargetFramework=netstandard2.0]
C:\Users\lordo\Documents\GitHub\llmtornado\src\LlmTornado\Responses\ResponsesWebSocketConnection.cs(205,14): error CS1501: No overload for method 'Replace' takes 3 arguments [C:\Users\lordo\Documents\GitHub\llmtornado\src\LlmTornado\LlmTornado.csproj::TargetFramework=netstandard2.0]
C:\Users\lordo\Documents\GitHub\llmtornado\src\LlmTornado\Responses\ResponsesWebSocketConnection.cs(206,14): error CS1501: No overload for method 'Replace' takes 3 arguments [C:\Users\lordo\Documents\GitHub\llmtornado\src\LlmTornado\LlmTornado.csproj::TargetFramework=netstandard2.0]
C:\Users\lordo\Documents\GitHub\llmtornado\src\LlmTornado\Responses\ResponsesWebSocketConnection.cs(200,20): warning CS8603: Possible null reference return. [C:\Users\lordo\Documents\GitHub\llmtornado\src\LlmTornado\LlmTornado.csproj::TargetFramework=netstandard2.0]
C:\Users\lordo\Documents\GitHub\llmtornado\src\LlmTornado\Chat\Vendors\Perplexity\ChatResultVendorPerplexity.cs(9,38): warning CS8618: Non-nullable property 'Usage' must contain a non-null value when exiting constructor. Consider adding the 'required' modifier or declaring the property as nullable. [C:\Users\lordo\Documents\GitHub\llmtornado\src\LlmTornado\LlmTornado.csproj::TargetFramework=netstandard2.0]
C:\Users\lordo\Documents\GitHub\llmtornado\src\LlmTornado\Responses\ResponsesSession.cs(26,30): warning CS8618: Non-nullable property 'Endpoint' must contain a non-null value when exiting constructor. Consider adding the 'required' modifier or declaring the property as nullable. [C:\Users\lordo\Documents\GitHub\llmtornado\src\LlmTornado\LlmTornado.csproj::TargetFramework=netstandard2.0]
C:\Users\lordo\Documents\GitHub\llmtornado\src\LlmTornado\Chat\Vendors\MoonshotAi\VendorMoonshotAiChatRequest.cs(23,35): warning CS8604: Possible null reference argument for parameter 'o' in 'JObject JObject.FromObject(object o, JsonSerializer jsonSerializer)'. [C:\Users\lordo\Documents\GitHub\llmtornado\src\LlmTornado\LlmTornado.csproj::TargetFramework=netstandard2.0]
C:\Users\lordo\Documents\GitHub\llmtornado\src\LlmTornado\Embedding\Models\Upstage\EmbeddingModelUpstage.cs(49,9): warning CS8604: Possible null reference argument for parameter 'item' in 'void List<IModel>.Add(IModel item)'. [C:\Users\lordo\Documents\GitHub\llmtornado\src\LlmTornado\LlmTornado.csproj::TargetFramework=netstandard2.0]
C:\Users\lordo\Documents\GitHub\llmtornado\src\LlmTornado\Embedding\Models\Upstage\EmbeddingModelUpstage.cs(50,9): warning CS8604: Possible null reference argument for parameter 'item' in 'void List<IModel>.Add(IModel item)'. [C:\Users\lordo\Documents\GitHub\llmtornado\src\LlmTornado\LlmTornado.csproj::TargetFramework=netstandard2.0]
C:\Users\lordo\Documents\GitHub\llmtornado\src\LlmTornado\Chat\Vendors\Mistral\VendorMistralChatRequest.cs(113,23): warning CS8618: Non-nullable property 'Content' must contain a non-null value when exiting constructor. Consider adding the 'required' modifier or declaring the property as nullable. [C:\Users\lordo\Documents\GitHub\llmtornado\src\LlmTornado\LlmTornado.csproj::TargetFramework=netstandard2.0]
C:\Users\lordo\Documents\GitHub\llmtornado\src\LlmTornado\Chat\Vendors\Mistral\VendorMistralChatRequest.cs(95,23): warning CS8618: Non-nullable property 'Name' must contain a non-null value when exiting constructor. Consider adding the 'required' modifier or declaring the property as nullable. [C:\Users\lordo\Documents\GitHub\llmtornado\src\LlmTornado\LlmTornado.csproj::TargetFramework=netstandard2.0]
C:\Users\lordo\Documents\GitHub\llmtornado\src\LlmTornado\Vendor\Google\GoogleEndpointProvider.cs(103,31): warning CS8600: Converting null literal or possible null value to non-nullable type. [C:\Users\lordo\Documents\GitHub\llmtornado\src\LlmTornado\LlmTornado.csproj::TargetFramework=netstandard2.0]
C:\Users\lordo\Documents\GitHub\llmtornado\src\LlmTornado\Embedding\Models\Google\EmbeddingModelGoogleGemini.cs(68,9): warning CS0618: 'EmbeddingModelGoogleGemini.ModelEmbedding4' is obsolete: 'Shut down January 14, 2026. Use ModelGeminiEmbedding001 instead.' [C:\Users\lordo\Documents\GitHub\llmtornado\src\LlmTornado\LlmTornado.csproj::TargetFramework=netstandard2.0]
C:\Users\lordo\Documents\GitHub\llmtornado\src\LlmTornado\Chat\Vendors\Mistral\MistralChatMessageConverter.cs(75,73): warning CS8604: Possible null reference argument for parameter 'content' in 'ChatImage.ChatImage(string content)'. [C:\Users\lordo\Documents\GitHub\llmtornado\src\LlmTornado\LlmTornado.csproj::TargetFramework=netstandard2.0]
C:\Users\lordo\Documents\GitHub\llmtornado\src\LlmTornado\Chat\Vendors\Mistral\MistralChatMessageConverter.cs(84,91): warning CS8604: Possible null reference argument for parameter 'fileUri' in 'ChatMessagePartFileLinkData.ChatMessagePartFileLinkData(string fileUri, string? mimeType = null)'. [C:\Users\lordo\Documents\GitHub\llmtornado\src\LlmTornado\LlmTornado.csproj::TargetFramework=netstandard2.0]
C:\Users\lordo\Documents\GitHub\llmtornado\src\LlmTornado\Chat\Vendors\Mistral\MistralChatMessageConverter.cs(101,91): warning CS8604: Possible null reference argument for parameter 'fileUri' in 'ChatMessagePartFileLinkData.ChatMessagePartFileLinkData(string fileUri, string? mimeType = null)'. [C:\Users\lordo\Documents\GitHub\llmtornado\src\LlmTornado\LlmTornado.csproj::TargetFramework=netstandard2.0]
C:\Users\lordo\Documents\GitHub\llmtornado\src\LlmTornado\Chat\Vendors\Mistral\MistralChatMessageConverter.cs(180,24): warning CS8601: Possible null reference assignment. [C:\Users\lordo\Documents\GitHub\llmtornado\src\LlmTornado\LlmTornado.csproj::TargetFramework=netstandard2.0]
C:\Users\lordo\Documents\GitHub\llmtornado\src\LlmTornado\Chat\Vendors\Mistral\MistralChatMessageConverter.cs(184,32): warning CS8601: Possible null reference assignment. [C:\Users\lordo\Documents\GitHub\llmtornado\src\LlmTornado\LlmTornado.csproj::TargetFramework=netstandard2.0]
C:\Users\lordo\Documents\GitHub\llmtornado\src\LlmTornado\Responses\ResponseOutputItem.cs(1578,17): error CS9135: A constant value of type 'string' is expected [C:\Users\lordo\Documents\GitHub\llmtornado\src\LlmTornado\LlmTornado.csproj::TargetFramework=netstandard2.0]
C:\Users\lordo\Documents\GitHub\llmtornado\src\LlmTornado\Responses\ResponseOutputItem.cs(1579,17): error CS9135: A constant value of type 'string' is expected [C:\Users\lordo\Documents\GitHub\llmtornado\src\LlmTornado\LlmTornado.csproj::TargetFramework=netstandard2.0]
C:\Users\lordo\Documents\GitHub\llmtornado\src\LlmTornado\Chat\Vendors\Mistral\MistralChatMessageConverter.cs(224,39): warning CS8604: Possible null reference argument for parameter 'text' in 'ChatMessagePart.ChatMessagePart(string text)'. [C:\Users\lordo\Documents\GitHub\llmtornado\src\LlmTornado\LlmTornado.csproj::TargetFramework=netstandard2.0]
C:\Users\lordo\Documents\GitHub\llmtornado\src\LlmTornado\Responses\ResponseOutputItem.cs(1533,13): error CS9135: A constant value of type 'string' is expected [C:\Users\lordo\Documents\GitHub\llmtornado\src\LlmTornado\LlmTornado.csproj::TargetFramework=netstandard2.0]
C:\Users\lordo\Documents\GitHub\llmtornado\src\LlmTornado\Responses\ResponseOutputItem.cs(1534,13): error CS9135: A constant value of type 'string' is expected [C:\Users\lordo\Documents\GitHub\llmtornado\src\LlmTornado\LlmTornado.csproj::TargetFramework=netstandard2.0]
C:\Users\lordo\Documents\GitHub\llmtornado\src\LlmTornado\Vendor\Google\GoogleEndpointProvider.cs(426,26): warning CS0168: The variable 'e' is declared but never used [C:\Users\lordo\Documents\GitHub\llmtornado\src\LlmTornado\LlmTornado.csproj::TargetFramework=netstandard2.0]
C:\Users\lordo\Documents\GitHub\llmtornado\src\LlmTornado\Chat\Vendors\Google\VendorGoogleChatRequest.cs(1442,14): warning CS0219: The variable 'anyStrictTool' is assigned but its value is never used [C:\Users\lordo\Documents\GitHub\llmtornado\src\LlmTornado\LlmTornado.csproj::TargetFramework=netstandard2.0]
C:\Users\lordo\Documents\GitHub\llmtornado\src\LlmTornado\Responses\ResponsesWebSocketConnection.cs(228,36): error CS1503: Argument 1: cannot convert from 'object' to 'string' [C:\Users\lordo\Documents\GitHub\llmtornado\src\LlmTornado\LlmTornado.csproj::TargetFramework=netstandard2.0]
C:\Users\lordo\Documents\GitHub\llmtornado\src\LlmTornado\Responses\ResponsesEndpoint.cs(403,28): warning CS8604: Possible null reference argument for parameter 'data' in 'ValueTask<MethodInvocationResult> ResponseFunctionTool.Invoke(string data)'. [C:\Users\lordo\Documents\GitHub\llmtornado\src\LlmTornado\LlmTornado.csproj::TargetFramework=netstandard2.0]
C:\Users\lordo\Documents\GitHub\llmtornado\src\LlmTornado\Responses\ResponseInputContent.cs(246,50): warning CS8604: Possible null reference argument for parameter 'fileName' in 'void OpenAiInputFileTypes.ValidateOrThrow(string fileName, string? mimeType = null)'. [C:\Users\lordo\Documents\GitHub\llmtornado\src\LlmTornado\LlmTornado.csproj::TargetFramework=netstandard2.0]
C:\Users\lordo\Documents\GitHub\llmtornado\src\LlmTornado\Responses\ResponseInputContent.cs(262,50): warning CS8604: Possible null reference argument for parameter 'fileName' in 'void OpenAiInputFileTypes.ValidateOrThrow(string fileName, string? mimeType = null)'. [C:\Users\lordo\Documents\GitHub\llmtornado\src\LlmTornado\LlmTornado.csproj::TargetFramework=netstandard2.0]
C:\Users\lordo\Documents\GitHub\llmtornado\src\LlmTornado\Responses\ResponseDeleted.cs(14,19): warning CS8618: Non-nullable property 'Id' must contain a non-null value when exiting constructor. Consider adding the 'required' modifier or declaring the property as nullable. [C:\Users\lordo\Documents\GitHub\llmtornado\src\LlmTornado\LlmTornado.csproj::TargetFramework=netstandard2.0]
C:\Users\lordo\Documents\GitHub\llmtornado\src\LlmTornado\Responses\ResponsesEndpoint.cs(544,20): warning CS8603: Possible null reference return. [C:\Users\lordo\Documents\GitHub\llmtornado\src\LlmTornado\LlmTornado.csproj::TargetFramework=netstandard2.0]
C:\Users\lordo\Documents\GitHub\llmtornado\src\LlmTornado\Embedding\EmbeddingResult.cs(81,20): warning CS8618: Non-nullable property 'Embedding' must contain a non-null value when exiting constructor. Consider adding the 'required' modifier or declaring the property as nullable. [C:\Users\lordo\Documents\GitHub\llmtornado\src\LlmTornado\LlmTornado.csproj::TargetFramework=netstandard2.0]
C:\Users\lordo\Documents\GitHub\llmtornado\src\LlmTornado\Embedding\EmbeddingResult.cs(60,18): warning CS8602: Dereference of a possibly null reference. [C:\Users\lordo\Documents\GitHub\llmtornado\src\LlmTornado\LlmTornado.csproj::TargetFramework=netstandard2.0]
C:\Users\lordo\Documents\GitHub\llmtornado\src\LlmTornado\Embedding\EmbeddingResult.cs(49,16): warning CS8603: Possible null reference return. [C:\Users\lordo\Documents\GitHub\llmtornado\src\LlmTornado\LlmTornado.csproj::TargetFramework=netstandard2.0]
C:\Users\lordo\Documents\GitHub\llmtornado\src\LlmTornado\Embedding\EmbeddingResult.cs(29,18): warning CS8618: Non-nullable property 'Usage' must contain a non-null value when exiting constructor. Consider adding the 'required' modifier or declaring the property as nullable. [C:\Users\lordo\Documents\GitHub\llmtornado\src\LlmTornado\LlmTornado.csproj::TargetFramework=netstandard2.0]
C:\Users\lordo\Documents\GitHub\llmtornado\src\LlmTornado\Embedding\EmbeddingRequest.cs(28,9): warning CS8618: Non-nullable property 'Model' must contain a non-null value when exiting constructor. Consider adding the 'required' modifier or declaring the property as nullable. [C:\Users\lordo\Documents\GitHub\llmtornado\src\LlmTornado\LlmTornado.csproj::TargetFramework=netstandard2.0]
C:\Users\lordo\Documents\GitHub\llmtornado\src\LlmTornado\Embedding\EmbeddingRequest.cs(28,9): warning CS8618: Non-nullable property 'InputSerialized' must contain a non-null value when exiting constructor. Consider adding the 'required' modifier or declaring the property as nullable. [C:\Users\lordo\Documents\GitHub\llmtornado\src\LlmTornado\LlmTornado.csproj::TargetFramework=netstandard2.0]
C:\Users\lordo\Documents\GitHub\llmtornado\src\LlmTornado\Embedding\EmbeddingRequest.cs(45,9): warning CS8618: Non-nullable property 'InputSerialized' must contain a non-null value when exiting constructor. Consider adding the 'required' modifier or declaring the property as nullable. [C:\Users\lordo\Documents\GitHub\llmtornado\src\LlmTornado\LlmTornado.csproj::TargetFramework=netstandard2.0]
C:\Users\lordo\Documents\GitHub\llmtornado\src\LlmTornado\Embedding\EmbeddingRequest.cs(66,9): warning CS8618: Non-nullable property 'InputSerialized' must contain a non-null value when exiting constructor. Consider adding the 'required' modifier or declaring the property as nullable. [C:\Users\lordo\Documents\GitHub\llmtornado\src\LlmTornado\LlmTornado.csproj::TargetFramework=netstandard2.0]
C:\Users\lordo\Documents\GitHub\llmtornado\src\LlmTornado\Embedding\EmbeddingRequest.cs(80,9): warning CS8618: Non-nullable property 'InputSerialized' must contain a non-null value when exiting constructor. Consider adding the 'required' modifier or declaring the property as nullable. [C:\Users\lordo\Documents\GitHub\llmtornado\src\LlmTornado\LlmTornado.csproj::TargetFramework=netstandard2.0]
C:\Users\lordo\Documents\GitHub\llmtornado\src\LlmTornado\Embedding\EmbeddingRequest.cs(93,9): warning CS8618: Non-nullable property 'InputSerialized' must contain a non-null value when exiting constructor. Consider adding the 'required' modifier or declaring the property as nullable. [C:\Users\lordo\Documents\GitHub\llmtornado\src\LlmTornado\LlmTornado.csproj::TargetFramework=netstandard2.0]
C:\Users\lordo\Documents\GitHub\llmtornado\src\LlmTornado\Embedding\EmbeddingRequest.cs(106,9): warning CS8618: Non-nullable property 'InputSerialized' must contain a non-null value when exiting constructor. Consider adding the 'required' modifier or declaring the property as nullable. [C:\Users\lordo\Documents\GitHub\llmtornado\src\LlmTornado\LlmTornado.csproj::TargetFramework=netstandard2.0]
C:\Users\lordo\Documents\GitHub\llmtornado\src\LlmTornado\Embedding\EmbeddingRequest.cs(118,9): warning CS8618: Non-nullable property 'InputSerialized' must contain a non-null value when exiting constructor. Consider adding the 'required' modifier or declaring the property as nullable. [C:\Users\lordo\Documents\GitHub\llmtornado\src\LlmTornado\LlmTornado.csproj::TargetFramework=netstandard2.0]
C:\Users\lordo\Documents\GitHub\llmtornado\src\LlmTornado\Embedding\EmbeddingRequest.cs(131,9): warning CS8618: Non-nullable property 'InputSerialized' must contain a non-null value when exiting constructor. Consider adding the 'required' modifier or declaring the property as nullable. [C:\Users\lordo\Documents\GitHub\llmtornado\src\LlmTornado\LlmTornado.csproj::TargetFramework=netstandard2.0]
C:\Users\lordo\Documents\GitHub\llmtornado\src\LlmTornado\Embedding\EmbeddingRequest.cs(145,9): warning CS8618: Non-nullable property 'InputSerialized' must contain a non-null value when exiting constructor. Consider adding the 'required' modifier or declaring the property as nullable. [C:\Users\lordo\Documents\GitHub\llmtornado\src\LlmTornado\LlmTornado.csproj::TargetFramework=netstandard2.0]
C:\Users\lordo\Documents\GitHub\llmtornado\src\LlmTornado\Embedding\EmbeddingRequest.cs(159,9): warning CS8618: Non-nullable property 'InputSerialized' must contain a non-null value when exiting constructor. Consider adding the 'required' modifier or declaring the property as nullable. [C:\Users\lordo\Documents\GitHub\llmtornado\src\LlmTornado\LlmTornado.csproj::TargetFramework=netstandard2.0]
C:\Users\lordo\Documents\GitHub\llmtornado\src\LlmTornado\Embedding\EmbeddingRequest.cs(173,9): warning CS8618: Non-nullable property 'InputSerialized' must contain a non-null value when exiting constructor. Consider adding the 'required' modifier or declaring the property as nullable. [C:\Users\lordo\Documents\GitHub\llmtornado\src\LlmTornado\LlmTornado.csproj::TargetFramework=netstandard2.0]
C:\Users\lordo\Documents\GitHub\llmtornado\src\LlmTornado\Embedding\EmbeddingRequest.cs(188,9): warning CS8618: Non-nullable property 'InputSerialized' must contain a non-null value when exiting constructor. Consider adding the 'required' modifier or declaring the property as nullable. [C:\Users\lordo\Documents\GitHub\llmtornado\src\LlmTornado\LlmTornado.csproj::TargetFramework=netstandard2.0]
C:\Users\lordo\Documents\GitHub\llmtornado\src\LlmTornado\Embedding\EmbeddingRequest.cs(204,9): warning CS8618: Non-nullable property 'InputSerialized' must contain a non-null value when exiting constructor. Consider adding the 'required' modifier or declaring the property as nullable. [C:\Users\lordo\Documents\GitHub\llmtornado\src\LlmTornado\LlmTornado.csproj::TargetFramework=netstandard2.0]
C:\Users\lordo\Documents\GitHub\llmtornado\src\LlmTornado\Responses\ConversationResult.cs(17,19): warning CS8618: Non-nullable property 'Id' must contain a non-null value when exiting constructor. Consider adding the 'required' modifier or declaring the property as nullable. [C:\Users\lordo\Documents\GitHub\llmtornado\src\LlmTornado\LlmTornado.csproj::TargetFramework=netstandard2.0]
C:\Users\lordo\Documents\GitHub\llmtornado\src\LlmTornado\Compaction\CompactionResult.cs(104,94): error CS0117: 'ChatMessageTypes' does not contain a definition for 'Unknown' [C:\Users\lordo\Documents\GitHub\llmtornado\src\LlmTornado\LlmTornado.csproj::TargetFramework=netstandard2.0]
C:\Users\lordo\Documents\GitHub\llmtornado\src\LlmTornado\Chat\Vendors\Google\VendorGoogleChatRequest.cs(1290,16): warning CS8618: Non-nullable property 'Name' must contain a non-null value when exiting constructor. Consider adding the 'required' modifier or declaring the property as nullable. [C:\Users\lordo\Documents\GitHub\llmtornado\src\LlmTornado\LlmTornado.csproj::TargetFramework=netstandard2.0]
C:\Users\lordo\Documents\GitHub\llmtornado\src\LlmTornado\Chat\Vendors\Google\VendorGoogleChatRequest.cs(1290,16): warning CS8618: Non-nullable property 'Description' must contain a non-null value when exiting constructor. Consider adding the 'required' modifier or declaring the property as nullable. [C:\Users\lordo\Documents\GitHub\llmtornado\src\LlmTornado\LlmTornado.csproj::TargetFramework=netstandard2.0]
C:\Users\lordo\Documents\GitHub\llmtornado\src\LlmTornado\Compaction\CompactionRequest.cs(149,73): warning CS8604: Possible null reference argument for parameter 'content' in 'ChatMessage.ChatMessage(ChatMessageRoles role, string content)'. [C:\Users\lordo\Documents\GitHub\llmtornado\src\LlmTornado\LlmTornado.csproj::TargetFramework=netstandard2.0]
C:\Users\lordo\Documents\GitHub\llmtornado\src\LlmTornado\Chat\Vendors\Google\VendorGoogleChatRequest.cs(1244,18): warning CS8618: Non-nullable property 'Category' must contain a non-null value when exiting constructor. Consider adding the 'required' modifier or declaring the property as nullable. [C:\Users\lordo\Documents\GitHub\llmtornado\src\LlmTornado\LlmTornado.csproj::TargetFramework=netstandard2.0]
C:\Users\lordo\Documents\GitHub\llmtornado\src\LlmTornado\Chat\Vendors\Google\VendorGoogleChatRequest.cs(1244,18): warning CS8618: Non-nullable property 'Threshold' must contain a non-null value when exiting constructor. Consider adding the 'required' modifier or declaring the property as nullable. [C:\Users\lordo\Documents\GitHub\llmtornado\src\LlmTornado\LlmTornado.csproj::TargetFramework=netstandard2.0]
C:\Users\lordo\Documents\GitHub\llmtornado\src\LlmTornado\Compaction\CompactionEndpoint.cs(40,58): error CS1503: Argument 1: cannot convert from 'LlmTornado.Chat.Models.ChatModel' to 'LlmTornado.Code.LLmProviders?' [C:\Users\lordo\Documents\GitHub\llmtornado\src\LlmTornado\LlmTornado.csproj::TargetFramework=netstandard2.0]
C:\Users\lordo\Documents\GitHub\llmtornado\src\LlmTornado\Responses\ResponseInputMessage.cs(1399,25): error CS1061: 'ResponseInputMessage' does not contain a definition for 'Phase' and no accessible extension method 'Phase' accepting a first argument of type 'ResponseInputMessage' could be found (are you missing a using directive or an assembly reference?) [C:\Users\lordo\Documents\GitHub\llmtornado\src\LlmTornado\LlmTornado.csproj::TargetFramework=netstandard2.0]
C:\Users\lordo\Documents\GitHub\llmtornado\src\LlmTornado\Responses\ResponseInputMessage.cs(1402,54): error CS1061: 'ResponseInputMessage' does not contain a definition for 'Phase' and no accessible extension method 'Phase' accepting a first argument of type 'ResponseInputMessage' could be found (are you missing a using directive or an assembly reference?) [C:\Users\lordo\Documents\GitHub\llmtornado\src\LlmTornado\LlmTornado.csproj::TargetFramework=netstandard2.0]
C:\Users\lordo\Documents\GitHub\llmtornado\src\LlmTornado\Responses\ResponseInputMessage.cs(1908,13): error CS9135: A constant value of type 'string' is expected [C:\Users\lordo\Documents\GitHub\llmtornado\src\LlmTornado\LlmTornado.csproj::TargetFramework=netstandard2.0]
C:\Users\lordo\Documents\GitHub\llmtornado\src\LlmTornado\Responses\ResponseInputMessage.cs(1909,13): error CS9135: A constant value of type 'string' is expected [C:\Users\lordo\Documents\GitHub\llmtornado\src\LlmTornado\LlmTornado.csproj::TargetFramework=netstandard2.0]
C:\Users\lordo\Documents\GitHub\llmtornado\src\LlmTornado\Chat\Vendors\Google\VendorGoogleChatRequest.cs(1115,18): warning CS0219: The variable 'roleSolved' is assigned but its value is never used [C:\Users\lordo\Documents\GitHub\llmtornado\src\LlmTornado\LlmTornado.csproj::TargetFramework=netstandard2.0]
C:\Users\lordo\Documents\GitHub\llmtornado\src\LlmTornado\Chat\Vendors\Google\VendorGoogleChatRequest.cs(919,23): warning CS8618: Non-nullable property 'FileUri' must contain a non-null value when exiting constructor. Consider adding the 'required' modifier or declaring the property as nullable. [C:\Users\lordo\Documents\GitHub\llmtornado\src\LlmTornado\LlmTornado.csproj::TargetFramework=netstandard2.0]
C:\Users\lordo\Documents\GitHub\llmtornado\src\LlmTornado\Chat\Vendors\Google\VendorGoogleChatRequest.cs(892,23): warning CS8618: Non-nullable property 'Code' must contain a non-null value when exiting constructor. Consider adding the 'required' modifier or declaring the property as nullable. [C:\Users\lordo\Documents\GitHub\llmtornado\src\LlmTornado\LlmTornado.csproj::TargetFramework=netstandard2.0]
C:\Users\lordo\Documents\GitHub\llmtornado\src\LlmTornado\Chat\Vendors\Google\VendorGoogleChatRequest.cs(754,23): warning CS8618: Non-nullable property 'MimeType' must contain a non-null value when exiting constructor. Consider adding the 'required' modifier or declaring the property as nullable. [C:\Users\lordo\Documents\GitHub\llmtornado\src\LlmTornado\LlmTornado.csproj::TargetFramework=netstandard2.0]
C:\Users\lordo\Documents\GitHub\llmtornado\src\LlmTornado\Chat\Vendors\Google\VendorGoogleChatRequest.cs(760,23): warning CS8618: Non-nullable property 'Data' must contain a non-null value when exiting constructor. Consider adding the 'required' modifier or declaring the property as nullable. [C:\Users\lordo\Documents\GitHub\llmtornado\src\LlmTornado\LlmTornado.csproj::TargetFramework=netstandard2.0]
C:\Users\lordo\Documents\GitHub\llmtornado\src\LlmTornado\Chat\Vendors\Google\VendorGoogleChatRequest.cs(742,23): warning CS8618: Non-nullable property 'FileUri' must contain a non-null value when exiting constructor. Consider adding the 'required' modifier or declaring the property as nullable. [C:\Users\lordo\Documents\GitHub\llmtornado\src\LlmTornado\LlmTornado.csproj::TargetFramework=netstandard2.0]
C:\Users\lordo\Documents\GitHub\llmtornado\src\LlmTornado\Chat\Vendors\Google\VendorGoogleChatRequest.cs(686,23): warning CS8618: Non-nullable property 'Name' must contain a non-null value when exiting constructor. Consider adding the 'required' modifier or declaring the property as nullable. [C:\Users\lordo\Documents\GitHub\llmtornado\src\LlmTornado\LlmTornado.csproj::TargetFramework=netstandard2.0]
C:\Users\lordo\Documents\GitHub\llmtornado\src\LlmTornado\Chat\Vendors\Google\VendorGoogleChatRequest.cs(644,23): warning CS8618: Non-nullable property 'Name' must contain a non-null value when exiting constructor. Consider adding the 'required' modifier or declaring the property as nullable. [C:\Users\lordo\Documents\GitHub\llmtornado\src\LlmTornado\LlmTornado.csproj::TargetFramework=netstandard2.0]
C:\Users\lordo\Documents\GitHub\llmtornado\src\LlmTornado\Chat\Vendors\Google\VendorGoogleChatRequest.cs(629,23): warning CS8618: Non-nullable property 'MimeType' must contain a non-null value when exiting constructor. Consider adding the 'required' modifier or declaring the property as nullable. [C:\Users\lordo\Documents\GitHub\llmtornado\src\LlmTornado\LlmTornado.csproj::TargetFramework=netstandard2.0]
C:\Users\lordo\Documents\GitHub\llmtornado\src\LlmTornado\Chat\Vendors\Google\VendorGoogleChatRequest.cs(635,23): warning CS8618: Non-nullable property 'Data' must contain a non-null value when exiting constructor. Consider adding the 'required' modifier or declaring the property as nullable. [C:\Users\lordo\Documents\GitHub\llmtornado\src\LlmTornado\LlmTornado.csproj::TargetFramework=netstandard2.0]
C:\Users\lordo\Documents\GitHub\llmtornado\src\LlmTornado\Chat\Vendors\Google\VendorGoogleChatRequest.cs(364,32): warning CS8601: Possible null reference assignment. [C:\Users\lordo\Documents\GitHub\llmtornado\src\LlmTornado\LlmTornado.csproj::TargetFramework=netstandard2.0]
C:\Users\lordo\Documents\GitHub\llmtornado\src\LlmTornado\Embedding\ContextualEmbeddingResult.cs(71,19): warning CS8618: Non-nullable property 'Object' must contain a non-null value when exiting constructor. Consider adding the 'required' modifier or declaring the property as nullable. [C:\Users\lordo\Documents\GitHub\llmtornado\src\LlmTornado\LlmTornado.csproj::TargetFramework=netstandard2.0]
C:\Users\lordo\Documents\GitHub\llmtornado\src\LlmTornado\Embedding\ContextualEmbeddingResult.cs(78,37): warning CS8618: Non-nullable property 'ContextualEmbeddingVector' must contain a non-null value when exiting constructor. Consider adding the 'required' modifier or declaring the property as nullable. [C:\Users\lordo\Documents\GitHub\llmtornado\src\LlmTornado\LlmTornado.csproj::TargetFramework=netstandard2.0]
C:\Users\lordo\Documents\GitHub\llmtornado\src\LlmTornado\Embedding\ContextualEmbeddingResult.cs(47,19): warning CS8618: Non-nullable property 'Object' must contain a non-null value when exiting constructor. Consider adding the 'required' modifier or declaring the property as nullable. [C:\Users\lordo\Documents\GitHub\llmtornado\src\LlmTornado\LlmTornado.csproj::TargetFramework=netstandard2.0]
C:\Users\lordo\Documents\GitHub\llmtornado\src\LlmTornado\Embedding\ContextualEmbeddingResult.cs(53,38): warning CS8618: Non-nullable property 'Data' must contain a non-null value when exiting constructor. Consider adding the 'required' modifier or declaring the property as nullable. [C:\Users\lordo\Documents\GitHub\llmtornado\src\LlmTornado\LlmTornado.csproj::TargetFramework=netstandard2.0]
C:\Users\lordo\Documents\GitHub\llmtornado\src\LlmTornado\Embedding\ContextualEmbeddingResult.cs(17,19): warning CS8618: Non-nullable property 'Object' must contain a non-null value when exiting constructor. Consider adding the 'required' modifier or declaring the property as nullable. [C:\Users\lordo\Documents\GitHub\llmtornado\src\LlmTornado\LlmTornado.csproj::TargetFramework=netstandard2.0]
C:\Users\lordo\Documents\GitHub\llmtornado\src\LlmTornado\Embedding\ContextualEmbeddingResult.cs(23,42): warning CS8618: Non-nullable property 'Data' must contain a non-null value when exiting constructor. Consider adding the 'required' modifier or declaring the property as nullable. [C:\Users\lordo\Documents\GitHub\llmtornado\src\LlmTornado\LlmTornado.csproj::TargetFramework=netstandard2.0]
C:\Users\lordo\Documents\GitHub\llmtornado\src\LlmTornado\Embedding\ContextualEmbeddingResult.cs(29,19): warning CS8618: Non-nullable property 'Model' must contain a non-null value when exiting constructor. Consider adding the 'required' modifier or declaring the property as nullable. [C:\Users\lordo\Documents\GitHub\llmtornado\src\LlmTornado\LlmTornado.csproj::TargetFramework=netstandard2.0]
C:\Users\lordo\Documents\GitHub\llmtornado\src\LlmTornado\Embedding\ContextualEmbeddingResult.cs(35,18): warning CS8618: Non-nullable property 'Usage' must contain a non-null value when exiting constructor. Consider adding the 'required' modifier or declaring the property as nullable. [C:\Users\lordo\Documents\GitHub\llmtornado\src\LlmTornado\LlmTornado.csproj::TargetFramework=netstandard2.0]
C:\Users\lordo\Documents\GitHub\llmtornado\src\LlmTornado\Responses\ResponseInputContent.cs(275,50): warning CS8604: Possible null reference argument for parameter 'fileName' in 'void OpenAiInputFileTypes.ValidateOrThrow(string fileName, string? mimeType = null)'. [C:\Users\lordo\Documents\GitHub\llmtornado\src\LlmTornado\LlmTornado.csproj::TargetFramework=netstandard2.0]
C:\Users\lordo\Documents\GitHub\llmtornado\src\LlmTornado\Chat\Vendors\Google\VendorGoogleChatRequest.cs(190,19): warning CS8618: Non-nullable property 'Speaker' must contain a non-null value when exiting constructor. Consider adding the 'required' modifier or declaring the property as nullable. [C:\Users\lordo\Documents\GitHub\llmtornado\src\LlmTornado\LlmTornado.csproj::TargetFramework=netstandard2.0]
C:\Users\lordo\Documents\GitHub\llmtornado\src\LlmTornado\Chat\Vendors\Google\VendorGoogleChatResult.cs(680,19): warning CS8618: Non-nullable property 'Source' must contain a non-null value when exiting constructor. Consider adding the 'required' modifier or declaring the property as nullable. [C:\Users\lordo\Documents\GitHub\llmtornado\src\LlmTornado\LlmTornado.csproj::TargetFramework=netstandard2.0]
C:\Users\lordo\Documents\GitHub\llmtornado\src\LlmTornado\Chat\Vendors\Google\VendorGoogleChatResult.cs(686,19): warning CS8618: Non-nullable property 'Chunk' must contain a non-null value when exiting constructor. Consider adding the 'required' modifier or declaring the property as nullable. [C:\Users\lordo\Documents\GitHub\llmtornado\src\LlmTornado\LlmTornado.csproj::TargetFramework=netstandard2.0]
C:\Users\lordo\Documents\GitHub\llmtornado\src\LlmTornado\Chat\Vendors\Google\VendorGoogleChatResult.cs(662,19): warning CS8618: Non-nullable property 'PassageId' must contain a non-null value when exiting constructor. Consider adding the 'required' modifier or declaring the property as nullable. [C:\Users\lordo\Documents\GitHub\llmtornado\src\LlmTornado\LlmTornado.csproj::TargetFramework=netstandard2.0]
C:\Users\lordo\Documents\GitHub\llmtornado\src\LlmTornado\Chat\Vendors\Google\VendorGoogleChatResult.cs(644,53): warning CS8618: Non-nullable property 'GroundingPassage' must contain a non-null value when exiting constructor. Consider adding the 'required' modifier or declaring the property as nullable. [C:\Users\lordo\Documents\GitHub\llmtornado\src\LlmTornado\LlmTornado.csproj::TargetFramework=netstandard2.0]
C:\Users\lordo\Documents\GitHub\llmtornado\src\LlmTornado\Chat\Vendors\Google\VendorGoogleChatResult.cs(650,57): warning CS8618: Non-nullable property 'SemanticRetrieverChunk' must contain a non-null value when exiting constructor. Consider adding the 'required' modifier or declaring the property as nullable. [C:\Users\lordo\Documents\GitHub\llmtornado\src\LlmTornado\LlmTornado.csproj::TargetFramework=netstandard2.0]
C:\Users\lordo\Documents\GitHub\llmtornado\src\LlmTornado\Chat\Vendors\Google\VendorGoogleChatResult.cs(626,54): warning CS8618: Non-nullable property 'SourceId' must contain a non-null value when exiting constructor. Consider adding the 'required' modifier or declaring the property as nullable. [C:\Users\lordo\Documents\GitHub\llmtornado\src\LlmTornado\LlmTornado.csproj::TargetFramework=netstandard2.0]
C:\Users\lordo\Documents\GitHub\llmtornado\src\LlmTornado\Chat\Vendors\Google\VendorGoogleChatResult.cs(632,67): warning CS8618: Non-nullable property 'Content' must contain a non-null value when exiting constructor. Consider adding the 'required' modifier or declaring the property as nullable. [C:\Users\lordo\Documents\GitHub\llmtornado\src\LlmTornado\LlmTornado.csproj::TargetFramework=netstandard2.0]
C:\Users\lordo\Documents\GitHub\llmtornado\src\LlmTornado\Chat\Vendors\Google\VendorGoogleChatResult.cs(594,19): warning CS8618: Non-nullable property 'RenderedContent' must contain a non-null value when exiting constructor. Consider adding the 'required' modifier or declaring the property as nullable. [C:\Users\lordo\Documents\GitHub\llmtornado\src\LlmTornado\LlmTornado.csproj::TargetFramework=netstandard2.0]
C:\Users\lordo\Documents\GitHub\llmtornado\src\LlmTornado\Chat\Vendors\Google\VendorGoogleChatResult.cs(601,19): warning CS8618: Non-nullable property 'SdkBlob' must contain a non-null value when exiting constructor. Consider adding the 'required' modifier or declaring the property as nullable. [C:\Users\lordo\Documents\GitHub\llmtornado\src\LlmTornado\LlmTornado.csproj::TargetFramework=netstandard2.0]
C:\Users\lordo\Documents\GitHub\llmtornado\src\LlmTornado\Vendor\Anthropic\VendorAnthropicChatResultContainer.cs(22,19): warning CS8618: Non-nullable property 'Type' must contain a non-null value when exiting constructor. Consider adding the 'required' modifier or declaring the property as nullable. [C:\Users\lordo\Documents\GitHub\llmtornado\src\LlmTornado\LlmTornado.csproj::TargetFramework=netstandard2.0]
C:\Users\lordo\Documents\GitHub\llmtornado\src\LlmTornado\Vendor\Anthropic\VendorAnthropicChatResultContainer.cs(25,19): warning CS8618: Non-nullable property 'SkillId' must contain a non-null value when exiting constructor. Consider adding the 'required' modifier or declaring the property as nullable. [C:\Users\lordo\Documents\GitHub\llmtornado\src\LlmTornado\LlmTornado.csproj::TargetFramework=netstandard2.0]
C:\Users\lordo\Documents\GitHub\llmtornado\src\LlmTornado\Vendor\Anthropic\VendorAnthropicChatResultContainer.cs(28,19): warning CS8618: Non-nullable property 'Version' must contain a non-null value when exiting constructor. Consider adding the 'required' modifier or declaring the property as nullable. [C:\Users\lordo\Documents\GitHub\llmtornado\src\LlmTornado\LlmTornado.csproj::TargetFramework=netstandard2.0]
C:\Users\lordo\Documents\GitHub\llmtornado\src\LlmTornado\Chat\Vendors\Google\VendorGoogleChatResult.cs(582,19): warning CS8618: Non-nullable property 'Text' must contain a non-null value when exiting constructor. Consider adding the 'required' modifier or declaring the property as nullable. [C:\Users\lordo\Documents\GitHub\llmtornado\src\LlmTornado\LlmTornado.csproj::TargetFramework=netstandard2.0]
C:\Users\lordo\Documents\GitHub\llmtornado\src\LlmTornado\Vendor\Anthropic\VendorAnthropicChatResultContainer.cs(10,19): warning CS8618: Non-nullable property 'Id' must contain a non-null value when exiting constructor. Consider adding the 'required' modifier or declaring the property as nullable. [C:\Users\lordo\Documents\GitHub\llmtornado\src\LlmTornado\LlmTornado.csproj::TargetFramework=netstandard2.0]
C:\Users\lordo\Documents\GitHub\llmtornado\src\LlmTornado\Vendor\Anthropic\VendorAnthropicChatResultContainer.cs(16,54): warning CS8618: Non-nullable property 'Skills' must contain a non-null value when exiting constructor. Consider adding the 'required' modifier or declaring the property as nullable. [C:\Users\lordo\Documents\GitHub\llmtornado\src\LlmTornado\LlmTornado.csproj::TargetFramework=netstandard2.0]
C:\Users\lordo\Documents\GitHub\llmtornado\src\LlmTornado\Chat\Vendors\Google\VendorGoogleChatResult.cs(552,42): warning CS8618: Non-nullable property 'Segment' must contain a non-null value when exiting constructor. Consider adding the 'required' modifier or declaring the property as nullable. [C:\Users\lordo\Documents\GitHub\llmtornado\src\LlmTornado\LlmTornado.csproj::TargetFramework=netstandard2.0]
C:\Users\lordo\Documents\GitHub\llmtornado\src\LlmTornado\Chat\Vendors\Google\VendorGoogleChatResult.cs(516,19): warning CS8618: Non-nullable property 'ReviewId' must contain a non-null value when exiting constructor. Consider adding the 'required' modifier or declaring the property as nullable. [C:\Users\lordo\Documents\GitHub\llmtornado\src\LlmTornado\LlmTornado.csproj::TargetFramework=netstandard2.0]
C:\Users\lordo\Documents\GitHub\llmtornado\src\LlmTornado\Chat\Vendors\Google\VendorGoogleChatResult.cs(522,19): warning CS8618: Non-nullable property 'GoogleMapsUri' must contain a non-null value when exiting constructor. Consider adding the 'required' modifier or declaring the property as nullable. [C:\Users\lordo\Documents\GitHub\llmtornado\src\LlmTornado\LlmTornado.csproj::TargetFramework=netstandard2.0]
C:\Users\lordo\Documents\GitHub\llmtornado\src\LlmTornado\Chat\Vendors\Google\VendorGoogleChatResult.cs(528,19): warning CS8618: Non-nullable property 'Title' must contain a non-null value when exiting constructor. Consider adding the 'required' modifier or declaring the property as nullable. [C:\Users\lordo\Documents\GitHub\llmtornado\src\LlmTornado\LlmTornado.csproj::TargetFramework=netstandard2.0]
C:\Users\lordo\Documents\GitHub\llmtornado\src\LlmTornado\Chat\Vendors\Alibaba\VendorAlibabaChatRequest.cs(18,50): warning CS8604: Possible null reference argument for parameter 'o' in 'JObject JObject.FromObject(object o, JsonSerializer jsonSerializer)'. [C:\Users\lordo\Documents\GitHub\llmtornado\src\LlmTornado\LlmTornado.csproj::TargetFramework=netstandard2.0]
C:\Users\lordo\Documents\GitHub\llmtornado\src\LlmTornado\Chat\ResolvedToolsCall.cs(50,24): warning CS8618: Non-nullable property 'AssistantMessage' must contain a non-null value when exiting constructor. Consider adding the 'required' modifier or declaring the property as nullable. [C:\Users\lordo\Documents\GitHub\llmtornado\src\LlmTornado\LlmTornado.csproj::TargetFramework=netstandard2.0]
C:\Users\lordo\Documents\GitHub\llmtornado\src\LlmTornado\Chat\ResolvedToolsCall.cs(37,24): warning CS8618: Non-nullable property 'ToolMessage' must contain a non-null value when exiting constructor. Consider adding the 'required' modifier or declaring the property as nullable. [C:\Users\lordo\Documents\GitHub\llmtornado\src\LlmTornado\LlmTornado.csproj::TargetFramework=netstandard2.0]
C:\Users\lordo\Documents\GitHub\llmtornado\src\LlmTornado\Chat\Vendors\Google\VendorGoogleChatResult.cs(468,19): warning CS8618: Non-nullable property 'Uri' must contain a non-null value when exiting constructor. Consider adding the 'required' modifier or declaring the property as nullable. [C:\Users\lordo\Documents\GitHub\llmtornado\src\LlmTornado\LlmTornado.csproj::TargetFramework=netstandard2.0]
C:\Users\lordo\Documents\GitHub\llmtornado\src\LlmTornado\Chat\Vendors\Google\VendorGoogleChatResult.cs(474,19): warning CS8618: Non-nullable property 'Title' must contain a non-null value when exiting constructor. Consider adding the 'required' modifier or declaring the property as nullable. [C:\Users\lordo\Documents\GitHub\llmtornado\src\LlmTornado\LlmTornado.csproj::TargetFramework=netstandard2.0]
C:\Users\lordo\Documents\GitHub\llmtornado\src\LlmTornado\Chat\Vendors\Google\VendorGoogleChatResult.cs(480,19): warning CS8618: Non-nullable property 'Text' must contain a non-null value when exiting constructor. Consider adding the 'required' modifier or declaring the property as nullable. [C:\Users\lordo\Documents\GitHub\llmtornado\src\LlmTornado\LlmTornado.csproj::TargetFramework=netstandard2.0]
C:\Users\lordo\Documents\GitHub\llmtornado\src\LlmTornado\Chat\Vendors\Google\VendorGoogleChatResult.cs(486,19): warning CS8618: Non-nullable property 'PlaceId' must contain a non-null value when exiting constructor. Consider adding the 'required' modifier or declaring the property as nullable. [C:\Users\lordo\Documents\GitHub\llmtornado\src\LlmTornado\LlmTornado.csproj::TargetFramework=netstandard2.0]
C:\Users\lordo\Documents\GitHub\llmtornado\src\LlmTornado\Chat\Vendors\Google\VendorGoogleChatResult.cs(450,19): warning CS8618: Non-nullable property 'Uri' must contain a non-null value when exiting constructor. Consider adding the 'required' modifier or declaring the property as nullable. [C:\Users\lordo\Documents\GitHub\llmtornado\src\LlmTornado\LlmTornado.csproj::TargetFramework=netstandard2.0]
C:\Users\lordo\Documents\GitHub\llmtornado\src\LlmTornado\Chat\Vendors\Google\VendorGoogleChatResult.cs(456,19): warning CS8618: Non-nullable property 'Title' must contain a non-null value when exiting constructor. Consider adding the 'required' modifier or declaring the property as nullable. [C:\Users\lordo\Documents\GitHub\llmtornado\src\LlmTornado\LlmTornado.csproj::TargetFramework=netstandard2.0]
C:\Users\lordo\Documents\GitHub\llmtornado\src\LlmTornado\Chat\Vendors\Google\VendorGoogleChatResult.cs(345,52): warning CS8618: Non-nullable property 'RetrievalMetadata' must contain a non-null value when exiting constructor. Consider adding the 'required' modifier or declaring the property as nullable. [C:\Users\lordo\Documents\GitHub\llmtornado\src\LlmTornado\LlmTornado.csproj::TargetFramework=netstandard2.0]
C:\Users\lordo\Documents\GitHub\llmtornado\src\LlmTornado\Chat\Vendors\Google\VendorGoogleChatResult.cs(297,19): warning CS8618: Non-nullable property 'Token' must contain a non-null value when exiting constructor. Consider adding the 'required' modifier or declaring the property as nullable. [C:\Users\lordo\Documents\GitHub\llmtornado\src\LlmTornado\LlmTornado.csproj::TargetFramework=netstandard2.0]
C:\Users\lordo\Documents\GitHub\llmtornado\src\LlmTornado\Chat\Vendors\Google\VendorGoogleChatResult.cs(212,19): warning CS8618: Non-nullable property 'RetrievedUrl' must contain a non-null value when exiting constructor. Consider adding the 'required' modifier or declaring the property as nullable. [C:\Users\lordo\Documents\GitHub\llmtornado\src\LlmTornado\LlmTornado.csproj::TargetFramework=netstandard2.0]
C:\Users\lordo\Documents\GitHub\llmtornado\src\LlmTornado\Responses\ResponseHelpers.cs(113,29): warning CS8604: Possible null reference argument for parameter 'output' in 'FunctionToolCallOutput.FunctionToolCallOutput(string callId, string output)'. [C:\Users\lordo\Documents\GitHub\llmtornado\src\LlmTornado\LlmTornado.csproj::TargetFramework=netstandard2.0]
C:\Users\lordo\Documents\GitHub\llmtornado\src\LlmTornado\Chat\Vendors\Google\VendorGoogleChatResult.cs(94,30): warning CS8618: Non-nullable property 'Meta' must contain a non-null value when exiting constructor. Consider adding the 'required' modifier or declaring the property as nullable. [C:\Users\lordo\Documents\GitHub\llmtornado\src\LlmTornado\LlmTornado.csproj::TargetFramework=netstandard2.0]
C:\Users\lordo\Documents\GitHub\llmtornado\src\LlmTornado\Chat\Vendors\Google\VendorGoogleChatResult.cs(26,71): warning CS8618: Non-nullable property 'Content' must contain a non-null value when exiting constructor. Consider adding the 'required' modifier or declaring the property as nullable. [C:\Users\lordo\Documents\GitHub\llmtornado\src\LlmTornado\LlmTornado.csproj::TargetFramework=netstandard2.0]
C:\Users\lordo\Documents\GitHub\llmtornado\src\LlmTornado\Chat\Vendors\Cohere\VendorCohereCitationBlock.cs(11,19): warning CS8618: Non-nullable property 'Text' must contain a non-null value when exiting constructor. Consider adding the 'required' modifier or declaring the property as nullable. [C:\Users\lordo\Documents\GitHub\llmtornado\src\LlmTornado\LlmTornado.csproj::TargetFramework=netstandard2.0]
C:\Users\lordo\Documents\GitHub\llmtornado\src\LlmTornado\Chat\Vendors\Cohere\VendorCohereChatTool.cs(50,19): warning CS8618: Non-nullable property 'Name' must contain a non-null value when exiting constructor. Consider adding the 'required' modifier or declaring the property as nullable. [C:\Users\lordo\Documents\GitHub\llmtornado\src\LlmTornado\LlmTornado.csproj::TargetFramework=netstandard2.0]
C:\Users\lordo\Documents\GitHub\llmtornado\src\LlmTornado\Chat\Vendors\Cohere\VendorCohereChatTool.cs(29,19): warning CS8618: Non-nullable property 'Description' must contain a non-null value when exiting constructor. Consider adding the 'required' modifier or declaring the property as nullable. [C:\Users\lordo\Documents\GitHub\llmtornado\src\LlmTornado\LlmTornado.csproj::TargetFramework=netstandard2.0]
C:\Users\lordo\Documents\GitHub\llmtornado\src\LlmTornado\Chat\Vendors\Cohere\VendorCohereChatTool.cs(32,19): warning CS8618: Non-nullable property 'Type' must contain a non-null value when exiting constructor. Consider adding the 'required' modifier or declaring the property as nullable. [C:\Users\lordo\Documents\GitHub\llmtornado\src\LlmTornado\LlmTornado.csproj::TargetFramework=netstandard2.0]
C:\Users\lordo\Documents\GitHub\llmtornado\src\LlmTornado\Chat\Vendors\Cohere\VendorCohereChatTool.cs(21,19): warning CS8618: Non-nullable property 'Name' must contain a non-null value when exiting constructor. Consider adding the 'required' modifier or declaring the property as nullable. [C:\Users\lordo\Documents\GitHub\llmtornado\src\LlmTornado\LlmTornado.csproj::TargetFramework=netstandard2.0]
C:\Users\lordo\Documents\GitHub\llmtornado\src\LlmTornado\Chat\Vendors\Cohere\VendorCohereChatTool.cs(9,19): warning CS8618: Non-nullable property 'Name' must contain a non-null value when exiting constructor. Consider adding the 'required' modifier or declaring the property as nullable. [C:\Users\lordo\Documents\GitHub\llmtornado\src\LlmTornado\LlmTornado.csproj::TargetFramework=netstandard2.0]
C:\Users\lordo\Documents\GitHub\llmtornado\src\LlmTornado\Chat\Vendors\Cohere\VendorCohereChatTool.cs(12,19): warning CS8618: Non-nullable property 'Description' must contain a non-null value when exiting constructor. Consider adding the 'required' modifier or declaring the property as nullable. [C:\Users\lordo\Documents\GitHub\llmtornado\src\LlmTornado\LlmTornado.csproj::TargetFramework=netstandard2.0]
C:\Users\lordo\Documents\GitHub\llmtornado\src\LlmTornado\Chat\Vendors\Cohere\VendorCohereChatSearchResult.cs(15,40): warning CS8618: Non-nullable property 'SearchQuery' must contain a non-null value when exiting constructor. Consider adding the 'required' modifier or declaring the property as nullable. [C:\Users\lordo\Documents\GitHub\llmtornado\src\LlmTornado\LlmTornado.csproj::TargetFramework=netstandard2.0]
C:\Users\lordo\Documents\GitHub\llmtornado\src\LlmTornado\Chat\Vendors\Cohere\VendorCohereChatSearchResult.cs(21,25): warning CS8618: Non-nullable property 'DocumentIds' must contain a non-null value when exiting constructor. Consider adding the 'required' modifier or declaring the property as nullable. [C:\Users\lordo\Documents\GitHub\llmtornado\src\LlmTornado\LlmTornado.csproj::TargetFramework=netstandard2.0]
C:\Users\lordo\Documents\GitHub\llmtornado\src\LlmTornado\Chat\Vendors\Cohere\VendorCohereChatSearchResult.cs(27,49): warning CS8618: Non-nullable property 'Connector' must contain a non-null value when exiting constructor. Consider adding the 'required' modifier or declaring the property as nullable. [C:\Users\lordo\Documents\GitHub\llmtornado\src\LlmTornado\LlmTornado.csproj::TargetFramework=netstandard2.0]
C:\Users\lordo\Documents\GitHub\llmtornado\src\LlmTornado\Chat\Vendors\Cohere\VendorCohereChatSearchQueryConnector.cs(14,19): warning CS8618: Non-nullable property 'Id' must contain a non-null value when exiting constructor. Consider adding the 'required' modifier or declaring the property as nullable. [C:\Users\lordo\Documents\GitHub\llmtornado\src\LlmTornado\LlmTornado.csproj::TargetFramework=netstandard2.0]
C:\Users\lordo\Documents\GitHub\llmtornado\src\LlmTornado\Chat\Vendors\Cohere\VendorCohereChatSearchQuery.cs(15,19): warning CS8618: Non-nullable property 'Text' must contain a non-null value when exiting constructor. Consider adding the 'required' modifier or declaring the property as nullable. [C:\Users\lordo\Documents\GitHub\llmtornado\src\LlmTornado\LlmTornado.csproj::TargetFramework=netstandard2.0]
C:\Users\lordo\Documents\GitHub\llmtornado\src\LlmTornado\Chat\Vendors\Cohere\VendorCohereChatSearchQuery.cs(21,19): warning CS8618: Non-nullable property 'GenerationId' must contain a non-null value when exiting constructor. Consider adding the 'required' modifier or declaring the property as nullable. [C:\Users\lordo\Documents\GitHub\llmtornado\src\LlmTornado\LlmTornado.csproj::TargetFramework=netstandard2.0]
C:\Users\lordo\Documents\GitHub\llmtornado\src\LlmTornado\Responses\Events\ResponseEventOutputTextDelta.cs(35,19): warning CS8618: Non-nullable property 'ItemId' must contain a non-null value when exiting constructor. Consider adding the 'required' modifier or declaring the property as nullable. [C:\Users\lordo\Documents\GitHub\llmtornado\src\LlmTornado\LlmTornado.csproj::TargetFramework=netstandard2.0]
C:\Users\lordo\Documents\GitHub\llmtornado\src\LlmTornado\Responses\Events\ResponseEventOutputTextDelta.cs(47,19): warning CS8618: Non-nullable property 'Delta' must contain a non-null value when exiting constructor. Consider adding the 'required' modifier or declaring the property as nullable. [C:\Users\lordo\Documents\GitHub\llmtornado\src\LlmTornado\LlmTornado.csproj::TargetFramework=netstandard2.0]
C:\Users\lordo\Documents\GitHub\llmtornado\src\LlmTornado\Chat\Vendors\Cohere\VendorCohereChatResult.cs(59,19): warning CS8618: Non-nullable property 'ResponseId' must contain a non-null value when exiting constructor. Consider adding the 'required' modifier or declaring the property as nullable. [C:\Users\lordo\Documents\GitHub\llmtornado\src\LlmTornado\LlmTornado.csproj::TargetFramework=netstandard2.0]
C:\Users\lordo\Documents\GitHub\llmtornado\src\LlmTornado\Chat\Vendors\Cohere\VendorCohereChatResult.cs(184,23): warning CS8618: Non-nullable property 'Text' must contain a non-null value when exiting constructor. Consider adding the 'required' modifier or declaring the property as nullable. [C:\Users\lordo\Documents\GitHub\llmtornado\src\LlmTornado\LlmTornado.csproj::TargetFramework=netstandard2.0]
C:\Users\lordo\Documents\GitHub\llmtornado\src\LlmTornado\Chat\Vendors\Cohere\VendorCohereChatResult.cs(187,29): warning CS8618: Non-nullable property 'Sources' must contain a non-null value when exiting constructor. Consider adding the 'required' modifier or declaring the property as nullable. [C:\Users\lordo\Documents\GitHub\llmtornado\src\LlmTornado\LlmTornado.csproj::TargetFramework=netstandard2.0]
C:\Users\lordo\Documents\GitHub\llmtornado\src\LlmTornado\Chat\Vendors\Cohere\VendorCohereChatResult.cs(163,23): warning CS8618: Non-nullable property 'Name' must contain a non-null value when exiting constructor. Consider adding the 'required' modifier or declaring the property as nullable. [C:\Users\lordo\Documents\GitHub\llmtornado\src\LlmTornado\LlmTornado.csproj::TargetFramework=netstandard2.0]
C:\Users\lordo\Documents\GitHub\llmtornado\src\LlmTornado\Chat\Vendors\Cohere\VendorCohereChatResult.cs(169,23): warning CS8618: Non-nullable property 'Arguments' must contain a non-null value when exiting constructor. Consider adding the 'required' modifier or declaring the property as nullable. [C:\Users\lordo\Documents\GitHub\llmtornado\src\LlmTornado\LlmTornado.csproj::TargetFramework=netstandard2.0]
C:\Users\lordo\Documents\GitHub\llmtornado\src\LlmTornado\Chat\Vendors\Cohere\VendorCohereChatResult.cs(139,23): warning CS8618: Non-nullable property 'Id' must contain a non-null value when exiting constructor. Consider adding the 'required' modifier or declaring the property as nullable. [C:\Users\lordo\Documents\GitHub\llmtornado\src\LlmTornado\LlmTornado.csproj::TargetFramework=netstandard2.0]
C:\Users\lordo\Documents\GitHub\llmtornado\src\LlmTornado\Chat\Vendors\Cohere\VendorCohereChatResult.cs(151,45): warning CS8618: Non-nullable property 'Function' must contain a non-null value when exiting constructor. Consider adding the 'required' modifier or declaring the property as nullable. [C:\Users\lordo\Documents\GitHub\llmtornado\src\LlmTornado\LlmTornado.csproj::TargetFramework=netstandard2.0]
C:\Users\lordo\Documents\GitHub\llmtornado\src\LlmTornado\Chat\Vendors\Cohere\VendorCohereChatResult.cs(118,23): warning CS8618: Non-nullable property 'Text' must contain a non-null value when exiting constructor. Consider adding the 'required' modifier or declaring the property as nullable. [C:\Users\lordo\Documents\GitHub\llmtornado\src\LlmTornado\LlmTornado.csproj::TargetFramework=netstandard2.0]
C:\Users\lordo\Documents\GitHub\llmtornado\src\LlmTornado\Chat\Vendors\Cohere\VendorCohereChatResult.cs(121,23): warning CS8618: Non-nullable property 'Thinking' must contain a non-null value when exiting constructor. Consider adding the 'required' modifier or declaring the property as nullable. [C:\Users\lordo\Documents\GitHub\llmtornado\src\LlmTornado\LlmTornado.csproj::TargetFramework=netstandard2.0]
C:\Users\lordo\Documents\GitHub\llmtornado\src\LlmTornado\Chat\Vendors\Cohere\VendorCohereChatResult.cs(50,39): warning CS8618: Non-nullable property 'Document' must contain a non-null value when exiting constructor. Consider adding the 'required' modifier or declaring the property as nullable. [C:\Users\lordo\Documents\GitHub\llmtornado\src\LlmTornado\LlmTornado.csproj::TargetFramework=netstandard2.0]
C:\Users\lordo\Documents\GitHub\llmtornado\src\LlmTornado\Chat\Vendors\Cohere\VendorCohereChatResult.cs(53,19): warning CS8618: Non-nullable property 'Id' must contain a non-null value when exiting constructor. Consider adding the 'required' modifier or declaring the property as nullable. [C:\Users\lordo\Documents\GitHub\llmtornado\src\LlmTornado\LlmTornado.csproj::TargetFramework=netstandard2.0]
C:\Users\lordo\Documents\GitHub\llmtornado\src\LlmTornado\Chat\Vendors\Cohere\VendorCohereChatResult.cs(38,19): warning CS8618: Non-nullable property 'Id' must contain a non-null value when exiting constructor. Consider adding the 'required' modifier or declaring the property as nullable. [C:\Users\lordo\Documents\GitHub\llmtornado\src\LlmTornado\LlmTornado.csproj::TargetFramework=netstandard2.0]
C:\Users\lordo\Documents\GitHub\llmtornado\src\LlmTornado\Chat\Vendors\Cohere\VendorCohereChatResult.cs(41,39): warning CS8618: Non-nullable property 'ToolOutput' must contain a non-null value when exiting constructor. Consider adding the 'required' modifier or declaring the property as nullable. [C:\Users\lordo\Documents\GitHub\llmtornado\src\LlmTornado\LlmTornado.csproj::TargetFramework=netstandard2.0]
C:\Users\lordo\Documents\GitHub\llmtornado\src\LlmTornado\Vendor\Cohere\CohereEndpointProvider.cs(229,22): warning CS8604: Possible null reference argument for parameter 'item' in 'void List<string>.Add(string item)'. [C:\Users\lordo\Documents\GitHub\llmtornado\src\LlmTornado\LlmTornado.csproj::TargetFramework=netstandard2.0]
C:\Users\lordo\Documents\GitHub\llmtornado\src\LlmTornado\Vendor\Cohere\CohereEndpointProvider.cs(203,23): warning CS8618: Non-nullable property 'EventType' must contain a non-null value when exiting constructor. Consider adding the 'required' modifier or declaring the property as nullable. [C:\Users\lordo\Documents\GitHub\llmtornado\src\LlmTornado\LlmTornado.csproj::TargetFramework=netstandard2.0]
C:\Users\lordo\Documents\GitHub\llmtornado\src\LlmTornado\Vendor\Cohere\CohereEndpointProvider.cs(195,50): warning CS8618: Non-nullable property 'ToolCalls' must contain a non-null value when exiting constructor. Consider adding the 'required' modifier or declaring the property as nullable. [C:\Users\lordo\Documents\GitHub\llmtornado\src\LlmTornado\LlmTornado.csproj::TargetFramework=netstandard2.0]
C:\Users\lordo\Documents\GitHub\llmtornado\src\LlmTornado\Vendor\Cohere\CohereEndpointProvider.cs(189,47): warning CS8618: Non-nullable property 'Citations' must contain a non-null value when exiting constructor. Consider adding the 'required' modifier or declaring the property as nullable. [C:\Users\lordo\Documents\GitHub\llmtornado\src\LlmTornado\LlmTornado.csproj::TargetFramework=netstandard2.0]
C:\Users\lordo\Documents\GitHub\llmtornado\src\LlmTornado\Vendor\Cohere\CohereEndpointProvider.cs(183,51): warning CS8618: Non-nullable property 'SearchResults' must contain a non-null value when exiting constructor. Consider adding the 'required' modifier or declaring the property as nullable. [C:\Users\lordo\Documents\GitHub\llmtornado\src\LlmTornado\LlmTornado.csproj::TargetFramework=netstandard2.0]
C:\Users\lordo\Documents\GitHub\llmtornado\src\LlmTornado\Vendor\Cohere\CohereEndpointProvider.cs(177,50): warning CS8618: Non-nullable property 'SearchQueries' must contain a non-null value when exiting constructor. Consider adding the 'required' modifier or declaring the property as nullable. [C:\Users\lordo\Documents\GitHub\llmtornado\src\LlmTornado\LlmTornado.csproj::TargetFramework=netstandard2.0]
C:\Users\lordo\Documents\GitHub\llmtornado\src\LlmTornado\Vendor\Cohere\CohereEndpointProvider.cs(171,23): warning CS8618: Non-nullable property 'GenerationId' must contain a non-null value when exiting constructor. Consider adding the 'required' modifier or declaring the property as nullable. [C:\Users\lordo\Documents\GitHub\llmtornado\src\LlmTornado\LlmTornado.csproj::TargetFramework=netstandard2.0]
C:\Users\lordo\Documents\GitHub\llmtornado\src\LlmTornado\Vendor\Cohere\CohereEndpointProvider.cs(165,23): warning CS8618: Non-nullable property 'Text' must contain a non-null value when exiting constructor. Consider adding the 'required' modifier or declaring the property as nullable. [C:\Users\lordo\Documents\GitHub\llmtornado\src\LlmTornado\LlmTornado.csproj::TargetFramework=netstandard2.0]
C:\Users\lordo\Documents\GitHub\llmtornado\src\LlmTornado\Vendor\Cohere\CohereEndpointProvider.cs(110,42): warning CS8618: Non-nullable property 'Message' must contain a non-null value when exiting constructor. Consider adding the 'required' modifier or declaring the property as nullable. [C:\Users\lordo\Documents\GitHub\llmtornado\src\LlmTornado\LlmTornado.csproj::TargetFramework=netstandard2.0]
C:\Users\lordo\Documents\GitHub\llmtornado\src\LlmTornado\Vendor\Cohere\CohereEndpointProvider.cs(98,46): warning CS8618: Non-nullable property 'Delta' must contain a non-null value when exiting constructor. Consider adding the 'required' modifier or declaring the property as nullable. [C:\Users\lordo\Documents\GitHub\llmtornado\src\LlmTornado\LlmTornado.csproj::TargetFramework=netstandard2.0]
C:\Users\lordo\Documents\GitHub\llmtornado\src\LlmTornado\Vendor\Cohere\CohereEndpointProvider.cs(90,27): warning CS8618: Non-nullable property 'Type' must contain a non-null value when exiting constructor. Consider adding the 'required' modifier or declaring the property as nullable. [C:\Users\lordo\Documents\GitHub\llmtornado\src\LlmTornado\LlmTornado.csproj::TargetFramework=netstandard2.0]
C:\Users\lordo\Documents\GitHub\llmtornado\src\LlmTornado\Vendor\Cohere\CohereEndpointProvider.cs(92,27): warning CS8618: Non-nullable property 'Text' must contain a non-null value when exiting constructor. Consider adding the 'required' modifier or declaring the property as nullable. [C:\Users\lordo\Documents\GitHub\llmtornado\src\LlmTornado\LlmTornado.csproj::TargetFramework=netstandard2.0]
C:\Users\lordo\Documents\GitHub\llmtornado\src\LlmTornado\Vendor\Cohere\CohereEndpointProvider.cs(82,46): warning CS8618: Non-nullable property 'ContentBlock' must contain a non-null value when exiting constructor. Consider adding the 'required' modifier or declaring the property as nullable. [C:\Users\lordo\Documents\GitHub\llmtornado\src\LlmTornado\LlmTornado.csproj::TargetFramework=netstandard2.0]
C:\Users\lordo\Documents\GitHub\llmtornado\src\LlmTornado\Vendor\Cohere\CohereEndpointProvider.cs(74,27): warning CS8618: Non-nullable property 'Type' must contain a non-null value when exiting constructor. Consider adding the 'required' modifier or declaring the property as nullable. [C:\Users\lordo\Documents\GitHub\llmtornado\src\LlmTornado\LlmTornado.csproj::TargetFramework=netstandard2.0]
C:\Users\lordo\Documents\GitHub\llmtornado\src\LlmTornado\Vendor\Cohere\CohereEndpointProvider.cs(76,27): warning CS8618: Non-nullable property 'Text' must contain a non-null value when exiting constructor. Consider adding the 'required' modifier or declaring the property as nullable. [C:\Users\lordo\Documents\GitHub\llmtornado\src\LlmTornado\LlmTornado.csproj::TargetFramework=netstandard2.0]
C:\Users\lordo\Documents\GitHub\llmtornado\src\LlmTornado\Chat\ConversationCompression.cs(136,69): warning CS8604: Possible null reference argument for parameter 'model' in 'Conversation ChatEndpoint.CreateConversation(ChatModel model, double? temperature = null, int? maxTokens = null)'. [C:\Users\lordo\Documents\GitHub\llmtornado\src\LlmTornado\LlmTornado.csproj::TargetFramework=netstandard2.0]
C:\Users\lordo\Documents\GitHub\llmtornado\src\LlmTornado\Chat\ConversationCompression.cs(142,20): warning CS8602: Dereference of a possibly null reference. [C:\Users\lordo\Documents\GitHub\llmtornado\src\LlmTornado\LlmTornado.csproj::TargetFramework=netstandard2.0]
C:\Users\lordo\Documents\GitHub\llmtornado\src\LlmTornado\Chat\ConversationCompression.cs(187,69): warning CS8604: Possible null reference argument for parameter 'model' in 'Conversation ChatEndpoint.CreateConversation(ChatModel model, double? temperature = null, int? maxTokens = null)'. [C:\Users\lordo\Documents\GitHub\llmtornado\src\LlmTornado\LlmTornado.csproj::TargetFramework=netstandard2.0]
C:\Users\lordo\Documents\GitHub\llmtornado\src\LlmTornado\Chat\ConversationCompression.cs(194,20): warning CS8602: Dereference of a possibly null reference. [C:\Users\lordo\Documents\GitHub\llmtornado\src\LlmTornado\LlmTornado.csproj::TargetFramework=netstandard2.0]
C:\Users\lordo\Documents\GitHub\llmtornado\src\LlmTornado\Chat\Vendors\Cohere\VendorCohereChatRequest.cs(558,23): warning CS8600: Converting null literal or possible null value to non-nullable type. [C:\Users\lordo\Documents\GitHub\llmtornado\src\LlmTornado\LlmTornado.csproj::TargetFramework=netstandard2.0]
C:\Users\lordo\Documents\GitHub\llmtornado\src\LlmTornado\Chat\Vendors\Anthropic\VendorAnthropicChatResult.cs(523,72): error CS0117: 'ChatMessagePartAnthropicExtensions' does not contain a definition for 'AdvisorToolResult' [C:\Users\lordo\Documents\GitHub\llmtornado\src\LlmTornado\LlmTornado.csproj::TargetFramework=netstandard2.0]
C:\Users\lordo\Documents\GitHub\llmtornado\src\LlmTornado\Chat\Vendors\Anthropic\VendorAnthropicChatResult.cs(331,35): warning CS8604: Possible null reference argument for parameter 'usage' in 'ChatUsage.ChatUsage(VendorAnthropicUsage usage)'. [C:\Users\lordo\Documents\GitHub\llmtornado\src\LlmTornado\LlmTornado.csproj::TargetFramework=netstandard2.0]
C:\Users\lordo\Documents\GitHub\llmtornado\src\LlmTornado\Vendor\Anthropic\AnthropicEndpointProvider.cs(362,45): error CS0426: The type name 'RateLimits' does not exist in the type 'CapabilityEndpoints' [C:\Users\lordo\Documents\GitHub\llmtornado\src\LlmTornado\LlmTornado.csproj::TargetFramework=netstandard2.0]
C:\Users\lordo\Documents\GitHub\llmtornado\src\LlmTornado\Vendor\Anthropic\AnthropicEndpointProvider.cs(366,47): warning CS8602: Dereference of a possibly null reference. [C:\Users\lordo\Documents\GitHub\llmtornado\src\LlmTornado\LlmTornado.csproj::TargetFramework=netstandard2.0]
C:\Users\lordo\Documents\GitHub\llmtornado\src\LlmTornado\Chat\Models\Upstage\ChatModelUpstage.cs(51,9): warning CS8604: Possible null reference argument for parameter 'item' in 'void List<IModel>.Add(IModel item)'. [C:\Users\lordo\Documents\GitHub\llmtornado\src\LlmTornado\LlmTornado.csproj::TargetFramework=netstandard2.0]
C:\Users\lordo\Documents\GitHub\llmtornado\src\LlmTornado\Chat\Models\Upstage\ChatModelUpstage.cs(52,9): warning CS8604: Possible null reference argument for parameter 'item' in 'void List<IModel>.Add(IModel item)'. [C:\Users\lordo\Documents\GitHub\llmtornado\src\LlmTornado\LlmTornado.csproj::TargetFramework=netstandard2.0]
C:\Users\lordo\Documents\GitHub\llmtornado\src\LlmTornado\Chat\Models\Upstage\ChatModelUpstage.cs(53,9): warning CS8604: Possible null reference argument for parameter 'item' in 'void List<IModel>.Add(IModel item)'. [C:\Users\lordo\Documents\GitHub\llmtornado\src\LlmTornado\LlmTornado.csproj::TargetFramework=netstandard2.0]
C:\Users\lordo\Documents\GitHub\llmtornado\src\LlmTornado\Chat\Models\Upstage\ChatModelUpstage.cs(54,9): warning CS8604: Possible null reference argument for parameter 'item' in 'void List<IModel>.Add(IModel item)'. [C:\Users\lordo\Documents\GitHub\llmtornado\src\LlmTornado\LlmTornado.csproj::TargetFramework=netstandard2.0]
C:\Users\lordo\Documents\GitHub\llmtornado\src\LlmTornado\Chat\Models\Upstage\ChatModelUpstage.cs(55,9): warning CS8604: Possible null reference argument for parameter 'item' in 'void List<IModel>.Add(IModel item)'. [C:\Users\lordo\Documents\GitHub\llmtornado\src\LlmTornado\LlmTornado.csproj::TargetFramework=netstandard2.0]
C:\Users\lordo\Documents\GitHub\llmtornado\src\LlmTornado\Chat\Vendors\Anthropic\VendorAnthropicChatResult.cs(902,48): warning CS8604: Possible null reference argument for parameter 'json' in 'JObject JObject.Parse(string json)'. [C:\Users\lordo\Documents\GitHub\llmtornado\src\LlmTornado\LlmTornado.csproj::TargetFramework=netstandard2.0]
C:\Users\lordo\Documents\GitHub\llmtornado\src\LlmTornado\Chat\Vendors\Anthropic\VendorAnthropicChatResult.cs(270,19): warning CS8618: Non-nullable property 'Id' must contain a non-null value when exiting constructor. Consider adding the 'required' modifier or declaring the property as nullable. [C:\Users\lordo\Documents\GitHub\llmtornado\src\LlmTornado\LlmTornado.csproj::TargetFramework=netstandard2.0]
C:\Users\lordo\Documents\GitHub\llmtornado\src\LlmTornado\Chat\Vendors\Anthropic\VendorAnthropicChatResult.cs(273,19): warning CS8618: Non-nullable property 'Type' must contain a non-null value when exiting constructor. Consider adding the 'required' modifier or declaring the property as nullable. [C:\Users\lordo\Documents\GitHub\llmtornado\src\LlmTornado\LlmTornado.csproj::TargetFramework=netstandard2.0]
C:\Users\lordo\Documents\GitHub\llmtornado\src\LlmTornado\Chat\Vendors\Anthropic\VendorAnthropicChatResult.cs(276,19): warning CS8618: Non-nullable property 'Role' must contain a non-null value when exiting constructor. Consider adding the 'required' modifier or declaring the property as nullable. [C:\Users\lordo\Documents\GitHub\llmtornado\src\LlmTornado\LlmTornado.csproj::TargetFramework=netstandard2.0]
C:\Users\lordo\Documents\GitHub\llmtornado\src\LlmTornado\Chat\Vendors\Anthropic\VendorAnthropicChatResult.cs(283,19): warning CS8618: Non-nullable property 'Model' must contain a non-null value when exiting constructor. Consider adding the 'required' modifier or declaring the property as nullable. [C:\Users\lordo\Documents\GitHub\llmtornado\src\LlmTornado\LlmTornado.csproj::TargetFramework=netstandard2.0]
C:\Users\lordo\Documents\GitHub\llmtornado\src\LlmTornado\Chat\Vendors\Anthropic\VendorAnthropicChatResult.cs(293,19): warning CS8618: Non-nullable property 'StopReason' must contain a non-null value when exiting constructor. Consider adding the 'required' modifier or declaring the property as nullable. [C:\Users\lordo\Documents\GitHub\llmtornado\src\LlmTornado\LlmTornado.csproj::TargetFramework=netstandard2.0]
C:\Users\lordo\Documents\GitHub\llmtornado\src\LlmTornado\Chat\Vendors\Anthropic\VendorAnthropicChatResult.cs(302,33): warning CS8618: Non-nullable property 'Usage' must contain a non-null value when exiting constructor. Consider adding the 'required' modifier or declaring the property as nullable. [C:\Users\lordo\Documents\GitHub\llmtornado\src\LlmTornado\LlmTornado.csproj::TargetFramework=netstandard2.0]
C:\Users\lordo\Documents\GitHub\llmtornado\src\LlmTornado\Chat\Vendors\Anthropic\VendorAnthropicChatResult.cs(129,23): warning CS8618: Non-nullable property 'Type' must contain a non-null value when exiting constructor. Consider adding the 'required' modifier or declaring the property as nullable. [C:\Users\lordo\Documents\GitHub\llmtornado\src\LlmTornado\LlmTornado.csproj::TargetFramework=netstandard2.0]
C:\Users\lordo\Documents\GitHub\llmtornado\src\LlmTornado\Chat\Vendors\Anthropic\VendorAnthropicChatResult.cs(78,23): warning CS8618: Non-nullable property 'Type' must contain a non-null value when exiting constructor. Consider adding the 'required' modifier or declaring the property as nullable. [C:\Users\lordo\Documents\GitHub\llmtornado\src\LlmTornado\LlmTornado.csproj::TargetFramework=netstandard2.0]
C:\Users\lordo\Documents\GitHub\llmtornado\src\LlmTornado\Chat\ChatRequestMaxTokens.cs(55,23): warning CS8604: Possible null reference argument for parameter 'type' in 'bool PropertyRenameAndIgnoreSerializerContractResolver.IsIgnored(Type type, string jsonPropertyName)'. [C:\Users\lordo\Documents\GitHub\llmtornado\src\LlmTornado\LlmTornado.csproj::TargetFramework=netstandard2.0]
C:\Users\lordo\Documents\GitHub\llmtornado\src\LlmTornado\Chat\ChatRequestMaxTokens.cs(55,47): warning CS8604: Possible null reference argument for parameter 'jsonPropertyName' in 'bool PropertyRenameAndIgnoreSerializerContractResolver.IsIgnored(Type type, string jsonPropertyName)'. [C:\Users\lordo\Documents\GitHub\llmtornado\src\LlmTornado\LlmTornado.csproj::TargetFramework=netstandard2.0]
C:\Users\lordo\Documents\GitHub\llmtornado\src\LlmTornado\Chat\ChatRequestResponseFormat.cs(26,23): warning CS8618: Non-nullable property 'Name' must contain a non-null value when exiting constructor. Consider adding the 'required' modifier or declaring the property as nullable. [C:\Users\lordo\Documents\GitHub\llmtornado\src\LlmTornado\LlmTornado.csproj::TargetFramework=netstandard2.0]
C:\Users\lordo\Documents\GitHub\llmtornado\src\LlmTornado\Chat\ChatRequestResponseFormat.cs(32,23): warning CS8618: Non-nullable property 'Schema' must contain a non-null value when exiting constructor. Consider adding the 'required' modifier or declaring the property as nullable. [C:\Users\lordo\Documents\GitHub\llmtornado\src\LlmTornado\LlmTornado.csproj::TargetFramework=netstandard2.0]
C:\Users\lordo\Documents\GitHub\llmtornado\src\LlmTornado\Chat\Vendors\Cohere\VendorCohereChatRequest.cs(534,23): warning CS8600: Converting null literal or possible null value to non-nullable type. [C:\Users\lordo\Documents\GitHub\llmtornado\src\LlmTornado\LlmTornado.csproj::TargetFramework=netstandard2.0]
C:\Users\lordo\Documents\GitHub\llmtornado\src\LlmTornado\Chat\Vendors\Cohere\VendorCohereChatRequest.cs(503,23): warning CS8600: Converting null literal or possible null value to non-nullable type. [C:\Users\lordo\Documents\GitHub\llmtornado\src\LlmTornado\LlmTornado.csproj::TargetFramework=netstandard2.0]
C:\Users\lordo\Documents\GitHub\llmtornado\src\LlmTornado\Chat\Vendors\Cohere\VendorCohereChatRequest.cs(474,19): warning CS8618: Non-nullable property 'Type' must contain a non-null value when exiting constructor. Consider adding the 'required' modifier or declaring the property as nullable. [C:\Users\lordo\Documents\GitHub\llmtornado\src\LlmTornado\LlmTornado.csproj::TargetFramework=netstandard2.0]
C:\Users\lordo\Documents\GitHub\llmtornado\src\LlmTornado\Chat\Vendors\Cohere\VendorCohereChatRequest.cs(430,19): warning CS8618: Non-nullable property 'Name' must contain a non-null value when exiting constructor. Consider adding the 'required' modifier or declaring the property as nullable. [C:\Users\lordo\Documents\GitHub\llmtornado\src\LlmTornado\LlmTornado.csproj::TargetFramework=netstandard2.0]
C:\Users\lordo\Documents\GitHub\llmtornado\src\LlmTornado\Chat\Vendors\Cohere\VendorCohereChatRequest.cs(432,20): warning CS8618: Non-nullable property 'Parameters' must contain a non-null value when exiting constructor. Consider adding the 'required' modifier or declaring the property as nullable. [C:\Users\lordo\Documents\GitHub\llmtornado\src\LlmTornado\LlmTornado.csproj::TargetFramework=netstandard2.0]
C:\Users\lordo\Documents\GitHub\llmtornado\src\LlmTornado\Chat\Vendors\Cohere\VendorCohereChatRequest.cs(424,43): warning CS8618: Non-nullable property 'Function' must contain a non-null value when exiting constructor. Consider adding the 'required' modifier or declaring the property as nullable. [C:\Users\lordo\Documents\GitHub\llmtornado\src\LlmTornado\LlmTornado.csproj::TargetFramework=netstandard2.0]
C:\Users\lordo\Documents\GitHub\llmtornado\src\LlmTornado\Chat\Vendors\Cohere\VendorCohereChatRequest.cs(414,19): warning CS8618: Non-nullable property 'Name' must contain a non-null value when exiting constructor. Consider adding the 'required' modifier or declaring the property as nullable. [C:\Users\lordo\Documents\GitHub\llmtornado\src\LlmTornado\LlmTornado.csproj::TargetFramework=netstandard2.0]
C:\Users\lordo\Documents\GitHub\llmtornado\src\LlmTornado\Chat\Vendors\Cohere\VendorCohereChatRequest.cs(416,19): warning CS8618: Non-nullable property 'Arguments' must contain a non-null value when exiting constructor. Consider adding the 'required' modifier or declaring the property as nullable. [C:\Users\lordo\Documents\GitHub\llmtornado\src\LlmTornado\LlmTornado.csproj::TargetFramework=netstandard2.0]
C:\Users\lordo\Documents\GitHub\llmtornado\src\LlmTornado\Chat\Vendors\Cohere\VendorCohereChatRequest.cs(404,19): warning CS8618: Non-nullable property 'Id' must contain a non-null value when exiting constructor. Consider adding the 'required' modifier or declaring the property as nullable. [C:\Users\lordo\Documents\GitHub\llmtornado\src\LlmTornado\LlmTornado.csproj::TargetFramework=netstandard2.0]
C:\Users\lordo\Documents\GitHub\llmtornado\src\LlmTornado\Chat\Vendors\Cohere\VendorCohereChatRequest.cs(408,41): warning CS8618: Non-nullable property 'Function' must contain a non-null value when exiting constructor. Consider adding the 'required' modifier or declaring the property as nullable. [C:\Users\lordo\Documents\GitHub\llmtornado\src\LlmTornado\LlmTornado.csproj::TargetFramework=netstandard2.0]
C:\Users\lordo\Documents\GitHub\llmtornado\src\LlmTornado\Chat\Vendors\Cohere\VendorCohereChatRequest.cs(386,19): warning CS8618: Non-nullable property 'Url' must contain a non-null value when exiting constructor. Consider adding the 'required' modifier or declaring the property as nullable. [C:\Users\lordo\Documents\GitHub\llmtornado\src\LlmTornado\LlmTornado.csproj::TargetFramework=netstandard2.0]
C:\Users\lordo\Documents\GitHub\llmtornado\src\LlmTornado\Chat\Vendors\Cohere\VendorCohereChatRequest.cs(378,39): warning CS8618: Non-nullable property 'Data' must contain a non-null value when exiting constructor. Consider adding the 'required' modifier or declaring the property as nullable. [C:\Users\lordo\Documents\GitHub\llmtornado\src\LlmTornado\LlmTornado.csproj::TargetFramework=netstandard2.0]
C:\Users\lordo\Documents\GitHub\llmtornado\src\LlmTornado\Chat\Vendors\Cohere\VendorCohereChatRequest.cs(380,19): warning CS8618: Non-nullable property 'Id' must contain a non-null value when exiting constructor. Consider adding the 'required' modifier or declaring the property as nullable. [C:\Users\lordo\Documents\GitHub\llmtornado\src\LlmTornado\LlmTornado.csproj::TargetFramework=netstandard2.0]
C:\Users\lordo\Documents\GitHub\llmtornado\src\LlmTornado\Chat\Vendors\Cohere\VendorCohereChatRequest.cs(366,12): warning CS8618: Non-nullable property 'Document' must contain a non-null value when exiting constructor. Consider adding the 'required' modifier or declaring the property as nullable. [C:\Users\lordo\Documents\GitHub\llmtornado\src\LlmTornado\LlmTornado.csproj::TargetFramework=netstandard2.0]
C:\Users\lordo\Documents\GitHub\llmtornado\src\LlmTornado\Chat\Vendors\Cohere\VendorCohereChatRequest.cs(347,12): warning CS8618: Non-nullable property 'ImageUrl' must contain a non-null value when exiting constructor. Consider adding the 'required' modifier or declaring the property as nullable. [C:\Users\lordo\Documents\GitHub\llmtornado\src\LlmTornado\LlmTornado.csproj::TargetFramework=netstandard2.0]
C:\Users\lordo\Documents\GitHub\llmtornado\src\LlmTornado\Chat\Vendors\Cohere\VendorCohereChatRequest.cs(336,12): warning CS8618: Non-nullable property 'Text' must contain a non-null value when exiting constructor. Consider adding the 'required' modifier or declaring the property as nullable. [C:\Users\lordo\Documents\GitHub\llmtornado\src\LlmTornado\LlmTornado.csproj::TargetFramework=netstandard2.0]
C:\Users\lordo\Documents\GitHub\llmtornado\src\LlmTornado\Chat\Vendors\Cohere\VendorCohereChatRequest.cs(331,19): warning CS8618: Non-nullable property 'Type' must contain a non-null value when exiting constructor. Consider adding the 'required' modifier or declaring the property as nullable. [C:\Users\lordo\Documents\GitHub\llmtornado\src\LlmTornado\LlmTornado.csproj::TargetFramework=netstandard2.0]
C:\Users\lordo\Documents\GitHub\llmtornado\src\LlmTornado\Chat\Vendors\Cohere\VendorCohereChatRequest.cs(320,12): warning CS8618: Non-nullable property 'ToolCallId' must contain a non-null value when exiting constructor. Consider adding the 'required' modifier or declaring the property as nullable. [C:\Users\lordo\Documents\GitHub\llmtornado\src\LlmTornado\LlmTornado.csproj::TargetFramework=netstandard2.0]
C:\Users\lordo\Documents\GitHub\llmtornado\src\LlmTornado\Chat\Vendors\Cohere\VendorCohereChatRequest.cs(320,12): warning CS8618: Non-nullable property 'Content' must contain a non-null value when exiting constructor. Consider adding the 'required' modifier or declaring the property as nullable. [C:\Users\lordo\Documents\GitHub\llmtornado\src\LlmTornado\LlmTornado.csproj::TargetFramework=netstandard2.0]
C:\Users\lordo\Documents\GitHub\llmtornado\src\LlmTornado\Chat\Vendors\Cohere\VendorCohereChatRequest.cs(313,12): warning CS8618: Non-nullable property 'Content' must contain a non-null value when exiting constructor. Consider adding the 'required' modifier or declaring the property as nullable. [C:\Users\lordo\Documents\GitHub\llmtornado\src\LlmTornado\LlmTornado.csproj::TargetFramework=netstandard2.0]
C:\Users\lordo\Documents\GitHub\llmtornado\src\LlmTornado\Chat\Vendors\Cohere\VendorCohereChatRequest.cs(291,12): warning CS8618: Non-nullable property 'Content' must contain a non-null value when exiting constructor. Consider adding the 'required' modifier or declaring the property as nullable. [C:\Users\lordo\Documents\GitHub\llmtornado\src\LlmTornado\LlmTornado.csproj::TargetFramework=netstandard2.0]
C:\Users\lordo\Documents\GitHub\llmtornado\src\LlmTornado\Chat\Vendors\Cohere\VendorCohereChatRequest.cs(286,19): warning CS8618: Non-nullable property 'Role' must contain a non-null value when exiting constructor. Consider adding the 'required' modifier or declaring the property as nullable. [C:\Users\lordo\Documents\GitHub\llmtornado\src\LlmTornado\LlmTornado.csproj::TargetFramework=netstandard2.0]
C:\Users\lordo\Documents\GitHub\llmtornado\src\LlmTornado\Chat\ChatMessagePart.cs(524,19): warning CS8618: Non-nullable property 'Code' must contain a non-null value when exiting constructor. Consider adding the 'required' modifier or declaring the property as nullable. [C:\Users\lordo\Documents\GitHub\llmtornado\src\LlmTornado\LlmTornado.csproj::TargetFramework=netstandard2.0]
C:\Users\lordo\Documents\GitHub\llmtornado\src\LlmTornado\Responses\ResponseHelpers.cs(383,36): warning CS8601: Possible null reference assignment. [C:\Users\lordo\Documents\GitHub\llmtornado\src\LlmTornado\LlmTornado.csproj::TargetFramework=netstandard2.0]
C:\Users\lordo\Documents\GitHub\llmtornado\src\LlmTornado\Responses\ResponseHelpers.cs(416,68): warning CS8604: Possible null reference argument for parameter 'name' in 'BuiltInToolCall.BuiltInToolCall(bool responseExpected, string name, IBuiltInToolCallData data, ToolCall toolCall, string? args = null)'. [C:\Users\lordo\Documents\GitHub\llmtornado\src\LlmTornado\LlmTornado.csproj::TargetFramework=netstandard2.0]
C:\Users\lordo\Documents\GitHub\llmtornado\src\LlmTornado\Responses\ResponseHelpers.cs(434,68): warning CS8604: Possible null reference argument for parameter 'name' in 'BuiltInToolCall.BuiltInToolCall(bool responseExpected, string name, IBuiltInToolCallData data, ToolCall toolCall, string? args = null)'. [C:\Users\lordo\Documents\GitHub\llmtornado\src\LlmTornado\LlmTornado.csproj::TargetFramework=netstandard2.0]
C:\Users\lordo\Documents\GitHub\llmtornado\src\LlmTornado\Responses\ResponseHelpers.cs(452,69): warning CS8604: Possible null reference argument for parameter 'name' in 'BuiltInToolCall.BuiltInToolCall(bool responseExpected, string name, IBuiltInToolCallData data, ToolCall toolCall, string? args = null)'. [C:\Users\lordo\Documents\GitHub\llmtornado\src\LlmTornado\LlmTornado.csproj::TargetFramework=netstandard2.0]
C:\Users\lordo\Documents\GitHub\llmtornado\src\LlmTornado\Responses\ResponseHelpers.cs(470,69): warning CS8604: Possible null reference argument for parameter 'name' in 'BuiltInToolCall.BuiltInToolCall(bool responseExpected, string name, IBuiltInToolCallData data, ToolCall toolCall, string? args = null)'. [C:\Users\lordo\Documents\GitHub\llmtornado\src\LlmTornado\LlmTornado.csproj::TargetFramework=netstandard2.0]
C:\Users\lordo\Documents\GitHub\llmtornado\src\LlmTornado\Responses\ResponseHelpers.cs(561,106): warning CS8604: Possible null reference argument for parameter 'parameters' in 'ToolFunction.ToolFunction(string name, string description, JObject parameters)'. [C:\Users\lordo\Documents\GitHub\llmtornado\src\LlmTornado\LlmTornado.csproj::TargetFramework=netstandard2.0]
C:\Users\lordo\Documents\GitHub\llmtornado\src\LlmTornado\Vendor\Anthropic\AnthropicEndpointProvider.cs(685,29): warning CS8602: Dereference of a possibly null reference. [C:\Users\lordo\Documents\GitHub\llmtornado\src\LlmTornado\LlmTornado.csproj::TargetFramework=netstandard2.0]
C:\Users\lordo\Documents\GitHub\llmtornado\src\LlmTornado\Vendor\Anthropic\AnthropicEndpointProvider.cs(916,17): error CS0103: The name 'RequiresEffortHeader' does not exist in the current context [C:\Users\lordo\Documents\GitHub\llmtornado\src\LlmTornado\LlmTornado.csproj::TargetFramework=netstandard2.0]
C:\Users\lordo\Documents\GitHub\llmtornado\src\LlmTornado\Vendor\Anthropic\AnthropicEndpointProvider.cs(951,17): error CS0103: The name 'RequiresCacheDiagnosticsHeader' does not exist in the current context [C:\Users\lordo\Documents\GitHub\llmtornado\src\LlmTornado\LlmTornado.csproj::TargetFramework=netstandard2.0]
C:\Users\lordo\Documents\GitHub\llmtornado\src\LlmTornado\Vendor\Anthropic\AnthropicEndpointProvider.cs(995,21): warning CS8600: Converting null literal or possible null value to non-nullable type. [C:\Users\lordo\Documents\GitHub\llmtornado\src\LlmTornado\LlmTornado.csproj::TargetFramework=netstandard2.0]
C:\Users\lordo\Documents\GitHub\llmtornado\src\LlmTornado\Vendor\Anthropic\AnthropicEndpointProvider.cs(997,21): warning CS8600: Converting null literal or possible null value to non-nullable type. [C:\Users\lordo\Documents\GitHub\llmtornado\src\LlmTornado\LlmTornado.csproj::TargetFramework=netstandard2.0]
C:\Users\lordo\Documents\GitHub\llmtornado\src\LlmTornado\Vendor\Anthropic\AnthropicEndpointProvider.cs(999,21): warning CS8600: Converting null literal or possible null value to non-nullable type. [C:\Users\lordo\Documents\GitHub\llmtornado\src\LlmTornado\LlmTornado.csproj::TargetFramework=netstandard2.0]
C:\Users\lordo\Documents\GitHub\llmtornado\src\LlmTornado\Vendor\Anthropic\AnthropicEndpointProvider.cs(1001,21): warning CS8600: Converting null literal or possible null value to non-nullable type. [C:\Users\lordo\Documents\GitHub\llmtornado\src\LlmTornado\LlmTornado.csproj::TargetFramework=netstandard2.0]
C:\Users\lordo\Documents\GitHub\llmtornado\src\LlmTornado\Chat\Vendors\Cohere\VendorCohereChatRequest.cs(190,35): warning CS8604: Possible null reference argument for parameter 'content' in 'VendorCohereAssistantMessageContent.implicit operator VendorCohereAssistantMessageContent(string content)'. [C:\Users\lordo\Documents\GitHub\llmtornado\src\LlmTornado\LlmTornado.csproj::TargetFramework=netstandard2.0]
C:\Users\lordo\Documents\GitHub\llmtornado\src\LlmTornado\Chat\Vendors\Cohere\VendorCohereChatRequest.cs(197,34): warning CS8601: Possible null reference assignment. [C:\Users\lordo\Documents\GitHub\llmtornado\src\LlmTornado\LlmTornado.csproj::TargetFramework=netstandard2.0]
C:\Users\lordo\Documents\GitHub\llmtornado\src\LlmTornado\Chat\Vendors\Cohere\VendorCohereChatRequest.cs(202,45): warning CS8601: Possible null reference assignment. [C:\Users\lordo\Documents\GitHub\llmtornado\src\LlmTornado\LlmTornado.csproj::TargetFramework=netstandard2.0]
C:\Users\lordo\Documents\GitHub\llmtornado\src\LlmTornado\Chat\Vendors\Cohere\VendorCohereChatRequest.cs(236,38): warning CS8601: Possible null reference assignment. [C:\Users\lordo\Documents\GitHub\llmtornado\src\LlmTornado\LlmTornado.csproj::TargetFramework=netstandard2.0]
C:\Users\lordo\Documents\GitHub\llmtornado\src\LlmTornado\Chat\Vendors\Cohere\VendorCohereChatRequest.cs(242,28): warning CS8603: Possible null reference return. [C:\Users\lordo\Documents\GitHub\llmtornado\src\LlmTornado\LlmTornado.csproj::TargetFramework=netstandard2.0]
C:\Users\lordo\Documents\GitHub\llmtornado\src\LlmTornado\Chat\Vendors\Cohere\VendorCohereChatDocument.cs(15,19): warning CS8618: Non-nullable property 'Id' must contain a non-null value when exiting constructor. Consider adding the 'required' modifier or declaring the property as nullable. [C:\Users\lordo\Documents\GitHub\llmtornado\src\LlmTornado\LlmTornado.csproj::TargetFramework=netstandard2.0]
C:\Users\lordo\Documents\GitHub\llmtornado\src\LlmTornado\Chat\Vendors\Cohere\VendorCohereChatDocument.cs(21,19): warning CS8618: Non-nullable property 'Snippet' must contain a non-null value when exiting constructor. Consider adding the 'required' modifier or declaring the property as nullable. [C:\Users\lordo\Documents\GitHub\llmtornado\src\LlmTornado\LlmTornado.csproj::TargetFramework=netstandard2.0]
C:\Users\lordo\Documents\GitHub\llmtornado\src\LlmTornado\Chat\Vendors\Cohere\VendorCohereChatDocument.cs(33,19): warning CS8618: Non-nullable property 'Title' must contain a non-null value when exiting constructor. Consider adding the 'required' modifier or declaring the property as nullable. [C:\Users\lordo\Documents\GitHub\llmtornado\src\LlmTornado\LlmTornado.csproj::TargetFramework=netstandard2.0]
C:\Users\lordo\Documents\GitHub\llmtornado\src\LlmTornado\Vendor\Anthropic\AnthropicEndpointProvider.cs(218,44): warning CS8618: Non-nullable property 'Delta' must contain a non-null value when exiting constructor. Consider adding the 'required' modifier or declaring the property as nullable. [C:\Users\lordo\Documents\GitHub\llmtornado\src\LlmTornado\LlmTornado.csproj::TargetFramework=netstandard2.0]
C:\Users\lordo\Documents\GitHub\llmtornado\src\LlmTornado\Vendor\Anthropic\AnthropicEndpointProvider.cs(221,45): warning CS8618: Non-nullable property 'Usage' must contain a non-null value when exiting constructor. Consider adding the 'required' modifier or declaring the property as nullable. [C:\Users\lordo\Documents\GitHub\llmtornado\src\LlmTornado\LlmTornado.csproj::TargetFramework=netstandard2.0]
C:\Users\lordo\Documents\GitHub\llmtornado\src\LlmTornado\Vendor\Anthropic\AnthropicEndpointProvider.cs(212,42): warning CS8618: Non-nullable property 'Message' must contain a non-null value when exiting constructor. Consider adding the 'required' modifier or declaring the property as nullable. [C:\Users\lordo\Documents\GitHub\llmtornado\src\LlmTornado\LlmTornado.csproj::TargetFramework=netstandard2.0]
C:\Users\lordo\Documents\GitHub\llmtornado\src\LlmTornado\Vendor\Anthropic\AnthropicEndpointProvider.cs(191,23): warning CS8618: Non-nullable property 'Type' must contain a non-null value when exiting constructor. Consider adding the 'required' modifier or declaring the property as nullable. [C:\Users\lordo\Documents\GitHub\llmtornado\src\LlmTornado\LlmTornado.csproj::TargetFramework=netstandard2.0]
C:\Users\lordo\Documents\GitHub\llmtornado\src\LlmTornado\Vendor\Anthropic\AnthropicEndpointProvider.cs(169,27): warning CS8618: Non-nullable property 'Type' must contain a non-null value when exiting constructor. Consider adding the 'required' modifier or declaring the property as nullable. [C:\Users\lordo\Documents\GitHub\llmtornado\src\LlmTornado\LlmTornado.csproj::TargetFramework=netstandard2.0]
C:\Users\lordo\Documents\GitHub\llmtornado\src\LlmTornado\Vendor\Anthropic\AnthropicEndpointProvider.cs(172,27): warning CS8618: Non-nullable property 'Text' must contain a non-null value when exiting constructor. Consider adding the 'required' modifier or declaring the property as nullable. [C:\Users\lordo\Documents\GitHub\llmtornado\src\LlmTornado\LlmTornado.csproj::TargetFramework=netstandard2.0]
C:\Users\lordo\Documents\GitHub\llmtornado\src\LlmTornado\Vendor\Anthropic\AnthropicEndpointProvider.cs(140,46): warning CS8618: Non-nullable property 'ContentBlock' must contain a non-null value when exiting constructor. Consider adding the 'required' modifier or declaring the property as nullable. [C:\Users\lordo\Documents\GitHub\llmtornado\src\LlmTornado\LlmTornado.csproj::TargetFramework=netstandard2.0]
C:\Users\lordo\Documents\GitHub\llmtornado\src\LlmTornado\Vendor\Anthropic\AnthropicEndpointProvider.cs(113,27): warning CS8618: Non-nullable property 'Type' must contain a non-null value when exiting constructor. Consider adding the 'required' modifier or declaring the property as nullable. [C:\Users\lordo\Documents\GitHub\llmtornado\src\LlmTornado\LlmTornado.csproj::TargetFramework=netstandard2.0]
C:\Users\lordo\Documents\GitHub\llmtornado\src\LlmTornado\Vendor\Anthropic\AnthropicEndpointProvider.cs(116,27): warning CS8618: Non-nullable property 'Text' must contain a non-null value when exiting constructor. Consider adding the 'required' modifier or declaring the property as nullable. [C:\Users\lordo\Documents\GitHub\llmtornado\src\LlmTornado\LlmTornado.csproj::TargetFramework=netstandard2.0]
C:\Users\lordo\Documents\GitHub\llmtornado\src\LlmTornado\Chat\Vendors\Cohere\ChatVendorCohereExtensionConnector.cs(146,59): warning CS8604: Possible null reference argument for parameter 'id' in 'ChatVendorCohereExtensionConnector.ChatVendorCohereExtensionConnector(string id)'. [C:\Users\lordo\Documents\GitHub\llmtornado\src\LlmTornado\LlmTornado.csproj::TargetFramework=netstandard2.0]
C:\Users\lordo\Documents\GitHub\llmtornado\src\LlmTornado\Chat\Vendors\Cohere\ChatResponseVendorCohereExtensions.cs(39,12): warning CS8618: Non-nullable property 'Response' must contain a non-null value when exiting constructor. Consider adding the 'required' modifier or declaring the property as nullable. [C:\Users\lordo\Documents\GitHub\llmtornado\src\LlmTornado\LlmTornado.csproj::TargetFramework=netstandard2.0]
C:\Users\lordo\Documents\GitHub\llmtornado\src\LlmTornado\Chat\Vendors\Cohere\ChatResponseVendorCohereExtensions.cs(84,47): warning CS8604: Possible null reference argument for parameter 'txt' in 'string ClearSnippet(string txt)'. [C:\Users\lordo\Documents\GitHub\llmtornado\src\LlmTornado\LlmTornado.csproj::TargetFramework=netstandard2.0]
C:\Users\lordo\Documents\GitHub\llmtornado\src\LlmTornado\Chat\Vendors\Cohere\ChatResponseVendorCohereExtensions.cs(129,14): warning CS8618: Non-nullable property 'Response' must contain a non-null value when exiting constructor. Consider adding the 'required' modifier or declaring the property as nullable. [C:\Users\lordo\Documents\GitHub\llmtornado\src\LlmTornado\LlmTornado.csproj::TargetFramework=netstandard2.0]
C:\Users\lordo\Documents\GitHub\llmtornado\src\LlmTornado\Code\DiffMatchPatch\V4APatchHarness.cs(123,13): warning CS8604: Possible null reference argument for parameter 'diffText' in 'bool DiffPatchEngine.TryApply(string source, string diffText, out string patchedText, out string? error, PatchFormat format, bool requireAllPatches = true)'. [C:\Users\lordo\Documents\GitHub\llmtornado\src\LlmTornado\LlmTornado.csproj::TargetFramework=netstandard2.0]
C:\Users\lordo\Documents\GitHub\llmtornado\src\LlmTornado\Code\DiffMatchPatch\V4APatchHarness.cs(158,13): warning CS8604: Possible null reference argument for parameter 'diffText' in 'bool DiffPatchEngine.TryApply(string source, string diffText, out string patchedText, out string? error, PatchFormat format, bool requireAllPatches = true)'. [C:\Users\lordo\Documents\GitHub\llmtornado\src\LlmTornado\LlmTornado.csproj::TargetFramework=netstandard2.0]
C:\Users\lordo\Documents\GitHub\llmtornado\src\LlmTornado\Code\DiffMatchPatch\V4APatchHarness.cs(206,13): warning CS8604: Possible null reference argument for parameter 'diffText' in 'bool DiffPatchEngine.TryApply(string source, string diffText, out string patchedText, out string? error, PatchFormat format, bool requireAllPatches = true)'. [C:\Users\lordo\Documents\GitHub\llmtornado\src\LlmTornado\LlmTornado.csproj::TargetFramework=netstandard2.0]
C:\Users\lordo\Documents\GitHub\llmtornado\src\LlmTornado\Code\DiffMatchPatch\V4APatchHarness.cs(259,17): warning CS8604: Possible null reference argument for parameter 'diffText' in 'bool DiffPatchEngine.TryApply(string source, string diffText, out string patchedText, out string? error, PatchFormat format, bool requireAllPatches = true)'. [C:\Users\lordo\Documents\GitHub\llmtornado\src\LlmTornado\LlmTornado.csproj::TargetFramework=netstandard2.0]
C:\Users\lordo\Documents\GitHub\llmtornado\src\LlmTornado\Code\Sse\Helpers.cs(15,19): warning CS0219: The variable 'MaxDecimalDigits' is assigned but its value is never used [C:\Users\lordo\Documents\GitHub\llmtornado\src\LlmTornado\LlmTornado.csproj::TargetFramework=netstandard2.0]
C:\Users\lordo\Documents\GitHub\llmtornado\src\LlmTornado\Chat\Vendors\Anthropic\VendorAnthropicChatRequest.cs(564,23): warning CS8618: Non-nullable property 'Type' must contain a non-null value when exiting constructor. Consider adding the 'required' modifier or declaring the property as nullable. [C:\Users\lordo\Documents\GitHub\llmtornado\src\LlmTornado\LlmTornado.csproj::TargetFramework=netstandard2.0]
C:\Users\lordo\Documents\GitHub\llmtornado\src\LlmTornado\Chat\Vendors\Anthropic\VendorAnthropicChatRequest.cs(553,23): warning CS8618: Non-nullable property 'Type' must contain a non-null value when exiting constructor. Consider adding the 'required' modifier or declaring the property as nullable. [C:\Users\lordo\Documents\GitHub\llmtornado\src\LlmTornado\LlmTornado.csproj::TargetFramework=netstandard2.0]
C:\Users\lordo\Documents\GitHub\llmtornado\src\LlmTornado\Chat\Vendors\Anthropic\VendorAnthropicChatRequest.cs(545,23): warning CS8618: Non-nullable property 'Type' must contain a non-null value when exiting constructor. Consider adding the 'required' modifier or declaring the property as nullable. [C:\Users\lordo\Documents\GitHub\llmtornado\src\LlmTornado\LlmTornado.csproj::TargetFramework=netstandard2.0]
C:\Users\lordo\Documents\GitHub\llmtornado\src\LlmTornado\Chat\Vendors\Anthropic\VendorAnthropicChatRequest.cs(539,23): warning CS8618: Non-nullable property 'UserId' must contain a non-null value when exiting constructor. Consider adding the 'required' modifier or declaring the property as nullable. [C:\Users\lordo\Documents\GitHub\llmtornado\src\LlmTornado\LlmTornado.csproj::TargetFramework=netstandard2.0]
C:\Users\lordo\Documents\GitHub\llmtornado\src\LlmTornado\Code\DiffMatchPatch\V4APatchHarness.cs(451,13): warning CS8604: Possible null reference argument for parameter 'diffText' in 'bool DiffPatchEngine.TryApply(string source, string diffText, out string patchedText, out string? error, PatchFormat format, bool requireAllPatches = true)'. [C:\Users\lordo\Documents\GitHub\llmtornado\src\LlmTornado\LlmTornado.csproj::TargetFramework=netstandard2.0]
C:\Users\lordo\Documents\GitHub\llmtornado\src\LlmTornado\Chat\Vendors\Anthropic\VendorAnthropicChatRequest.cs(72,12): warning CS8618: Non-nullable property 'Msg' must contain a non-null value when exiting constructor. Consider adding the 'required' modifier or declaring the property as nullable. [C:\Users\lordo\Documents\GitHub\llmtornado\src\LlmTornado\LlmTornado.csproj::TargetFramework=netstandard2.0]
C:\Users\lordo\Documents\GitHub\llmtornado\src\LlmTornado\Chat\Vendors\Anthropic\VendorAnthropicChatRequest.cs(72,12): warning CS8618: Non-nullable property 'Parts' must contain a non-null value when exiting constructor. Consider adding the 'required' modifier or declaring the property as nullable. [C:\Users\lordo\Documents\GitHub\llmtornado\src\LlmTornado\LlmTornado.csproj::TargetFramework=netstandard2.0]
C:\Users\lordo\Documents\GitHub\llmtornado\src\LlmTornado\Code\DiffMatchPatch\V4APatchHarness.cs(503,17): warning CS8604: Possible null reference argument for parameter 'diffText' in 'bool DiffPatchEngine.TryApply(string source, string diffText, out string patchedText, out string? error, PatchFormat format, bool requireAllPatches = true)'. [C:\Users\lordo\Documents\GitHub\llmtornado\src\LlmTornado\LlmTornado.csproj::TargetFramework=netstandard2.0]
C:\Users\lordo\Documents\GitHub\llmtornado\src\LlmTornado\Code\PartialModels.cs(2898,30): warning CS8601: Possible null reference assignment. [C:\Users\lordo\Documents\GitHub\llmtornado\src\LlmTornado\LlmTornado.csproj::TargetFramework=netstandard2.0]
C:\Users\lordo\Documents\GitHub\llmtornado\src\LlmTornado\Code\PartialModels.cs(2899,29): warning CS8601: Possible null reference assignment. [C:\Users\lordo\Documents\GitHub\llmtornado\src\LlmTornado\LlmTornado.csproj::TargetFramework=netstandard2.0]
C:\Users\lordo\Documents\GitHub\llmtornado\src\LlmTornado\Code\PartialModels.cs(2726,19): warning CS8618: Non-nullable property 'Source' must contain a non-null value when exiting constructor. Consider adding the 'required' modifier or declaring the property as nullable. [C:\Users\lordo\Documents\GitHub\llmtornado\src\LlmTornado\LlmTornado.csproj::TargetFramework=netstandard2.0]
C:\Users\lordo\Documents\GitHub\llmtornado\src\LlmTornado\Code\PartialModels.cs(2732,19): warning CS8618: Non-nullable property 'Title' must contain a non-null value when exiting constructor. Consider adding the 'required' modifier or declaring the property as nullable. [C:\Users\lordo\Documents\GitHub\llmtornado\src\LlmTornado\LlmTornado.csproj::TargetFramework=netstandard2.0]
C:\Users\lordo\Documents\GitHub\llmtornado\src\LlmTornado\Code\PartialModels.cs(2699,19): warning CS8618: Non-nullable property 'FileId' must contain a non-null value when exiting constructor. Consider adding the 'required' modifier or declaring the property as nullable. [C:\Users\lordo\Documents\GitHub\llmtornado\src\LlmTornado\LlmTornado.csproj::TargetFramework=netstandard2.0]
C:\Users\lordo\Documents\GitHub\llmtornado\src\LlmTornado\Code\PartialModels.cs(2672,19): warning CS8618: Non-nullable property 'Url' must contain a non-null value when exiting constructor. Consider adding the 'required' modifier or declaring the property as nullable. [C:\Users\lordo\Documents\GitHub\llmtornado\src\LlmTornado\LlmTornado.csproj::TargetFramework=netstandard2.0]
C:\Users\lordo\Documents\GitHub\llmtornado\src\LlmTornado\Code\PartialModels.cs(2645,19): warning CS8618: Non-nullable property 'Data' must contain a non-null value when exiting constructor. Consider adding the 'required' modifier or declaring the property as nullable. [C:\Users\lordo\Documents\GitHub\llmtornado\src\LlmTornado\LlmTornado.csproj::TargetFramework=netstandard2.0]
C:\Users\lordo\Documents\GitHub\llmtornado\src\LlmTornado\Code\PartialModels.cs(2657,19): warning CS8618: Non-nullable property 'MediaType' must contain a non-null value when exiting constructor. Consider adding the 'required' modifier or declaring the property as nullable. [C:\Users\lordo\Documents\GitHub\llmtornado\src\LlmTornado\LlmTornado.csproj::TargetFramework=netstandard2.0]
C:\Users\lordo\Documents\GitHub\llmtornado\src\LlmTornado\Code\PartialModels.cs(2606,12): warning CS8618: Non-nullable property 'Source' must contain a non-null value when exiting constructor. Consider adding the 'required' modifier or declaring the property as nullable. [C:\Users\lordo\Documents\GitHub\llmtornado\src\LlmTornado\LlmTornado.csproj::TargetFramework=netstandard2.0]
C:\Users\lordo\Documents\GitHub\llmtornado\src\LlmTornado\Code\PartialModels.cs(2532,12): warning CS8618: Non-nullable property 'Text' must contain a non-null value when exiting constructor. Consider adding the 'required' modifier or declaring the property as nullable. [C:\Users\lordo\Documents\GitHub\llmtornado\src\LlmTornado\LlmTornado.csproj::TargetFramework=netstandard2.0]
C:\Users\lordo\Documents\GitHub\llmtornado\src\LlmTornado\Code\PartialModels.cs(2448,19): warning CS8618: Non-nullable property 'Source' must contain a non-null value when exiting constructor. Consider adding the 'required' modifier or declaring the property as nullable. [C:\Users\lordo\Documents\GitHub\llmtornado\src\LlmTornado\LlmTornado.csproj::TargetFramework=netstandard2.0]
C:\Users\lordo\Documents\GitHub\llmtornado\src\LlmTornado\Code\PartialModels.cs(2454,19): warning CS8618: Non-nullable property 'Title' must contain a non-null value when exiting constructor. Consider adding the 'required' modifier or declaring the property as nullable. [C:\Users\lordo\Documents\GitHub\llmtornado\src\LlmTornado\LlmTornado.csproj::TargetFramework=netstandard2.0]
C:\Users\lordo\Documents\GitHub\llmtornado\src\LlmTornado\Code\PartialModels.cs(2414,19): warning CS8618: Non-nullable property 'Type' must contain a non-null value when exiting constructor. Consider adding the 'required' modifier or declaring the property as nullable. [C:\Users\lordo\Documents\GitHub\llmtornado\src\LlmTornado\LlmTornado.csproj::TargetFramework=netstandard2.0]
C:\Users\lordo\Documents\GitHub\llmtornado\src\LlmTornado\Code\PartialModels.cs(2201,12): warning CS8618: Non-nullable field '_data' must contain a non-null value when exiting constructor. Consider adding the 'required' modifier or declaring the field as nullable. [C:\Users\lordo\Documents\GitHub\llmtornado\src\LlmTornado\LlmTornado.csproj::TargetFramework=netstandard2.0]
C:\Users\lordo\Documents\GitHub\llmtornado\src\LlmTornado\Code\PartialModels.cs(2157,14): warning CS8618: Non-nullable property 'Body' must contain a non-null value when exiting constructor. Consider adding the 'required' modifier or declaring the property as nullable. [C:\Users\lordo\Documents\GitHub\llmtornado\src\LlmTornado\LlmTornado.csproj::TargetFramework=netstandard2.0]
C:\Users\lordo\Documents\GitHub\llmtornado\src\LlmTornado\Code\PartialModels.cs(1607,12): warning CS8618: Non-nullable property 'Url' must contain a non-null value when exiting constructor. Consider adding the 'required' modifier or declaring the property as nullable. [C:\Users\lordo\Documents\GitHub\llmtornado\src\LlmTornado\LlmTornado.csproj::TargetFramework=netstandard2.0]
C:\Users\lordo\Documents\GitHub\llmtornado\src\LlmTornado\Code\PartialModels.cs(1479,31): warning CS8618: Non-nullable property 'FunctionCalls' must contain a non-null value when exiting constructor. Consider adding the 'required' modifier or declaring the property as nullable. [C:\Users\lordo\Documents\GitHub\llmtornado\src\LlmTornado\LlmTornado.csproj::TargetFramework=netstandard2.0]
C:\Users\lordo\Documents\GitHub\llmtornado\src\LlmTornado\Code\PartialModels.cs(1480,33): warning CS8618: Non-nullable property 'CustomToolCalls' must contain a non-null value when exiting constructor. Consider adding the 'required' modifier or declaring the property as nullable. [C:\Users\lordo\Documents\GitHub\llmtornado\src\LlmTornado\LlmTornado.csproj::TargetFramework=netstandard2.0]
C:\Users\lordo\Documents\GitHub\llmtornado\src\LlmTornado\Code\PartialModels.cs(1029,19): warning CS8618: Non-nullable property 'Id' must contain a non-null value when exiting constructor. Consider adding the 'required' modifier or declaring the property as nullable. [C:\Users\lordo\Documents\GitHub\llmtornado\src\LlmTornado\LlmTornado.csproj::TargetFramework=netstandard2.0]
C:\Users\lordo\Documents\GitHub\llmtornado\src\LlmTornado\Code\PartialModels.cs(1052,19): warning CS8618: Non-nullable property 'Transcript' must contain a non-null value when exiting constructor. Consider adding the 'required' modifier or declaring the property as nullable. [C:\Users\lordo\Documents\GitHub\llmtornado\src\LlmTornado\LlmTornado.csproj::TargetFramework=netstandard2.0]
C:\Users\lordo\Documents\GitHub\llmtornado\src\LlmTornado\Code\PartialModels.cs(995,21): warning CS8618: Non-nullable property 'ToolCall' must contain a non-null value when exiting constructor. Consider adding the 'required' modifier or declaring the property as nullable. [C:\Users\lordo\Documents\GitHub\llmtornado\src\LlmTornado\LlmTornado.csproj::TargetFramework=netstandard2.0]
C:\Users\lordo\Documents\GitHub\llmtornado\src\LlmTornado\Code\PartialModels.cs(996,26): warning CS8618: Non-nullable property 'ArgumentsBuilder' must contain a non-null value when exiting constructor. Consider adding the 'required' modifier or declaring the property as nullable. [C:\Users\lordo\Documents\GitHub\llmtornado\src\LlmTornado\LlmTornado.csproj::TargetFramework=netstandard2.0]
C:\Users\lordo\Documents\GitHub\llmtornado\src\LlmTornado\Code\PartialModels.cs(296,19): warning CS8618: Non-nullable property 'Content' must contain a non-null value when exiting constructor. Consider adding the 'required' modifier or declaring the property as nullable. [C:\Users\lordo\Documents\GitHub\llmtornado\src\LlmTornado\LlmTornado.csproj::TargetFramework=netstandard2.0]
C:\Users\lordo\Documents\GitHub\llmtornado\src\LlmTornado\Code\PartialModels.cs(301,19): warning CS8618: Non-nullable property 'Signature' must contain a non-null value when exiting constructor. Consider adding the 'required' modifier or declaring the property as nullable. [C:\Users\lordo\Documents\GitHub\llmtornado\src\LlmTornado\LlmTornado.csproj::TargetFramework=netstandard2.0]
C:\Users\lordo\Documents\GitHub\llmtornado\src\LlmTornado\Code\PartialModels.cs(84,22): warning CS8618: Non-nullable property 'Exception' must contain a non-null value when exiting constructor. Consider adding the 'required' modifier or declaring the property as nullable. [C:\Users\lordo\Documents\GitHub\llmtornado\src\LlmTornado\LlmTornado.csproj::TargetFramework=netstandard2.0]
C:\Users\lordo\Documents\GitHub\llmtornado\src\LlmTornado\Code\PartialModels.cs(99,32): warning CS8618: Non-nullable property 'RawMessage' must contain a non-null value when exiting constructor. Consider adding the 'required' modifier or declaring the property as nullable. [C:\Users\lordo\Documents\GitHub\llmtornado\src\LlmTornado\LlmTornado.csproj::TargetFramework=netstandard2.0]
C:\Users\lordo\Documents\GitHub\llmtornado\src\LlmTornado\Code\PartialModels.cs(104,34): warning CS8618: Non-nullable property 'Body' must contain a non-null value when exiting constructor. Consider adding the 'required' modifier or declaring the property as nullable. [C:\Users\lordo\Documents\GitHub\llmtornado\src\LlmTornado\LlmTornado.csproj::TargetFramework=netstandard2.0]
C:\Users\lordo\Documents\GitHub\llmtornado\src\LlmTornado\Code\PartialModels.cs(63,19): warning CS8618: Non-nullable property 'Stream' must contain a non-null value when exiting constructor. Consider adding the 'required' modifier or declaring the property as nullable. [C:\Users\lordo\Documents\GitHub\llmtornado\src\LlmTornado\LlmTornado.csproj::TargetFramework=netstandard2.0]
C:\Users\lordo\Documents\GitHub\llmtornado\src\LlmTornado\Code\PartialModels.cs(68,26): warning CS8618: Non-nullable property 'Headers' must contain a non-null value when exiting constructor. Consider adding the 'required' modifier or declaring the property as nullable. [C:\Users\lordo\Documents\GitHub\llmtornado\src\LlmTornado\LlmTornado.csproj::TargetFramework=netstandard2.0]
C:\Users\lordo\Documents\GitHub\llmtornado\src\LlmTornado\Code\PartialModels.cs(73,32): warning CS8618: Non-nullable property 'Response' must contain a non-null value when exiting constructor. Consider adding the 'required' modifier or declaring the property as nullable. [C:\Users\lordo\Documents\GitHub\llmtornado\src\LlmTornado\LlmTornado.csproj::TargetFramework=netstandard2.0]
C:\Users\lordo\Documents\GitHub\llmtornado\src\LlmTornado\Code\Models\ModelBase.cs(114,19): warning CS8618: Non-nullable property 'Name' must contain a non-null value when exiting constructor. Consider adding the 'required' modifier or declaring the property as nullable. [C:\Users\lordo\Documents\GitHub\llmtornado\src\LlmTornado\LlmTornado.csproj::TargetFramework=netstandard2.0]
C:\Users\lordo\Documents\GitHub\llmtornado\src\LlmTornado\Code\Models\ModelBase.cs(173,19): warning CS8618: Non-nullable property 'Object' must contain a non-null value when exiting constructor. Consider adding the 'required' modifier or declaring the property as nullable. [C:\Users\lordo\Documents\GitHub\llmtornado\src\LlmTornado\LlmTornado.csproj::TargetFramework=netstandard2.0]
C:\Users\lordo\Documents\GitHub\llmtornado\src\LlmTornado\Code\Legacy.cs(452,24): warning CS8603: Possible null reference return. [C:\Users\lordo\Documents\GitHub\llmtornado\src\LlmTornado\LlmTornado.csproj::TargetFramework=netstandard2.0]
C:\Users\lordo\Documents\GitHub\llmtornado\src\LlmTornado\Code\Legacy.cs(494,24): warning CS8603: Possible null reference return. [C:\Users\lordo\Documents\GitHub\llmtornado\src\LlmTornado\LlmTornado.csproj::TargetFramework=netstandard2.0]
C:\Users\lordo\Documents\GitHub\llmtornado\src\LlmTornado\Code\Legacy.cs(546,24): warning CS8603: Possible null reference return. [C:\Users\lordo\Documents\GitHub\llmtornado\src\LlmTornado\LlmTornado.csproj::TargetFramework=netstandard2.0]
C:\Users\lordo\Documents\GitHub\llmtornado\src\LlmTornado\Code\Legacy.cs(604,24): warning CS8603: Possible null reference return. [C:\Users\lordo\Documents\GitHub\llmtornado\src\LlmTornado\LlmTornado.csproj::TargetFramework=netstandard2.0]
C:\Users\lordo\Documents\GitHub\llmtornado\src\LlmTornado\Code\Legacy.cs(670,24): warning CS8603: Possible null reference return. [C:\Users\lordo\Documents\GitHub\llmtornado\src\LlmTornado\LlmTornado.csproj::TargetFramework=netstandard2.0]
C:\Users\lordo\Documents\GitHub\llmtornado\src\LlmTornado\Code\Legacy.cs(680,24): warning CS8603: Possible null reference return. [C:\Users\lordo\Documents\GitHub\llmtornado\src\LlmTornado\LlmTornado.csproj::TargetFramework=netstandard2.0]
C:\Users\lordo\Documents\GitHub\llmtornado\src\LlmTornado\Code\Legacy.cs(869,38): warning CS8625: Cannot convert null literal to non-nullable reference type. [C:\Users\lordo\Documents\GitHub\llmtornado\src\LlmTornado\LlmTornado.csproj::TargetFramework=netstandard2.0]
C:\Users\lordo\Documents\GitHub\llmtornado\src\LlmTornado\Code\Legacy.cs(870,24): warning CS8625: Cannot convert null literal to non-nullable reference type. [C:\Users\lordo\Documents\GitHub\llmtornado\src\LlmTornado\LlmTornado.csproj::TargetFramework=netstandard2.0]
C:\Users\lordo\Documents\GitHub\llmtornado\src\LlmTornado\Code\Legacy.cs(94,28): warning CS8600: Converting null literal or possible null value to non-nullable type. [C:\Users\lordo\Documents\GitHub\llmtornado\src\LlmTornado\LlmTornado.csproj::TargetFramework=netstandard2.0]
C:\Users\lordo\Documents\GitHub\llmtornado\src\LlmTornado\Code\Legacy.cs(158,24): warning CS8603: Possible null reference return. [C:\Users\lordo\Documents\GitHub\llmtornado\src\LlmTornado\LlmTornado.csproj::TargetFramework=netstandard2.0]
C:\Users\lordo\Documents\GitHub\llmtornado\src\LlmTornado\Code\Legacy.cs(165,24): warning CS8603: Possible null reference return. [C:\Users\lordo\Documents\GitHub\llmtornado\src\LlmTornado\LlmTornado.csproj::TargetFramework=netstandard2.0]
C:\Users\lordo\Documents\GitHub\llmtornado\src\LlmTornado\Code\Legacy.cs(172,24): warning CS8603: Possible null reference return. [C:\Users\lordo\Documents\GitHub\llmtornado\src\LlmTornado\LlmTornado.csproj::TargetFramework=netstandard2.0]
C:\Users\lordo\Documents\GitHub\llmtornado\src\LlmTornado\Code\Legacy.cs(184,24): warning CS8603: Possible null reference return. [C:\Users\lordo\Documents\GitHub\llmtornado\src\LlmTornado\LlmTornado.csproj::TargetFramework=netstandard2.0]
C:\Users\lordo\Documents\GitHub\llmtornado\src\LlmTornado\Code\Legacy.cs(192,24): warning CS8603: Possible null reference return. [C:\Users\lordo\Documents\GitHub\llmtornado\src\LlmTornado\LlmTornado.csproj::TargetFramework=netstandard2.0]
C:\Users\lordo\Documents\GitHub\llmtornado\src\LlmTornado\Code\Legacy.cs(204,24): warning CS8603: Possible null reference return. [C:\Users\lordo\Documents\GitHub\llmtornado\src\LlmTornado\LlmTornado.csproj::TargetFramework=netstandard2.0]
C:\Users\lordo\Documents\GitHub\llmtornado\src\LlmTornado\Code\Legacy.cs(217,24): warning CS8603: Possible null reference return. [C:\Users\lordo\Documents\GitHub\llmtornado\src\LlmTornado\LlmTornado.csproj::TargetFramework=netstandard2.0]
C:\Users\lordo\Documents\GitHub\llmtornado\src\LlmTornado\Code\Legacy.cs(225,24): warning CS8603: Possible null reference return. [C:\Users\lordo\Documents\GitHub\llmtornado\src\LlmTornado\LlmTornado.csproj::TargetFramework=netstandard2.0]
C:\Users\lordo\Documents\GitHub\llmtornado\src\LlmTornado\Code\Legacy.cs(232,24): warning CS8603: Possible null reference return. [C:\Users\lordo\Documents\GitHub\llmtornado\src\LlmTornado\LlmTornado.csproj::TargetFramework=netstandard2.0]
C:\Users\lordo\Documents\GitHub\llmtornado\src\LlmTornado\Code\Extensions.cs(260,53): warning CS8604: Possible null reference argument for parameter 'value' in 'T? JsonConvert.DeserializeObject<T>(string value)'. [C:\Users\lordo\Documents\GitHub\llmtornado\src\LlmTornado\LlmTornado.csproj::TargetFramework=netstandard2.0]
C:\Users\lordo\Documents\GitHub\llmtornado\src\LlmTornado\Chat\Models\OpenAi\ChatModelOpenAiGpt4.cs(255,47): warning CS0618: 'ChatModelOpenAiGpt4.ModelVisionPreview' is obsolete: 'Disabled by OpenAI' [C:\Users\lordo\Documents\GitHub\llmtornado\src\LlmTornado\LlmTornado.csproj::TargetFramework=netstandard2.0]
C:\Users\lordo\Documents\GitHub\llmtornado\src\LlmTornado\Chat\Models\Google\ChatModelGoogleGeminiPreview.cs(342,35): warning CS0618: 'ChatModelGoogleGeminiPreview.ModelGemini3ProPreview' is obsolete: 'Shut down March 9, 2026. Use ModelGemini31ProPreview instead.' [C:\Users\lordo\Documents\GitHub\llmtornado\src\LlmTornado\LlmTornado.csproj::TargetFramework=netstandard2.0]
C:\Users\lordo\Documents\GitHub\llmtornado\src\LlmTornado\Chat\Models\Google\ChatModelGoogleGeminiPreview.cs(342,59): warning CS0618: 'ChatModelGoogleGeminiPreview.ModelGemini3ProImagePreview' is obsolete: 'Shut down June 25, 2026. Use ModelGemini3ProImage instead.' [C:\Users\lordo\Documents\GitHub\llmtornado\src\LlmTornado\LlmTornado.csproj::TargetFramework=netstandard2.0]
C:\Users\lordo\Documents\GitHub\llmtornado\src\LlmTornado\Chat\Models\Google\ChatModelGoogleGeminiPreview.cs(342,88): warning CS0618: 'ChatModelGoogleGeminiPreview.ModelGemini31FlashImagePreview' is obsolete: 'Shut down June 25, 2026. Use ModelGemini31FlashImage instead.' [C:\Users\lordo\Documents\GitHub\llmtornado\src\LlmTornado\LlmTornado.csproj::TargetFramework=netstandard2.0]
C:\Users\lordo\Documents\GitHub\llmtornado\src\LlmTornado\Chat\Models\Google\ChatModelGoogleGeminiPreview.cs(343,9): warning CS0618: 'ChatModelGoogleGeminiPreview.ModelGemini31FlashLitePreview' is obsolete: 'Shut down May 25, 2026. Use ModelGemini31FlashLite instead.' [C:\Users\lordo\Documents\GitHub\llmtornado\src\LlmTornado\LlmTornado.csproj::TargetFramework=netstandard2.0]
C:\Users\lordo\Documents\GitHub\llmtornado\src\LlmTornado\Chat\Models\Google\ChatModelGoogleGeminiPreview.cs(347,44): warning CS0618: 'ChatModelGoogleGeminiPreview.ModelGemini25FlashImagePreview' is obsolete: 'Shut down January 15, 2026. Use ModelGemini3ProImage or ModelGemini31FlashImage instead.' [C:\Users\lordo\Documents\GitHub\llmtornado\src\LlmTornado\LlmTornado.csproj::TargetFramework=netstandard2.0]
C:\Users\lordo\Documents\GitHub\llmtornado\src\LlmTornado\Chat\Models\Google\ChatModelGoogleGeminiPreview.cs(347,107): warning CS0618: 'ChatModelGoogleGeminiPreview.ModelGemini25FlashLitePreview0925' is obsolete: 'Shut down March 31, 2026. Use ModelGemini31FlashLite instead.' [C:\Users\lordo\Documents\GitHub\llmtornado\src\LlmTornado\LlmTornado.csproj::TargetFramework=netstandard2.0]
C:\Users\lordo\Documents\GitHub\llmtornado\src\LlmTornado\Chat\Models\Google\ChatModelGoogleGeminiPreview.cs(348,41): warning CS0618: 'ChatModelGoogleGeminiPreview.ModelGeminiRoboticsRe15Preview' is obsolete: 'Shut down April 30, 2026. Use GeminiRoboticsRe16Preview instead.' [C:\Users\lordo\Documents\GitHub\llmtornado\src\LlmTornado\LlmTornado.csproj::TargetFramework=netstandard2.0]
C:\Users\lordo\Documents\GitHub\llmtornado\src\LlmTornado\Chat\Models\Google\ChatModelGoogleGemini.cs(329,9): warning CS0618: 'ChatModelGoogleGemini.ModelGemini15ProLatest' is obsolete: 'Use ModelGemini25Pro instead.' [C:\Users\lordo\Documents\GitHub\llmtornado\src\LlmTornado\LlmTornado.csproj::TargetFramework=netstandard2.0]
C:\Users\lordo\Documents\GitHub\llmtornado\src\LlmTornado\Chat\Models\Google\ChatModelGoogleGemini.cs(330,9): warning CS0618: 'ChatModelGoogleGemini.ModelGemini15Pro' is obsolete: 'Use ModelGemini25Pro instead.' [C:\Users\lordo\Documents\GitHub\llmtornado\src\LlmTornado\LlmTornado.csproj::TargetFramework=netstandard2.0]
C:\Users\lordo\Documents\GitHub\llmtornado\src\LlmTornado\Chat\Models\Google\ChatModelGoogleGemini.cs(330,27): warning CS0618: 'ChatModelGoogleGemini.ModelGemini15Pro001' is obsolete: 'Use ModelGemini25Pro instead.' [C:\Users\lordo\Documents\GitHub\llmtornado\src\LlmTornado\LlmTornado.csproj::TargetFramework=netstandard2.0]
C:\Users\lordo\Documents\GitHub\llmtornado\src\LlmTornado\Chat\Models\Google\ChatModelGoogleGemini.cs(330,48): warning CS0618: 'ChatModelGoogleGemini.ModelGemini15Pro002' is obsolete: 'Use ModelGemini25Pro instead.' [C:\Users\lordo\Documents\GitHub\llmtornado\src\LlmTornado\LlmTornado.csproj::TargetFramework=netstandard2.0]
C:\Users\lordo\Documents\GitHub\llmtornado\src\LlmTornado\Chat\Models\Google\ChatModelGoogleGemini.cs(330,69): warning CS0618: 'ChatModelGoogleGemini.ModelGemini15Flash8B' is obsolete: 'Use ModelGeminiFlashLatest instead.' [C:\Users\lordo\Documents\GitHub\llmtornado\src\LlmTornado\LlmTornado.csproj::TargetFramework=netstandard2.0]
C:\Users\lordo\Documents\GitHub\llmtornado\src\LlmTornado\Chat\Models\Google\ChatModelGoogleGemini.cs(330,91): warning CS0618: 'ChatModelGoogleGemini.ModelGemini15Flash8BLatest' is obsolete: 'Use ModelGeminiFlashLatest instead.' [C:\Users\lordo\Documents\GitHub\llmtornado\src\LlmTornado\LlmTornado.csproj::TargetFramework=netstandard2.0]
C:\Users\lordo\Documents\GitHub\llmtornado\src\LlmTornado\Chat\Models\Google\ChatModelGoogleGemini.cs(330,119): warning CS0618: 'ChatModelGoogleGemini.ModelGemini2Flash001' is obsolete: 'Shut down June 1, 2026. Use ModelGemini25Flash or ModelGemini35Flash instead.' [C:\Users\lordo\Documents\GitHub\llmtornado\src\LlmTornado\LlmTornado.csproj::TargetFramework=netstandard2.0]
C:\Users\lordo\Documents\GitHub\llmtornado\src\LlmTornado\Chat\Models\Google\ChatModelGoogleGemini.cs(331,9): warning CS0618: 'ChatModelGoogleGemini.ModelGemini2FlashLatest' is obsolete: 'Shut down June 1, 2026. Use ModelGemini25Flash or ModelGemini35Flash instead.' [C:\Users\lordo\Documents\GitHub\llmtornado\src\LlmTornado\LlmTornado.csproj::TargetFramework=netstandard2.0]
C:\Users\lordo\Documents\GitHub\llmtornado\src\LlmTornado\Chat\Models\Google\ChatModelGoogleGemini.cs(331,34): warning CS0618: 'ChatModelGoogleGemini.ModelGemini2FlashLite001' is obsolete: 'Shut down June 1, 2026. Use ModelGemini25FlashLite or ModelGemini31FlashLite instead.' [C:\Users\lordo\Documents\GitHub\llmtornado\src\LlmTornado\LlmTornado.csproj::TargetFramework=netstandard2.0]
C:\Users\lordo\Documents\GitHub\llmtornado\src\LlmTornado\Chat\Models\Google\ChatModelGoogleGemini.cs(331,60): warning CS0618: 'ChatModelGoogleGemini.ModelGemini2FlashLiteLatest' is obsolete: 'Shut down June 1, 2026. Use ModelGemini25FlashLite or ModelGemini31FlashLite instead.' [C:\Users\lordo\Documents\GitHub\llmtornado\src\LlmTornado\LlmTornado.csproj::TargetFramework=netstandard2.0]
C:\Users\lordo\Documents\GitHub\llmtornado\src\LlmTornado\Chat\Models\Google\ChatModelGoogle.cs(82,9): warning CS0618: 'ChatModelGoogleGeminiPreview.ModelGemini31FlashLitePreview' is obsolete: 'Shut down May 25, 2026. Use ModelGemini31FlashLite instead.' [C:\Users\lordo\Documents\GitHub\llmtornado\src\LlmTornado\LlmTornado.csproj::TargetFramework=netstandard2.0]
C:\Users\lordo\Documents\GitHub\llmtornado\src\LlmTornado\Chat\Models\Google\ChatModelGoogle.cs(83,9): warning CS0618: 'ChatModelGoogleGeminiPreview.ModelGemini3ProPreview' is obsolete: 'Shut down March 9, 2026. Use ModelGemini31ProPreview instead.' [C:\Users\lordo\Documents\GitHub\llmtornado\src\LlmTornado\LlmTornado.csproj::TargetFramework=netstandard2.0]
C:\Users\lordo\Documents\GitHub\llmtornado\src\LlmTornado\Chat\Models\Google\ChatModelGoogle.cs(102,9): warning CS0618: 'ChatModelGoogleGeminiPreview.ModelGemini31FlashLitePreview' is obsolete: 'Shut down May 25, 2026. Use ModelGemini31FlashLite instead.' [C:\Users\lordo\Documents\GitHub\llmtornado\src\LlmTornado\LlmTornado.csproj::TargetFramework=netstandard2.0]
C:\Users\lordo\Documents\GitHub\llmtornado\src\LlmTornado\Chat\Models\Google\ChatModelGoogle.cs(103,9): warning CS0618: 'ChatModelGoogleGeminiPreview.ModelGemini3ProPreview' is obsolete: 'Shut down March 9, 2026. Use ModelGemini31ProPreview instead.' [C:\Users\lordo\Documents\GitHub\llmtornado\src\LlmTornado\LlmTornado.csproj::TargetFramework=netstandard2.0]
C:\Users\lordo\Documents\GitHub\llmtornado\src\LlmTornado\Chat\Models\Google\ChatModelGoogle.cs(105,9): warning CS0618: 'ChatModelGoogleGeminiPreview.ModelGemini3ProImagePreview' is obsolete: 'Shut down June 25, 2026. Use ModelGemini3ProImage instead.' [C:\Users\lordo\Documents\GitHub\llmtornado\src\LlmTornado\LlmTornado.csproj::TargetFramework=netstandard2.0]
C:\Users\lordo\Documents\GitHub\llmtornado\src\LlmTornado\Chat\Models\Google\ChatModelGoogle.cs(110,9): warning CS0618: 'ChatModelGoogleGeminiPreview.ModelGemini31FlashImagePreview' is obsolete: 'Shut down June 25, 2026. Use ModelGemini31FlashImage instead.' [C:\Users\lordo\Documents\GitHub\llmtornado\src\LlmTornado\LlmTornado.csproj::TargetFramework=netstandard2.0]
C:\Users\lordo\Documents\GitHub\llmtornado\src\LlmTornado\Chat\Models\Google\ChatModelGoogle.cs(117,9): warning CS0618: 'ChatModelGoogleGeminiPreview.ModelGemini3ProPreview' is obsolete: 'Shut down March 9, 2026. Use ModelGemini31ProPreview instead.' [C:\Users\lordo\Documents\GitHub\llmtornado\src\LlmTornado\LlmTornado.csproj::TargetFramework=netstandard2.0]
C:\Users\lordo\Documents\GitHub\llmtornado\src\LlmTornado\Chat\Models\Google\ChatModelGoogle.cs(119,9): warning CS0618: 'ChatModelGoogleGeminiPreview.ModelGemini3ProImagePreview' is obsolete: 'Shut down June 25, 2026. Use ModelGemini3ProImage instead.' [C:\Users\lordo\Documents\GitHub\llmtornado\src\LlmTornado\LlmTornado.csproj::TargetFramework=netstandard2.0]
C:\Users\lordo\Documents\GitHub\llmtornado\src\LlmTornado\Chat\Models\Google\ChatModelGoogle.cs(140,9): warning CS0618: 'ChatModelGoogleGeminiPreview.ModelGemini31FlashLitePreview' is obsolete: 'Shut down May 25, 2026. Use ModelGemini31FlashLite instead.' [C:\Users\lordo\Documents\GitHub\llmtornado\src\LlmTornado\LlmTornado.csproj::TargetFramework=netstandard2.0]
C:\Users\lordo\Documents\GitHub\llmtornado\src\LlmTornado\Chat\Models\Google\ChatModelGoogle.cs(142,9): warning CS0618: 'ChatModelGoogleGeminiPreview.ModelGemini31FlashImagePreview' is obsolete: 'Shut down June 25, 2026. Use ModelGemini31FlashImage instead.' [C:\Users\lordo\Documents\GitHub\llmtornado\src\LlmTornado\LlmTornado.csproj::TargetFramework=netstandard2.0]
C:\Users\lordo\Documents\GitHub\llmtornado\src\LlmTornado\Chat\Models\Google\ChatModelGoogle.cs(157,9): warning CS0618: 'ChatModelGoogleGeminiPreview.ModelGemini31FlashLitePreview' is obsolete: 'Shut down May 25, 2026. Use ModelGemini31FlashLite instead.' [C:\Users\lordo\Documents\GitHub\llmtornado\src\LlmTornado\LlmTornado.csproj::TargetFramework=netstandard2.0]
C:\Users\lordo\Documents\GitHub\llmtornado\src\LlmTornado\Chat\Models\Google\ChatModelGoogle.cs(168,9): warning CS0618: 'ChatModelGoogleGeminiPreview.ModelGemini31FlashLitePreview' is obsolete: 'Shut down May 25, 2026. Use ModelGemini31FlashLite instead.' [C:\Users\lordo\Documents\GitHub\llmtornado\src\LlmTornado\LlmTornado.csproj::TargetFramework=netstandard2.0]
C:\Users\lordo\Documents\GitHub\llmtornado\src\LlmTornado\Chat\Models\Google\ChatModelGoogle.cs(173,9): warning CS0618: 'ChatModelGoogleGemini.ModelGemini2Flash001' is obsolete: 'Shut down June 1, 2026. Use ModelGemini25Flash or ModelGemini35Flash instead.' [C:\Users\lordo\Documents\GitHub\llmtornado\src\LlmTornado\LlmTornado.csproj::TargetFramework=netstandard2.0]
C:\Users\lordo\Documents\GitHub\llmtornado\src\LlmTornado\Chat\Models\Google\ChatModelGoogle.cs(174,9): warning CS0618: 'ChatModelGoogleGemini.ModelGemini2FlashLatest' is obsolete: 'Shut down June 1, 2026. Use ModelGemini25Flash or ModelGemini35Flash instead.' [C:\Users\lordo\Documents\GitHub\llmtornado\src\LlmTornado\LlmTornado.csproj::TargetFramework=netstandard2.0]
C:\Users\lordo\Documents\GitHub\llmtornado\src\LlmTornado\Chat\Models\Google\ChatModelGoogle.cs(183,9): warning CS0618: 'ChatModelGoogleGemini.ModelGemini15Pro' is obsolete: 'Use ModelGemini25Pro instead.' [C:\Users\lordo\Documents\GitHub\llmtornado\src\LlmTornado\LlmTornado.csproj::TargetFramework=netstandard2.0]
C:\Users\lordo\Documents\GitHub\llmtornado\src\LlmTornado\Chat\Models\Google\ChatModelGoogle.cs(184,9): warning CS0618: 'ChatModelGoogleGemini.ModelGemini15Flash8B' is obsolete: 'Use ModelGeminiFlashLatest instead.' [C:\Users\lordo\Documents\GitHub\llmtornado\src\LlmTornado\LlmTornado.csproj::TargetFramework=netstandard2.0]
C:\Users\lordo\Documents\GitHub\llmtornado\src\LlmTornado\Chat\Models\Google\ChatModelGoogle.cs(206,586): warning CS0618: 'ChatModelGoogleGeminiPreview.ModelGemini31FlashLitePreview' is obsolete: 'Shut down May 25, 2026. Use ModelGemini31FlashLite instead.' [C:\Users\lordo\Documents\GitHub\llmtornado\src\LlmTornado\LlmTornado.csproj::TargetFramework=netstandard2.0]
C:\Users\lordo\Documents\GitHub\llmtornado\src\LlmTornado\Chat\Models\Google\ChatModelGoogle.cs(217,9): warning CS0618: 'ChatModelGoogleGeminiPreview.ModelGemini25FlashImagePreview' is obsolete: 'Shut down January 15, 2026. Use ModelGemini3ProImage or ModelGemini31FlashImage instead.' [C:\Users\lordo\Documents\GitHub\llmtornado\src\LlmTornado\LlmTornado.csproj::TargetFramework=netstandard2.0]
C:\Users\lordo\Documents\GitHub\llmtornado\src\LlmTornado\Chat\Models\Google\ChatModelGoogle.cs(219,9): warning CS0618: 'ChatModelGoogleGeminiPreview.ModelGemini3ProImagePreview' is obsolete: 'Shut down June 25, 2026. Use ModelGemini3ProImage instead.' [C:\Users\lordo\Documents\GitHub\llmtornado\src\LlmTornado\LlmTornado.csproj::TargetFramework=netstandard2.0]
C:\Users\lordo\Documents\GitHub\llmtornado\src\LlmTornado\Chat\Models\Google\ChatModelGoogle.cs(221,9): warning CS0618: 'ChatModelGoogleGeminiPreview.ModelGemini31FlashImagePreview' is obsolete: 'Shut down June 25, 2026. Use ModelGemini31FlashImage instead.' [C:\Users\lordo\Documents\GitHub\llmtornado\src\LlmTornado\LlmTornado.csproj::TargetFramework=netstandard2.0]
C:\Users\lordo\Documents\GitHub\llmtornado\src\LlmTornado\Chat\Models\ChatModel.cs(491,45): warning CS8618: Non-nullable property 'ModelsByName' must contain a non-null value when exiting constructor. Consider adding the 'required' modifier or declaring the property as nullable. [C:\Users\lordo\Documents\GitHub\llmtornado\src\LlmTornado\LlmTornado.csproj::TargetFramework=netstandard2.0]
C:\Users\lordo\Documents\GitHub\llmtornado\src\LlmTornado\Chat\Models\Anthropic\ChatModelAnthropicClaude3.cs(50,106): warning CS0618: 'ChatModelAnthropicClaude3.ModelSonnet' is obsolete: 'deprecated' [C:\Users\lordo\Documents\GitHub\llmtornado\src\LlmTornado\LlmTornado.csproj::TargetFramework=netstandard2.0]

Build FAILED.

C:\Users\lordo\Documents\GitHub\llmtornado\src\LlmTornado\Audio\Models\OpenAi\AudioModelOpenAi.cs(70,49): warning CS1570: XML comment has badly formed XML -- 'Whitespace is not allowed at this location.' [C:\Users\lordo\Documents\GitHub\llmtornado\src\LlmTornado\LlmTornado.csproj::TargetFramework=net10.0]
C:\Users\lordo\Documents\GitHub\llmtornado\src\LlmTornado\Chat\Models\Cohere\ChatModelCohereCommand.cs(34,193): warning CS1570: XML comment has badly formed XML -- 'Reference to undefined entity 'A'.' [C:\Users\lordo\Documents\GitHub\llmtornado\src\LlmTornado\LlmTornado.csproj::TargetFramework=net10.0]
C:\Users\lordo\Documents\GitHub\llmtornado\src\LlmTornado\Chat\Models\Google\ChatModelGoogleGemini.cs(174,1): warning CS1570: XML comment has badly formed XML -- 'Expected an end tag for element 'summary'.' [C:\Users\lordo\Documents\GitHub\llmtornado\src\LlmTornado\LlmTornado.csproj::TargetFramework=net10.0]
C:\Users\lordo\Documents\GitHub\llmtornado\src\LlmTornado\Chat\Models\Mistral\ChatModelMistralFree.cs(64,76): warning CS1570: XML comment has badly formed XML -- 'Whitespace is not allowed at this location.' [C:\Users\lordo\Documents\GitHub\llmtornado\src\LlmTornado\LlmTornado.csproj::TargetFramework=net10.0]
C:\Users\lordo\Documents\GitHub\llmtornado\src\LlmTornado\Chat\Models\Mistral\ChatModelMistralFree.cs(74,77): warning CS1570: XML comment has badly formed XML -- 'Whitespace is not allowed at this location.' [C:\Users\lordo\Documents\GitHub\llmtornado\src\LlmTornado\LlmTornado.csproj::TargetFramework=net10.0]
C:\Users\lordo\Documents\GitHub\llmtornado\src\LlmTornado\Chat\Models\Mistral\ChatModelMistralFree.cs(84,76): warning CS1570: XML comment has badly formed XML -- 'Whitespace is not allowed at this location.' [C:\Users\lordo\Documents\GitHub\llmtornado\src\LlmTornado\LlmTornado.csproj::TargetFramework=net10.0]
C:\Users\lordo\Documents\GitHub\llmtornado\src\LlmTornado\Chat\Models\OpenAi\ChatModelOpenAi.cs(23,30): warning CS1570: XML comment has badly formed XML -- 'Whitespace is not allowed at this location.' [C:\Users\lordo\Documents\GitHub\llmtornado\src\LlmTornado\LlmTornado.csproj::TargetFramework=net10.0]
C:\Users\lordo\Documents\GitHub\llmtornado\src\LlmTornado\Chat\Models\XAi\ChatModelXAi.cs(37,16): warning CS1570: XML comment has badly formed XML -- 'Whitespace is not allowed at this location.' [C:\Users\lordo\Documents\GitHub\llmtornado\src\LlmTornado\LlmTornado.csproj::TargetFramework=net10.0]
C:\Users\lordo\Documents\GitHub\llmtornado\src\LlmTornado\Chat\Models\XAi\ChatModelXAiGrok.cs(9,10): warning CS1570: XML comment has badly formed XML -- 'Whitespace is not allowed at this location.' [C:\Users\lordo\Documents\GitHub\llmtornado\src\LlmTornado\LlmTornado.csproj::TargetFramework=net10.0]
C:\Users\lordo\Documents\GitHub\llmtornado\src\LlmTornado\Chat\Models\XAi\ChatModelXAiGrok.cs(54,20): warning CS1570: XML comment has badly formed XML -- 'Whitespace is not allowed at this location.' [C:\Users\lordo\Documents\GitHub\llmtornado\src\LlmTornado\LlmTornado.csproj::TargetFramework=net10.0]
C:\Users\lordo\Documents\GitHub\llmtornado\src\LlmTornado\Chat\Vendors\Google\VendorGoogleChatResult.cs(597,73): warning CS1570: XML comment has badly formed XML -- 'Missing equals sign between attribute and attribute value.' [C:\Users\lordo\Documents\GitHub\llmtornado\src\LlmTornado\LlmTornado.csproj::TargetFramework=net10.0]
C:\Users\lordo\Documents\GitHub\llmtornado\src\LlmTornado\Chat\Vendors\Google\VendorGoogleChatResult.cs(597,73): warning CS1570: XML comment has badly formed XML -- 'The character(s) ',' cannot be used at this location.' [C:\Users\lordo\Documents\GitHub\llmtornado\src\LlmTornado\LlmTornado.csproj::TargetFramework=net10.0]
C:\Users\lordo\Documents\GitHub\llmtornado\src\LlmTornado\Chat\Vendors\Google\VendorGoogleChatResult.cs(599,11): warning CS1570: XML comment has badly formed XML -- 'End tag 'summary' does not match the start tag 'search'.' [C:\Users\lordo\Documents\GitHub\llmtornado\src\LlmTornado\LlmTornado.csproj::TargetFramework=net10.0]
C:\Users\lordo\Documents\GitHub\llmtornado\src\LlmTornado\Chat\Vendors\Google\VendorGoogleChatResult.cs(600,1): warning CS1570: XML comment has badly formed XML -- 'Expected an end tag for element 'summary'.' [C:\Users\lordo\Documents\GitHub\llmtornado\src\LlmTornado\LlmTornado.csproj::TargetFramework=net10.0]
C:\Users\lordo\Documents\GitHub\llmtornado\src\LlmTornado\Code\Model.cs(114,64): warning CS1570: XML comment has badly formed XML -- 'Whitespace is not allowed at this location.' [C:\Users\lordo\Documents\GitHub\llmtornado\src\LlmTornado\LlmTornado.csproj::TargetFramework=net10.0]
C:\Users\lordo\Documents\GitHub\llmtornado\src\LlmTornado\Code\PartialModels.cs(2163,53): warning CS1570: XML comment has badly formed XML -- 'Whitespace is not allowed at this location.' [C:\Users\lordo\Documents\GitHub\llmtornado\src\LlmTornado\LlmTornado.csproj::TargetFramework=net10.0]
C:\Users\lordo\Documents\GitHub\llmtornado\src\LlmTornado\Code\PartialModels.cs(2388,36): warning CS1570: XML comment has badly formed XML -- 'Whitespace is not allowed at this location.' [C:\Users\lordo\Documents\GitHub\llmtornado\src\LlmTornado\LlmTornado.csproj::TargetFramework=net10.0]
C:\Users\lordo\Documents\GitHub\llmtornado\src\LlmTornado\Files\FilePurpose.cs(8,121): warning CS1570: XML comment has badly formed XML -- 'Whitespace is not allowed at this location.' [C:\Users\lordo\Documents\GitHub\llmtornado\src\LlmTornado\LlmTornado.csproj::TargetFramework=net10.0]
C:\Users\lordo\Documents\GitHub\llmtornado\src\LlmTornado\Responses\ResponseOutputItem.cs(1542,7): warning CS1570: XML comment has badly formed XML -- 'End tag 'summary' does not match the start tag 'IResponseOutputItem'.' [C:\Users\lordo\Documents\GitHub\llmtornado\src\LlmTornado\LlmTornado.csproj::TargetFramework=net10.0]
C:\Users\lordo\Documents\GitHub\llmtornado\src\LlmTornado\Responses\ResponseOutputItem.cs(1543,1): warning CS1570: XML comment has badly formed XML -- 'Expected an end tag for element 'summary'.' [C:\Users\lordo\Documents\GitHub\llmtornado\src\LlmTornado\LlmTornado.csproj::TargetFramework=net10.0]
C:\Users\lordo\Documents\GitHub\llmtornado\src\LlmTornado\EndpointBase.cs(21,7): warning CS0105: The using directive for 'LlmTornado.Common' appeared previously in this namespace [C:\Users\lordo\Documents\GitHub\llmtornado\src\LlmTornado\LlmTornado.csproj::TargetFramework=net10.0]
C:\Users\lordo\Documents\GitHub\llmtornado\src\LlmTornado\Responses\ResponseToolSearch.cs(5,7): warning CS0105: The using directive for 'LlmTornado.ChatFunctions' appeared previously in this namespace [C:\Users\lordo\Documents\GitHub\llmtornado\src\LlmTornado\LlmTornado.csproj::TargetFramework=net10.0]
C:\Users\lordo\Documents\GitHub\llmtornado\src\LlmTornado\TornadoApi.cs(36,7): warning CS0105: The using directive for 'LlmTornado.ManagedAgents.Anthropic' appeared previously in this namespace [C:\Users\lordo\Documents\GitHub\llmtornado\src\LlmTornado\LlmTornado.csproj::TargetFramework=net10.0]
C:\Users\lordo\Documents\GitHub\llmtornado\src\LlmTornado\Audio\SpeechResponseFormat.cs(73,30): warning CS8765: Nullability of type of parameter 'value' doesn't match overridden member (possibly because of nullability attributes). [C:\Users\lordo\Documents\GitHub\llmtornado\src\LlmTornado\LlmTornado.csproj::TargetFramework=net10.0]
C:\Users\lordo\Documents\GitHub\llmtornado\src\LlmTornado\Audio\SpeechResponseFormat.cs(78,46): warning CS8765: Nullability of type of parameter 'existingValue' doesn't match overridden member (possibly because of nullability attributes). [C:\Users\lordo\Documents\GitHub\llmtornado\src\LlmTornado\LlmTornado.csproj::TargetFramework=net10.0]
C:\Users\lordo\Documents\GitHub\llmtornado\src\LlmTornado\Audio\SpeechVoice.cs(112,30): warning CS8765: Nullability of type of parameter 'value' doesn't match overridden member (possibly because of nullability attributes). [C:\Users\lordo\Documents\GitHub\llmtornado\src\LlmTornado\LlmTornado.csproj::TargetFramework=net10.0]
C:\Users\lordo\Documents\GitHub\llmtornado\src\LlmTornado\Audio\SpeechVoice.cs(117,37): warning CS8765: Nullability of type of parameter 'existingValue' doesn't match overridden member (possibly because of nullability attributes). [C:\Users\lordo\Documents\GitHub\llmtornado\src\LlmTornado\LlmTornado.csproj::TargetFramework=net10.0]
C:\Users\lordo\Documents\GitHub\llmtornado\src\LlmTornado\Completions\CompletionEndpoint.cs(125,82): warning CS8625: Cannot convert null literal to non-nullable reference type. [C:\Users\lordo\Documents\GitHub\llmtornado\src\LlmTornado\LlmTornado.csproj::TargetFramework=net10.0]
C:\Users\lordo\Documents\GitHub\llmtornado\src\LlmTornado\Completions\CompletionEndpoint.cs(275,103): warning CS8625: Cannot convert null literal to non-nullable reference type. [C:\Users\lordo\Documents\GitHub\llmtornado\src\LlmTornado\LlmTornado.csproj::TargetFramework=net10.0]
C:\Users\lordo\Documents\GitHub\llmtornado\src\LlmTornado\Chat\Conversation.cs(1320,43): warning CS8425: Async-iterator 'Conversation.StreamResponseEnumerable(Guid?, CancellationToken)' has one or more parameters of type 'CancellationToken' but none of them is decorated with the 'EnumeratorCancellation' attribute, so the cancellation token parameter from the generated 'IAsyncEnumerable<>.GetAsyncEnumerator' will be unconsumed [C:\Users\lordo\Documents\GitHub\llmtornado\src\LlmTornado\LlmTornado.csproj::TargetFramework=net10.0]
C:\Users\lordo\Documents\GitHub\llmtornado\src\LlmTornado\Chat\Vendors\Anthropic\VendorAnthropicChatRequest.cs(79,30): warning CS8765: Nullability of type of parameter 'value' doesn't match overridden member (possibly because of nullability attributes). [C:\Users\lordo\Documents\GitHub\llmtornado\src\LlmTornado\LlmTornado.csproj::TargetFramework=net10.0]
C:\Users\lordo\Documents\GitHub\llmtornado\src\LlmTornado\Chat\Vendors\Anthropic\VendorAnthropicChatRequest.cs(494,66): warning CS8765: Nullability of type of parameter 'existingValue' doesn't match overridden member (possibly because of nullability attributes). [C:\Users\lordo\Documents\GitHub\llmtornado\src\LlmTornado\LlmTornado.csproj::TargetFramework=net10.0]
C:\Users\lordo\Documents\GitHub\llmtornado\src\LlmTornado\Embedding\MultimodalEmbeddingResult.cs(15,19): warning CS0108: 'MultimodalEmbeddingResult.Object' hides inherited member 'ApiResultBase.Object'. Use the new keyword if hiding was intended. [C:\Users\lordo\Documents\GitHub\llmtornado\src\LlmTornado\LlmTornado.csproj::TargetFramework=net10.0]
C:\Users\lordo\Documents\GitHub\llmtornado\src\LlmTornado\Embedding\MultimodalEmbeddingResult.cs(27,19): warning CS0108: 'MultimodalEmbeddingResult.Model' hides inherited member 'ApiResultBase.Model'. Use the new keyword if hiding was intended. [C:\Users\lordo\Documents\GitHub\llmtornado\src\LlmTornado\LlmTornado.csproj::TargetFramework=net10.0]
C:\Users\lordo\Documents\GitHub\llmtornado\src\LlmTornado\Batch\BatchEndpoint.cs(131,48): warning CS8425: Async-iterator 'BatchEndpoint.GetResultsStreaming(BatchItem, LLmProviders?, CancellationToken)' has one or more parameters of type 'CancellationToken' but none of them is decorated with the 'EnumeratorCancellation' attribute, so the cancellation token parameter from the generated 'IAsyncEnumerable<>.GetAsyncEnumerator' will be unconsumed [C:\Users\lordo\Documents\GitHub\llmtornado\src\LlmTornado\LlmTornado.csproj::TargetFramework=net10.0]
C:\Users\lordo\Documents\GitHub\llmtornado\src\LlmTornado\Code\DiffMatchPatch\ImmutableListWithValueSemantics.cs(41,26): warning CS8765: Nullability of type of parameter 'obj' doesn't match overridden member (possibly because of nullability attributes). [C:\Users\lordo\Documents\GitHub\llmtornado\src\LlmTornado\LlmTornado.csproj::TargetFramework=net10.0]
C:\Users\lordo\Documents\GitHub\llmtornado\src\LlmTornado\Batch\Vendors\Google\VendorGoogleBatchHandler.cs(125,55): warning CS8425: Async-iterator 'VendorGoogleBatchHandler.StreamResults(BatchItem, IEndpointProvider, EndpointBase, Func<string, LLmProviders?, CancellationToken, Task<HttpCallResult<BatchItem>>>, CancellationToken)' has one or more parameters of type 'CancellationToken' but none of them is decorated with the 'EnumeratorCancellation' attribute, so the cancellation token parameter from the generated 'IAsyncEnumerable<>.GetAsyncEnumerator' will be unconsumed [C:\Users\lordo\Documents\GitHub\llmtornado\src\LlmTornado\LlmTornado.csproj::TargetFramework=net10.0]
C:\Users\lordo\Documents\GitHub\llmtornado\src\LlmTornado\Batch\Vendors\OpenAi\VendorOpenAiBatchHandler.cs(70,55): warning CS8425: Async-iterator 'VendorOpenAiBatchHandler.StreamResults(BatchItem, IEndpointProvider, CancellationToken)' has one or more parameters of type 'CancellationToken' but none of them is decorated with the 'EnumeratorCancellation' attribute, so the cancellation token parameter from the generated 'IAsyncEnumerable<>.GetAsyncEnumerator' will be unconsumed [C:\Users\lordo\Documents\GitHub\llmtornado\src\LlmTornado\LlmTornado.csproj::TargetFramework=net10.0]
C:\Users\lordo\Documents\GitHub\llmtornado\src\LlmTornado\EndpointBase.cs(868,40): warning CS8425: Async-iterator 'EndpointBase.HttpStreamingRequest<T>(IEndpointProvider, CapabilityEndpoints, string?, Dictionary<string, object>?, HttpVerbs?, object?, IModel?, Ref<string>?, CancellationToken)' has one or more parameters of type 'CancellationToken' but none of them is decorated with the 'EnumeratorCancellation' attribute, so the cancellation token parameter from the generated 'IAsyncEnumerable<>.GetAsyncEnumerator' will be unconsumed [C:\Users\lordo\Documents\GitHub\llmtornado\src\LlmTornado\LlmTornado.csproj::TargetFramework=net10.0]
C:\Users\lordo\Documents\GitHub\llmtornado\src\LlmTornado\ManagedAgents\Anthropic\AnthropicManagedAgent.cs(26,20): warning CS0108: 'AnthropicManagedAgent.Model' hides inherited member 'ApiResultBase.Model'. Use the new keyword if hiding was intended. [C:\Users\lordo\Documents\GitHub\llmtornado\src\LlmTornado\LlmTornado.csproj::TargetFramework=net10.0]
C:\Users\lordo\Documents\GitHub\llmtornado\src\LlmTornado\ManagedAgents\Anthropic\AnthropicManagedAgent.cs(32,18): warning CS0108: 'AnthropicManagedAgent.Version' hides inherited member 'ApiResultBase.Version'. Use the new keyword if hiding was intended. [C:\Users\lordo\Documents\GitHub\llmtornado\src\LlmTornado\LlmTornado.csproj::TargetFramework=net10.0]
C:\Users\lordo\Documents\GitHub\llmtornado\src\LlmTornado\Interactions\Interaction.cs(17,20): warning CS0108: 'Interaction.Object' hides inherited member 'ApiResultBase.Object'. Use the new keyword if hiding was intended. [C:\Users\lordo\Documents\GitHub\llmtornado\src\LlmTornado\LlmTornado.csproj::TargetFramework=net10.0]
C:\Users\lordo\Documents\GitHub\llmtornado\src\LlmTornado\Interactions\Interaction.cs(29,20): warning CS0108: 'Interaction.Model' hides inherited member 'ApiResultBase.Model'. Use the new keyword if hiding was intended. [C:\Users\lordo\Documents\GitHub\llmtornado\src\LlmTornado\LlmTornado.csproj::TargetFramework=net10.0]
C:\Users\lordo\Documents\GitHub\llmtornado\src\LlmTornado\Interactions\Interaction.cs(63,20): warning CS0108: 'Interaction.Created' hides inherited member 'ApiResultBase.Created'. Use the new keyword if hiding was intended. [C:\Users\lordo\Documents\GitHub\llmtornado\src\LlmTornado\LlmTornado.csproj::TargetFramework=net10.0]
C:\Users\lordo\Documents\GitHub\llmtornado\src\LlmTornado\Chat\Vendors\Cohere\ChatVendorCohereExtensionConnector.cs(144,60): warning CS8765: Nullability of type of parameter 'existingValue' doesn't match overridden member (possibly because of nullability attributes). [C:\Users\lordo\Documents\GitHub\llmtornado\src\LlmTornado\LlmTornado.csproj::TargetFramework=net10.0]
C:\Users\lordo\Documents\GitHub\llmtornado\src\LlmTornado\Code\Extensions.cs(97,44): warning CS8714: The type 'TKey' cannot be used as type parameter 'TKey' in the generic type or method 'Dictionary<TKey, TValue>'. Nullability of type argument 'TKey' doesn't match 'notnull' constraint. [C:\Users\lordo\Documents\GitHub\llmtornado\src\LlmTornado\LlmTornado.csproj::TargetFramework=net10.0]
C:\Users\lordo\Documents\GitHub\llmtornado\src\LlmTornado\Code\Extensions.cs(408,76): warning CS8714: The type 'TKey' cannot be used as type parameter 'TKey' in the generic type or method 'Dictionary<TKey, TValue>'. Nullability of type argument 'TKey' doesn't match 'notnull' constraint. [C:\Users\lordo\Documents\GitHub\llmtornado\src\LlmTornado\LlmTornado.csproj::TargetFramework=net10.0]
C:\Users\lordo\Documents\GitHub\llmtornado\src\LlmTornado\ManagedAgents\ManagedAgent.cs(17,20): warning CS0108: 'ManagedAgent.Object' hides inherited member 'ApiResultBase.Object'. Use the new keyword if hiding was intended. [C:\Users\lordo\Documents\GitHub\llmtornado\src\LlmTornado\LlmTornado.csproj::TargetFramework=net10.0]
C:\Users\lordo\Documents\GitHub\llmtornado\src\LlmTornado\ManagedAgents\ManagedAgent.cs(65,20): warning CS0108: 'ManagedAgent.Created' hides inherited member 'ApiResultBase.Created'. Use the new keyword if hiding was intended. [C:\Users\lordo\Documents\GitHub\llmtornado\src\LlmTornado\LlmTornado.csproj::TargetFramework=net10.0]
C:\Users\lordo\Documents\GitHub\llmtornado\src\LlmTornado\Compaction\CompactionResult.cs(25,20): warning CS0108: 'CompactionResult.Model' hides inherited member 'ApiResultBase.Model'. Use the new keyword if hiding was intended. [C:\Users\lordo\Documents\GitHub\llmtornado\src\LlmTornado\LlmTornado.csproj::TargetFramework=net10.0]
C:\Users\lordo\Documents\GitHub\llmtornado\src\LlmTornado\Chat\Vendors\Cohere\VendorCohereChatRequest.cs(500,28): warning CS8765: Nullability of type of parameter 'existingValue' doesn't match overridden member (possibly because of nullability attributes). [C:\Users\lordo\Documents\GitHub\llmtornado\src\LlmTornado\LlmTornado.csproj::TargetFramework=net10.0]
C:\Users\lordo\Documents\GitHub\llmtornado\src\LlmTornado\Chat\Vendors\Cohere\VendorCohereChatRequest.cs(518,26): warning CS8765: Nullability of type of parameter 'value' doesn't match overridden member (possibly because of nullability attributes). [C:\Users\lordo\Documents\GitHub\llmtornado\src\LlmTornado\LlmTornado.csproj::TargetFramework=net10.0]
C:\Users\lordo\Documents\GitHub\llmtornado\src\LlmTornado\Ocr\Models\OcrModel.cs(15,19): warning CS0108: 'OcrModel.Name' hides inherited member 'ModelBase.Name'. Use the new keyword if hiding was intended. [C:\Users\lordo\Documents\GitHub\llmtornado\src\LlmTornado\LlmTornado.csproj::TargetFramework=net10.0]
C:\Users\lordo\Documents\GitHub\llmtornado\src\LlmTornado\Ocr\Models\OcrModel.cs(18,25): warning CS0108: 'OcrModel.Provider' hides inherited member 'ModelBase.Provider'. Use the new keyword if hiding was intended. [C:\Users\lordo\Documents\GitHub\llmtornado\src\LlmTornado\LlmTornado.csproj::TargetFramework=net10.0]
C:\Users\lordo\Documents\GitHub\llmtornado\src\LlmTornado\Chat\Vendors\Cohere\VendorCohereChatRequest.cs(531,28): warning CS8765: Nullability of type of parameter 'existingValue' doesn't match overridden member (possibly because of nullability attributes). [C:\Users\lordo\Documents\GitHub\llmtornado\src\LlmTornado\LlmTornado.csproj::TargetFramework=net10.0]
C:\Users\lordo\Documents\GitHub\llmtornado\src\LlmTornado\Chat\Vendors\Cohere\VendorCohereChatRequest.cs(547,26): warning CS8765: Nullability of type of parameter 'value' doesn't match overridden member (possibly because of nullability attributes). [C:\Users\lordo\Documents\GitHub\llmtornado\src\LlmTornado\LlmTornado.csproj::TargetFramework=net10.0]
C:\Users\lordo\Documents\GitHub\llmtornado\src\LlmTornado\Ocr\OcrResult.cs(21,20): warning CS0108: 'OcrResult.Model' hides inherited member 'ApiResultBase.Model'. Use the new keyword if hiding was intended. [C:\Users\lordo\Documents\GitHub\llmtornado\src\LlmTornado\LlmTornado.csproj::TargetFramework=net10.0]
C:\Users\lordo\Documents\GitHub\llmtornado\src\LlmTornado\Images\ImageSize.cs(332,30): warning CS8765: Nullability of type of parameter 'value' doesn't match overridden member (possibly because of nullability attributes). [C:\Users\lordo\Documents\GitHub\llmtornado\src\LlmTornado\LlmTornado.csproj::TargetFramework=net10.0]
C:\Users\lordo\Documents\GitHub\llmtornado\src\LlmTornado\Images\ImageSize.cs(337,35): warning CS8765: Nullability of type of parameter 'existingValue' doesn't match overridden member (possibly because of nullability attributes). [C:\Users\lordo\Documents\GitHub\llmtornado\src\LlmTornado\LlmTornado.csproj::TargetFramework=net10.0]
C:\Users\lordo\Documents\GitHub\llmtornado\src\LlmTornado\Rerank\RerankResult.cs(16,19): warning CS0108: 'RerankResult.Object' hides inherited member 'ApiResultBase.Object'. Use the new keyword if hiding was intended. [C:\Users\lordo\Documents\GitHub\llmtornado\src\LlmTornado\LlmTornado.csproj::TargetFramework=net10.0]
C:\Users\lordo\Documents\GitHub\llmtornado\src\LlmTornado\Rerank\RerankResult.cs(28,19): warning CS0108: 'RerankResult.Model' hides inherited member 'ApiResultBase.Model'. Use the new keyword if hiding was intended. [C:\Users\lordo\Documents\GitHub\llmtornado\src\LlmTornado\LlmTornado.csproj::TargetFramework=net10.0]
C:\Users\lordo\Documents\GitHub\llmtornado\src\LlmTornado\Chat\Vendors\Mistral\VendorMistralChatRequest.cs(42,28): warning CS0108: 'VendorMistralChatRequest.VendorMistralChatRequestData.Prediction' hides inherited member 'ChatRequest.Prediction'. Use the new keyword if hiding was intended. [C:\Users\lordo\Documents\GitHub\llmtornado\src\LlmTornado\LlmTornado.csproj::TargetFramework=net10.0]
C:\Users\lordo\Documents\GitHub\llmtornado\src\LlmTornado\Vendor\Cohere\CohereEndpointProvider.cs(40,27): warning CS0108: 'CohereEndpointProvider.OutboundVersion' hides inherited member 'BaseEndpointProvider.OutboundVersion'. Use the new keyword if hiding was intended. [C:\Users\lordo\Documents\GitHub\llmtornado\src\LlmTornado\LlmTornado.csproj::TargetFramework=net10.0]
C:\Users\lordo\Documents\GitHub\llmtornado\src\LlmTornado\Vendor\Anthropic\AnthropicEndpointProvider.cs(55,27): warning CS0108: 'AnthropicEndpointProvider.OutboundVersion' hides inherited member 'BaseEndpointProvider.OutboundVersion'. Use the new keyword if hiding was intended. [C:\Users\lordo\Documents\GitHub\llmtornado\src\LlmTornado\LlmTornado.csproj::TargetFramework=net10.0]
C:\Users\lordo\Documents\GitHub\llmtornado\src\LlmTornado\Vendor\Google\GoogleEndpointProvider.cs(41,27): warning CS0108: 'GoogleEndpointProvider.OutboundVersion' hides inherited member 'BaseEndpointProvider.OutboundVersion'. Use the new keyword if hiding was intended. [C:\Users\lordo\Documents\GitHub\llmtornado\src\LlmTornado\LlmTornado.csproj::TargetFramework=net10.0]
C:\Users\lordo\Documents\GitHub\llmtornado\src\LlmTornado\Vendor\OpenAi\OpenAiEndpointProvider.cs(36,27): warning CS0108: 'OpenAiEndpointProvider.OutboundVersion' hides inherited member 'BaseEndpointProvider.OutboundVersion'. Use the new keyword if hiding was intended. [C:\Users\lordo\Documents\GitHub\llmtornado\src\LlmTornado\LlmTornado.csproj::TargetFramework=net10.0]
C:\Users\lordo\Documents\GitHub\llmtornado\src\LlmTornado\Videos\VideoJob.cs(22,20): warning CS0108: 'VideoJob.Object' hides inherited member 'ApiResultBase.Object'. Use the new keyword if hiding was intended. [C:\Users\lordo\Documents\GitHub\llmtornado\src\LlmTornado\LlmTornado.csproj::TargetFramework=net10.0]
C:\Users\lordo\Documents\GitHub\llmtornado\src\LlmTornado\Videos\VideoJob.cs(28,20): warning CS0108: 'VideoJob.Model' hides inherited member 'ApiResultBase.Model'. Use the new keyword if hiding was intended. [C:\Users\lordo\Documents\GitHub\llmtornado\src\LlmTornado\LlmTornado.csproj::TargetFramework=net10.0]
C:\Users\lordo\Documents\GitHub\llmtornado\src\LlmTornado\Skills\CreateSkillRequest.cs(31,12): warning CS8618: Non-nullable property 'DisplayTitle' must contain a non-null value when exiting constructor. Consider adding the 'required' modifier or declaring the property as nullable. [C:\Users\lordo\Documents\GitHub\llmtornado\src\LlmTornado\LlmTornado.csproj::TargetFramework=net10.0]
C:\Users\lordo\Documents\GitHub\llmtornado\src\LlmTornado\Assistants\ResponseFormat.cs(90,19): warning CS8618: Non-nullable property 'Name' must contain a non-null value when exiting constructor. Consider adding the 'required' modifier or declaring the property as nullable. [C:\Users\lordo\Documents\GitHub\llmtornado\src\LlmTornado\LlmTornado.csproj::TargetFramework=net10.0]
C:\Users\lordo\Documents\GitHub\llmtornado\src\LlmTornado\Assistants\ResponseFormat.cs(76,43): warning CS8618: Non-nullable property 'JsonSchema' must contain a non-null value when exiting constructor. Consider adding the 'required' modifier or declaring the property as nullable. [C:\Users\lordo\Documents\GitHub\llmtornado\src\LlmTornado\LlmTornado.csproj::TargetFramework=net10.0]
C:\Users\lordo\Documents\GitHub\llmtornado\src\LlmTornado\Assistants\AssistantToolFunction.cs(163,13): warning CS8618: Non-nullable property 'Name' must contain a non-null value when exiting constructor. Consider adding the 'required' modifier or declaring the property as nullable. [C:\Users\lordo\Documents\GitHub\llmtornado\src\LlmTornado\LlmTornado.csproj::TargetFramework=net10.0]
C:\Users\lordo\Documents\GitHub\llmtornado\src\LlmTornado\Assistants\AssistantToolFunction.cs(163,13): warning CS8618: Non-nullable property 'Description' must contain a non-null value when exiting constructor. Consider adding the 'required' modifier or declaring the property as nullable. [C:\Users\lordo\Documents\GitHub\llmtornado\src\LlmTornado\LlmTornado.csproj::TargetFramework=net10.0]
C:\Users\lordo\Documents\GitHub\llmtornado\src\LlmTornado\Caching\Vendors\Google\VendorGoogleCachingCreateCachedContentRequest.cs(58,12): warning CS8618: Non-nullable property 'Ttl' must contain a non-null value when exiting constructor. Consider adding the 'required' modifier or declaring the property as nullable. [C:\Users\lordo\Documents\GitHub\llmtornado\src\LlmTornado\LlmTornado.csproj::TargetFramework=net10.0]
C:\Users\lordo\Documents\GitHub\llmtornado\src\LlmTornado\Caching\Vendors\Google\VendorGoogleCachingCreateCachedContentRequest.cs(58,12): warning CS8618: Non-nullable property 'Model' must contain a non-null value when exiting constructor. Consider adding the 'required' modifier or declaring the property as nullable. [C:\Users\lordo\Documents\GitHub\llmtornado\src\LlmTornado\LlmTornado.csproj::TargetFramework=net10.0]
C:\Users\lordo\Documents\GitHub\llmtornado\src\LlmTornado\Caching\Vendors\Google\VendorGoogleCachingCreateCachedContentRequest.cs(58,12): warning CS8618: Non-nullable property 'Config' must contain a non-null value when exiting constructor. Consider adding the 'required' modifier or declaring the property as nullable. [C:\Users\lordo\Documents\GitHub\llmtornado\src\LlmTornado\LlmTornado.csproj::TargetFramework=net10.0]
C:\Users\lordo\Documents\GitHub\llmtornado\src\LlmTornado\Audio\AudioEndpoint.cs(209,57): warning CS8604: Possible null reference argument for parameter 'content' in 'StringContent.StringContent(string content)'. [C:\Users\lordo\Documents\GitHub\llmtornado\src\LlmTornado\LlmTornado.csproj::TargetFramework=net10.0]
C:\Users\lordo\Documents\GitHub\llmtornado\src\LlmTornado\Caching\Vendors\Google\VendorGoogleCachingCachedContentList.cs(13,55): warning CS8618: Non-nullable property 'CachedContents' must contain a non-null value when exiting constructor. Consider adding the 'required' modifier or declaring the property as nullable. [C:\Users\lordo\Documents\GitHub\llmtornado\src\LlmTornado\LlmTornado.csproj::TargetFramework=net10.0]
C:\Users\lordo\Documents\GitHub\llmtornado\src\LlmTornado\Caching\Vendors\Google\VendorGoogleCachingCachedContentInfo.cs(55,12): warning CS8618: Non-nullable property 'UsageMetadata' must contain a non-null value when exiting constructor. Consider adding the 'required' modifier or declaring the property as nullable. [C:\Users\lordo\Documents\GitHub\llmtornado\src\LlmTornado\LlmTornado.csproj::TargetFramework=net10.0]
C:\Users\lordo\Documents\GitHub\llmtornado\src\LlmTornado\Caching\Vendors\Google\VendorGoogleCachingCachedContentInfo.cs(55,12): warning CS8618: Non-nullable property 'Model' must contain a non-null value when exiting constructor. Consider adding the 'required' modifier or declaring the property as nullable. [C:\Users\lordo\Documents\GitHub\llmtornado\src\LlmTornado\LlmTornado.csproj::TargetFramework=net10.0]
C:\Users\lordo\Documents\GitHub\llmtornado\src\LlmTornado\Chat\Vendors\Zai\VendorZaiChatRequest.cs(22,50): warning CS8604: Possible null reference argument for parameter 'o' in 'JObject JObject.FromObject(object o, JsonSerializer jsonSerializer)'. [C:\Users\lordo\Documents\GitHub\llmtornado\src\LlmTornado\LlmTornado.csproj::TargetFramework=net10.0]
C:\Users\lordo\Documents\GitHub\llmtornado\src\LlmTornado\Audio\Vendors\Google\VendorGoogleMusicRequest.cs(103,20): warning CS8603: Possible null reference return. [C:\Users\lordo\Documents\GitHub\llmtornado\src\LlmTornado\LlmTornado.csproj::TargetFramework=net10.0]
C:\Users\lordo\Documents\GitHub\llmtornado\src\LlmTornado\Audio\TranslationRequest.cs(14,22): warning CS8618: Non-nullable property 'File' must contain a non-null value when exiting constructor. Consider adding the 'required' modifier or declaring the property as nullable. [C:\Users\lordo\Documents\GitHub\llmtornado\src\LlmTornado\LlmTornado.csproj::TargetFramework=net10.0]
C:\Users\lordo\Documents\GitHub\llmtornado\src\LlmTornado\Audio\TranslationRequest.cs(31,19): warning CS8618: Non-nullable property 'Prompt' must contain a non-null value when exiting constructor. Consider adding the 'required' modifier or declaring the property as nullable. [C:\Users\lordo\Documents\GitHub\llmtornado\src\LlmTornado\LlmTornado.csproj::TargetFramework=net10.0]
C:\Users\lordo\Documents\GitHub\llmtornado\src\LlmTornado\Audio\TranscriptionResult.cs(233,19): warning CS8618: Non-nullable property 'Type' must contain a non-null value when exiting constructor. Consider adding the 'required' modifier or declaring the property as nullable. [C:\Users\lordo\Documents\GitHub\llmtornado\src\LlmTornado\LlmTornado.csproj::TargetFramework=net10.0]
C:\Users\lordo\Documents\GitHub\llmtornado\src\LlmTornado\Audio\TranscriptionResult.cs(146,19): warning CS8618: Non-nullable property 'Id' must contain a non-null value when exiting constructor. Consider adding the 'required' modifier or declaring the property as nullable. [C:\Users\lordo\Documents\GitHub\llmtornado\src\LlmTornado\LlmTornado.csproj::TargetFramework=net10.0]
C:\Users\lordo\Documents\GitHub\llmtornado\src\LlmTornado\Audio\TranscriptionResult.cs(170,19): warning CS8618: Non-nullable property 'Text' must contain a non-null value when exiting constructor. Consider adding the 'required' modifier or declaring the property as nullable. [C:\Users\lordo\Documents\GitHub\llmtornado\src\LlmTornado\LlmTornado.csproj::TargetFramework=net10.0]
C:\Users\lordo\Documents\GitHub\llmtornado\src\LlmTornado\Audio\TranscriptionResult.cs(176,18): warning CS8618: Non-nullable property 'Tokens' must contain a non-null value when exiting constructor. Consider adding the 'required' modifier or declaring the property as nullable. [C:\Users\lordo\Documents\GitHub\llmtornado\src\LlmTornado\LlmTornado.csproj::TargetFramework=net10.0]
C:\Users\lordo\Documents\GitHub\llmtornado\src\LlmTornado\Audio\TranscriptionResult.cs(125,19): warning CS8618: Non-nullable property 'Word' must contain a non-null value when exiting constructor. Consider adding the 'required' modifier or declaring the property as nullable. [C:\Users\lordo\Documents\GitHub\llmtornado\src\LlmTornado\LlmTornado.csproj::TargetFramework=net10.0]
C:\Users\lordo\Documents\GitHub\llmtornado\src\LlmTornado\Audio\TranscriptionResult.cs(83,19): warning CS8618: Non-nullable property 'Bytes' must contain a non-null value when exiting constructor. Consider adding the 'required' modifier or declaring the property as nullable. [C:\Users\lordo\Documents\GitHub\llmtornado\src\LlmTornado\LlmTornado.csproj::TargetFramework=net10.0]
C:\Users\lordo\Documents\GitHub\llmtornado\src\LlmTornado\Audio\TranscriptionResult.cs(95,19): warning CS8618: Non-nullable property 'Token' must contain a non-null value when exiting constructor. Consider adding the 'required' modifier or declaring the property as nullable. [C:\Users\lordo\Documents\GitHub\llmtornado\src\LlmTornado\LlmTornado.csproj::TargetFramework=net10.0]
C:\Users\lordo\Documents\GitHub\llmtornado\src\LlmTornado\Audio\TranscriptionResult.cs(17,19): warning CS8618: Non-nullable property 'Text' must contain a non-null value when exiting constructor. Consider adding the 'required' modifier or declaring the property as nullable. [C:\Users\lordo\Documents\GitHub\llmtornado\src\LlmTornado\LlmTornado.csproj::TargetFramework=net10.0]
C:\Users\lordo\Documents\GitHub\llmtornado\src\LlmTornado\Chat\OutboundToolChoice.cs(494,19): warning CS8618: Non-nullable property 'Name' must contain a non-null value when exiting constructor. Consider adding the 'required' modifier or declaring the property as nullable. [C:\Users\lordo\Documents\GitHub\llmtornado\src\LlmTornado\LlmTornado.csproj::TargetFramework=net10.0]
C:\Users\lordo\Documents\GitHub\llmtornado\src\LlmTornado\Model\ModelsEndpoint.cs(39,16): warning CS8603: Possible null reference return. [C:\Users\lordo\Documents\GitHub\llmtornado\src\LlmTornado\LlmTornado.csproj::TargetFramework=net10.0]
C:\Users\lordo\Documents\GitHub\llmtornado\src\LlmTornado\Audio\TranscriptionRequest.cs(27,19): warning CS8618: Non-nullable property 'Language' must contain a non-null value when exiting constructor. Consider adding the 'required' modifier or declaring the property as nullable. [C:\Users\lordo\Documents\GitHub\llmtornado\src\LlmTornado\LlmTornado.csproj::TargetFramework=net10.0]
C:\Users\lordo\Documents\GitHub\llmtornado\src\LlmTornado\Audio\TranscriptionRequest.cs(40,22): warning CS8618: Non-nullable property 'File' must contain a non-null value when exiting constructor. Consider adding the 'required' modifier or declaring the property as nullable. [C:\Users\lordo\Documents\GitHub\llmtornado\src\LlmTornado\LlmTornado.csproj::TargetFramework=net10.0]
C:\Users\lordo\Documents\GitHub\llmtornado\src\LlmTornado\Model\Vendors\RetrievedModelsResult.cs(13,33): warning CS8618: Non-nullable property 'Data' must contain a non-null value when exiting constructor. Consider adding the 'required' modifier or declaring the property as nullable. [C:\Users\lordo\Documents\GitHub\llmtornado\src\LlmTornado\LlmTornado.csproj::TargetFramework=net10.0]
C:\Users\lordo\Documents\GitHub\llmtornado\src\LlmTornado\Model\Vendors\Cohere\VendorCohereRetrievedModelsResult.cs(20,57): warning CS8618: Non-nullable property 'Models' must contain a non-null value when exiting constructor. Consider adding the 'required' modifier or declaring the property as nullable. [C:\Users\lordo\Documents\GitHub\llmtornado\src\LlmTornado\LlmTornado.csproj::TargetFramework=net10.0]
C:\Users\lordo\Documents\GitHub\llmtornado\src\LlmTornado\Audio\SpeechRequest.cs(17,19): warning CS8618: Non-nullable property 'Input' must contain a non-null value when exiting constructor. Consider adding the 'required' modifier or declaring the property as nullable. [C:\Users\lordo\Documents\GitHub\llmtornado\src\LlmTornado\LlmTornado.csproj::TargetFramework=net10.0]
C:\Users\lordo\Documents\GitHub\llmtornado\src\LlmTornado\Common\Tool.cs(1256,13): warning CS8618: Non-nullable property 'Name' must contain a non-null value when exiting constructor. Consider adding the 'required' modifier or declaring the property as nullable. [C:\Users\lordo\Documents\GitHub\llmtornado\src\LlmTornado\LlmTornado.csproj::TargetFramework=net10.0]
C:\Users\lordo\Documents\GitHub\llmtornado\src\LlmTornado\Common\Tool.cs(1256,13): warning CS8618: Non-nullable property 'Description' must contain a non-null value when exiting constructor. Consider adding the 'required' modifier or declaring the property as nullable. [C:\Users\lordo\Documents\GitHub\llmtornado\src\LlmTornado\LlmTornado.csproj::TargetFramework=net10.0]
C:\Users\lordo\Documents\GitHub\llmtornado\src\LlmTornado\Model\Vendors\Google\VendorGoogleRetrievedModelsResult.cs(26,12): warning CS8618: Non-nullable property 'Models' must contain a non-null value when exiting constructor. Consider adding the 'required' modifier or declaring the property as nullable. [C:\Users\lordo\Documents\GitHub\llmtornado\src\LlmTornado\LlmTornado.csproj::TargetFramework=net10.0]
C:\Users\lordo\Documents\GitHub\llmtornado\src\LlmTornado\Common\Tool.cs(1111,12): warning CS8618: Non-nullable property 'CallAsync' must contain a non-null value when exiting constructor. Consider adding the 'required' modifier or declaring the property as nullable. [C:\Users\lordo\Documents\GitHub\llmtornado\src\LlmTornado\LlmTornado.csproj::TargetFramework=net10.0]
C:\Users\lordo\Documents\GitHub\llmtornado\src\LlmTornado\Common\Tool.cs(1065,19): warning CS8618: Non-nullable property 'Definition' must contain a non-null value when exiting constructor. Consider adding the 'required' modifier or declaring the property as nullable. [C:\Users\lordo\Documents\GitHub\llmtornado\src\LlmTornado\LlmTornado.csproj::TargetFramework=net10.0]
C:\Users\lordo\Documents\GitHub\llmtornado\src\LlmTornado\Model\Vendors\Google\VendorGoogleRetrievedModelsResult.cs(13,23): warning CS8618: Non-nullable property 'Name' must contain a non-null value when exiting constructor. Consider adding the 'required' modifier or declaring the property as nullable. [C:\Users\lordo\Documents\GitHub\llmtornado\src\LlmTornado\LlmTornado.csproj::TargetFramework=net10.0]
C:\Users\lordo\Documents\GitHub\llmtornado\src\LlmTornado\Model\Vendors\Google\VendorGoogleRetrievedModelsResult.cs(14,23): warning CS8618: Non-nullable property 'Version' must contain a non-null value when exiting constructor. Consider adding the 'required' modifier or declaring the property as nullable. [C:\Users\lordo\Documents\GitHub\llmtornado\src\LlmTornado\LlmTornado.csproj::TargetFramework=net10.0]
C:\Users\lordo\Documents\GitHub\llmtornado\src\LlmTornado\Model\Vendors\Google\VendorGoogleRetrievedModelsResult.cs(15,23): warning CS8618: Non-nullable property 'DisplayName' must contain a non-null value when exiting constructor. Consider adding the 'required' modifier or declaring the property as nullable. [C:\Users\lordo\Documents\GitHub\llmtornado\src\LlmTornado\LlmTornado.csproj::TargetFramework=net10.0]
C:\Users\lordo\Documents\GitHub\llmtornado\src\LlmTornado\Model\Vendors\Google\VendorGoogleRetrievedModelsResult.cs(19,29): warning CS8618: Non-nullable property 'SupportedGenerationMethods' must contain a non-null value when exiting constructor. Consider adding the 'required' modifier or declaring the property as nullable. [C:\Users\lordo\Documents\GitHub\llmtornado\src\LlmTornado\LlmTornado.csproj::TargetFramework=net10.0]
C:\Users\lordo\Documents\GitHub\llmtornado\src\LlmTornado\Chat\OutboundToolChoice.cs(21,19): warning CS8618: Non-nullable property 'Name' must contain a non-null value when exiting constructor. Consider adding the 'required' modifier or declaring the property as nullable. [C:\Users\lordo\Documents\GitHub\llmtornado\src\LlmTornado\LlmTornado.csproj::TargetFramework=net10.0]
C:\Users\lordo\Documents\GitHub\llmtornado\src\LlmTornado\Common\Tool.cs(978,12): warning CS8618: Non-nullable property 'Name' must contain a non-null value when exiting constructor. Consider adding the 'required' modifier or declaring the property as nullable. [C:\Users\lordo\Documents\GitHub\llmtornado\src\LlmTornado\LlmTornado.csproj::TargetFramework=net10.0]
C:\Users\lordo\Documents\GitHub\llmtornado\src\LlmTornado\Common\Tool.cs(978,12): warning CS8618: Non-nullable property 'Format' must contain a non-null value when exiting constructor. Consider adding the 'required' modifier or declaring the property as nullable. [C:\Users\lordo\Documents\GitHub\llmtornado\src\LlmTornado\LlmTornado.csproj::TargetFramework=net10.0]
C:\Users\lordo\Documents\GitHub\llmtornado\src\LlmTornado\Chat\FunctionCall.cs(141,12): warning CS8618: Non-nullable property 'Name' must contain a non-null value when exiting constructor. Consider adding the 'required' modifier or declaring the property as nullable. [C:\Users\lordo\Documents\GitHub\llmtornado\src\LlmTornado\LlmTornado.csproj::TargetFramework=net10.0]
C:\Users\lordo\Documents\GitHub\llmtornado\src\LlmTornado\Chat\FunctionCall.cs(147,14): warning CS8618: Non-nullable property 'Name' must contain a non-null value when exiting constructor. Consider adding the 'required' modifier or declaring the property as nullable. [C:\Users\lordo\Documents\GitHub\llmtornado\src\LlmTornado\LlmTornado.csproj::TargetFramework=net10.0]
C:\Users\lordo\Documents\GitHub\llmtornado\src\LlmTornado\Code\Model.cs(562,19): warning CS8618: Non-nullable property 'Id' must contain a non-null value when exiting constructor. Consider adding the 'required' modifier or declaring the property as nullable. [C:\Users\lordo\Documents\GitHub\llmtornado\src\LlmTornado\LlmTornado.csproj::TargetFramework=net10.0]
C:\Users\lordo\Documents\GitHub\llmtornado\src\LlmTornado\Code\Model.cs(619,19): warning CS8618: Non-nullable property 'Organization' must contain a non-null value when exiting constructor. Consider adding the 'required' modifier or declaring the property as nullable. [C:\Users\lordo\Documents\GitHub\llmtornado\src\LlmTornado\LlmTornado.csproj::TargetFramework=net10.0]
C:\Users\lordo\Documents\GitHub\llmtornado\src\LlmTornado\Code\Model.cs(625,19): warning CS8618: Non-nullable property 'Group' must contain a non-null value when exiting constructor. Consider adding the 'required' modifier or declaring the property as nullable. [C:\Users\lordo\Documents\GitHub\llmtornado\src\LlmTornado\LlmTornado.csproj::TargetFramework=net10.0]
C:\Users\lordo\Documents\GitHub\llmtornado\src\LlmTornado\Chat\FunctionCall.cs(154,14): warning CS8618: Non-nullable property 'Name' must contain a non-null value when exiting constructor. Consider adding the 'required' modifier or declaring the property as nullable. [C:\Users\lordo\Documents\GitHub\llmtornado\src\LlmTornado\LlmTornado.csproj::TargetFramework=net10.0]
C:\Users\lordo\Documents\GitHub\llmtornado\src\LlmTornado\Completions\CompletionResult.cs(93,50): warning CS8618: Non-nullable property 'Tokens' must contain a non-null value when exiting constructor. Consider adding the 'required' modifier or declaring the property as nullable. [C:\Users\lordo\Documents\GitHub\llmtornado\src\LlmTornado\LlmTornado.csproj::TargetFramework=net10.0]
C:\Users\lordo\Documents\GitHub\llmtornado\src\LlmTornado\Completions\CompletionResult.cs(95,59): warning CS8618: Non-nullable property 'TokenLogprobs' must contain a non-null value when exiting constructor. Consider adding the 'required' modifier or declaring the property as nullable. [C:\Users\lordo\Documents\GitHub\llmtornado\src\LlmTornado\LlmTornado.csproj::TargetFramework=net10.0]
C:\Users\lordo\Documents\GitHub\llmtornado\src\LlmTornado\Completions\CompletionResult.cs(97,78): warning CS8618: Non-nullable property 'TopLogprobs' must contain a non-null value when exiting constructor. Consider adding the 'required' modifier or declaring the property as nullable. [C:\Users\lordo\Documents\GitHub\llmtornado\src\LlmTornado\LlmTornado.csproj::TargetFramework=net10.0]
C:\Users\lordo\Documents\GitHub\llmtornado\src\LlmTornado\Completions\CompletionResult.cs(99,52): warning CS8618: Non-nullable property 'TextOffsets' must contain a non-null value when exiting constructor. Consider adding the 'required' modifier or declaring the property as nullable. [C:\Users\lordo\Documents\GitHub\llmtornado\src\LlmTornado\LlmTornado.csproj::TargetFramework=net10.0]
C:\Users\lordo\Documents\GitHub\llmtornado\src\LlmTornado\Chat\Vendors\XAi\VendorXAiChatRequestData.cs(21,50): warning CS8604: Possible null reference argument for parameter 'o' in 'JObject JObject.FromObject(object o, JsonSerializer jsonSerializer)'. [C:\Users\lordo\Documents\GitHub\llmtornado\src\LlmTornado\LlmTornado.csproj::TargetFramework=net10.0]
C:\Users\lordo\Documents\GitHub\llmtornado\src\LlmTornado\Batch\Vendors\Google\VendorGoogleBatchRequest.cs(24,47): warning CS8604: Possible null reference argument for parameter 'request' in 'VendorGoogleChatRequest.VendorGoogleChatRequest(ChatRequest request, IEndpointProvider provider)'. [C:\Users\lordo\Documents\GitHub\llmtornado\src\LlmTornado\LlmTornado.csproj::TargetFramework=net10.0]
C:\Users\lordo\Documents\GitHub\llmtornado\src\LlmTornado\Embedding\Vendors\Voyage\VendorVoyageEmbeddingRequest.cs(190,19): warning CS8618: Non-nullable property 'Type' must contain a non-null value when exiting constructor. Consider adding the 'required' modifier or declaring the property as nullable. [C:\Users\lordo\Documents\GitHub\llmtornado\src\LlmTornado\LlmTornado.csproj::TargetFramework=net10.0]
C:\Users\lordo\Documents\GitHub\llmtornado\src\LlmTornado\Common\Tool.cs(618,19): warning CS8618: Non-nullable property 'Native' must contain a non-null value when exiting constructor. Consider adding the 'required' modifier or declaring the property as nullable. [C:\Users\lordo\Documents\GitHub\llmtornado\src\LlmTornado\LlmTornado.csproj::TargetFramework=net10.0]
C:\Users\lordo\Documents\GitHub\llmtornado\src\LlmTornado\Common\Tool.cs(607,19): warning CS8618: Non-nullable property 'Blob' must contain a non-null value when exiting constructor. Consider adding the 'required' modifier or declaring the property as nullable. [C:\Users\lordo\Documents\GitHub\llmtornado\src\LlmTornado\LlmTornado.csproj::TargetFramework=net10.0]
C:\Users\lordo\Documents\GitHub\llmtornado\src\LlmTornado\Common\Tool.cs(586,19): warning CS8618: Non-nullable property 'Text' must contain a non-null value when exiting constructor. Consider adding the 'required' modifier or declaring the property as nullable. [C:\Users\lordo\Documents\GitHub\llmtornado\src\LlmTornado\LlmTornado.csproj::TargetFramework=net10.0]
C:\Users\lordo\Documents\GitHub\llmtornado\src\LlmTornado\Common\Tool.cs(505,19): warning CS8618: Non-nullable property 'Uri' must contain a non-null value when exiting constructor. Consider adding the 'required' modifier or declaring the property as nullable. [C:\Users\lordo\Documents\GitHub\llmtornado\src\LlmTornado\LlmTornado.csproj::TargetFramework=net10.0]
C:\Users\lordo\Documents\GitHub\llmtornado\src\LlmTornado\Common\Tool.cs(510,19): warning CS8618: Non-nullable property 'Name' must contain a non-null value when exiting constructor. Consider adding the 'required' modifier or declaring the property as nullable. [C:\Users\lordo\Documents\GitHub\llmtornado\src\LlmTornado\LlmTornado.csproj::TargetFramework=net10.0]
C:\Users\lordo\Documents\GitHub\llmtornado\src\LlmTornado\Common\Tool.cs(481,52): warning CS8618: Non-nullable property 'Resource' must contain a non-null value when exiting constructor. Consider adding the 'required' modifier or declaring the property as nullable. [C:\Users\lordo\Documents\GitHub\llmtornado\src\LlmTornado\LlmTornado.csproj::TargetFramework=net10.0]
C:\Users\lordo\Documents\GitHub\llmtornado\src\LlmTornado\Common\Tool.cs(491,19): warning CS8618: Non-nullable property 'MimeType' must contain a non-null value when exiting constructor. Consider adding the 'required' modifier or declaring the property as nullable. [C:\Users\lordo\Documents\GitHub\llmtornado\src\LlmTornado\LlmTornado.csproj::TargetFramework=net10.0]
C:\Users\lordo\Documents\GitHub\llmtornado\src\LlmTornado\Common\Tool.cs(452,19): warning CS8618: Non-nullable property 'Data' must contain a non-null value when exiting constructor. Consider adding the 'required' modifier or declaring the property as nullable. [C:\Users\lordo\Documents\GitHub\llmtornado\src\LlmTornado\LlmTornado.csproj::TargetFramework=net10.0]
C:\Users\lordo\Documents\GitHub\llmtornado\src\LlmTornado\Common\Tool.cs(462,19): warning CS8618: Non-nullable property 'MimeType' must contain a non-null value when exiting constructor. Consider adding the 'required' modifier or declaring the property as nullable. [C:\Users\lordo\Documents\GitHub\llmtornado\src\LlmTornado\LlmTornado.csproj::TargetFramework=net10.0]
C:\Users\lordo\Documents\GitHub\llmtornado\src\LlmTornado\Common\Tool.cs(436,19): warning CS8618: Non-nullable property 'Data' must contain a non-null value when exiting constructor. Consider adding the 'required' modifier or declaring the property as nullable. [C:\Users\lordo\Documents\GitHub\llmtornado\src\LlmTornado\LlmTornado.csproj::TargetFramework=net10.0]
C:\Users\lordo\Documents\GitHub\llmtornado\src\LlmTornado\Common\Tool.cs(441,19): warning CS8618: Non-nullable property 'MimeType' must contain a non-null value when exiting constructor. Consider adding the 'required' modifier or declaring the property as nullable. [C:\Users\lordo\Documents\GitHub\llmtornado\src\LlmTornado\LlmTornado.csproj::TargetFramework=net10.0]
C:\Users\lordo\Documents\GitHub\llmtornado\src\LlmTornado\Code\Model.cs(57,19): warning CS8618: Non-nullable property 'Id' must contain a non-null value when exiting constructor. Consider adding the 'required' modifier or declaring the property as nullable. [C:\Users\lordo\Documents\GitHub\llmtornado\src\LlmTornado\LlmTornado.csproj::TargetFramework=net10.0]
C:\Users\lordo\Documents\GitHub\llmtornado\src\LlmTornado\Completions\CompletionRequest.cs(17,9): warning CS8618: Non-nullable property 'MultiplePrompts' must contain a non-null value when exiting constructor. Consider adding the 'required' modifier or declaring the property as nullable. [C:\Users\lordo\Documents\GitHub\llmtornado\src\LlmTornado\LlmTornado.csproj::TargetFramework=net10.0]
C:\Users\lordo\Documents\GitHub\llmtornado\src\LlmTornado\Completions\CompletionRequest.cs(17,9): warning CS8618: Non-nullable property 'Suffix' must contain a non-null value when exiting constructor. Consider adding the 'required' modifier or declaring the property as nullable. [C:\Users\lordo\Documents\GitHub\llmtornado\src\LlmTornado\LlmTornado.csproj::TargetFramework=net10.0]
C:\Users\lordo\Documents\GitHub\llmtornado\src\LlmTornado\Completions\CompletionRequest.cs(17,9): warning CS8618: Non-nullable property 'MultipleStopSequences' must contain a non-null value when exiting constructor. Consider adding the 'required' modifier or declaring the property as nullable. [C:\Users\lordo\Documents\GitHub\llmtornado\src\LlmTornado\LlmTornado.csproj::TargetFramework=net10.0]
C:\Users\lordo\Documents\GitHub\llmtornado\src\LlmTornado\Completions\CompletionRequest.cs(17,9): warning CS8618: Non-nullable property 'user' must contain a non-null value when exiting constructor. Consider adding the 'required' modifier or declaring the property as nullable. [C:\Users\lordo\Documents\GitHub\llmtornado\src\LlmTornado\LlmTornado.csproj::TargetFramework=net10.0]
C:\Users\lordo\Documents\GitHub\llmtornado\src\LlmTornado\EndpointBase.cs(124,30): warning CS0168: The variable 'e' is declared but never used [C:\Users\lordo\Documents\GitHub\llmtornado\src\LlmTornado\LlmTornado.csproj::TargetFramework=net10.0]
C:\Users\lordo\Documents\GitHub\llmtornado\src\LlmTornado\Completions\CompletionRequest.cs(48,9): warning CS8618: Non-nullable property 'Suffix' must contain a non-null value when exiting constructor. Consider adding the 'required' modifier or declaring the property as nullable. [C:\Users\lordo\Documents\GitHub\llmtornado\src\LlmTornado\LlmTornado.csproj::TargetFramework=net10.0]
C:\Users\lordo\Documents\GitHub\llmtornado\src\LlmTornado\Completions\CompletionRequest.cs(48,9): warning CS8618: Non-nullable property 'MultipleStopSequences' must contain a non-null value when exiting constructor. Consider adding the 'required' modifier or declaring the property as nullable. [C:\Users\lordo\Documents\GitHub\llmtornado\src\LlmTornado\LlmTornado.csproj::TargetFramework=net10.0]
C:\Users\lordo\Documents\GitHub\llmtornado\src\LlmTornado\Completions\CompletionRequest.cs(48,9): warning CS8618: Non-nullable property 'user' must contain a non-null value when exiting constructor. Consider adding the 'required' modifier or declaring the property as nullable. [C:\Users\lordo\Documents\GitHub\llmtornado\src\LlmTornado\LlmTornado.csproj::TargetFramework=net10.0]
C:\Users\lordo\Documents\GitHub\llmtornado\src\LlmTornado\Completions\CompletionRequest.cs(107,17): warning CS8604: Possible null reference argument for parameter 'model' in 'Model.implicit operator string(Model model)'. [C:\Users\lordo\Documents\GitHub\llmtornado\src\LlmTornado\LlmTornado.csproj::TargetFramework=net10.0]
C:\Users\lordo\Documents\GitHub\llmtornado\src\LlmTornado\Completions\CompletionRequest.cs(111,18): warning CS8601: Possible null reference assignment. [C:\Users\lordo\Documents\GitHub\llmtornado\src\LlmTornado\LlmTornado.csproj::TargetFramework=net10.0]
C:\Users\lordo\Documents\GitHub\llmtornado\src\LlmTornado\Completions\CompletionRequest.cs(93,9): warning CS8618: Non-nullable property 'MultiplePrompts' must contain a non-null value when exiting constructor. Consider adding the 'required' modifier or declaring the property as nullable. [C:\Users\lordo\Documents\GitHub\llmtornado\src\LlmTornado\LlmTornado.csproj::TargetFramework=net10.0]
C:\Users\lordo\Documents\GitHub\llmtornado\src\LlmTornado\Completions\CompletionRequest.cs(93,9): warning CS8618: Non-nullable property 'Suffix' must contain a non-null value when exiting constructor. Consider adding the 'required' modifier or declaring the property as nullable. [C:\Users\lordo\Documents\GitHub\llmtornado\src\LlmTornado\LlmTornado.csproj::TargetFramework=net10.0]
C:\Users\lordo\Documents\GitHub\llmtornado\src\LlmTornado\Completions\CompletionRequest.cs(93,9): warning CS8618: Non-nullable property 'user' must contain a non-null value when exiting constructor. Consider adding the 'required' modifier or declaring the property as nullable. [C:\Users\lordo\Documents\GitHub\llmtornado\src\LlmTornado\LlmTornado.csproj::TargetFramework=net10.0]
C:\Users\lordo\Documents\GitHub\llmtornado\src\LlmTornado\Common\Tool.cs(425,19): warning CS8618: Non-nullable property 'Text' must contain a non-null value when exiting constructor. Consider adding the 'required' modifier or declaring the property as nullable. [C:\Users\lordo\Documents\GitHub\llmtornado\src\LlmTornado\LlmTornado.csproj::TargetFramework=net10.0]
C:\Users\lordo\Documents\GitHub\llmtornado\src\LlmTornado\Common\Tool.cs(414,19): warning CS8618: Non-nullable property 'NativeBlock' must contain a non-null value when exiting constructor. Consider adding the 'required' modifier or declaring the property as nullable. [C:\Users\lordo\Documents\GitHub\llmtornado\src\LlmTornado\LlmTornado.csproj::TargetFramework=net10.0]
C:\Users\lordo\Documents\GitHub\llmtornado\src\LlmTornado\Completions\CompletionRequest.cs(138,20): warning CS8603: Possible null reference return. [C:\Users\lordo\Documents\GitHub\llmtornado\src\LlmTornado\LlmTornado.csproj::TargetFramework=net10.0]
C:\Users\lordo\Documents\GitHub\llmtornado\src\LlmTornado\Common\Tool.cs(409,34): warning CS8618: Non-nullable property 'NativeBlock' must contain a non-null value when exiting constructor. Consider adding the 'required' modifier or declaring the property as nullable. [C:\Users\lordo\Documents\GitHub\llmtornado\src\LlmTornado\LlmTornado.csproj::TargetFramework=net10.0]
C:\Users\lordo\Documents\GitHub\llmtornado\src\LlmTornado\Completions\CompletionRequest.cs(154,16): warning CS8603: Possible null reference return. [C:\Users\lordo\Documents\GitHub\llmtornado\src\LlmTornado\LlmTornado.csproj::TargetFramework=net10.0]
C:\Users\lordo\Documents\GitHub\llmtornado\src\LlmTornado\Common\Tool.cs(345,35): warning CS8618: Non-nullable property 'McpContentBlocks' must contain a non-null value when exiting constructor. Consider adding the 'required' modifier or declaring the property as nullable. [C:\Users\lordo\Documents\GitHub\llmtornado\src\LlmTornado\LlmTornado.csproj::TargetFramework=net10.0]
C:\Users\lordo\Documents\GitHub\llmtornado\src\LlmTornado\Common\Tool.cs(92,12): warning CS8618: Non-nullable property 'Name' must contain a non-null value when exiting constructor. Consider adding the 'required' modifier or declaring the property as nullable. [C:\Users\lordo\Documents\GitHub\llmtornado\src\LlmTornado\LlmTornado.csproj::TargetFramework=net10.0]
C:\Users\lordo\Documents\GitHub\llmtornado\src\LlmTornado\Common\Tool.cs(92,12): warning CS8618: Non-nullable property 'Content' must contain a non-null value when exiting constructor. Consider adding the 'required' modifier or declaring the property as nullable. [C:\Users\lordo\Documents\GitHub\llmtornado\src\LlmTornado\LlmTornado.csproj::TargetFramework=net10.0]
C:\Users\lordo\Documents\GitHub\llmtornado\src\LlmTornado\Embedding\Vendors\Google\VendorGoogleEmbeddingResult.cs(15,24): warning CS8618: Non-nullable property 'Values' must contain a non-null value when exiting constructor. Consider adding the 'required' modifier or declaring the property as nullable. [C:\Users\lordo\Documents\GitHub\llmtornado\src\LlmTornado\LlmTornado.csproj::TargetFramework=net10.0]
C:\Users\lordo\Documents\GitHub\llmtornado\src\LlmTornado\Completions\CompletionRequest.cs(241,20): warning CS8603: Possible null reference return. [C:\Users\lordo\Documents\GitHub\llmtornado\src\LlmTornado\LlmTornado.csproj::TargetFramework=net10.0]
C:\Users\lordo\Documents\GitHub\llmtornado\src\LlmTornado\Completions\CompletionRequest.cs(260,16): warning CS8603: Possible null reference return. [C:\Users\lordo\Documents\GitHub\llmtornado\src\LlmTornado\LlmTornado.csproj::TargetFramework=net10.0]
C:\Users\lordo\Documents\GitHub\llmtornado\src\LlmTornado\Completions\CompletionResult.cs(15,19): warning CS8618: Non-nullable property 'Text' must contain a non-null value when exiting constructor. Consider adding the 'required' modifier or declaring the property as nullable. [C:\Users\lordo\Documents\GitHub\llmtornado\src\LlmTornado\LlmTornado.csproj::TargetFramework=net10.0]
C:\Users\lordo\Documents\GitHub\llmtornado\src\LlmTornado\Completions\CompletionResult.cs(28,21): warning CS8618: Non-nullable property 'Logprobs' must contain a non-null value when exiting constructor. Consider adding the 'required' modifier or declaring the property as nullable. [C:\Users\lordo\Documents\GitHub\llmtornado\src\LlmTornado\LlmTornado.csproj::TargetFramework=net10.0]
C:\Users\lordo\Documents\GitHub\llmtornado\src\LlmTornado\Completions\CompletionResult.cs(34,19): warning CS8618: Non-nullable property 'FinishReason' must contain a non-null value when exiting constructor. Consider adding the 'required' modifier or declaring the property as nullable. [C:\Users\lordo\Documents\GitHub\llmtornado\src\LlmTornado\LlmTornado.csproj::TargetFramework=net10.0]
C:\Users\lordo\Documents\GitHub\llmtornado\src\LlmTornado\Common\ListResponse.cs(50,12): warning CS8618: Non-nullable property 'FirstId' must contain a non-null value when exiting constructor. Consider adding the 'required' modifier or declaring the property as nullable. [C:\Users\lordo\Documents\GitHub\llmtornado\src\LlmTornado\LlmTornado.csproj::TargetFramework=net10.0]
C:\Users\lordo\Documents\GitHub\llmtornado\src\LlmTornado\Common\ListResponse.cs(50,12): warning CS8618: Non-nullable property 'LastId' must contain a non-null value when exiting constructor. Consider adding the 'required' modifier or declaring the property as nullable. [C:\Users\lordo\Documents\GitHub\llmtornado\src\LlmTornado\LlmTornado.csproj::TargetFramework=net10.0]
C:\Users\lordo\Documents\GitHub\llmtornado\src\LlmTornado\Batch\Vendors\Google\VendorGoogleBatchHandler.cs(23,59): warning CS8602: Dereference of a possibly null reference. [C:\Users\lordo\Documents\GitHub\llmtornado\src\LlmTornado\LlmTornado.csproj::TargetFramework=net10.0]
C:\Users\lordo\Documents\GitHub\llmtornado\src\LlmTornado\Batch\Vendors\Google\VendorGoogleBatchHandler.cs(26,107): warning CS8625: Cannot convert null literal to non-nullable reference type. [C:\Users\lordo\Documents\GitHub\llmtornado\src\LlmTornado\LlmTornado.csproj::TargetFramework=net10.0]
C:\Users\lordo\Documents\GitHub\llmtornado\src\LlmTornado\Files\Vendors\Google\VendorGoogleTornadoFile.cs(71,43): warning CS8618: Non-nullable property 'File' must contain a non-null value when exiting constructor. Consider adding the 'required' modifier or declaring the property as nullable. [C:\Users\lordo\Documents\GitHub\llmtornado\src\LlmTornado\LlmTornado.csproj::TargetFramework=net10.0]
C:\Users\lordo\Documents\GitHub\llmtornado\src\LlmTornado\Files\Vendors\Google\VendorGoogleTornadoFile.cs(12,19): warning CS8618: Non-nullable property 'Name' must contain a non-null value when exiting constructor. Consider adding the 'required' modifier or declaring the property as nullable. [C:\Users\lordo\Documents\GitHub\llmtornado\src\LlmTornado\LlmTornado.csproj::TargetFramework=net10.0]
C:\Users\lordo\Documents\GitHub\llmtornado\src\LlmTornado\Files\Vendors\Google\VendorGoogleTornadoFile.cs(15,19): warning CS8618: Non-nullable property 'MimeType' must contain a non-null value when exiting constructor. Consider adding the 'required' modifier or declaring the property as nullable. [C:\Users\lordo\Documents\GitHub\llmtornado\src\LlmTornado\LlmTornado.csproj::TargetFramework=net10.0]
C:\Users\lordo\Documents\GitHub\llmtornado\src\LlmTornado\Files\Vendors\Google\VendorGoogleTornadoFile.cs(30,19): warning CS8618: Non-nullable property 'Sha256hash' must contain a non-null value when exiting constructor. Consider adding the 'required' modifier or declaring the property as nullable. [C:\Users\lordo\Documents\GitHub\llmtornado\src\LlmTornado\LlmTornado.csproj::TargetFramework=net10.0]
C:\Users\lordo\Documents\GitHub\llmtornado\src\LlmTornado\Files\Vendors\Google\VendorGoogleTornadoFile.cs(33,19): warning CS8618: Non-nullable property 'Uri' must contain a non-null value when exiting constructor. Consider adding the 'required' modifier or declaring the property as nullable. [C:\Users\lordo\Documents\GitHub\llmtornado\src\LlmTornado\LlmTornado.csproj::TargetFramework=net10.0]
C:\Users\lordo\Documents\GitHub\llmtornado\src\LlmTornado\Files\Vendors\Google\VendorGoogleTornadoFile.cs(42,19): warning CS8618: Non-nullable property 'State' must contain a non-null value when exiting constructor. Consider adding the 'required' modifier or declaring the property as nullable. [C:\Users\lordo\Documents\GitHub\llmtornado\src\LlmTornado\LlmTornado.csproj::TargetFramework=net10.0]
C:\Users\lordo\Documents\GitHub\llmtornado\src\LlmTornado\Files\Vendors\Google\VendorGoogleTornadoFile.cs(45,19): warning CS8618: Non-nullable property 'Source' must contain a non-null value when exiting constructor. Consider adding the 'required' modifier or declaring the property as nullable. [C:\Users\lordo\Documents\GitHub\llmtornado\src\LlmTornado\LlmTornado.csproj::TargetFramework=net10.0]
C:\Users\lordo\Documents\GitHub\llmtornado\src\LlmTornado\Common\BaseResponse.cs(11,23): warning CS8618: Non-nullable property 'Api' must contain a non-null value when exiting constructor. Consider adding the 'required' modifier or declaring the property as nullable. [C:\Users\lordo\Documents\GitHub\llmtornado\src\LlmTornado\LlmTornado.csproj::TargetFramework=net10.0]
C:\Users\lordo\Documents\GitHub\llmtornado\src\LlmTornado\Completions\CompletionResult.cs(66,19): warning CS8618: Non-nullable property 'Id' must contain a non-null value when exiting constructor. Consider adding the 'required' modifier or declaring the property as nullable. [C:\Users\lordo\Documents\GitHub\llmtornado\src\LlmTornado\LlmTornado.csproj::TargetFramework=net10.0]
C:\Users\lordo\Documents\GitHub\llmtornado\src\LlmTornado\Completions\CompletionResult.cs(72,25): warning CS8618: Non-nullable property 'Completions' must contain a non-null value when exiting constructor. Consider adding the 'required' modifier or declaring the property as nullable. [C:\Users\lordo\Documents\GitHub\llmtornado\src\LlmTornado\LlmTornado.csproj::TargetFramework=net10.0]
C:\Users\lordo\Documents\GitHub\llmtornado\src\LlmTornado\Completions\CompletionResult.cs(78,28): warning CS8618: Non-nullable property 'Usage' must contain a non-null value when exiting constructor. Consider adding the 'required' modifier or declaring the property as nullable. [C:\Users\lordo\Documents\GitHub\llmtornado\src\LlmTornado\LlmTornado.csproj::TargetFramework=net10.0]
C:\Users\lordo\Documents\GitHub\llmtornado\src\LlmTornado\Common\HttpCallResult.cs(41,19): warning CS8618: Non-nullable property 'Url' must contain a non-null value when exiting constructor. Consider adding the 'required' modifier or declaring the property as nullable. [C:\Users\lordo\Documents\GitHub\llmtornado\src\LlmTornado\LlmTornado.csproj::TargetFramework=net10.0]
C:\Users\lordo\Documents\GitHub\llmtornado\src\LlmTornado\Common\HttpCallResult.cs(46,23): warning CS8618: Non-nullable property 'Method' must contain a non-null value when exiting constructor. Consider adding the 'required' modifier or declaring the property as nullable. [C:\Users\lordo\Documents\GitHub\llmtornado\src\LlmTornado\LlmTornado.csproj::TargetFramework=net10.0]
C:\Users\lordo\Documents\GitHub\llmtornado\src\LlmTornado\Common\DeletionStatus.cs(7,40): warning CS8618: Non-nullable property 'Id' must contain a non-null value when exiting constructor. Consider adding the 'required' modifier or declaring the property as nullable. [C:\Users\lordo\Documents\GitHub\llmtornado\src\LlmTornado\LlmTornado.csproj::TargetFramework=net10.0]
C:\Users\lordo\Documents\GitHub\llmtornado\src\LlmTornado\Common\DeletionStatus.cs(9,44): warning CS8618: Non-nullable property 'Object' must contain a non-null value when exiting constructor. Consider adding the 'required' modifier or declaring the property as nullable. [C:\Users\lordo\Documents\GitHub\llmtornado\src\LlmTornado\LlmTornado.csproj::TargetFramework=net10.0]
C:\Users\lordo\Documents\GitHub\llmtornado\src\LlmTornado\Common\EventResponse.cs(8,12): warning CS8618: Non-nullable property 'Object' must contain a non-null value when exiting constructor. Consider adding the 'required' modifier or declaring the property as nullable. [C:\Users\lordo\Documents\GitHub\llmtornado\src\LlmTornado\LlmTornado.csproj::TargetFramework=net10.0]
C:\Users\lordo\Documents\GitHub\llmtornado\src\LlmTornado\Common\EventResponse.cs(8,12): warning CS8618: Non-nullable property 'Level' must contain a non-null value when exiting constructor. Consider adding the 'required' modifier or declaring the property as nullable. [C:\Users\lordo\Documents\GitHub\llmtornado\src\LlmTornado\LlmTornado.csproj::TargetFramework=net10.0]
C:\Users\lordo\Documents\GitHub\llmtornado\src\LlmTornado\Common\EventResponse.cs(8,12): warning CS8618: Non-nullable property 'Message' must contain a non-null value when exiting constructor. Consider adding the 'required' modifier or declaring the property as nullable. [C:\Users\lordo\Documents\GitHub\llmtornado\src\LlmTornado\LlmTornado.csproj::TargetFramework=net10.0]
C:\Users\lordo\Documents\GitHub\llmtornado\src\LlmTornado\Common\Event.cs(10,19): warning CS8618: Non-nullable property 'Object' must contain a non-null value when exiting constructor. Consider adding the 'required' modifier or declaring the property as nullable. [C:\Users\lordo\Documents\GitHub\llmtornado\src\LlmTornado\LlmTornado.csproj::TargetFramework=net10.0]
C:\Users\lordo\Documents\GitHub\llmtornado\src\LlmTornado\Common\Event.cs(22,19): warning CS8618: Non-nullable property 'Level' must contain a non-null value when exiting constructor. Consider adding the 'required' modifier or declaring the property as nullable. [C:\Users\lordo\Documents\GitHub\llmtornado\src\LlmTornado\LlmTornado.csproj::TargetFramework=net10.0]
C:\Users\lordo\Documents\GitHub\llmtornado\src\LlmTornado\Common\Event.cs(25,19): warning CS8618: Non-nullable property 'Message' must contain a non-null value when exiting constructor. Consider adding the 'required' modifier or declaring the property as nullable. [C:\Users\lordo\Documents\GitHub\llmtornado\src\LlmTornado\LlmTornado.csproj::TargetFramework=net10.0]
C:\Users\lordo\Documents\GitHub\llmtornado\src\LlmTornado\Embedding\ContextualEmbeddingResult.cs(17,19): warning CS8618: Non-nullable property 'Object' must contain a non-null value when exiting constructor. Consider adding the 'required' modifier or declaring the property as nullable. [C:\Users\lordo\Documents\GitHub\llmtornado\src\LlmTornado\LlmTornado.csproj::TargetFramework=net10.0]
C:\Users\lordo\Documents\GitHub\llmtornado\src\LlmTornado\Embedding\ContextualEmbeddingResult.cs(23,42): warning CS8618: Non-nullable property 'Data' must contain a non-null value when exiting constructor. Consider adding the 'required' modifier or declaring the property as nullable. [C:\Users\lordo\Documents\GitHub\llmtornado\src\LlmTornado\LlmTornado.csproj::TargetFramework=net10.0]
C:\Users\lordo\Documents\GitHub\llmtornado\src\LlmTornado\Embedding\ContextualEmbeddingResult.cs(29,19): warning CS8618: Non-nullable property 'Model' must contain a non-null value when exiting constructor. Consider adding the 'required' modifier or declaring the property as nullable. [C:\Users\lordo\Documents\GitHub\llmtornado\src\LlmTornado\LlmTornado.csproj::TargetFramework=net10.0]
C:\Users\lordo\Documents\GitHub\llmtornado\src\LlmTornado\Embedding\ContextualEmbeddingResult.cs(35,18): warning CS8618: Non-nullable property 'Usage' must contain a non-null value when exiting constructor. Consider adding the 'required' modifier or declaring the property as nullable. [C:\Users\lordo\Documents\GitHub\llmtornado\src\LlmTornado\LlmTornado.csproj::TargetFramework=net10.0]
C:\Users\lordo\Documents\GitHub\llmtornado\src\LlmTornado\Files\DeletedTornadoFile.cs(16,19): warning CS8618: Non-nullable property 'Id' must contain a non-null value when exiting constructor. Consider adding the 'required' modifier or declaring the property as nullable. [C:\Users\lordo\Documents\GitHub\llmtornado\src\LlmTornado\LlmTornado.csproj::TargetFramework=net10.0]
C:\Users\lordo\Documents\GitHub\llmtornado\src\LlmTornado\Chat\Vendors\Perplexity\VendorPerplexityChatRequestData.cs(21,50): warning CS8604: Possible null reference argument for parameter 'o' in 'JObject JObject.FromObject(object o, JsonSerializer jsonSerializer)'. [C:\Users\lordo\Documents\GitHub\llmtornado\src\LlmTornado\LlmTornado.csproj::TargetFramework=net10.0]
C:\Users\lordo\Documents\GitHub\llmtornado\src\LlmTornado\Embedding\ContextualEmbeddingResult.cs(47,19): warning CS8618: Non-nullable property 'Object' must contain a non-null value when exiting constructor. Consider adding the 'required' modifier or declaring the property as nullable. [C:\Users\lordo\Documents\GitHub\llmtornado\src\LlmTornado\LlmTornado.csproj::TargetFramework=net10.0]
C:\Users\lordo\Documents\GitHub\llmtornado\src\LlmTornado\Embedding\ContextualEmbeddingResult.cs(53,38): warning CS8618: Non-nullable property 'Data' must contain a non-null value when exiting constructor. Consider adding the 'required' modifier or declaring the property as nullable. [C:\Users\lordo\Documents\GitHub\llmtornado\src\LlmTornado\LlmTornado.csproj::TargetFramework=net10.0]
C:\Users\lordo\Documents\GitHub\llmtornado\src\LlmTornado\Embedding\ContextualEmbeddingResult.cs(71,19): warning CS8618: Non-nullable property 'Object' must contain a non-null value when exiting constructor. Consider adding the 'required' modifier or declaring the property as nullable. [C:\Users\lordo\Documents\GitHub\llmtornado\src\LlmTornado\LlmTornado.csproj::TargetFramework=net10.0]
C:\Users\lordo\Documents\GitHub\llmtornado\src\LlmTornado\Embedding\ContextualEmbeddingResult.cs(78,37): warning CS8618: Non-nullable property 'ContextualEmbeddingVector' must contain a non-null value when exiting constructor. Consider adding the 'required' modifier or declaring the property as nullable. [C:\Users\lordo\Documents\GitHub\llmtornado\src\LlmTornado\LlmTornado.csproj::TargetFramework=net10.0]
C:\Users\lordo\Documents\GitHub\llmtornado\src\LlmTornado\Chat\Vendors\Perplexity\ChatResultVendorPerplexity.cs(9,38): warning CS8618: Non-nullable property 'Usage' must contain a non-null value when exiting constructor. Consider adding the 'required' modifier or declaring the property as nullable. [C:\Users\lordo\Documents\GitHub\llmtornado\src\LlmTornado\LlmTornado.csproj::TargetFramework=net10.0]
C:\Users\lordo\Documents\GitHub\llmtornado\src\LlmTornado\Chat\Vendors\MoonshotAi\VendorMoonshotAiChatRequest.cs(23,35): warning CS8604: Possible null reference argument for parameter 'o' in 'JObject JObject.FromObject(object o, JsonSerializer jsonSerializer)'. [C:\Users\lordo\Documents\GitHub\llmtornado\src\LlmTornado\LlmTornado.csproj::TargetFramework=net10.0]
C:\Users\lordo\Documents\GitHub\llmtornado\src\LlmTornado\EndpointBase.cs(636,30): warning CS0168: The variable 'e' is declared but never used [C:\Users\lordo\Documents\GitHub\llmtornado\src\LlmTornado\LlmTornado.csproj::TargetFramework=net10.0]
C:\Users\lordo\Documents\GitHub\llmtornado\src\LlmTornado\Batch\Vendors\Anthropic\VendorAnthropicBatchRequest.cs(24,49): warning CS8604: Possible null reference argument for parameter 'request' in 'VendorAnthropicChatRequest.VendorAnthropicChatRequest(ChatRequest request, IEndpointProvider provider)'. [C:\Users\lordo\Documents\GitHub\llmtornado\src\LlmTornado\LlmTornado.csproj::TargetFramework=net10.0]
C:\Users\lordo\Documents\GitHub\llmtornado\src\LlmTornado\Vendor\Google\GoogleEndpointProvider.cs(426,26): warning CS0168: The variable 'e' is declared but never used [C:\Users\lordo\Documents\GitHub\llmtornado\src\LlmTornado\LlmTornado.csproj::TargetFramework=net10.0]
C:\Users\lordo\Documents\GitHub\llmtornado\src\LlmTornado\FineTuning\HyperParams.cs(8,19): warning CS8618: Non-nullable property 'Epochs' must contain a non-null value when exiting constructor. Consider adding the 'required' modifier or declaring the property as nullable. [C:\Users\lordo\Documents\GitHub\llmtornado\src\LlmTornado\LlmTornado.csproj::TargetFramework=net10.0]
C:\Users\lordo\Documents\GitHub\llmtornado\src\LlmTornado\FineTuning\HyperParams.cs(11,19): warning CS8618: Non-nullable property 'BatchSize' must contain a non-null value when exiting constructor. Consider adding the 'required' modifier or declaring the property as nullable. [C:\Users\lordo\Documents\GitHub\llmtornado\src\LlmTornado\LlmTornado.csproj::TargetFramework=net10.0]
C:\Users\lordo\Documents\GitHub\llmtornado\src\LlmTornado\FineTuning\HyperParams.cs(14,19): warning CS8618: Non-nullable property 'LearningRateMultiplier' must contain a non-null value when exiting constructor. Consider adding the 'required' modifier or declaring the property as nullable. [C:\Users\lordo\Documents\GitHub\llmtornado\src\LlmTornado\LlmTornado.csproj::TargetFramework=net10.0]
C:\Users\lordo\Documents\GitHub\llmtornado\src\LlmTornado\FineTuning\FineTuneJobResponse.cs(13,12): warning CS8618: Non-nullable property 'Object' must contain a non-null value when exiting constructor. Consider adding the 'required' modifier or declaring the property as nullable. [C:\Users\lordo\Documents\GitHub\llmtornado\src\LlmTornado\LlmTornado.csproj::TargetFramework=net10.0]
C:\Users\lordo\Documents\GitHub\llmtornado\src\LlmTornado\FineTuning\FineTuneJobResponse.cs(13,12): warning CS8618: Non-nullable property 'Id' must contain a non-null value when exiting constructor. Consider adding the 'required' modifier or declaring the property as nullable. [C:\Users\lordo\Documents\GitHub\llmtornado\src\LlmTornado\LlmTornado.csproj::TargetFramework=net10.0]
C:\Users\lordo\Documents\GitHub\llmtornado\src\LlmTornado\FineTuning\FineTuneJobResponse.cs(13,12): warning CS8618: Non-nullable property 'Model' must contain a non-null value when exiting constructor. Consider adding the 'required' modifier or declaring the property as nullable. [C:\Users\lordo\Documents\GitHub\llmtornado\src\LlmTornado\LlmTornado.csproj::TargetFramework=net10.0]
C:\Users\lordo\Documents\GitHub\llmtornado\src\LlmTornado\FineTuning\FineTuneJobResponse.cs(13,12): warning CS8618: Non-nullable property 'FineTunedModel' must contain a non-null value when exiting constructor. Consider adding the 'required' modifier or declaring the property as nullable. [C:\Users\lordo\Documents\GitHub\llmtornado\src\LlmTornado\LlmTornado.csproj::TargetFramework=net10.0]
C:\Users\lordo\Documents\GitHub\llmtornado\src\LlmTornado\FineTuning\FineTuneJobResponse.cs(13,12): warning CS8618: Non-nullable property 'OrganizationId' must contain a non-null value when exiting constructor. Consider adding the 'required' modifier or declaring the property as nullable. [C:\Users\lordo\Documents\GitHub\llmtornado\src\LlmTornado\LlmTornado.csproj::TargetFramework=net10.0]
C:\Users\lordo\Documents\GitHub\llmtornado\src\LlmTornado\FineTuning\FineTuneJobResponse.cs(13,12): warning CS8618: Non-nullable property 'ResultFiles' must contain a non-null value when exiting constructor. Consider adding the 'required' modifier or declaring the property as nullable. [C:\Users\lordo\Documents\GitHub\llmtornado\src\LlmTornado\LlmTornado.csproj::TargetFramework=net10.0]
C:\Users\lordo\Documents\GitHub\llmtornado\src\LlmTornado\FineTuning\FineTuneJobResponse.cs(13,12): warning CS8618: Non-nullable property 'ValidationFile' must contain a non-null value when exiting constructor. Consider adding the 'required' modifier or declaring the property as nullable. [C:\Users\lordo\Documents\GitHub\llmtornado\src\LlmTornado\LlmTornado.csproj::TargetFramework=net10.0]
C:\Users\lordo\Documents\GitHub\llmtornado\src\LlmTornado\FineTuning\FineTuneJobResponse.cs(13,12): warning CS8618: Non-nullable property 'TrainingFile' must contain a non-null value when exiting constructor. Consider adding the 'required' modifier or declaring the property as nullable. [C:\Users\lordo\Documents\GitHub\llmtornado\src\LlmTornado\LlmTornado.csproj::TargetFramework=net10.0]
C:\Users\lordo\Documents\GitHub\llmtornado\src\LlmTornado\FineTuning\FineTuneJobResponse.cs(13,12): warning CS8618: Non-nullable property 'HyperParameters' must contain a non-null value when exiting constructor. Consider adding the 'required' modifier or declaring the property as nullable. [C:\Users\lordo\Documents\GitHub\llmtornado\src\LlmTornado\LlmTornado.csproj::TargetFramework=net10.0]
C:\Users\lordo\Documents\GitHub\llmtornado\src\LlmTornado\FineTuning\CreateFineTuneJobRequest.cs(12,27): warning CS8601: Possible null reference assignment. [C:\Users\lordo\Documents\GitHub\llmtornado\src\LlmTornado\LlmTornado.csproj::TargetFramework=net10.0]
C:\Users\lordo\Documents\GitHub\llmtornado\src\LlmTornado\FineTuning\CreateFineTuneJobRequest.cs(13,18): warning CS8601: Possible null reference assignment. [C:\Users\lordo\Documents\GitHub\llmtornado\src\LlmTornado\LlmTornado.csproj::TargetFramework=net10.0]
C:\Users\lordo\Documents\GitHub\llmtornado\src\LlmTornado\FineTuning\CreateFineTuneJobRequest.cs(14,28): warning CS8601: Possible null reference assignment. [C:\Users\lordo\Documents\GitHub\llmtornado\src\LlmTornado\LlmTornado.csproj::TargetFramework=net10.0]
C:\Users\lordo\Documents\GitHub\llmtornado\src\LlmTornado\FineTuning\CreateFineTuneJobRequest.cs(8,12): warning CS8618: Non-nullable property 'HyperParameters' must contain a non-null value when exiting constructor. Consider adding the 'required' modifier or declaring the property as nullable. [C:\Users\lordo\Documents\GitHub\llmtornado\src\LlmTornado\LlmTornado.csproj::TargetFramework=net10.0]
C:\Users\lordo\Documents\GitHub\llmtornado\src\LlmTornado\FineTuning\CreateFineTuneJobRequest.cs(8,12): warning CS8618: Non-nullable property 'Suffix' must contain a non-null value when exiting constructor. Consider adding the 'required' modifier or declaring the property as nullable. [C:\Users\lordo\Documents\GitHub\llmtornado\src\LlmTornado\LlmTornado.csproj::TargetFramework=net10.0]
C:\Users\lordo\Documents\GitHub\llmtornado\src\LlmTornado\FineTuning\CreateFineTuneJobRequest.cs(8,12): warning CS8618: Non-nullable property 'ValidationFileId' must contain a non-null value when exiting constructor. Consider adding the 'required' modifier or declaring the property as nullable. [C:\Users\lordo\Documents\GitHub\llmtornado\src\LlmTornado\LlmTornado.csproj::TargetFramework=net10.0]
C:\Users\lordo\Documents\GitHub\llmtornado\src\LlmTornado\FineTuning\EventList.cs(12,19): warning CS8618: Non-nullable property 'Object' must contain a non-null value when exiting constructor. Consider adding the 'required' modifier or declaring the property as nullable. [C:\Users\lordo\Documents\GitHub\llmtornado\src\LlmTornado\LlmTornado.csproj::TargetFramework=net10.0]
C:\Users\lordo\Documents\GitHub\llmtornado\src\LlmTornado\FineTuning\EventList.cs(15,33): warning CS8618: Non-nullable property 'Events' must contain a non-null value when exiting constructor. Consider adding the 'required' modifier or declaring the property as nullable. [C:\Users\lordo\Documents\GitHub\llmtornado\src\LlmTornado\LlmTornado.csproj::TargetFramework=net10.0]
C:\Users\lordo\Documents\GitHub\llmtornado\src\LlmTornado\FineTuning\FineTuneJobResponse.cs(106,16): warning CS8603: Possible null reference return. [C:\Users\lordo\Documents\GitHub\llmtornado\src\LlmTornado\LlmTornado.csproj::TargetFramework=net10.0]
C:\Users\lordo\Documents\GitHub\llmtornado\src\LlmTornado\FineTuning\FineTuneJobList.cs(11,19): warning CS8618: Non-nullable property 'Object' must contain a non-null value when exiting constructor. Consider adding the 'required' modifier or declaring the property as nullable. [C:\Users\lordo\Documents\GitHub\llmtornado\src\LlmTornado\LlmTornado.csproj::TargetFramework=net10.0]
C:\Users\lordo\Documents\GitHub\llmtornado\src\LlmTornado\FineTuning\FineTuneJobList.cs(14,39): warning CS8618: Non-nullable property 'Jobs' must contain a non-null value when exiting constructor. Consider adding the 'required' modifier or declaring the property as nullable. [C:\Users\lordo\Documents\GitHub\llmtornado\src\LlmTornado\LlmTornado.csproj::TargetFramework=net10.0]
C:\Users\lordo\Documents\GitHub\llmtornado\src\LlmTornado\Files\FileUploadRequest.cs(91,12): warning CS8618: Non-nullable property 'Bytes' must contain a non-null value when exiting constructor. Consider adding the 'required' modifier or declaring the property as nullable. [C:\Users\lordo\Documents\GitHub\llmtornado\src\LlmTornado\LlmTornado.csproj::TargetFramework=net10.0]
C:\Users\lordo\Documents\GitHub\llmtornado\src\LlmTornado\Files\FileUploadRequest.cs(91,12): warning CS8618: Non-nullable property 'Name' must contain a non-null value when exiting constructor. Consider adding the 'required' modifier or declaring the property as nullable. [C:\Users\lordo\Documents\GitHub\llmtornado\src\LlmTornado\LlmTornado.csproj::TargetFramework=net10.0]
C:\Users\lordo\Documents\GitHub\llmtornado\src\LlmTornado\Files\Vendors\Anthropic\VendorAnthropicTornadoFile.cs(20,19): warning CS8618: Non-nullable property 'Id' must contain a non-null value when exiting constructor. Consider adding the 'required' modifier or declaring the property as nullable. [C:\Users\lordo\Documents\GitHub\llmtornado\src\LlmTornado\LlmTornado.csproj::TargetFramework=net10.0]
C:\Users\lordo\Documents\GitHub\llmtornado\src\LlmTornado\Files\Vendors\Anthropic\VendorAnthropicTornadoFile.cs(26,19): warning CS8618: Non-nullable property 'Name' must contain a non-null value when exiting constructor. Consider adding the 'required' modifier or declaring the property as nullable. [C:\Users\lordo\Documents\GitHub\llmtornado\src\LlmTornado\LlmTornado.csproj::TargetFramework=net10.0]
C:\Users\lordo\Documents\GitHub\llmtornado\src\LlmTornado\Files\Vendors\Anthropic\VendorAnthropicTornadoFile.cs(38,19): warning CS8618: Non-nullable property 'CreatedAt' must contain a non-null value when exiting constructor. Consider adding the 'required' modifier or declaring the property as nullable. [C:\Users\lordo\Documents\GitHub\llmtornado\src\LlmTornado\LlmTornado.csproj::TargetFramework=net10.0]
C:\Users\lordo\Documents\GitHub\llmtornado\src\LlmTornado\Files\TornadoPagingList.cs(13,20): warning CS8618: Non-nullable property 'Items' must contain a non-null value when exiting constructor. Consider adding the 'required' modifier or declaring the property as nullable. [C:\Users\lordo\Documents\GitHub\llmtornado\src\LlmTornado\LlmTornado.csproj::TargetFramework=net10.0]
C:\Users\lordo\Documents\GitHub\llmtornado\src\LlmTornado\Files\TornadoFile.cs(23,19): warning CS8618: Non-nullable property 'Id' must contain a non-null value when exiting constructor. Consider adding the 'required' modifier or declaring the property as nullable. [C:\Users\lordo\Documents\GitHub\llmtornado\src\LlmTornado\LlmTornado.csproj::TargetFramework=net10.0]
C:\Users\lordo\Documents\GitHub\llmtornado\src\LlmTornado\Vendor\Cohere\CohereEndpointProvider.cs(229,22): warning CS8604: Possible null reference argument for parameter 'item' in 'void List<string>.Add(string item)'. [C:\Users\lordo\Documents\GitHub\llmtornado\src\LlmTornado\LlmTornado.csproj::TargetFramework=net10.0]
C:\Users\lordo\Documents\GitHub\llmtornado\src\LlmTornado\Infra\ToolFactory.cs(28,9): warning CS0618: 'ChatModelGoogleGemini.Gemini2Flash001' is obsolete: 'Shut down June 1, 2026. Use ModelGemini25Flash or ModelGemini35Flash instead.' [C:\Users\lordo\Documents\GitHub\llmtornado\src\LlmTornado\LlmTornado.csproj::TargetFramework=net10.0]
C:\Users\lordo\Documents\GitHub\llmtornado\src\LlmTornado\Infra\ToolFactory.cs(28,50): warning CS0618: 'ChatModelGoogleGemini.Gemini15Pro' is obsolete: 'Use ModelGemini25Pro instead.' [C:\Users\lordo\Documents\GitHub\llmtornado\src\LlmTornado\LlmTornado.csproj::TargetFramework=net10.0]
C:\Users\lordo\Documents\GitHub\llmtornado\src\LlmTornado\Infra\ToolFactory.cs(28,87): warning CS0618: 'ChatModelGoogleGemini.Gemini15Pro002' is obsolete: 'Use ModelGemini25Pro instead.' [C:\Users\lordo\Documents\GitHub\llmtornado\src\LlmTornado\LlmTornado.csproj::TargetFramework=net10.0]
C:\Users\lordo\Documents\GitHub\llmtornado\src\LlmTornado\Infra\ToolFactory.cs(28,127): warning CS0618: 'ChatModelGoogleGemini.Gemini15Pro001' is obsolete: 'Use ModelGemini25Pro instead.' [C:\Users\lordo\Documents\GitHub\llmtornado\src\LlmTornado\LlmTornado.csproj::TargetFramework=net10.0]
C:\Users\lordo\Documents\GitHub\llmtornado\src\LlmTornado\Infra\ToolFactory.cs(28,167): warning CS0618: 'ChatModelGoogleGemini.Gemini15ProLatest' is obsolete: 'Use ModelGemini25Pro instead.' [C:\Users\lordo\Documents\GitHub\llmtornado\src\LlmTornado\LlmTornado.csproj::TargetFramework=net10.0]
C:\Users\lordo\Documents\GitHub\llmtornado\src\LlmTornado\Infra\ToolFactory.cs(29,9): warning CS0618: 'ChatModelGoogleGemini.Gemini2FlashLatest' is obsolete: 'Shut down June 1, 2026. Use ModelGemini25Flash or ModelGemini35Flash instead.' [C:\Users\lordo\Documents\GitHub\llmtornado\src\LlmTornado\LlmTornado.csproj::TargetFramework=net10.0]
C:\Users\lordo\Documents\GitHub\llmtornado\src\LlmTornado\Vendor\Cohere\CohereEndpointProvider.cs(203,23): warning CS8618: Non-nullable property 'EventType' must contain a non-null value when exiting constructor. Consider adding the 'required' modifier or declaring the property as nullable. [C:\Users\lordo\Documents\GitHub\llmtornado\src\LlmTornado\LlmTornado.csproj::TargetFramework=net10.0]
C:\Users\lordo\Documents\GitHub\llmtornado\src\LlmTornado\Vendor\Cohere\CohereEndpointProvider.cs(195,50): warning CS8618: Non-nullable property 'ToolCalls' must contain a non-null value when exiting constructor. Consider adding the 'required' modifier or declaring the property as nullable. [C:\Users\lordo\Documents\GitHub\llmtornado\src\LlmTornado\LlmTornado.csproj::TargetFramework=net10.0]
C:\Users\lordo\Documents\GitHub\llmtornado\src\LlmTornado\Vendor\Cohere\CohereEndpointProvider.cs(189,47): warning CS8618: Non-nullable property 'Citations' must contain a non-null value when exiting constructor. Consider adding the 'required' modifier or declaring the property as nullable. [C:\Users\lordo\Documents\GitHub\llmtornado\src\LlmTornado\LlmTornado.csproj::TargetFramework=net10.0]
C:\Users\lordo\Documents\GitHub\llmtornado\src\LlmTornado\Vendor\Cohere\CohereEndpointProvider.cs(183,51): warning CS8618: Non-nullable property 'SearchResults' must contain a non-null value when exiting constructor. Consider adding the 'required' modifier or declaring the property as nullable. [C:\Users\lordo\Documents\GitHub\llmtornado\src\LlmTornado\LlmTornado.csproj::TargetFramework=net10.0]
C:\Users\lordo\Documents\GitHub\llmtornado\src\LlmTornado\Vendor\Cohere\CohereEndpointProvider.cs(177,50): warning CS8618: Non-nullable property 'SearchQueries' must contain a non-null value when exiting constructor. Consider adding the 'required' modifier or declaring the property as nullable. [C:\Users\lordo\Documents\GitHub\llmtornado\src\LlmTornado\LlmTornado.csproj::TargetFramework=net10.0]
C:\Users\lordo\Documents\GitHub\llmtornado\src\LlmTornado\Vendor\Cohere\CohereEndpointProvider.cs(171,23): warning CS8618: Non-nullable property 'GenerationId' must contain a non-null value when exiting constructor. Consider adding the 'required' modifier or declaring the property as nullable. [C:\Users\lordo\Documents\GitHub\llmtornado\src\LlmTornado\LlmTornado.csproj::TargetFramework=net10.0]
C:\Users\lordo\Documents\GitHub\llmtornado\src\LlmTornado\FineTuning\FineTuneJob.cs(79,16): warning CS8603: Possible null reference return. [C:\Users\lordo\Documents\GitHub\llmtornado\src\LlmTornado\LlmTornado.csproj::TargetFramework=net10.0]
C:\Users\lordo\Documents\GitHub\llmtornado\src\LlmTornado\Vendor\Cohere\CohereEndpointProvider.cs(165,23): warning CS8618: Non-nullable property 'Text' must contain a non-null value when exiting constructor. Consider adding the 'required' modifier or declaring the property as nullable. [C:\Users\lordo\Documents\GitHub\llmtornado\src\LlmTornado\LlmTornado.csproj::TargetFramework=net10.0]
C:\Users\lordo\Documents\GitHub\llmtornado\src\LlmTornado\Vendor\Cohere\CohereEndpointProvider.cs(110,42): warning CS8618: Non-nullable property 'Message' must contain a non-null value when exiting constructor. Consider adding the 'required' modifier or declaring the property as nullable. [C:\Users\lordo\Documents\GitHub\llmtornado\src\LlmTornado\LlmTornado.csproj::TargetFramework=net10.0]
C:\Users\lordo\Documents\GitHub\llmtornado\src\LlmTornado\FineTuning\FineTuneJob.cs(12,19): warning CS8618: Non-nullable property 'Object' must contain a non-null value when exiting constructor. Consider adding the 'required' modifier or declaring the property as nullable. [C:\Users\lordo\Documents\GitHub\llmtornado\src\LlmTornado\LlmTornado.csproj::TargetFramework=net10.0]
C:\Users\lordo\Documents\GitHub\llmtornado\src\LlmTornado\FineTuning\FineTuneJob.cs(15,19): warning CS8618: Non-nullable property 'Id' must contain a non-null value when exiting constructor. Consider adding the 'required' modifier or declaring the property as nullable. [C:\Users\lordo\Documents\GitHub\llmtornado\src\LlmTornado\LlmTornado.csproj::TargetFramework=net10.0]
C:\Users\lordo\Documents\GitHub\llmtornado\src\LlmTornado\FineTuning\FineTuneJob.cs(18,19): warning CS8618: Non-nullable property 'Model' must contain a non-null value when exiting constructor. Consider adding the 'required' modifier or declaring the property as nullable. [C:\Users\lordo\Documents\GitHub\llmtornado\src\LlmTornado\LlmTornado.csproj::TargetFramework=net10.0]
C:\Users\lordo\Documents\GitHub\llmtornado\src\LlmTornado\FineTuning\FineTuneJob.cs(47,19): warning CS8618: Non-nullable property 'FineTunedModel' must contain a non-null value when exiting constructor. Consider adding the 'required' modifier or declaring the property as nullable. [C:\Users\lordo\Documents\GitHub\llmtornado\src\LlmTornado\LlmTornado.csproj::TargetFramework=net10.0]
C:\Users\lordo\Documents\GitHub\llmtornado\src\LlmTornado\FineTuning\FineTuneJob.cs(50,19): warning CS8618: Non-nullable property 'OrganizationId' must contain a non-null value when exiting constructor. Consider adding the 'required' modifier or declaring the property as nullable. [C:\Users\lordo\Documents\GitHub\llmtornado\src\LlmTornado\LlmTornado.csproj::TargetFramework=net10.0]
C:\Users\lordo\Documents\GitHub\llmtornado\src\LlmTornado\FineTuning\FineTuneJob.cs(53,34): warning CS8618: Non-nullable property 'ResultFiles' must contain a non-null value when exiting constructor. Consider adding the 'required' modifier or declaring the property as nullable. [C:\Users\lordo\Documents\GitHub\llmtornado\src\LlmTornado\LlmTornado.csproj::TargetFramework=net10.0]
C:\Users\lordo\Documents\GitHub\llmtornado\src\LlmTornado\FineTuning\FineTuneJob.cs(58,19): warning CS8618: Non-nullable property 'ValidationFile' must contain a non-null value when exiting constructor. Consider adding the 'required' modifier or declaring the property as nullable. [C:\Users\lordo\Documents\GitHub\llmtornado\src\LlmTornado\LlmTornado.csproj::TargetFramework=net10.0]
C:\Users\lordo\Documents\GitHub\llmtornado\src\LlmTornado\FineTuning\FineTuneJob.cs(61,19): warning CS8618: Non-nullable property 'TrainingFile' must contain a non-null value when exiting constructor. Consider adding the 'required' modifier or declaring the property as nullable. [C:\Users\lordo\Documents\GitHub\llmtornado\src\LlmTornado\LlmTornado.csproj::TargetFramework=net10.0]
C:\Users\lordo\Documents\GitHub\llmtornado\src\LlmTornado\FineTuning\FineTuneJob.cs(64,24): warning CS8618: Non-nullable property 'HyperParameters' must contain a non-null value when exiting constructor. Consider adding the 'required' modifier or declaring the property as nullable. [C:\Users\lordo\Documents\GitHub\llmtornado\src\LlmTornado\LlmTornado.csproj::TargetFramework=net10.0]
C:\Users\lordo\Documents\GitHub\llmtornado\src\LlmTornado\Vendor\Cohere\CohereEndpointProvider.cs(98,46): warning CS8618: Non-nullable property 'Delta' must contain a non-null value when exiting constructor. Consider adding the 'required' modifier or declaring the property as nullable. [C:\Users\lordo\Documents\GitHub\llmtornado\src\LlmTornado\LlmTornado.csproj::TargetFramework=net10.0]
C:\Users\lordo\Documents\GitHub\llmtornado\src\LlmTornado\Vendor\Cohere\CohereEndpointProvider.cs(90,27): warning CS8618: Non-nullable property 'Type' must contain a non-null value when exiting constructor. Consider adding the 'required' modifier or declaring the property as nullable. [C:\Users\lordo\Documents\GitHub\llmtornado\src\LlmTornado\LlmTornado.csproj::TargetFramework=net10.0]
C:\Users\lordo\Documents\GitHub\llmtornado\src\LlmTornado\Vendor\Cohere\CohereEndpointProvider.cs(92,27): warning CS8618: Non-nullable property 'Text' must contain a non-null value when exiting constructor. Consider adding the 'required' modifier or declaring the property as nullable. [C:\Users\lordo\Documents\GitHub\llmtornado\src\LlmTornado\LlmTornado.csproj::TargetFramework=net10.0]
C:\Users\lordo\Documents\GitHub\llmtornado\src\LlmTornado\Vendor\Cohere\CohereEndpointProvider.cs(82,46): warning CS8618: Non-nullable property 'ContentBlock' must contain a non-null value when exiting constructor. Consider adding the 'required' modifier or declaring the property as nullable. [C:\Users\lordo\Documents\GitHub\llmtornado\src\LlmTornado\LlmTornado.csproj::TargetFramework=net10.0]
C:\Users\lordo\Documents\GitHub\llmtornado\src\LlmTornado\Vendor\Cohere\CohereEndpointProvider.cs(74,27): warning CS8618: Non-nullable property 'Type' must contain a non-null value when exiting constructor. Consider adding the 'required' modifier or declaring the property as nullable. [C:\Users\lordo\Documents\GitHub\llmtornado\src\LlmTornado\LlmTornado.csproj::TargetFramework=net10.0]
C:\Users\lordo\Documents\GitHub\llmtornado\src\LlmTornado\Vendor\Cohere\CohereEndpointProvider.cs(76,27): warning CS8618: Non-nullable property 'Text' must contain a non-null value when exiting constructor. Consider adding the 'required' modifier or declaring the property as nullable. [C:\Users\lordo\Documents\GitHub\llmtornado\src\LlmTornado\LlmTornado.csproj::TargetFramework=net10.0]
C:\Users\lordo\Documents\GitHub\llmtornado\src\LlmTornado\Infra\ToolFactory.cs(67,48): warning CS8604: Possible null reference argument for parameter 'description' in 'ToolFunction.ToolFunction(string name, string description, object parameters)'. [C:\Users\lordo\Documents\GitHub\llmtornado\src\LlmTornado\LlmTornado.csproj::TargetFramework=net10.0]
C:\Users\lordo\Documents\GitHub\llmtornado\src\LlmTornado\Chat\Vendors\Mistral\VendorMistralChatRequest.cs(113,23): warning CS8618: Non-nullable property 'Content' must contain a non-null value when exiting constructor. Consider adding the 'required' modifier or declaring the property as nullable. [C:\Users\lordo\Documents\GitHub\llmtornado\src\LlmTornado\LlmTornado.csproj::TargetFramework=net10.0]
C:\Users\lordo\Documents\GitHub\llmtornado\src\LlmTornado\Chat\Vendors\Mistral\VendorMistralChatRequest.cs(95,23): warning CS8618: Non-nullable property 'Name' must contain a non-null value when exiting constructor. Consider adding the 'required' modifier or declaring the property as nullable. [C:\Users\lordo\Documents\GitHub\llmtornado\src\LlmTornado\LlmTornado.csproj::TargetFramework=net10.0]
C:\Users\lordo\Documents\GitHub\llmtornado\src\LlmTornado\Moderation\ModerationResult.cs(71,35): warning CS8603: Possible null reference return. [C:\Users\lordo\Documents\GitHub\llmtornado\src\LlmTornado\LlmTornado.csproj::TargetFramework=net10.0]
C:\Users\lordo\Documents\GitHub\llmtornado\src\LlmTornado\Moderation\ModerationResult.cs(46,38): warning CS8618: Non-nullable property 'Categories' must contain a non-null value when exiting constructor. Consider adding the 'required' modifier or declaring the property as nullable. [C:\Users\lordo\Documents\GitHub\llmtornado\src\LlmTornado\LlmTornado.csproj::TargetFramework=net10.0]
C:\Users\lordo\Documents\GitHub\llmtornado\src\LlmTornado\Moderation\ModerationResult.cs(52,40): warning CS8618: Non-nullable property 'CategoryScores' must contain a non-null value when exiting constructor. Consider adding the 'required' modifier or declaring the property as nullable. [C:\Users\lordo\Documents\GitHub\llmtornado\src\LlmTornado\LlmTornado.csproj::TargetFramework=net10.0]
C:\Users\lordo\Documents\GitHub\llmtornado\src\LlmTornado\Moderation\ModerationResult.cs(32,16): warning CS8603: Possible null reference return. [C:\Users\lordo\Documents\GitHub\llmtornado\src\LlmTornado\LlmTornado.csproj::TargetFramework=net10.0]
C:\Users\lordo\Documents\GitHub\llmtornado\src\LlmTornado\Moderation\ModerationResult.cs(16,25): warning CS8618: Non-nullable property 'Results' must contain a non-null value when exiting constructor. Consider adding the 'required' modifier or declaring the property as nullable. [C:\Users\lordo\Documents\GitHub\llmtornado\src\LlmTornado\LlmTornado.csproj::TargetFramework=net10.0]
C:\Users\lordo\Documents\GitHub\llmtornado\src\LlmTornado\Moderation\ModerationResult.cs(23,19): warning CS8618: Non-nullable property 'Id' must contain a non-null value when exiting constructor. Consider adding the 'required' modifier or declaring the property as nullable. [C:\Users\lordo\Documents\GitHub\llmtornado\src\LlmTornado\LlmTornado.csproj::TargetFramework=net10.0]
C:\Users\lordo\Documents\GitHub\llmtornado\src\LlmTornado\Moderation\ModerationRequest.cs(15,9): warning CS8618: Non-nullable property 'Model' must contain a non-null value when exiting constructor. Consider adding the 'required' modifier or declaring the property as nullable. [C:\Users\lordo\Documents\GitHub\llmtornado\src\LlmTornado\LlmTornado.csproj::TargetFramework=net10.0]
C:\Users\lordo\Documents\GitHub\llmtornado\src\LlmTornado\Moderation\ModerationRequest.cs(15,9): warning CS8618: Non-nullable property 'Inputs' must contain a non-null value when exiting constructor. Consider adding the 'required' modifier or declaring the property as nullable. [C:\Users\lordo\Documents\GitHub\llmtornado\src\LlmTornado\LlmTornado.csproj::TargetFramework=net10.0]
C:\Users\lordo\Documents\GitHub\llmtornado\src\LlmTornado\Moderation\ModerationRequest.cs(27,9): warning CS8618: Non-nullable property 'Inputs' must contain a non-null value when exiting constructor. Consider adding the 'required' modifier or declaring the property as nullable. [C:\Users\lordo\Documents\GitHub\llmtornado\src\LlmTornado\LlmTornado.csproj::TargetFramework=net10.0]
C:\Users\lordo\Documents\GitHub\llmtornado\src\LlmTornado\Moderation\ModerationRequest.cs(78,24): warning CS8603: Possible null reference return. [C:\Users\lordo\Documents\GitHub\llmtornado\src\LlmTornado\LlmTornado.csproj::TargetFramework=net10.0]
C:\Users\lordo\Documents\GitHub\llmtornado\src\LlmTornado\Moderation\ModerationRequest.cs(79,20): warning CS8603: Possible null reference return. [C:\Users\lordo\Documents\GitHub\llmtornado\src\LlmTornado\LlmTornado.csproj::TargetFramework=net10.0]
C:\Users\lordo\Documents\GitHub\llmtornado\src\LlmTornado\ManagedAgents\Anthropic\AnthropicManagedAgentSessionsEndpoint.cs(130,70): warning CS8604: Possible null reference argument for parameter 'reader' in 'IAsyncEnumerable<ServerSentEvent> IEndpointProvider.InboundStream(StreamReader reader)'. [C:\Users\lordo\Documents\GitHub\llmtornado\src\LlmTornado\LlmTornado.csproj::TargetFramework=net10.0]
C:\Users\lordo\Documents\GitHub\llmtornado\src\LlmTornado\Embedding\Vendors\Cohere\VendorCohereEmbeddingResult.cs(22,19): warning CS8618: Non-nullable property 'Id' must contain a non-null value when exiting constructor. Consider adding the 'required' modifier or declaring the property as nullable. [C:\Users\lordo\Documents\GitHub\llmtornado\src\LlmTornado\LlmTornado.csproj::TargetFramework=net10.0]
C:\Users\lordo\Documents\GitHub\llmtornado\src\LlmTornado\Embedding\Vendors\Cohere\VendorCohereEmbeddingResult.cs(24,25): warning CS8618: Non-nullable property 'Texts' must contain a non-null value when exiting constructor. Consider adding the 'required' modifier or declaring the property as nullable. [C:\Users\lordo\Documents\GitHub\llmtornado\src\LlmTornado\LlmTornado.csproj::TargetFramework=net10.0]
C:\Users\lordo\Documents\GitHub\llmtornado\src\LlmTornado\Embedding\Vendors\Cohere\VendorCohereEmbeddingResult.cs(28,30): warning CS8618: Non-nullable property 'Meta' must contain a non-null value when exiting constructor. Consider adding the 'required' modifier or declaring the property as nullable. [C:\Users\lordo\Documents\GitHub\llmtornado\src\LlmTornado\LlmTornado.csproj::TargetFramework=net10.0]
C:\Users\lordo\Documents\GitHub\llmtornado\src\LlmTornado\Embedding\MultimodalEmbeddingResult.cs(45,19): warning CS8618: Non-nullable property 'Object' must contain a non-null value when exiting constructor. Consider adding the 'required' modifier or declaring the property as nullable. [C:\Users\lordo\Documents\GitHub\llmtornado\src\LlmTornado\LlmTornado.csproj::TargetFramework=net10.0]
C:\Users\lordo\Documents\GitHub\llmtornado\src\LlmTornado\Embedding\MultimodalEmbeddingResult.cs(52,37): warning CS8618: Non-nullable property 'Embedding' must contain a non-null value when exiting constructor. Consider adding the 'required' modifier or declaring the property as nullable. [C:\Users\lordo\Documents\GitHub\llmtornado\src\LlmTornado\LlmTornado.csproj::TargetFramework=net10.0]
C:\Users\lordo\Documents\GitHub\llmtornado\src\LlmTornado\Embedding\MultimodalEmbeddingResult.cs(15,19): warning CS8618: Non-nullable property 'Object' must contain a non-null value when exiting constructor. Consider adding the 'required' modifier or declaring the property as nullable. [C:\Users\lordo\Documents\GitHub\llmtornado\src\LlmTornado\LlmTornado.csproj::TargetFramework=net10.0]
C:\Users\lordo\Documents\GitHub\llmtornado\src\LlmTornado\Embedding\MultimodalEmbeddingResult.cs(21,38): warning CS8618: Non-nullable property 'Data' must contain a non-null value when exiting constructor. Consider adding the 'required' modifier or declaring the property as nullable. [C:\Users\lordo\Documents\GitHub\llmtornado\src\LlmTornado\LlmTornado.csproj::TargetFramework=net10.0]
C:\Users\lordo\Documents\GitHub\llmtornado\src\LlmTornado\Embedding\MultimodalEmbeddingResult.cs(27,19): warning CS8618: Non-nullable property 'Model' must contain a non-null value when exiting constructor. Consider adding the 'required' modifier or declaring the property as nullable. [C:\Users\lordo\Documents\GitHub\llmtornado\src\LlmTornado\LlmTornado.csproj::TargetFramework=net10.0]
C:\Users\lordo\Documents\GitHub\llmtornado\src\LlmTornado\Embedding\MultimodalEmbeddingResult.cs(33,28): warning CS8618: Non-nullable property 'Usage' must contain a non-null value when exiting constructor. Consider adding the 'required' modifier or declaring the property as nullable. [C:\Users\lordo\Documents\GitHub\llmtornado\src\LlmTornado\LlmTornado.csproj::TargetFramework=net10.0]
C:\Users\lordo\Documents\GitHub\llmtornado\src\LlmTornado\Code\Extensions.cs(99,20): warning CS8714: The type 'TKey' cannot be used as type parameter 'TKey' in the generic type or method 'Dictionary<TKey, TValue>'. Nullability of type argument 'TKey' doesn't match 'notnull' constraint. [C:\Users\lordo\Documents\GitHub\llmtornado\src\LlmTornado\LlmTornado.csproj::TargetFramework=net10.0]
C:\Users\lordo\Documents\GitHub\llmtornado\src\LlmTornado\Code\Extensions.cs(99,58): warning CS8714: The type 'TKey' cannot be used as type parameter 'TKey' in the generic type or method 'Dictionary<TKey, TValue>'. Nullability of type argument 'TKey' doesn't match 'notnull' constraint. [C:\Users\lordo\Documents\GitHub\llmtornado\src\LlmTornado\LlmTornado.csproj::TargetFramework=net10.0]
C:\Users\lordo\Documents\GitHub\llmtornado\src\LlmTornado\Code\Extensions.cs(112,33): warning CS8714: The type 'TKey' cannot be used as type parameter 'TKey' in the generic type or method 'Dictionary<TKey, TValue>'. Nullability of type argument 'TKey' doesn't match 'notnull' constraint. [C:\Users\lordo\Documents\GitHub\llmtornado\src\LlmTornado\LlmTornado.csproj::TargetFramework=net10.0]
C:\Users\lordo\Documents\GitHub\llmtornado\src\LlmTornado\Code\Extensions.cs(118,33): warning CS8714: The type 'TKey' cannot be used as type parameter 'TKey' in the generic type or method 'Dictionary<TKey, TValue>'. Nullability of type argument 'TKey' doesn't match 'notnull' constraint. [C:\Users\lordo\Documents\GitHub\llmtornado\src\LlmTornado\LlmTornado.csproj::TargetFramework=net10.0]
C:\Users\lordo\Documents\GitHub\llmtornado\src\LlmTornado\Code\Extensions.cs(108,28): warning CS8600: Converting null literal or possible null value to non-nullable type. [C:\Users\lordo\Documents\GitHub\llmtornado\src\LlmTornado\LlmTornado.csproj::TargetFramework=net10.0]
C:\Users\lordo\Documents\GitHub\llmtornado\src\LlmTornado\Ocr\OcrRequest.cs(17,12): warning CS8618: Non-nullable property 'Model' must contain a non-null value when exiting constructor. Consider adding the 'required' modifier or declaring the property as nullable. [C:\Users\lordo\Documents\GitHub\llmtornado\src\LlmTornado\LlmTornado.csproj::TargetFramework=net10.0]
C:\Users\lordo\Documents\GitHub\llmtornado\src\LlmTornado\Ocr\OcrRequest.cs(17,12): warning CS8618: Non-nullable property 'Document' must contain a non-null value when exiting constructor. Consider adding the 'required' modifier or declaring the property as nullable. [C:\Users\lordo\Documents\GitHub\llmtornado\src\LlmTornado\LlmTornado.csproj::TargetFramework=net10.0]
C:\Users\lordo\Documents\GitHub\llmtornado\src\LlmTornado\Images\Vendors\Google\VendorGoogleImageResult.cs(19,23): warning CS8618: Non-nullable property 'BytesBase64Encoded' must contain a non-null value when exiting constructor. Consider adding the 'required' modifier or declaring the property as nullable. [C:\Users\lordo\Documents\GitHub\llmtornado\src\LlmTornado\LlmTornado.csproj::TargetFramework=net10.0]
C:\Users\lordo\Documents\GitHub\llmtornado\src\LlmTornado\Images\Vendors\Google\VendorGoogleImageResult.cs(22,23): warning CS8618: Non-nullable property 'MimeType' must contain a non-null value when exiting constructor. Consider adding the 'required' modifier or declaring the property as nullable. [C:\Users\lordo\Documents\GitHub\llmtornado\src\LlmTornado\LlmTornado.csproj::TargetFramework=net10.0]
C:\Users\lordo\Documents\GitHub\llmtornado\src\LlmTornado\Ocr\OcrRequest.cs(36,12): warning CS8618: Non-nullable property 'Model' must contain a non-null value when exiting constructor. Consider adding the 'required' modifier or declaring the property as nullable. [C:\Users\lordo\Documents\GitHub\llmtornado\src\LlmTornado\LlmTornado.csproj::TargetFramework=net10.0]
C:\Users\lordo\Documents\GitHub\llmtornado\src\LlmTornado\Ocr\OcrRequest.cs(36,12): warning CS8618: Non-nullable property 'Document' must contain a non-null value when exiting constructor. Consider adding the 'required' modifier or declaring the property as nullable. [C:\Users\lordo\Documents\GitHub\llmtornado\src\LlmTornado\LlmTornado.csproj::TargetFramework=net10.0]
C:\Users\lordo\Documents\GitHub\llmtornado\src\LlmTornado\Ocr\OcrDocumentInput.cs(134,12): warning CS8618: Non-nullable property 'Url' must contain a non-null value when exiting constructor. Consider adding the 'required' modifier or declaring the property as nullable. [C:\Users\lordo\Documents\GitHub\llmtornado\src\LlmTornado\LlmTornado.csproj::TargetFramework=net10.0]
C:\Users\lordo\Documents\GitHub\llmtornado\src\LlmTornado\Images\Vendors\Google\VendorGoogleImageRequest.cs(124,26): warning CS8601: Possible null reference assignment. [C:\Users\lordo\Documents\GitHub\llmtornado\src\LlmTornado\LlmTornado.csproj::TargetFramework=net10.0]
C:\Users\lordo\Documents\GitHub\llmtornado\src\LlmTornado\Interactions\InteractionsEndpoint.cs(111,70): warning CS8604: Possible null reference argument for parameter 'reader' in 'IAsyncEnumerable<ServerSentEvent> IEndpointProvider.InboundStream(StreamReader reader)'. [C:\Users\lordo\Documents\GitHub\llmtornado\src\LlmTornado\LlmTornado.csproj::TargetFramework=net10.0]
C:\Users\lordo\Documents\GitHub\llmtornado\src\LlmTornado\Images\Vendors\Google\VendorGoogleImageRequest.cs(24,23): warning CS8618: Non-nullable property 'Prompt' must contain a non-null value when exiting constructor. Consider adding the 'required' modifier or declaring the property as nullable. [C:\Users\lordo\Documents\GitHub\llmtornado\src\LlmTornado\LlmTornado.csproj::TargetFramework=net10.0]
C:\Users\lordo\Documents\GitHub\llmtornado\src\LlmTornado\Files\FilesEndpoint.cs(508,34): warning CS8618: Non-nullable property 'Data' must contain a non-null value when exiting constructor. Consider adding the 'required' modifier or declaring the property as nullable. [C:\Users\lordo\Documents\GitHub\llmtornado\src\LlmTornado\LlmTornado.csproj::TargetFramework=net10.0]
C:\Users\lordo\Documents\GitHub\llmtornado\src\LlmTornado\Files\FilesEndpoint.cs(511,23): warning CS8618: Non-nullable property 'Obj' must contain a non-null value when exiting constructor. Consider adding the 'required' modifier or declaring the property as nullable. [C:\Users\lordo\Documents\GitHub\llmtornado\src\LlmTornado\LlmTornado.csproj::TargetFramework=net10.0]
C:\Users\lordo\Documents\GitHub\llmtornado\src\LlmTornado\Chat\Vendors\Mistral\MistralChatMessageConverter.cs(180,24): warning CS8601: Possible null reference assignment. [C:\Users\lordo\Documents\GitHub\llmtornado\src\LlmTornado\LlmTornado.csproj::TargetFramework=net10.0]
C:\Users\lordo\Documents\GitHub\llmtornado\src\LlmTornado\Chat\Vendors\Mistral\MistralChatMessageConverter.cs(184,32): warning CS8601: Possible null reference assignment. [C:\Users\lordo\Documents\GitHub\llmtornado\src\LlmTornado\LlmTornado.csproj::TargetFramework=net10.0]
C:\Users\lordo\Documents\GitHub\llmtornado\src\LlmTornado\Images\Models\OpenAi\ImageModelOpenAi.cs(61,11): warning CS0618: 'ImageModelOpenAiDalle' is obsolete: 'DALL·E models were removed from the OpenAI API on May 12, 2026. Use ImageModelOpenAiGpt instead.' [C:\Users\lordo\Documents\GitHub\llmtornado\src\LlmTornado\LlmTornado.csproj::TargetFramework=net10.0]
C:\Users\lordo\Documents\GitHub\llmtornado\src\LlmTornado\Embedding\EmbeddingRequest.cs(28,9): warning CS8618: Non-nullable property 'Model' must contain a non-null value when exiting constructor. Consider adding the 'required' modifier or declaring the property as nullable. [C:\Users\lordo\Documents\GitHub\llmtornado\src\LlmTornado\LlmTornado.csproj::TargetFramework=net10.0]
C:\Users\lordo\Documents\GitHub\llmtornado\src\LlmTornado\Embedding\EmbeddingRequest.cs(28,9): warning CS8618: Non-nullable property 'InputSerialized' must contain a non-null value when exiting constructor. Consider adding the 'required' modifier or declaring the property as nullable. [C:\Users\lordo\Documents\GitHub\llmtornado\src\LlmTornado\LlmTornado.csproj::TargetFramework=net10.0]
C:\Users\lordo\Documents\GitHub\llmtornado\src\LlmTornado\Embedding\EmbeddingRequest.cs(45,9): warning CS8618: Non-nullable property 'InputSerialized' must contain a non-null value when exiting constructor. Consider adding the 'required' modifier or declaring the property as nullable. [C:\Users\lordo\Documents\GitHub\llmtornado\src\LlmTornado\LlmTornado.csproj::TargetFramework=net10.0]
C:\Users\lordo\Documents\GitHub\llmtornado\src\LlmTornado\Rerank\RerankResult.cs(16,19): warning CS8618: Non-nullable property 'Object' must contain a non-null value when exiting constructor. Consider adding the 'required' modifier or declaring the property as nullable. [C:\Users\lordo\Documents\GitHub\llmtornado\src\LlmTornado\LlmTornado.csproj::TargetFramework=net10.0]
C:\Users\lordo\Documents\GitHub\llmtornado\src\LlmTornado\Rerank\RerankResult.cs(22,29): warning CS8618: Non-nullable property 'Data' must contain a non-null value when exiting constructor. Consider adding the 'required' modifier or declaring the property as nullable. [C:\Users\lordo\Documents\GitHub\llmtornado\src\LlmTornado\LlmTornado.csproj::TargetFramework=net10.0]
C:\Users\lordo\Documents\GitHub\llmtornado\src\LlmTornado\Rerank\RerankResult.cs(28,19): warning CS8618: Non-nullable property 'Model' must contain a non-null value when exiting constructor. Consider adding the 'required' modifier or declaring the property as nullable. [C:\Users\lordo\Documents\GitHub\llmtornado\src\LlmTornado\LlmTornado.csproj::TargetFramework=net10.0]
C:\Users\lordo\Documents\GitHub\llmtornado\src\LlmTornado\Rerank\RerankResult.cs(34,18): warning CS8618: Non-nullable property 'Usage' must contain a non-null value when exiting constructor. Consider adding the 'required' modifier or declaring the property as nullable. [C:\Users\lordo\Documents\GitHub\llmtornado\src\LlmTornado\LlmTornado.csproj::TargetFramework=net10.0]
C:\Users\lordo\Documents\GitHub\llmtornado\src\LlmTornado\Images\ImageSize.cs(339,34): warning CS8604: Possible null reference argument for parameter 'value' in 'ImageSize.ImageSize(string value)'. [C:\Users\lordo\Documents\GitHub\llmtornado\src\LlmTornado\LlmTornado.csproj::TargetFramework=net10.0]
C:\Users\lordo\Documents\GitHub\llmtornado\src\LlmTornado\Infra\ToolDefinition.cs(348,30): warning CS8618: Non-nullable property 'Provider' must contain a non-null value when exiting constructor. Consider adding the 'required' modifier or declaring the property as nullable. [C:\Users\lordo\Documents\GitHub\llmtornado\src\LlmTornado\LlmTornado.csproj::TargetFramework=net10.0]
C:\Users\lordo\Documents\GitHub\llmtornado\src\LlmTornado\Chat\ChatMessagePart.cs(524,19): warning CS8618: Non-nullable property 'Code' must contain a non-null value when exiting constructor. Consider adding the 'required' modifier or declaring the property as nullable. [C:\Users\lordo\Documents\GitHub\llmtornado\src\LlmTornado\LlmTornado.csproj::TargetFramework=net10.0]
C:\Users\lordo\Documents\GitHub\llmtornado\src\LlmTornado\Infra\ToolDefinition.cs(36,14): warning CS8618: Non-nullable property 'Name' must contain a non-null value when exiting constructor. Consider adding the 'required' modifier or declaring the property as nullable. [C:\Users\lordo\Documents\GitHub\llmtornado\src\LlmTornado\LlmTornado.csproj::TargetFramework=net10.0]
C:\Users\lordo\Documents\GitHub\llmtornado\src\LlmTornado\Embedding\EmbeddingResult.cs(60,18): warning CS8602: Dereference of a possibly null reference. [C:\Users\lordo\Documents\GitHub\llmtornado\src\LlmTornado\LlmTornado.csproj::TargetFramework=net10.0]
C:\Users\lordo\Documents\GitHub\llmtornado\src\LlmTornado\Embedding\EmbeddingResult.cs(49,16): warning CS8603: Possible null reference return. [C:\Users\lordo\Documents\GitHub\llmtornado\src\LlmTornado\LlmTornado.csproj::TargetFramework=net10.0]
C:\Users\lordo\Documents\GitHub\llmtornado\src\LlmTornado\Embedding\EmbeddingResult.cs(29,18): warning CS8618: Non-nullable property 'Usage' must contain a non-null value when exiting constructor. Consider adding the 'required' modifier or declaring the property as nullable. [C:\Users\lordo\Documents\GitHub\llmtornado\src\LlmTornado\LlmTornado.csproj::TargetFramework=net10.0]
C:\Users\lordo\Documents\GitHub\llmtornado\src\LlmTornado\Infra\StringValue.cs(261,26): warning CS0168: The variable 'e' is declared but never used [C:\Users\lordo\Documents\GitHub\llmtornado\src\LlmTornado\LlmTornado.csproj::TargetFramework=net10.0]
C:\Users\lordo\Documents\GitHub\llmtornado\src\LlmTornado\Infra\StringValue.cs(306,30): warning CS0168: The variable 'e' is declared but never used [C:\Users\lordo\Documents\GitHub\llmtornado\src\LlmTornado\LlmTornado.csproj::TargetFramework=net10.0]
C:\Users\lordo\Documents\GitHub\llmtornado\src\LlmTornado\Infra\StringValue.cs(352,26): warning CS0168: The variable 'e' is declared but never used [C:\Users\lordo\Documents\GitHub\llmtornado\src\LlmTornado\LlmTornado.csproj::TargetFramework=net10.0]
C:\Users\lordo\Documents\GitHub\llmtornado\src\LlmTornado\Images\ImageEditRequest.cs(23,9): warning CS8618: Non-nullable property 'Prompt' must contain a non-null value when exiting constructor. Consider adding the 'required' modifier or declaring the property as nullable. [C:\Users\lordo\Documents\GitHub\llmtornado\src\LlmTornado\LlmTornado.csproj::TargetFramework=net10.0]
C:\Users\lordo\Documents\GitHub\llmtornado\src\LlmTornado\Embedding\EmbeddingRequest.cs(66,9): warning CS8618: Non-nullable property 'InputSerialized' must contain a non-null value when exiting constructor. Consider adding the 'required' modifier or declaring the property as nullable. [C:\Users\lordo\Documents\GitHub\llmtornado\src\LlmTornado\LlmTornado.csproj::TargetFramework=net10.0]
C:\Users\lordo\Documents\GitHub\llmtornado\src\LlmTornado\Embedding\EmbeddingRequest.cs(80,9): warning CS8618: Non-nullable property 'InputSerialized' must contain a non-null value when exiting constructor. Consider adding the 'required' modifier or declaring the property as nullable. [C:\Users\lordo\Documents\GitHub\llmtornado\src\LlmTornado\LlmTornado.csproj::TargetFramework=net10.0]
C:\Users\lordo\Documents\GitHub\llmtornado\src\LlmTornado\Embedding\EmbeddingRequest.cs(93,9): warning CS8618: Non-nullable property 'InputSerialized' must contain a non-null value when exiting constructor. Consider adding the 'required' modifier or declaring the property as nullable. [C:\Users\lordo\Documents\GitHub\llmtornado\src\LlmTornado\LlmTornado.csproj::TargetFramework=net10.0]
C:\Users\lordo\Documents\GitHub\llmtornado\src\LlmTornado\Embedding\EmbeddingRequest.cs(106,9): warning CS8618: Non-nullable property 'InputSerialized' must contain a non-null value when exiting constructor. Consider adding the 'required' modifier or declaring the property as nullable. [C:\Users\lordo\Documents\GitHub\llmtornado\src\LlmTornado\LlmTornado.csproj::TargetFramework=net10.0]
C:\Users\lordo\Documents\GitHub\llmtornado\src\LlmTornado\Embedding\EmbeddingRequest.cs(118,9): warning CS8618: Non-nullable property 'InputSerialized' must contain a non-null value when exiting constructor. Consider adding the 'required' modifier or declaring the property as nullable. [C:\Users\lordo\Documents\GitHub\llmtornado\src\LlmTornado\LlmTornado.csproj::TargetFramework=net10.0]
C:\Users\lordo\Documents\GitHub\llmtornado\src\LlmTornado\Embedding\EmbeddingRequest.cs(131,9): warning CS8618: Non-nullable property 'InputSerialized' must contain a non-null value when exiting constructor. Consider adding the 'required' modifier or declaring the property as nullable. [C:\Users\lordo\Documents\GitHub\llmtornado\src\LlmTornado\LlmTornado.csproj::TargetFramework=net10.0]
C:\Users\lordo\Documents\GitHub\llmtornado\src\LlmTornado\Embedding\EmbeddingRequest.cs(145,9): warning CS8618: Non-nullable property 'InputSerialized' must contain a non-null value when exiting constructor. Consider adding the 'required' modifier or declaring the property as nullable. [C:\Users\lordo\Documents\GitHub\llmtornado\src\LlmTornado\LlmTornado.csproj::TargetFramework=net10.0]
C:\Users\lordo\Documents\GitHub\llmtornado\src\LlmTornado\Embedding\EmbeddingRequest.cs(159,9): warning CS8618: Non-nullable property 'InputSerialized' must contain a non-null value when exiting constructor. Consider adding the 'required' modifier or declaring the property as nullable. [C:\Users\lordo\Documents\GitHub\llmtornado\src\LlmTornado\LlmTornado.csproj::TargetFramework=net10.0]
C:\Users\lordo\Documents\GitHub\llmtornado\src\LlmTornado\Embedding\EmbeddingRequest.cs(173,9): warning CS8618: Non-nullable property 'InputSerialized' must contain a non-null value when exiting constructor. Consider adding the 'required' modifier or declaring the property as nullable. [C:\Users\lordo\Documents\GitHub\llmtornado\src\LlmTornado\LlmTornado.csproj::TargetFramework=net10.0]
C:\Users\lordo\Documents\GitHub\llmtornado\src\LlmTornado\Chat\Vendors\Google\VendorGoogleChatRequest.cs(1442,14): warning CS0219: The variable 'anyStrictTool' is assigned but its value is never used [C:\Users\lordo\Documents\GitHub\llmtornado\src\LlmTornado\LlmTornado.csproj::TargetFramework=net10.0]
C:\Users\lordo\Documents\GitHub\llmtornado\src\LlmTornado\Embedding\EmbeddingRequest.cs(188,9): warning CS8618: Non-nullable property 'InputSerialized' must contain a non-null value when exiting constructor. Consider adding the 'required' modifier or declaring the property as nullable. [C:\Users\lordo\Documents\GitHub\llmtornado\src\LlmTornado\LlmTornado.csproj::TargetFramework=net10.0]
C:\Users\lordo\Documents\GitHub\llmtornado\src\LlmTornado\Embedding\EmbeddingRequest.cs(204,9): warning CS8618: Non-nullable property 'InputSerialized' must contain a non-null value when exiting constructor. Consider adding the 'required' modifier or declaring the property as nullable. [C:\Users\lordo\Documents\GitHub\llmtornado\src\LlmTornado\LlmTornado.csproj::TargetFramework=net10.0]
C:\Users\lordo\Documents\GitHub\llmtornado\src\LlmTornado\Skills\SkillVersionDeleteResponse.cs(17,19): warning CS8618: Non-nullable property 'Id' must contain a non-null value when exiting constructor. Consider adding the 'required' modifier or declaring the property as nullable. [C:\Users\lordo\Documents\GitHub\llmtornado\src\LlmTornado\LlmTornado.csproj::TargetFramework=net10.0]
C:\Users\lordo\Documents\GitHub\llmtornado\src\LlmTornado\Skills\SkillVersion.cs(12,19): warning CS8618: Non-nullable property 'Name' must contain a non-null value when exiting constructor. Consider adding the 'required' modifier or declaring the property as nullable. [C:\Users\lordo\Documents\GitHub\llmtornado\src\LlmTornado\LlmTornado.csproj::TargetFramework=net10.0]
C:\Users\lordo\Documents\GitHub\llmtornado\src\LlmTornado\Skills\SkillVersion.cs(17,19): warning CS8618: Non-nullable property 'Id' must contain a non-null value when exiting constructor. Consider adding the 'required' modifier or declaring the property as nullable. [C:\Users\lordo\Documents\GitHub\llmtornado\src\LlmTornado\LlmTornado.csproj::TargetFramework=net10.0]
C:\Users\lordo\Documents\GitHub\llmtornado\src\LlmTornado\Skills\SkillVersion.cs(23,19): warning CS8618: Non-nullable property 'SkillId' must contain a non-null value when exiting constructor. Consider adding the 'required' modifier or declaring the property as nullable. [C:\Users\lordo\Documents\GitHub\llmtornado\src\LlmTornado\LlmTornado.csproj::TargetFramework=net10.0]
C:\Users\lordo\Documents\GitHub\llmtornado\src\LlmTornado\Skills\SkillVersion.cs(30,19): warning CS8618: Non-nullable property 'Description' must contain a non-null value when exiting constructor. Consider adding the 'required' modifier or declaring the property as nullable. [C:\Users\lordo\Documents\GitHub\llmtornado\src\LlmTornado\LlmTornado.csproj::TargetFramework=net10.0]
C:\Users\lordo\Documents\GitHub\llmtornado\src\LlmTornado\Skills\SkillVersion.cs(36,19): warning CS8618: Non-nullable property 'Directory' must contain a non-null value when exiting constructor. Consider adding the 'required' modifier or declaring the property as nullable. [C:\Users\lordo\Documents\GitHub\llmtornado\src\LlmTornado\LlmTornado.csproj::TargetFramework=net10.0]
C:\Users\lordo\Documents\GitHub\llmtornado\src\LlmTornado\Skills\SkillVersion.cs(48,19): warning CS8618: Non-nullable property 'Version' must contain a non-null value when exiting constructor. Consider adding the 'required' modifier or declaring the property as nullable. [C:\Users\lordo\Documents\GitHub\llmtornado\src\LlmTornado\LlmTornado.csproj::TargetFramework=net10.0]
C:\Users\lordo\Documents\GitHub\llmtornado\src\LlmTornado\Skills\SkillsEndpoint.cs(83,26): warning CS0168: The variable 'ex' is declared but never used [C:\Users\lordo\Documents\GitHub\llmtornado\src\LlmTornado\LlmTornado.csproj::TargetFramework=net10.0]
C:\Users\lordo\Documents\GitHub\llmtornado\src\LlmTornado\Skills\SkillDeleteResponse.cs(17,19): warning CS8618: Non-nullable property 'Id' must contain a non-null value when exiting constructor. Consider adding the 'required' modifier or declaring the property as nullable. [C:\Users\lordo\Documents\GitHub\llmtornado\src\LlmTornado\LlmTornado.csproj::TargetFramework=net10.0]
C:\Users\lordo\Documents\GitHub\llmtornado\src\LlmTornado\Skills\Skill.cs(15,19): warning CS8618: Non-nullable property 'DisplayTitle' must contain a non-null value when exiting constructor. Consider adding the 'required' modifier or declaring the property as nullable. [C:\Users\lordo\Documents\GitHub\llmtornado\src\LlmTornado\LlmTornado.csproj::TargetFramework=net10.0]
C:\Users\lordo\Documents\GitHub\llmtornado\src\LlmTornado\Skills\Skill.cs(20,19): warning CS8618: Non-nullable property 'Id' must contain a non-null value when exiting constructor. Consider adding the 'required' modifier or declaring the property as nullable. [C:\Users\lordo\Documents\GitHub\llmtornado\src\LlmTornado\LlmTornado.csproj::TargetFramework=net10.0]
C:\Users\lordo\Documents\GitHub\llmtornado\src\LlmTornado\Skills\Skill.cs(40,19): warning CS8618: Non-nullable property 'LatestVersion' must contain a non-null value when exiting constructor. Consider adding the 'required' modifier or declaring the property as nullable. [C:\Users\lordo\Documents\GitHub\llmtornado\src\LlmTornado\LlmTornado.csproj::TargetFramework=net10.0]
C:\Users\lordo\Documents\GitHub\llmtornado\src\LlmTornado\Skills\CreateSkillResponse.cs(9,19): warning CS8618: Non-nullable property 'DisplayTitle' must contain a non-null value when exiting constructor. Consider adding the 'required' modifier or declaring the property as nullable. [C:\Users\lordo\Documents\GitHub\llmtornado\src\LlmTornado\LlmTornado.csproj::TargetFramework=net10.0]
C:\Users\lordo\Documents\GitHub\llmtornado\src\LlmTornado\Skills\CreateSkillResponse.cs(14,19): warning CS8618: Non-nullable property 'Id' must contain a non-null value when exiting constructor. Consider adding the 'required' modifier or declaring the property as nullable. [C:\Users\lordo\Documents\GitHub\llmtornado\src\LlmTornado\LlmTornado.csproj::TargetFramework=net10.0]
C:\Users\lordo\Documents\GitHub\llmtornado\src\LlmTornado\Skills\CreateSkillResponse.cs(34,19): warning CS8618: Non-nullable property 'LatestVersion' must contain a non-null value when exiting constructor. Consider adding the 'required' modifier or declaring the property as nullable. [C:\Users\lordo\Documents\GitHub\llmtornado\src\LlmTornado\LlmTornado.csproj::TargetFramework=net10.0]
C:\Users\lordo\Documents\GitHub\llmtornado\src\LlmTornado\Responses\ConversationResult.cs(17,19): warning CS8618: Non-nullable property 'Id' must contain a non-null value when exiting constructor. Consider adding the 'required' modifier or declaring the property as nullable. [C:\Users\lordo\Documents\GitHub\llmtornado\src\LlmTornado\LlmTornado.csproj::TargetFramework=net10.0]
C:\Users\lordo\Documents\GitHub\llmtornado\src\LlmTornado\Vendor\Anthropic\AnthropicEndpointProvider.cs(685,29): warning CS8602: Dereference of a possibly null reference. [C:\Users\lordo\Documents\GitHub\llmtornado\src\LlmTornado\LlmTornado.csproj::TargetFramework=net10.0]
C:\Users\lordo\Documents\GitHub\llmtornado\src\LlmTornado\Embedding\Models\Upstage\EmbeddingModelUpstage.cs(49,9): warning CS8604: Possible null reference argument for parameter 'item' in 'void List<IModel>.Add(IModel item)'. [C:\Users\lordo\Documents\GitHub\llmtornado\src\LlmTornado\LlmTornado.csproj::TargetFramework=net10.0]
C:\Users\lordo\Documents\GitHub\llmtornado\src\LlmTornado\Embedding\Models\Upstage\EmbeddingModelUpstage.cs(50,9): warning CS8604: Possible null reference argument for parameter 'item' in 'void List<IModel>.Add(IModel item)'. [C:\Users\lordo\Documents\GitHub\llmtornado\src\LlmTornado\LlmTornado.csproj::TargetFramework=net10.0]
C:\Users\lordo\Documents\GitHub\llmtornado\src\LlmTornado\Embedding\EmbeddingResult.cs(81,20): warning CS8618: Non-nullable property 'Embedding' must contain a non-null value when exiting constructor. Consider adding the 'required' modifier or declaring the property as nullable. [C:\Users\lordo\Documents\GitHub\llmtornado\src\LlmTornado\LlmTornado.csproj::TargetFramework=net10.0]
C:\Users\lordo\Documents\GitHub\llmtornado\src\LlmTornado\Threads\ThreadsEndpoint.cs(401,63): warning CS8604: Possible null reference argument for parameter 'key' in 'bool FrozenDictionary<string, OpenAiAssistantStreamEvent>.TryGetValue(string key, out OpenAiAssistantStreamEvent value)'. [C:\Users\lordo\Documents\GitHub\llmtornado\src\LlmTornado\LlmTornado.csproj::TargetFramework=net10.0]
C:\Users\lordo\Documents\GitHub\llmtornado\src\LlmTornado\Threads\ThreadsEndpoint.cs(510,17): warning CS0219: The variable 'unk' is assigned but its value is never used [C:\Users\lordo\Documents\GitHub\llmtornado\src\LlmTornado\LlmTornado.csproj::TargetFramework=net10.0]
C:\Users\lordo\Documents\GitHub\llmtornado\src\LlmTornado\Vendor\Anthropic\AnthropicEndpointProvider.cs(995,21): warning CS8600: Converting null literal or possible null value to non-nullable type. [C:\Users\lordo\Documents\GitHub\llmtornado\src\LlmTornado\LlmTornado.csproj::TargetFramework=net10.0]
C:\Users\lordo\Documents\GitHub\llmtornado\src\LlmTornado\Vendor\Anthropic\AnthropicEndpointProvider.cs(997,21): warning CS8600: Converting null literal or possible null value to non-nullable type. [C:\Users\lordo\Documents\GitHub\llmtornado\src\LlmTornado\LlmTornado.csproj::TargetFramework=net10.0]
C:\Users\lordo\Documents\GitHub\llmtornado\src\LlmTornado\Vendor\Anthropic\AnthropicEndpointProvider.cs(999,21): warning CS8600: Converting null literal or possible null value to non-nullable type. [C:\Users\lordo\Documents\GitHub\llmtornado\src\LlmTornado\LlmTornado.csproj::TargetFramework=net10.0]
C:\Users\lordo\Documents\GitHub\llmtornado\src\LlmTornado\Vendor\Anthropic\AnthropicEndpointProvider.cs(1001,21): warning CS8600: Converting null literal or possible null value to non-nullable type. [C:\Users\lordo\Documents\GitHub\llmtornado\src\LlmTornado\LlmTornado.csproj::TargetFramework=net10.0]
C:\Users\lordo\Documents\GitHub\llmtornado\src\LlmTornado\Vendor\Anthropic\AnthropicEndpointProvider.cs(218,44): warning CS8618: Non-nullable property 'Delta' must contain a non-null value when exiting constructor. Consider adding the 'required' modifier or declaring the property as nullable. [C:\Users\lordo\Documents\GitHub\llmtornado\src\LlmTornado\LlmTornado.csproj::TargetFramework=net10.0]
C:\Users\lordo\Documents\GitHub\llmtornado\src\LlmTornado\Vendor\Anthropic\AnthropicEndpointProvider.cs(221,45): warning CS8618: Non-nullable property 'Usage' must contain a non-null value when exiting constructor. Consider adding the 'required' modifier or declaring the property as nullable. [C:\Users\lordo\Documents\GitHub\llmtornado\src\LlmTornado\LlmTornado.csproj::TargetFramework=net10.0]
C:\Users\lordo\Documents\GitHub\llmtornado\src\LlmTornado\Vendor\Anthropic\AnthropicEndpointProvider.cs(212,42): warning CS8618: Non-nullable property 'Message' must contain a non-null value when exiting constructor. Consider adding the 'required' modifier or declaring the property as nullable. [C:\Users\lordo\Documents\GitHub\llmtornado\src\LlmTornado\LlmTornado.csproj::TargetFramework=net10.0]
C:\Users\lordo\Documents\GitHub\llmtornado\src\LlmTornado\Vendor\Anthropic\AnthropicEndpointProvider.cs(191,23): warning CS8618: Non-nullable property 'Type' must contain a non-null value when exiting constructor. Consider adding the 'required' modifier or declaring the property as nullable. [C:\Users\lordo\Documents\GitHub\llmtornado\src\LlmTornado\LlmTornado.csproj::TargetFramework=net10.0]
C:\Users\lordo\Documents\GitHub\llmtornado\src\LlmTornado\Vendor\Anthropic\AnthropicEndpointProvider.cs(169,27): warning CS8618: Non-nullable property 'Type' must contain a non-null value when exiting constructor. Consider adding the 'required' modifier or declaring the property as nullable. [C:\Users\lordo\Documents\GitHub\llmtornado\src\LlmTornado\LlmTornado.csproj::TargetFramework=net10.0]
C:\Users\lordo\Documents\GitHub\llmtornado\src\LlmTornado\Vendor\Anthropic\AnthropicEndpointProvider.cs(172,27): warning CS8618: Non-nullable property 'Text' must contain a non-null value when exiting constructor. Consider adding the 'required' modifier or declaring the property as nullable. [C:\Users\lordo\Documents\GitHub\llmtornado\src\LlmTornado\LlmTornado.csproj::TargetFramework=net10.0]
C:\Users\lordo\Documents\GitHub\llmtornado\src\LlmTornado\Vendor\Anthropic\AnthropicEndpointProvider.cs(140,46): warning CS8618: Non-nullable property 'ContentBlock' must contain a non-null value when exiting constructor. Consider adding the 'required' modifier or declaring the property as nullable. [C:\Users\lordo\Documents\GitHub\llmtornado\src\LlmTornado\LlmTornado.csproj::TargetFramework=net10.0]
C:\Users\lordo\Documents\GitHub\llmtornado\src\LlmTornado\Vendor\Anthropic\AnthropicEndpointProvider.cs(113,27): warning CS8618: Non-nullable property 'Type' must contain a non-null value when exiting constructor. Consider adding the 'required' modifier or declaring the property as nullable. [C:\Users\lordo\Documents\GitHub\llmtornado\src\LlmTornado\LlmTornado.csproj::TargetFramework=net10.0]
C:\Users\lordo\Documents\GitHub\llmtornado\src\LlmTornado\Vendor\Anthropic\AnthropicEndpointProvider.cs(116,27): warning CS8618: Non-nullable property 'Text' must contain a non-null value when exiting constructor. Consider adding the 'required' modifier or declaring the property as nullable. [C:\Users\lordo\Documents\GitHub\llmtornado\src\LlmTornado\LlmTornado.csproj::TargetFramework=net10.0]
C:\Users\lordo\Documents\GitHub\llmtornado\src\LlmTornado\Embedding\Models\Google\EmbeddingModelGoogleGemini.cs(68,9): warning CS0618: 'EmbeddingModelGoogleGemini.ModelEmbedding4' is obsolete: 'Shut down January 14, 2026. Use ModelGeminiEmbedding001 instead.' [C:\Users\lordo\Documents\GitHub\llmtornado\src\LlmTornado\LlmTornado.csproj::TargetFramework=net10.0]
C:\Users\lordo\Documents\GitHub\llmtornado\src\LlmTornado\Responses\ResponseTool.cs(1088,38): warning CS8601: Possible null reference assignment. [C:\Users\lordo\Documents\GitHub\llmtornado\src\LlmTornado\LlmTornado.csproj::TargetFramework=net10.0]
C:\Users\lordo\Documents\GitHub\llmtornado\src\LlmTornado\Chat\Vendors\Google\VendorGoogleChatRequest.cs(1290,16): warning CS8618: Non-nullable property 'Name' must contain a non-null value when exiting constructor. Consider adding the 'required' modifier or declaring the property as nullable. [C:\Users\lordo\Documents\GitHub\llmtornado\src\LlmTornado\LlmTornado.csproj::TargetFramework=net10.0]
C:\Users\lordo\Documents\GitHub\llmtornado\src\LlmTornado\Chat\Vendors\Google\VendorGoogleChatRequest.cs(1290,16): warning CS8618: Non-nullable property 'Description' must contain a non-null value when exiting constructor. Consider adding the 'required' modifier or declaring the property as nullable. [C:\Users\lordo\Documents\GitHub\llmtornado\src\LlmTornado\LlmTornado.csproj::TargetFramework=net10.0]
C:\Users\lordo\Documents\GitHub\llmtornado\src\LlmTornado\Chat\Vendors\Google\VendorGoogleChatRequest.cs(1244,18): warning CS8618: Non-nullable property 'Category' must contain a non-null value when exiting constructor. Consider adding the 'required' modifier or declaring the property as nullable. [C:\Users\lordo\Documents\GitHub\llmtornado\src\LlmTornado\LlmTornado.csproj::TargetFramework=net10.0]
C:\Users\lordo\Documents\GitHub\llmtornado\src\LlmTornado\Chat\Vendors\Google\VendorGoogleChatRequest.cs(1244,18): warning CS8618: Non-nullable property 'Threshold' must contain a non-null value when exiting constructor. Consider adding the 'required' modifier or declaring the property as nullable. [C:\Users\lordo\Documents\GitHub\llmtornado\src\LlmTornado\LlmTornado.csproj::TargetFramework=net10.0]
C:\Users\lordo\Documents\GitHub\llmtornado\src\LlmTornado\Responses\ResponseTool.cs(1442,21): warning CS0472: The result of the expression is always 'true' since a value of type 'ResponseComputerEnvironment' is never equal to 'null' of type 'ResponseComputerEnvironment?' [C:\Users\lordo\Documents\GitHub\llmtornado\src\LlmTornado\LlmTornado.csproj::TargetFramework=net10.0]
C:\Users\lordo\Documents\GitHub\llmtornado\src\LlmTornado\Chat\Vendors\Google\VendorGoogleChatRequest.cs(1115,18): warning CS0219: The variable 'roleSolved' is assigned but its value is never used [C:\Users\lordo\Documents\GitHub\llmtornado\src\LlmTornado\LlmTornado.csproj::TargetFramework=net10.0]
C:\Users\lordo\Documents\GitHub\llmtornado\src\LlmTornado\Chat\Vendors\Google\VendorGoogleChatRequest.cs(919,23): warning CS8618: Non-nullable property 'FileUri' must contain a non-null value when exiting constructor. Consider adding the 'required' modifier or declaring the property as nullable. [C:\Users\lordo\Documents\GitHub\llmtornado\src\LlmTornado\LlmTornado.csproj::TargetFramework=net10.0]
C:\Users\lordo\Documents\GitHub\llmtornado\src\LlmTornado\Chat\Vendors\Google\VendorGoogleChatRequest.cs(892,23): warning CS8618: Non-nullable property 'Code' must contain a non-null value when exiting constructor. Consider adding the 'required' modifier or declaring the property as nullable. [C:\Users\lordo\Documents\GitHub\llmtornado\src\LlmTornado\LlmTornado.csproj::TargetFramework=net10.0]
C:\Users\lordo\Documents\GitHub\llmtornado\src\LlmTornado\Chat\Vendors\Google\VendorGoogleChatRequest.cs(754,23): warning CS8618: Non-nullable property 'MimeType' must contain a non-null value when exiting constructor. Consider adding the 'required' modifier or declaring the property as nullable. [C:\Users\lordo\Documents\GitHub\llmtornado\src\LlmTornado\LlmTornado.csproj::TargetFramework=net10.0]
C:\Users\lordo\Documents\GitHub\llmtornado\src\LlmTornado\Chat\Vendors\Google\VendorGoogleChatRequest.cs(760,23): warning CS8618: Non-nullable property 'Data' must contain a non-null value when exiting constructor. Consider adding the 'required' modifier or declaring the property as nullable. [C:\Users\lordo\Documents\GitHub\llmtornado\src\LlmTornado\LlmTornado.csproj::TargetFramework=net10.0]
C:\Users\lordo\Documents\GitHub\llmtornado\src\LlmTornado\Chat\Vendors\Google\VendorGoogleChatRequest.cs(742,23): warning CS8618: Non-nullable property 'FileUri' must contain a non-null value when exiting constructor. Consider adding the 'required' modifier or declaring the property as nullable. [C:\Users\lordo\Documents\GitHub\llmtornado\src\LlmTornado\LlmTornado.csproj::TargetFramework=net10.0]
C:\Users\lordo\Documents\GitHub\llmtornado\src\LlmTornado\Chat\Vendors\Google\VendorGoogleChatRequest.cs(686,23): warning CS8618: Non-nullable property 'Name' must contain a non-null value when exiting constructor. Consider adding the 'required' modifier or declaring the property as nullable. [C:\Users\lordo\Documents\GitHub\llmtornado\src\LlmTornado\LlmTornado.csproj::TargetFramework=net10.0]
C:\Users\lordo\Documents\GitHub\llmtornado\src\LlmTornado\Chat\Vendors\Google\VendorGoogleChatRequest.cs(644,23): warning CS8618: Non-nullable property 'Name' must contain a non-null value when exiting constructor. Consider adding the 'required' modifier or declaring the property as nullable. [C:\Users\lordo\Documents\GitHub\llmtornado\src\LlmTornado\LlmTornado.csproj::TargetFramework=net10.0]
C:\Users\lordo\Documents\GitHub\llmtornado\src\LlmTornado\Chat\Vendors\Google\VendorGoogleChatRequest.cs(629,23): warning CS8618: Non-nullable property 'MimeType' must contain a non-null value when exiting constructor. Consider adding the 'required' modifier or declaring the property as nullable. [C:\Users\lordo\Documents\GitHub\llmtornado\src\LlmTornado\LlmTornado.csproj::TargetFramework=net10.0]
C:\Users\lordo\Documents\GitHub\llmtornado\src\LlmTornado\Chat\Vendors\Google\VendorGoogleChatRequest.cs(635,23): warning CS8618: Non-nullable property 'Data' must contain a non-null value when exiting constructor. Consider adding the 'required' modifier or declaring the property as nullable. [C:\Users\lordo\Documents\GitHub\llmtornado\src\LlmTornado\LlmTornado.csproj::TargetFramework=net10.0]
C:\Users\lordo\Documents\GitHub\llmtornado\src\LlmTornado\Vendor\Google\VendorGoogleUsage.cs(124,19): warning CS8618: Non-nullable property 'Category' must contain a non-null value when exiting constructor. Consider adding the 'required' modifier or declaring the property as nullable. [C:\Users\lordo\Documents\GitHub\llmtornado\src\LlmTornado\LlmTornado.csproj::TargetFramework=net10.0]
C:\Users\lordo\Documents\GitHub\llmtornado\src\LlmTornado\Vendor\Google\VendorGoogleUsage.cs(134,19): warning CS8618: Non-nullable property 'Probability' must contain a non-null value when exiting constructor. Consider adding the 'required' modifier or declaring the property as nullable. [C:\Users\lordo\Documents\GitHub\llmtornado\src\LlmTornado\LlmTornado.csproj::TargetFramework=net10.0]
C:\Users\lordo\Documents\GitHub\llmtornado\src\LlmTornado\Vendor\Google\VendorGoogleUsage.cs(82,19): warning CS8618: Non-nullable property 'Modality' must contain a non-null value when exiting constructor. Consider adding the 'required' modifier or declaring the property as nullable. [C:\Users\lordo\Documents\GitHub\llmtornado\src\LlmTornado\LlmTornado.csproj::TargetFramework=net10.0]
C:\Users\lordo\Documents\GitHub\llmtornado\src\LlmTornado\Vendor\Cohere\VendorCohereUsage.cs(23,33): warning CS8618: Non-nullable property 'Api' must contain a non-null value when exiting constructor. Consider adding the 'required' modifier or declaring the property as nullable. [C:\Users\lordo\Documents\GitHub\llmtornado\src\LlmTornado\LlmTornado.csproj::TargetFramework=net10.0]
C:\Users\lordo\Documents\GitHub\llmtornado\src\LlmTornado\Chat\Vendors\Google\VendorGoogleChatRequest.cs(364,32): warning CS8601: Possible null reference assignment. [C:\Users\lordo\Documents\GitHub\llmtornado\src\LlmTornado\LlmTornado.csproj::TargetFramework=net10.0]
C:\Users\lordo\Documents\GitHub\llmtornado\src\LlmTornado\Chat\Vendors\Google\VendorGoogleChatRequest.cs(190,19): warning CS8618: Non-nullable property 'Speaker' must contain a non-null value when exiting constructor. Consider adding the 'required' modifier or declaring the property as nullable. [C:\Users\lordo\Documents\GitHub\llmtornado\src\LlmTornado\LlmTornado.csproj::TargetFramework=net10.0]
C:\Users\lordo\Documents\GitHub\llmtornado\src\LlmTornado\Videos\Vendors\Google\VendorGoogleVideoRequest.cs(165,23): warning CS8618: Non-nullable property 'Prompt' must contain a non-null value when exiting constructor. Consider adding the 'required' modifier or declaring the property as nullable. [C:\Users\lordo\Documents\GitHub\llmtornado\src\LlmTornado\LlmTornado.csproj::TargetFramework=net10.0]
C:\Users\lordo\Documents\GitHub\llmtornado\src\LlmTornado\Code\PartialModels.cs(2898,30): warning CS8601: Possible null reference assignment. [C:\Users\lordo\Documents\GitHub\llmtornado\src\LlmTornado\LlmTornado.csproj::TargetFramework=net10.0]
C:\Users\lordo\Documents\GitHub\llmtornado\src\LlmTornado\Code\PartialModels.cs(2899,29): warning CS8601: Possible null reference assignment. [C:\Users\lordo\Documents\GitHub\llmtornado\src\LlmTornado\LlmTornado.csproj::TargetFramework=net10.0]
C:\Users\lordo\Documents\GitHub\llmtornado\src\LlmTornado\Code\PartialModels.cs(2726,19): warning CS8618: Non-nullable property 'Source' must contain a non-null value when exiting constructor. Consider adding the 'required' modifier or declaring the property as nullable. [C:\Users\lordo\Documents\GitHub\llmtornado\src\LlmTornado\LlmTornado.csproj::TargetFramework=net10.0]
C:\Users\lordo\Documents\GitHub\llmtornado\src\LlmTornado\Code\PartialModels.cs(2732,19): warning CS8618: Non-nullable property 'Title' must contain a non-null value when exiting constructor. Consider adding the 'required' modifier or declaring the property as nullable. [C:\Users\lordo\Documents\GitHub\llmtornado\src\LlmTornado\LlmTornado.csproj::TargetFramework=net10.0]
C:\Users\lordo\Documents\GitHub\llmtornado\src\LlmTornado\Code\PartialModels.cs(2699,19): warning CS8618: Non-nullable property 'FileId' must contain a non-null value when exiting constructor. Consider adding the 'required' modifier or declaring the property as nullable. [C:\Users\lordo\Documents\GitHub\llmtornado\src\LlmTornado\LlmTornado.csproj::TargetFramework=net10.0]
C:\Users\lordo\Documents\GitHub\llmtornado\src\LlmTornado\Code\PartialModels.cs(2672,19): warning CS8618: Non-nullable property 'Url' must contain a non-null value when exiting constructor. Consider adding the 'required' modifier or declaring the property as nullable. [C:\Users\lordo\Documents\GitHub\llmtornado\src\LlmTornado\LlmTornado.csproj::TargetFramework=net10.0]
C:\Users\lordo\Documents\GitHub\llmtornado\src\LlmTornado\Code\PartialModels.cs(2645,19): warning CS8618: Non-nullable property 'Data' must contain a non-null value when exiting constructor. Consider adding the 'required' modifier or declaring the property as nullable. [C:\Users\lordo\Documents\GitHub\llmtornado\src\LlmTornado\LlmTornado.csproj::TargetFramework=net10.0]
C:\Users\lordo\Documents\GitHub\llmtornado\src\LlmTornado\Code\PartialModels.cs(2657,19): warning CS8618: Non-nullable property 'MediaType' must contain a non-null value when exiting constructor. Consider adding the 'required' modifier or declaring the property as nullable. [C:\Users\lordo\Documents\GitHub\llmtornado\src\LlmTornado\LlmTornado.csproj::TargetFramework=net10.0]
C:\Users\lordo\Documents\GitHub\llmtornado\src\LlmTornado\Code\PartialModels.cs(2606,12): warning CS8618: Non-nullable property 'Source' must contain a non-null value when exiting constructor. Consider adding the 'required' modifier or declaring the property as nullable. [C:\Users\lordo\Documents\GitHub\llmtornado\src\LlmTornado\LlmTornado.csproj::TargetFramework=net10.0]
C:\Users\lordo\Documents\GitHub\llmtornado\src\LlmTornado\Responses\ResponseTextFormatConfiguration.cs(104,12): warning CS8618: Non-nullable property 'Name' must contain a non-null value when exiting constructor. Consider adding the 'required' modifier or declaring the property as nullable. [C:\Users\lordo\Documents\GitHub\llmtornado\src\LlmTornado\LlmTornado.csproj::TargetFramework=net10.0]
C:\Users\lordo\Documents\GitHub\llmtornado\src\LlmTornado\Chat\ChatRequestMaxTokens.cs(55,23): warning CS8604: Possible null reference argument for parameter 'type' in 'bool PropertyRenameAndIgnoreSerializerContractResolver.IsIgnored(Type type, string jsonPropertyName)'. [C:\Users\lordo\Documents\GitHub\llmtornado\src\LlmTornado\LlmTornado.csproj::TargetFramework=net10.0]
C:\Users\lordo\Documents\GitHub\llmtornado\src\LlmTornado\Chat\ChatRequestMaxTokens.cs(55,47): warning CS8604: Possible null reference argument for parameter 'jsonPropertyName' in 'bool PropertyRenameAndIgnoreSerializerContractResolver.IsIgnored(Type type, string jsonPropertyName)'. [C:\Users\lordo\Documents\GitHub\llmtornado\src\LlmTornado\LlmTornado.csproj::TargetFramework=net10.0]
C:\Users\lordo\Documents\GitHub\llmtornado\src\LlmTornado\Chat\ChatRequestResponseFormat.cs(26,23): warning CS8618: Non-nullable property 'Name' must contain a non-null value when exiting constructor. Consider adding the 'required' modifier or declaring the property as nullable. [C:\Users\lordo\Documents\GitHub\llmtornado\src\LlmTornado\LlmTornado.csproj::TargetFramework=net10.0]
C:\Users\lordo\Documents\GitHub\llmtornado\src\LlmTornado\Chat\ChatRequestResponseFormat.cs(32,23): warning CS8618: Non-nullable property 'Schema' must contain a non-null value when exiting constructor. Consider adding the 'required' modifier or declaring the property as nullable. [C:\Users\lordo\Documents\GitHub\llmtornado\src\LlmTornado\LlmTornado.csproj::TargetFramework=net10.0]
C:\Users\lordo\Documents\GitHub\llmtornado\src\LlmTornado\Code\PartialModels.cs(2532,12): warning CS8618: Non-nullable property 'Text' must contain a non-null value when exiting constructor. Consider adding the 'required' modifier or declaring the property as nullable. [C:\Users\lordo\Documents\GitHub\llmtornado\src\LlmTornado\LlmTornado.csproj::TargetFramework=net10.0]
C:\Users\lordo\Documents\GitHub\llmtornado\src\LlmTornado\Code\PartialModels.cs(2448,19): warning CS8618: Non-nullable property 'Source' must contain a non-null value when exiting constructor. Consider adding the 'required' modifier or declaring the property as nullable. [C:\Users\lordo\Documents\GitHub\llmtornado\src\LlmTornado\LlmTornado.csproj::TargetFramework=net10.0]
C:\Users\lordo\Documents\GitHub\llmtornado\src\LlmTornado\Code\PartialModels.cs(2454,19): warning CS8618: Non-nullable property 'Title' must contain a non-null value when exiting constructor. Consider adding the 'required' modifier or declaring the property as nullable. [C:\Users\lordo\Documents\GitHub\llmtornado\src\LlmTornado\LlmTornado.csproj::TargetFramework=net10.0]
C:\Users\lordo\Documents\GitHub\llmtornado\src\LlmTornado\Code\PartialModels.cs(2414,19): warning CS8618: Non-nullable property 'Type' must contain a non-null value when exiting constructor. Consider adding the 'required' modifier or declaring the property as nullable. [C:\Users\lordo\Documents\GitHub\llmtornado\src\LlmTornado\LlmTornado.csproj::TargetFramework=net10.0]
C:\Users\lordo\Documents\GitHub\llmtornado\src\LlmTornado\Code\PartialModels.cs(2201,12): warning CS8618: Non-nullable field '_data' must contain a non-null value when exiting constructor. Consider adding the 'required' modifier or declaring the field as nullable. [C:\Users\lordo\Documents\GitHub\llmtornado\src\LlmTornado\LlmTornado.csproj::TargetFramework=net10.0]
C:\Users\lordo\Documents\GitHub\llmtornado\src\LlmTornado\Code\PartialModels.cs(2157,14): warning CS8618: Non-nullable property 'Body' must contain a non-null value when exiting constructor. Consider adding the 'required' modifier or declaring the property as nullable. [C:\Users\lordo\Documents\GitHub\llmtornado\src\LlmTornado\LlmTornado.csproj::TargetFramework=net10.0]
C:\Users\lordo\Documents\GitHub\llmtornado\src\LlmTornado\Chat\Vendors\Google\VendorGoogleChatResult.cs(680,19): warning CS8618: Non-nullable property 'Source' must contain a non-null value when exiting constructor. Consider adding the 'required' modifier or declaring the property as nullable. [C:\Users\lordo\Documents\GitHub\llmtornado\src\LlmTornado\LlmTornado.csproj::TargetFramework=net10.0]
C:\Users\lordo\Documents\GitHub\llmtornado\src\LlmTornado\Chat\Vendors\Google\VendorGoogleChatResult.cs(686,19): warning CS8618: Non-nullable property 'Chunk' must contain a non-null value when exiting constructor. Consider adding the 'required' modifier or declaring the property as nullable. [C:\Users\lordo\Documents\GitHub\llmtornado\src\LlmTornado\LlmTornado.csproj::TargetFramework=net10.0]
C:\Users\lordo\Documents\GitHub\llmtornado\src\LlmTornado\Chat\Vendors\Google\VendorGoogleChatResult.cs(662,19): warning CS8618: Non-nullable property 'PassageId' must contain a non-null value when exiting constructor. Consider adding the 'required' modifier or declaring the property as nullable. [C:\Users\lordo\Documents\GitHub\llmtornado\src\LlmTornado\LlmTornado.csproj::TargetFramework=net10.0]
C:\Users\lordo\Documents\GitHub\llmtornado\src\LlmTornado\Chat\Vendors\Google\VendorGoogleChatResult.cs(644,53): warning CS8618: Non-nullable property 'GroundingPassage' must contain a non-null value when exiting constructor. Consider adding the 'required' modifier or declaring the property as nullable. [C:\Users\lordo\Documents\GitHub\llmtornado\src\LlmTornado\LlmTornado.csproj::TargetFramework=net10.0]
C:\Users\lordo\Documents\GitHub\llmtornado\src\LlmTornado\Chat\Vendors\Google\VendorGoogleChatResult.cs(650,57): warning CS8618: Non-nullable property 'SemanticRetrieverChunk' must contain a non-null value when exiting constructor. Consider adding the 'required' modifier or declaring the property as nullable. [C:\Users\lordo\Documents\GitHub\llmtornado\src\LlmTornado\LlmTornado.csproj::TargetFramework=net10.0]
C:\Users\lordo\Documents\GitHub\llmtornado\src\LlmTornado\Chat\Vendors\Google\VendorGoogleChatResult.cs(626,54): warning CS8618: Non-nullable property 'SourceId' must contain a non-null value when exiting constructor. Consider adding the 'required' modifier or declaring the property as nullable. [C:\Users\lordo\Documents\GitHub\llmtornado\src\LlmTornado\LlmTornado.csproj::TargetFramework=net10.0]
C:\Users\lordo\Documents\GitHub\llmtornado\src\LlmTornado\Chat\Vendors\Google\VendorGoogleChatResult.cs(632,67): warning CS8618: Non-nullable property 'Content' must contain a non-null value when exiting constructor. Consider adding the 'required' modifier or declaring the property as nullable. [C:\Users\lordo\Documents\GitHub\llmtornado\src\LlmTornado\LlmTornado.csproj::TargetFramework=net10.0]
C:\Users\lordo\Documents\GitHub\llmtornado\src\LlmTornado\Chat\Vendors\Google\VendorGoogleChatResult.cs(594,19): warning CS8618: Non-nullable property 'RenderedContent' must contain a non-null value when exiting constructor. Consider adding the 'required' modifier or declaring the property as nullable. [C:\Users\lordo\Documents\GitHub\llmtornado\src\LlmTornado\LlmTornado.csproj::TargetFramework=net10.0]
C:\Users\lordo\Documents\GitHub\llmtornado\src\LlmTornado\Chat\Vendors\Google\VendorGoogleChatResult.cs(601,19): warning CS8618: Non-nullable property 'SdkBlob' must contain a non-null value when exiting constructor. Consider adding the 'required' modifier or declaring the property as nullable. [C:\Users\lordo\Documents\GitHub\llmtornado\src\LlmTornado\LlmTornado.csproj::TargetFramework=net10.0]
C:\Users\lordo\Documents\GitHub\llmtornado\src\LlmTornado\Chat\Vendors\Google\VendorGoogleChatResult.cs(582,19): warning CS8618: Non-nullable property 'Text' must contain a non-null value when exiting constructor. Consider adding the 'required' modifier or declaring the property as nullable. [C:\Users\lordo\Documents\GitHub\llmtornado\src\LlmTornado\LlmTornado.csproj::TargetFramework=net10.0]
C:\Users\lordo\Documents\GitHub\llmtornado\src\LlmTornado\Chat\Vendors\Google\VendorGoogleChatResult.cs(552,42): warning CS8618: Non-nullable property 'Segment' must contain a non-null value when exiting constructor. Consider adding the 'required' modifier or declaring the property as nullable. [C:\Users\lordo\Documents\GitHub\llmtornado\src\LlmTornado\LlmTornado.csproj::TargetFramework=net10.0]
C:\Users\lordo\Documents\GitHub\llmtornado\src\LlmTornado\Chat\Vendors\Google\VendorGoogleChatResult.cs(516,19): warning CS8618: Non-nullable property 'ReviewId' must contain a non-null value when exiting constructor. Consider adding the 'required' modifier or declaring the property as nullable. [C:\Users\lordo\Documents\GitHub\llmtornado\src\LlmTornado\LlmTornado.csproj::TargetFramework=net10.0]
C:\Users\lordo\Documents\GitHub\llmtornado\src\LlmTornado\Chat\Vendors\Google\VendorGoogleChatResult.cs(522,19): warning CS8618: Non-nullable property 'GoogleMapsUri' must contain a non-null value when exiting constructor. Consider adding the 'required' modifier or declaring the property as nullable. [C:\Users\lordo\Documents\GitHub\llmtornado\src\LlmTornado\LlmTornado.csproj::TargetFramework=net10.0]
C:\Users\lordo\Documents\GitHub\llmtornado\src\LlmTornado\Chat\Vendors\Google\VendorGoogleChatResult.cs(528,19): warning CS8618: Non-nullable property 'Title' must contain a non-null value when exiting constructor. Consider adding the 'required' modifier or declaring the property as nullable. [C:\Users\lordo\Documents\GitHub\llmtornado\src\LlmTornado\LlmTornado.csproj::TargetFramework=net10.0]
C:\Users\lordo\Documents\GitHub\llmtornado\src\LlmTornado\Chat\Vendors\Google\VendorGoogleChatResult.cs(468,19): warning CS8618: Non-nullable property 'Uri' must contain a non-null value when exiting constructor. Consider adding the 'required' modifier or declaring the property as nullable. [C:\Users\lordo\Documents\GitHub\llmtornado\src\LlmTornado\LlmTornado.csproj::TargetFramework=net10.0]
C:\Users\lordo\Documents\GitHub\llmtornado\src\LlmTornado\Chat\Vendors\Google\VendorGoogleChatResult.cs(474,19): warning CS8618: Non-nullable property 'Title' must contain a non-null value when exiting constructor. Consider adding the 'required' modifier or declaring the property as nullable. [C:\Users\lordo\Documents\GitHub\llmtornado\src\LlmTornado\LlmTornado.csproj::TargetFramework=net10.0]
C:\Users\lordo\Documents\GitHub\llmtornado\src\LlmTornado\Chat\Vendors\Google\VendorGoogleChatResult.cs(480,19): warning CS8618: Non-nullable property 'Text' must contain a non-null value when exiting constructor. Consider adding the 'required' modifier or declaring the property as nullable. [C:\Users\lordo\Documents\GitHub\llmtornado\src\LlmTornado\LlmTornado.csproj::TargetFramework=net10.0]
C:\Users\lordo\Documents\GitHub\llmtornado\src\LlmTornado\Chat\Vendors\Google\VendorGoogleChatResult.cs(486,19): warning CS8618: Non-nullable property 'PlaceId' must contain a non-null value when exiting constructor. Consider adding the 'required' modifier or declaring the property as nullable. [C:\Users\lordo\Documents\GitHub\llmtornado\src\LlmTornado\LlmTornado.csproj::TargetFramework=net10.0]
C:\Users\lordo\Documents\GitHub\llmtornado\src\LlmTornado\Chat\Vendors\Google\VendorGoogleChatResult.cs(450,19): warning CS8618: Non-nullable property 'Uri' must contain a non-null value when exiting constructor. Consider adding the 'required' modifier or declaring the property as nullable. [C:\Users\lordo\Documents\GitHub\llmtornado\src\LlmTornado\LlmTornado.csproj::TargetFramework=net10.0]
C:\Users\lordo\Documents\GitHub\llmtornado\src\LlmTornado\Chat\Vendors\Google\VendorGoogleChatResult.cs(456,19): warning CS8618: Non-nullable property 'Title' must contain a non-null value when exiting constructor. Consider adding the 'required' modifier or declaring the property as nullable. [C:\Users\lordo\Documents\GitHub\llmtornado\src\LlmTornado\LlmTornado.csproj::TargetFramework=net10.0]
C:\Users\lordo\Documents\GitHub\llmtornado\src\LlmTornado\Chat\Vendors\Google\VendorGoogleChatResult.cs(345,52): warning CS8618: Non-nullable property 'RetrievalMetadata' must contain a non-null value when exiting constructor. Consider adding the 'required' modifier or declaring the property as nullable. [C:\Users\lordo\Documents\GitHub\llmtornado\src\LlmTornado\LlmTornado.csproj::TargetFramework=net10.0]
C:\Users\lordo\Documents\GitHub\llmtornado\src\LlmTornado\Chat\Vendors\Google\VendorGoogleChatResult.cs(297,19): warning CS8618: Non-nullable property 'Token' must contain a non-null value when exiting constructor. Consider adding the 'required' modifier or declaring the property as nullable. [C:\Users\lordo\Documents\GitHub\llmtornado\src\LlmTornado\LlmTornado.csproj::TargetFramework=net10.0]
C:\Users\lordo\Documents\GitHub\llmtornado\src\LlmTornado\Chat\Vendors\Google\VendorGoogleChatResult.cs(212,19): warning CS8618: Non-nullable property 'RetrievedUrl' must contain a non-null value when exiting constructor. Consider adding the 'required' modifier or declaring the property as nullable. [C:\Users\lordo\Documents\GitHub\llmtornado\src\LlmTornado\LlmTornado.csproj::TargetFramework=net10.0]
C:\Users\lordo\Documents\GitHub\llmtornado\src\LlmTornado\Chat\ConversationCompression.cs(136,69): warning CS8604: Possible null reference argument for parameter 'model' in 'Conversation ChatEndpoint.CreateConversation(ChatModel model, double? temperature = null, int? maxTokens = null)'. [C:\Users\lordo\Documents\GitHub\llmtornado\src\LlmTornado\LlmTornado.csproj::TargetFramework=net10.0]
C:\Users\lordo\Documents\GitHub\llmtornado\src\LlmTornado\Chat\ConversationCompression.cs(142,20): warning CS8602: Dereference of a possibly null reference. [C:\Users\lordo\Documents\GitHub\llmtornado\src\LlmTornado\LlmTornado.csproj::TargetFramework=net10.0]
C:\Users\lordo\Documents\GitHub\llmtornado\src\LlmTornado\Chat\ConversationCompression.cs(187,69): warning CS8604: Possible null reference argument for parameter 'model' in 'Conversation ChatEndpoint.CreateConversation(ChatModel model, double? temperature = null, int? maxTokens = null)'. [C:\Users\lordo\Documents\GitHub\llmtornado\src\LlmTornado\LlmTornado.csproj::TargetFramework=net10.0]
C:\Users\lordo\Documents\GitHub\llmtornado\src\LlmTornado\Chat\ConversationCompression.cs(194,20): warning CS8602: Dereference of a possibly null reference. [C:\Users\lordo\Documents\GitHub\llmtornado\src\LlmTornado\LlmTornado.csproj::TargetFramework=net10.0]
C:\Users\lordo\Documents\GitHub\llmtornado\src\LlmTornado\Chat\ResolvedToolsCall.cs(37,24): warning CS8618: Non-nullable property 'ToolMessage' must contain a non-null value when exiting constructor. Consider adding the 'required' modifier or declaring the property as nullable. [C:\Users\lordo\Documents\GitHub\llmtornado\src\LlmTornado\LlmTornado.csproj::TargetFramework=net10.0]
C:\Users\lordo\Documents\GitHub\llmtornado\src\LlmTornado\Chat\ResolvedToolsCall.cs(50,24): warning CS8618: Non-nullable property 'AssistantMessage' must contain a non-null value when exiting constructor. Consider adding the 'required' modifier or declaring the property as nullable. [C:\Users\lordo\Documents\GitHub\llmtornado\src\LlmTornado\LlmTornado.csproj::TargetFramework=net10.0]
C:\Users\lordo\Documents\GitHub\llmtornado\src\LlmTornado\Chat\Vendors\Alibaba\VendorAlibabaChatRequest.cs(18,50): warning CS8604: Possible null reference argument for parameter 'o' in 'JObject JObject.FromObject(object o, JsonSerializer jsonSerializer)'. [C:\Users\lordo\Documents\GitHub\llmtornado\src\LlmTornado\LlmTornado.csproj::TargetFramework=net10.0]
C:\Users\lordo\Documents\GitHub\llmtornado\src\LlmTornado\Vendor\Anthropic\VendorAnthropicChatResultContainer.cs(22,19): warning CS8618: Non-nullable property 'Type' must contain a non-null value when exiting constructor. Consider adding the 'required' modifier or declaring the property as nullable. [C:\Users\lordo\Documents\GitHub\llmtornado\src\LlmTornado\LlmTornado.csproj::TargetFramework=net10.0]
C:\Users\lordo\Documents\GitHub\llmtornado\src\LlmTornado\Vendor\Anthropic\VendorAnthropicChatResultContainer.cs(25,19): warning CS8618: Non-nullable property 'SkillId' must contain a non-null value when exiting constructor. Consider adding the 'required' modifier or declaring the property as nullable. [C:\Users\lordo\Documents\GitHub\llmtornado\src\LlmTornado\LlmTornado.csproj::TargetFramework=net10.0]
C:\Users\lordo\Documents\GitHub\llmtornado\src\LlmTornado\Vendor\Anthropic\VendorAnthropicChatResultContainer.cs(28,19): warning CS8618: Non-nullable property 'Version' must contain a non-null value when exiting constructor. Consider adding the 'required' modifier or declaring the property as nullable. [C:\Users\lordo\Documents\GitHub\llmtornado\src\LlmTornado\LlmTornado.csproj::TargetFramework=net10.0]
C:\Users\lordo\Documents\GitHub\llmtornado\src\LlmTornado\Vendor\Anthropic\VendorAnthropicChatResultContainer.cs(10,19): warning CS8618: Non-nullable property 'Id' must contain a non-null value when exiting constructor. Consider adding the 'required' modifier or declaring the property as nullable. [C:\Users\lordo\Documents\GitHub\llmtornado\src\LlmTornado\LlmTornado.csproj::TargetFramework=net10.0]
C:\Users\lordo\Documents\GitHub\llmtornado\src\LlmTornado\Vendor\Anthropic\VendorAnthropicChatResultContainer.cs(16,54): warning CS8618: Non-nullable property 'Skills' must contain a non-null value when exiting constructor. Consider adding the 'required' modifier or declaring the property as nullable. [C:\Users\lordo\Documents\GitHub\llmtornado\src\LlmTornado\LlmTornado.csproj::TargetFramework=net10.0]
C:\Users\lordo\Documents\GitHub\llmtornado\src\LlmTornado\Code\PartialModels.cs(1607,12): warning CS8618: Non-nullable property 'Url' must contain a non-null value when exiting constructor. Consider adding the 'required' modifier or declaring the property as nullable. [C:\Users\lordo\Documents\GitHub\llmtornado\src\LlmTornado\LlmTornado.csproj::TargetFramework=net10.0]
C:\Users\lordo\Documents\GitHub\llmtornado\src\LlmTornado\Responses\ResponsesSession.cs(26,30): warning CS8618: Non-nullable property 'Endpoint' must contain a non-null value when exiting constructor. Consider adding the 'required' modifier or declaring the property as nullable. [C:\Users\lordo\Documents\GitHub\llmtornado\src\LlmTornado\LlmTornado.csproj::TargetFramework=net10.0]
C:\Users\lordo\Documents\GitHub\llmtornado\src\LlmTornado\Chat\Vendors\Google\VendorGoogleChatResult.cs(94,30): warning CS8618: Non-nullable property 'Meta' must contain a non-null value when exiting constructor. Consider adding the 'required' modifier or declaring the property as nullable. [C:\Users\lordo\Documents\GitHub\llmtornado\src\LlmTornado\LlmTornado.csproj::TargetFramework=net10.0]
C:\Users\lordo\Documents\GitHub\llmtornado\src\LlmTornado\Chat\Vendors\Google\VendorGoogleChatResult.cs(26,71): warning CS8618: Non-nullable property 'Content' must contain a non-null value when exiting constructor. Consider adding the 'required' modifier or declaring the property as nullable. [C:\Users\lordo\Documents\GitHub\llmtornado\src\LlmTornado\LlmTornado.csproj::TargetFramework=net10.0]
C:\Users\lordo\Documents\GitHub\llmtornado\src\LlmTornado\Chat\Vendors\Cohere\VendorCohereCitationBlock.cs(11,19): warning CS8618: Non-nullable property 'Text' must contain a non-null value when exiting constructor. Consider adding the 'required' modifier or declaring the property as nullable. [C:\Users\lordo\Documents\GitHub\llmtornado\src\LlmTornado\LlmTornado.csproj::TargetFramework=net10.0]
C:\Users\lordo\Documents\GitHub\llmtornado\src\LlmTornado\Chat\Vendors\Cohere\VendorCohereChatTool.cs(50,19): warning CS8618: Non-nullable property 'Name' must contain a non-null value when exiting constructor. Consider adding the 'required' modifier or declaring the property as nullable. [C:\Users\lordo\Documents\GitHub\llmtornado\src\LlmTornado\LlmTornado.csproj::TargetFramework=net10.0]
C:\Users\lordo\Documents\GitHub\llmtornado\src\LlmTornado\Chat\Vendors\Cohere\VendorCohereChatTool.cs(29,19): warning CS8618: Non-nullable property 'Description' must contain a non-null value when exiting constructor. Consider adding the 'required' modifier or declaring the property as nullable. [C:\Users\lordo\Documents\GitHub\llmtornado\src\LlmTornado\LlmTornado.csproj::TargetFramework=net10.0]
C:\Users\lordo\Documents\GitHub\llmtornado\src\LlmTornado\Chat\Vendors\Cohere\VendorCohereChatTool.cs(32,19): warning CS8618: Non-nullable property 'Type' must contain a non-null value when exiting constructor. Consider adding the 'required' modifier or declaring the property as nullable. [C:\Users\lordo\Documents\GitHub\llmtornado\src\LlmTornado\LlmTornado.csproj::TargetFramework=net10.0]
C:\Users\lordo\Documents\GitHub\llmtornado\src\LlmTornado\Chat\Vendors\Cohere\VendorCohereChatTool.cs(21,19): warning CS8618: Non-nullable property 'Name' must contain a non-null value when exiting constructor. Consider adding the 'required' modifier or declaring the property as nullable. [C:\Users\lordo\Documents\GitHub\llmtornado\src\LlmTornado\LlmTornado.csproj::TargetFramework=net10.0]
C:\Users\lordo\Documents\GitHub\llmtornado\src\LlmTornado\Chat\Vendors\Cohere\VendorCohereChatTool.cs(9,19): warning CS8618: Non-nullable property 'Name' must contain a non-null value when exiting constructor. Consider adding the 'required' modifier or declaring the property as nullable. [C:\Users\lordo\Documents\GitHub\llmtornado\src\LlmTornado\LlmTornado.csproj::TargetFramework=net10.0]
C:\Users\lordo\Documents\GitHub\llmtornado\src\LlmTornado\Chat\Vendors\Cohere\VendorCohereChatTool.cs(12,19): warning CS8618: Non-nullable property 'Description' must contain a non-null value when exiting constructor. Consider adding the 'required' modifier or declaring the property as nullable. [C:\Users\lordo\Documents\GitHub\llmtornado\src\LlmTornado\LlmTornado.csproj::TargetFramework=net10.0]
C:\Users\lordo\Documents\GitHub\llmtornado\src\LlmTornado\Chat\Vendors\Cohere\VendorCohereChatSearchResult.cs(15,40): warning CS8618: Non-nullable property 'SearchQuery' must contain a non-null value when exiting constructor. Consider adding the 'required' modifier or declaring the property as nullable. [C:\Users\lordo\Documents\GitHub\llmtornado\src\LlmTornado\LlmTornado.csproj::TargetFramework=net10.0]
C:\Users\lordo\Documents\GitHub\llmtornado\src\LlmTornado\Chat\Vendors\Cohere\VendorCohereChatSearchResult.cs(21,25): warning CS8618: Non-nullable property 'DocumentIds' must contain a non-null value when exiting constructor. Consider adding the 'required' modifier or declaring the property as nullable. [C:\Users\lordo\Documents\GitHub\llmtornado\src\LlmTornado\LlmTornado.csproj::TargetFramework=net10.0]
C:\Users\lordo\Documents\GitHub\llmtornado\src\LlmTornado\Chat\Vendors\Cohere\VendorCohereChatSearchResult.cs(27,49): warning CS8618: Non-nullable property 'Connector' must contain a non-null value when exiting constructor. Consider adding the 'required' modifier or declaring the property as nullable. [C:\Users\lordo\Documents\GitHub\llmtornado\src\LlmTornado\LlmTornado.csproj::TargetFramework=net10.0]
C:\Users\lordo\Documents\GitHub\llmtornado\src\LlmTornado\Chat\Vendors\Cohere\VendorCohereChatSearchQueryConnector.cs(14,19): warning CS8618: Non-nullable property 'Id' must contain a non-null value when exiting constructor. Consider adding the 'required' modifier or declaring the property as nullable. [C:\Users\lordo\Documents\GitHub\llmtornado\src\LlmTornado\LlmTornado.csproj::TargetFramework=net10.0]
C:\Users\lordo\Documents\GitHub\llmtornado\src\LlmTornado\Chat\Vendors\Cohere\VendorCohereChatSearchQuery.cs(15,19): warning CS8618: Non-nullable property 'Text' must contain a non-null value when exiting constructor. Consider adding the 'required' modifier or declaring the property as nullable. [C:\Users\lordo\Documents\GitHub\llmtornado\src\LlmTornado\LlmTornado.csproj::TargetFramework=net10.0]
C:\Users\lordo\Documents\GitHub\llmtornado\src\LlmTornado\Chat\Vendors\Cohere\VendorCohereChatSearchQuery.cs(21,19): warning CS8618: Non-nullable property 'GenerationId' must contain a non-null value when exiting constructor. Consider adding the 'required' modifier or declaring the property as nullable. [C:\Users\lordo\Documents\GitHub\llmtornado\src\LlmTornado\LlmTornado.csproj::TargetFramework=net10.0]
C:\Users\lordo\Documents\GitHub\llmtornado\src\LlmTornado\Chat\Vendors\Cohere\ChatResponseVendorCohereExtensions.cs(39,12): warning CS8618: Non-nullable property 'Response' must contain a non-null value when exiting constructor. Consider adding the 'required' modifier or declaring the property as nullable. [C:\Users\lordo\Documents\GitHub\llmtornado\src\LlmTornado\LlmTornado.csproj::TargetFramework=net10.0]
C:\Users\lordo\Documents\GitHub\llmtornado\src\LlmTornado\Chat\Vendors\Cohere\ChatResponseVendorCohereExtensions.cs(84,47): warning CS8604: Possible null reference argument for parameter 'txt' in 'string ClearSnippet(string txt)'. [C:\Users\lordo\Documents\GitHub\llmtornado\src\LlmTornado\LlmTornado.csproj::TargetFramework=net10.0]
C:\Users\lordo\Documents\GitHub\llmtornado\src\LlmTornado\Chat\Vendors\Cohere\ChatResponseVendorCohereExtensions.cs(129,14): warning CS8618: Non-nullable property 'Response' must contain a non-null value when exiting constructor. Consider adding the 'required' modifier or declaring the property as nullable. [C:\Users\lordo\Documents\GitHub\llmtornado\src\LlmTornado\LlmTornado.csproj::TargetFramework=net10.0]
C:\Users\lordo\Documents\GitHub\llmtornado\src\LlmTornado\Chat\Models\Anthropic\ChatModelAnthropicClaude3.cs(50,106): warning CS0618: 'ChatModelAnthropicClaude3.ModelSonnet' is obsolete: 'deprecated' [C:\Users\lordo\Documents\GitHub\llmtornado\src\LlmTornado\LlmTornado.csproj::TargetFramework=net10.0]
C:\Users\lordo\Documents\GitHub\llmtornado\src\LlmTornado\Chat\Models\Upstage\ChatModelUpstage.cs(51,9): warning CS8604: Possible null reference argument for parameter 'item' in 'void List<IModel>.Add(IModel item)'. [C:\Users\lordo\Documents\GitHub\llmtornado\src\LlmTornado\LlmTornado.csproj::TargetFramework=net10.0]
C:\Users\lordo\Documents\GitHub\llmtornado\src\LlmTornado\Chat\Models\Upstage\ChatModelUpstage.cs(52,9): warning CS8604: Possible null reference argument for parameter 'item' in 'void List<IModel>.Add(IModel item)'. [C:\Users\lordo\Documents\GitHub\llmtornado\src\LlmTornado\LlmTornado.csproj::TargetFramework=net10.0]
C:\Users\lordo\Documents\GitHub\llmtornado\src\LlmTornado\Chat\Models\Upstage\ChatModelUpstage.cs(53,9): warning CS8604: Possible null reference argument for parameter 'item' in 'void List<IModel>.Add(IModel item)'. [C:\Users\lordo\Documents\GitHub\llmtornado\src\LlmTornado\LlmTornado.csproj::TargetFramework=net10.0]
C:\Users\lordo\Documents\GitHub\llmtornado\src\LlmTornado\Chat\Models\Upstage\ChatModelUpstage.cs(54,9): warning CS8604: Possible null reference argument for parameter 'item' in 'void List<IModel>.Add(IModel item)'. [C:\Users\lordo\Documents\GitHub\llmtornado\src\LlmTornado\LlmTornado.csproj::TargetFramework=net10.0]
C:\Users\lordo\Documents\GitHub\llmtornado\src\LlmTornado\Chat\Models\Upstage\ChatModelUpstage.cs(55,9): warning CS8604: Possible null reference argument for parameter 'item' in 'void List<IModel>.Add(IModel item)'. [C:\Users\lordo\Documents\GitHub\llmtornado\src\LlmTornado\LlmTornado.csproj::TargetFramework=net10.0]
C:\Users\lordo\Documents\GitHub\llmtornado\src\LlmTornado\Chat\Vendors\Cohere\ChatVendorCohereExtensionConnector.cs(146,59): warning CS8604: Possible null reference argument for parameter 'id' in 'ChatVendorCohereExtensionConnector.ChatVendorCohereExtensionConnector(string id)'. [C:\Users\lordo\Documents\GitHub\llmtornado\src\LlmTornado\LlmTornado.csproj::TargetFramework=net10.0]
C:\Users\lordo\Documents\GitHub\llmtornado\src\LlmTornado\Code\PartialModels.cs(1479,31): warning CS8618: Non-nullable property 'FunctionCalls' must contain a non-null value when exiting constructor. Consider adding the 'required' modifier or declaring the property as nullable. [C:\Users\lordo\Documents\GitHub\llmtornado\src\LlmTornado\LlmTornado.csproj::TargetFramework=net10.0]
C:\Users\lordo\Documents\GitHub\llmtornado\src\LlmTornado\Code\PartialModels.cs(1480,33): warning CS8618: Non-nullable property 'CustomToolCalls' must contain a non-null value when exiting constructor. Consider adding the 'required' modifier or declaring the property as nullable. [C:\Users\lordo\Documents\GitHub\llmtornado\src\LlmTornado\LlmTornado.csproj::TargetFramework=net10.0]
C:\Users\lordo\Documents\GitHub\llmtornado\src\LlmTornado\Code\MimeTypeMap\MimeTypMap.cs(73,58): warning CS8601: Possible null reference assignment. [C:\Users\lordo\Documents\GitHub\llmtornado\src\LlmTornado\LlmTornado.csproj::TargetFramework=net10.0]
C:\Users\lordo\Documents\GitHub\llmtornado\src\LlmTornado\Code\PartialModels.cs(1029,19): warning CS8618: Non-nullable property 'Id' must contain a non-null value when exiting constructor. Consider adding the 'required' modifier or declaring the property as nullable. [C:\Users\lordo\Documents\GitHub\llmtornado\src\LlmTornado\LlmTornado.csproj::TargetFramework=net10.0]
C:\Users\lordo\Documents\GitHub\llmtornado\src\LlmTornado\Code\PartialModels.cs(1052,19): warning CS8618: Non-nullable property 'Transcript' must contain a non-null value when exiting constructor. Consider adding the 'required' modifier or declaring the property as nullable. [C:\Users\lordo\Documents\GitHub\llmtornado\src\LlmTornado\LlmTornado.csproj::TargetFramework=net10.0]
C:\Users\lordo\Documents\GitHub\llmtornado\src\LlmTornado\Code\PartialModels.cs(995,21): warning CS8618: Non-nullable property 'ToolCall' must contain a non-null value when exiting constructor. Consider adding the 'required' modifier or declaring the property as nullable. [C:\Users\lordo\Documents\GitHub\llmtornado\src\LlmTornado\LlmTornado.csproj::TargetFramework=net10.0]
C:\Users\lordo\Documents\GitHub\llmtornado\src\LlmTornado\Code\PartialModels.cs(996,26): warning CS8618: Non-nullable property 'ArgumentsBuilder' must contain a non-null value when exiting constructor. Consider adding the 'required' modifier or declaring the property as nullable. [C:\Users\lordo\Documents\GitHub\llmtornado\src\LlmTornado\LlmTornado.csproj::TargetFramework=net10.0]
C:\Users\lordo\Documents\GitHub\llmtornado\src\LlmTornado\Code\Models\ModelBase.cs(114,19): warning CS8618: Non-nullable property 'Name' must contain a non-null value when exiting constructor. Consider adding the 'required' modifier or declaring the property as nullable. [C:\Users\lordo\Documents\GitHub\llmtornado\src\LlmTornado\LlmTornado.csproj::TargetFramework=net10.0]
C:\Users\lordo\Documents\GitHub\llmtornado\src\LlmTornado\Code\Models\ModelBase.cs(173,19): warning CS8618: Non-nullable property 'Object' must contain a non-null value when exiting constructor. Consider adding the 'required' modifier or declaring the property as nullable. [C:\Users\lordo\Documents\GitHub\llmtornado\src\LlmTornado\LlmTornado.csproj::TargetFramework=net10.0]
C:\Users\lordo\Documents\GitHub\llmtornado\src\LlmTornado\Code\PartialModels.cs(296,19): warning CS8618: Non-nullable property 'Content' must contain a non-null value when exiting constructor. Consider adding the 'required' modifier or declaring the property as nullable. [C:\Users\lordo\Documents\GitHub\llmtornado\src\LlmTornado\LlmTornado.csproj::TargetFramework=net10.0]
C:\Users\lordo\Documents\GitHub\llmtornado\src\LlmTornado\Code\PartialModels.cs(301,19): warning CS8618: Non-nullable property 'Signature' must contain a non-null value when exiting constructor. Consider adding the 'required' modifier or declaring the property as nullable. [C:\Users\lordo\Documents\GitHub\llmtornado\src\LlmTornado\LlmTornado.csproj::TargetFramework=net10.0]
C:\Users\lordo\Documents\GitHub\llmtornado\src\LlmTornado\Chat\Vendors\Anthropic\VendorAnthropicChatResult.cs(331,35): warning CS8604: Possible null reference argument for parameter 'usage' in 'ChatUsage.ChatUsage(VendorAnthropicUsage usage)'. [C:\Users\lordo\Documents\GitHub\llmtornado\src\LlmTornado\LlmTornado.csproj::TargetFramework=net10.0]
C:\Users\lordo\Documents\GitHub\llmtornado\src\LlmTornado\Chat\Vendors\Cohere\VendorCohereChatResult.cs(59,19): warning CS8618: Non-nullable property 'ResponseId' must contain a non-null value when exiting constructor. Consider adding the 'required' modifier or declaring the property as nullable. [C:\Users\lordo\Documents\GitHub\llmtornado\src\LlmTornado\LlmTornado.csproj::TargetFramework=net10.0]
C:\Users\lordo\Documents\GitHub\llmtornado\src\LlmTornado\Chat\Vendors\Cohere\VendorCohereChatResult.cs(184,23): warning CS8618: Non-nullable property 'Text' must contain a non-null value when exiting constructor. Consider adding the 'required' modifier or declaring the property as nullable. [C:\Users\lordo\Documents\GitHub\llmtornado\src\LlmTornado\LlmTornado.csproj::TargetFramework=net10.0]
C:\Users\lordo\Documents\GitHub\llmtornado\src\LlmTornado\Chat\Vendors\Cohere\VendorCohereChatResult.cs(187,29): warning CS8618: Non-nullable property 'Sources' must contain a non-null value when exiting constructor. Consider adding the 'required' modifier or declaring the property as nullable. [C:\Users\lordo\Documents\GitHub\llmtornado\src\LlmTornado\LlmTornado.csproj::TargetFramework=net10.0]
C:\Users\lordo\Documents\GitHub\llmtornado\src\LlmTornado\Chat\Vendors\Cohere\VendorCohereChatResult.cs(163,23): warning CS8618: Non-nullable property 'Name' must contain a non-null value when exiting constructor. Consider adding the 'required' modifier or declaring the property as nullable. [C:\Users\lordo\Documents\GitHub\llmtornado\src\LlmTornado\LlmTornado.csproj::TargetFramework=net10.0]
C:\Users\lordo\Documents\GitHub\llmtornado\src\LlmTornado\Chat\Vendors\Cohere\VendorCohereChatResult.cs(169,23): warning CS8618: Non-nullable property 'Arguments' must contain a non-null value when exiting constructor. Consider adding the 'required' modifier or declaring the property as nullable. [C:\Users\lordo\Documents\GitHub\llmtornado\src\LlmTornado\LlmTornado.csproj::TargetFramework=net10.0]
C:\Users\lordo\Documents\GitHub\llmtornado\src\LlmTornado\Chat\Vendors\Cohere\VendorCohereChatResult.cs(139,23): warning CS8618: Non-nullable property 'Id' must contain a non-null value when exiting constructor. Consider adding the 'required' modifier or declaring the property as nullable. [C:\Users\lordo\Documents\GitHub\llmtornado\src\LlmTornado\LlmTornado.csproj::TargetFramework=net10.0]
C:\Users\lordo\Documents\GitHub\llmtornado\src\LlmTornado\Chat\Vendors\Cohere\VendorCohereChatResult.cs(151,45): warning CS8618: Non-nullable property 'Function' must contain a non-null value when exiting constructor. Consider adding the 'required' modifier or declaring the property as nullable. [C:\Users\lordo\Documents\GitHub\llmtornado\src\LlmTornado\LlmTornado.csproj::TargetFramework=net10.0]
C:\Users\lordo\Documents\GitHub\llmtornado\src\LlmTornado\Chat\Vendors\Cohere\VendorCohereChatResult.cs(118,23): warning CS8618: Non-nullable property 'Text' must contain a non-null value when exiting constructor. Consider adding the 'required' modifier or declaring the property as nullable. [C:\Users\lordo\Documents\GitHub\llmtornado\src\LlmTornado\LlmTornado.csproj::TargetFramework=net10.0]
C:\Users\lordo\Documents\GitHub\llmtornado\src\LlmTornado\Chat\Vendors\Cohere\VendorCohereChatResult.cs(121,23): warning CS8618: Non-nullable property 'Thinking' must contain a non-null value when exiting constructor. Consider adding the 'required' modifier or declaring the property as nullable. [C:\Users\lordo\Documents\GitHub\llmtornado\src\LlmTornado\LlmTornado.csproj::TargetFramework=net10.0]
C:\Users\lordo\Documents\GitHub\llmtornado\src\LlmTornado\Chat\Vendors\Cohere\VendorCohereChatResult.cs(50,39): warning CS8618: Non-nullable property 'Document' must contain a non-null value when exiting constructor. Consider adding the 'required' modifier or declaring the property as nullable. [C:\Users\lordo\Documents\GitHub\llmtornado\src\LlmTornado\LlmTornado.csproj::TargetFramework=net10.0]
C:\Users\lordo\Documents\GitHub\llmtornado\src\LlmTornado\Chat\Vendors\Cohere\VendorCohereChatResult.cs(53,19): warning CS8618: Non-nullable property 'Id' must contain a non-null value when exiting constructor. Consider adding the 'required' modifier or declaring the property as nullable. [C:\Users\lordo\Documents\GitHub\llmtornado\src\LlmTornado\LlmTornado.csproj::TargetFramework=net10.0]
C:\Users\lordo\Documents\GitHub\llmtornado\src\LlmTornado\Chat\Vendors\Cohere\VendorCohereChatResult.cs(38,19): warning CS8618: Non-nullable property 'Id' must contain a non-null value when exiting constructor. Consider adding the 'required' modifier or declaring the property as nullable. [C:\Users\lordo\Documents\GitHub\llmtornado\src\LlmTornado\LlmTornado.csproj::TargetFramework=net10.0]
C:\Users\lordo\Documents\GitHub\llmtornado\src\LlmTornado\Chat\Vendors\Cohere\VendorCohereChatResult.cs(41,39): warning CS8618: Non-nullable property 'ToolOutput' must contain a non-null value when exiting constructor. Consider adding the 'required' modifier or declaring the property as nullable. [C:\Users\lordo\Documents\GitHub\llmtornado\src\LlmTornado\LlmTornado.csproj::TargetFramework=net10.0]
C:\Users\lordo\Documents\GitHub\llmtornado\src\LlmTornado\Chat\Vendors\Anthropic\VendorAnthropicChatResult.cs(270,19): warning CS8618: Non-nullable property 'Id' must contain a non-null value when exiting constructor. Consider adding the 'required' modifier or declaring the property as nullable. [C:\Users\lordo\Documents\GitHub\llmtornado\src\LlmTornado\LlmTornado.csproj::TargetFramework=net10.0]
C:\Users\lordo\Documents\GitHub\llmtornado\src\LlmTornado\Chat\Vendors\Anthropic\VendorAnthropicChatResult.cs(273,19): warning CS8618: Non-nullable property 'Type' must contain a non-null value when exiting constructor. Consider adding the 'required' modifier or declaring the property as nullable. [C:\Users\lordo\Documents\GitHub\llmtornado\src\LlmTornado\LlmTornado.csproj::TargetFramework=net10.0]
C:\Users\lordo\Documents\GitHub\llmtornado\src\LlmTornado\Chat\Vendors\Anthropic\VendorAnthropicChatResult.cs(276,19): warning CS8618: Non-nullable property 'Role' must contain a non-null value when exiting constructor. Consider adding the 'required' modifier or declaring the property as nullable. [C:\Users\lordo\Documents\GitHub\llmtornado\src\LlmTornado\LlmTornado.csproj::TargetFramework=net10.0]
C:\Users\lordo\Documents\GitHub\llmtornado\src\LlmTornado\Chat\Vendors\Anthropic\VendorAnthropicChatResult.cs(283,19): warning CS8618: Non-nullable property 'Model' must contain a non-null value when exiting constructor. Consider adding the 'required' modifier or declaring the property as nullable. [C:\Users\lordo\Documents\GitHub\llmtornado\src\LlmTornado\LlmTornado.csproj::TargetFramework=net10.0]
C:\Users\lordo\Documents\GitHub\llmtornado\src\LlmTornado\Chat\Vendors\Anthropic\VendorAnthropicChatResult.cs(293,19): warning CS8618: Non-nullable property 'StopReason' must contain a non-null value when exiting constructor. Consider adding the 'required' modifier or declaring the property as nullable. [C:\Users\lordo\Documents\GitHub\llmtornado\src\LlmTornado\LlmTornado.csproj::TargetFramework=net10.0]
C:\Users\lordo\Documents\GitHub\llmtornado\src\LlmTornado\Chat\Vendors\Anthropic\VendorAnthropicChatResult.cs(302,33): warning CS8618: Non-nullable property 'Usage' must contain a non-null value when exiting constructor. Consider adding the 'required' modifier or declaring the property as nullable. [C:\Users\lordo\Documents\GitHub\llmtornado\src\LlmTornado\LlmTornado.csproj::TargetFramework=net10.0]
C:\Users\lordo\Documents\GitHub\llmtornado\src\LlmTornado\Chat\Vendors\Anthropic\VendorAnthropicChatResult.cs(129,23): warning CS8618: Non-nullable property 'Type' must contain a non-null value when exiting constructor. Consider adding the 'required' modifier or declaring the property as nullable. [C:\Users\lordo\Documents\GitHub\llmtornado\src\LlmTornado\LlmTornado.csproj::TargetFramework=net10.0]
C:\Users\lordo\Documents\GitHub\llmtornado\src\LlmTornado\Chat\Vendors\Anthropic\VendorAnthropicChatResult.cs(78,23): warning CS8618: Non-nullable property 'Type' must contain a non-null value when exiting constructor. Consider adding the 'required' modifier or declaring the property as nullable. [C:\Users\lordo\Documents\GitHub\llmtornado\src\LlmTornado\LlmTornado.csproj::TargetFramework=net10.0]
C:\Users\lordo\Documents\GitHub\llmtornado\src\LlmTornado\Code\PartialModels.cs(84,22): warning CS8618: Non-nullable property 'Exception' must contain a non-null value when exiting constructor. Consider adding the 'required' modifier or declaring the property as nullable. [C:\Users\lordo\Documents\GitHub\llmtornado\src\LlmTornado\LlmTornado.csproj::TargetFramework=net10.0]
C:\Users\lordo\Documents\GitHub\llmtornado\src\LlmTornado\Code\PartialModels.cs(99,32): warning CS8618: Non-nullable property 'RawMessage' must contain a non-null value when exiting constructor. Consider adding the 'required' modifier or declaring the property as nullable. [C:\Users\lordo\Documents\GitHub\llmtornado\src\LlmTornado\LlmTornado.csproj::TargetFramework=net10.0]
C:\Users\lordo\Documents\GitHub\llmtornado\src\LlmTornado\Code\PartialModels.cs(104,34): warning CS8618: Non-nullable property 'Body' must contain a non-null value when exiting constructor. Consider adding the 'required' modifier or declaring the property as nullable. [C:\Users\lordo\Documents\GitHub\llmtornado\src\LlmTornado\LlmTornado.csproj::TargetFramework=net10.0]
C:\Users\lordo\Documents\GitHub\llmtornado\src\LlmTornado\Code\MimeTypeMap\MimeTypeMapMagicBytes.cs(234,59): warning CS8600: Converting null literal or possible null value to non-nullable type. [C:\Users\lordo\Documents\GitHub\llmtornado\src\LlmTornado\LlmTornado.csproj::TargetFramework=net10.0]
C:\Users\lordo\Documents\GitHub\llmtornado\src\LlmTornado\Responses\ResponsesEndpoint.cs(403,28): warning CS8604: Possible null reference argument for parameter 'data' in 'ValueTask<MethodInvocationResult> ResponseFunctionTool.Invoke(string data)'. [C:\Users\lordo\Documents\GitHub\llmtornado\src\LlmTornado\LlmTornado.csproj::TargetFramework=net10.0]
C:\Users\lordo\Documents\GitHub\llmtornado\src\LlmTornado\Code\PartialModels.cs(63,19): warning CS8618: Non-nullable property 'Stream' must contain a non-null value when exiting constructor. Consider adding the 'required' modifier or declaring the property as nullable. [C:\Users\lordo\Documents\GitHub\llmtornado\src\LlmTornado\LlmTornado.csproj::TargetFramework=net10.0]
C:\Users\lordo\Documents\GitHub\llmtornado\src\LlmTornado\Code\PartialModels.cs(68,26): warning CS8618: Non-nullable property 'Headers' must contain a non-null value when exiting constructor. Consider adding the 'required' modifier or declaring the property as nullable. [C:\Users\lordo\Documents\GitHub\llmtornado\src\LlmTornado\LlmTornado.csproj::TargetFramework=net10.0]
C:\Users\lordo\Documents\GitHub\llmtornado\src\LlmTornado\Code\PartialModels.cs(73,32): warning CS8618: Non-nullable property 'Response' must contain a non-null value when exiting constructor. Consider adding the 'required' modifier or declaring the property as nullable. [C:\Users\lordo\Documents\GitHub\llmtornado\src\LlmTornado\LlmTornado.csproj::TargetFramework=net10.0]
C:\Users\lordo\Documents\GitHub\llmtornado\src\LlmTornado\Responses\Events\ResponseEventOutputTextDelta.cs(35,19): warning CS8618: Non-nullable property 'ItemId' must contain a non-null value when exiting constructor. Consider adding the 'required' modifier or declaring the property as nullable. [C:\Users\lordo\Documents\GitHub\llmtornado\src\LlmTornado\LlmTornado.csproj::TargetFramework=net10.0]
C:\Users\lordo\Documents\GitHub\llmtornado\src\LlmTornado\Responses\Events\ResponseEventOutputTextDelta.cs(47,19): warning CS8618: Non-nullable property 'Delta' must contain a non-null value when exiting constructor. Consider adding the 'required' modifier or declaring the property as nullable. [C:\Users\lordo\Documents\GitHub\llmtornado\src\LlmTornado\LlmTornado.csproj::TargetFramework=net10.0]
C:\Users\lordo\Documents\GitHub\llmtornado\src\LlmTornado\Chat\Vendors\Anthropic\VendorAnthropicChatRequest.cs(72,12): warning CS8618: Non-nullable property 'Msg' must contain a non-null value when exiting constructor. Consider adding the 'required' modifier or declaring the property as nullable. [C:\Users\lordo\Documents\GitHub\llmtornado\src\LlmTornado\LlmTornado.csproj::TargetFramework=net10.0]
C:\Users\lordo\Documents\GitHub\llmtornado\src\LlmTornado\Chat\Vendors\Anthropic\VendorAnthropicChatRequest.cs(72,12): warning CS8618: Non-nullable property 'Parts' must contain a non-null value when exiting constructor. Consider adding the 'required' modifier or declaring the property as nullable. [C:\Users\lordo\Documents\GitHub\llmtornado\src\LlmTornado\LlmTornado.csproj::TargetFramework=net10.0]
C:\Users\lordo\Documents\GitHub\llmtornado\src\LlmTornado\Chat\Vendors\Cohere\VendorCohereChatRequest.cs(558,23): warning CS8600: Converting null literal or possible null value to non-nullable type. [C:\Users\lordo\Documents\GitHub\llmtornado\src\LlmTornado\LlmTornado.csproj::TargetFramework=net10.0]
C:\Users\lordo\Documents\GitHub\llmtornado\src\LlmTornado\Chat\Vendors\Cohere\VendorCohereChatRequest.cs(534,23): warning CS8600: Converting null literal or possible null value to non-nullable type. [C:\Users\lordo\Documents\GitHub\llmtornado\src\LlmTornado\LlmTornado.csproj::TargetFramework=net10.0]
C:\Users\lordo\Documents\GitHub\llmtornado\src\LlmTornado\Chat\Vendors\Cohere\VendorCohereChatRequest.cs(503,23): warning CS8600: Converting null literal or possible null value to non-nullable type. [C:\Users\lordo\Documents\GitHub\llmtornado\src\LlmTornado\LlmTornado.csproj::TargetFramework=net10.0]
C:\Users\lordo\Documents\GitHub\llmtornado\src\LlmTornado\Chat\Vendors\Cohere\VendorCohereChatRequest.cs(474,19): warning CS8618: Non-nullable property 'Type' must contain a non-null value when exiting constructor. Consider adding the 'required' modifier or declaring the property as nullable. [C:\Users\lordo\Documents\GitHub\llmtornado\src\LlmTornado\LlmTornado.csproj::TargetFramework=net10.0]
C:\Users\lordo\Documents\GitHub\llmtornado\src\LlmTornado\Chat\Vendors\Cohere\VendorCohereChatRequest.cs(430,19): warning CS8618: Non-nullable property 'Name' must contain a non-null value when exiting constructor. Consider adding the 'required' modifier or declaring the property as nullable. [C:\Users\lordo\Documents\GitHub\llmtornado\src\LlmTornado\LlmTornado.csproj::TargetFramework=net10.0]
C:\Users\lordo\Documents\GitHub\llmtornado\src\LlmTornado\Chat\Vendors\Cohere\VendorCohereChatRequest.cs(432,20): warning CS8618: Non-nullable property 'Parameters' must contain a non-null value when exiting constructor. Consider adding the 'required' modifier or declaring the property as nullable. [C:\Users\lordo\Documents\GitHub\llmtornado\src\LlmTornado\LlmTornado.csproj::TargetFramework=net10.0]
C:\Users\lordo\Documents\GitHub\llmtornado\src\LlmTornado\Chat\Vendors\Cohere\VendorCohereChatRequest.cs(424,43): warning CS8618: Non-nullable property 'Function' must contain a non-null value when exiting constructor. Consider adding the 'required' modifier or declaring the property as nullable. [C:\Users\lordo\Documents\GitHub\llmtornado\src\LlmTornado\LlmTornado.csproj::TargetFramework=net10.0]
C:\Users\lordo\Documents\GitHub\llmtornado\src\LlmTornado\Chat\Vendors\Cohere\VendorCohereChatRequest.cs(414,19): warning CS8618: Non-nullable property 'Name' must contain a non-null value when exiting constructor. Consider adding the 'required' modifier or declaring the property as nullable. [C:\Users\lordo\Documents\GitHub\llmtornado\src\LlmTornado\LlmTornado.csproj::TargetFramework=net10.0]
C:\Users\lordo\Documents\GitHub\llmtornado\src\LlmTornado\Chat\Vendors\Cohere\VendorCohereChatRequest.cs(416,19): warning CS8618: Non-nullable property 'Arguments' must contain a non-null value when exiting constructor. Consider adding the 'required' modifier or declaring the property as nullable. [C:\Users\lordo\Documents\GitHub\llmtornado\src\LlmTornado\LlmTornado.csproj::TargetFramework=net10.0]
C:\Users\lordo\Documents\GitHub\llmtornado\src\LlmTornado\Chat\Vendors\Cohere\VendorCohereChatRequest.cs(404,19): warning CS8618: Non-nullable property 'Id' must contain a non-null value when exiting constructor. Consider adding the 'required' modifier or declaring the property as nullable. [C:\Users\lordo\Documents\GitHub\llmtornado\src\LlmTornado\LlmTornado.csproj::TargetFramework=net10.0]
C:\Users\lordo\Documents\GitHub\llmtornado\src\LlmTornado\Chat\Vendors\Cohere\VendorCohereChatRequest.cs(408,41): warning CS8618: Non-nullable property 'Function' must contain a non-null value when exiting constructor. Consider adding the 'required' modifier or declaring the property as nullable. [C:\Users\lordo\Documents\GitHub\llmtornado\src\LlmTornado\LlmTornado.csproj::TargetFramework=net10.0]
C:\Users\lordo\Documents\GitHub\llmtornado\src\LlmTornado\Chat\Vendors\Cohere\VendorCohereChatRequest.cs(386,19): warning CS8618: Non-nullable property 'Url' must contain a non-null value when exiting constructor. Consider adding the 'required' modifier or declaring the property as nullable. [C:\Users\lordo\Documents\GitHub\llmtornado\src\LlmTornado\LlmTornado.csproj::TargetFramework=net10.0]
C:\Users\lordo\Documents\GitHub\llmtornado\src\LlmTornado\Chat\Vendors\Cohere\VendorCohereChatRequest.cs(378,39): warning CS8618: Non-nullable property 'Data' must contain a non-null value when exiting constructor. Consider adding the 'required' modifier or declaring the property as nullable. [C:\Users\lordo\Documents\GitHub\llmtornado\src\LlmTornado\LlmTornado.csproj::TargetFramework=net10.0]
C:\Users\lordo\Documents\GitHub\llmtornado\src\LlmTornado\Chat\Vendors\Cohere\VendorCohereChatRequest.cs(380,19): warning CS8618: Non-nullable property 'Id' must contain a non-null value when exiting constructor. Consider adding the 'required' modifier or declaring the property as nullable. [C:\Users\lordo\Documents\GitHub\llmtornado\src\LlmTornado\LlmTornado.csproj::TargetFramework=net10.0]
C:\Users\lordo\Documents\GitHub\llmtornado\src\LlmTornado\Chat\Vendors\Cohere\VendorCohereChatRequest.cs(366,12): warning CS8618: Non-nullable property 'Document' must contain a non-null value when exiting constructor. Consider adding the 'required' modifier or declaring the property as nullable. [C:\Users\lordo\Documents\GitHub\llmtornado\src\LlmTornado\LlmTornado.csproj::TargetFramework=net10.0]
C:\Users\lordo\Documents\GitHub\llmtornado\src\LlmTornado\Chat\Vendors\Cohere\VendorCohereChatRequest.cs(347,12): warning CS8618: Non-nullable property 'ImageUrl' must contain a non-null value when exiting constructor. Consider adding the 'required' modifier or declaring the property as nullable. [C:\Users\lordo\Documents\GitHub\llmtornado\src\LlmTornado\LlmTornado.csproj::TargetFramework=net10.0]
C:\Users\lordo\Documents\GitHub\llmtornado\src\LlmTornado\Chat\Vendors\Cohere\VendorCohereChatRequest.cs(336,12): warning CS8618: Non-nullable property 'Text' must contain a non-null value when exiting constructor. Consider adding the 'required' modifier or declaring the property as nullable. [C:\Users\lordo\Documents\GitHub\llmtornado\src\LlmTornado\LlmTornado.csproj::TargetFramework=net10.0]
C:\Users\lordo\Documents\GitHub\llmtornado\src\LlmTornado\Chat\Vendors\Cohere\VendorCohereChatRequest.cs(331,19): warning CS8618: Non-nullable property 'Type' must contain a non-null value when exiting constructor. Consider adding the 'required' modifier or declaring the property as nullable. [C:\Users\lordo\Documents\GitHub\llmtornado\src\LlmTornado\LlmTornado.csproj::TargetFramework=net10.0]
C:\Users\lordo\Documents\GitHub\llmtornado\src\LlmTornado\Chat\Vendors\Cohere\VendorCohereChatRequest.cs(320,12): warning CS8618: Non-nullable property 'ToolCallId' must contain a non-null value when exiting constructor. Consider adding the 'required' modifier or declaring the property as nullable. [C:\Users\lordo\Documents\GitHub\llmtornado\src\LlmTornado\LlmTornado.csproj::TargetFramework=net10.0]
C:\Users\lordo\Documents\GitHub\llmtornado\src\LlmTornado\Chat\Vendors\Cohere\VendorCohereChatRequest.cs(320,12): warning CS8618: Non-nullable property 'Content' must contain a non-null value when exiting constructor. Consider adding the 'required' modifier or declaring the property as nullable. [C:\Users\lordo\Documents\GitHub\llmtornado\src\LlmTornado\LlmTornado.csproj::TargetFramework=net10.0]
C:\Users\lordo\Documents\GitHub\llmtornado\src\LlmTornado\Chat\Vendors\Cohere\VendorCohereChatRequest.cs(313,12): warning CS8618: Non-nullable property 'Content' must contain a non-null value when exiting constructor. Consider adding the 'required' modifier or declaring the property as nullable. [C:\Users\lordo\Documents\GitHub\llmtornado\src\LlmTornado\LlmTornado.csproj::TargetFramework=net10.0]
C:\Users\lordo\Documents\GitHub\llmtornado\src\LlmTornado\Chat\Vendors\Cohere\VendorCohereChatRequest.cs(286,19): warning CS8618: Non-nullable property 'Role' must contain a non-null value when exiting constructor. Consider adding the 'required' modifier or declaring the property as nullable. [C:\Users\lordo\Documents\GitHub\llmtornado\src\LlmTornado\LlmTornado.csproj::TargetFramework=net10.0]
C:\Users\lordo\Documents\GitHub\llmtornado\src\LlmTornado\Chat\Vendors\Cohere\VendorCohereChatDocument.cs(15,19): warning CS8618: Non-nullable property 'Id' must contain a non-null value when exiting constructor. Consider adding the 'required' modifier or declaring the property as nullable. [C:\Users\lordo\Documents\GitHub\llmtornado\src\LlmTornado\LlmTornado.csproj::TargetFramework=net10.0]
C:\Users\lordo\Documents\GitHub\llmtornado\src\LlmTornado\Chat\Vendors\Cohere\VendorCohereChatDocument.cs(21,19): warning CS8618: Non-nullable property 'Snippet' must contain a non-null value when exiting constructor. Consider adding the 'required' modifier or declaring the property as nullable. [C:\Users\lordo\Documents\GitHub\llmtornado\src\LlmTornado\LlmTornado.csproj::TargetFramework=net10.0]
C:\Users\lordo\Documents\GitHub\llmtornado\src\LlmTornado\Chat\Vendors\Cohere\VendorCohereChatDocument.cs(33,19): warning CS8618: Non-nullable property 'Title' must contain a non-null value when exiting constructor. Consider adding the 'required' modifier or declaring the property as nullable. [C:\Users\lordo\Documents\GitHub\llmtornado\src\LlmTornado\LlmTornado.csproj::TargetFramework=net10.0]
C:\Users\lordo\Documents\GitHub\llmtornado\src\LlmTornado\Chat\Vendors\Cohere\VendorCohereChatRequest.cs(291,12): warning CS8618: Non-nullable property 'Content' must contain a non-null value when exiting constructor. Consider adding the 'required' modifier or declaring the property as nullable. [C:\Users\lordo\Documents\GitHub\llmtornado\src\LlmTornado\LlmTornado.csproj::TargetFramework=net10.0]
C:\Users\lordo\Documents\GitHub\llmtornado\src\LlmTornado\Chat\Vendors\Anthropic\VendorAnthropicChatRequest.cs(539,23): warning CS8618: Non-nullable property 'UserId' must contain a non-null value when exiting constructor. Consider adding the 'required' modifier or declaring the property as nullable. [C:\Users\lordo\Documents\GitHub\llmtornado\src\LlmTornado\LlmTornado.csproj::TargetFramework=net10.0]
C:\Users\lordo\Documents\GitHub\llmtornado\src\LlmTornado\Chat\Vendors\Anthropic\VendorAnthropicChatRequest.cs(545,23): warning CS8618: Non-nullable property 'Type' must contain a non-null value when exiting constructor. Consider adding the 'required' modifier or declaring the property as nullable. [C:\Users\lordo\Documents\GitHub\llmtornado\src\LlmTornado\LlmTornado.csproj::TargetFramework=net10.0]
C:\Users\lordo\Documents\GitHub\llmtornado\src\LlmTornado\Chat\Vendors\Anthropic\VendorAnthropicChatRequest.cs(553,23): warning CS8618: Non-nullable property 'Type' must contain a non-null value when exiting constructor. Consider adding the 'required' modifier or declaring the property as nullable. [C:\Users\lordo\Documents\GitHub\llmtornado\src\LlmTornado\LlmTornado.csproj::TargetFramework=net10.0]
C:\Users\lordo\Documents\GitHub\llmtornado\src\LlmTornado\Chat\Vendors\Cohere\VendorCohereChatRequest.cs(190,35): warning CS8604: Possible null reference argument for parameter 'content' in 'VendorCohereAssistantMessageContent.implicit operator VendorCohereAssistantMessageContent(string content)'. [C:\Users\lordo\Documents\GitHub\llmtornado\src\LlmTornado\LlmTornado.csproj::TargetFramework=net10.0]
C:\Users\lordo\Documents\GitHub\llmtornado\src\LlmTornado\Chat\Vendors\Cohere\VendorCohereChatRequest.cs(197,34): warning CS8601: Possible null reference assignment. [C:\Users\lordo\Documents\GitHub\llmtornado\src\LlmTornado\LlmTornado.csproj::TargetFramework=net10.0]
C:\Users\lordo\Documents\GitHub\llmtornado\src\LlmTornado\Chat\Vendors\Cohere\VendorCohereChatRequest.cs(202,45): warning CS8601: Possible null reference assignment. [C:\Users\lordo\Documents\GitHub\llmtornado\src\LlmTornado\LlmTornado.csproj::TargetFramework=net10.0]
C:\Users\lordo\Documents\GitHub\llmtornado\src\LlmTornado\Chat\Vendors\Cohere\VendorCohereChatRequest.cs(236,38): warning CS8601: Possible null reference assignment. [C:\Users\lordo\Documents\GitHub\llmtornado\src\LlmTornado\LlmTornado.csproj::TargetFramework=net10.0]
C:\Users\lordo\Documents\GitHub\llmtornado\src\LlmTornado\Chat\Vendors\Cohere\VendorCohereChatRequest.cs(242,28): warning CS8603: Possible null reference return. [C:\Users\lordo\Documents\GitHub\llmtornado\src\LlmTornado\LlmTornado.csproj::TargetFramework=net10.0]
C:\Users\lordo\Documents\GitHub\llmtornado\src\LlmTornado\Chat\Vendors\Anthropic\VendorAnthropicChatRequest.cs(564,23): warning CS8618: Non-nullable property 'Type' must contain a non-null value when exiting constructor. Consider adding the 'required' modifier or declaring the property as nullable. [C:\Users\lordo\Documents\GitHub\llmtornado\src\LlmTornado\LlmTornado.csproj::TargetFramework=net10.0]
C:\Users\lordo\Documents\GitHub\llmtornado\src\LlmTornado\Responses\ResponseDeleted.cs(14,19): warning CS8618: Non-nullable property 'Id' must contain a non-null value when exiting constructor. Consider adding the 'required' modifier or declaring the property as nullable. [C:\Users\lordo\Documents\GitHub\llmtornado\src\LlmTornado\LlmTornado.csproj::TargetFramework=net10.0]
C:\Users\lordo\Documents\GitHub\llmtornado\src\LlmTornado\Chat\Models\ChatModel.cs(491,45): warning CS8618: Non-nullable property 'ModelsByName' must contain a non-null value when exiting constructor. Consider adding the 'required' modifier or declaring the property as nullable. [C:\Users\lordo\Documents\GitHub\llmtornado\src\LlmTornado\LlmTornado.csproj::TargetFramework=net10.0]
C:\Users\lordo\Documents\GitHub\llmtornado\src\LlmTornado\Responses\ResponseHelpers.cs(113,29): warning CS8604: Possible null reference argument for parameter 'output' in 'FunctionToolCallOutput.FunctionToolCallOutput(string callId, string output)'. [C:\Users\lordo\Documents\GitHub\llmtornado\src\LlmTornado\LlmTornado.csproj::TargetFramework=net10.0]
C:\Users\lordo\Documents\GitHub\llmtornado\src\LlmTornado\Chat\Models\Google\ChatModelGoogle.cs(82,9): warning CS0618: 'ChatModelGoogleGeminiPreview.ModelGemini31FlashLitePreview' is obsolete: 'Shut down May 25, 2026. Use ModelGemini31FlashLite instead.' [C:\Users\lordo\Documents\GitHub\llmtornado\src\LlmTornado\LlmTornado.csproj::TargetFramework=net10.0]
C:\Users\lordo\Documents\GitHub\llmtornado\src\LlmTornado\Chat\Models\Google\ChatModelGoogle.cs(83,9): warning CS0618: 'ChatModelGoogleGeminiPreview.ModelGemini3ProPreview' is obsolete: 'Shut down March 9, 2026. Use ModelGemini31ProPreview instead.' [C:\Users\lordo\Documents\GitHub\llmtornado\src\LlmTornado\LlmTornado.csproj::TargetFramework=net10.0]
C:\Users\lordo\Documents\GitHub\llmtornado\src\LlmTornado\Chat\Models\Google\ChatModelGoogle.cs(102,9): warning CS0618: 'ChatModelGoogleGeminiPreview.ModelGemini31FlashLitePreview' is obsolete: 'Shut down May 25, 2026. Use ModelGemini31FlashLite instead.' [C:\Users\lordo\Documents\GitHub\llmtornado\src\LlmTornado\LlmTornado.csproj::TargetFramework=net10.0]
C:\Users\lordo\Documents\GitHub\llmtornado\src\LlmTornado\Chat\Models\Google\ChatModelGoogle.cs(103,9): warning CS0618: 'ChatModelGoogleGeminiPreview.ModelGemini3ProPreview' is obsolete: 'Shut down March 9, 2026. Use ModelGemini31ProPreview instead.' [C:\Users\lordo\Documents\GitHub\llmtornado\src\LlmTornado\LlmTornado.csproj::TargetFramework=net10.0]
C:\Users\lordo\Documents\GitHub\llmtornado\src\LlmTornado\Chat\Models\Google\ChatModelGoogle.cs(105,9): warning CS0618: 'ChatModelGoogleGeminiPreview.ModelGemini3ProImagePreview' is obsolete: 'Shut down June 25, 2026. Use ModelGemini3ProImage instead.' [C:\Users\lordo\Documents\GitHub\llmtornado\src\LlmTornado\LlmTornado.csproj::TargetFramework=net10.0]
C:\Users\lordo\Documents\GitHub\llmtornado\src\LlmTornado\Chat\Models\Google\ChatModelGoogle.cs(110,9): warning CS0618: 'ChatModelGoogleGeminiPreview.ModelGemini31FlashImagePreview' is obsolete: 'Shut down June 25, 2026. Use ModelGemini31FlashImage instead.' [C:\Users\lordo\Documents\GitHub\llmtornado\src\LlmTornado\LlmTornado.csproj::TargetFramework=net10.0]
C:\Users\lordo\Documents\GitHub\llmtornado\src\LlmTornado\Chat\Models\Google\ChatModelGoogle.cs(117,9): warning CS0618: 'ChatModelGoogleGeminiPreview.ModelGemini3ProPreview' is obsolete: 'Shut down March 9, 2026. Use ModelGemini31ProPreview instead.' [C:\Users\lordo\Documents\GitHub\llmtornado\src\LlmTornado\LlmTornado.csproj::TargetFramework=net10.0]
C:\Users\lordo\Documents\GitHub\llmtornado\src\LlmTornado\Chat\Models\Google\ChatModelGoogle.cs(119,9): warning CS0618: 'ChatModelGoogleGeminiPreview.ModelGemini3ProImagePreview' is obsolete: 'Shut down June 25, 2026. Use ModelGemini3ProImage instead.' [C:\Users\lordo\Documents\GitHub\llmtornado\src\LlmTornado\LlmTornado.csproj::TargetFramework=net10.0]
C:\Users\lordo\Documents\GitHub\llmtornado\src\LlmTornado\Chat\Models\Google\ChatModelGoogle.cs(140,9): warning CS0618: 'ChatModelGoogleGeminiPreview.ModelGemini31FlashLitePreview' is obsolete: 'Shut down May 25, 2026. Use ModelGemini31FlashLite instead.' [C:\Users\lordo\Documents\GitHub\llmtornado\src\LlmTornado\LlmTornado.csproj::TargetFramework=net10.0]
C:\Users\lordo\Documents\GitHub\llmtornado\src\LlmTornado\Chat\Models\Google\ChatModelGoogle.cs(142,9): warning CS0618: 'ChatModelGoogleGeminiPreview.ModelGemini31FlashImagePreview' is obsolete: 'Shut down June 25, 2026. Use ModelGemini31FlashImage instead.' [C:\Users\lordo\Documents\GitHub\llmtornado\src\LlmTornado\LlmTornado.csproj::TargetFramework=net10.0]
C:\Users\lordo\Documents\GitHub\llmtornado\src\LlmTornado\Chat\Models\Google\ChatModelGoogle.cs(157,9): warning CS0618: 'ChatModelGoogleGeminiPreview.ModelGemini31FlashLitePreview' is obsolete: 'Shut down May 25, 2026. Use ModelGemini31FlashLite instead.' [C:\Users\lordo\Documents\GitHub\llmtornado\src\LlmTornado\LlmTornado.csproj::TargetFramework=net10.0]
C:\Users\lordo\Documents\GitHub\llmtornado\src\LlmTornado\Chat\Models\Google\ChatModelGoogle.cs(168,9): warning CS0618: 'ChatModelGoogleGeminiPreview.ModelGemini31FlashLitePreview' is obsolete: 'Shut down May 25, 2026. Use ModelGemini31FlashLite instead.' [C:\Users\lordo\Documents\GitHub\llmtornado\src\LlmTornado\LlmTornado.csproj::TargetFramework=net10.0]
C:\Users\lordo\Documents\GitHub\llmtornado\src\LlmTornado\Chat\Models\Google\ChatModelGoogle.cs(173,9): warning CS0618: 'ChatModelGoogleGemini.ModelGemini2Flash001' is obsolete: 'Shut down June 1, 2026. Use ModelGemini25Flash or ModelGemini35Flash instead.' [C:\Users\lordo\Documents\GitHub\llmtornado\src\LlmTornado\LlmTornado.csproj::TargetFramework=net10.0]
C:\Users\lordo\Documents\GitHub\llmtornado\src\LlmTornado\Chat\Models\Google\ChatModelGoogle.cs(174,9): warning CS0618: 'ChatModelGoogleGemini.ModelGemini2FlashLatest' is obsolete: 'Shut down June 1, 2026. Use ModelGemini25Flash or ModelGemini35Flash instead.' [C:\Users\lordo\Documents\GitHub\llmtornado\src\LlmTornado\LlmTornado.csproj::TargetFramework=net10.0]
C:\Users\lordo\Documents\GitHub\llmtornado\src\LlmTornado\Chat\Models\Google\ChatModelGoogle.cs(183,9): warning CS0618: 'ChatModelGoogleGemini.ModelGemini15Pro' is obsolete: 'Use ModelGemini25Pro instead.' [C:\Users\lordo\Documents\GitHub\llmtornado\src\LlmTornado\LlmTornado.csproj::TargetFramework=net10.0]
C:\Users\lordo\Documents\GitHub\llmtornado\src\LlmTornado\Chat\Models\Google\ChatModelGoogle.cs(184,9): warning CS0618: 'ChatModelGoogleGemini.ModelGemini15Flash8B' is obsolete: 'Use ModelGeminiFlashLatest instead.' [C:\Users\lordo\Documents\GitHub\llmtornado\src\LlmTornado\LlmTornado.csproj::TargetFramework=net10.0]
C:\Users\lordo\Documents\GitHub\llmtornado\src\LlmTornado\Chat\Models\Google\ChatModelGoogle.cs(206,586): warning CS0618: 'ChatModelGoogleGeminiPreview.ModelGemini31FlashLitePreview' is obsolete: 'Shut down May 25, 2026. Use ModelGemini31FlashLite instead.' [C:\Users\lordo\Documents\GitHub\llmtornado\src\LlmTornado\LlmTornado.csproj::TargetFramework=net10.0]
C:\Users\lordo\Documents\GitHub\llmtornado\src\LlmTornado\Chat\Models\Google\ChatModelGoogle.cs(217,9): warning CS0618: 'ChatModelGoogleGeminiPreview.ModelGemini25FlashImagePreview' is obsolete: 'Shut down January 15, 2026. Use ModelGemini3ProImage or ModelGemini31FlashImage instead.' [C:\Users\lordo\Documents\GitHub\llmtornado\src\LlmTornado\LlmTornado.csproj::TargetFramework=net10.0]
C:\Users\lordo\Documents\GitHub\llmtornado\src\LlmTornado\Chat\Models\Google\ChatModelGoogle.cs(219,9): warning CS0618: 'ChatModelGoogleGeminiPreview.ModelGemini3ProImagePreview' is obsolete: 'Shut down June 25, 2026. Use ModelGemini3ProImage instead.' [C:\Users\lordo\Documents\GitHub\llmtornado\src\LlmTornado\LlmTornado.csproj::TargetFramework=net10.0]
C:\Users\lordo\Documents\GitHub\llmtornado\src\LlmTornado\Chat\Models\Google\ChatModelGoogle.cs(221,9): warning CS0618: 'ChatModelGoogleGeminiPreview.ModelGemini31FlashImagePreview' is obsolete: 'Shut down June 25, 2026. Use ModelGemini31FlashImage instead.' [C:\Users\lordo\Documents\GitHub\llmtornado\src\LlmTornado\LlmTornado.csproj::TargetFramework=net10.0]
C:\Users\lordo\Documents\GitHub\llmtornado\src\LlmTornado\Chat\Models\Google\ChatModelGoogleGemini.cs(329,9): warning CS0618: 'ChatModelGoogleGemini.ModelGemini15ProLatest' is obsolete: 'Use ModelGemini25Pro instead.' [C:\Users\lordo\Documents\GitHub\llmtornado\src\LlmTornado\LlmTornado.csproj::TargetFramework=net10.0]
C:\Users\lordo\Documents\GitHub\llmtornado\src\LlmTornado\Chat\Models\Google\ChatModelGoogleGemini.cs(330,9): warning CS0618: 'ChatModelGoogleGemini.ModelGemini15Pro' is obsolete: 'Use ModelGemini25Pro instead.' [C:\Users\lordo\Documents\GitHub\llmtornado\src\LlmTornado\LlmTornado.csproj::TargetFramework=net10.0]
C:\Users\lordo\Documents\GitHub\llmtornado\src\LlmTornado\Chat\Models\Google\ChatModelGoogleGemini.cs(330,27): warning CS0618: 'ChatModelGoogleGemini.ModelGemini15Pro001' is obsolete: 'Use ModelGemini25Pro instead.' [C:\Users\lordo\Documents\GitHub\llmtornado\src\LlmTornado\LlmTornado.csproj::TargetFramework=net10.0]
C:\Users\lordo\Documents\GitHub\llmtornado\src\LlmTornado\Chat\Models\Google\ChatModelGoogleGemini.cs(330,48): warning CS0618: 'ChatModelGoogleGemini.ModelGemini15Pro002' is obsolete: 'Use ModelGemini25Pro instead.' [C:\Users\lordo\Documents\GitHub\llmtornado\src\LlmTornado\LlmTornado.csproj::TargetFramework=net10.0]
C:\Users\lordo\Documents\GitHub\llmtornado\src\LlmTornado\Chat\Models\Google\ChatModelGoogleGemini.cs(330,69): warning CS0618: 'ChatModelGoogleGemini.ModelGemini15Flash8B' is obsolete: 'Use ModelGeminiFlashLatest instead.' [C:\Users\lordo\Documents\GitHub\llmtornado\src\LlmTornado\LlmTornado.csproj::TargetFramework=net10.0]
C:\Users\lordo\Documents\GitHub\llmtornado\src\LlmTornado\Chat\Models\Google\ChatModelGoogleGemini.cs(330,91): warning CS0618: 'ChatModelGoogleGemini.ModelGemini15Flash8BLatest' is obsolete: 'Use ModelGeminiFlashLatest instead.' [C:\Users\lordo\Documents\GitHub\llmtornado\src\LlmTornado\LlmTornado.csproj::TargetFramework=net10.0]
C:\Users\lordo\Documents\GitHub\llmtornado\src\LlmTornado\Chat\Models\Google\ChatModelGoogleGemini.cs(330,119): warning CS0618: 'ChatModelGoogleGemini.ModelGemini2Flash001' is obsolete: 'Shut down June 1, 2026. Use ModelGemini25Flash or ModelGemini35Flash instead.' [C:\Users\lordo\Documents\GitHub\llmtornado\src\LlmTornado\LlmTornado.csproj::TargetFramework=net10.0]
C:\Users\lordo\Documents\GitHub\llmtornado\src\LlmTornado\Chat\Models\Google\ChatModelGoogleGemini.cs(331,9): warning CS0618: 'ChatModelGoogleGemini.ModelGemini2FlashLatest' is obsolete: 'Shut down June 1, 2026. Use ModelGemini25Flash or ModelGemini35Flash instead.' [C:\Users\lordo\Documents\GitHub\llmtornado\src\LlmTornado\LlmTornado.csproj::TargetFramework=net10.0]
C:\Users\lordo\Documents\GitHub\llmtornado\src\LlmTornado\Chat\Models\Google\ChatModelGoogleGemini.cs(331,34): warning CS0618: 'ChatModelGoogleGemini.ModelGemini2FlashLite001' is obsolete: 'Shut down June 1, 2026. Use ModelGemini25FlashLite or ModelGemini31FlashLite instead.' [C:\Users\lordo\Documents\GitHub\llmtornado\src\LlmTornado\LlmTornado.csproj::TargetFramework=net10.0]
C:\Users\lordo\Documents\GitHub\llmtornado\src\LlmTornado\Chat\Models\Google\ChatModelGoogleGemini.cs(331,60): warning CS0618: 'ChatModelGoogleGemini.ModelGemini2FlashLiteLatest' is obsolete: 'Shut down June 1, 2026. Use ModelGemini25FlashLite or ModelGemini31FlashLite instead.' [C:\Users\lordo\Documents\GitHub\llmtornado\src\LlmTornado\LlmTornado.csproj::TargetFramework=net10.0]
C:\Users\lordo\Documents\GitHub\llmtornado\src\LlmTornado\Chat\Models\Google\ChatModelGoogleGeminiPreview.cs(342,35): warning CS0618: 'ChatModelGoogleGeminiPreview.ModelGemini3ProPreview' is obsolete: 'Shut down March 9, 2026. Use ModelGemini31ProPreview instead.' [C:\Users\lordo\Documents\GitHub\llmtornado\src\LlmTornado\LlmTornado.csproj::TargetFramework=net10.0]
C:\Users\lordo\Documents\GitHub\llmtornado\src\LlmTornado\Chat\Models\Google\ChatModelGoogleGeminiPreview.cs(342,59): warning CS0618: 'ChatModelGoogleGeminiPreview.ModelGemini3ProImagePreview' is obsolete: 'Shut down June 25, 2026. Use ModelGemini3ProImage instead.' [C:\Users\lordo\Documents\GitHub\llmtornado\src\LlmTornado\LlmTornado.csproj::TargetFramework=net10.0]
C:\Users\lordo\Documents\GitHub\llmtornado\src\LlmTornado\Chat\Models\Google\ChatModelGoogleGeminiPreview.cs(342,88): warning CS0618: 'ChatModelGoogleGeminiPreview.ModelGemini31FlashImagePreview' is obsolete: 'Shut down June 25, 2026. Use ModelGemini31FlashImage instead.' [C:\Users\lordo\Documents\GitHub\llmtornado\src\LlmTornado\LlmTornado.csproj::TargetFramework=net10.0]
C:\Users\lordo\Documents\GitHub\llmtornado\src\LlmTornado\Chat\Models\Google\ChatModelGoogleGeminiPreview.cs(343,9): warning CS0618: 'ChatModelGoogleGeminiPreview.ModelGemini31FlashLitePreview' is obsolete: 'Shut down May 25, 2026. Use ModelGemini31FlashLite instead.' [C:\Users\lordo\Documents\GitHub\llmtornado\src\LlmTornado\LlmTornado.csproj::TargetFramework=net10.0]
C:\Users\lordo\Documents\GitHub\llmtornado\src\LlmTornado\Chat\Models\Google\ChatModelGoogleGeminiPreview.cs(347,44): warning CS0618: 'ChatModelGoogleGeminiPreview.ModelGemini25FlashImagePreview' is obsolete: 'Shut down January 15, 2026. Use ModelGemini3ProImage or ModelGemini31FlashImage instead.' [C:\Users\lordo\Documents\GitHub\llmtornado\src\LlmTornado\LlmTornado.csproj::TargetFramework=net10.0]
C:\Users\lordo\Documents\GitHub\llmtornado\src\LlmTornado\Chat\Models\Google\ChatModelGoogleGeminiPreview.cs(347,107): warning CS0618: 'ChatModelGoogleGeminiPreview.ModelGemini25FlashLitePreview0925' is obsolete: 'Shut down March 31, 2026. Use ModelGemini31FlashLite instead.' [C:\Users\lordo\Documents\GitHub\llmtornado\src\LlmTornado\LlmTornado.csproj::TargetFramework=net10.0]
C:\Users\lordo\Documents\GitHub\llmtornado\src\LlmTornado\Chat\Models\Google\ChatModelGoogleGeminiPreview.cs(348,41): warning CS0618: 'ChatModelGoogleGeminiPreview.ModelGeminiRoboticsRe15Preview' is obsolete: 'Shut down April 30, 2026. Use GeminiRoboticsRe16Preview instead.' [C:\Users\lordo\Documents\GitHub\llmtornado\src\LlmTornado\LlmTornado.csproj::TargetFramework=net10.0]
C:\Users\lordo\Documents\GitHub\llmtornado\src\LlmTornado\Chat\Models\OpenAi\ChatModelOpenAiGpt4.cs(255,47): warning CS0618: 'ChatModelOpenAiGpt4.ModelVisionPreview' is obsolete: 'Disabled by OpenAI' [C:\Users\lordo\Documents\GitHub\llmtornado\src\LlmTornado\LlmTornado.csproj::TargetFramework=net10.0]
C:\Users\lordo\Documents\GitHub\llmtornado\src\LlmTornado\Responses\ResponseHelpers.cs(383,36): warning CS8601: Possible null reference assignment. [C:\Users\lordo\Documents\GitHub\llmtornado\src\LlmTornado\LlmTornado.csproj::TargetFramework=net10.0]
C:\Users\lordo\Documents\GitHub\llmtornado\src\LlmTornado\Responses\ResponseHelpers.cs(416,68): warning CS8604: Possible null reference argument for parameter 'name' in 'BuiltInToolCall.BuiltInToolCall(bool responseExpected, string name, IBuiltInToolCallData data, ToolCall toolCall, string? args = null)'. [C:\Users\lordo\Documents\GitHub\llmtornado\src\LlmTornado\LlmTornado.csproj::TargetFramework=net10.0]
C:\Users\lordo\Documents\GitHub\llmtornado\src\LlmTornado\Responses\ResponseHelpers.cs(434,68): warning CS8604: Possible null reference argument for parameter 'name' in 'BuiltInToolCall.BuiltInToolCall(bool responseExpected, string name, IBuiltInToolCallData data, ToolCall toolCall, string? args = null)'. [C:\Users\lordo\Documents\GitHub\llmtornado\src\LlmTornado\LlmTornado.csproj::TargetFramework=net10.0]
C:\Users\lordo\Documents\GitHub\llmtornado\src\LlmTornado\Responses\ResponseHelpers.cs(452,69): warning CS8604: Possible null reference argument for parameter 'name' in 'BuiltInToolCall.BuiltInToolCall(bool responseExpected, string name, IBuiltInToolCallData data, ToolCall toolCall, string? args = null)'. [C:\Users\lordo\Documents\GitHub\llmtornado\src\LlmTornado\LlmTornado.csproj::TargetFramework=net10.0]
C:\Users\lordo\Documents\GitHub\llmtornado\src\LlmTornado\Responses\ResponseHelpers.cs(470,69): warning CS8604: Possible null reference argument for parameter 'name' in 'BuiltInToolCall.BuiltInToolCall(bool responseExpected, string name, IBuiltInToolCallData data, ToolCall toolCall, string? args = null)'. [C:\Users\lordo\Documents\GitHub\llmtornado\src\LlmTornado\LlmTornado.csproj::TargetFramework=net10.0]
C:\Users\lordo\Documents\GitHub\llmtornado\src\LlmTornado\Responses\ResponseHelpers.cs(561,106): warning CS8604: Possible null reference argument for parameter 'parameters' in 'ToolFunction.ToolFunction(string name, string description, JObject parameters)'. [C:\Users\lordo\Documents\GitHub\llmtornado\src\LlmTornado\LlmTornado.csproj::TargetFramework=net10.0]
C:\Program Files\dotnet\sdk\10.0.300\Microsoft.Common.CurrentVersion.targets(2453,5): warning MSB3245: Could not resolve this reference. Could not locate the assembly "System.Net.Http". Check to make sure the assembly exists on disk. If this reference is required by your code, you may get compilation errors. [C:\Users\lordo\Documents\GitHub\llmtornado\src\LlmTornado\LlmTornado.csproj::TargetFramework=netstandard2.0]
C:\Program Files\dotnet\sdk\10.0.300\Microsoft.Common.CurrentVersion.targets(2453,5): warning MSB3243: No way to resolve conflict between "System.Net.Http, Version=4.1.2.0, Culture=neutral, PublicKeyToken=b03f5f7f11d50a3a" and "System.Net.Http". Choosing "System.Net.Http, Version=4.1.2.0, Culture=neutral, PublicKeyToken=b03f5f7f11d50a3a" arbitrarily. [C:\Users\lordo\Documents\GitHub\llmtornado\src\LlmTornado\LlmTornado.csproj::TargetFramework=netstandard2.0]
C:\Users\lordo\Documents\GitHub\llmtornado\src\LlmTornado\Audio\Models\OpenAi\AudioModelOpenAi.cs(70,49): warning CS1570: XML comment has badly formed XML -- 'Whitespace is not allowed at this location.' [C:\Users\lordo\Documents\GitHub\llmtornado\src\LlmTornado\LlmTornado.csproj::TargetFramework=netstandard2.0]
C:\Users\lordo\Documents\GitHub\llmtornado\src\LlmTornado\Chat\Models\Cohere\ChatModelCohereCommand.cs(34,193): warning CS1570: XML comment has badly formed XML -- 'Reference to undefined entity 'A'.' [C:\Users\lordo\Documents\GitHub\llmtornado\src\LlmTornado\LlmTornado.csproj::TargetFramework=netstandard2.0]
C:\Users\lordo\Documents\GitHub\llmtornado\src\LlmTornado\Chat\Models\Mistral\ChatModelMistralFree.cs(64,76): warning CS1570: XML comment has badly formed XML -- 'Whitespace is not allowed at this location.' [C:\Users\lordo\Documents\GitHub\llmtornado\src\LlmTornado\LlmTornado.csproj::TargetFramework=netstandard2.0]
C:\Users\lordo\Documents\GitHub\llmtornado\src\LlmTornado\Chat\Models\Mistral\ChatModelMistralFree.cs(74,77): warning CS1570: XML comment has badly formed XML -- 'Whitespace is not allowed at this location.' [C:\Users\lordo\Documents\GitHub\llmtornado\src\LlmTornado\LlmTornado.csproj::TargetFramework=netstandard2.0]
C:\Users\lordo\Documents\GitHub\llmtornado\src\LlmTornado\Chat\Models\Mistral\ChatModelMistralFree.cs(84,76): warning CS1570: XML comment has badly formed XML -- 'Whitespace is not allowed at this location.' [C:\Users\lordo\Documents\GitHub\llmtornado\src\LlmTornado\LlmTornado.csproj::TargetFramework=netstandard2.0]
C:\Users\lordo\Documents\GitHub\llmtornado\src\LlmTornado\Chat\Models\Google\ChatModelGoogleGemini.cs(174,1): warning CS1570: XML comment has badly formed XML -- 'Expected an end tag for element 'summary'.' [C:\Users\lordo\Documents\GitHub\llmtornado\src\LlmTornado\LlmTornado.csproj::TargetFramework=netstandard2.0]
C:\Users\lordo\Documents\GitHub\llmtornado\src\LlmTornado\Audio\Models\OpenAi\AudioModelOpenAi.cs(70,49): warning CS1570: XML comment has badly formed XML -- 'Whitespace is not allowed at this location.' [C:\Users\lordo\Documents\GitHub\llmtornado\src\LlmTornado\LlmTornado.csproj::TargetFramework=net8.0]
C:\Users\lordo\Documents\GitHub\llmtornado\src\LlmTornado\Chat\Models\OpenAi\ChatModelOpenAi.cs(23,30): warning CS1570: XML comment has badly formed XML -- 'Whitespace is not allowed at this location.' [C:\Users\lordo\Documents\GitHub\llmtornado\src\LlmTornado\LlmTornado.csproj::TargetFramework=netstandard2.0]
C:\Users\lordo\Documents\GitHub\llmtornado\src\LlmTornado\Chat\Models\Cohere\ChatModelCohereCommand.cs(34,193): warning CS1570: XML comment has badly formed XML -- 'Reference to undefined entity 'A'.' [C:\Users\lordo\Documents\GitHub\llmtornado\src\LlmTornado\LlmTornado.csproj::TargetFramework=net8.0]
C:\Users\lordo\Documents\GitHub\llmtornado\src\LlmTornado\Chat\Models\XAi\ChatModelXAi.cs(37,16): warning CS1570: XML comment has badly formed XML -- 'Whitespace is not allowed at this location.' [C:\Users\lordo\Documents\GitHub\llmtornado\src\LlmTornado\LlmTornado.csproj::TargetFramework=netstandard2.0]
C:\Users\lordo\Documents\GitHub\llmtornado\src\LlmTornado\Chat\Models\Google\ChatModelGoogleGemini.cs(174,1): warning CS1570: XML comment has badly formed XML -- 'Expected an end tag for element 'summary'.' [C:\Users\lordo\Documents\GitHub\llmtornado\src\LlmTornado\LlmTornado.csproj::TargetFramework=net8.0]
C:\Users\lordo\Documents\GitHub\llmtornado\src\LlmTornado\Chat\Models\XAi\ChatModelXAiGrok.cs(9,10): warning CS1570: XML comment has badly formed XML -- 'Whitespace is not allowed at this location.' [C:\Users\lordo\Documents\GitHub\llmtornado\src\LlmTornado\LlmTornado.csproj::TargetFramework=netstandard2.0]
C:\Users\lordo\Documents\GitHub\llmtornado\src\LlmTornado\Chat\Models\Mistral\ChatModelMistralFree.cs(64,76): warning CS1570: XML comment has badly formed XML -- 'Whitespace is not allowed at this location.' [C:\Users\lordo\Documents\GitHub\llmtornado\src\LlmTornado\LlmTornado.csproj::TargetFramework=net8.0]
C:\Users\lordo\Documents\GitHub\llmtornado\src\LlmTornado\Chat\Models\XAi\ChatModelXAiGrok.cs(54,20): warning CS1570: XML comment has badly formed XML -- 'Whitespace is not allowed at this location.' [C:\Users\lordo\Documents\GitHub\llmtornado\src\LlmTornado\LlmTornado.csproj::TargetFramework=netstandard2.0]
C:\Users\lordo\Documents\GitHub\llmtornado\src\LlmTornado\Chat\Models\Mistral\ChatModelMistralFree.cs(74,77): warning CS1570: XML comment has badly formed XML -- 'Whitespace is not allowed at this location.' [C:\Users\lordo\Documents\GitHub\llmtornado\src\LlmTornado\LlmTornado.csproj::TargetFramework=net8.0]
C:\Users\lordo\Documents\GitHub\llmtornado\src\LlmTornado\Chat\Vendors\Google\VendorGoogleChatResult.cs(597,73): warning CS1570: XML comment has badly formed XML -- 'Missing equals sign between attribute and attribute value.' [C:\Users\lordo\Documents\GitHub\llmtornado\src\LlmTornado\LlmTornado.csproj::TargetFramework=netstandard2.0]
C:\Users\lordo\Documents\GitHub\llmtornado\src\LlmTornado\Chat\Models\Mistral\ChatModelMistralFree.cs(84,76): warning CS1570: XML comment has badly formed XML -- 'Whitespace is not allowed at this location.' [C:\Users\lordo\Documents\GitHub\llmtornado\src\LlmTornado\LlmTornado.csproj::TargetFramework=net8.0]
C:\Users\lordo\Documents\GitHub\llmtornado\src\LlmTornado\Chat\Vendors\Google\VendorGoogleChatResult.cs(597,73): warning CS1570: XML comment has badly formed XML -- 'The character(s) ',' cannot be used at this location.' [C:\Users\lordo\Documents\GitHub\llmtornado\src\LlmTornado\LlmTornado.csproj::TargetFramework=netstandard2.0]
C:\Users\lordo\Documents\GitHub\llmtornado\src\LlmTornado\Chat\Models\OpenAi\ChatModelOpenAi.cs(23,30): warning CS1570: XML comment has badly formed XML -- 'Whitespace is not allowed at this location.' [C:\Users\lordo\Documents\GitHub\llmtornado\src\LlmTornado\LlmTornado.csproj::TargetFramework=net8.0]
C:\Users\lordo\Documents\GitHub\llmtornado\src\LlmTornado\Chat\Vendors\Google\VendorGoogleChatResult.cs(599,11): warning CS1570: XML comment has badly formed XML -- 'End tag 'summary' does not match the start tag 'search'.' [C:\Users\lordo\Documents\GitHub\llmtornado\src\LlmTornado\LlmTornado.csproj::TargetFramework=netstandard2.0]
C:\Users\lordo\Documents\GitHub\llmtornado\src\LlmTornado\Chat\Models\XAi\ChatModelXAi.cs(37,16): warning CS1570: XML comment has badly formed XML -- 'Whitespace is not allowed at this location.' [C:\Users\lordo\Documents\GitHub\llmtornado\src\LlmTornado\LlmTornado.csproj::TargetFramework=net8.0]
C:\Users\lordo\Documents\GitHub\llmtornado\src\LlmTornado\Chat\Vendors\Google\VendorGoogleChatResult.cs(600,1): warning CS1570: XML comment has badly formed XML -- 'Expected an end tag for element 'summary'.' [C:\Users\lordo\Documents\GitHub\llmtornado\src\LlmTornado\LlmTornado.csproj::TargetFramework=netstandard2.0]
C:\Users\lordo\Documents\GitHub\llmtornado\src\LlmTornado\Chat\Models\XAi\ChatModelXAiGrok.cs(9,10): warning CS1570: XML comment has badly formed XML -- 'Whitespace is not allowed at this location.' [C:\Users\lordo\Documents\GitHub\llmtornado\src\LlmTornado\LlmTornado.csproj::TargetFramework=net8.0]
C:\Users\lordo\Documents\GitHub\llmtornado\src\LlmTornado\Code\PartialModels.cs(2163,53): warning CS1570: XML comment has badly formed XML -- 'Whitespace is not allowed at this location.' [C:\Users\lordo\Documents\GitHub\llmtornado\src\LlmTornado\LlmTornado.csproj::TargetFramework=netstandard2.0]
C:\Users\lordo\Documents\GitHub\llmtornado\src\LlmTornado\Chat\Models\XAi\ChatModelXAiGrok.cs(54,20): warning CS1570: XML comment has badly formed XML -- 'Whitespace is not allowed at this location.' [C:\Users\lordo\Documents\GitHub\llmtornado\src\LlmTornado\LlmTornado.csproj::TargetFramework=net8.0]
C:\Users\lordo\Documents\GitHub\llmtornado\src\LlmTornado\Code\Model.cs(114,64): warning CS1570: XML comment has badly formed XML -- 'Whitespace is not allowed at this location.' [C:\Users\lordo\Documents\GitHub\llmtornado\src\LlmTornado\LlmTornado.csproj::TargetFramework=netstandard2.0]
C:\Users\lordo\Documents\GitHub\llmtornado\src\LlmTornado\Chat\Vendors\Google\VendorGoogleChatResult.cs(597,73): warning CS1570: XML comment has badly formed XML -- 'Missing equals sign between attribute and attribute value.' [C:\Users\lordo\Documents\GitHub\llmtornado\src\LlmTornado\LlmTornado.csproj::TargetFramework=net8.0]
C:\Users\lordo\Documents\GitHub\llmtornado\src\LlmTornado\Chat\Vendors\Google\VendorGoogleChatResult.cs(597,73): warning CS1570: XML comment has badly formed XML -- 'The character(s) ',' cannot be used at this location.' [C:\Users\lordo\Documents\GitHub\llmtornado\src\LlmTornado\LlmTornado.csproj::TargetFramework=net8.0]
C:\Users\lordo\Documents\GitHub\llmtornado\src\LlmTornado\Code\PartialModels.cs(2388,36): warning CS1570: XML comment has badly formed XML -- 'Whitespace is not allowed at this location.' [C:\Users\lordo\Documents\GitHub\llmtornado\src\LlmTornado\LlmTornado.csproj::TargetFramework=netstandard2.0]
C:\Users\lordo\Documents\GitHub\llmtornado\src\LlmTornado\Chat\Vendors\Google\VendorGoogleChatResult.cs(599,11): warning CS1570: XML comment has badly formed XML -- 'End tag 'summary' does not match the start tag 'search'.' [C:\Users\lordo\Documents\GitHub\llmtornado\src\LlmTornado\LlmTornado.csproj::TargetFramework=net8.0]
C:\Users\lordo\Documents\GitHub\llmtornado\src\LlmTornado\Files\FilePurpose.cs(8,121): warning CS1570: XML comment has badly formed XML -- 'Whitespace is not allowed at this location.' [C:\Users\lordo\Documents\GitHub\llmtornado\src\LlmTornado\LlmTornado.csproj::TargetFramework=netstandard2.0]
C:\Users\lordo\Documents\GitHub\llmtornado\src\LlmTornado\Chat\Vendors\Google\VendorGoogleChatResult.cs(600,1): warning CS1570: XML comment has badly formed XML -- 'Expected an end tag for element 'summary'.' [C:\Users\lordo\Documents\GitHub\llmtornado\src\LlmTornado\LlmTornado.csproj::TargetFramework=net8.0]
C:\Users\lordo\Documents\GitHub\llmtornado\src\LlmTornado\Responses\ResponseOutputItem.cs(1542,7): warning CS1570: XML comment has badly formed XML -- 'End tag 'summary' does not match the start tag 'IResponseOutputItem'.' [C:\Users\lordo\Documents\GitHub\llmtornado\src\LlmTornado\LlmTornado.csproj::TargetFramework=netstandard2.0]
C:\Users\lordo\Documents\GitHub\llmtornado\src\LlmTornado\Code\Model.cs(114,64): warning CS1570: XML comment has badly formed XML -- 'Whitespace is not allowed at this location.' [C:\Users\lordo\Documents\GitHub\llmtornado\src\LlmTornado\LlmTornado.csproj::TargetFramework=net8.0]
C:\Users\lordo\Documents\GitHub\llmtornado\src\LlmTornado\Responses\ResponseOutputItem.cs(1543,1): warning CS1570: XML comment has badly formed XML -- 'Expected an end tag for element 'summary'.' [C:\Users\lordo\Documents\GitHub\llmtornado\src\LlmTornado\LlmTornado.csproj::TargetFramework=netstandard2.0]
C:\Users\lordo\Documents\GitHub\llmtornado\src\LlmTornado\Code\PartialModels.cs(2163,53): warning CS1570: XML comment has badly formed XML -- 'Whitespace is not allowed at this location.' [C:\Users\lordo\Documents\GitHub\llmtornado\src\LlmTornado\LlmTornado.csproj::TargetFramework=net8.0]
C:\Users\lordo\Documents\GitHub\llmtornado\src\LlmTornado\EndpointBase.cs(21,7): warning CS0105: The using directive for 'LlmTornado.Common' appeared previously in this namespace [C:\Users\lordo\Documents\GitHub\llmtornado\src\LlmTornado\LlmTornado.csproj::TargetFramework=netstandard2.0]
C:\Users\lordo\Documents\GitHub\llmtornado\src\LlmTornado\Code\PartialModels.cs(2388,36): warning CS1570: XML comment has badly formed XML -- 'Whitespace is not allowed at this location.' [C:\Users\lordo\Documents\GitHub\llmtornado\src\LlmTornado\LlmTornado.csproj::TargetFramework=net8.0]
C:\Users\lordo\Documents\GitHub\llmtornado\src\LlmTornado\Responses\ResponseToolSearch.cs(5,7): warning CS0105: The using directive for 'LlmTornado.ChatFunctions' appeared previously in this namespace [C:\Users\lordo\Documents\GitHub\llmtornado\src\LlmTornado\LlmTornado.csproj::TargetFramework=netstandard2.0]
C:\Users\lordo\Documents\GitHub\llmtornado\src\LlmTornado\Files\FilePurpose.cs(8,121): warning CS1570: XML comment has badly formed XML -- 'Whitespace is not allowed at this location.' [C:\Users\lordo\Documents\GitHub\llmtornado\src\LlmTornado\LlmTornado.csproj::TargetFramework=net8.0]
C:\Users\lordo\Documents\GitHub\llmtornado\src\LlmTornado\Responses\ResponseOutputItem.cs(1542,7): warning CS1570: XML comment has badly formed XML -- 'End tag 'summary' does not match the start tag 'IResponseOutputItem'.' [C:\Users\lordo\Documents\GitHub\llmtornado\src\LlmTornado\LlmTornado.csproj::TargetFramework=net8.0]
C:\Users\lordo\Documents\GitHub\llmtornado\src\LlmTornado\TornadoApi.cs(36,7): warning CS0105: The using directive for 'LlmTornado.ManagedAgents.Anthropic' appeared previously in this namespace [C:\Users\lordo\Documents\GitHub\llmtornado\src\LlmTornado\LlmTornado.csproj::TargetFramework=netstandard2.0]
C:\Users\lordo\Documents\GitHub\llmtornado\src\LlmTornado\Responses\ResponseOutputItem.cs(1543,1): warning CS1570: XML comment has badly formed XML -- 'Expected an end tag for element 'summary'.' [C:\Users\lordo\Documents\GitHub\llmtornado\src\LlmTornado\LlmTornado.csproj::TargetFramework=net8.0]
C:\Users\lordo\Documents\GitHub\llmtornado\src\LlmTornado\Code\LegacyFrozen.cs(42,23): warning CS0436: The type 'FrozenDictionary<TKey, TValue>' in 'C:\Users\lordo\Documents\GitHub\llmtornado\src\LlmTornado\Code\LegacyFrozen.cs' conflicts with the imported type 'FrozenDictionary<TKey, TValue>' in 'System.Collections.Immutable, Version=8.0.0.0, Culture=neutral, PublicKeyToken=b03f5f7f11d50a3a'. Using the type defined in 'C:\Users\lordo\Documents\GitHub\llmtornado\src\LlmTornado\Code\LegacyFrozen.cs'. [C:\Users\lordo\Documents\GitHub\llmtornado\src\LlmTornado\LlmTornado.csproj::TargetFramework=netstandard2.0]
C:\Users\lordo\Documents\GitHub\llmtornado\src\LlmTornado\EndpointBase.cs(21,7): warning CS0105: The using directive for 'LlmTornado.Common' appeared previously in this namespace [C:\Users\lordo\Documents\GitHub\llmtornado\src\LlmTornado\LlmTornado.csproj::TargetFramework=net8.0]
C:\Users\lordo\Documents\GitHub\llmtornado\src\LlmTornado\Code\LegacyFrozen.cs(49,23): warning CS0436: The type 'FrozenDictionary<TKey, TValue>' in 'C:\Users\lordo\Documents\GitHub\llmtornado\src\LlmTornado\Code\LegacyFrozen.cs' conflicts with the imported type 'FrozenDictionary<TKey, TValue>' in 'System.Collections.Immutable, Version=8.0.0.0, Culture=neutral, PublicKeyToken=b03f5f7f11d50a3a'. Using the type defined in 'C:\Users\lordo\Documents\GitHub\llmtornado\src\LlmTornado\Code\LegacyFrozen.cs'. [C:\Users\lordo\Documents\GitHub\llmtornado\src\LlmTornado\LlmTornado.csproj::TargetFramework=netstandard2.0]
C:\Users\lordo\Documents\GitHub\llmtornado\src\LlmTornado\Responses\ResponseToolSearch.cs(5,7): warning CS0105: The using directive for 'LlmTornado.ChatFunctions' appeared previously in this namespace [C:\Users\lordo\Documents\GitHub\llmtornado\src\LlmTornado\LlmTornado.csproj::TargetFramework=net8.0]
C:\Users\lordo\Documents\GitHub\llmtornado\src\LlmTornado\Batch\BatchEndpoint.cs(131,48): warning CS8425: Async-iterator 'BatchEndpoint.GetResultsStreaming(BatchItem, LLmProviders?, CancellationToken)' has one or more parameters of type 'CancellationToken' but none of them is decorated with the 'EnumeratorCancellation' attribute, so the cancellation token parameter from the generated 'IAsyncEnumerable<>.GetAsyncEnumerator' will be unconsumed [C:\Users\lordo\Documents\GitHub\llmtornado\src\LlmTornado\LlmTornado.csproj::TargetFramework=netstandard2.0]
C:\Users\lordo\Documents\GitHub\llmtornado\src\LlmTornado\TornadoApi.cs(36,7): warning CS0105: The using directive for 'LlmTornado.ManagedAgents.Anthropic' appeared previously in this namespace [C:\Users\lordo\Documents\GitHub\llmtornado\src\LlmTornado\LlmTornado.csproj::TargetFramework=net8.0]
C:\Users\lordo\Documents\GitHub\llmtornado\src\LlmTornado\Batch\Vendors\Google\VendorGoogleBatchHandler.cs(125,55): warning CS8425: Async-iterator 'VendorGoogleBatchHandler.StreamResults(BatchItem, IEndpointProvider, EndpointBase, Func<string, LLmProviders?, CancellationToken, Task<HttpCallResult<BatchItem>>>, CancellationToken)' has one or more parameters of type 'CancellationToken' but none of them is decorated with the 'EnumeratorCancellation' attribute, so the cancellation token parameter from the generated 'IAsyncEnumerable<>.GetAsyncEnumerator' will be unconsumed [C:\Users\lordo\Documents\GitHub\llmtornado\src\LlmTornado\LlmTornado.csproj::TargetFramework=netstandard2.0]
C:\Users\lordo\Documents\GitHub\llmtornado\src\LlmTornado\Batch\BatchEndpoint.cs(131,48): warning CS8425: Async-iterator 'BatchEndpoint.GetResultsStreaming(BatchItem, LLmProviders?, CancellationToken)' has one or more parameters of type 'CancellationToken' but none of them is decorated with the 'EnumeratorCancellation' attribute, so the cancellation token parameter from the generated 'IAsyncEnumerable<>.GetAsyncEnumerator' will be unconsumed [C:\Users\lordo\Documents\GitHub\llmtornado\src\LlmTornado\LlmTornado.csproj::TargetFramework=net8.0]
C:\Users\lordo\Documents\GitHub\llmtornado\src\LlmTornado\Batch\Vendors\OpenAi\VendorOpenAiBatchHandler.cs(70,55): warning CS8425: Async-iterator 'VendorOpenAiBatchHandler.StreamResults(BatchItem, IEndpointProvider, CancellationToken)' has one or more parameters of type 'CancellationToken' but none of them is decorated with the 'EnumeratorCancellation' attribute, so the cancellation token parameter from the generated 'IAsyncEnumerable<>.GetAsyncEnumerator' will be unconsumed [C:\Users\lordo\Documents\GitHub\llmtornado\src\LlmTornado\LlmTornado.csproj::TargetFramework=netstandard2.0]
C:\Users\lordo\Documents\GitHub\llmtornado\src\LlmTornado\Batch\Vendors\Google\VendorGoogleBatchHandler.cs(125,55): warning CS8425: Async-iterator 'VendorGoogleBatchHandler.StreamResults(BatchItem, IEndpointProvider, EndpointBase, Func<string, LLmProviders?, CancellationToken, Task<HttpCallResult<BatchItem>>>, CancellationToken)' has one or more parameters of type 'CancellationToken' but none of them is decorated with the 'EnumeratorCancellation' attribute, so the cancellation token parameter from the generated 'IAsyncEnumerable<>.GetAsyncEnumerator' will be unconsumed [C:\Users\lordo\Documents\GitHub\llmtornado\src\LlmTornado\LlmTornado.csproj::TargetFramework=net8.0]
C:\Users\lordo\Documents\GitHub\llmtornado\src\LlmTornado\Audio\SpeechResponseFormat.cs(73,30): warning CS8765: Nullability of type of parameter 'value' doesn't match overridden member (possibly because of nullability attributes). [C:\Users\lordo\Documents\GitHub\llmtornado\src\LlmTornado\LlmTornado.csproj::TargetFramework=netstandard2.0]
C:\Users\lordo\Documents\GitHub\llmtornado\src\LlmTornado\Audio\SpeechResponseFormat.cs(78,46): warning CS8765: Nullability of type of parameter 'existingValue' doesn't match overridden member (possibly because of nullability attributes). [C:\Users\lordo\Documents\GitHub\llmtornado\src\LlmTornado\LlmTornado.csproj::TargetFramework=netstandard2.0]
C:\Users\lordo\Documents\GitHub\llmtornado\src\LlmTornado\Audio\SpeechVoice.cs(112,30): warning CS8765: Nullability of type of parameter 'value' doesn't match overridden member (possibly because of nullability attributes). [C:\Users\lordo\Documents\GitHub\llmtornado\src\LlmTornado\LlmTornado.csproj::TargetFramework=netstandard2.0]
C:\Users\lordo\Documents\GitHub\llmtornado\src\LlmTornado\Audio\SpeechVoice.cs(117,37): warning CS8765: Nullability of type of parameter 'existingValue' doesn't match overridden member (possibly because of nullability attributes). [C:\Users\lordo\Documents\GitHub\llmtornado\src\LlmTornado\LlmTornado.csproj::TargetFramework=netstandard2.0]
C:\Users\lordo\Documents\GitHub\llmtornado\src\LlmTornado\Audio\SpeechResponseFormat.cs(73,30): warning CS8765: Nullability of type of parameter 'value' doesn't match overridden member (possibly because of nullability attributes). [C:\Users\lordo\Documents\GitHub\llmtornado\src\LlmTornado\LlmTornado.csproj::TargetFramework=net8.0]
C:\Users\lordo\Documents\GitHub\llmtornado\src\LlmTornado\Chat\Conversation.cs(1320,43): warning CS8425: Async-iterator 'Conversation.StreamResponseEnumerable(Guid?, CancellationToken)' has one or more parameters of type 'CancellationToken' but none of them is decorated with the 'EnumeratorCancellation' attribute, so the cancellation token parameter from the generated 'IAsyncEnumerable<>.GetAsyncEnumerator' will be unconsumed [C:\Users\lordo\Documents\GitHub\llmtornado\src\LlmTornado\LlmTornado.csproj::TargetFramework=netstandard2.0]
C:\Users\lordo\Documents\GitHub\llmtornado\src\LlmTornado\Audio\SpeechResponseFormat.cs(78,46): warning CS8765: Nullability of type of parameter 'existingValue' doesn't match overridden member (possibly because of nullability attributes). [C:\Users\lordo\Documents\GitHub\llmtornado\src\LlmTornado\LlmTornado.csproj::TargetFramework=net8.0]
C:\Users\lordo\Documents\GitHub\llmtornado\src\LlmTornado\Completions\CompletionEndpoint.cs(125,82): warning CS8625: Cannot convert null literal to non-nullable reference type. [C:\Users\lordo\Documents\GitHub\llmtornado\src\LlmTornado\LlmTornado.csproj::TargetFramework=netstandard2.0]
C:\Users\lordo\Documents\GitHub\llmtornado\src\LlmTornado\Completions\CompletionEndpoint.cs(275,103): warning CS8625: Cannot convert null literal to non-nullable reference type. [C:\Users\lordo\Documents\GitHub\llmtornado\src\LlmTornado\LlmTornado.csproj::TargetFramework=netstandard2.0]
C:\Users\lordo\Documents\GitHub\llmtornado\src\LlmTornado\Batch\Vendors\OpenAi\VendorOpenAiBatchHandler.cs(70,55): warning CS8425: Async-iterator 'VendorOpenAiBatchHandler.StreamResults(BatchItem, IEndpointProvider, CancellationToken)' has one or more parameters of type 'CancellationToken' but none of them is decorated with the 'EnumeratorCancellation' attribute, so the cancellation token parameter from the generated 'IAsyncEnumerable<>.GetAsyncEnumerator' will be unconsumed [C:\Users\lordo\Documents\GitHub\llmtornado\src\LlmTornado\LlmTornado.csproj::TargetFramework=net8.0]
C:\Users\lordo\Documents\GitHub\llmtornado\src\LlmTornado\Chat\Vendors\Anthropic\VendorAnthropicChatMessageTypes.cs(30,28): warning CS0436: The type 'FrozenDictionary<TKey, TValue>' in 'C:\Users\lordo\Documents\GitHub\llmtornado\src\LlmTornado\Code\LegacyFrozen.cs' conflicts with the imported type 'FrozenDictionary<TKey, TValue>' in 'System.Collections.Immutable, Version=8.0.0.0, Culture=neutral, PublicKeyToken=b03f5f7f11d50a3a'. Using the type defined in 'C:\Users\lordo\Documents\GitHub\llmtornado\src\LlmTornado\Code\LegacyFrozen.cs'. [C:\Users\lordo\Documents\GitHub\llmtornado\src\LlmTornado\LlmTornado.csproj::TargetFramework=netstandard2.0]
C:\Users\lordo\Documents\GitHub\llmtornado\src\LlmTornado\Audio\SpeechVoice.cs(112,30): warning CS8765: Nullability of type of parameter 'value' doesn't match overridden member (possibly because of nullability attributes). [C:\Users\lordo\Documents\GitHub\llmtornado\src\LlmTornado\LlmTornado.csproj::TargetFramework=net8.0]
C:\Users\lordo\Documents\GitHub\llmtornado\src\LlmTornado\Chat\Vendors\Anthropic\VendorAnthropicChatRequest.cs(79,30): warning CS8765: Nullability of type of parameter 'value' doesn't match overridden member (possibly because of nullability attributes). [C:\Users\lordo\Documents\GitHub\llmtornado\src\LlmTornado\LlmTornado.csproj::TargetFramework=netstandard2.0]
C:\Users\lordo\Documents\GitHub\llmtornado\src\LlmTornado\Audio\SpeechVoice.cs(117,37): warning CS8765: Nullability of type of parameter 'existingValue' doesn't match overridden member (possibly because of nullability attributes). [C:\Users\lordo\Documents\GitHub\llmtornado\src\LlmTornado\LlmTornado.csproj::TargetFramework=net8.0]
C:\Users\lordo\Documents\GitHub\llmtornado\src\LlmTornado\Chat\Vendors\Anthropic\VendorAnthropicChatRequest.cs(494,66): warning CS8765: Nullability of type of parameter 'existingValue' doesn't match overridden member (possibly because of nullability attributes). [C:\Users\lordo\Documents\GitHub\llmtornado\src\LlmTornado\LlmTornado.csproj::TargetFramework=netstandard2.0]
C:\Users\lordo\Documents\GitHub\llmtornado\src\LlmTornado\Chat\Conversation.cs(1320,43): warning CS8425: Async-iterator 'Conversation.StreamResponseEnumerable(Guid?, CancellationToken)' has one or more parameters of type 'CancellationToken' but none of them is decorated with the 'EnumeratorCancellation' attribute, so the cancellation token parameter from the generated 'IAsyncEnumerable<>.GetAsyncEnumerator' will be unconsumed [C:\Users\lordo\Documents\GitHub\llmtornado\src\LlmTornado\LlmTornado.csproj::TargetFramework=net8.0]
C:\Users\lordo\Documents\GitHub\llmtornado\src\LlmTornado\Chat\Models\ChatModel.cs(491,12): warning CS0436: The type 'FrozenDictionary<TKey, TValue>' in 'C:\Users\lordo\Documents\GitHub\llmtornado\src\LlmTornado\Code\LegacyFrozen.cs' conflicts with the imported type 'FrozenDictionary<TKey, TValue>' in 'System.Collections.Immutable, Version=8.0.0.0, Culture=neutral, PublicKeyToken=b03f5f7f11d50a3a'. Using the type defined in 'C:\Users\lordo\Documents\GitHub\llmtornado\src\LlmTornado\Code\LegacyFrozen.cs'. [C:\Users\lordo\Documents\GitHub\llmtornado\src\LlmTornado\LlmTornado.csproj::TargetFramework=netstandard2.0]
C:\Users\lordo\Documents\GitHub\llmtornado\src\LlmTornado\Chat\Vendors\Cohere\ChatVendorCohereExtensionConnector.cs(144,60): warning CS8765: Nullability of type of parameter 'existingValue' doesn't match overridden member (possibly because of nullability attributes). [C:\Users\lordo\Documents\GitHub\llmtornado\src\LlmTornado\LlmTornado.csproj::TargetFramework=net8.0]
C:\Users\lordo\Documents\GitHub\llmtornado\src\LlmTornado\Compaction\CompactionResult.cs(25,20): warning CS0108: 'CompactionResult.Model' hides inherited member 'ApiResultBase.Model'. Use the new keyword if hiding was intended. [C:\Users\lordo\Documents\GitHub\llmtornado\src\LlmTornado\LlmTornado.csproj::TargetFramework=net8.0]
C:\Users\lordo\Documents\GitHub\llmtornado\src\LlmTornado\Completions\CompletionEndpoint.cs(125,82): warning CS8625: Cannot convert null literal to non-nullable reference type. [C:\Users\lordo\Documents\GitHub\llmtornado\src\LlmTornado\LlmTornado.csproj::TargetFramework=net8.0]
C:\Users\lordo\Documents\GitHub\llmtornado\src\LlmTornado\Completions\CompletionEndpoint.cs(275,103): warning CS8625: Cannot convert null literal to non-nullable reference type. [C:\Users\lordo\Documents\GitHub\llmtornado\src\LlmTornado\LlmTornado.csproj::TargetFramework=net8.0]
C:\Users\lordo\Documents\GitHub\llmtornado\src\LlmTornado\Chat\Vendors\Cohere\VendorCohereChatRequest.cs(500,28): warning CS8765: Nullability of type of parameter 'existingValue' doesn't match overridden member (possibly because of nullability attributes). [C:\Users\lordo\Documents\GitHub\llmtornado\src\LlmTornado\LlmTornado.csproj::TargetFramework=net8.0]
C:\Users\lordo\Documents\GitHub\llmtornado\src\LlmTornado\Chat\Vendors\Cohere\VendorCohereChatRequest.cs(518,26): warning CS8765: Nullability of type of parameter 'value' doesn't match overridden member (possibly because of nullability attributes). [C:\Users\lordo\Documents\GitHub\llmtornado\src\LlmTornado\LlmTornado.csproj::TargetFramework=net8.0]
C:\Users\lordo\Documents\GitHub\llmtornado\src\LlmTornado\Chat\Vendors\Cohere\VendorCohereChatRequest.cs(531,28): warning CS8765: Nullability of type of parameter 'existingValue' doesn't match overridden member (possibly because of nullability attributes). [C:\Users\lordo\Documents\GitHub\llmtornado\src\LlmTornado\LlmTornado.csproj::TargetFramework=net8.0]
C:\Users\lordo\Documents\GitHub\llmtornado\src\LlmTornado\Chat\Vendors\Cohere\VendorCohereChatRequest.cs(547,26): warning CS8765: Nullability of type of parameter 'value' doesn't match overridden member (possibly because of nullability attributes). [C:\Users\lordo\Documents\GitHub\llmtornado\src\LlmTornado\LlmTornado.csproj::TargetFramework=net8.0]
C:\Users\lordo\Documents\GitHub\llmtornado\src\LlmTornado\Chat\Vendors\Anthropic\VendorAnthropicChatRequest.cs(79,30): warning CS8765: Nullability of type of parameter 'value' doesn't match overridden member (possibly because of nullability attributes). [C:\Users\lordo\Documents\GitHub\llmtornado\src\LlmTornado\LlmTornado.csproj::TargetFramework=net8.0]
C:\Users\lordo\Documents\GitHub\llmtornado\src\LlmTornado\Chat\Vendors\Anthropic\VendorAnthropicChatRequest.cs(494,66): warning CS8765: Nullability of type of parameter 'existingValue' doesn't match overridden member (possibly because of nullability attributes). [C:\Users\lordo\Documents\GitHub\llmtornado\src\LlmTornado\LlmTornado.csproj::TargetFramework=net8.0]
C:\Users\lordo\Documents\GitHub\llmtornado\src\LlmTornado\Embedding\MultimodalEmbeddingResult.cs(15,19): warning CS0108: 'MultimodalEmbeddingResult.Object' hides inherited member 'ApiResultBase.Object'. Use the new keyword if hiding was intended. [C:\Users\lordo\Documents\GitHub\llmtornado\src\LlmTornado\LlmTornado.csproj::TargetFramework=net8.0]
C:\Users\lordo\Documents\GitHub\llmtornado\src\LlmTornado\Embedding\MultimodalEmbeddingResult.cs(27,19): warning CS0108: 'MultimodalEmbeddingResult.Model' hides inherited member 'ApiResultBase.Model'. Use the new keyword if hiding was intended. [C:\Users\lordo\Documents\GitHub\llmtornado\src\LlmTornado\LlmTornado.csproj::TargetFramework=net8.0]
C:\Users\lordo\Documents\GitHub\llmtornado\src\LlmTornado\Files\OpenAiInputFileTypes.cs(41,29): warning CS0436: The type 'FrozenDictionary<TKey, TValue>' in 'C:\Users\lordo\Documents\GitHub\llmtornado\src\LlmTornado\Code\LegacyFrozen.cs' conflicts with the imported type 'FrozenDictionary<TKey, TValue>' in 'System.Collections.Immutable, Version=8.0.0.0, Culture=neutral, PublicKeyToken=b03f5f7f11d50a3a'. Using the type defined in 'C:\Users\lordo\Documents\GitHub\llmtornado\src\LlmTornado\Code\LegacyFrozen.cs'. [C:\Users\lordo\Documents\GitHub\llmtornado\src\LlmTornado\LlmTornado.csproj::TargetFramework=netstandard2.0]
C:\Users\lordo\Documents\GitHub\llmtornado\src\LlmTornado\EndpointBase.cs(868,40): warning CS8425: Async-iterator 'EndpointBase.HttpStreamingRequest<T>(IEndpointProvider, CapabilityEndpoints, string?, Dictionary<string, object>?, HttpVerbs?, object?, IModel?, Ref<string>?, CancellationToken)' has one or more parameters of type 'CancellationToken' but none of them is decorated with the 'EnumeratorCancellation' attribute, so the cancellation token parameter from the generated 'IAsyncEnumerable<>.GetAsyncEnumerator' will be unconsumed [C:\Users\lordo\Documents\GitHub\llmtornado\src\LlmTornado\LlmTornado.csproj::TargetFramework=net8.0]
C:\Users\lordo\Documents\GitHub\llmtornado\src\LlmTornado\Chat\Vendors\Cohere\ChatVendorCohereExtensionConnector.cs(144,60): warning CS8765: Nullability of type of parameter 'existingValue' doesn't match overridden member (possibly because of nullability attributes). [C:\Users\lordo\Documents\GitHub\llmtornado\src\LlmTornado\LlmTornado.csproj::TargetFramework=netstandard2.0]
C:\Users\lordo\Documents\GitHub\llmtornado\src\LlmTornado\Chat\Vendors\Mistral\VendorMistralChatRequest.cs(42,28): warning CS0108: 'VendorMistralChatRequest.VendorMistralChatRequestData.Prediction' hides inherited member 'ChatRequest.Prediction'. Use the new keyword if hiding was intended. [C:\Users\lordo\Documents\GitHub\llmtornado\src\LlmTornado\LlmTornado.csproj::TargetFramework=net8.0]
C:\Users\lordo\Documents\GitHub\llmtornado\src\LlmTornado\Images\ImageSize.cs(332,30): warning CS8765: Nullability of type of parameter 'value' doesn't match overridden member (possibly because of nullability attributes). [C:\Users\lordo\Documents\GitHub\llmtornado\src\LlmTornado\LlmTornado.csproj::TargetFramework=net8.0]
C:\Users\lordo\Documents\GitHub\llmtornado\src\LlmTornado\Compaction\CompactionResult.cs(25,20): warning CS0108: 'CompactionResult.Model' hides inherited member 'ApiResultBase.Model'. Use the new keyword if hiding was intended. [C:\Users\lordo\Documents\GitHub\llmtornado\src\LlmTornado\LlmTornado.csproj::TargetFramework=netstandard2.0]
C:\Users\lordo\Documents\GitHub\llmtornado\src\LlmTornado\Embedding\MultimodalEmbeddingResult.cs(15,19): warning CS0108: 'MultimodalEmbeddingResult.Object' hides inherited member 'ApiResultBase.Object'. Use the new keyword if hiding was intended. [C:\Users\lordo\Documents\GitHub\llmtornado\src\LlmTornado\LlmTornado.csproj::TargetFramework=netstandard2.0]
C:\Users\lordo\Documents\GitHub\llmtornado\src\LlmTornado\Images\ImageSize.cs(337,35): warning CS8765: Nullability of type of parameter 'existingValue' doesn't match overridden member (possibly because of nullability attributes). [C:\Users\lordo\Documents\GitHub\llmtornado\src\LlmTornado\LlmTornado.csproj::TargetFramework=net8.0]
C:\Users\lordo\Documents\GitHub\llmtornado\src\LlmTornado\Embedding\MultimodalEmbeddingResult.cs(27,19): warning CS0108: 'MultimodalEmbeddingResult.Model' hides inherited member 'ApiResultBase.Model'. Use the new keyword if hiding was intended. [C:\Users\lordo\Documents\GitHub\llmtornado\src\LlmTornado\LlmTornado.csproj::TargetFramework=netstandard2.0]
C:\Users\lordo\Documents\GitHub\llmtornado\src\LlmTornado\Code\DiffMatchPatch\ImmutableListWithValueSemantics.cs(41,26): warning CS8765: Nullability of type of parameter 'obj' doesn't match overridden member (possibly because of nullability attributes). [C:\Users\lordo\Documents\GitHub\llmtornado\src\LlmTornado\LlmTornado.csproj::TargetFramework=net8.0]
C:\Users\lordo\Documents\GitHub\llmtornado\src\LlmTornado\Embedding\Vendors\Google\VendorGoogleEmbeddingRequest.cs(58,29): warning CS0436: The type 'FrozenDictionary<TKey, TValue>' in 'C:\Users\lordo\Documents\GitHub\llmtornado\src\LlmTornado\Code\LegacyFrozen.cs' conflicts with the imported type 'FrozenDictionary<TKey, TValue>' in 'System.Collections.Immutable, Version=8.0.0.0, Culture=neutral, PublicKeyToken=b03f5f7f11d50a3a'. Using the type defined in 'C:\Users\lordo\Documents\GitHub\llmtornado\src\LlmTornado\Code\LegacyFrozen.cs'. [C:\Users\lordo\Documents\GitHub\llmtornado\src\LlmTornado\LlmTornado.csproj::TargetFramework=netstandard2.0]
C:\Users\lordo\Documents\GitHub\llmtornado\src\LlmTornado\Code\Extensions.cs(97,44): warning CS8714: The type 'TKey' cannot be used as type parameter 'TKey' in the generic type or method 'Dictionary<TKey, TValue>'. Nullability of type argument 'TKey' doesn't match 'notnull' constraint. [C:\Users\lordo\Documents\GitHub\llmtornado\src\LlmTornado\LlmTornado.csproj::TargetFramework=net8.0]
C:\Users\lordo\Documents\GitHub\llmtornado\src\LlmTornado\ManagedAgents\Anthropic\AnthropicManagedAgent.cs(26,20): warning CS0108: 'AnthropicManagedAgent.Model' hides inherited member 'ApiResultBase.Model'. Use the new keyword if hiding was intended. [C:\Users\lordo\Documents\GitHub\llmtornado\src\LlmTornado\LlmTornado.csproj::TargetFramework=netstandard2.0]
C:\Users\lordo\Documents\GitHub\llmtornado\src\LlmTornado\Code\Extensions.cs(408,76): warning CS8714: The type 'TKey' cannot be used as type parameter 'TKey' in the generic type or method 'Dictionary<TKey, TValue>'. Nullability of type argument 'TKey' doesn't match 'notnull' constraint. [C:\Users\lordo\Documents\GitHub\llmtornado\src\LlmTornado\LlmTornado.csproj::TargetFramework=net8.0]
C:\Users\lordo\Documents\GitHub\llmtornado\src\LlmTornado\ManagedAgents\Anthropic\AnthropicManagedAgent.cs(32,18): warning CS0108: 'AnthropicManagedAgent.Version' hides inherited member 'ApiResultBase.Version'. Use the new keyword if hiding was intended. [C:\Users\lordo\Documents\GitHub\llmtornado\src\LlmTornado\LlmTornado.csproj::TargetFramework=netstandard2.0]
C:\Users\lordo\Documents\GitHub\llmtornado\src\LlmTornado\ManagedAgents\Anthropic\AnthropicManagedAgent.cs(26,20): warning CS0108: 'AnthropicManagedAgent.Model' hides inherited member 'ApiResultBase.Model'. Use the new keyword if hiding was intended. [C:\Users\lordo\Documents\GitHub\llmtornado\src\LlmTornado\LlmTornado.csproj::TargetFramework=net8.0]
C:\Users\lordo\Documents\GitHub\llmtornado\src\LlmTornado\Chat\Vendors\Cohere\VendorCohereChatRequest.cs(500,28): warning CS8765: Nullability of type of parameter 'existingValue' doesn't match overridden member (possibly because of nullability attributes). [C:\Users\lordo\Documents\GitHub\llmtornado\src\LlmTornado\LlmTornado.csproj::TargetFramework=netstandard2.0]
C:\Users\lordo\Documents\GitHub\llmtornado\src\LlmTornado\Chat\Vendors\Cohere\VendorCohereChatRequest.cs(518,26): warning CS8765: Nullability of type of parameter 'value' doesn't match overridden member (possibly because of nullability attributes). [C:\Users\lordo\Documents\GitHub\llmtornado\src\LlmTornado\LlmTornado.csproj::TargetFramework=netstandard2.0]
C:\Users\lordo\Documents\GitHub\llmtornado\src\LlmTornado\ManagedAgents\Anthropic\AnthropicManagedAgent.cs(32,18): warning CS0108: 'AnthropicManagedAgent.Version' hides inherited member 'ApiResultBase.Version'. Use the new keyword if hiding was intended. [C:\Users\lordo\Documents\GitHub\llmtornado\src\LlmTornado\LlmTornado.csproj::TargetFramework=net8.0]
C:\Users\lordo\Documents\GitHub\llmtornado\src\LlmTornado\Chat\Vendors\Cohere\VendorCohereChatRequest.cs(531,28): warning CS8765: Nullability of type of parameter 'existingValue' doesn't match overridden member (possibly because of nullability attributes). [C:\Users\lordo\Documents\GitHub\llmtornado\src\LlmTornado\LlmTornado.csproj::TargetFramework=netstandard2.0]
C:\Users\lordo\Documents\GitHub\llmtornado\src\LlmTornado\Ocr\Models\OcrModel.cs(15,19): warning CS0108: 'OcrModel.Name' hides inherited member 'ModelBase.Name'. Use the new keyword if hiding was intended. [C:\Users\lordo\Documents\GitHub\llmtornado\src\LlmTornado\LlmTornado.csproj::TargetFramework=net8.0]
C:\Users\lordo\Documents\GitHub\llmtornado\src\LlmTornado\Chat\Vendors\Cohere\VendorCohereChatRequest.cs(547,26): warning CS8765: Nullability of type of parameter 'value' doesn't match overridden member (possibly because of nullability attributes). [C:\Users\lordo\Documents\GitHub\llmtornado\src\LlmTornado\LlmTornado.csproj::TargetFramework=netstandard2.0]
C:\Users\lordo\Documents\GitHub\llmtornado\src\LlmTornado\Audio\Models\OpenAi\AudioModelOpenAi.cs(70,49): warning CS1570: XML comment has badly formed XML -- 'Whitespace is not allowed at this location.' [C:\Users\lordo\Documents\GitHub\llmtornado\src\LlmTornado\LlmTornado.csproj::TargetFramework=net462]
C:\Users\lordo\Documents\GitHub\llmtornado\src\LlmTornado\Chat\Models\Cohere\ChatModelCohereCommand.cs(34,193): warning CS1570: XML comment has badly formed XML -- 'Reference to undefined entity 'A'.' [C:\Users\lordo\Documents\GitHub\llmtornado\src\LlmTornado\LlmTornado.csproj::TargetFramework=net462]
C:\Users\lordo\Documents\GitHub\llmtornado\src\LlmTornado\Ocr\Models\OcrModel.cs(18,25): warning CS0108: 'OcrModel.Provider' hides inherited member 'ModelBase.Provider'. Use the new keyword if hiding was intended. [C:\Users\lordo\Documents\GitHub\llmtornado\src\LlmTornado\LlmTornado.csproj::TargetFramework=net8.0]
C:\Users\lordo\Documents\GitHub\llmtornado\src\LlmTornado\Chat\Vendors\Mistral\VendorMistralChatRequest.cs(42,28): warning CS0108: 'VendorMistralChatRequest.VendorMistralChatRequestData.Prediction' hides inherited member 'ChatRequest.Prediction'. Use the new keyword if hiding was intended. [C:\Users\lordo\Documents\GitHub\llmtornado\src\LlmTornado\LlmTornado.csproj::TargetFramework=netstandard2.0]
C:\Users\lordo\Documents\GitHub\llmtornado\src\LlmTornado\Chat\Models\Google\ChatModelGoogleGemini.cs(174,1): warning CS1570: XML comment has badly formed XML -- 'Expected an end tag for element 'summary'.' [C:\Users\lordo\Documents\GitHub\llmtornado\src\LlmTornado\LlmTornado.csproj::TargetFramework=net462]
C:\Users\lordo\Documents\GitHub\llmtornado\src\LlmTornado\Vendor\Anthropic\AnthropicEndpointProvider.cs(55,27): warning CS0108: 'AnthropicEndpointProvider.OutboundVersion' hides inherited member 'BaseEndpointProvider.OutboundVersion'. Use the new keyword if hiding was intended. [C:\Users\lordo\Documents\GitHub\llmtornado\src\LlmTornado\LlmTornado.csproj::TargetFramework=net8.0]
C:\Users\lordo\Documents\GitHub\llmtornado\src\LlmTornado\Chat\Models\Mistral\ChatModelMistralFree.cs(64,76): warning CS1570: XML comment has badly formed XML -- 'Whitespace is not allowed at this location.' [C:\Users\lordo\Documents\GitHub\llmtornado\src\LlmTornado\LlmTornado.csproj::TargetFramework=net462]
C:\Users\lordo\Documents\GitHub\llmtornado\src\LlmTornado\Images\ImageEditRequest.cs(250,26): warning CS0436: The type 'FrozenDictionary<TKey, TValue>' in 'C:\Users\lordo\Documents\GitHub\llmtornado\src\LlmTornado\Code\LegacyFrozen.cs' conflicts with the imported type 'FrozenDictionary<TKey, TValue>' in 'System.Collections.Immutable, Version=8.0.0.0, Culture=neutral, PublicKeyToken=b03f5f7f11d50a3a'. Using the type defined in 'C:\Users\lordo\Documents\GitHub\llmtornado\src\LlmTornado\Code\LegacyFrozen.cs'. [C:\Users\lordo\Documents\GitHub\llmtornado\src\LlmTornado\LlmTornado.csproj::TargetFramework=netstandard2.0]
C:\Users\lordo\Documents\GitHub\llmtornado\src\LlmTornado\Chat\Models\Mistral\ChatModelMistralFree.cs(74,77): warning CS1570: XML comment has badly formed XML -- 'Whitespace is not allowed at this location.' [C:\Users\lordo\Documents\GitHub\llmtornado\src\LlmTornado\LlmTornado.csproj::TargetFramework=net462]
C:\Users\lordo\Documents\GitHub\llmtornado\src\LlmTornado\Chat\Models\Mistral\ChatModelMistralFree.cs(84,76): warning CS1570: XML comment has badly formed XML -- 'Whitespace is not allowed at this location.' [C:\Users\lordo\Documents\GitHub\llmtornado\src\LlmTornado\LlmTornado.csproj::TargetFramework=net462]
C:\Users\lordo\Documents\GitHub\llmtornado\src\LlmTornado\Ocr\OcrResult.cs(21,20): warning CS0108: 'OcrResult.Model' hides inherited member 'ApiResultBase.Model'. Use the new keyword if hiding was intended. [C:\Users\lordo\Documents\GitHub\llmtornado\src\LlmTornado\LlmTornado.csproj::TargetFramework=net8.0]
C:\Users\lordo\Documents\GitHub\llmtornado\src\LlmTornado\Chat\Models\OpenAi\ChatModelOpenAi.cs(23,30): warning CS1570: XML comment has badly formed XML -- 'Whitespace is not allowed at this location.' [C:\Users\lordo\Documents\GitHub\llmtornado\src\LlmTornado\LlmTornado.csproj::TargetFramework=net462]
C:\Users\lordo\Documents\GitHub\llmtornado\src\LlmTornado\Chat\Models\XAi\ChatModelXAi.cs(37,16): warning CS1570: XML comment has badly formed XML -- 'Whitespace is not allowed at this location.' [C:\Users\lordo\Documents\GitHub\llmtornado\src\LlmTornado\LlmTornado.csproj::TargetFramework=net462]
C:\Users\lordo\Documents\GitHub\llmtornado\src\LlmTornado\Ocr\Models\OcrModel.cs(15,19): warning CS0108: 'OcrModel.Name' hides inherited member 'ModelBase.Name'. Use the new keyword if hiding was intended. [C:\Users\lordo\Documents\GitHub\llmtornado\src\LlmTornado\LlmTornado.csproj::TargetFramework=netstandard2.0]
C:\Users\lordo\Documents\GitHub\llmtornado\src\LlmTornado\Chat\Models\XAi\ChatModelXAiGrok.cs(9,10): warning CS1570: XML comment has badly formed XML -- 'Whitespace is not allowed at this location.' [C:\Users\lordo\Documents\GitHub\llmtornado\src\LlmTornado\LlmTornado.csproj::TargetFramework=net462]
C:\Users\lordo\Documents\GitHub\llmtornado\src\LlmTornado\Chat\Models\XAi\ChatModelXAiGrok.cs(54,20): warning CS1570: XML comment has badly formed XML -- 'Whitespace is not allowed at this location.' [C:\Users\lordo\Documents\GitHub\llmtornado\src\LlmTornado\LlmTornado.csproj::TargetFramework=net462]
C:\Users\lordo\Documents\GitHub\llmtornado\src\LlmTornado\Chat\Vendors\Google\VendorGoogleChatResult.cs(597,73): warning CS1570: XML comment has badly formed XML -- 'Missing equals sign between attribute and attribute value.' [C:\Users\lordo\Documents\GitHub\llmtornado\src\LlmTornado\LlmTornado.csproj::TargetFramework=net462]
C:\Users\lordo\Documents\GitHub\llmtornado\src\LlmTornado\Chat\Vendors\Google\VendorGoogleChatResult.cs(597,73): warning CS1570: XML comment has badly formed XML -- 'The character(s) ',' cannot be used at this location.' [C:\Users\lordo\Documents\GitHub\llmtornado\src\LlmTornado\LlmTornado.csproj::TargetFramework=net462]
C:\Users\lordo\Documents\GitHub\llmtornado\src\LlmTornado\Chat\Vendors\Google\VendorGoogleChatResult.cs(599,11): warning CS1570: XML comment has badly formed XML -- 'End tag 'summary' does not match the start tag 'search'.' [C:\Users\lordo\Documents\GitHub\llmtornado\src\LlmTornado\LlmTornado.csproj::TargetFramework=net462]
C:\Users\lordo\Documents\GitHub\llmtornado\src\LlmTornado\Chat\Vendors\Google\VendorGoogleChatResult.cs(600,1): warning CS1570: XML comment has badly formed XML -- 'Expected an end tag for element 'summary'.' [C:\Users\lordo\Documents\GitHub\llmtornado\src\LlmTornado\LlmTornado.csproj::TargetFramework=net462]
C:\Users\lordo\Documents\GitHub\llmtornado\src\LlmTornado\Code\Model.cs(114,64): warning CS1570: XML comment has badly formed XML -- 'Whitespace is not allowed at this location.' [C:\Users\lordo\Documents\GitHub\llmtornado\src\LlmTornado\LlmTornado.csproj::TargetFramework=net462]
C:\Users\lordo\Documents\GitHub\llmtornado\src\LlmTornado\Code\PartialModels.cs(2163,53): warning CS1570: XML comment has badly formed XML -- 'Whitespace is not allowed at this location.' [C:\Users\lordo\Documents\GitHub\llmtornado\src\LlmTornado\LlmTornado.csproj::TargetFramework=net462]
C:\Users\lordo\Documents\GitHub\llmtornado\src\LlmTornado\Code\PartialModels.cs(2388,36): warning CS1570: XML comment has badly formed XML -- 'Whitespace is not allowed at this location.' [C:\Users\lordo\Documents\GitHub\llmtornado\src\LlmTornado\LlmTornado.csproj::TargetFramework=net462]
C:\Users\lordo\Documents\GitHub\llmtornado\src\LlmTornado\Files\FilePurpose.cs(8,121): warning CS1570: XML comment has badly formed XML -- 'Whitespace is not allowed at this location.' [C:\Users\lordo\Documents\GitHub\llmtornado\src\LlmTornado\LlmTornado.csproj::TargetFramework=net462]
C:\Users\lordo\Documents\GitHub\llmtornado\src\LlmTornado\Responses\ResponseOutputItem.cs(1542,7): warning CS1570: XML comment has badly formed XML -- 'End tag 'summary' does not match the start tag 'IResponseOutputItem'.' [C:\Users\lordo\Documents\GitHub\llmtornado\src\LlmTornado\LlmTornado.csproj::TargetFramework=net462]
C:\Users\lordo\Documents\GitHub\llmtornado\src\LlmTornado\Responses\ResponseOutputItem.cs(1543,1): warning CS1570: XML comment has badly formed XML -- 'Expected an end tag for element 'summary'.' [C:\Users\lordo\Documents\GitHub\llmtornado\src\LlmTornado\LlmTornado.csproj::TargetFramework=net462]
C:\Users\lordo\Documents\GitHub\llmtornado\src\LlmTornado\EndpointBase.cs(21,7): warning CS0105: The using directive for 'LlmTornado.Common' appeared previously in this namespace [C:\Users\lordo\Documents\GitHub\llmtornado\src\LlmTornado\LlmTornado.csproj::TargetFramework=net462]
C:\Users\lordo\Documents\GitHub\llmtornado\src\LlmTornado\Responses\ResponseToolSearch.cs(5,7): warning CS0105: The using directive for 'LlmTornado.ChatFunctions' appeared previously in this namespace [C:\Users\lordo\Documents\GitHub\llmtornado\src\LlmTornado\LlmTornado.csproj::TargetFramework=net462]
C:\Users\lordo\Documents\GitHub\llmtornado\src\LlmTornado\TornadoApi.cs(36,7): warning CS0105: The using directive for 'LlmTornado.ManagedAgents.Anthropic' appeared previously in this namespace [C:\Users\lordo\Documents\GitHub\llmtornado\src\LlmTornado\LlmTornado.csproj::TargetFramework=net462]
C:\Users\lordo\Documents\GitHub\llmtornado\src\LlmTornado\Code\LegacyFrozen.cs(42,23): warning CS0436: The type 'FrozenDictionary<TKey, TValue>' in 'C:\Users\lordo\Documents\GitHub\llmtornado\src\LlmTornado\Code\LegacyFrozen.cs' conflicts with the imported type 'FrozenDictionary<TKey, TValue>' in 'System.Collections.Immutable, Version=8.0.0.0, Culture=neutral, PublicKeyToken=b03f5f7f11d50a3a'. Using the type defined in 'C:\Users\lordo\Documents\GitHub\llmtornado\src\LlmTornado\Code\LegacyFrozen.cs'. [C:\Users\lordo\Documents\GitHub\llmtornado\src\LlmTornado\LlmTornado.csproj::TargetFramework=net462]
C:\Users\lordo\Documents\GitHub\llmtornado\src\LlmTornado\Code\LegacyFrozen.cs(49,23): warning CS0436: The type 'FrozenDictionary<TKey, TValue>' in 'C:\Users\lordo\Documents\GitHub\llmtornado\src\LlmTornado\Code\LegacyFrozen.cs' conflicts with the imported type 'FrozenDictionary<TKey, TValue>' in 'System.Collections.Immutable, Version=8.0.0.0, Culture=neutral, PublicKeyToken=b03f5f7f11d50a3a'. Using the type defined in 'C:\Users\lordo\Documents\GitHub\llmtornado\src\LlmTornado\Code\LegacyFrozen.cs'. [C:\Users\lordo\Documents\GitHub\llmtornado\src\LlmTornado\LlmTornado.csproj::TargetFramework=net462]
C:\Users\lordo\Documents\GitHub\llmtornado\src\LlmTornado\Chat\Conversation.cs(1320,43): warning CS8425: Async-iterator 'Conversation.StreamResponseEnumerable(Guid?, CancellationToken)' has one or more parameters of type 'CancellationToken' but none of them is decorated with the 'EnumeratorCancellation' attribute, so the cancellation token parameter from the generated 'IAsyncEnumerable<>.GetAsyncEnumerator' will be unconsumed [C:\Users\lordo\Documents\GitHub\llmtornado\src\LlmTornado\LlmTornado.csproj::TargetFramework=net462]
C:\Users\lordo\Documents\GitHub\llmtornado\src\LlmTornado\Chat\Models\ChatModel.cs(491,12): warning CS0436: The type 'FrozenDictionary<TKey, TValue>' in 'C:\Users\lordo\Documents\GitHub\llmtornado\src\LlmTornado\Code\LegacyFrozen.cs' conflicts with the imported type 'FrozenDictionary<TKey, TValue>' in 'System.Collections.Immutable, Version=8.0.0.0, Culture=neutral, PublicKeyToken=b03f5f7f11d50a3a'. Using the type defined in 'C:\Users\lordo\Documents\GitHub\llmtornado\src\LlmTornado\Code\LegacyFrozen.cs'. [C:\Users\lordo\Documents\GitHub\llmtornado\src\LlmTornado\LlmTornado.csproj::TargetFramework=net462]
C:\Users\lordo\Documents\GitHub\llmtornado\src\LlmTornado\Audio\SpeechResponseFormat.cs(73,30): warning CS8765: Nullability of type of parameter 'value' doesn't match overridden member (possibly because of nullability attributes). [C:\Users\lordo\Documents\GitHub\llmtornado\src\LlmTornado\LlmTornado.csproj::TargetFramework=net462]
C:\Users\lordo\Documents\GitHub\llmtornado\src\LlmTornado\Audio\SpeechResponseFormat.cs(78,46): warning CS8765: Nullability of type of parameter 'existingValue' doesn't match overridden member (possibly because of nullability attributes). [C:\Users\lordo\Documents\GitHub\llmtornado\src\LlmTornado\LlmTornado.csproj::TargetFramework=net462]
C:\Users\lordo\Documents\GitHub\llmtornado\src\LlmTornado\Audio\SpeechVoice.cs(112,30): warning CS8765: Nullability of type of parameter 'value' doesn't match overridden member (possibly because of nullability attributes). [C:\Users\lordo\Documents\GitHub\llmtornado\src\LlmTornado\LlmTornado.csproj::TargetFramework=net462]
C:\Users\lordo\Documents\GitHub\llmtornado\src\LlmTornado\Audio\SpeechVoice.cs(117,37): warning CS8765: Nullability of type of parameter 'existingValue' doesn't match overridden member (possibly because of nullability attributes). [C:\Users\lordo\Documents\GitHub\llmtornado\src\LlmTornado\LlmTornado.csproj::TargetFramework=net462]
C:\Users\lordo\Documents\GitHub\llmtornado\src\LlmTornado\Batch\BatchEndpoint.cs(131,48): warning CS8425: Async-iterator 'BatchEndpoint.GetResultsStreaming(BatchItem, LLmProviders?, CancellationToken)' has one or more parameters of type 'CancellationToken' but none of them is decorated with the 'EnumeratorCancellation' attribute, so the cancellation token parameter from the generated 'IAsyncEnumerable<>.GetAsyncEnumerator' will be unconsumed [C:\Users\lordo\Documents\GitHub\llmtornado\src\LlmTornado\LlmTornado.csproj::TargetFramework=net462]
C:\Users\lordo\Documents\GitHub\llmtornado\src\LlmTornado\Chat\Vendors\Anthropic\VendorAnthropicChatMessageTypes.cs(30,28): warning CS0436: The type 'FrozenDictionary<TKey, TValue>' in 'C:\Users\lordo\Documents\GitHub\llmtornado\src\LlmTornado\Code\LegacyFrozen.cs' conflicts with the imported type 'FrozenDictionary<TKey, TValue>' in 'System.Collections.Immutable, Version=8.0.0.0, Culture=neutral, PublicKeyToken=b03f5f7f11d50a3a'. Using the type defined in 'C:\Users\lordo\Documents\GitHub\llmtornado\src\LlmTornado\Code\LegacyFrozen.cs'. [C:\Users\lordo\Documents\GitHub\llmtornado\src\LlmTornado\LlmTornado.csproj::TargetFramework=net462]
C:\Users\lordo\Documents\GitHub\llmtornado\src\LlmTornado\Chat\Vendors\Anthropic\VendorAnthropicChatRequest.cs(79,30): warning CS8765: Nullability of type of parameter 'value' doesn't match overridden member (possibly because of nullability attributes). [C:\Users\lordo\Documents\GitHub\llmtornado\src\LlmTornado\LlmTornado.csproj::TargetFramework=net462]
C:\Users\lordo\Documents\GitHub\llmtornado\src\LlmTornado\Chat\Vendors\Anthropic\VendorAnthropicChatRequest.cs(494,66): warning CS8765: Nullability of type of parameter 'existingValue' doesn't match overridden member (possibly because of nullability attributes). [C:\Users\lordo\Documents\GitHub\llmtornado\src\LlmTornado\LlmTornado.csproj::TargetFramework=net462]
C:\Users\lordo\Documents\GitHub\llmtornado\src\LlmTornado\Chat\Vendors\Cohere\ChatVendorCohereExtensionConnector.cs(144,60): warning CS8765: Nullability of type of parameter 'existingValue' doesn't match overridden member (possibly because of nullability attributes). [C:\Users\lordo\Documents\GitHub\llmtornado\src\LlmTornado\LlmTornado.csproj::TargetFramework=net462]
C:\Users\lordo\Documents\GitHub\llmtornado\src\LlmTornado\Batch\Vendors\Google\VendorGoogleBatchHandler.cs(125,55): warning CS8425: Async-iterator 'VendorGoogleBatchHandler.StreamResults(BatchItem, IEndpointProvider, EndpointBase, Func<string, LLmProviders?, CancellationToken, Task<HttpCallResult<BatchItem>>>, CancellationToken)' has one or more parameters of type 'CancellationToken' but none of them is decorated with the 'EnumeratorCancellation' attribute, so the cancellation token parameter from the generated 'IAsyncEnumerable<>.GetAsyncEnumerator' will be unconsumed [C:\Users\lordo\Documents\GitHub\llmtornado\src\LlmTornado\LlmTornado.csproj::TargetFramework=net462]
C:\Users\lordo\Documents\GitHub\llmtornado\src\LlmTornado\Batch\Vendors\OpenAi\VendorOpenAiBatchHandler.cs(70,55): warning CS8425: Async-iterator 'VendorOpenAiBatchHandler.StreamResults(BatchItem, IEndpointProvider, CancellationToken)' has one or more parameters of type 'CancellationToken' but none of them is decorated with the 'EnumeratorCancellation' attribute, so the cancellation token parameter from the generated 'IAsyncEnumerable<>.GetAsyncEnumerator' will be unconsumed [C:\Users\lordo\Documents\GitHub\llmtornado\src\LlmTornado\LlmTornado.csproj::TargetFramework=net462]
C:\Users\lordo\Documents\GitHub\llmtornado\src\LlmTornado\Chat\Vendors\Cohere\VendorCohereChatRequest.cs(500,28): warning CS8765: Nullability of type of parameter 'existingValue' doesn't match overridden member (possibly because of nullability attributes). [C:\Users\lordo\Documents\GitHub\llmtornado\src\LlmTornado\LlmTornado.csproj::TargetFramework=net462]
C:\Users\lordo\Documents\GitHub\llmtornado\src\LlmTornado\Chat\Vendors\Cohere\VendorCohereChatRequest.cs(518,26): warning CS8765: Nullability of type of parameter 'value' doesn't match overridden member (possibly because of nullability attributes). [C:\Users\lordo\Documents\GitHub\llmtornado\src\LlmTornado\LlmTornado.csproj::TargetFramework=net462]
C:\Users\lordo\Documents\GitHub\llmtornado\src\LlmTornado\Chat\Vendors\Cohere\VendorCohereChatRequest.cs(531,28): warning CS8765: Nullability of type of parameter 'existingValue' doesn't match overridden member (possibly because of nullability attributes). [C:\Users\lordo\Documents\GitHub\llmtornado\src\LlmTornado\LlmTornado.csproj::TargetFramework=net462]
C:\Users\lordo\Documents\GitHub\llmtornado\src\LlmTornado\Chat\Vendors\Cohere\VendorCohereChatRequest.cs(547,26): warning CS8765: Nullability of type of parameter 'value' doesn't match overridden member (possibly because of nullability attributes). [C:\Users\lordo\Documents\GitHub\llmtornado\src\LlmTornado\LlmTornado.csproj::TargetFramework=net462]
C:\Users\lordo\Documents\GitHub\llmtornado\src\LlmTornado\Chat\Vendors\Mistral\VendorMistralChatRequest.cs(42,28): warning CS0108: 'VendorMistralChatRequest.VendorMistralChatRequestData.Prediction' hides inherited member 'ChatRequest.Prediction'. Use the new keyword if hiding was intended. [C:\Users\lordo\Documents\GitHub\llmtornado\src\LlmTornado\LlmTornado.csproj::TargetFramework=net462]
C:\Users\lordo\Documents\GitHub\llmtornado\src\LlmTornado\Compaction\CompactionResult.cs(25,20): warning CS0108: 'CompactionResult.Model' hides inherited member 'ApiResultBase.Model'. Use the new keyword if hiding was intended. [C:\Users\lordo\Documents\GitHub\llmtornado\src\LlmTornado\LlmTornado.csproj::TargetFramework=net462]
C:\Users\lordo\Documents\GitHub\llmtornado\src\LlmTornado\Completions\CompletionEndpoint.cs(125,82): warning CS8625: Cannot convert null literal to non-nullable reference type. [C:\Users\lordo\Documents\GitHub\llmtornado\src\LlmTornado\LlmTornado.csproj::TargetFramework=net462]
C:\Users\lordo\Documents\GitHub\llmtornado\src\LlmTornado\Completions\CompletionEndpoint.cs(275,103): warning CS8625: Cannot convert null literal to non-nullable reference type. [C:\Users\lordo\Documents\GitHub\llmtornado\src\LlmTornado\LlmTornado.csproj::TargetFramework=net462]
C:\Users\lordo\Documents\GitHub\llmtornado\src\LlmTornado\Code\PartialModels.cs(363,30): warning CS0436: The type 'FrozenDictionary<TKey, TValue>' in 'C:\Users\lordo\Documents\GitHub\llmtornado\src\LlmTornado\Code\LegacyFrozen.cs' conflicts with the imported type 'FrozenDictionary<TKey, TValue>' in 'System.Collections.Immutable, Version=8.0.0.0, Culture=neutral, PublicKeyToken=b03f5f7f11d50a3a'. Using the type defined in 'C:\Users\lordo\Documents\GitHub\llmtornado\src\LlmTornado\Code\LegacyFrozen.cs'. [C:\Users\lordo\Documents\GitHub\llmtornado\src\LlmTornado\LlmTornado.csproj::TargetFramework=net462]
C:\Users\lordo\Documents\GitHub\llmtornado\src\LlmTornado\Embedding\MultimodalEmbeddingResult.cs(15,19): warning CS0108: 'MultimodalEmbeddingResult.Object' hides inherited member 'ApiResultBase.Object'. Use the new keyword if hiding was intended. [C:\Users\lordo\Documents\GitHub\llmtornado\src\LlmTornado\LlmTornado.csproj::TargetFramework=net462]
C:\Users\lordo\Documents\GitHub\llmtornado\src\LlmTornado\Embedding\MultimodalEmbeddingResult.cs(27,19): warning CS0108: 'MultimodalEmbeddingResult.Model' hides inherited member 'ApiResultBase.Model'. Use the new keyword if hiding was intended. [C:\Users\lordo\Documents\GitHub\llmtornado\src\LlmTornado\LlmTornado.csproj::TargetFramework=net462]
C:\Users\lordo\Documents\GitHub\llmtornado\src\LlmTornado\Embedding\Vendors\Google\VendorGoogleEmbeddingRequest.cs(58,29): warning CS0436: The type 'FrozenDictionary<TKey, TValue>' in 'C:\Users\lordo\Documents\GitHub\llmtornado\src\LlmTornado\Code\LegacyFrozen.cs' conflicts with the imported type 'FrozenDictionary<TKey, TValue>' in 'System.Collections.Immutable, Version=8.0.0.0, Culture=neutral, PublicKeyToken=b03f5f7f11d50a3a'. Using the type defined in 'C:\Users\lordo\Documents\GitHub\llmtornado\src\LlmTornado\Code\LegacyFrozen.cs'. [C:\Users\lordo\Documents\GitHub\llmtornado\src\LlmTornado\LlmTornado.csproj::TargetFramework=net462]
C:\Users\lordo\Documents\GitHub\llmtornado\src\LlmTornado\EndpointBase.cs(868,40): warning CS8425: Async-iterator 'EndpointBase.HttpStreamingRequest<T>(IEndpointProvider, CapabilityEndpoints, string?, Dictionary<string, object>?, HttpVerbs?, object?, IModel?, Ref<string>?, CancellationToken)' has one or more parameters of type 'CancellationToken' but none of them is decorated with the 'EnumeratorCancellation' attribute, so the cancellation token parameter from the generated 'IAsyncEnumerable<>.GetAsyncEnumerator' will be unconsumed [C:\Users\lordo\Documents\GitHub\llmtornado\src\LlmTornado\LlmTornado.csproj::TargetFramework=net462]
C:\Users\lordo\Documents\GitHub\llmtornado\src\LlmTornado\Files\OpenAiInputFileTypes.cs(41,29): warning CS0436: The type 'FrozenDictionary<TKey, TValue>' in 'C:\Users\lordo\Documents\GitHub\llmtornado\src\LlmTornado\Code\LegacyFrozen.cs' conflicts with the imported type 'FrozenDictionary<TKey, TValue>' in 'System.Collections.Immutable, Version=8.0.0.0, Culture=neutral, PublicKeyToken=b03f5f7f11d50a3a'. Using the type defined in 'C:\Users\lordo\Documents\GitHub\llmtornado\src\LlmTornado\Code\LegacyFrozen.cs'. [C:\Users\lordo\Documents\GitHub\llmtornado\src\LlmTornado\LlmTornado.csproj::TargetFramework=net462]
C:\Users\lordo\Documents\GitHub\llmtornado\src\LlmTornado\Images\ImageEditRequest.cs(250,26): warning CS0436: The type 'FrozenDictionary<TKey, TValue>' in 'C:\Users\lordo\Documents\GitHub\llmtornado\src\LlmTornado\Code\LegacyFrozen.cs' conflicts with the imported type 'FrozenDictionary<TKey, TValue>' in 'System.Collections.Immutable, Version=8.0.0.0, Culture=neutral, PublicKeyToken=b03f5f7f11d50a3a'. Using the type defined in 'C:\Users\lordo\Documents\GitHub\llmtornado\src\LlmTornado\Code\LegacyFrozen.cs'. [C:\Users\lordo\Documents\GitHub\llmtornado\src\LlmTornado\LlmTornado.csproj::TargetFramework=net462]
C:\Users\lordo\Documents\GitHub\llmtornado\src\LlmTornado\Vendor\Cohere\CohereEndpointProvider.cs(40,27): warning CS0108: 'CohereEndpointProvider.OutboundVersion' hides inherited member 'BaseEndpointProvider.OutboundVersion'. Use the new keyword if hiding was intended. [C:\Users\lordo\Documents\GitHub\llmtornado\src\LlmTornado\LlmTornado.csproj::TargetFramework=net8.0]
C:\Users\lordo\Documents\GitHub\llmtornado\src\LlmTornado\Ocr\Models\OcrModel.cs(18,25): warning CS0108: 'OcrModel.Provider' hides inherited member 'ModelBase.Provider'. Use the new keyword if hiding was intended. [C:\Users\lordo\Documents\GitHub\llmtornado\src\LlmTornado\LlmTornado.csproj::TargetFramework=netstandard2.0]
C:\Users\lordo\Documents\GitHub\llmtornado\src\LlmTornado\Images\ImageGenerationRequest.cs(267,26): warning CS0436: The type 'FrozenDictionary<TKey, TValue>' in 'C:\Users\lordo\Documents\GitHub\llmtornado\src\LlmTornado\Code\LegacyFrozen.cs' conflicts with the imported type 'FrozenDictionary<TKey, TValue>' in 'System.Collections.Immutable, Version=8.0.0.0, Culture=neutral, PublicKeyToken=b03f5f7f11d50a3a'. Using the type defined in 'C:\Users\lordo\Documents\GitHub\llmtornado\src\LlmTornado\Code\LegacyFrozen.cs'. [C:\Users\lordo\Documents\GitHub\llmtornado\src\LlmTornado\LlmTornado.csproj::TargetFramework=net462]
C:\Users\lordo\Documents\GitHub\llmtornado\src\LlmTornado\Vendor\OpenAi\OpenAiEndpointProvider.cs(36,27): warning CS0108: 'OpenAiEndpointProvider.OutboundVersion' hides inherited member 'BaseEndpointProvider.OutboundVersion'. Use the new keyword if hiding was intended. [C:\Users\lordo\Documents\GitHub\llmtornado\src\LlmTornado\LlmTornado.csproj::TargetFramework=net8.0]
C:\Users\lordo\Documents\GitHub\llmtornado\src\LlmTornado\Images\ImageSize.cs(332,30): warning CS8765: Nullability of type of parameter 'value' doesn't match overridden member (possibly because of nullability attributes). [C:\Users\lordo\Documents\GitHub\llmtornado\src\LlmTornado\LlmTornado.csproj::TargetFramework=net462]
C:\Users\lordo\Documents\GitHub\llmtornado\src\LlmTornado\Interactions\Interaction.cs(17,20): warning CS0108: 'Interaction.Object' hides inherited member 'ApiResultBase.Object'. Use the new keyword if hiding was intended. [C:\Users\lordo\Documents\GitHub\llmtornado\src\LlmTornado\LlmTornado.csproj::TargetFramework=net8.0]
C:\Users\lordo\Documents\GitHub\llmtornado\src\LlmTornado\Images\ImageSize.cs(337,35): warning CS8765: Nullability of type of parameter 'existingValue' doesn't match overridden member (possibly because of nullability attributes). [C:\Users\lordo\Documents\GitHub\llmtornado\src\LlmTornado\LlmTornado.csproj::TargetFramework=net462]
C:\Users\lordo\Documents\GitHub\llmtornado\src\LlmTornado\Interactions\Interaction.cs(29,20): warning CS0108: 'Interaction.Model' hides inherited member 'ApiResultBase.Model'. Use the new keyword if hiding was intended. [C:\Users\lordo\Documents\GitHub\llmtornado\src\LlmTornado\LlmTornado.csproj::TargetFramework=net8.0]
C:\Users\lordo\Documents\GitHub\llmtornado\src\LlmTornado\Interactions\Interaction.cs(17,20): warning CS0108: 'Interaction.Object' hides inherited member 'ApiResultBase.Object'. Use the new keyword if hiding was intended. [C:\Users\lordo\Documents\GitHub\llmtornado\src\LlmTornado\LlmTornado.csproj::TargetFramework=net462]
C:\Users\lordo\Documents\GitHub\llmtornado\src\LlmTornado\Interactions\Interaction.cs(63,20): warning CS0108: 'Interaction.Created' hides inherited member 'ApiResultBase.Created'. Use the new keyword if hiding was intended. [C:\Users\lordo\Documents\GitHub\llmtornado\src\LlmTornado\LlmTornado.csproj::TargetFramework=net8.0]
C:\Users\lordo\Documents\GitHub\llmtornado\src\LlmTornado\Interactions\Interaction.cs(29,20): warning CS0108: 'Interaction.Model' hides inherited member 'ApiResultBase.Model'. Use the new keyword if hiding was intended. [C:\Users\lordo\Documents\GitHub\llmtornado\src\LlmTornado\LlmTornado.csproj::TargetFramework=net462]
C:\Users\lordo\Documents\GitHub\llmtornado\src\LlmTornado\Vendor\Google\GoogleEndpointProvider.cs(41,27): warning CS0108: 'GoogleEndpointProvider.OutboundVersion' hides inherited member 'BaseEndpointProvider.OutboundVersion'. Use the new keyword if hiding was intended. [C:\Users\lordo\Documents\GitHub\llmtornado\src\LlmTornado\LlmTornado.csproj::TargetFramework=net8.0]
C:\Users\lordo\Documents\GitHub\llmtornado\src\LlmTornado\Interactions\Interaction.cs(63,20): warning CS0108: 'Interaction.Created' hides inherited member 'ApiResultBase.Created'. Use the new keyword if hiding was intended. [C:\Users\lordo\Documents\GitHub\llmtornado\src\LlmTornado\LlmTornado.csproj::TargetFramework=net462]
C:\Users\lordo\Documents\GitHub\llmtornado\src\LlmTornado\Rerank\RerankResult.cs(16,19): warning CS0108: 'RerankResult.Object' hides inherited member 'ApiResultBase.Object'. Use the new keyword if hiding was intended. [C:\Users\lordo\Documents\GitHub\llmtornado\src\LlmTornado\LlmTornado.csproj::TargetFramework=net8.0]
C:\Users\lordo\Documents\GitHub\llmtornado\src\LlmTornado\Vendor\Anthropic\AnthropicEndpointProvider.cs(55,27): warning CS0108: 'AnthropicEndpointProvider.OutboundVersion' hides inherited member 'BaseEndpointProvider.OutboundVersion'. Use the new keyword if hiding was intended. [C:\Users\lordo\Documents\GitHub\llmtornado\src\LlmTornado\LlmTornado.csproj::TargetFramework=net462]
C:\Users\lordo\Documents\GitHub\llmtornado\src\LlmTornado\Rerank\RerankResult.cs(28,19): warning CS0108: 'RerankResult.Model' hides inherited member 'ApiResultBase.Model'. Use the new keyword if hiding was intended. [C:\Users\lordo\Documents\GitHub\llmtornado\src\LlmTornado\LlmTornado.csproj::TargetFramework=net8.0]
C:\Users\lordo\Documents\GitHub\llmtornado\src\LlmTornado\Vendor\Anthropic\AnthropicEndpointProvider.cs(102,32): warning CS0436: The type 'FrozenDictionary<TKey, TValue>' in 'C:\Users\lordo\Documents\GitHub\llmtornado\src\LlmTornado\Code\LegacyFrozen.cs' conflicts with the imported type 'FrozenDictionary<TKey, TValue>' in 'System.Collections.Immutable, Version=8.0.0.0, Culture=neutral, PublicKeyToken=b03f5f7f11d50a3a'. Using the type defined in 'C:\Users\lordo\Documents\GitHub\llmtornado\src\LlmTornado\Code\LegacyFrozen.cs'. [C:\Users\lordo\Documents\GitHub\llmtornado\src\LlmTornado\LlmTornado.csproj::TargetFramework=net462]
C:\Users\lordo\Documents\GitHub\llmtornado\src\LlmTornado\ManagedAgents\ManagedAgent.cs(17,20): warning CS0108: 'ManagedAgent.Object' hides inherited member 'ApiResultBase.Object'. Use the new keyword if hiding was intended. [C:\Users\lordo\Documents\GitHub\llmtornado\src\LlmTornado\LlmTornado.csproj::TargetFramework=net8.0]
C:\Users\lordo\Documents\GitHub\llmtornado\src\LlmTornado\Vendor\Anthropic\AnthropicEndpointProvider.cs(156,32): warning CS0436: The type 'FrozenDictionary<TKey, TValue>' in 'C:\Users\lordo\Documents\GitHub\llmtornado\src\LlmTornado\Code\LegacyFrozen.cs' conflicts with the imported type 'FrozenDictionary<TKey, TValue>' in 'System.Collections.Immutable, Version=8.0.0.0, Culture=neutral, PublicKeyToken=b03f5f7f11d50a3a'. Using the type defined in 'C:\Users\lordo\Documents\GitHub\llmtornado\src\LlmTornado\Code\LegacyFrozen.cs'. [C:\Users\lordo\Documents\GitHub\llmtornado\src\LlmTornado\LlmTornado.csproj::TargetFramework=net462]
C:\Users\lordo\Documents\GitHub\llmtornado\src\LlmTornado\ManagedAgents\ManagedAgent.cs(65,20): warning CS0108: 'ManagedAgent.Created' hides inherited member 'ApiResultBase.Created'. Use the new keyword if hiding was intended. [C:\Users\lordo\Documents\GitHub\llmtornado\src\LlmTornado\LlmTornado.csproj::TargetFramework=net8.0]
C:\Users\lordo\Documents\GitHub\llmtornado\src\LlmTornado\Interactions\InteractionStreamEvent.cs(120,29): warning CS0436: The type 'FrozenDictionary<TKey, TValue>' in 'C:\Users\lordo\Documents\GitHub\llmtornado\src\LlmTornado\Code\LegacyFrozen.cs' conflicts with the imported type 'FrozenDictionary<TKey, TValue>' in 'System.Collections.Immutable, Version=8.0.0.0, Culture=neutral, PublicKeyToken=b03f5f7f11d50a3a'. Using the type defined in 'C:\Users\lordo\Documents\GitHub\llmtornado\src\LlmTornado\Code\LegacyFrozen.cs'. [C:\Users\lordo\Documents\GitHub\llmtornado\src\LlmTornado\LlmTornado.csproj::TargetFramework=net462]
C:\Users\lordo\Documents\GitHub\llmtornado\src\LlmTornado\Videos\VideoJob.cs(22,20): warning CS0108: 'VideoJob.Object' hides inherited member 'ApiResultBase.Object'. Use the new keyword if hiding was intended. [C:\Users\lordo\Documents\GitHub\llmtornado\src\LlmTornado\LlmTornado.csproj::TargetFramework=net8.0]
C:\Users\lordo\Documents\GitHub\llmtornado\src\LlmTornado\ManagedAgents\Anthropic\AnthropicManagedAgent.cs(26,20): warning CS0108: 'AnthropicManagedAgent.Model' hides inherited member 'ApiResultBase.Model'. Use the new keyword if hiding was intended. [C:\Users\lordo\Documents\GitHub\llmtornado\src\LlmTornado\LlmTornado.csproj::TargetFramework=net462]
C:\Users\lordo\Documents\GitHub\llmtornado\src\LlmTornado\Videos\VideoJob.cs(28,20): warning CS0108: 'VideoJob.Model' hides inherited member 'ApiResultBase.Model'. Use the new keyword if hiding was intended. [C:\Users\lordo\Documents\GitHub\llmtornado\src\LlmTornado\LlmTornado.csproj::TargetFramework=net8.0]
C:\Users\lordo\Documents\GitHub\llmtornado\src\LlmTornado\ManagedAgents\Anthropic\AnthropicManagedAgent.cs(32,18): warning CS0108: 'AnthropicManagedAgent.Version' hides inherited member 'ApiResultBase.Version'. Use the new keyword if hiding was intended. [C:\Users\lordo\Documents\GitHub\llmtornado\src\LlmTornado\LlmTornado.csproj::TargetFramework=net462]
C:\Users\lordo\Documents\GitHub\llmtornado\src\LlmTornado\Skills\CreateSkillRequest.cs(31,12): warning CS8618: Non-nullable property 'DisplayTitle' must contain a non-null value when exiting constructor. Consider adding the 'required' modifier or declaring the property as nullable. [C:\Users\lordo\Documents\GitHub\llmtornado\src\LlmTornado\LlmTornado.csproj::TargetFramework=net8.0]
C:\Users\lordo\Documents\GitHub\llmtornado\src\LlmTornado\Vendor\Cohere\CohereEndpointProvider.cs(40,27): warning CS0108: 'CohereEndpointProvider.OutboundVersion' hides inherited member 'BaseEndpointProvider.OutboundVersion'. Use the new keyword if hiding was intended. [C:\Users\lordo\Documents\GitHub\llmtornado\src\LlmTornado\LlmTornado.csproj::TargetFramework=net462]
C:\Users\lordo\Documents\GitHub\llmtornado\src\LlmTornado\Vendor\Google\VendorGoogleUsage.cs(124,19): warning CS8618: Non-nullable property 'Category' must contain a non-null value when exiting constructor. Consider adding the 'required' modifier or declaring the property as nullable. [C:\Users\lordo\Documents\GitHub\llmtornado\src\LlmTornado\LlmTornado.csproj::TargetFramework=net8.0]
C:\Users\lordo\Documents\GitHub\llmtornado\src\LlmTornado\Vendor\Google\GoogleEndpointProvider.cs(41,27): warning CS0108: 'GoogleEndpointProvider.OutboundVersion' hides inherited member 'BaseEndpointProvider.OutboundVersion'. Use the new keyword if hiding was intended. [C:\Users\lordo\Documents\GitHub\llmtornado\src\LlmTornado\LlmTornado.csproj::TargetFramework=net462]
C:\Users\lordo\Documents\GitHub\llmtornado\src\LlmTornado\Vendor\Google\VendorGoogleUsage.cs(134,19): warning CS8618: Non-nullable property 'Probability' must contain a non-null value when exiting constructor. Consider adding the 'required' modifier or declaring the property as nullable. [C:\Users\lordo\Documents\GitHub\llmtornado\src\LlmTornado\LlmTornado.csproj::TargetFramework=net8.0]
C:\Users\lordo\Documents\GitHub\llmtornado\src\LlmTornado\Vendor\OpenAi\OpenAiEndpointProvider.cs(36,27): warning CS0108: 'OpenAiEndpointProvider.OutboundVersion' hides inherited member 'BaseEndpointProvider.OutboundVersion'. Use the new keyword if hiding was intended. [C:\Users\lordo\Documents\GitHub\llmtornado\src\LlmTornado\LlmTornado.csproj::TargetFramework=net462]
C:\Users\lordo\Documents\GitHub\llmtornado\src\LlmTornado\Vendor\Google\VendorGoogleUsage.cs(82,19): warning CS8618: Non-nullable property 'Modality' must contain a non-null value when exiting constructor. Consider adding the 'required' modifier or declaring the property as nullable. [C:\Users\lordo\Documents\GitHub\llmtornado\src\LlmTornado\LlmTornado.csproj::TargetFramework=net8.0]
C:\Users\lordo\Documents\GitHub\llmtornado\src\LlmTornado\ManagedAgents\ManagedAgent.cs(17,20): warning CS0108: 'ManagedAgent.Object' hides inherited member 'ApiResultBase.Object'. Use the new keyword if hiding was intended. [C:\Users\lordo\Documents\GitHub\llmtornado\src\LlmTornado\LlmTornado.csproj::TargetFramework=net462]
C:\Users\lordo\Documents\GitHub\llmtornado\src\LlmTornado\Vendor\Cohere\VendorCohereUsage.cs(23,33): warning CS8618: Non-nullable property 'Api' must contain a non-null value when exiting constructor. Consider adding the 'required' modifier or declaring the property as nullable. [C:\Users\lordo\Documents\GitHub\llmtornado\src\LlmTornado\LlmTornado.csproj::TargetFramework=net8.0]
C:\Users\lordo\Documents\GitHub\llmtornado\src\LlmTornado\ManagedAgents\ManagedAgent.cs(65,20): warning CS0108: 'ManagedAgent.Created' hides inherited member 'ApiResultBase.Created'. Use the new keyword if hiding was intended. [C:\Users\lordo\Documents\GitHub\llmtornado\src\LlmTornado\LlmTornado.csproj::TargetFramework=net462]
C:\Users\lordo\Documents\GitHub\llmtornado\src\LlmTornado\Skills\SkillVersionDeleteResponse.cs(17,19): warning CS8618: Non-nullable property 'Id' must contain a non-null value when exiting constructor. Consider adding the 'required' modifier or declaring the property as nullable. [C:\Users\lordo\Documents\GitHub\llmtornado\src\LlmTornado\LlmTornado.csproj::TargetFramework=net8.0]
C:\Users\lordo\Documents\GitHub\llmtornado\src\LlmTornado\Realtime\Vendors\OpenAi\VendorOpenAiRealtimeTranslation.cs(22,29): warning CS0436: The type 'FrozenDictionary<TKey, TValue>' in 'C:\Users\lordo\Documents\GitHub\llmtornado\src\LlmTornado\Code\LegacyFrozen.cs' conflicts with the imported type 'FrozenDictionary<TKey, TValue>' in 'System.Collections.Immutable, Version=8.0.0.0, Culture=neutral, PublicKeyToken=b03f5f7f11d50a3a'. Using the type defined in 'C:\Users\lordo\Documents\GitHub\llmtornado\src\LlmTornado\Code\LegacyFrozen.cs'. [C:\Users\lordo\Documents\GitHub\llmtornado\src\LlmTornado\LlmTornado.csproj::TargetFramework=net462]
C:\Users\lordo\Documents\GitHub\llmtornado\src\LlmTornado\Skills\SkillVersion.cs(12,19): warning CS8618: Non-nullable property 'Name' must contain a non-null value when exiting constructor. Consider adding the 'required' modifier or declaring the property as nullable. [C:\Users\lordo\Documents\GitHub\llmtornado\src\LlmTornado\LlmTornado.csproj::TargetFramework=net8.0]
C:\Users\lordo\Documents\GitHub\llmtornado\src\LlmTornado\Ocr\Models\OcrModel.cs(15,19): warning CS0108: 'OcrModel.Name' hides inherited member 'ModelBase.Name'. Use the new keyword if hiding was intended. [C:\Users\lordo\Documents\GitHub\llmtornado\src\LlmTornado\LlmTornado.csproj::TargetFramework=net462]
C:\Users\lordo\Documents\GitHub\llmtornado\src\LlmTornado\Skills\SkillVersion.cs(17,19): warning CS8618: Non-nullable property 'Id' must contain a non-null value when exiting constructor. Consider adding the 'required' modifier or declaring the property as nullable. [C:\Users\lordo\Documents\GitHub\llmtornado\src\LlmTornado\LlmTornado.csproj::TargetFramework=net8.0]
C:\Users\lordo\Documents\GitHub\llmtornado\src\LlmTornado\Ocr\Models\OcrModel.cs(18,25): warning CS0108: 'OcrModel.Provider' hides inherited member 'ModelBase.Provider'. Use the new keyword if hiding was intended. [C:\Users\lordo\Documents\GitHub\llmtornado\src\LlmTornado\LlmTornado.csproj::TargetFramework=net462]
C:\Users\lordo\Documents\GitHub\llmtornado\src\LlmTornado\Skills\SkillVersion.cs(23,19): warning CS8618: Non-nullable property 'SkillId' must contain a non-null value when exiting constructor. Consider adding the 'required' modifier or declaring the property as nullable. [C:\Users\lordo\Documents\GitHub\llmtornado\src\LlmTornado\LlmTornado.csproj::TargetFramework=net8.0]
C:\Users\lordo\Documents\GitHub\llmtornado\src\LlmTornado\Rerank\RerankResult.cs(16,19): warning CS0108: 'RerankResult.Object' hides inherited member 'ApiResultBase.Object'. Use the new keyword if hiding was intended. [C:\Users\lordo\Documents\GitHub\llmtornado\src\LlmTornado\LlmTornado.csproj::TargetFramework=net462]
C:\Users\lordo\Documents\GitHub\llmtornado\src\LlmTornado\Skills\SkillVersion.cs(30,19): warning CS8618: Non-nullable property 'Description' must contain a non-null value when exiting constructor. Consider adding the 'required' modifier or declaring the property as nullable. [C:\Users\lordo\Documents\GitHub\llmtornado\src\LlmTornado\LlmTornado.csproj::TargetFramework=net8.0]
C:\Users\lordo\Documents\GitHub\llmtornado\src\LlmTornado\Rerank\RerankResult.cs(28,19): warning CS0108: 'RerankResult.Model' hides inherited member 'ApiResultBase.Model'. Use the new keyword if hiding was intended. [C:\Users\lordo\Documents\GitHub\llmtornado\src\LlmTornado\LlmTornado.csproj::TargetFramework=net462]
C:\Users\lordo\Documents\GitHub\llmtornado\src\LlmTornado\Skills\SkillVersion.cs(36,19): warning CS8618: Non-nullable property 'Directory' must contain a non-null value when exiting constructor. Consider adding the 'required' modifier or declaring the property as nullable. [C:\Users\lordo\Documents\GitHub\llmtornado\src\LlmTornado\LlmTornado.csproj::TargetFramework=net8.0]
C:\Users\lordo\Documents\GitHub\llmtornado\src\LlmTornado\Ocr\OcrResult.cs(21,20): warning CS0108: 'OcrResult.Model' hides inherited member 'ApiResultBase.Model'. Use the new keyword if hiding was intended. [C:\Users\lordo\Documents\GitHub\llmtornado\src\LlmTornado\LlmTornado.csproj::TargetFramework=net462]
C:\Users\lordo\Documents\GitHub\llmtornado\src\LlmTornado\Skills\SkillVersion.cs(48,19): warning CS8618: Non-nullable property 'Version' must contain a non-null value when exiting constructor. Consider adding the 'required' modifier or declaring the property as nullable. [C:\Users\lordo\Documents\GitHub\llmtornado\src\LlmTornado\LlmTornado.csproj::TargetFramework=net8.0]
C:\Users\lordo\Documents\GitHub\llmtornado\src\LlmTornado\Skills\SkillsEndpoint.cs(83,26): warning CS0168: The variable 'ex' is declared but never used [C:\Users\lordo\Documents\GitHub\llmtornado\src\LlmTornado\LlmTornado.csproj::TargetFramework=net8.0]
C:\Users\lordo\Documents\GitHub\llmtornado\src\LlmTornado\Videos\VideoJob.cs(22,20): warning CS0108: 'VideoJob.Object' hides inherited member 'ApiResultBase.Object'. Use the new keyword if hiding was intended. [C:\Users\lordo\Documents\GitHub\llmtornado\src\LlmTornado\LlmTornado.csproj::TargetFramework=net462]
C:\Users\lordo\Documents\GitHub\llmtornado\src\LlmTornado\Skills\SkillDeleteResponse.cs(17,19): warning CS8618: Non-nullable property 'Id' must contain a non-null value when exiting constructor. Consider adding the 'required' modifier or declaring the property as nullable. [C:\Users\lordo\Documents\GitHub\llmtornado\src\LlmTornado\LlmTornado.csproj::TargetFramework=net8.0]
C:\Users\lordo\Documents\GitHub\llmtornado\src\LlmTornado\Videos\VideoJob.cs(28,20): warning CS0108: 'VideoJob.Model' hides inherited member 'ApiResultBase.Model'. Use the new keyword if hiding was intended. [C:\Users\lordo\Documents\GitHub\llmtornado\src\LlmTornado\LlmTornado.csproj::TargetFramework=net462]
C:\Users\lordo\Documents\GitHub\llmtornado\src\LlmTornado\Skills\Skill.cs(15,19): warning CS8618: Non-nullable property 'DisplayTitle' must contain a non-null value when exiting constructor. Consider adding the 'required' modifier or declaring the property as nullable. [C:\Users\lordo\Documents\GitHub\llmtornado\src\LlmTornado\LlmTornado.csproj::TargetFramework=net8.0]
C:\Users\lordo\Documents\GitHub\llmtornado\src\LlmTornado\Responses\ResponsesEndpoint.cs(27,29): warning CS0436: The type 'FrozenDictionary<TKey, TValue>' in 'C:\Users\lordo\Documents\GitHub\llmtornado\src\LlmTornado\Code\LegacyFrozen.cs' conflicts with the imported type 'FrozenDictionary<TKey, TValue>' in 'System.Collections.Immutable, Version=8.0.0.0, Culture=neutral, PublicKeyToken=b03f5f7f11d50a3a'. Using the type defined in 'C:\Users\lordo\Documents\GitHub\llmtornado\src\LlmTornado\Code\LegacyFrozen.cs'. [C:\Users\lordo\Documents\GitHub\llmtornado\src\LlmTornado\LlmTornado.csproj::TargetFramework=net462]
C:\Users\lordo\Documents\GitHub\llmtornado\src\LlmTornado\Skills\Skill.cs(20,19): warning CS8618: Non-nullable property 'Id' must contain a non-null value when exiting constructor. Consider adding the 'required' modifier or declaring the property as nullable. [C:\Users\lordo\Documents\GitHub\llmtornado\src\LlmTornado\LlmTornado.csproj::TargetFramework=net8.0]
C:\Users\lordo\Documents\GitHub\llmtornado\src\LlmTornado\Responses\ResponsesEndpoint.cs(84,29): warning CS0436: The type 'FrozenDictionary<TKey, TValue>' in 'C:\Users\lordo\Documents\GitHub\llmtornado\src\LlmTornado\Code\LegacyFrozen.cs' conflicts with the imported type 'FrozenDictionary<TKey, TValue>' in 'System.Collections.Immutable, Version=8.0.0.0, Culture=neutral, PublicKeyToken=b03f5f7f11d50a3a'. Using the type defined in 'C:\Users\lordo\Documents\GitHub\llmtornado\src\LlmTornado\Code\LegacyFrozen.cs'. [C:\Users\lordo\Documents\GitHub\llmtornado\src\LlmTornado\LlmTornado.csproj::TargetFramework=net462]
C:\Users\lordo\Documents\GitHub\llmtornado\src\LlmTornado\Skills\Skill.cs(40,19): warning CS8618: Non-nullable property 'LatestVersion' must contain a non-null value when exiting constructor. Consider adding the 'required' modifier or declaring the property as nullable. [C:\Users\lordo\Documents\GitHub\llmtornado\src\LlmTornado\LlmTornado.csproj::TargetFramework=net8.0]
C:\Users\lordo\Documents\GitHub\llmtornado\src\LlmTornado\Threads\RunStreaming.cs(118,28): warning CS0436: The type 'FrozenDictionary<TKey, TValue>' in 'C:\Users\lordo\Documents\GitHub\llmtornado\src\LlmTornado\Code\LegacyFrozen.cs' conflicts with the imported type 'FrozenDictionary<TKey, TValue>' in 'System.Collections.Immutable, Version=8.0.0.0, Culture=neutral, PublicKeyToken=b03f5f7f11d50a3a'. Using the type defined in 'C:\Users\lordo\Documents\GitHub\llmtornado\src\LlmTornado\Code\LegacyFrozen.cs'. [C:\Users\lordo\Documents\GitHub\llmtornado\src\LlmTornado\LlmTornado.csproj::TargetFramework=net462]
C:\Users\lordo\Documents\GitHub\llmtornado\src\LlmTornado\Threads\ToolChoice.cs(129,29): warning CS0436: The type 'FrozenDictionary<TKey, TValue>' in 'C:\Users\lordo\Documents\GitHub\llmtornado\src\LlmTornado\Code\LegacyFrozen.cs' conflicts with the imported type 'FrozenDictionary<TKey, TValue>' in 'System.Collections.Immutable, Version=8.0.0.0, Culture=neutral, PublicKeyToken=b03f5f7f11d50a3a'. Using the type defined in 'C:\Users\lordo\Documents\GitHub\llmtornado\src\LlmTornado\Code\LegacyFrozen.cs'. [C:\Users\lordo\Documents\GitHub\llmtornado\src\LlmTornado\LlmTornado.csproj::TargetFramework=net462]
C:\Users\lordo\Documents\GitHub\llmtornado\src\LlmTornado\Code\ExtensionsLegacy.cs(97,23): warning CS3021: 'Extensions.LeadingZeroCount(uint)' does not need a CLSCompliant attribute because the assembly does not have a CLSCompliant attribute [C:\Users\lordo\Documents\GitHub\llmtornado\src\LlmTornado\LlmTornado.csproj::TargetFramework=net462]
C:\Users\lordo\Documents\GitHub\llmtornado\src\LlmTornado\Skills\CreateSkillRequest.cs(31,12): warning CS8618: Non-nullable property 'DisplayTitle' must contain a non-null value when exiting constructor. Consider adding the 'required' modifier or declaring the property as nullable. [C:\Users\lordo\Documents\GitHub\llmtornado\src\LlmTornado\LlmTornado.csproj::TargetFramework=net462]
C:\Users\lordo\Documents\GitHub\llmtornado\src\LlmTornado\Code\EnumsParser.cs(141,17): warning CS8602: Dereference of a possibly null reference. [C:\Users\lordo\Documents\GitHub\llmtornado\src\LlmTornado\LlmTornado.csproj::TargetFramework=net462]
C:\Users\lordo\Documents\GitHub\llmtornado\src\LlmTornado\Code\EnumsParser.cs(89,35): warning CS8604: Possible null reference argument for parameter 'key' in 'EnumMemberInfo Dictionary<string, EnumMemberInfo>.this[string key]'. [C:\Users\lordo\Documents\GitHub\llmtornado\src\LlmTornado\LlmTornado.csproj::TargetFramework=net462]
C:\Users\lordo\Documents\GitHub\llmtornado\src\LlmTornado\Code\EnumsParser.cs(94,39): warning CS8604: Possible null reference argument for parameter 'key' in 'EnumMemberInfo Dictionary<string, EnumMemberInfo>.this[string key]'. [C:\Users\lordo\Documents\GitHub\llmtornado\src\LlmTornado\LlmTornado.csproj::TargetFramework=net462]
C:\Users\lordo\Documents\GitHub\llmtornado\src\LlmTornado\Code\EnumsParser.cs(99,35): warning CS8604: Possible null reference argument for parameter 'key' in 'EnumMemberInfo Dictionary<string, EnumMemberInfo>.this[string key]'. [C:\Users\lordo\Documents\GitHub\llmtornado\src\LlmTornado\LlmTornado.csproj::TargetFramework=net462]
C:\Users\lordo\Documents\GitHub\llmtornado\src\LlmTornado\Webhooks\GeminiWebhookSignatureVerifier.cs(85,31): warning CS8604: Possible null reference argument for parameter 'signatureHeader' in 'bool GeminiWebhookSignatureVerifier.SignatureMatches(string signatureHeader, byte[] expectedSignature)'. [C:\Users\lordo\Documents\GitHub\llmtornado\src\LlmTornado\LlmTornado.csproj::TargetFramework=net462]
C:\Users\lordo\Documents\GitHub\llmtornado\src\LlmTornado\Assistants\ResponseFormat.cs(90,19): warning CS8618: Non-nullable property 'Name' must contain a non-null value when exiting constructor. Consider adding the 'required' modifier or declaring the property as nullable. [C:\Users\lordo\Documents\GitHub\llmtornado\src\LlmTornado\LlmTornado.csproj::TargetFramework=net462]
C:\Users\lordo\Documents\GitHub\llmtornado\src\LlmTornado\Assistants\ResponseFormat.cs(76,43): warning CS8618: Non-nullable property 'JsonSchema' must contain a non-null value when exiting constructor. Consider adding the 'required' modifier or declaring the property as nullable. [C:\Users\lordo\Documents\GitHub\llmtornado\src\LlmTornado\LlmTornado.csproj::TargetFramework=net462]
C:\Users\lordo\Documents\GitHub\llmtornado\src\LlmTornado\Rerank\RerankResult.cs(16,19): warning CS8618: Non-nullable property 'Object' must contain a non-null value when exiting constructor. Consider adding the 'required' modifier or declaring the property as nullable. [C:\Users\lordo\Documents\GitHub\llmtornado\src\LlmTornado\LlmTornado.csproj::TargetFramework=net8.0]
C:\Users\lordo\Documents\GitHub\llmtornado\src\LlmTornado\Assistants\CreateAssistantRequest.cs(96,17): warning CS8601: Possible null reference assignment. [C:\Users\lordo\Documents\GitHub\llmtornado\src\LlmTornado\LlmTornado.csproj::TargetFramework=net462]
C:\Users\lordo\Documents\GitHub\llmtornado\src\LlmTornado\Rerank\RerankResult.cs(22,29): warning CS8618: Non-nullable property 'Data' must contain a non-null value when exiting constructor. Consider adding the 'required' modifier or declaring the property as nullable. [C:\Users\lordo\Documents\GitHub\llmtornado\src\LlmTornado\LlmTornado.csproj::TargetFramework=net8.0]
C:\Users\lordo\Documents\GitHub\llmtornado\src\LlmTornado\Assistants\CreateAssistantRequest.cs(92,12): warning CS8618: Non-nullable property 'Model' must contain a non-null value when exiting constructor. Consider adding the 'required' modifier or declaring the property as nullable. [C:\Users\lordo\Documents\GitHub\llmtornado\src\LlmTornado\LlmTornado.csproj::TargetFramework=net462]
C:\Users\lordo\Documents\GitHub\llmtornado\src\LlmTornado\Rerank\RerankResult.cs(28,19): warning CS8618: Non-nullable property 'Model' must contain a non-null value when exiting constructor. Consider adding the 'required' modifier or declaring the property as nullable. [C:\Users\lordo\Documents\GitHub\llmtornado\src\LlmTornado\LlmTornado.csproj::TargetFramework=net8.0]
C:\Users\lordo\Documents\GitHub\llmtornado\src\LlmTornado\Assistants\AssistantToolFunction.cs(163,13): warning CS8618: Non-nullable property 'Name' must contain a non-null value when exiting constructor. Consider adding the 'required' modifier or declaring the property as nullable. [C:\Users\lordo\Documents\GitHub\llmtornado\src\LlmTornado\LlmTornado.csproj::TargetFramework=net462]
C:\Users\lordo\Documents\GitHub\llmtornado\src\LlmTornado\Rerank\RerankResult.cs(34,18): warning CS8618: Non-nullable property 'Usage' must contain a non-null value when exiting constructor. Consider adding the 'required' modifier or declaring the property as nullable. [C:\Users\lordo\Documents\GitHub\llmtornado\src\LlmTornado\LlmTornado.csproj::TargetFramework=net8.0]
C:\Users\lordo\Documents\GitHub\llmtornado\src\LlmTornado\Assistants\AssistantToolFunction.cs(163,13): warning CS8618: Non-nullable property 'Description' must contain a non-null value when exiting constructor. Consider adding the 'required' modifier or declaring the property as nullable. [C:\Users\lordo\Documents\GitHub\llmtornado\src\LlmTornado\LlmTornado.csproj::TargetFramework=net462]
C:\Users\lordo\Documents\GitHub\llmtornado\src\LlmTornado\Caching\Vendors\Google\VendorGoogleCachingCreateCachedContentRequest.cs(58,12): warning CS8618: Non-nullable property 'Ttl' must contain a non-null value when exiting constructor. Consider adding the 'required' modifier or declaring the property as nullable. [C:\Users\lordo\Documents\GitHub\llmtornado\src\LlmTornado\LlmTornado.csproj::TargetFramework=net462]
C:\Users\lordo\Documents\GitHub\llmtornado\src\LlmTornado\Responses\ResponseTool.cs(1088,38): warning CS8601: Possible null reference assignment. [C:\Users\lordo\Documents\GitHub\llmtornado\src\LlmTornado\LlmTornado.csproj::TargetFramework=net8.0]
C:\Users\lordo\Documents\GitHub\llmtornado\src\LlmTornado\Caching\Vendors\Google\VendorGoogleCachingCreateCachedContentRequest.cs(58,12): warning CS8618: Non-nullable property 'Model' must contain a non-null value when exiting constructor. Consider adding the 'required' modifier or declaring the property as nullable. [C:\Users\lordo\Documents\GitHub\llmtornado\src\LlmTornado\LlmTornado.csproj::TargetFramework=net462]
C:\Users\lordo\Documents\GitHub\llmtornado\src\LlmTornado\Threads\ThreadsEndpoint.cs(401,63): warning CS8604: Possible null reference argument for parameter 'key' in 'bool FrozenDictionary<string, OpenAiAssistantStreamEvent>.TryGetValue(string key, out OpenAiAssistantStreamEvent value)'. [C:\Users\lordo\Documents\GitHub\llmtornado\src\LlmTornado\LlmTornado.csproj::TargetFramework=net8.0]
C:\Users\lordo\Documents\GitHub\llmtornado\src\LlmTornado\Caching\Vendors\Google\VendorGoogleCachingCreateCachedContentRequest.cs(58,12): warning CS8618: Non-nullable property 'Config' must contain a non-null value when exiting constructor. Consider adding the 'required' modifier or declaring the property as nullable. [C:\Users\lordo\Documents\GitHub\llmtornado\src\LlmTornado\LlmTornado.csproj::TargetFramework=net462]
C:\Users\lordo\Documents\GitHub\llmtornado\src\LlmTornado\Threads\ThreadsEndpoint.cs(510,17): warning CS0219: The variable 'unk' is assigned but its value is never used [C:\Users\lordo\Documents\GitHub\llmtornado\src\LlmTornado\LlmTornado.csproj::TargetFramework=net8.0]
C:\Users\lordo\Documents\GitHub\llmtornado\src\LlmTornado\Code\LegacyFrozen.cs(46,24): warning CS0436: The type 'FrozenDictionary<TKey, TValue>' in 'C:\Users\lordo\Documents\GitHub\llmtornado\src\LlmTornado\Code\LegacyFrozen.cs' conflicts with the imported type 'FrozenDictionary<TKey, TValue>' in 'System.Collections.Immutable, Version=8.0.0.0, Culture=neutral, PublicKeyToken=b03f5f7f11d50a3a'. Using the type defined in 'C:\Users\lordo\Documents\GitHub\llmtornado\src\LlmTornado\Code\LegacyFrozen.cs'. [C:\Users\lordo\Documents\GitHub\llmtornado\src\LlmTornado\LlmTornado.csproj::TargetFramework=net462]
C:\Users\lordo\Documents\GitHub\llmtornado\src\LlmTornado\Skills\CreateSkillResponse.cs(9,19): warning CS8618: Non-nullable property 'DisplayTitle' must contain a non-null value when exiting constructor. Consider adding the 'required' modifier or declaring the property as nullable. [C:\Users\lordo\Documents\GitHub\llmtornado\src\LlmTornado\LlmTornado.csproj::TargetFramework=net8.0]
C:\Users\lordo\Documents\GitHub\llmtornado\src\LlmTornado\Caching\Vendors\Google\VendorGoogleCachingCachedContentList.cs(13,55): warning CS8618: Non-nullable property 'CachedContents' must contain a non-null value when exiting constructor. Consider adding the 'required' modifier or declaring the property as nullable. [C:\Users\lordo\Documents\GitHub\llmtornado\src\LlmTornado\LlmTornado.csproj::TargetFramework=net462]
C:\Users\lordo\Documents\GitHub\llmtornado\src\LlmTornado\Code\LegacyFrozen.cs(55,24): warning CS0436: The type 'FrozenDictionary<TKey, TValue>' in 'C:\Users\lordo\Documents\GitHub\llmtornado\src\LlmTornado\Code\LegacyFrozen.cs' conflicts with the imported type 'FrozenDictionary<TKey, TValue>' in 'System.Collections.Immutable, Version=8.0.0.0, Culture=neutral, PublicKeyToken=b03f5f7f11d50a3a'. Using the type defined in 'C:\Users\lordo\Documents\GitHub\llmtornado\src\LlmTornado\Code\LegacyFrozen.cs'. [C:\Users\lordo\Documents\GitHub\llmtornado\src\LlmTornado\LlmTornado.csproj::TargetFramework=net462]
C:\Users\lordo\Documents\GitHub\llmtornado\src\LlmTornado\Caching\Vendors\Google\VendorGoogleCachingCachedContentInfo.cs(55,12): warning CS8618: Non-nullable property 'UsageMetadata' must contain a non-null value when exiting constructor. Consider adding the 'required' modifier or declaring the property as nullable. [C:\Users\lordo\Documents\GitHub\llmtornado\src\LlmTornado\LlmTornado.csproj::TargetFramework=net462]
C:\Users\lordo\Documents\GitHub\llmtornado\src\LlmTornado\Caching\Vendors\Google\VendorGoogleCachingCachedContentInfo.cs(55,12): warning CS8618: Non-nullable property 'Model' must contain a non-null value when exiting constructor. Consider adding the 'required' modifier or declaring the property as nullable. [C:\Users\lordo\Documents\GitHub\llmtornado\src\LlmTornado\LlmTornado.csproj::TargetFramework=net462]
C:\Users\lordo\Documents\GitHub\llmtornado\src\LlmTornado\Code\LegacyFrozen.cs(31,54): warning CS8603: Possible null reference return. [C:\Users\lordo\Documents\GitHub\llmtornado\src\LlmTornado\LlmTornado.csproj::TargetFramework=net462]
C:\Users\lordo\Documents\GitHub\llmtornado\src\LlmTornado\Code\LegacyFrozen.cs(33,75): warning CS8714: The type 'TKey' cannot be used as type parameter 'TKey' in the generic type or method 'Polyfill.GetValueOrDefault<TKey, TValue>(IReadOnlyDictionary<TKey, TValue>, TKey, TValue)'. Nullability of type argument 'TKey' doesn't match 'notnull' constraint. [C:\Users\lordo\Documents\GitHub\llmtornado\src\LlmTornado\LlmTornado.csproj::TargetFramework=net462]
C:\Users\lordo\Documents\GitHub\llmtornado\src\LlmTornado\Chat\OutboundToolChoice.cs(494,19): warning CS8618: Non-nullable property 'Name' must contain a non-null value when exiting constructor. Consider adding the 'required' modifier or declaring the property as nullable. [C:\Users\lordo\Documents\GitHub\llmtornado\src\LlmTornado\LlmTornado.csproj::TargetFramework=net462]
C:\Users\lordo\Documents\GitHub\llmtornado\src\LlmTornado\Chat\Vendors\Zai\VendorZaiChatRequest.cs(22,50): warning CS8604: Possible null reference argument for parameter 'o' in 'JObject JObject.FromObject(object o, JsonSerializer jsonSerializer)'. [C:\Users\lordo\Documents\GitHub\llmtornado\src\LlmTornado\LlmTornado.csproj::TargetFramework=net462]
C:\Users\lordo\Documents\GitHub\llmtornado\src\LlmTornado\Chat\Vendors\XAi\VendorXAiChatRequestData.cs(21,50): warning CS8604: Possible null reference argument for parameter 'o' in 'JObject JObject.FromObject(object o, JsonSerializer jsonSerializer)'. [C:\Users\lordo\Documents\GitHub\llmtornado\src\LlmTornado\LlmTornado.csproj::TargetFramework=net462]
C:\Users\lordo\Documents\GitHub\llmtornado\src\LlmTornado\Batch\Vendors\Google\VendorGoogleBatchResult.cs(45,35): warning CS8601: Possible null reference assignment. [C:\Users\lordo\Documents\GitHub\llmtornado\src\LlmTornado\LlmTornado.csproj::TargetFramework=net462]
C:\Users\lordo\Documents\GitHub\llmtornado\src\LlmTornado\Chat\OutboundToolChoice.cs(21,19): warning CS8618: Non-nullable property 'Name' must contain a non-null value when exiting constructor. Consider adding the 'required' modifier or declaring the property as nullable. [C:\Users\lordo\Documents\GitHub\llmtornado\src\LlmTornado\LlmTornado.csproj::TargetFramework=net462]
C:\Users\lordo\Documents\GitHub\llmtornado\src\LlmTornado\Audio\Vendors\Google\VendorGoogleMusicRequest.cs(103,20): warning CS8603: Possible null reference return. [C:\Users\lordo\Documents\GitHub\llmtornado\src\LlmTornado\LlmTornado.csproj::TargetFramework=net462]
C:\Users\lordo\Documents\GitHub\llmtornado\src\LlmTornado\Chat\OutboundToolChoice.cs(419,53): warning CS8604: Possible null reference argument for parameter 'type' in 'bool OutboundToolChoice.TryGetHostedToolTypeEnum(string type, out HostedToolTypes value)'. [C:\Users\lordo\Documents\GitHub\llmtornado\src\LlmTornado\LlmTornado.csproj::TargetFramework=net462]
C:\Users\lordo\Documents\GitHub\llmtornado\src\LlmTornado\Chat\FunctionCall.cs(141,12): warning CS8618: Non-nullable property 'Name' must contain a non-null value when exiting constructor. Consider adding the 'required' modifier or declaring the property as nullable. [C:\Users\lordo\Documents\GitHub\llmtornado\src\LlmTornado\LlmTornado.csproj::TargetFramework=net462]
C:\Users\lordo\Documents\GitHub\llmtornado\src\LlmTornado\Audio\TranslationRequest.cs(14,22): warning CS8618: Non-nullable property 'File' must contain a non-null value when exiting constructor. Consider adding the 'required' modifier or declaring the property as nullable. [C:\Users\lordo\Documents\GitHub\llmtornado\src\LlmTornado\LlmTornado.csproj::TargetFramework=net462]
C:\Users\lordo\Documents\GitHub\llmtornado\src\LlmTornado\Audio\TranslationRequest.cs(31,19): warning CS8618: Non-nullable property 'Prompt' must contain a non-null value when exiting constructor. Consider adding the 'required' modifier or declaring the property as nullable. [C:\Users\lordo\Documents\GitHub\llmtornado\src\LlmTornado\LlmTornado.csproj::TargetFramework=net462]
C:\Users\lordo\Documents\GitHub\llmtornado\src\LlmTornado\Chat\FunctionCall.cs(147,14): warning CS8618: Non-nullable property 'Name' must contain a non-null value when exiting constructor. Consider adding the 'required' modifier or declaring the property as nullable. [C:\Users\lordo\Documents\GitHub\llmtornado\src\LlmTornado\LlmTornado.csproj::TargetFramework=net462]
C:\Users\lordo\Documents\GitHub\llmtornado\src\LlmTornado\Audio\TranscriptionResult.cs(233,19): warning CS8618: Non-nullable property 'Type' must contain a non-null value when exiting constructor. Consider adding the 'required' modifier or declaring the property as nullable. [C:\Users\lordo\Documents\GitHub\llmtornado\src\LlmTornado\LlmTornado.csproj::TargetFramework=net462]
C:\Users\lordo\Documents\GitHub\llmtornado\src\LlmTornado\Chat\FunctionCall.cs(154,14): warning CS8618: Non-nullable property 'Name' must contain a non-null value when exiting constructor. Consider adding the 'required' modifier or declaring the property as nullable. [C:\Users\lordo\Documents\GitHub\llmtornado\src\LlmTornado\LlmTornado.csproj::TargetFramework=net462]
C:\Users\lordo\Documents\GitHub\llmtornado\src\LlmTornado\Audio\TranscriptionResult.cs(146,19): warning CS8618: Non-nullable property 'Id' must contain a non-null value when exiting constructor. Consider adding the 'required' modifier or declaring the property as nullable. [C:\Users\lordo\Documents\GitHub\llmtornado\src\LlmTornado\LlmTornado.csproj::TargetFramework=net462]
C:\Users\lordo\Documents\GitHub\llmtornado\src\LlmTornado\Audio\TranscriptionResult.cs(170,19): warning CS8618: Non-nullable property 'Text' must contain a non-null value when exiting constructor. Consider adding the 'required' modifier or declaring the property as nullable. [C:\Users\lordo\Documents\GitHub\llmtornado\src\LlmTornado\LlmTornado.csproj::TargetFramework=net462]
C:\Users\lordo\Documents\GitHub\llmtornado\src\LlmTornado\Audio\TranscriptionResult.cs(176,18): warning CS8618: Non-nullable property 'Tokens' must contain a non-null value when exiting constructor. Consider adding the 'required' modifier or declaring the property as nullable. [C:\Users\lordo\Documents\GitHub\llmtornado\src\LlmTornado\LlmTornado.csproj::TargetFramework=net462]
C:\Users\lordo\Documents\GitHub\llmtornado\src\LlmTornado\Audio\TranscriptionResult.cs(125,19): warning CS8618: Non-nullable property 'Word' must contain a non-null value when exiting constructor. Consider adding the 'required' modifier or declaring the property as nullable. [C:\Users\lordo\Documents\GitHub\llmtornado\src\LlmTornado\LlmTornado.csproj::TargetFramework=net462]
C:\Users\lordo\Documents\GitHub\llmtornado\src\LlmTornado\Audio\TranscriptionResult.cs(83,19): warning CS8618: Non-nullable property 'Bytes' must contain a non-null value when exiting constructor. Consider adding the 'required' modifier or declaring the property as nullable. [C:\Users\lordo\Documents\GitHub\llmtornado\src\LlmTornado\LlmTornado.csproj::TargetFramework=net462]
C:\Users\lordo\Documents\GitHub\llmtornado\src\LlmTornado\Audio\TranscriptionResult.cs(95,19): warning CS8618: Non-nullable property 'Token' must contain a non-null value when exiting constructor. Consider adding the 'required' modifier or declaring the property as nullable. [C:\Users\lordo\Documents\GitHub\llmtornado\src\LlmTornado\LlmTornado.csproj::TargetFramework=net462]
C:\Users\lordo\Documents\GitHub\llmtornado\src\LlmTornado\Batch\Vendors\Google\VendorGoogleBatchRequest.cs(24,47): warning CS8604: Possible null reference argument for parameter 'request' in 'VendorGoogleChatRequest.VendorGoogleChatRequest(ChatRequest request, IEndpointProvider provider)'. [C:\Users\lordo\Documents\GitHub\llmtornado\src\LlmTornado\LlmTornado.csproj::TargetFramework=net462]
C:\Users\lordo\Documents\GitHub\llmtornado\src\LlmTornado\Chat\ChatMessagePart.cs(524,19): warning CS8618: Non-nullable property 'Code' must contain a non-null value when exiting constructor. Consider adding the 'required' modifier or declaring the property as nullable. [C:\Users\lordo\Documents\GitHub\llmtornado\src\LlmTornado\LlmTornado.csproj::TargetFramework=net462]
C:\Users\lordo\Documents\GitHub\llmtornado\src\LlmTornado\Audio\TranscriptionResult.cs(17,19): warning CS8618: Non-nullable property 'Text' must contain a non-null value when exiting constructor. Consider adding the 'required' modifier or declaring the property as nullable. [C:\Users\lordo\Documents\GitHub\llmtornado\src\LlmTornado\LlmTornado.csproj::TargetFramework=net462]
C:\Users\lordo\Documents\GitHub\llmtornado\src\LlmTornado\Batch\Vendors\Google\VendorGoogleBatchItem.cs(143,16): warning CS8603: Possible null reference return. [C:\Users\lordo\Documents\GitHub\llmtornado\src\LlmTornado\LlmTornado.csproj::TargetFramework=net462]
C:\Users\lordo\Documents\GitHub\llmtornado\src\LlmTornado\Model\ModelsEndpoint.cs(39,16): warning CS8603: Possible null reference return. [C:\Users\lordo\Documents\GitHub\llmtornado\src\LlmTornado\LlmTornado.csproj::TargetFramework=net462]
C:\Users\lordo\Documents\GitHub\llmtornado\src\LlmTornado\Audio\TranscriptionRequest.cs(27,19): warning CS8618: Non-nullable property 'Language' must contain a non-null value when exiting constructor. Consider adding the 'required' modifier or declaring the property as nullable. [C:\Users\lordo\Documents\GitHub\llmtornado\src\LlmTornado\LlmTornado.csproj::TargetFramework=net462]
C:\Users\lordo\Documents\GitHub\llmtornado\src\LlmTornado\Audio\TranscriptionRequest.cs(40,22): warning CS8618: Non-nullable property 'File' must contain a non-null value when exiting constructor. Consider adding the 'required' modifier or declaring the property as nullable. [C:\Users\lordo\Documents\GitHub\llmtornado\src\LlmTornado\LlmTornado.csproj::TargetFramework=net462]
C:\Users\lordo\Documents\GitHub\llmtornado\src\LlmTornado\Code\DiffMatchPatch\V4APatchHarness.cs(123,13): warning CS8604: Possible null reference argument for parameter 'diffText' in 'bool DiffPatchEngine.TryApply(string source, string diffText, out string patchedText, out string? error, PatchFormat format, bool requireAllPatches = true)'. [C:\Users\lordo\Documents\GitHub\llmtornado\src\LlmTornado\LlmTornado.csproj::TargetFramework=net462]
C:\Users\lordo\Documents\GitHub\llmtornado\src\LlmTornado\Code\DiffMatchPatch\V4APatchHarness.cs(158,13): warning CS8604: Possible null reference argument for parameter 'diffText' in 'bool DiffPatchEngine.TryApply(string source, string diffText, out string patchedText, out string? error, PatchFormat format, bool requireAllPatches = true)'. [C:\Users\lordo\Documents\GitHub\llmtornado\src\LlmTornado\LlmTornado.csproj::TargetFramework=net462]
C:\Users\lordo\Documents\GitHub\llmtornado\src\LlmTornado\Code\DiffMatchPatch\V4APatchHarness.cs(206,13): warning CS8604: Possible null reference argument for parameter 'diffText' in 'bool DiffPatchEngine.TryApply(string source, string diffText, out string patchedText, out string? error, PatchFormat format, bool requireAllPatches = true)'. [C:\Users\lordo\Documents\GitHub\llmtornado\src\LlmTornado\LlmTornado.csproj::TargetFramework=net462]
C:\Users\lordo\Documents\GitHub\llmtornado\src\LlmTornado\Model\Vendors\RetrievedModelsResult.cs(13,33): warning CS8618: Non-nullable property 'Data' must contain a non-null value when exiting constructor. Consider adding the 'required' modifier or declaring the property as nullable. [C:\Users\lordo\Documents\GitHub\llmtornado\src\LlmTornado\LlmTornado.csproj::TargetFramework=net462]
C:\Users\lordo\Documents\GitHub\llmtornado\src\LlmTornado\Code\DiffMatchPatch\V4APatchHarness.cs(259,17): warning CS8604: Possible null reference argument for parameter 'diffText' in 'bool DiffPatchEngine.TryApply(string source, string diffText, out string patchedText, out string? error, PatchFormat format, bool requireAllPatches = true)'. [C:\Users\lordo\Documents\GitHub\llmtornado\src\LlmTornado\LlmTornado.csproj::TargetFramework=net462]
C:\Users\lordo\Documents\GitHub\llmtornado\src\LlmTornado\Model\Vendors\Cohere\VendorCohereRetrievedModelsResult.cs(20,57): warning CS8618: Non-nullable property 'Models' must contain a non-null value when exiting constructor. Consider adding the 'required' modifier or declaring the property as nullable. [C:\Users\lordo\Documents\GitHub\llmtornado\src\LlmTornado\LlmTornado.csproj::TargetFramework=net462]
C:\Users\lordo\Documents\GitHub\llmtornado\src\LlmTornado\Common\Tool.cs(1256,13): warning CS8618: Non-nullable property 'Name' must contain a non-null value when exiting constructor. Consider adding the 'required' modifier or declaring the property as nullable. [C:\Users\lordo\Documents\GitHub\llmtornado\src\LlmTornado\LlmTornado.csproj::TargetFramework=net462]
C:\Users\lordo\Documents\GitHub\llmtornado\src\LlmTornado\Common\Tool.cs(1256,13): warning CS8618: Non-nullable property 'Description' must contain a non-null value when exiting constructor. Consider adding the 'required' modifier or declaring the property as nullable. [C:\Users\lordo\Documents\GitHub\llmtornado\src\LlmTornado\LlmTornado.csproj::TargetFramework=net462]
C:\Users\lordo\Documents\GitHub\llmtornado\src\LlmTornado\Audio\SpeechRequest.cs(17,19): warning CS8618: Non-nullable property 'Input' must contain a non-null value when exiting constructor. Consider adding the 'required' modifier or declaring the property as nullable. [C:\Users\lordo\Documents\GitHub\llmtornado\src\LlmTornado\LlmTornado.csproj::TargetFramework=net462]
C:\Users\lordo\Documents\GitHub\llmtornado\src\LlmTornado\Common\Tool.cs(1111,12): warning CS8618: Non-nullable property 'CallAsync' must contain a non-null value when exiting constructor. Consider adding the 'required' modifier or declaring the property as nullable. [C:\Users\lordo\Documents\GitHub\llmtornado\src\LlmTornado\LlmTornado.csproj::TargetFramework=net462]
C:\Users\lordo\Documents\GitHub\llmtornado\src\LlmTornado\Common\Tool.cs(1065,19): warning CS8618: Non-nullable property 'Definition' must contain a non-null value when exiting constructor. Consider adding the 'required' modifier or declaring the property as nullable. [C:\Users\lordo\Documents\GitHub\llmtornado\src\LlmTornado\LlmTornado.csproj::TargetFramework=net462]
C:\Users\lordo\Documents\GitHub\llmtornado\src\LlmTornado\Batch\Vendors\Google\VendorGoogleBatchHandler.cs(23,59): warning CS8602: Dereference of a possibly null reference. [C:\Users\lordo\Documents\GitHub\llmtornado\src\LlmTornado\LlmTornado.csproj::TargetFramework=net462]
C:\Users\lordo\Documents\GitHub\llmtornado\src\LlmTornado\Batch\Vendors\Google\VendorGoogleBatchHandler.cs(26,107): warning CS8625: Cannot convert null literal to non-nullable reference type. [C:\Users\lordo\Documents\GitHub\llmtornado\src\LlmTornado\LlmTornado.csproj::TargetFramework=net462]
C:\Users\lordo\Documents\GitHub\llmtornado\src\LlmTornado\Batch\Vendors\Google\VendorGoogleBatchHandler.cs(55,88): warning CS8602: Dereference of a possibly null reference. [C:\Users\lordo\Documents\GitHub\llmtornado\src\LlmTornado\LlmTornado.csproj::TargetFramework=net462]
C:\Users\lordo\Documents\GitHub\llmtornado\src\LlmTornado\Common\Tool.cs(978,12): warning CS8618: Non-nullable property 'Name' must contain a non-null value when exiting constructor. Consider adding the 'required' modifier or declaring the property as nullable. [C:\Users\lordo\Documents\GitHub\llmtornado\src\LlmTornado\LlmTornado.csproj::TargetFramework=net462]
C:\Users\lordo\Documents\GitHub\llmtornado\src\LlmTornado\Common\Tool.cs(978,12): warning CS8618: Non-nullable property 'Format' must contain a non-null value when exiting constructor. Consider adding the 'required' modifier or declaring the property as nullable. [C:\Users\lordo\Documents\GitHub\llmtornado\src\LlmTornado\LlmTornado.csproj::TargetFramework=net462]
C:\Users\lordo\Documents\GitHub\llmtornado\src\LlmTornado\Common\BaseResponse.cs(11,23): warning CS8618: Non-nullable property 'Api' must contain a non-null value when exiting constructor. Consider adding the 'required' modifier or declaring the property as nullable. [C:\Users\lordo\Documents\GitHub\llmtornado\src\LlmTornado\LlmTornado.csproj::TargetFramework=net462]
C:\Users\lordo\Documents\GitHub\llmtornado\src\LlmTornado\Model\Vendors\Google\VendorGoogleRetrievedModelsResult.cs(26,12): warning CS8618: Non-nullable property 'Models' must contain a non-null value when exiting constructor. Consider adding the 'required' modifier or declaring the property as nullable. [C:\Users\lordo\Documents\GitHub\llmtornado\src\LlmTornado\LlmTornado.csproj::TargetFramework=net462]
C:\Users\lordo\Documents\GitHub\llmtornado\src\LlmTornado\Common\DeletionStatus.cs(7,40): warning CS8618: Non-nullable property 'Id' must contain a non-null value when exiting constructor. Consider adding the 'required' modifier or declaring the property as nullable. [C:\Users\lordo\Documents\GitHub\llmtornado\src\LlmTornado\LlmTornado.csproj::TargetFramework=net462]
C:\Users\lordo\Documents\GitHub\llmtornado\src\LlmTornado\Common\DeletionStatus.cs(9,44): warning CS8618: Non-nullable property 'Object' must contain a non-null value when exiting constructor. Consider adding the 'required' modifier or declaring the property as nullable. [C:\Users\lordo\Documents\GitHub\llmtornado\src\LlmTornado\LlmTornado.csproj::TargetFramework=net462]
C:\Users\lordo\Documents\GitHub\llmtornado\src\LlmTornado\Model\Vendors\Google\VendorGoogleRetrievedModelsResult.cs(13,23): warning CS8618: Non-nullable property 'Name' must contain a non-null value when exiting constructor. Consider adding the 'required' modifier or declaring the property as nullable. [C:\Users\lordo\Documents\GitHub\llmtornado\src\LlmTornado\LlmTornado.csproj::TargetFramework=net462]
C:\Users\lordo\Documents\GitHub\llmtornado\src\LlmTornado\Model\Vendors\Google\VendorGoogleRetrievedModelsResult.cs(14,23): warning CS8618: Non-nullable property 'Version' must contain a non-null value when exiting constructor. Consider adding the 'required' modifier or declaring the property as nullable. [C:\Users\lordo\Documents\GitHub\llmtornado\src\LlmTornado\LlmTornado.csproj::TargetFramework=net462]
C:\Users\lordo\Documents\GitHub\llmtornado\src\LlmTornado\Model\Vendors\Google\VendorGoogleRetrievedModelsResult.cs(15,23): warning CS8618: Non-nullable property 'DisplayName' must contain a non-null value when exiting constructor. Consider adding the 'required' modifier or declaring the property as nullable. [C:\Users\lordo\Documents\GitHub\llmtornado\src\LlmTornado\LlmTornado.csproj::TargetFramework=net462]
C:\Users\lordo\Documents\GitHub\llmtornado\src\LlmTornado\Model\Vendors\Google\VendorGoogleRetrievedModelsResult.cs(19,29): warning CS8618: Non-nullable property 'SupportedGenerationMethods' must contain a non-null value when exiting constructor. Consider adding the 'required' modifier or declaring the property as nullable. [C:\Users\lordo\Documents\GitHub\llmtornado\src\LlmTornado\LlmTornado.csproj::TargetFramework=net462]
C:\Users\lordo\Documents\GitHub\llmtornado\src\LlmTornado\Code\DiffMatchPatch\V4APatchHarness.cs(451,13): warning CS8604: Possible null reference argument for parameter 'diffText' in 'bool DiffPatchEngine.TryApply(string source, string diffText, out string patchedText, out string? error, PatchFormat format, bool requireAllPatches = true)'. [C:\Users\lordo\Documents\GitHub\llmtornado\src\LlmTornado\LlmTornado.csproj::TargetFramework=net462]
C:\Users\lordo\Documents\GitHub\llmtornado\src\LlmTornado\Compaction\CompactionRequest.cs(149,73): warning CS8604: Possible null reference argument for parameter 'content' in 'ChatMessage.ChatMessage(ChatMessageRoles role, string content)'. [C:\Users\lordo\Documents\GitHub\llmtornado\src\LlmTornado\LlmTornado.csproj::TargetFramework=net462]
C:\Users\lordo\Documents\GitHub\llmtornado\src\LlmTornado\Code\Model.cs(562,19): warning CS8618: Non-nullable property 'Id' must contain a non-null value when exiting constructor. Consider adding the 'required' modifier or declaring the property as nullable. [C:\Users\lordo\Documents\GitHub\llmtornado\src\LlmTornado\LlmTornado.csproj::TargetFramework=net462]
C:\Users\lordo\Documents\GitHub\llmtornado\src\LlmTornado\Code\Model.cs(619,19): warning CS8618: Non-nullable property 'Organization' must contain a non-null value when exiting constructor. Consider adding the 'required' modifier or declaring the property as nullable. [C:\Users\lordo\Documents\GitHub\llmtornado\src\LlmTornado\LlmTornado.csproj::TargetFramework=net462]
C:\Users\lordo\Documents\GitHub\llmtornado\src\LlmTornado\Code\Model.cs(625,19): warning CS8618: Non-nullable property 'Group' must contain a non-null value when exiting constructor. Consider adding the 'required' modifier or declaring the property as nullable. [C:\Users\lordo\Documents\GitHub\llmtornado\src\LlmTornado\LlmTornado.csproj::TargetFramework=net462]
C:\Users\lordo\Documents\GitHub\llmtornado\src\LlmTornado\Code\DiffMatchPatch\V4APatchHarness.cs(503,17): warning CS8604: Possible null reference argument for parameter 'diffText' in 'bool DiffPatchEngine.TryApply(string source, string diffText, out string patchedText, out string? error, PatchFormat format, bool requireAllPatches = true)'. [C:\Users\lordo\Documents\GitHub\llmtornado\src\LlmTornado\LlmTornado.csproj::TargetFramework=net462]
C:\Users\lordo\Documents\GitHub\llmtornado\src\LlmTornado\Code\Model.cs(57,19): warning CS8618: Non-nullable property 'Id' must contain a non-null value when exiting constructor. Consider adding the 'required' modifier or declaring the property as nullable. [C:\Users\lordo\Documents\GitHub\llmtornado\src\LlmTornado\LlmTornado.csproj::TargetFramework=net462]
C:\Users\lordo\Documents\GitHub\llmtornado\src\LlmTornado\Code\Extensions.cs(260,53): warning CS8604: Possible null reference argument for parameter 'value' in 'T? JsonConvert.DeserializeObject<T>(string value)'. [C:\Users\lordo\Documents\GitHub\llmtornado\src\LlmTornado\LlmTornado.csproj::TargetFramework=net462]
C:\Users\lordo\Documents\GitHub\llmtornado\src\LlmTornado\Videos\VideoGenerationEndpoint.cs(169,58): warning CS8604: Possible null reference argument for parameter 'videoUri' in 'Task<StreamResponse?> VendorGoogleVideoHandler.GetContent(string videoUri, IEndpointProvider provider, EndpointBase endpoint, CancellationToken cancellationToken)'. [C:\Users\lordo\Documents\GitHub\llmtornado\src\LlmTornado\LlmTornado.csproj::TargetFramework=net462]
C:\Users\lordo\Documents\GitHub\llmtornado\src\LlmTornado\Videos\VideoGenerationEndpoint.cs(180,55): warning CS8604: Possible null reference argument for parameter 'videoUri' in 'Task<StreamResponse?> VendorXAiVideoHandler.GetContent(string videoUri, IEndpointProvider provider, EndpointBase endpoint, CancellationToken cancellationToken)'. [C:\Users\lordo\Documents\GitHub\llmtornado\src\LlmTornado\LlmTornado.csproj::TargetFramework=net462]
C:\Users\lordo\Documents\GitHub\llmtornado\src\LlmTornado\Videos\VideoGenerationEndpoint.cs(191,55): warning CS8604: Possible null reference argument for parameter 'videoUri' in 'Task<StreamResponse?> VendorZaiVideoHandler.GetContent(string videoUri, IEndpointProvider provider, EndpointBase endpoint, CancellationToken cancellationToken)'. [C:\Users\lordo\Documents\GitHub\llmtornado\src\LlmTornado\LlmTornado.csproj::TargetFramework=net462]
C:\Users\lordo\Documents\GitHub\llmtornado\src\LlmTornado\Videos\VideoGenerationEndpoint.cs(202,59): warning CS8604: Possible null reference argument for parameter 'fileId' in 'Task<StreamResponse?> VendorMiniMaxVideoHandler.GetContent(string fileId, IEndpointProvider provider, EndpointBase endpoint, CancellationToken cancellationToken)'. [C:\Users\lordo\Documents\GitHub\llmtornado\src\LlmTornado\LlmTornado.csproj::TargetFramework=net462]
C:\Users\lordo\Documents\GitHub\llmtornado\src\LlmTornado\Vendor\Google\VendorGoogleUsage.cs(124,19): warning CS8618: Non-nullable property 'Category' must contain a non-null value when exiting constructor. Consider adding the 'required' modifier or declaring the property as nullable. [C:\Users\lordo\Documents\GitHub\llmtornado\src\LlmTornado\LlmTornado.csproj::TargetFramework=net462]
C:\Users\lordo\Documents\GitHub\llmtornado\src\LlmTornado\Vendor\Google\VendorGoogleUsage.cs(134,19): warning CS8618: Non-nullable property 'Probability' must contain a non-null value when exiting constructor. Consider adding the 'required' modifier or declaring the property as nullable. [C:\Users\lordo\Documents\GitHub\llmtornado\src\LlmTornado\LlmTornado.csproj::TargetFramework=net462]
C:\Users\lordo\Documents\GitHub\llmtornado\src\LlmTornado\Vendor\Google\VendorGoogleUsage.cs(82,19): warning CS8618: Non-nullable property 'Modality' must contain a non-null value when exiting constructor. Consider adding the 'required' modifier or declaring the property as nullable. [C:\Users\lordo\Documents\GitHub\llmtornado\src\LlmTornado\LlmTornado.csproj::TargetFramework=net462]
C:\Users\lordo\Documents\GitHub\llmtornado\src\LlmTornado\Vendor\Cohere\VendorCohereUsage.cs(23,33): warning CS8618: Non-nullable property 'Api' must contain a non-null value when exiting constructor. Consider adding the 'required' modifier or declaring the property as nullable. [C:\Users\lordo\Documents\GitHub\llmtornado\src\LlmTornado\LlmTornado.csproj::TargetFramework=net462]
C:\Users\lordo\Documents\GitHub\llmtornado\src\LlmTornado\Videos\Vendors\Zai\VendorZaiVideoHandler.cs(146,16): warning CS8602: Dereference of a possibly null reference. [C:\Users\lordo\Documents\GitHub\llmtornado\src\LlmTornado\LlmTornado.csproj::TargetFramework=net462]
C:\Users\lordo\Documents\GitHub\llmtornado\src\LlmTornado\Chat\Vendors\Perplexity\VendorPerplexityChatRequestData.cs(21,50): warning CS8604: Possible null reference argument for parameter 'o' in 'JObject JObject.FromObject(object o, JsonSerializer jsonSerializer)'. [C:\Users\lordo\Documents\GitHub\llmtornado\src\LlmTornado\LlmTornado.csproj::TargetFramework=net462]
C:\Users\lordo\Documents\GitHub\llmtornado\src\LlmTornado\Chat\Vendors\Perplexity\ChatResultVendorPerplexity.cs(9,38): warning CS8618: Non-nullable property 'Usage' must contain a non-null value when exiting constructor. Consider adding the 'required' modifier or declaring the property as nullable. [C:\Users\lordo\Documents\GitHub\llmtornado\src\LlmTornado\LlmTornado.csproj::TargetFramework=net462]
C:\Users\lordo\Documents\GitHub\llmtornado\src\LlmTornado\Chat\Vendors\MoonshotAi\VendorMoonshotAiChatRequest.cs(23,35): warning CS8604: Possible null reference argument for parameter 'o' in 'JObject JObject.FromObject(object o, JsonSerializer jsonSerializer)'. [C:\Users\lordo\Documents\GitHub\llmtornado\src\LlmTornado\LlmTornado.csproj::TargetFramework=net462]
C:\Users\lordo\Documents\GitHub\llmtornado\src\LlmTornado\Common\Tool.cs(618,19): warning CS8618: Non-nullable property 'Native' must contain a non-null value when exiting constructor. Consider adding the 'required' modifier or declaring the property as nullable. [C:\Users\lordo\Documents\GitHub\llmtornado\src\LlmTornado\LlmTornado.csproj::TargetFramework=net462]
C:\Users\lordo\Documents\GitHub\llmtornado\src\LlmTornado\Common\Tool.cs(607,19): warning CS8618: Non-nullable property 'Blob' must contain a non-null value when exiting constructor. Consider adding the 'required' modifier or declaring the property as nullable. [C:\Users\lordo\Documents\GitHub\llmtornado\src\LlmTornado\LlmTornado.csproj::TargetFramework=net462]
C:\Users\lordo\Documents\GitHub\llmtornado\src\LlmTornado\Common\Tool.cs(586,19): warning CS8618: Non-nullable property 'Text' must contain a non-null value when exiting constructor. Consider adding the 'required' modifier or declaring the property as nullable. [C:\Users\lordo\Documents\GitHub\llmtornado\src\LlmTornado\LlmTornado.csproj::TargetFramework=net462]
C:\Users\lordo\Documents\GitHub\llmtornado\src\LlmTornado\Common\Tool.cs(505,19): warning CS8618: Non-nullable property 'Uri' must contain a non-null value when exiting constructor. Consider adding the 'required' modifier or declaring the property as nullable. [C:\Users\lordo\Documents\GitHub\llmtornado\src\LlmTornado\LlmTornado.csproj::TargetFramework=net462]
C:\Users\lordo\Documents\GitHub\llmtornado\src\LlmTornado\Common\Tool.cs(510,19): warning CS8618: Non-nullable property 'Name' must contain a non-null value when exiting constructor. Consider adding the 'required' modifier or declaring the property as nullable. [C:\Users\lordo\Documents\GitHub\llmtornado\src\LlmTornado\LlmTornado.csproj::TargetFramework=net462]
C:\Users\lordo\Documents\GitHub\llmtornado\src\LlmTornado\Common\Tool.cs(481,52): warning CS8618: Non-nullable property 'Resource' must contain a non-null value when exiting constructor. Consider adding the 'required' modifier or declaring the property as nullable. [C:\Users\lordo\Documents\GitHub\llmtornado\src\LlmTornado\LlmTornado.csproj::TargetFramework=net462]
C:\Users\lordo\Documents\GitHub\llmtornado\src\LlmTornado\Common\Tool.cs(491,19): warning CS8618: Non-nullable property 'MimeType' must contain a non-null value when exiting constructor. Consider adding the 'required' modifier or declaring the property as nullable. [C:\Users\lordo\Documents\GitHub\llmtornado\src\LlmTornado\LlmTornado.csproj::TargetFramework=net462]
C:\Users\lordo\Documents\GitHub\llmtornado\src\LlmTornado\Common\Tool.cs(452,19): warning CS8618: Non-nullable property 'Data' must contain a non-null value when exiting constructor. Consider adding the 'required' modifier or declaring the property as nullable. [C:\Users\lordo\Documents\GitHub\llmtornado\src\LlmTornado\LlmTornado.csproj::TargetFramework=net462]
C:\Users\lordo\Documents\GitHub\llmtornado\src\LlmTornado\Common\Tool.cs(462,19): warning CS8618: Non-nullable property 'MimeType' must contain a non-null value when exiting constructor. Consider adding the 'required' modifier or declaring the property as nullable. [C:\Users\lordo\Documents\GitHub\llmtornado\src\LlmTornado\LlmTornado.csproj::TargetFramework=net462]
C:\Users\lordo\Documents\GitHub\llmtornado\src\LlmTornado\Common\Tool.cs(436,19): warning CS8618: Non-nullable property 'Data' must contain a non-null value when exiting constructor. Consider adding the 'required' modifier or declaring the property as nullable. [C:\Users\lordo\Documents\GitHub\llmtornado\src\LlmTornado\LlmTornado.csproj::TargetFramework=net462]
C:\Users\lordo\Documents\GitHub\llmtornado\src\LlmTornado\Common\Tool.cs(441,19): warning CS8618: Non-nullable property 'MimeType' must contain a non-null value when exiting constructor. Consider adding the 'required' modifier or declaring the property as nullable. [C:\Users\lordo\Documents\GitHub\llmtornado\src\LlmTornado\LlmTornado.csproj::TargetFramework=net462]
C:\Users\lordo\Documents\GitHub\llmtornado\src\LlmTornado\Common\Tool.cs(425,19): warning CS8618: Non-nullable property 'Text' must contain a non-null value when exiting constructor. Consider adding the 'required' modifier or declaring the property as nullable. [C:\Users\lordo\Documents\GitHub\llmtornado\src\LlmTornado\LlmTornado.csproj::TargetFramework=net462]
C:\Users\lordo\Documents\GitHub\llmtornado\src\LlmTornado\Common\Tool.cs(414,19): warning CS8618: Non-nullable property 'NativeBlock' must contain a non-null value when exiting constructor. Consider adding the 'required' modifier or declaring the property as nullable. [C:\Users\lordo\Documents\GitHub\llmtornado\src\LlmTornado\LlmTornado.csproj::TargetFramework=net462]
C:\Users\lordo\Documents\GitHub\llmtornado\src\LlmTornado\Common\Tool.cs(409,34): warning CS8618: Non-nullable property 'NativeBlock' must contain a non-null value when exiting constructor. Consider adding the 'required' modifier or declaring the property as nullable. [C:\Users\lordo\Documents\GitHub\llmtornado\src\LlmTornado\LlmTornado.csproj::TargetFramework=net462]
C:\Users\lordo\Documents\GitHub\llmtornado\src\LlmTornado\Common\Tool.cs(345,35): warning CS8618: Non-nullable property 'McpContentBlocks' must contain a non-null value when exiting constructor. Consider adding the 'required' modifier or declaring the property as nullable. [C:\Users\lordo\Documents\GitHub\llmtornado\src\LlmTornado\LlmTornado.csproj::TargetFramework=net462]
C:\Users\lordo\Documents\GitHub\llmtornado\src\LlmTornado\Common\Tool.cs(92,12): warning CS8618: Non-nullable property 'Name' must contain a non-null value when exiting constructor. Consider adding the 'required' modifier or declaring the property as nullable. [C:\Users\lordo\Documents\GitHub\llmtornado\src\LlmTornado\LlmTornado.csproj::TargetFramework=net462]
C:\Users\lordo\Documents\GitHub\llmtornado\src\LlmTornado\Common\Tool.cs(92,12): warning CS8618: Non-nullable property 'Content' must contain a non-null value when exiting constructor. Consider adding the 'required' modifier or declaring the property as nullable. [C:\Users\lordo\Documents\GitHub\llmtornado\src\LlmTornado\LlmTornado.csproj::TargetFramework=net462]
C:\Users\lordo\Documents\GitHub\llmtornado\src\LlmTornado\Chat\Vendors\Mistral\VendorMistralChatRequest.cs(113,23): warning CS8618: Non-nullable property 'Content' must contain a non-null value when exiting constructor. Consider adding the 'required' modifier or declaring the property as nullable. [C:\Users\lordo\Documents\GitHub\llmtornado\src\LlmTornado\LlmTornado.csproj::TargetFramework=net462]
C:\Users\lordo\Documents\GitHub\llmtornado\src\LlmTornado\Chat\Vendors\Mistral\VendorMistralChatRequest.cs(95,23): warning CS8618: Non-nullable property 'Name' must contain a non-null value when exiting constructor. Consider adding the 'required' modifier or declaring the property as nullable. [C:\Users\lordo\Documents\GitHub\llmtornado\src\LlmTornado\LlmTornado.csproj::TargetFramework=net462]
C:\Users\lordo\Documents\GitHub\llmtornado\src\LlmTornado\Common\ListResponse.cs(50,12): warning CS8618: Non-nullable property 'FirstId' must contain a non-null value when exiting constructor. Consider adding the 'required' modifier or declaring the property as nullable. [C:\Users\lordo\Documents\GitHub\llmtornado\src\LlmTornado\LlmTornado.csproj::TargetFramework=net462]
C:\Users\lordo\Documents\GitHub\llmtornado\src\LlmTornado\Common\ListResponse.cs(50,12): warning CS8618: Non-nullable property 'LastId' must contain a non-null value when exiting constructor. Consider adding the 'required' modifier or declaring the property as nullable. [C:\Users\lordo\Documents\GitHub\llmtornado\src\LlmTornado\LlmTornado.csproj::TargetFramework=net462]
C:\Users\lordo\Documents\GitHub\llmtornado\src\LlmTornado\Vendor\Google\GoogleEndpointProvider.cs(103,31): warning CS8600: Converting null literal or possible null value to non-nullable type. [C:\Users\lordo\Documents\GitHub\llmtornado\src\LlmTornado\LlmTornado.csproj::TargetFramework=net462]
C:\Users\lordo\Documents\GitHub\llmtornado\src\LlmTornado\Common\ListQuery.cs(187,37): warning CS8604: Possible null reference argument for parameter 'value' in 'void Dictionary<string, object>.Add(string key, object value)'. [C:\Users\lordo\Documents\GitHub\llmtornado\src\LlmTornado\LlmTornado.csproj::TargetFramework=net462]
C:\Users\lordo\Documents\GitHub\llmtornado\src\LlmTornado\Common\ListQuery.cs(192,38): warning CS8604: Possible null reference argument for parameter 'value' in 'void Dictionary<string, object>.Add(string key, object value)'. [C:\Users\lordo\Documents\GitHub\llmtornado\src\LlmTornado\LlmTornado.csproj::TargetFramework=net462]
C:\Users\lordo\Documents\GitHub\llmtornado\src\LlmTornado\Batch\Vendors\Anthropic\VendorAnthropicBatchRequest.cs(24,49): warning CS8604: Possible null reference argument for parameter 'request' in 'VendorAnthropicChatRequest.VendorAnthropicChatRequest(ChatRequest request, IEndpointProvider provider)'. [C:\Users\lordo\Documents\GitHub\llmtornado\src\LlmTornado\LlmTornado.csproj::TargetFramework=net462]
C:\Users\lordo\Documents\GitHub\llmtornado\src\LlmTornado\Common\HttpCallResult.cs(41,19): warning CS8618: Non-nullable property 'Url' must contain a non-null value when exiting constructor. Consider adding the 'required' modifier or declaring the property as nullable. [C:\Users\lordo\Documents\GitHub\llmtornado\src\LlmTornado\LlmTornado.csproj::TargetFramework=net462]
C:\Users\lordo\Documents\GitHub\llmtornado\src\LlmTornado\Common\HttpCallResult.cs(46,23): warning CS8618: Non-nullable property 'Method' must contain a non-null value when exiting constructor. Consider adding the 'required' modifier or declaring the property as nullable. [C:\Users\lordo\Documents\GitHub\llmtornado\src\LlmTornado\LlmTornado.csproj::TargetFramework=net462]
C:\Users\lordo\Documents\GitHub\llmtornado\src\LlmTornado\Common\EventResponse.cs(8,12): warning CS8618: Non-nullable property 'Object' must contain a non-null value when exiting constructor. Consider adding the 'required' modifier or declaring the property as nullable. [C:\Users\lordo\Documents\GitHub\llmtornado\src\LlmTornado\LlmTornado.csproj::TargetFramework=net462]
C:\Users\lordo\Documents\GitHub\llmtornado\src\LlmTornado\Common\EventResponse.cs(8,12): warning CS8618: Non-nullable property 'Level' must contain a non-null value when exiting constructor. Consider adding the 'required' modifier or declaring the property as nullable. [C:\Users\lordo\Documents\GitHub\llmtornado\src\LlmTornado\LlmTornado.csproj::TargetFramework=net462]
C:\Users\lordo\Documents\GitHub\llmtornado\src\LlmTornado\Common\EventResponse.cs(8,12): warning CS8618: Non-nullable property 'Message' must contain a non-null value when exiting constructor. Consider adding the 'required' modifier or declaring the property as nullable. [C:\Users\lordo\Documents\GitHub\llmtornado\src\LlmTornado\LlmTornado.csproj::TargetFramework=net462]
C:\Users\lordo\Documents\GitHub\llmtornado\src\LlmTornado\Common\Event.cs(10,19): warning CS8618: Non-nullable property 'Object' must contain a non-null value when exiting constructor. Consider adding the 'required' modifier or declaring the property as nullable. [C:\Users\lordo\Documents\GitHub\llmtornado\src\LlmTornado\LlmTornado.csproj::TargetFramework=net462]
C:\Users\lordo\Documents\GitHub\llmtornado\src\LlmTornado\Common\Event.cs(22,19): warning CS8618: Non-nullable property 'Level' must contain a non-null value when exiting constructor. Consider adding the 'required' modifier or declaring the property as nullable. [C:\Users\lordo\Documents\GitHub\llmtornado\src\LlmTornado\LlmTornado.csproj::TargetFramework=net462]
C:\Users\lordo\Documents\GitHub\llmtornado\src\LlmTornado\Common\Event.cs(25,19): warning CS8618: Non-nullable property 'Message' must contain a non-null value when exiting constructor. Consider adding the 'required' modifier or declaring the property as nullable. [C:\Users\lordo\Documents\GitHub\llmtornado\src\LlmTornado\LlmTornado.csproj::TargetFramework=net462]
C:\Users\lordo\Documents\GitHub\llmtornado\src\LlmTornado\Videos\Vendors\XAi\VendorXAiVideoRequest.cs(118,33): warning CS8601: Possible null reference assignment. [C:\Users\lordo\Documents\GitHub\llmtornado\src\LlmTornado\LlmTornado.csproj::TargetFramework=net462]
C:\Users\lordo\Documents\GitHub\llmtornado\src\LlmTornado\Skills\SkillVersionDeleteResponse.cs(17,19): warning CS8618: Non-nullable property 'Id' must contain a non-null value when exiting constructor. Consider adding the 'required' modifier or declaring the property as nullable. [C:\Users\lordo\Documents\GitHub\llmtornado\src\LlmTornado\LlmTornado.csproj::TargetFramework=net462]
C:\Users\lordo\Documents\GitHub\llmtornado\src\LlmTornado\Skills\SkillVersion.cs(12,19): warning CS8618: Non-nullable property 'Name' must contain a non-null value when exiting constructor. Consider adding the 'required' modifier or declaring the property as nullable. [C:\Users\lordo\Documents\GitHub\llmtornado\src\LlmTornado\LlmTornado.csproj::TargetFramework=net462]
C:\Users\lordo\Documents\GitHub\llmtornado\src\LlmTornado\Skills\SkillVersion.cs(17,19): warning CS8618: Non-nullable property 'Id' must contain a non-null value when exiting constructor. Consider adding the 'required' modifier or declaring the property as nullable. [C:\Users\lordo\Documents\GitHub\llmtornado\src\LlmTornado\LlmTornado.csproj::TargetFramework=net462]
C:\Users\lordo\Documents\GitHub\llmtornado\src\LlmTornado\Skills\SkillVersion.cs(23,19): warning CS8618: Non-nullable property 'SkillId' must contain a non-null value when exiting constructor. Consider adding the 'required' modifier or declaring the property as nullable. [C:\Users\lordo\Documents\GitHub\llmtornado\src\LlmTornado\LlmTornado.csproj::TargetFramework=net462]
C:\Users\lordo\Documents\GitHub\llmtornado\src\LlmTornado\Skills\SkillVersion.cs(30,19): warning CS8618: Non-nullable property 'Description' must contain a non-null value when exiting constructor. Consider adding the 'required' modifier or declaring the property as nullable. [C:\Users\lordo\Documents\GitHub\llmtornado\src\LlmTornado\LlmTornado.csproj::TargetFramework=net462]
C:\Users\lordo\Documents\GitHub\llmtornado\src\LlmTornado\Skills\SkillVersion.cs(36,19): warning CS8618: Non-nullable property 'Directory' must contain a non-null value when exiting constructor. Consider adding the 'required' modifier or declaring the property as nullable. [C:\Users\lordo\Documents\GitHub\llmtornado\src\LlmTornado\LlmTornado.csproj::TargetFramework=net462]
C:\Users\lordo\Documents\GitHub\llmtornado\src\LlmTornado\Skills\SkillVersion.cs(48,19): warning CS8618: Non-nullable property 'Version' must contain a non-null value when exiting constructor. Consider adding the 'required' modifier or declaring the property as nullable. [C:\Users\lordo\Documents\GitHub\llmtornado\src\LlmTornado\LlmTornado.csproj::TargetFramework=net462]
C:\Users\lordo\Documents\GitHub\llmtornado\src\LlmTornado\Videos\Vendors\XAi\VendorXAiVideoHandler.cs(92,33): warning CS8601: Possible null reference assignment. [C:\Users\lordo\Documents\GitHub\llmtornado\src\LlmTornado\LlmTornado.csproj::TargetFramework=net462]
C:\Users\lordo\Documents\GitHub\llmtornado\src\LlmTornado\Tokenize\Vendors\VendorCohereTokenizeRequest.cs(24,20): warning CS8601: Possible null reference assignment. [C:\Users\lordo\Documents\GitHub\llmtornado\src\LlmTornado\LlmTornado.csproj::TargetFramework=net462]
C:\Users\lordo\Documents\GitHub\llmtornado\src\LlmTornado\Tokenize\Vendors\VendorCohereTokenizeRequest.cs(17,12): warning CS8618: Non-nullable property 'Text' must contain a non-null value when exiting constructor. Consider adding the 'required' modifier or declaring the property as nullable. [C:\Users\lordo\Documents\GitHub\llmtornado\src\LlmTornado\LlmTornado.csproj::TargetFramework=net462]
C:\Users\lordo\Documents\GitHub\llmtornado\src\LlmTornado\Skills\SkillsEndpoint.cs(49,35): warning CS8601: Possible null reference assignment. [C:\Users\lordo\Documents\GitHub\llmtornado\src\LlmTornado\LlmTornado.csproj::TargetFramework=net462]
C:\Users\lordo\Documents\GitHub\llmtornado\src\LlmTornado\Skills\SkillsEndpoint.cs(55,37): warning CS8601: Possible null reference assignment. [C:\Users\lordo\Documents\GitHub\llmtornado\src\LlmTornado\LlmTornado.csproj::TargetFramework=net462]
C:\Users\lordo\Documents\GitHub\llmtornado\src\LlmTornado\Skills\SkillsEndpoint.cs(83,26): warning CS0168: The variable 'ex' is declared but never used [C:\Users\lordo\Documents\GitHub\llmtornado\src\LlmTornado\LlmTornado.csproj::TargetFramework=net462]
C:\Users\lordo\Documents\GitHub\llmtornado\src\LlmTornado\Rerank\RerankResult.cs(16,19): warning CS8618: Non-nullable property 'Object' must contain a non-null value when exiting constructor. Consider adding the 'required' modifier or declaring the property as nullable. [C:\Users\lordo\Documents\GitHub\llmtornado\src\LlmTornado\LlmTornado.csproj::TargetFramework=net462]
C:\Users\lordo\Documents\GitHub\llmtornado\src\LlmTornado\Rerank\RerankResult.cs(22,29): warning CS8618: Non-nullable property 'Data' must contain a non-null value when exiting constructor. Consider adding the 'required' modifier or declaring the property as nullable. [C:\Users\lordo\Documents\GitHub\llmtornado\src\LlmTornado\LlmTornado.csproj::TargetFramework=net462]
C:\Users\lordo\Documents\GitHub\llmtornado\src\LlmTornado\Rerank\RerankResult.cs(28,19): warning CS8618: Non-nullable property 'Model' must contain a non-null value when exiting constructor. Consider adding the 'required' modifier or declaring the property as nullable. [C:\Users\lordo\Documents\GitHub\llmtornado\src\LlmTornado\LlmTornado.csproj::TargetFramework=net462]
C:\Users\lordo\Documents\GitHub\llmtornado\src\LlmTornado\Rerank\RerankResult.cs(34,18): warning CS8618: Non-nullable property 'Usage' must contain a non-null value when exiting constructor. Consider adding the 'required' modifier or declaring the property as nullable. [C:\Users\lordo\Documents\GitHub\llmtornado\src\LlmTornado\LlmTornado.csproj::TargetFramework=net462]
C:\Users\lordo\Documents\GitHub\llmtornado\src\LlmTornado\Skills\SkillsEndpoint.cs(147,35): warning CS8601: Possible null reference assignment. [C:\Users\lordo\Documents\GitHub\llmtornado\src\LlmTornado\LlmTornado.csproj::TargetFramework=net462]
C:\Users\lordo\Documents\GitHub\llmtornado\src\LlmTornado\Chat\Vendors\Mistral\MistralChatMessageConverter.cs(75,73): warning CS8604: Possible null reference argument for parameter 'content' in 'ChatImage.ChatImage(string content)'. [C:\Users\lordo\Documents\GitHub\llmtornado\src\LlmTornado\LlmTornado.csproj::TargetFramework=net462]
C:\Users\lordo\Documents\GitHub\llmtornado\src\LlmTornado\Chat\Vendors\Mistral\MistralChatMessageConverter.cs(84,91): warning CS8604: Possible null reference argument for parameter 'fileUri' in 'ChatMessagePartFileLinkData.ChatMessagePartFileLinkData(string fileUri, string? mimeType = null)'. [C:\Users\lordo\Documents\GitHub\llmtornado\src\LlmTornado\LlmTornado.csproj::TargetFramework=net462]
C:\Users\lordo\Documents\GitHub\llmtornado\src\LlmTornado\Chat\Vendors\Mistral\MistralChatMessageConverter.cs(101,91): warning CS8604: Possible null reference argument for parameter 'fileUri' in 'ChatMessagePartFileLinkData.ChatMessagePartFileLinkData(string fileUri, string? mimeType = null)'. [C:\Users\lordo\Documents\GitHub\llmtornado\src\LlmTornado\LlmTornado.csproj::TargetFramework=net462]
C:\Users\lordo\Documents\GitHub\llmtornado\src\LlmTornado\Vendor\Google\GoogleEndpointProvider.cs(426,26): warning CS0168: The variable 'e' is declared but never used [C:\Users\lordo\Documents\GitHub\llmtornado\src\LlmTornado\LlmTornado.csproj::TargetFramework=net462]
C:\Users\lordo\Documents\GitHub\llmtornado\src\LlmTornado\Videos\Vendors\OpenAi\VendorOpenAiVideoRequest.cs(150,44): warning CS8604: Possible null reference argument for parameter 'id' in 'VideoReference.VideoReference(string id)'. [C:\Users\lordo\Documents\GitHub\llmtornado\src\LlmTornado\LlmTornado.csproj::TargetFramework=net462]
C:\Users\lordo\Documents\GitHub\llmtornado\src\LlmTornado\Skills\SkillDeleteResponse.cs(17,19): warning CS8618: Non-nullable property 'Id' must contain a non-null value when exiting constructor. Consider adding the 'required' modifier or declaring the property as nullable. [C:\Users\lordo\Documents\GitHub\llmtornado\src\LlmTornado\LlmTornado.csproj::TargetFramework=net462]
C:\Users\lordo\Documents\GitHub\llmtornado\src\LlmTornado\Skills\Skill.cs(15,19): warning CS8618: Non-nullable property 'DisplayTitle' must contain a non-null value when exiting constructor. Consider adding the 'required' modifier or declaring the property as nullable. [C:\Users\lordo\Documents\GitHub\llmtornado\src\LlmTornado\LlmTornado.csproj::TargetFramework=net462]
C:\Users\lordo\Documents\GitHub\llmtornado\src\LlmTornado\Skills\Skill.cs(20,19): warning CS8618: Non-nullable property 'Id' must contain a non-null value when exiting constructor. Consider adding the 'required' modifier or declaring the property as nullable. [C:\Users\lordo\Documents\GitHub\llmtornado\src\LlmTornado\LlmTornado.csproj::TargetFramework=net462]
C:\Users\lordo\Documents\GitHub\llmtornado\src\LlmTornado\Skills\Skill.cs(40,19): warning CS8618: Non-nullable property 'LatestVersion' must contain a non-null value when exiting constructor. Consider adding the 'required' modifier or declaring the property as nullable. [C:\Users\lordo\Documents\GitHub\llmtornado\src\LlmTornado\LlmTornado.csproj::TargetFramework=net462]
C:\Users\lordo\Documents\GitHub\llmtornado\src\LlmTornado\Chat\Vendors\Mistral\MistralChatMessageConverter.cs(180,24): warning CS8601: Possible null reference assignment. [C:\Users\lordo\Documents\GitHub\llmtornado\src\LlmTornado\LlmTornado.csproj::TargetFramework=net462]
C:\Users\lordo\Documents\GitHub\llmtornado\src\LlmTornado\Chat\Vendors\Mistral\MistralChatMessageConverter.cs(184,32): warning CS8601: Possible null reference assignment. [C:\Users\lordo\Documents\GitHub\llmtornado\src\LlmTornado\LlmTornado.csproj::TargetFramework=net462]
C:\Users\lordo\Documents\GitHub\llmtornado\src\LlmTornado\Chat\Vendors\Mistral\MistralChatMessageConverter.cs(224,39): warning CS8604: Possible null reference argument for parameter 'text' in 'ChatMessagePart.ChatMessagePart(string text)'. [C:\Users\lordo\Documents\GitHub\llmtornado\src\LlmTornado\LlmTornado.csproj::TargetFramework=net462]
C:\Users\lordo\Documents\GitHub\llmtornado\src\LlmTornado\Ocr\OcrRequest.cs(17,12): warning CS8618: Non-nullable property 'Model' must contain a non-null value when exiting constructor. Consider adding the 'required' modifier or declaring the property as nullable. [C:\Users\lordo\Documents\GitHub\llmtornado\src\LlmTornado\LlmTornado.csproj::TargetFramework=net462]
C:\Users\lordo\Documents\GitHub\llmtornado\src\LlmTornado\Ocr\OcrRequest.cs(17,12): warning CS8618: Non-nullable property 'Document' must contain a non-null value when exiting constructor. Consider adding the 'required' modifier or declaring the property as nullable. [C:\Users\lordo\Documents\GitHub\llmtornado\src\LlmTornado\LlmTornado.csproj::TargetFramework=net462]
C:\Users\lordo\Documents\GitHub\llmtornado\src\LlmTornado\Ocr\OcrRequest.cs(36,12): warning CS8618: Non-nullable property 'Model' must contain a non-null value when exiting constructor. Consider adding the 'required' modifier or declaring the property as nullable. [C:\Users\lordo\Documents\GitHub\llmtornado\src\LlmTornado\LlmTornado.csproj::TargetFramework=net462]
C:\Users\lordo\Documents\GitHub\llmtornado\src\LlmTornado\Ocr\OcrRequest.cs(36,12): warning CS8618: Non-nullable property 'Document' must contain a non-null value when exiting constructor. Consider adding the 'required' modifier or declaring the property as nullable. [C:\Users\lordo\Documents\GitHub\llmtornado\src\LlmTornado\LlmTornado.csproj::TargetFramework=net462]
C:\Users\lordo\Documents\GitHub\llmtornado\src\LlmTornado\RateLimits\AnthropicRateLimitModels.cs(55,35): warning CS8601: Possible null reference assignment. [C:\Users\lordo\Documents\GitHub\llmtornado\src\LlmTornado\LlmTornado.csproj::TargetFramework=net462]
C:\Users\lordo\Documents\GitHub\llmtornado\src\LlmTornado\RateLimits\AnthropicRateLimitModels.cs(60,34): warning CS8601: Possible null reference assignment. [C:\Users\lordo\Documents\GitHub\llmtornado\src\LlmTornado\LlmTornado.csproj::TargetFramework=net462]
C:\Users\lordo\Documents\GitHub\llmtornado\src\LlmTornado\Chat\Vendors\Google\VendorGoogleChatRequest.cs(1442,14): warning CS0219: The variable 'anyStrictTool' is assigned but its value is never used [C:\Users\lordo\Documents\GitHub\llmtornado\src\LlmTornado\LlmTornado.csproj::TargetFramework=net462]
C:\Users\lordo\Documents\GitHub\llmtornado\src\LlmTornado\Images\ImageGenerationRequest.cs(267,26): warning CS0436: The type 'FrozenDictionary<TKey, TValue>' in 'C:\Users\lordo\Documents\GitHub\llmtornado\src\LlmTornado\Code\LegacyFrozen.cs' conflicts with the imported type 'FrozenDictionary<TKey, TValue>' in 'System.Collections.Immutable, Version=8.0.0.0, Culture=neutral, PublicKeyToken=b03f5f7f11d50a3a'. Using the type defined in 'C:\Users\lordo\Documents\GitHub\llmtornado\src\LlmTornado\Code\LegacyFrozen.cs'. [C:\Users\lordo\Documents\GitHub\llmtornado\src\LlmTornado\LlmTornado.csproj::TargetFramework=netstandard2.0]
C:\Users\lordo\Documents\GitHub\llmtornado\src\LlmTornado\Realtime\Translation\RealtimeTranslationEndpoint.cs(43,94): warning CS8604: Possible null reference argument for parameter 'json' in 'RealtimeTranslationEvent VendorOpenAiRealtimeTranslation.ParseEvent(string json)'. [C:\Users\lordo\Documents\GitHub\llmtornado\src\LlmTornado\LlmTornado.csproj::TargetFramework=net462]
C:\Users\lordo\Documents\GitHub\llmtornado\src\LlmTornado\Ocr\OcrDocumentInput.cs(134,12): warning CS8618: Non-nullable property 'Url' must contain a non-null value when exiting constructor. Consider adding the 'required' modifier or declaring the property as nullable. [C:\Users\lordo\Documents\GitHub\llmtornado\src\LlmTornado\LlmTornado.csproj::TargetFramework=net462]
C:\Users\lordo\Documents\GitHub\llmtornado\src\LlmTornado\Moderation\ModerationResult.cs(46,38): warning CS8618: Non-nullable property 'Categories' must contain a non-null value when exiting constructor. Consider adding the 'required' modifier or declaring the property as nullable. [C:\Users\lordo\Documents\GitHub\llmtornado\src\LlmTornado\LlmTornado.csproj::TargetFramework=net462]
C:\Users\lordo\Documents\GitHub\llmtornado\src\LlmTornado\Moderation\ModerationResult.cs(52,40): warning CS8618: Non-nullable property 'CategoryScores' must contain a non-null value when exiting constructor. Consider adding the 'required' modifier or declaring the property as nullable. [C:\Users\lordo\Documents\GitHub\llmtornado\src\LlmTornado\LlmTornado.csproj::TargetFramework=net462]
C:\Users\lordo\Documents\GitHub\llmtornado\src\LlmTornado\Moderation\ModerationResult.cs(32,16): warning CS8603: Possible null reference return. [C:\Users\lordo\Documents\GitHub\llmtornado\src\LlmTornado\LlmTornado.csproj::TargetFramework=net462]
C:\Users\lordo\Documents\GitHub\llmtornado\src\LlmTornado\Moderation\ModerationResult.cs(16,25): warning CS8618: Non-nullable property 'Results' must contain a non-null value when exiting constructor. Consider adding the 'required' modifier or declaring the property as nullable. [C:\Users\lordo\Documents\GitHub\llmtornado\src\LlmTornado\LlmTornado.csproj::TargetFramework=net462]
C:\Users\lordo\Documents\GitHub\llmtornado\src\LlmTornado\Moderation\ModerationResult.cs(23,19): warning CS8618: Non-nullable property 'Id' must contain a non-null value when exiting constructor. Consider adding the 'required' modifier or declaring the property as nullable. [C:\Users\lordo\Documents\GitHub\llmtornado\src\LlmTornado\LlmTornado.csproj::TargetFramework=net462]
C:\Users\lordo\Documents\GitHub\llmtornado\src\LlmTornado\Moderation\ModerationRequest.cs(15,9): warning CS8618: Non-nullable property 'Model' must contain a non-null value when exiting constructor. Consider adding the 'required' modifier or declaring the property as nullable. [C:\Users\lordo\Documents\GitHub\llmtornado\src\LlmTornado\LlmTornado.csproj::TargetFramework=net462]
C:\Users\lordo\Documents\GitHub\llmtornado\src\LlmTornado\Moderation\ModerationRequest.cs(15,9): warning CS8618: Non-nullable property 'Inputs' must contain a non-null value when exiting constructor. Consider adding the 'required' modifier or declaring the property as nullable. [C:\Users\lordo\Documents\GitHub\llmtornado\src\LlmTornado\LlmTornado.csproj::TargetFramework=net462]
C:\Users\lordo\Documents\GitHub\llmtornado\src\LlmTornado\Moderation\ModerationRequest.cs(27,9): warning CS8618: Non-nullable property 'Inputs' must contain a non-null value when exiting constructor. Consider adding the 'required' modifier or declaring the property as nullable. [C:\Users\lordo\Documents\GitHub\llmtornado\src\LlmTornado\LlmTornado.csproj::TargetFramework=net462]
C:\Users\lordo\Documents\GitHub\llmtornado\src\LlmTornado\Moderation\ModerationRequest.cs(78,24): warning CS8603: Possible null reference return. [C:\Users\lordo\Documents\GitHub\llmtornado\src\LlmTornado\LlmTornado.csproj::TargetFramework=net462]
C:\Users\lordo\Documents\GitHub\llmtornado\src\LlmTornado\Skills\CreateSkillResponse.cs(14,19): warning CS8618: Non-nullable property 'Id' must contain a non-null value when exiting constructor. Consider adding the 'required' modifier or declaring the property as nullable. [C:\Users\lordo\Documents\GitHub\llmtornado\src\LlmTornado\LlmTornado.csproj::TargetFramework=net8.0]
C:\Users\lordo\Documents\GitHub\llmtornado\src\LlmTornado\Skills\OpenAiSkillsEndpoint.cs(158,30): warning CS8601: Possible null reference assignment. [C:\Users\lordo\Documents\GitHub\llmtornado\src\LlmTornado\LlmTornado.csproj::TargetFramework=net462]
C:\Users\lordo\Documents\GitHub\llmtornado\src\LlmTornado\Skills\OpenAiSkillsEndpoint.cs(164,30): warning CS8601: Possible null reference assignment. [C:\Users\lordo\Documents\GitHub\llmtornado\src\LlmTornado\LlmTornado.csproj::TargetFramework=net462]
C:\Users\lordo\Documents\GitHub\llmtornado\src\LlmTornado\Vendor\Cohere\CohereEndpointProvider.cs(229,22): warning CS8604: Possible null reference argument for parameter 'item' in 'void List<string>.Add(string item)'. [C:\Users\lordo\Documents\GitHub\llmtornado\src\LlmTornado\LlmTornado.csproj::TargetFramework=net462]
C:\Users\lordo\Documents\GitHub\llmtornado\src\LlmTornado\Infra\ToolFactory.cs(28,9): warning CS0618: 'ChatModelGoogleGemini.Gemini2Flash001' is obsolete: 'Shut down June 1, 2026. Use ModelGemini25Flash or ModelGemini35Flash instead.' [C:\Users\lordo\Documents\GitHub\llmtornado\src\LlmTornado\LlmTornado.csproj::TargetFramework=net462]
C:\Users\lordo\Documents\GitHub\llmtornado\src\LlmTornado\Infra\ToolFactory.cs(28,50): warning CS0618: 'ChatModelGoogleGemini.Gemini15Pro' is obsolete: 'Use ModelGemini25Pro instead.' [C:\Users\lordo\Documents\GitHub\llmtornado\src\LlmTornado\LlmTornado.csproj::TargetFramework=net462]
C:\Users\lordo\Documents\GitHub\llmtornado\src\LlmTornado\Infra\ToolFactory.cs(28,87): warning CS0618: 'ChatModelGoogleGemini.Gemini15Pro002' is obsolete: 'Use ModelGemini25Pro instead.' [C:\Users\lordo\Documents\GitHub\llmtornado\src\LlmTornado\LlmTornado.csproj::TargetFramework=net462]
C:\Users\lordo\Documents\GitHub\llmtornado\src\LlmTornado\Infra\ToolFactory.cs(28,127): warning CS0618: 'ChatModelGoogleGemini.Gemini15Pro001' is obsolete: 'Use ModelGemini25Pro instead.' [C:\Users\lordo\Documents\GitHub\llmtornado\src\LlmTornado\LlmTornado.csproj::TargetFramework=net462]
C:\Users\lordo\Documents\GitHub\llmtornado\src\LlmTornado\Infra\ToolFactory.cs(28,167): warning CS0618: 'ChatModelGoogleGemini.Gemini15ProLatest' is obsolete: 'Use ModelGemini25Pro instead.' [C:\Users\lordo\Documents\GitHub\llmtornado\src\LlmTornado\LlmTornado.csproj::TargetFramework=net462]
C:\Users\lordo\Documents\GitHub\llmtornado\src\LlmTornado\Infra\ToolFactory.cs(29,9): warning CS0618: 'ChatModelGoogleGemini.Gemini2FlashLatest' is obsolete: 'Shut down June 1, 2026. Use ModelGemini25Flash or ModelGemini35Flash instead.' [C:\Users\lordo\Documents\GitHub\llmtornado\src\LlmTornado\LlmTornado.csproj::TargetFramework=net462]
C:\Users\lordo\Documents\GitHub\llmtornado\src\LlmTornado\Skills\CreateSkillResponse.cs(9,19): warning CS8618: Non-nullable property 'DisplayTitle' must contain a non-null value when exiting constructor. Consider adding the 'required' modifier or declaring the property as nullable. [C:\Users\lordo\Documents\GitHub\llmtornado\src\LlmTornado\LlmTornado.csproj::TargetFramework=net462]
C:\Users\lordo\Documents\GitHub\llmtornado\src\LlmTornado\Skills\CreateSkillResponse.cs(14,19): warning CS8618: Non-nullable property 'Id' must contain a non-null value when exiting constructor. Consider adding the 'required' modifier or declaring the property as nullable. [C:\Users\lordo\Documents\GitHub\llmtornado\src\LlmTornado\LlmTornado.csproj::TargetFramework=net462]
C:\Users\lordo\Documents\GitHub\llmtornado\src\LlmTornado\Skills\CreateSkillResponse.cs(34,19): warning CS8618: Non-nullable property 'LatestVersion' must contain a non-null value when exiting constructor. Consider adding the 'required' modifier or declaring the property as nullable. [C:\Users\lordo\Documents\GitHub\llmtornado\src\LlmTornado\LlmTornado.csproj::TargetFramework=net462]
C:\Users\lordo\Documents\GitHub\llmtornado\src\LlmTornado\Infra\ToolFactory.cs(67,48): warning CS8604: Possible null reference argument for parameter 'description' in 'ToolFunction.ToolFunction(string name, string description, object parameters)'. [C:\Users\lordo\Documents\GitHub\llmtornado\src\LlmTornado\LlmTornado.csproj::TargetFramework=net462]
C:\Users\lordo\Documents\GitHub\llmtornado\src\LlmTornado\Vendor\Cohere\CohereEndpointProvider.cs(203,23): warning CS8618: Non-nullable property 'EventType' must contain a non-null value when exiting constructor. Consider adding the 'required' modifier or declaring the property as nullable. [C:\Users\lordo\Documents\GitHub\llmtornado\src\LlmTornado\LlmTornado.csproj::TargetFramework=net462]
C:\Users\lordo\Documents\GitHub\llmtornado\src\LlmTornado\Vendor\Cohere\CohereEndpointProvider.cs(195,50): warning CS8618: Non-nullable property 'ToolCalls' must contain a non-null value when exiting constructor. Consider adding the 'required' modifier or declaring the property as nullable. [C:\Users\lordo\Documents\GitHub\llmtornado\src\LlmTornado\LlmTornado.csproj::TargetFramework=net462]
C:\Users\lordo\Documents\GitHub\llmtornado\src\LlmTornado\Vendor\Cohere\CohereEndpointProvider.cs(189,47): warning CS8618: Non-nullable property 'Citations' must contain a non-null value when exiting constructor. Consider adding the 'required' modifier or declaring the property as nullable. [C:\Users\lordo\Documents\GitHub\llmtornado\src\LlmTornado\LlmTornado.csproj::TargetFramework=net462]
C:\Users\lordo\Documents\GitHub\llmtornado\src\LlmTornado\Live\Vendors\Google\VendorGoogleLiveMapper.cs(222,54): warning CS8602: Dereference of a possibly null reference. [C:\Users\lordo\Documents\GitHub\llmtornado\src\LlmTornado\LlmTornado.csproj::TargetFramework=net462]
C:\Users\lordo\Documents\GitHub\llmtornado\src\LlmTornado\Vendor\Cohere\CohereEndpointProvider.cs(183,51): warning CS8618: Non-nullable property 'SearchResults' must contain a non-null value when exiting constructor. Consider adding the 'required' modifier or declaring the property as nullable. [C:\Users\lordo\Documents\GitHub\llmtornado\src\LlmTornado\LlmTornado.csproj::TargetFramework=net462]
C:\Users\lordo\Documents\GitHub\llmtornado\src\LlmTornado\Vendor\Cohere\CohereEndpointProvider.cs(177,50): warning CS8618: Non-nullable property 'SearchQueries' must contain a non-null value when exiting constructor. Consider adding the 'required' modifier or declaring the property as nullable. [C:\Users\lordo\Documents\GitHub\llmtornado\src\LlmTornado\LlmTornado.csproj::TargetFramework=net462]
C:\Users\lordo\Documents\GitHub\llmtornado\src\LlmTornado\Vendor\Cohere\CohereEndpointProvider.cs(171,23): warning CS8618: Non-nullable property 'GenerationId' must contain a non-null value when exiting constructor. Consider adding the 'required' modifier or declaring the property as nullable. [C:\Users\lordo\Documents\GitHub\llmtornado\src\LlmTornado\LlmTornado.csproj::TargetFramework=net462]
C:\Users\lordo\Documents\GitHub\llmtornado\src\LlmTornado\Vendor\Cohere\CohereEndpointProvider.cs(165,23): warning CS8618: Non-nullable property 'Text' must contain a non-null value when exiting constructor. Consider adding the 'required' modifier or declaring the property as nullable. [C:\Users\lordo\Documents\GitHub\llmtornado\src\LlmTornado\LlmTornado.csproj::TargetFramework=net462]
C:\Users\lordo\Documents\GitHub\llmtornado\src\LlmTornado\Vendor\Cohere\CohereEndpointProvider.cs(110,42): warning CS8618: Non-nullable property 'Message' must contain a non-null value when exiting constructor. Consider adding the 'required' modifier or declaring the property as nullable. [C:\Users\lordo\Documents\GitHub\llmtornado\src\LlmTornado\LlmTornado.csproj::TargetFramework=net462]
C:\Users\lordo\Documents\GitHub\llmtornado\src\LlmTornado\Vendor\Cohere\CohereEndpointProvider.cs(98,46): warning CS8618: Non-nullable property 'Delta' must contain a non-null value when exiting constructor. Consider adding the 'required' modifier or declaring the property as nullable. [C:\Users\lordo\Documents\GitHub\llmtornado\src\LlmTornado\LlmTornado.csproj::TargetFramework=net462]
C:\Users\lordo\Documents\GitHub\llmtornado\src\LlmTornado\Vendor\Cohere\CohereEndpointProvider.cs(90,27): warning CS8618: Non-nullable property 'Type' must contain a non-null value when exiting constructor. Consider adding the 'required' modifier or declaring the property as nullable. [C:\Users\lordo\Documents\GitHub\llmtornado\src\LlmTornado\LlmTornado.csproj::TargetFramework=net462]
C:\Users\lordo\Documents\GitHub\llmtornado\src\LlmTornado\Vendor\Cohere\CohereEndpointProvider.cs(92,27): warning CS8618: Non-nullable property 'Text' must contain a non-null value when exiting constructor. Consider adding the 'required' modifier or declaring the property as nullable. [C:\Users\lordo\Documents\GitHub\llmtornado\src\LlmTornado\LlmTornado.csproj::TargetFramework=net462]
C:\Users\lordo\Documents\GitHub\llmtornado\src\LlmTornado\Vendor\Cohere\CohereEndpointProvider.cs(82,46): warning CS8618: Non-nullable property 'ContentBlock' must contain a non-null value when exiting constructor. Consider adding the 'required' modifier or declaring the property as nullable. [C:\Users\lordo\Documents\GitHub\llmtornado\src\LlmTornado\LlmTornado.csproj::TargetFramework=net462]
C:\Users\lordo\Documents\GitHub\llmtornado\src\LlmTornado\Vendor\Cohere\CohereEndpointProvider.cs(74,27): warning CS8618: Non-nullable property 'Type' must contain a non-null value when exiting constructor. Consider adding the 'required' modifier or declaring the property as nullable. [C:\Users\lordo\Documents\GitHub\llmtornado\src\LlmTornado\LlmTornado.csproj::TargetFramework=net462]
C:\Users\lordo\Documents\GitHub\llmtornado\src\LlmTornado\Vendor\Cohere\CohereEndpointProvider.cs(76,27): warning CS8618: Non-nullable property 'Text' must contain a non-null value when exiting constructor. Consider adding the 'required' modifier or declaring the property as nullable. [C:\Users\lordo\Documents\GitHub\llmtornado\src\LlmTornado\LlmTornado.csproj::TargetFramework=net462]
C:\Users\lordo\Documents\GitHub\llmtornado\src\LlmTornado\Interactions\InteractionsEndpoint.cs(45,74): warning CS8604: Possible null reference argument for parameter 'environmentId' in 'InteractionEnvironmentReference InteractionEnvironmentReference.FromId(string environmentId)'. [C:\Users\lordo\Documents\GitHub\llmtornado\src\LlmTornado\LlmTornado.csproj::TargetFramework=net462]
C:\Users\lordo\Documents\GitHub\llmtornado\src\LlmTornado\Responses\ResponseTool.cs(1088,38): warning CS8601: Possible null reference assignment. [C:\Users\lordo\Documents\GitHub\llmtornado\src\LlmTornado\LlmTornado.csproj::TargetFramework=net462]
C:\Users\lordo\Documents\GitHub\llmtornado\src\LlmTornado\Threads\ThreadsEndpoint.cs(401,63): warning CS8604: Possible null reference argument for parameter 'key' in 'bool FrozenDictionary<string, OpenAiAssistantStreamEvent>.TryGetValue(string key, out OpenAiAssistantStreamEvent value)'. [C:\Users\lordo\Documents\GitHub\llmtornado\src\LlmTornado\LlmTornado.csproj::TargetFramework=net462]
C:\Users\lordo\Documents\GitHub\llmtornado\src\LlmTornado\Threads\ThreadsEndpoint.cs(510,17): warning CS0219: The variable 'unk' is assigned but its value is never used [C:\Users\lordo\Documents\GitHub\llmtornado\src\LlmTornado\LlmTornado.csproj::TargetFramework=net462]
C:\Users\lordo\Documents\GitHub\llmtornado\src\LlmTornado\Interactions\InteractionsEndpoint.cs(111,70): warning CS8604: Possible null reference argument for parameter 'reader' in 'IAsyncEnumerable<ServerSentEvent> IEndpointProvider.InboundStream(StreamReader reader)'. [C:\Users\lordo\Documents\GitHub\llmtornado\src\LlmTornado\LlmTornado.csproj::TargetFramework=net462]
C:\Users\lordo\Documents\GitHub\llmtornado\src\LlmTornado\Interactions\InteractionsEndpoint.cs(142,38): warning CS8601: Possible null reference assignment. [C:\Users\lordo\Documents\GitHub\llmtornado\src\LlmTornado\LlmTornado.csproj::TargetFramework=net462]
C:\Users\lordo\Documents\GitHub\llmtornado\src\LlmTornado\Videos\Vendors\Google\VendorGoogleVideoRequest.cs(165,23): warning CS8618: Non-nullable property 'Prompt' must contain a non-null value when exiting constructor. Consider adding the 'required' modifier or declaring the property as nullable. [C:\Users\lordo\Documents\GitHub\llmtornado\src\LlmTornado\LlmTornado.csproj::TargetFramework=net462]
C:\Users\lordo\Documents\GitHub\llmtornado\src\LlmTornado\Vendor\Anthropic\AnthropicEndpointProvider.cs(366,47): warning CS8602: Dereference of a possibly null reference. [C:\Users\lordo\Documents\GitHub\llmtornado\src\LlmTornado\LlmTornado.csproj::TargetFramework=net462]
C:\Users\lordo\Documents\GitHub\llmtornado\src\LlmTornado\Interactions\Interaction.cs(17,20): warning CS0108: 'Interaction.Object' hides inherited member 'ApiResultBase.Object'. Use the new keyword if hiding was intended. [C:\Users\lordo\Documents\GitHub\llmtornado\src\LlmTornado\LlmTornado.csproj::TargetFramework=netstandard2.0]
C:\Users\lordo\Documents\GitHub\llmtornado\src\LlmTornado\Skills\CreateSkillResponse.cs(34,19): warning CS8618: Non-nullable property 'LatestVersion' must contain a non-null value when exiting constructor. Consider adding the 'required' modifier or declaring the property as nullable. [C:\Users\lordo\Documents\GitHub\llmtornado\src\LlmTornado\LlmTornado.csproj::TargetFramework=net8.0]
C:\Users\lordo\Documents\GitHub\llmtornado\src\LlmTornado\FineTuning\HyperParams.cs(8,19): warning CS8618: Non-nullable property 'Epochs' must contain a non-null value when exiting constructor. Consider adding the 'required' modifier or declaring the property as nullable. [C:\Users\lordo\Documents\GitHub\llmtornado\src\LlmTornado\LlmTornado.csproj::TargetFramework=net462]
C:\Users\lordo\Documents\GitHub\llmtornado\src\LlmTornado\Interactions\Interaction.cs(29,20): warning CS0108: 'Interaction.Model' hides inherited member 'ApiResultBase.Model'. Use the new keyword if hiding was intended. [C:\Users\lordo\Documents\GitHub\llmtornado\src\LlmTornado\LlmTornado.csproj::TargetFramework=netstandard2.0]
C:\Users\lordo\Documents\GitHub\llmtornado\src\LlmTornado\FineTuning\HyperParams.cs(11,19): warning CS8618: Non-nullable property 'BatchSize' must contain a non-null value when exiting constructor. Consider adding the 'required' modifier or declaring the property as nullable. [C:\Users\lordo\Documents\GitHub\llmtornado\src\LlmTornado\LlmTornado.csproj::TargetFramework=net462]
C:\Users\lordo\Documents\GitHub\llmtornado\src\LlmTornado\FineTuning\HyperParams.cs(14,19): warning CS8618: Non-nullable property 'LearningRateMultiplier' must contain a non-null value when exiting constructor. Consider adding the 'required' modifier or declaring the property as nullable. [C:\Users\lordo\Documents\GitHub\llmtornado\src\LlmTornado\LlmTornado.csproj::TargetFramework=net462]
C:\Users\lordo\Documents\GitHub\llmtornado\src\LlmTornado\FineTuning\FineTuneJobResponse.cs(13,12): warning CS8618: Non-nullable property 'Object' must contain a non-null value when exiting constructor. Consider adding the 'required' modifier or declaring the property as nullable. [C:\Users\lordo\Documents\GitHub\llmtornado\src\LlmTornado\LlmTornado.csproj::TargetFramework=net462]
C:\Users\lordo\Documents\GitHub\llmtornado\src\LlmTornado\FineTuning\FineTuneJobResponse.cs(13,12): warning CS8618: Non-nullable property 'Id' must contain a non-null value when exiting constructor. Consider adding the 'required' modifier or declaring the property as nullable. [C:\Users\lordo\Documents\GitHub\llmtornado\src\LlmTornado\LlmTornado.csproj::TargetFramework=net462]
C:\Users\lordo\Documents\GitHub\llmtornado\src\LlmTornado\FineTuning\FineTuneJobResponse.cs(13,12): warning CS8618: Non-nullable property 'Model' must contain a non-null value when exiting constructor. Consider adding the 'required' modifier or declaring the property as nullable. [C:\Users\lordo\Documents\GitHub\llmtornado\src\LlmTornado\LlmTornado.csproj::TargetFramework=net462]
C:\Users\lordo\Documents\GitHub\llmtornado\src\LlmTornado\FineTuning\FineTuneJobResponse.cs(13,12): warning CS8618: Non-nullable property 'FineTunedModel' must contain a non-null value when exiting constructor. Consider adding the 'required' modifier or declaring the property as nullable. [C:\Users\lordo\Documents\GitHub\llmtornado\src\LlmTornado\LlmTornado.csproj::TargetFramework=net462]
C:\Users\lordo\Documents\GitHub\llmtornado\src\LlmTornado\FineTuning\FineTuneJobResponse.cs(13,12): warning CS8618: Non-nullable property 'OrganizationId' must contain a non-null value when exiting constructor. Consider adding the 'required' modifier or declaring the property as nullable. [C:\Users\lordo\Documents\GitHub\llmtornado\src\LlmTornado\LlmTornado.csproj::TargetFramework=net462]
C:\Users\lordo\Documents\GitHub\llmtornado\src\LlmTornado\FineTuning\FineTuneJobResponse.cs(13,12): warning CS8618: Non-nullable property 'ResultFiles' must contain a non-null value when exiting constructor. Consider adding the 'required' modifier or declaring the property as nullable. [C:\Users\lordo\Documents\GitHub\llmtornado\src\LlmTornado\LlmTornado.csproj::TargetFramework=net462]
C:\Users\lordo\Documents\GitHub\llmtornado\src\LlmTornado\FineTuning\FineTuneJobResponse.cs(13,12): warning CS8618: Non-nullable property 'ValidationFile' must contain a non-null value when exiting constructor. Consider adding the 'required' modifier or declaring the property as nullable. [C:\Users\lordo\Documents\GitHub\llmtornado\src\LlmTornado\LlmTornado.csproj::TargetFramework=net462]
C:\Users\lordo\Documents\GitHub\llmtornado\src\LlmTornado\FineTuning\FineTuneJobResponse.cs(13,12): warning CS8618: Non-nullable property 'TrainingFile' must contain a non-null value when exiting constructor. Consider adding the 'required' modifier or declaring the property as nullable. [C:\Users\lordo\Documents\GitHub\llmtornado\src\LlmTornado\LlmTornado.csproj::TargetFramework=net462]
C:\Users\lordo\Documents\GitHub\llmtornado\src\LlmTornado\FineTuning\FineTuneJobResponse.cs(13,12): warning CS8618: Non-nullable property 'HyperParameters' must contain a non-null value when exiting constructor. Consider adding the 'required' modifier or declaring the property as nullable. [C:\Users\lordo\Documents\GitHub\llmtornado\src\LlmTornado\LlmTornado.csproj::TargetFramework=net462]
C:\Users\lordo\Documents\GitHub\llmtornado\src\LlmTornado\Interactions\InteractionsEndpoint.cs(234,60): warning CS8604: Possible null reference argument for parameter 'interactionId' in 'Task<HttpCallResult<Interaction>> InteractionsEndpoint.Get(string interactionId, CancellationToken cancellationToken = default(CancellationToken))'. [C:\Users\lordo\Documents\GitHub\llmtornado\src\LlmTornado\LlmTornado.csproj::TargetFramework=net462]
C:\Users\lordo\Documents\GitHub\llmtornado\src\LlmTornado\FineTuning\FineTuneJobResponse.cs(106,16): warning CS8603: Possible null reference return. [C:\Users\lordo\Documents\GitHub\llmtornado\src\LlmTornado\LlmTornado.csproj::TargetFramework=net462]
C:\Users\lordo\Documents\GitHub\llmtornado\src\LlmTornado\FineTuning\FineTuneJobList.cs(11,19): warning CS8618: Non-nullable property 'Object' must contain a non-null value when exiting constructor. Consider adding the 'required' modifier or declaring the property as nullable. [C:\Users\lordo\Documents\GitHub\llmtornado\src\LlmTornado\LlmTornado.csproj::TargetFramework=net462]
C:\Users\lordo\Documents\GitHub\llmtornado\src\LlmTornado\FineTuning\FineTuneJobList.cs(14,39): warning CS8618: Non-nullable property 'Jobs' must contain a non-null value when exiting constructor. Consider adding the 'required' modifier or declaring the property as nullable. [C:\Users\lordo\Documents\GitHub\llmtornado\src\LlmTornado\LlmTornado.csproj::TargetFramework=net462]
C:\Users\lordo\Documents\GitHub\llmtornado\src\LlmTornado\FineTuning\FineTuneJob.cs(79,16): warning CS8603: Possible null reference return. [C:\Users\lordo\Documents\GitHub\llmtornado\src\LlmTornado\LlmTornado.csproj::TargetFramework=net462]
C:\Users\lordo\Documents\GitHub\llmtornado\src\LlmTornado\FineTuning\FineTuneJob.cs(12,19): warning CS8618: Non-nullable property 'Object' must contain a non-null value when exiting constructor. Consider adding the 'required' modifier or declaring the property as nullable. [C:\Users\lordo\Documents\GitHub\llmtornado\src\LlmTornado\LlmTornado.csproj::TargetFramework=net462]
C:\Users\lordo\Documents\GitHub\llmtornado\src\LlmTornado\FineTuning\FineTuneJob.cs(15,19): warning CS8618: Non-nullable property 'Id' must contain a non-null value when exiting constructor. Consider adding the 'required' modifier or declaring the property as nullable. [C:\Users\lordo\Documents\GitHub\llmtornado\src\LlmTornado\LlmTornado.csproj::TargetFramework=net462]
C:\Users\lordo\Documents\GitHub\llmtornado\src\LlmTornado\FineTuning\FineTuneJob.cs(18,19): warning CS8618: Non-nullable property 'Model' must contain a non-null value when exiting constructor. Consider adding the 'required' modifier or declaring the property as nullable. [C:\Users\lordo\Documents\GitHub\llmtornado\src\LlmTornado\LlmTornado.csproj::TargetFramework=net462]
C:\Users\lordo\Documents\GitHub\llmtornado\src\LlmTornado\FineTuning\FineTuneJob.cs(47,19): warning CS8618: Non-nullable property 'FineTunedModel' must contain a non-null value when exiting constructor. Consider adding the 'required' modifier or declaring the property as nullable. [C:\Users\lordo\Documents\GitHub\llmtornado\src\LlmTornado\LlmTornado.csproj::TargetFramework=net462]
C:\Users\lordo\Documents\GitHub\llmtornado\src\LlmTornado\FineTuning\FineTuneJob.cs(50,19): warning CS8618: Non-nullable property 'OrganizationId' must contain a non-null value when exiting constructor. Consider adding the 'required' modifier or declaring the property as nullable. [C:\Users\lordo\Documents\GitHub\llmtornado\src\LlmTornado\LlmTornado.csproj::TargetFramework=net462]
C:\Users\lordo\Documents\GitHub\llmtornado\src\LlmTornado\FineTuning\FineTuneJob.cs(53,34): warning CS8618: Non-nullable property 'ResultFiles' must contain a non-null value when exiting constructor. Consider adding the 'required' modifier or declaring the property as nullable. [C:\Users\lordo\Documents\GitHub\llmtornado\src\LlmTornado\LlmTornado.csproj::TargetFramework=net462]
C:\Users\lordo\Documents\GitHub\llmtornado\src\LlmTornado\FineTuning\FineTuneJob.cs(58,19): warning CS8618: Non-nullable property 'ValidationFile' must contain a non-null value when exiting constructor. Consider adding the 'required' modifier or declaring the property as nullable. [C:\Users\lordo\Documents\GitHub\llmtornado\src\LlmTornado\LlmTornado.csproj::TargetFramework=net462]
C:\Users\lordo\Documents\GitHub\llmtornado\src\LlmTornado\FineTuning\FineTuneJob.cs(61,19): warning CS8618: Non-nullable property 'TrainingFile' must contain a non-null value when exiting constructor. Consider adding the 'required' modifier or declaring the property as nullable. [C:\Users\lordo\Documents\GitHub\llmtornado\src\LlmTornado\LlmTornado.csproj::TargetFramework=net462]
C:\Users\lordo\Documents\GitHub\llmtornado\src\LlmTornado\FineTuning\FineTuneJob.cs(64,24): warning CS8618: Non-nullable property 'HyperParameters' must contain a non-null value when exiting constructor. Consider adding the 'required' modifier or declaring the property as nullable. [C:\Users\lordo\Documents\GitHub\llmtornado\src\LlmTornado\LlmTornado.csproj::TargetFramework=net462]
C:\Users\lordo\Documents\GitHub\llmtornado\src\LlmTornado\FineTuning\EventList.cs(12,19): warning CS8618: Non-nullable property 'Object' must contain a non-null value when exiting constructor. Consider adding the 'required' modifier or declaring the property as nullable. [C:\Users\lordo\Documents\GitHub\llmtornado\src\LlmTornado\LlmTornado.csproj::TargetFramework=net462]
C:\Users\lordo\Documents\GitHub\llmtornado\src\LlmTornado\FineTuning\EventList.cs(15,33): warning CS8618: Non-nullable property 'Events' must contain a non-null value when exiting constructor. Consider adding the 'required' modifier or declaring the property as nullable. [C:\Users\lordo\Documents\GitHub\llmtornado\src\LlmTornado\LlmTornado.csproj::TargetFramework=net462]
C:\Users\lordo\Documents\GitHub\llmtornado\src\LlmTornado\Responses\ResponseTool.cs(1442,21): warning CS0472: The result of the expression is always 'true' since a value of type 'ResponseComputerEnvironment' is never equal to 'null' of type 'ResponseComputerEnvironment?' [C:\Users\lordo\Documents\GitHub\llmtornado\src\LlmTornado\LlmTornado.csproj::TargetFramework=net462]
C:\Users\lordo\Documents\GitHub\llmtornado\src\LlmTornado\ManagedAgents\Anthropic\AnthropicManagedAgentSessionsEndpoint.cs(130,70): warning CS8604: Possible null reference argument for parameter 'reader' in 'IAsyncEnumerable<ServerSentEvent> IEndpointProvider.InboundStream(StreamReader reader)'. [C:\Users\lordo\Documents\GitHub\llmtornado\src\LlmTornado\LlmTornado.csproj::TargetFramework=net462]
C:\Users\lordo\Documents\GitHub\llmtornado\src\LlmTornado\ManagedAgents\Anthropic\AnthropicManagedAgentSessionsEndpoint.cs(146,51): warning CS8604: Possible null reference argument for parameter 'arg' in 'Task Func<string, Task>.Invoke(string arg)'. [C:\Users\lordo\Documents\GitHub\llmtornado\src\LlmTornado\LlmTornado.csproj::TargetFramework=net462]
C:\Users\lordo\Documents\GitHub\llmtornado\src\LlmTornado\Files\Vendors\Google\VendorGoogleTornadoFile.cs(71,43): warning CS8618: Non-nullable property 'File' must contain a non-null value when exiting constructor. Consider adding the 'required' modifier or declaring the property as nullable. [C:\Users\lordo\Documents\GitHub\llmtornado\src\LlmTornado\LlmTornado.csproj::TargetFramework=net462]
C:\Users\lordo\Documents\GitHub\llmtornado\src\LlmTornado\Files\Vendors\Google\VendorGoogleTornadoFile.cs(12,19): warning CS8618: Non-nullable property 'Name' must contain a non-null value when exiting constructor. Consider adding the 'required' modifier or declaring the property as nullable. [C:\Users\lordo\Documents\GitHub\llmtornado\src\LlmTornado\LlmTornado.csproj::TargetFramework=net462]
C:\Users\lordo\Documents\GitHub\llmtornado\src\LlmTornado\Files\Vendors\Google\VendorGoogleTornadoFile.cs(15,19): warning CS8618: Non-nullable property 'MimeType' must contain a non-null value when exiting constructor. Consider adding the 'required' modifier or declaring the property as nullable. [C:\Users\lordo\Documents\GitHub\llmtornado\src\LlmTornado\LlmTornado.csproj::TargetFramework=net462]
C:\Users\lordo\Documents\GitHub\llmtornado\src\LlmTornado\Files\Vendors\Google\VendorGoogleTornadoFile.cs(30,19): warning CS8618: Non-nullable property 'Sha256hash' must contain a non-null value when exiting constructor. Consider adding the 'required' modifier or declaring the property as nullable. [C:\Users\lordo\Documents\GitHub\llmtornado\src\LlmTornado\LlmTornado.csproj::TargetFramework=net462]
C:\Users\lordo\Documents\GitHub\llmtornado\src\LlmTornado\Files\Vendors\Google\VendorGoogleTornadoFile.cs(33,19): warning CS8618: Non-nullable property 'Uri' must contain a non-null value when exiting constructor. Consider adding the 'required' modifier or declaring the property as nullable. [C:\Users\lordo\Documents\GitHub\llmtornado\src\LlmTornado\LlmTornado.csproj::TargetFramework=net462]
C:\Users\lordo\Documents\GitHub\llmtornado\src\LlmTornado\Files\Vendors\Google\VendorGoogleTornadoFile.cs(42,19): warning CS8618: Non-nullable property 'State' must contain a non-null value when exiting constructor. Consider adding the 'required' modifier or declaring the property as nullable. [C:\Users\lordo\Documents\GitHub\llmtornado\src\LlmTornado\LlmTornado.csproj::TargetFramework=net462]
C:\Users\lordo\Documents\GitHub\llmtornado\src\LlmTornado\Files\Vendors\Google\VendorGoogleTornadoFile.cs(45,19): warning CS8618: Non-nullable property 'Source' must contain a non-null value when exiting constructor. Consider adding the 'required' modifier or declaring the property as nullable. [C:\Users\lordo\Documents\GitHub\llmtornado\src\LlmTornado\LlmTornado.csproj::TargetFramework=net462]
C:\Users\lordo\Documents\GitHub\llmtornado\src\LlmTornado\Completions\CompletionResult.cs(93,50): warning CS8618: Non-nullable property 'Tokens' must contain a non-null value when exiting constructor. Consider adding the 'required' modifier or declaring the property as nullable. [C:\Users\lordo\Documents\GitHub\llmtornado\src\LlmTornado\LlmTornado.csproj::TargetFramework=net462]
C:\Users\lordo\Documents\GitHub\llmtornado\src\LlmTornado\Completions\CompletionResult.cs(95,59): warning CS8618: Non-nullable property 'TokenLogprobs' must contain a non-null value when exiting constructor. Consider adding the 'required' modifier or declaring the property as nullable. [C:\Users\lordo\Documents\GitHub\llmtornado\src\LlmTornado\LlmTornado.csproj::TargetFramework=net462]
C:\Users\lordo\Documents\GitHub\llmtornado\src\LlmTornado\Completions\CompletionResult.cs(97,78): warning CS8618: Non-nullable property 'TopLogprobs' must contain a non-null value when exiting constructor. Consider adding the 'required' modifier or declaring the property as nullable. [C:\Users\lordo\Documents\GitHub\llmtornado\src\LlmTornado\LlmTornado.csproj::TargetFramework=net462]
C:\Users\lordo\Documents\GitHub\llmtornado\src\LlmTornado\Completions\CompletionResult.cs(99,52): warning CS8618: Non-nullable property 'TextOffsets' must contain a non-null value when exiting constructor. Consider adding the 'required' modifier or declaring the property as nullable. [C:\Users\lordo\Documents\GitHub\llmtornado\src\LlmTornado\LlmTornado.csproj::TargetFramework=net462]
C:\Users\lordo\Documents\GitHub\llmtornado\src\LlmTornado\Completions\CompletionResult.cs(66,19): warning CS8618: Non-nullable property 'Id' must contain a non-null value when exiting constructor. Consider adding the 'required' modifier or declaring the property as nullable. [C:\Users\lordo\Documents\GitHub\llmtornado\src\LlmTornado\LlmTornado.csproj::TargetFramework=net462]
C:\Users\lordo\Documents\GitHub\llmtornado\src\LlmTornado\Completions\CompletionResult.cs(72,25): warning CS8618: Non-nullable property 'Completions' must contain a non-null value when exiting constructor. Consider adding the 'required' modifier or declaring the property as nullable. [C:\Users\lordo\Documents\GitHub\llmtornado\src\LlmTornado\LlmTornado.csproj::TargetFramework=net462]
C:\Users\lordo\Documents\GitHub\llmtornado\src\LlmTornado\Completions\CompletionResult.cs(78,28): warning CS8618: Non-nullable property 'Usage' must contain a non-null value when exiting constructor. Consider adding the 'required' modifier or declaring the property as nullable. [C:\Users\lordo\Documents\GitHub\llmtornado\src\LlmTornado\LlmTornado.csproj::TargetFramework=net462]
C:\Users\lordo\Documents\GitHub\llmtornado\src\LlmTornado\Completions\CompletionResult.cs(15,19): warning CS8618: Non-nullable property 'Text' must contain a non-null value when exiting constructor. Consider adding the 'required' modifier or declaring the property as nullable. [C:\Users\lordo\Documents\GitHub\llmtornado\src\LlmTornado\LlmTornado.csproj::TargetFramework=net462]
C:\Users\lordo\Documents\GitHub\llmtornado\src\LlmTornado\Completions\CompletionResult.cs(28,21): warning CS8618: Non-nullable property 'Logprobs' must contain a non-null value when exiting constructor. Consider adding the 'required' modifier or declaring the property as nullable. [C:\Users\lordo\Documents\GitHub\llmtornado\src\LlmTornado\LlmTornado.csproj::TargetFramework=net462]
C:\Users\lordo\Documents\GitHub\llmtornado\src\LlmTornado\Completions\CompletionResult.cs(34,19): warning CS8618: Non-nullable property 'FinishReason' must contain a non-null value when exiting constructor. Consider adding the 'required' modifier or declaring the property as nullable. [C:\Users\lordo\Documents\GitHub\llmtornado\src\LlmTornado\LlmTornado.csproj::TargetFramework=net462]
C:\Users\lordo\Documents\GitHub\llmtornado\src\LlmTornado\Completions\CompletionRequest.cs(17,9): warning CS8618: Non-nullable property 'MultiplePrompts' must contain a non-null value when exiting constructor. Consider adding the 'required' modifier or declaring the property as nullable. [C:\Users\lordo\Documents\GitHub\llmtornado\src\LlmTornado\LlmTornado.csproj::TargetFramework=net462]
C:\Users\lordo\Documents\GitHub\llmtornado\src\LlmTornado\Completions\CompletionRequest.cs(17,9): warning CS8618: Non-nullable property 'Suffix' must contain a non-null value when exiting constructor. Consider adding the 'required' modifier or declaring the property as nullable. [C:\Users\lordo\Documents\GitHub\llmtornado\src\LlmTornado\LlmTornado.csproj::TargetFramework=net462]
C:\Users\lordo\Documents\GitHub\llmtornado\src\LlmTornado\Completions\CompletionRequest.cs(17,9): warning CS8618: Non-nullable property 'MultipleStopSequences' must contain a non-null value when exiting constructor. Consider adding the 'required' modifier or declaring the property as nullable. [C:\Users\lordo\Documents\GitHub\llmtornado\src\LlmTornado\LlmTornado.csproj::TargetFramework=net462]
C:\Users\lordo\Documents\GitHub\llmtornado\src\LlmTornado\Completions\CompletionRequest.cs(17,9): warning CS8618: Non-nullable property 'user' must contain a non-null value when exiting constructor. Consider adding the 'required' modifier or declaring the property as nullable. [C:\Users\lordo\Documents\GitHub\llmtornado\src\LlmTornado\LlmTornado.csproj::TargetFramework=net462]
C:\Users\lordo\Documents\GitHub\llmtornado\src\LlmTornado\Completions\CompletionRequest.cs(48,9): warning CS8618: Non-nullable property 'Suffix' must contain a non-null value when exiting constructor. Consider adding the 'required' modifier or declaring the property as nullable. [C:\Users\lordo\Documents\GitHub\llmtornado\src\LlmTornado\LlmTornado.csproj::TargetFramework=net462]
C:\Users\lordo\Documents\GitHub\llmtornado\src\LlmTornado\Completions\CompletionRequest.cs(48,9): warning CS8618: Non-nullable property 'MultipleStopSequences' must contain a non-null value when exiting constructor. Consider adding the 'required' modifier or declaring the property as nullable. [C:\Users\lordo\Documents\GitHub\llmtornado\src\LlmTornado\LlmTornado.csproj::TargetFramework=net462]
C:\Users\lordo\Documents\GitHub\llmtornado\src\LlmTornado\Completions\CompletionRequest.cs(48,9): warning CS8618: Non-nullable property 'user' must contain a non-null value when exiting constructor. Consider adding the 'required' modifier or declaring the property as nullable. [C:\Users\lordo\Documents\GitHub\llmtornado\src\LlmTornado\LlmTornado.csproj::TargetFramework=net462]
C:\Users\lordo\Documents\GitHub\llmtornado\src\LlmTornado\Completions\CompletionRequest.cs(107,17): warning CS8604: Possible null reference argument for parameter 'model' in 'Model.implicit operator string(Model model)'. [C:\Users\lordo\Documents\GitHub\llmtornado\src\LlmTornado\LlmTornado.csproj::TargetFramework=net462]
C:\Users\lordo\Documents\GitHub\llmtornado\src\LlmTornado\Completions\CompletionRequest.cs(111,18): warning CS8601: Possible null reference assignment. [C:\Users\lordo\Documents\GitHub\llmtornado\src\LlmTornado\LlmTornado.csproj::TargetFramework=net462]
C:\Users\lordo\Documents\GitHub\llmtornado\src\LlmTornado\Completions\CompletionRequest.cs(93,9): warning CS8618: Non-nullable property 'MultiplePrompts' must contain a non-null value when exiting constructor. Consider adding the 'required' modifier or declaring the property as nullable. [C:\Users\lordo\Documents\GitHub\llmtornado\src\LlmTornado\LlmTornado.csproj::TargetFramework=net462]
C:\Users\lordo\Documents\GitHub\llmtornado\src\LlmTornado\Completions\CompletionRequest.cs(93,9): warning CS8618: Non-nullable property 'Suffix' must contain a non-null value when exiting constructor. Consider adding the 'required' modifier or declaring the property as nullable. [C:\Users\lordo\Documents\GitHub\llmtornado\src\LlmTornado\LlmTornado.csproj::TargetFramework=net462]
C:\Users\lordo\Documents\GitHub\llmtornado\src\LlmTornado\Interactions\Interaction.cs(63,20): warning CS0108: 'Interaction.Created' hides inherited member 'ApiResultBase.Created'. Use the new keyword if hiding was intended. [C:\Users\lordo\Documents\GitHub\llmtornado\src\LlmTornado\LlmTornado.csproj::TargetFramework=netstandard2.0]
C:\Users\lordo\Documents\GitHub\llmtornado\src\LlmTornado\Completions\CompletionRequest.cs(93,9): warning CS8618: Non-nullable property 'user' must contain a non-null value when exiting constructor. Consider adding the 'required' modifier or declaring the property as nullable. [C:\Users\lordo\Documents\GitHub\llmtornado\src\LlmTornado\LlmTornado.csproj::TargetFramework=net462]
C:\Users\lordo\Documents\GitHub\llmtornado\src\LlmTornado\Completions\CompletionRequest.cs(138,20): warning CS8603: Possible null reference return. [C:\Users\lordo\Documents\GitHub\llmtornado\src\LlmTornado\LlmTornado.csproj::TargetFramework=net462]
C:\Users\lordo\Documents\GitHub\llmtornado\src\LlmTornado\Files\Vendors\Anthropic\VendorAnthropicTornadoFile.cs(20,19): warning CS8618: Non-nullable property 'Id' must contain a non-null value when exiting constructor. Consider adding the 'required' modifier or declaring the property as nullable. [C:\Users\lordo\Documents\GitHub\llmtornado\src\LlmTornado\LlmTornado.csproj::TargetFramework=net462]
C:\Users\lordo\Documents\GitHub\llmtornado\src\LlmTornado\Files\Vendors\Anthropic\VendorAnthropicTornadoFile.cs(26,19): warning CS8618: Non-nullable property 'Name' must contain a non-null value when exiting constructor. Consider adding the 'required' modifier or declaring the property as nullable. [C:\Users\lordo\Documents\GitHub\llmtornado\src\LlmTornado\LlmTornado.csproj::TargetFramework=net462]
C:\Users\lordo\Documents\GitHub\llmtornado\src\LlmTornado\Files\Vendors\Anthropic\VendorAnthropicTornadoFile.cs(38,19): warning CS8618: Non-nullable property 'CreatedAt' must contain a non-null value when exiting constructor. Consider adding the 'required' modifier or declaring the property as nullable. [C:\Users\lordo\Documents\GitHub\llmtornado\src\LlmTornado\LlmTornado.csproj::TargetFramework=net462]
C:\Users\lordo\Documents\GitHub\llmtornado\src\LlmTornado\Completions\CompletionRequest.cs(241,20): warning CS8603: Possible null reference return. [C:\Users\lordo\Documents\GitHub\llmtornado\src\LlmTornado\LlmTornado.csproj::TargetFramework=net462]
C:\Users\lordo\Documents\GitHub\llmtornado\src\LlmTornado\Files\TornadoPagingList.cs(13,20): warning CS8618: Non-nullable property 'Items' must contain a non-null value when exiting constructor. Consider adding the 'required' modifier or declaring the property as nullable. [C:\Users\lordo\Documents\GitHub\llmtornado\src\LlmTornado\LlmTornado.csproj::TargetFramework=net462]
C:\Users\lordo\Documents\GitHub\llmtornado\src\LlmTornado\Completions\CompletionRequest.cs(260,16): warning CS8603: Possible null reference return. [C:\Users\lordo\Documents\GitHub\llmtornado\src\LlmTornado\LlmTornado.csproj::TargetFramework=net462]
C:\Users\lordo\Documents\GitHub\llmtornado\src\LlmTornado\Files\TornadoFile.cs(23,19): warning CS8618: Non-nullable property 'Id' must contain a non-null value when exiting constructor. Consider adding the 'required' modifier or declaring the property as nullable. [C:\Users\lordo\Documents\GitHub\llmtornado\src\LlmTornado\LlmTornado.csproj::TargetFramework=net462]
C:\Users\lordo\Documents\GitHub\llmtornado\src\LlmTornado\Embedding\Vendors\Voyage\VendorVoyageEmbeddingRequest.cs(190,19): warning CS8618: Non-nullable property 'Type' must contain a non-null value when exiting constructor. Consider adding the 'required' modifier or declaring the property as nullable. [C:\Users\lordo\Documents\GitHub\llmtornado\src\LlmTornado\LlmTornado.csproj::TargetFramework=net462]
C:\Users\lordo\Documents\GitHub\llmtornado\src\LlmTornado\Chat\Vendors\Google\VendorGoogleChatRequest.cs(1290,16): warning CS8618: Non-nullable property 'Name' must contain a non-null value when exiting constructor. Consider adding the 'required' modifier or declaring the property as nullable. [C:\Users\lordo\Documents\GitHub\llmtornado\src\LlmTornado\LlmTornado.csproj::TargetFramework=net462]
C:\Users\lordo\Documents\GitHub\llmtornado\src\LlmTornado\Chat\Vendors\Google\VendorGoogleChatRequest.cs(1290,16): warning CS8618: Non-nullable property 'Description' must contain a non-null value when exiting constructor. Consider adding the 'required' modifier or declaring the property as nullable. [C:\Users\lordo\Documents\GitHub\llmtornado\src\LlmTornado\LlmTornado.csproj::TargetFramework=net462]
C:\Users\lordo\Documents\GitHub\llmtornado\src\LlmTornado\EndpointBase.cs(124,30): warning CS0168: The variable 'e' is declared but never used [C:\Users\lordo\Documents\GitHub\llmtornado\src\LlmTornado\LlmTornado.csproj::TargetFramework=net462]
C:\Users\lordo\Documents\GitHub\llmtornado\src\LlmTornado\Files\OpenAiInputFileTypes.cs(59,20): warning CS8602: Dereference of a possibly null reference. [C:\Users\lordo\Documents\GitHub\llmtornado\src\LlmTornado\LlmTornado.csproj::TargetFramework=net462]
C:\Users\lordo\Documents\GitHub\llmtornado\src\LlmTornado\Files\OpenAiInputFileTypes.cs(74,64): warning CS8604: Possible null reference argument for parameter 'extensionOrFileName' in 'string OpenAiInputFileTypes.NormalizeExtension(string extensionOrFileName)'. [C:\Users\lordo\Documents\GitHub\llmtornado\src\LlmTornado\LlmTornado.csproj::TargetFramework=net462]
C:\Users\lordo\Documents\GitHub\llmtornado\src\LlmTornado\Vendor\Anthropic\AnthropicEndpointProvider.cs(685,29): warning CS8602: Dereference of a possibly null reference. [C:\Users\lordo\Documents\GitHub\llmtornado\src\LlmTornado\LlmTornado.csproj::TargetFramework=net462]
C:\Users\lordo\Documents\GitHub\llmtornado\src\LlmTornado\Vendor\Anthropic\AnthropicEndpointProvider.cs(995,21): warning CS8600: Converting null literal or possible null value to non-nullable type. [C:\Users\lordo\Documents\GitHub\llmtornado\src\LlmTornado\LlmTornado.csproj::TargetFramework=net462]
C:\Users\lordo\Documents\GitHub\llmtornado\src\LlmTornado\Vendor\Anthropic\AnthropicEndpointProvider.cs(997,21): warning CS8600: Converting null literal or possible null value to non-nullable type. [C:\Users\lordo\Documents\GitHub\llmtornado\src\LlmTornado\LlmTornado.csproj::TargetFramework=net462]
C:\Users\lordo\Documents\GitHub\llmtornado\src\LlmTornado\Vendor\Anthropic\AnthropicEndpointProvider.cs(999,21): warning CS8600: Converting null literal or possible null value to non-nullable type. [C:\Users\lordo\Documents\GitHub\llmtornado\src\LlmTornado\LlmTornado.csproj::TargetFramework=net462]
C:\Users\lordo\Documents\GitHub\llmtornado\src\LlmTornado\Vendor\Anthropic\AnthropicEndpointProvider.cs(1001,21): warning CS8600: Converting null literal or possible null value to non-nullable type. [C:\Users\lordo\Documents\GitHub\llmtornado\src\LlmTornado\LlmTornado.csproj::TargetFramework=net462]
C:\Users\lordo\Documents\GitHub\llmtornado\src\LlmTornado\Vendor\Anthropic\AnthropicEndpointProvider.cs(218,44): warning CS8618: Non-nullable property 'Delta' must contain a non-null value when exiting constructor. Consider adding the 'required' modifier or declaring the property as nullable. [C:\Users\lordo\Documents\GitHub\llmtornado\src\LlmTornado\LlmTornado.csproj::TargetFramework=net462]
C:\Users\lordo\Documents\GitHub\llmtornado\src\LlmTornado\Ocr\OcrResult.cs(21,20): warning CS0108: 'OcrResult.Model' hides inherited member 'ApiResultBase.Model'. Use the new keyword if hiding was intended. [C:\Users\lordo\Documents\GitHub\llmtornado\src\LlmTornado\LlmTornado.csproj::TargetFramework=netstandard2.0]
C:\Users\lordo\Documents\GitHub\llmtornado\src\LlmTornado\Vendor\Anthropic\AnthropicEndpointProvider.cs(221,45): warning CS8618: Non-nullable property 'Usage' must contain a non-null value when exiting constructor. Consider adding the 'required' modifier or declaring the property as nullable. [C:\Users\lordo\Documents\GitHub\llmtornado\src\LlmTornado\LlmTornado.csproj::TargetFramework=net462]
C:\Users\lordo\Documents\GitHub\llmtornado\src\LlmTornado\Vendor\Anthropic\AnthropicEndpointProvider.cs(212,42): warning CS8618: Non-nullable property 'Message' must contain a non-null value when exiting constructor. Consider adding the 'required' modifier or declaring the property as nullable. [C:\Users\lordo\Documents\GitHub\llmtornado\src\LlmTornado\LlmTornado.csproj::TargetFramework=net462]
C:\Users\lordo\Documents\GitHub\llmtornado\src\LlmTornado\Vendor\Anthropic\AnthropicEndpointProvider.cs(191,23): warning CS8618: Non-nullable property 'Type' must contain a non-null value when exiting constructor. Consider adding the 'required' modifier or declaring the property as nullable. [C:\Users\lordo\Documents\GitHub\llmtornado\src\LlmTornado\LlmTornado.csproj::TargetFramework=net462]
C:\Users\lordo\Documents\GitHub\llmtornado\src\LlmTornado\Vendor\Anthropic\AnthropicEndpointProvider.cs(169,27): warning CS8618: Non-nullable property 'Type' must contain a non-null value when exiting constructor. Consider adding the 'required' modifier or declaring the property as nullable. [C:\Users\lordo\Documents\GitHub\llmtornado\src\LlmTornado\LlmTornado.csproj::TargetFramework=net462]
C:\Users\lordo\Documents\GitHub\llmtornado\src\LlmTornado\Vendor\Anthropic\AnthropicEndpointProvider.cs(172,27): warning CS8618: Non-nullable property 'Text' must contain a non-null value when exiting constructor. Consider adding the 'required' modifier or declaring the property as nullable. [C:\Users\lordo\Documents\GitHub\llmtornado\src\LlmTornado\LlmTornado.csproj::TargetFramework=net462]
C:\Users\lordo\Documents\GitHub\llmtornado\src\LlmTornado\Vendor\Anthropic\AnthropicEndpointProvider.cs(140,46): warning CS8618: Non-nullable property 'ContentBlock' must contain a non-null value when exiting constructor. Consider adding the 'required' modifier or declaring the property as nullable. [C:\Users\lordo\Documents\GitHub\llmtornado\src\LlmTornado\LlmTornado.csproj::TargetFramework=net462]
C:\Users\lordo\Documents\GitHub\llmtornado\src\LlmTornado\Responses\ResponseTextFormatConfiguration.cs(104,12): warning CS8618: Non-nullable property 'Name' must contain a non-null value when exiting constructor. Consider adding the 'required' modifier or declaring the property as nullable. [C:\Users\lordo\Documents\GitHub\llmtornado\src\LlmTornado\LlmTornado.csproj::TargetFramework=net462]
C:\Users\lordo\Documents\GitHub\llmtornado\src\LlmTornado\Vendor\Anthropic\AnthropicEndpointProvider.cs(113,27): warning CS8618: Non-nullable property 'Type' must contain a non-null value when exiting constructor. Consider adding the 'required' modifier or declaring the property as nullable. [C:\Users\lordo\Documents\GitHub\llmtornado\src\LlmTornado\LlmTornado.csproj::TargetFramework=net462]
C:\Users\lordo\Documents\GitHub\llmtornado\src\LlmTornado\Vendor\Anthropic\AnthropicEndpointProvider.cs(116,27): warning CS8618: Non-nullable property 'Text' must contain a non-null value when exiting constructor. Consider adding the 'required' modifier or declaring the property as nullable. [C:\Users\lordo\Documents\GitHub\llmtornado\src\LlmTornado\LlmTornado.csproj::TargetFramework=net462]
C:\Users\lordo\Documents\GitHub\llmtornado\src\LlmTornado\Interactions\InteractionsEndpoint.cs(317,39): warning CS8604: Possible null reference argument for parameter 'arg' in 'ValueTask Func<string, ValueTask>.Invoke(string arg)'. [C:\Users\lordo\Documents\GitHub\llmtornado\src\LlmTornado\LlmTornado.csproj::TargetFramework=net462]
C:\Users\lordo\Documents\GitHub\llmtornado\src\LlmTornado\Interactions\InteractionsEndpoint.cs(322,42): warning CS8604: Possible null reference argument for parameter 'arg' in 'ValueTask Func<string, ValueTask>.Invoke(string arg)'. [C:\Users\lordo\Documents\GitHub\llmtornado\src\LlmTornado\LlmTornado.csproj::TargetFramework=net462]
C:\Users\lordo\Documents\GitHub\llmtornado\src\LlmTornado\Interactions\InteractionsEndpoint.cs(330,44): warning CS8604: Possible null reference argument for parameter 'arg' in 'ValueTask Func<string, ValueTask>.Invoke(string arg)'. [C:\Users\lordo\Documents\GitHub\llmtornado\src\LlmTornado\LlmTornado.csproj::TargetFramework=net462]
C:\Users\lordo\Documents\GitHub\llmtornado\src\LlmTornado\Images\Vendors\Google\VendorGoogleImageResult.cs(19,23): warning CS8618: Non-nullable property 'BytesBase64Encoded' must contain a non-null value when exiting constructor. Consider adding the 'required' modifier or declaring the property as nullable. [C:\Users\lordo\Documents\GitHub\llmtornado\src\LlmTornado\LlmTornado.csproj::TargetFramework=net462]
C:\Users\lordo\Documents\GitHub\llmtornado\src\LlmTornado\Images\Vendors\Google\VendorGoogleImageResult.cs(22,23): warning CS8618: Non-nullable property 'MimeType' must contain a non-null value when exiting constructor. Consider adding the 'required' modifier or declaring the property as nullable. [C:\Users\lordo\Documents\GitHub\llmtornado\src\LlmTornado\LlmTornado.csproj::TargetFramework=net462]
C:\Users\lordo\Documents\GitHub\llmtornado\src\LlmTornado\Embedding\Vendors\Google\VendorGoogleEmbeddingResult.cs(15,24): warning CS8618: Non-nullable property 'Values' must contain a non-null value when exiting constructor. Consider adding the 'required' modifier or declaring the property as nullable. [C:\Users\lordo\Documents\GitHub\llmtornado\src\LlmTornado\LlmTornado.csproj::TargetFramework=net462]
C:\Users\lordo\Documents\GitHub\llmtornado\src\LlmTornado\Images\Vendors\Google\VendorGoogleImageRequest.cs(124,26): warning CS8601: Possible null reference assignment. [C:\Users\lordo\Documents\GitHub\llmtornado\src\LlmTornado\LlmTornado.csproj::TargetFramework=net462]
C:\Users\lordo\Documents\GitHub\llmtornado\src\LlmTornado\Responses\ResponsesWebSocketConnection.cs(200,20): warning CS8603: Possible null reference return. [C:\Users\lordo\Documents\GitHub\llmtornado\src\LlmTornado\LlmTornado.csproj::TargetFramework=net462]
C:\Users\lordo\Documents\GitHub\llmtornado\src\LlmTornado\Images\Vendors\Google\VendorGoogleImageRequest.cs(24,23): warning CS8618: Non-nullable property 'Prompt' must contain a non-null value when exiting constructor. Consider adding the 'required' modifier or declaring the property as nullable. [C:\Users\lordo\Documents\GitHub\llmtornado\src\LlmTornado\LlmTornado.csproj::TargetFramework=net462]
C:\Users\lordo\Documents\GitHub\llmtornado\src\LlmTornado\Responses\ConversationResult.cs(17,19): warning CS8618: Non-nullable property 'Id' must contain a non-null value when exiting constructor. Consider adding the 'required' modifier or declaring the property as nullable. [C:\Users\lordo\Documents\GitHub\llmtornado\src\LlmTornado\LlmTornado.csproj::TargetFramework=net462]
C:\Users\lordo\Documents\GitHub\llmtornado\src\LlmTornado\Chat\Vendors\Google\VendorGoogleChatRequest.cs(1244,18): warning CS8618: Non-nullable property 'Category' must contain a non-null value when exiting constructor. Consider adding the 'required' modifier or declaring the property as nullable. [C:\Users\lordo\Documents\GitHub\llmtornado\src\LlmTornado\LlmTornado.csproj::TargetFramework=net462]
C:\Users\lordo\Documents\GitHub\llmtornado\src\LlmTornado\Chat\Vendors\Google\VendorGoogleChatRequest.cs(1244,18): warning CS8618: Non-nullable property 'Threshold' must contain a non-null value when exiting constructor. Consider adding the 'required' modifier or declaring the property as nullable. [C:\Users\lordo\Documents\GitHub\llmtornado\src\LlmTornado\LlmTornado.csproj::TargetFramework=net462]
C:\Users\lordo\Documents\GitHub\llmtornado\src\LlmTornado\Code\Legacy.cs(94,28): warning CS8600: Converting null literal or possible null value to non-nullable type. [C:\Users\lordo\Documents\GitHub\llmtornado\src\LlmTornado\LlmTornado.csproj::TargetFramework=net462]
C:\Users\lordo\Documents\GitHub\llmtornado\src\LlmTornado\Code\Legacy.cs(158,24): warning CS8603: Possible null reference return. [C:\Users\lordo\Documents\GitHub\llmtornado\src\LlmTornado\LlmTornado.csproj::TargetFramework=net462]
C:\Users\lordo\Documents\GitHub\llmtornado\src\LlmTornado\Code\Legacy.cs(165,24): warning CS8603: Possible null reference return. [C:\Users\lordo\Documents\GitHub\llmtornado\src\LlmTornado\LlmTornado.csproj::TargetFramework=net462]
C:\Users\lordo\Documents\GitHub\llmtornado\src\LlmTornado\Code\Legacy.cs(172,24): warning CS8603: Possible null reference return. [C:\Users\lordo\Documents\GitHub\llmtornado\src\LlmTornado\LlmTornado.csproj::TargetFramework=net462]
C:\Users\lordo\Documents\GitHub\llmtornado\src\LlmTornado\Code\Legacy.cs(184,24): warning CS8603: Possible null reference return. [C:\Users\lordo\Documents\GitHub\llmtornado\src\LlmTornado\LlmTornado.csproj::TargetFramework=net462]
C:\Users\lordo\Documents\GitHub\llmtornado\src\LlmTornado\Code\Legacy.cs(192,24): warning CS8603: Possible null reference return. [C:\Users\lordo\Documents\GitHub\llmtornado\src\LlmTornado\LlmTornado.csproj::TargetFramework=net462]
C:\Users\lordo\Documents\GitHub\llmtornado\src\LlmTornado\Code\Legacy.cs(204,24): warning CS8603: Possible null reference return. [C:\Users\lordo\Documents\GitHub\llmtornado\src\LlmTornado\LlmTornado.csproj::TargetFramework=net462]
C:\Users\lordo\Documents\GitHub\llmtornado\src\LlmTornado\Code\Legacy.cs(217,24): warning CS8603: Possible null reference return. [C:\Users\lordo\Documents\GitHub\llmtornado\src\LlmTornado\LlmTornado.csproj::TargetFramework=net462]
C:\Users\lordo\Documents\GitHub\llmtornado\src\LlmTornado\Code\Legacy.cs(225,24): warning CS8603: Possible null reference return. [C:\Users\lordo\Documents\GitHub\llmtornado\src\LlmTornado\LlmTornado.csproj::TargetFramework=net462]
C:\Users\lordo\Documents\GitHub\llmtornado\src\LlmTornado\Code\Legacy.cs(232,24): warning CS8603: Possible null reference return. [C:\Users\lordo\Documents\GitHub\llmtornado\src\LlmTornado\LlmTornado.csproj::TargetFramework=net462]
C:\Users\lordo\Documents\GitHub\llmtornado\src\LlmTornado\Responses\ResponsesSession.cs(26,30): warning CS8618: Non-nullable property 'Endpoint' must contain a non-null value when exiting constructor. Consider adding the 'required' modifier or declaring the property as nullable. [C:\Users\lordo\Documents\GitHub\llmtornado\src\LlmTornado\LlmTornado.csproj::TargetFramework=net462]
C:\Users\lordo\Documents\GitHub\llmtornado\src\LlmTornado\Code\Sse\Helpers.cs(15,19): warning CS0219: The variable 'MaxDecimalDigits' is assigned but its value is never used [C:\Users\lordo\Documents\GitHub\llmtornado\src\LlmTornado\LlmTornado.csproj::TargetFramework=net462]
C:\Users\lordo\Documents\GitHub\llmtornado\src\LlmTornado\FineTuning\CreateFineTuneJobRequest.cs(12,27): warning CS8601: Possible null reference assignment. [C:\Users\lordo\Documents\GitHub\llmtornado\src\LlmTornado\LlmTornado.csproj::TargetFramework=net462]
C:\Users\lordo\Documents\GitHub\llmtornado\src\LlmTornado\FineTuning\CreateFineTuneJobRequest.cs(13,18): warning CS8601: Possible null reference assignment. [C:\Users\lordo\Documents\GitHub\llmtornado\src\LlmTornado\LlmTornado.csproj::TargetFramework=net462]
C:\Users\lordo\Documents\GitHub\llmtornado\src\LlmTornado\FineTuning\CreateFineTuneJobRequest.cs(14,28): warning CS8601: Possible null reference assignment. [C:\Users\lordo\Documents\GitHub\llmtornado\src\LlmTornado\LlmTornado.csproj::TargetFramework=net462]
C:\Users\lordo\Documents\GitHub\llmtornado\src\LlmTornado\FineTuning\CreateFineTuneJobRequest.cs(8,12): warning CS8618: Non-nullable property 'HyperParameters' must contain a non-null value when exiting constructor. Consider adding the 'required' modifier or declaring the property as nullable. [C:\Users\lordo\Documents\GitHub\llmtornado\src\LlmTornado\LlmTornado.csproj::TargetFramework=net462]
C:\Users\lordo\Documents\GitHub\llmtornado\src\LlmTornado\FineTuning\CreateFineTuneJobRequest.cs(8,12): warning CS8618: Non-nullable property 'Suffix' must contain a non-null value when exiting constructor. Consider adding the 'required' modifier or declaring the property as nullable. [C:\Users\lordo\Documents\GitHub\llmtornado\src\LlmTornado\LlmTornado.csproj::TargetFramework=net462]
C:\Users\lordo\Documents\GitHub\llmtornado\src\LlmTornado\FineTuning\CreateFineTuneJobRequest.cs(8,12): warning CS8618: Non-nullable property 'ValidationFileId' must contain a non-null value when exiting constructor. Consider adding the 'required' modifier or declaring the property as nullable. [C:\Users\lordo\Documents\GitHub\llmtornado\src\LlmTornado\LlmTornado.csproj::TargetFramework=net462]
C:\Users\lordo\Documents\GitHub\llmtornado\src\LlmTornado\Code\Models\ModelBase.cs(114,19): warning CS8618: Non-nullable property 'Name' must contain a non-null value when exiting constructor. Consider adding the 'required' modifier or declaring the property as nullable. [C:\Users\lordo\Documents\GitHub\llmtornado\src\LlmTornado\LlmTornado.csproj::TargetFramework=net462]
C:\Users\lordo\Documents\GitHub\llmtornado\src\LlmTornado\Code\Models\ModelBase.cs(173,19): warning CS8618: Non-nullable property 'Object' must contain a non-null value when exiting constructor. Consider adding the 'required' modifier or declaring the property as nullable. [C:\Users\lordo\Documents\GitHub\llmtornado\src\LlmTornado\LlmTornado.csproj::TargetFramework=net462]
C:\Users\lordo\Documents\GitHub\llmtornado\src\LlmTornado\Images\Models\OpenAi\ImageModelOpenAi.cs(61,11): warning CS0618: 'ImageModelOpenAiDalle' is obsolete: 'DALL·E models were removed from the OpenAI API on May 12, 2026. Use ImageModelOpenAiGpt instead.' [C:\Users\lordo\Documents\GitHub\llmtornado\src\LlmTornado\LlmTornado.csproj::TargetFramework=net462]
C:\Users\lordo\Documents\GitHub\llmtornado\src\LlmTornado\Chat\Vendors\Google\VendorGoogleChatRequest.cs(1115,18): warning CS0219: The variable 'roleSolved' is assigned but its value is never used [C:\Users\lordo\Documents\GitHub\llmtornado\src\LlmTornado\LlmTornado.csproj::TargetFramework=net462]
C:\Users\lordo\Documents\GitHub\llmtornado\src\LlmTornado\Chat\Vendors\Google\VendorGoogleChatRequest.cs(919,23): warning CS8618: Non-nullable property 'FileUri' must contain a non-null value when exiting constructor. Consider adding the 'required' modifier or declaring the property as nullable. [C:\Users\lordo\Documents\GitHub\llmtornado\src\LlmTornado\LlmTornado.csproj::TargetFramework=net462]
C:\Users\lordo\Documents\GitHub\llmtornado\src\LlmTornado\Chat\Vendors\Google\VendorGoogleChatRequest.cs(892,23): warning CS8618: Non-nullable property 'Code' must contain a non-null value when exiting constructor. Consider adding the 'required' modifier or declaring the property as nullable. [C:\Users\lordo\Documents\GitHub\llmtornado\src\LlmTornado\LlmTornado.csproj::TargetFramework=net462]
C:\Users\lordo\Documents\GitHub\llmtornado\src\LlmTornado\Code\PartialModels.cs(2898,30): warning CS8601: Possible null reference assignment. [C:\Users\lordo\Documents\GitHub\llmtornado\src\LlmTornado\LlmTornado.csproj::TargetFramework=net462]
C:\Users\lordo\Documents\GitHub\llmtornado\src\LlmTornado\Code\PartialModels.cs(2899,29): warning CS8601: Possible null reference assignment. [C:\Users\lordo\Documents\GitHub\llmtornado\src\LlmTornado\LlmTornado.csproj::TargetFramework=net462]
C:\Users\lordo\Documents\GitHub\llmtornado\src\LlmTornado\Code\PartialModels.cs(2726,19): warning CS8618: Non-nullable property 'Source' must contain a non-null value when exiting constructor. Consider adding the 'required' modifier or declaring the property as nullable. [C:\Users\lordo\Documents\GitHub\llmtornado\src\LlmTornado\LlmTornado.csproj::TargetFramework=net462]
C:\Users\lordo\Documents\GitHub\llmtornado\src\LlmTornado\Images\ImageSize.cs(332,30): warning CS8765: Nullability of type of parameter 'value' doesn't match overridden member (possibly because of nullability attributes). [C:\Users\lordo\Documents\GitHub\llmtornado\src\LlmTornado\LlmTornado.csproj::TargetFramework=netstandard2.0]
C:\Users\lordo\Documents\GitHub\llmtornado\src\LlmTornado\Code\PartialModels.cs(2732,19): warning CS8618: Non-nullable property 'Title' must contain a non-null value when exiting constructor. Consider adding the 'required' modifier or declaring the property as nullable. [C:\Users\lordo\Documents\GitHub\llmtornado\src\LlmTornado\LlmTornado.csproj::TargetFramework=net462]
C:\Users\lordo\Documents\GitHub\llmtornado\src\LlmTornado\Code\PartialModels.cs(2699,19): warning CS8618: Non-nullable property 'FileId' must contain a non-null value when exiting constructor. Consider adding the 'required' modifier or declaring the property as nullable. [C:\Users\lordo\Documents\GitHub\llmtornado\src\LlmTornado\LlmTornado.csproj::TargetFramework=net462]
C:\Users\lordo\Documents\GitHub\llmtornado\src\LlmTornado\Code\PartialModels.cs(2672,19): warning CS8618: Non-nullable property 'Url' must contain a non-null value when exiting constructor. Consider adding the 'required' modifier or declaring the property as nullable. [C:\Users\lordo\Documents\GitHub\llmtornado\src\LlmTornado\LlmTornado.csproj::TargetFramework=net462]
C:\Users\lordo\Documents\GitHub\llmtornado\src\LlmTornado\Code\PartialModels.cs(2645,19): warning CS8618: Non-nullable property 'Data' must contain a non-null value when exiting constructor. Consider adding the 'required' modifier or declaring the property as nullable. [C:\Users\lordo\Documents\GitHub\llmtornado\src\LlmTornado\LlmTornado.csproj::TargetFramework=net462]
C:\Users\lordo\Documents\GitHub\llmtornado\src\LlmTornado\Code\PartialModels.cs(2657,19): warning CS8618: Non-nullable property 'MediaType' must contain a non-null value when exiting constructor. Consider adding the 'required' modifier or declaring the property as nullable. [C:\Users\lordo\Documents\GitHub\llmtornado\src\LlmTornado\LlmTornado.csproj::TargetFramework=net462]
C:\Users\lordo\Documents\GitHub\llmtornado\src\LlmTornado\Code\PartialModels.cs(2606,12): warning CS8618: Non-nullable property 'Source' must contain a non-null value when exiting constructor. Consider adding the 'required' modifier or declaring the property as nullable. [C:\Users\lordo\Documents\GitHub\llmtornado\src\LlmTornado\LlmTornado.csproj::TargetFramework=net462]
C:\Users\lordo\Documents\GitHub\llmtornado\src\LlmTornado\Code\PartialModels.cs(2532,12): warning CS8618: Non-nullable property 'Text' must contain a non-null value when exiting constructor. Consider adding the 'required' modifier or declaring the property as nullable. [C:\Users\lordo\Documents\GitHub\llmtornado\src\LlmTornado\LlmTornado.csproj::TargetFramework=net462]
C:\Users\lordo\Documents\GitHub\llmtornado\src\LlmTornado\Files\FileUploadRequest.cs(91,12): warning CS8618: Non-nullable property 'Bytes' must contain a non-null value when exiting constructor. Consider adding the 'required' modifier or declaring the property as nullable. [C:\Users\lordo\Documents\GitHub\llmtornado\src\LlmTornado\LlmTornado.csproj::TargetFramework=net462]
C:\Users\lordo\Documents\GitHub\llmtornado\src\LlmTornado\Files\FileUploadRequest.cs(91,12): warning CS8618: Non-nullable property 'Name' must contain a non-null value when exiting constructor. Consider adding the 'required' modifier or declaring the property as nullable. [C:\Users\lordo\Documents\GitHub\llmtornado\src\LlmTornado\LlmTornado.csproj::TargetFramework=net462]
C:\Users\lordo\Documents\GitHub\llmtornado\src\LlmTornado\Code\PartialModels.cs(2448,19): warning CS8618: Non-nullable property 'Source' must contain a non-null value when exiting constructor. Consider adding the 'required' modifier or declaring the property as nullable. [C:\Users\lordo\Documents\GitHub\llmtornado\src\LlmTornado\LlmTornado.csproj::TargetFramework=net462]
C:\Users\lordo\Documents\GitHub\llmtornado\src\LlmTornado\Code\PartialModels.cs(2454,19): warning CS8618: Non-nullable property 'Title' must contain a non-null value when exiting constructor. Consider adding the 'required' modifier or declaring the property as nullable. [C:\Users\lordo\Documents\GitHub\llmtornado\src\LlmTornado\LlmTornado.csproj::TargetFramework=net462]
C:\Users\lordo\Documents\GitHub\llmtornado\src\LlmTornado\Code\PartialModels.cs(2414,19): warning CS8618: Non-nullable property 'Type' must contain a non-null value when exiting constructor. Consider adding the 'required' modifier or declaring the property as nullable. [C:\Users\lordo\Documents\GitHub\llmtornado\src\LlmTornado\LlmTornado.csproj::TargetFramework=net462]
C:\Users\lordo\Documents\GitHub\llmtornado\src\LlmTornado\EndpointBase.cs(636,30): warning CS0168: The variable 'e' is declared but never used [C:\Users\lordo\Documents\GitHub\llmtornado\src\LlmTornado\LlmTornado.csproj::TargetFramework=net462]
C:\Users\lordo\Documents\GitHub\llmtornado\src\LlmTornado\Code\PartialModels.cs(2201,12): warning CS8618: Non-nullable field '_data' must contain a non-null value when exiting constructor. Consider adding the 'required' modifier or declaring the field as nullable. [C:\Users\lordo\Documents\GitHub\llmtornado\src\LlmTornado\LlmTornado.csproj::TargetFramework=net462]
C:\Users\lordo\Documents\GitHub\llmtornado\src\LlmTornado\Code\PartialModels.cs(2157,14): warning CS8618: Non-nullable property 'Body' must contain a non-null value when exiting constructor. Consider adding the 'required' modifier or declaring the property as nullable. [C:\Users\lordo\Documents\GitHub\llmtornado\src\LlmTornado\LlmTornado.csproj::TargetFramework=net462]
C:\Users\lordo\Documents\GitHub\llmtornado\src\LlmTornado\Code\PartialModels.cs(1607,12): warning CS8618: Non-nullable property 'Url' must contain a non-null value when exiting constructor. Consider adding the 'required' modifier or declaring the property as nullable. [C:\Users\lordo\Documents\GitHub\llmtornado\src\LlmTornado\LlmTornado.csproj::TargetFramework=net462]
C:\Users\lordo\Documents\GitHub\llmtornado\src\LlmTornado\Code\PartialModels.cs(1479,31): warning CS8618: Non-nullable property 'FunctionCalls' must contain a non-null value when exiting constructor. Consider adding the 'required' modifier or declaring the property as nullable. [C:\Users\lordo\Documents\GitHub\llmtornado\src\LlmTornado\LlmTornado.csproj::TargetFramework=net462]
C:\Users\lordo\Documents\GitHub\llmtornado\src\LlmTornado\Code\PartialModels.cs(1480,33): warning CS8618: Non-nullable property 'CustomToolCalls' must contain a non-null value when exiting constructor. Consider adding the 'required' modifier or declaring the property as nullable. [C:\Users\lordo\Documents\GitHub\llmtornado\src\LlmTornado\LlmTornado.csproj::TargetFramework=net462]
C:\Users\lordo\Documents\GitHub\llmtornado\src\LlmTornado\Embedding\ContextualEmbeddingResult.cs(17,19): warning CS8618: Non-nullable property 'Object' must contain a non-null value when exiting constructor. Consider adding the 'required' modifier or declaring the property as nullable. [C:\Users\lordo\Documents\GitHub\llmtornado\src\LlmTornado\LlmTornado.csproj::TargetFramework=net462]
C:\Users\lordo\Documents\GitHub\llmtornado\src\LlmTornado\Embedding\ContextualEmbeddingResult.cs(23,42): warning CS8618: Non-nullable property 'Data' must contain a non-null value when exiting constructor. Consider adding the 'required' modifier or declaring the property as nullable. [C:\Users\lordo\Documents\GitHub\llmtornado\src\LlmTornado\LlmTornado.csproj::TargetFramework=net462]
C:\Users\lordo\Documents\GitHub\llmtornado\src\LlmTornado\Embedding\ContextualEmbeddingResult.cs(29,19): warning CS8618: Non-nullable property 'Model' must contain a non-null value when exiting constructor. Consider adding the 'required' modifier or declaring the property as nullable. [C:\Users\lordo\Documents\GitHub\llmtornado\src\LlmTornado\LlmTornado.csproj::TargetFramework=net462]
C:\Users\lordo\Documents\GitHub\llmtornado\src\LlmTornado\Embedding\ContextualEmbeddingResult.cs(35,18): warning CS8618: Non-nullable property 'Usage' must contain a non-null value when exiting constructor. Consider adding the 'required' modifier or declaring the property as nullable. [C:\Users\lordo\Documents\GitHub\llmtornado\src\LlmTornado\LlmTornado.csproj::TargetFramework=net462]
C:\Users\lordo\Documents\GitHub\llmtornado\src\LlmTornado\Code\PartialModels.cs(63,19): warning CS8618: Non-nullable property 'Stream' must contain a non-null value when exiting constructor. Consider adding the 'required' modifier or declaring the property as nullable. [C:\Users\lordo\Documents\GitHub\llmtornado\src\LlmTornado\LlmTornado.csproj::TargetFramework=net462]
C:\Users\lordo\Documents\GitHub\llmtornado\src\LlmTornado\Code\PartialModels.cs(68,26): warning CS8618: Non-nullable property 'Headers' must contain a non-null value when exiting constructor. Consider adding the 'required' modifier or declaring the property as nullable. [C:\Users\lordo\Documents\GitHub\llmtornado\src\LlmTornado\LlmTornado.csproj::TargetFramework=net462]
C:\Users\lordo\Documents\GitHub\llmtornado\src\LlmTornado\Code\PartialModels.cs(73,32): warning CS8618: Non-nullable property 'Response' must contain a non-null value when exiting constructor. Consider adding the 'required' modifier or declaring the property as nullable. [C:\Users\lordo\Documents\GitHub\llmtornado\src\LlmTornado\LlmTornado.csproj::TargetFramework=net462]
C:\Users\lordo\Documents\GitHub\llmtornado\src\LlmTornado\Embedding\ContextualEmbeddingResult.cs(47,19): warning CS8618: Non-nullable property 'Object' must contain a non-null value when exiting constructor. Consider adding the 'required' modifier or declaring the property as nullable. [C:\Users\lordo\Documents\GitHub\llmtornado\src\LlmTornado\LlmTornado.csproj::TargetFramework=net462]
C:\Users\lordo\Documents\GitHub\llmtornado\src\LlmTornado\Embedding\ContextualEmbeddingResult.cs(53,38): warning CS8618: Non-nullable property 'Data' must contain a non-null value when exiting constructor. Consider adding the 'required' modifier or declaring the property as nullable. [C:\Users\lordo\Documents\GitHub\llmtornado\src\LlmTornado\LlmTornado.csproj::TargetFramework=net462]
C:\Users\lordo\Documents\GitHub\llmtornado\src\LlmTornado\Code\Legacy.cs(452,24): warning CS8603: Possible null reference return. [C:\Users\lordo\Documents\GitHub\llmtornado\src\LlmTornado\LlmTornado.csproj::TargetFramework=net462]
C:\Users\lordo\Documents\GitHub\llmtornado\src\LlmTornado\Code\PartialModels.cs(1029,19): warning CS8618: Non-nullable property 'Id' must contain a non-null value when exiting constructor. Consider adding the 'required' modifier or declaring the property as nullable. [C:\Users\lordo\Documents\GitHub\llmtornado\src\LlmTornado\LlmTornado.csproj::TargetFramework=net462]
C:\Users\lordo\Documents\GitHub\llmtornado\src\LlmTornado\Code\PartialModels.cs(1052,19): warning CS8618: Non-nullable property 'Transcript' must contain a non-null value when exiting constructor. Consider adding the 'required' modifier or declaring the property as nullable. [C:\Users\lordo\Documents\GitHub\llmtornado\src\LlmTornado\LlmTornado.csproj::TargetFramework=net462]
C:\Users\lordo\Documents\GitHub\llmtornado\src\LlmTornado\Code\PartialModels.cs(995,21): warning CS8618: Non-nullable property 'ToolCall' must contain a non-null value when exiting constructor. Consider adding the 'required' modifier or declaring the property as nullable. [C:\Users\lordo\Documents\GitHub\llmtornado\src\LlmTornado\LlmTornado.csproj::TargetFramework=net462]
C:\Users\lordo\Documents\GitHub\llmtornado\src\LlmTornado\Code\PartialModels.cs(996,26): warning CS8618: Non-nullable property 'ArgumentsBuilder' must contain a non-null value when exiting constructor. Consider adding the 'required' modifier or declaring the property as nullable. [C:\Users\lordo\Documents\GitHub\llmtornado\src\LlmTornado\LlmTornado.csproj::TargetFramework=net462]
C:\Users\lordo\Documents\GitHub\llmtornado\src\LlmTornado\Code\Legacy.cs(494,24): warning CS8603: Possible null reference return. [C:\Users\lordo\Documents\GitHub\llmtornado\src\LlmTornado\LlmTornado.csproj::TargetFramework=net462]
C:\Users\lordo\Documents\GitHub\llmtornado\src\LlmTornado\Infra\StringValue.cs(85,16): warning CS8619: Nullability of reference types in value of type 'Dictionary<string, object>' doesn't match target type 'Dictionary<string, object?>'. [C:\Users\lordo\Documents\GitHub\llmtornado\src\LlmTornado\LlmTornado.csproj::TargetFramework=net462]
C:\Users\lordo\Documents\GitHub\llmtornado\src\LlmTornado\Files\DeletedTornadoFile.cs(16,19): warning CS8618: Non-nullable property 'Id' must contain a non-null value when exiting constructor. Consider adding the 'required' modifier or declaring the property as nullable. [C:\Users\lordo\Documents\GitHub\llmtornado\src\LlmTornado\LlmTornado.csproj::TargetFramework=net462]
C:\Users\lordo\Documents\GitHub\llmtornado\src\LlmTornado\Embedding\ContextualEmbeddingResult.cs(71,19): warning CS8618: Non-nullable property 'Object' must contain a non-null value when exiting constructor. Consider adding the 'required' modifier or declaring the property as nullable. [C:\Users\lordo\Documents\GitHub\llmtornado\src\LlmTornado\LlmTornado.csproj::TargetFramework=net462]
C:\Users\lordo\Documents\GitHub\llmtornado\src\LlmTornado\Embedding\ContextualEmbeddingResult.cs(78,37): warning CS8618: Non-nullable property 'ContextualEmbeddingVector' must contain a non-null value when exiting constructor. Consider adding the 'required' modifier or declaring the property as nullable. [C:\Users\lordo\Documents\GitHub\llmtornado\src\LlmTornado\LlmTornado.csproj::TargetFramework=net462]
C:\Users\lordo\Documents\GitHub\llmtornado\src\LlmTornado\Code\Legacy.cs(546,24): warning CS8603: Possible null reference return. [C:\Users\lordo\Documents\GitHub\llmtornado\src\LlmTornado\LlmTornado.csproj::TargetFramework=net462]
C:\Users\lordo\Documents\GitHub\llmtornado\src\LlmTornado\Code\Legacy.cs(604,24): warning CS8603: Possible null reference return. [C:\Users\lordo\Documents\GitHub\llmtornado\src\LlmTornado\LlmTornado.csproj::TargetFramework=net462]
C:\Users\lordo\Documents\GitHub\llmtornado\src\LlmTornado\Code\PartialModels.cs(84,22): warning CS8618: Non-nullable property 'Exception' must contain a non-null value when exiting constructor. Consider adding the 'required' modifier or declaring the property as nullable. [C:\Users\lordo\Documents\GitHub\llmtornado\src\LlmTornado\LlmTornado.csproj::TargetFramework=net462]
C:\Users\lordo\Documents\GitHub\llmtornado\src\LlmTornado\Code\PartialModels.cs(99,32): warning CS8618: Non-nullable property 'RawMessage' must contain a non-null value when exiting constructor. Consider adding the 'required' modifier or declaring the property as nullable. [C:\Users\lordo\Documents\GitHub\llmtornado\src\LlmTornado\LlmTornado.csproj::TargetFramework=net462]
C:\Users\lordo\Documents\GitHub\llmtornado\src\LlmTornado\Code\PartialModels.cs(104,34): warning CS8618: Non-nullable property 'Body' must contain a non-null value when exiting constructor. Consider adding the 'required' modifier or declaring the property as nullable. [C:\Users\lordo\Documents\GitHub\llmtornado\src\LlmTornado\LlmTornado.csproj::TargetFramework=net462]
C:\Users\lordo\Documents\GitHub\llmtornado\src\LlmTornado\Responses\ResponsesEndpoint.cs(403,28): warning CS8604: Possible null reference argument for parameter 'data' in 'ValueTask<MethodInvocationResult> ResponseFunctionTool.Invoke(string data)'. [C:\Users\lordo\Documents\GitHub\llmtornado\src\LlmTornado\LlmTornado.csproj::TargetFramework=net462]
C:\Users\lordo\Documents\GitHub\llmtornado\src\LlmTornado\Code\PartialModels.cs(296,19): warning CS8618: Non-nullable property 'Content' must contain a non-null value when exiting constructor. Consider adding the 'required' modifier or declaring the property as nullable. [C:\Users\lordo\Documents\GitHub\llmtornado\src\LlmTornado\LlmTornado.csproj::TargetFramework=net462]
C:\Users\lordo\Documents\GitHub\llmtornado\src\LlmTornado\Code\PartialModels.cs(301,19): warning CS8618: Non-nullable property 'Signature' must contain a non-null value when exiting constructor. Consider adding the 'required' modifier or declaring the property as nullable. [C:\Users\lordo\Documents\GitHub\llmtornado\src\LlmTornado\LlmTornado.csproj::TargetFramework=net462]
C:\Users\lordo\Documents\GitHub\llmtornado\src\LlmTornado\Code\Legacy.cs(670,24): warning CS8603: Possible null reference return. [C:\Users\lordo\Documents\GitHub\llmtornado\src\LlmTornado\LlmTornado.csproj::TargetFramework=net462]
C:\Users\lordo\Documents\GitHub\llmtornado\src\LlmTornado\Code\Legacy.cs(680,24): warning CS8603: Possible null reference return. [C:\Users\lordo\Documents\GitHub\llmtornado\src\LlmTornado\LlmTornado.csproj::TargetFramework=net462]
C:\Users\lordo\Documents\GitHub\llmtornado\src\LlmTornado\Chat\Vendors\Google\VendorGoogleChatRequest.cs(754,23): warning CS8618: Non-nullable property 'MimeType' must contain a non-null value when exiting constructor. Consider adding the 'required' modifier or declaring the property as nullable. [C:\Users\lordo\Documents\GitHub\llmtornado\src\LlmTornado\LlmTornado.csproj::TargetFramework=net462]
C:\Users\lordo\Documents\GitHub\llmtornado\src\LlmTornado\Chat\Vendors\Google\VendorGoogleChatRequest.cs(760,23): warning CS8618: Non-nullable property 'Data' must contain a non-null value when exiting constructor. Consider adding the 'required' modifier or declaring the property as nullable. [C:\Users\lordo\Documents\GitHub\llmtornado\src\LlmTornado\LlmTornado.csproj::TargetFramework=net462]
C:\Users\lordo\Documents\GitHub\llmtornado\src\LlmTornado\Chat\Vendors\Google\VendorGoogleChatRequest.cs(742,23): warning CS8618: Non-nullable property 'FileUri' must contain a non-null value when exiting constructor. Consider adding the 'required' modifier or declaring the property as nullable. [C:\Users\lordo\Documents\GitHub\llmtornado\src\LlmTornado\LlmTornado.csproj::TargetFramework=net462]
C:\Users\lordo\Documents\GitHub\llmtornado\src\LlmTornado\Chat\Vendors\Google\VendorGoogleChatRequest.cs(686,23): warning CS8618: Non-nullable property 'Name' must contain a non-null value when exiting constructor. Consider adding the 'required' modifier or declaring the property as nullable. [C:\Users\lordo\Documents\GitHub\llmtornado\src\LlmTornado\LlmTornado.csproj::TargetFramework=net462]
C:\Users\lordo\Documents\GitHub\llmtornado\src\LlmTornado\Chat\Vendors\Google\VendorGoogleChatRequest.cs(644,23): warning CS8618: Non-nullable property 'Name' must contain a non-null value when exiting constructor. Consider adding the 'required' modifier or declaring the property as nullable. [C:\Users\lordo\Documents\GitHub\llmtornado\src\LlmTornado\LlmTornado.csproj::TargetFramework=net462]
C:\Users\lordo\Documents\GitHub\llmtornado\src\LlmTornado\Chat\Vendors\Google\VendorGoogleChatRequest.cs(629,23): warning CS8618: Non-nullable property 'MimeType' must contain a non-null value when exiting constructor. Consider adding the 'required' modifier or declaring the property as nullable. [C:\Users\lordo\Documents\GitHub\llmtornado\src\LlmTornado\LlmTornado.csproj::TargetFramework=net462]
C:\Users\lordo\Documents\GitHub\llmtornado\src\LlmTornado\Chat\Vendors\Google\VendorGoogleChatRequest.cs(635,23): warning CS8618: Non-nullable property 'Data' must contain a non-null value when exiting constructor. Consider adding the 'required' modifier or declaring the property as nullable. [C:\Users\lordo\Documents\GitHub\llmtornado\src\LlmTornado\LlmTornado.csproj::TargetFramework=net462]
C:\Users\lordo\Documents\GitHub\llmtornado\src\LlmTornado\Code\Legacy.cs(869,38): warning CS8625: Cannot convert null literal to non-nullable reference type. [C:\Users\lordo\Documents\GitHub\llmtornado\src\LlmTornado\LlmTornado.csproj::TargetFramework=net462]
C:\Users\lordo\Documents\GitHub\llmtornado\src\LlmTornado\Code\Legacy.cs(870,24): warning CS8625: Cannot convert null literal to non-nullable reference type. [C:\Users\lordo\Documents\GitHub\llmtornado\src\LlmTornado\LlmTornado.csproj::TargetFramework=net462]
C:\Users\lordo\Documents\GitHub\llmtornado\src\LlmTornado\Infra\StringValue.cs(261,26): warning CS0168: The variable 'e' is declared but never used [C:\Users\lordo\Documents\GitHub\llmtornado\src\LlmTornado\LlmTornado.csproj::TargetFramework=net462]
C:\Users\lordo\Documents\GitHub\llmtornado\src\LlmTornado\Infra\ToolDefinition.cs(36,14): warning CS8618: Non-nullable property 'Name' must contain a non-null value when exiting constructor. Consider adding the 'required' modifier or declaring the property as nullable. [C:\Users\lordo\Documents\GitHub\llmtornado\src\LlmTornado\LlmTornado.csproj::TargetFramework=net462]
C:\Users\lordo\Documents\GitHub\llmtornado\src\LlmTornado\Embedding\EmbeddingRequest.cs(28,9): warning CS8618: Non-nullable property 'Model' must contain a non-null value when exiting constructor. Consider adding the 'required' modifier or declaring the property as nullable. [C:\Users\lordo\Documents\GitHub\llmtornado\src\LlmTornado\LlmTornado.csproj::TargetFramework=net462]
C:\Users\lordo\Documents\GitHub\llmtornado\src\LlmTornado\Embedding\EmbeddingRequest.cs(28,9): warning CS8618: Non-nullable property 'InputSerialized' must contain a non-null value when exiting constructor. Consider adding the 'required' modifier or declaring the property as nullable. [C:\Users\lordo\Documents\GitHub\llmtornado\src\LlmTornado\LlmTornado.csproj::TargetFramework=net462]
C:\Users\lordo\Documents\GitHub\llmtornado\src\LlmTornado\Embedding\EmbeddingRequest.cs(45,9): warning CS8618: Non-nullable property 'InputSerialized' must contain a non-null value when exiting constructor. Consider adding the 'required' modifier or declaring the property as nullable. [C:\Users\lordo\Documents\GitHub\llmtornado\src\LlmTornado\LlmTornado.csproj::TargetFramework=net462]
C:\Users\lordo\Documents\GitHub\llmtornado\src\LlmTornado\Embedding\EmbeddingRequest.cs(66,9): warning CS8618: Non-nullable property 'InputSerialized' must contain a non-null value when exiting constructor. Consider adding the 'required' modifier or declaring the property as nullable. [C:\Users\lordo\Documents\GitHub\llmtornado\src\LlmTornado\LlmTornado.csproj::TargetFramework=net462]
C:\Users\lordo\Documents\GitHub\llmtornado\src\LlmTornado\Chat\Vendors\Google\VendorGoogleChatRequest.cs(364,32): warning CS8601: Possible null reference assignment. [C:\Users\lordo\Documents\GitHub\llmtornado\src\LlmTornado\LlmTornado.csproj::TargetFramework=net462]
C:\Users\lordo\Documents\GitHub\llmtornado\src\LlmTornado\Embedding\EmbeddingRequest.cs(80,9): warning CS8618: Non-nullable property 'InputSerialized' must contain a non-null value when exiting constructor. Consider adding the 'required' modifier or declaring the property as nullable. [C:\Users\lordo\Documents\GitHub\llmtornado\src\LlmTornado\LlmTornado.csproj::TargetFramework=net462]
C:\Users\lordo\Documents\GitHub\llmtornado\src\LlmTornado\Embedding\EmbeddingRequest.cs(93,9): warning CS8618: Non-nullable property 'InputSerialized' must contain a non-null value when exiting constructor. Consider adding the 'required' modifier or declaring the property as nullable. [C:\Users\lordo\Documents\GitHub\llmtornado\src\LlmTornado\LlmTornado.csproj::TargetFramework=net462]
C:\Users\lordo\Documents\GitHub\llmtornado\src\LlmTornado\Embedding\EmbeddingRequest.cs(106,9): warning CS8618: Non-nullable property 'InputSerialized' must contain a non-null value when exiting constructor. Consider adding the 'required' modifier or declaring the property as nullable. [C:\Users\lordo\Documents\GitHub\llmtornado\src\LlmTornado\LlmTornado.csproj::TargetFramework=net462]
C:\Users\lordo\Documents\GitHub\llmtornado\src\LlmTornado\Infra\StringValue.cs(306,30): warning CS0168: The variable 'e' is declared but never used [C:\Users\lordo\Documents\GitHub\llmtornado\src\LlmTornado\LlmTornado.csproj::TargetFramework=net462]
C:\Users\lordo\Documents\GitHub\llmtornado\src\LlmTornado\Infra\StringValue.cs(352,26): warning CS0168: The variable 'e' is declared but never used [C:\Users\lordo\Documents\GitHub\llmtornado\src\LlmTornado\LlmTornado.csproj::TargetFramework=net462]
C:\Users\lordo\Documents\GitHub\llmtornado\src\LlmTornado\Embedding\EmbeddingRequest.cs(118,9): warning CS8618: Non-nullable property 'InputSerialized' must contain a non-null value when exiting constructor. Consider adding the 'required' modifier or declaring the property as nullable. [C:\Users\lordo\Documents\GitHub\llmtornado\src\LlmTornado\LlmTornado.csproj::TargetFramework=net462]
C:\Users\lordo\Documents\GitHub\llmtornado\src\LlmTornado\Embedding\Vendors\Cohere\VendorCohereEmbeddingResult.cs(22,19): warning CS8618: Non-nullable property 'Id' must contain a non-null value when exiting constructor. Consider adding the 'required' modifier or declaring the property as nullable. [C:\Users\lordo\Documents\GitHub\llmtornado\src\LlmTornado\LlmTornado.csproj::TargetFramework=net462]
C:\Users\lordo\Documents\GitHub\llmtornado\src\LlmTornado\Embedding\Vendors\Cohere\VendorCohereEmbeddingResult.cs(24,25): warning CS8618: Non-nullable property 'Texts' must contain a non-null value when exiting constructor. Consider adding the 'required' modifier or declaring the property as nullable. [C:\Users\lordo\Documents\GitHub\llmtornado\src\LlmTornado\LlmTornado.csproj::TargetFramework=net462]
C:\Users\lordo\Documents\GitHub\llmtornado\src\LlmTornado\Embedding\Vendors\Cohere\VendorCohereEmbeddingResult.cs(28,30): warning CS8618: Non-nullable property 'Meta' must contain a non-null value when exiting constructor. Consider adding the 'required' modifier or declaring the property as nullable. [C:\Users\lordo\Documents\GitHub\llmtornado\src\LlmTornado\LlmTornado.csproj::TargetFramework=net462]
C:\Users\lordo\Documents\GitHub\llmtornado\src\LlmTornado\Embedding\EmbeddingResult.cs(49,16): warning CS8603: Possible null reference return. [C:\Users\lordo\Documents\GitHub\llmtornado\src\LlmTornado\LlmTornado.csproj::TargetFramework=net462]
C:\Users\lordo\Documents\GitHub\llmtornado\src\LlmTornado\Embedding\EmbeddingResult.cs(29,18): warning CS8618: Non-nullable property 'Usage' must contain a non-null value when exiting constructor. Consider adding the 'required' modifier or declaring the property as nullable. [C:\Users\lordo\Documents\GitHub\llmtornado\src\LlmTornado\LlmTornado.csproj::TargetFramework=net462]
C:\Users\lordo\Documents\GitHub\llmtornado\src\LlmTornado\Embedding\MultimodalEmbeddingResult.cs(45,19): warning CS8618: Non-nullable property 'Object' must contain a non-null value when exiting constructor. Consider adding the 'required' modifier or declaring the property as nullable. [C:\Users\lordo\Documents\GitHub\llmtornado\src\LlmTornado\LlmTornado.csproj::TargetFramework=net462]
C:\Users\lordo\Documents\GitHub\llmtornado\src\LlmTornado\Embedding\MultimodalEmbeddingResult.cs(52,37): warning CS8618: Non-nullable property 'Embedding' must contain a non-null value when exiting constructor. Consider adding the 'required' modifier or declaring the property as nullable. [C:\Users\lordo\Documents\GitHub\llmtornado\src\LlmTornado\LlmTornado.csproj::TargetFramework=net462]
C:\Users\lordo\Documents\GitHub\llmtornado\src\LlmTornado\Embedding\MultimodalEmbeddingResult.cs(15,19): warning CS8618: Non-nullable property 'Object' must contain a non-null value when exiting constructor. Consider adding the 'required' modifier or declaring the property as nullable. [C:\Users\lordo\Documents\GitHub\llmtornado\src\LlmTornado\LlmTornado.csproj::TargetFramework=net462]
C:\Users\lordo\Documents\GitHub\llmtornado\src\LlmTornado\Embedding\MultimodalEmbeddingResult.cs(21,38): warning CS8618: Non-nullable property 'Data' must contain a non-null value when exiting constructor. Consider adding the 'required' modifier or declaring the property as nullable. [C:\Users\lordo\Documents\GitHub\llmtornado\src\LlmTornado\LlmTornado.csproj::TargetFramework=net462]
C:\Users\lordo\Documents\GitHub\llmtornado\src\LlmTornado\Embedding\MultimodalEmbeddingResult.cs(27,19): warning CS8618: Non-nullable property 'Model' must contain a non-null value when exiting constructor. Consider adding the 'required' modifier or declaring the property as nullable. [C:\Users\lordo\Documents\GitHub\llmtornado\src\LlmTornado\LlmTornado.csproj::TargetFramework=net462]
C:\Users\lordo\Documents\GitHub\llmtornado\src\LlmTornado\Embedding\MultimodalEmbeddingResult.cs(33,28): warning CS8618: Non-nullable property 'Usage' must contain a non-null value when exiting constructor. Consider adding the 'required' modifier or declaring the property as nullable. [C:\Users\lordo\Documents\GitHub\llmtornado\src\LlmTornado\LlmTornado.csproj::TargetFramework=net462]
C:\Users\lordo\Documents\GitHub\llmtornado\src\LlmTornado\Responses\ResponsesEndpoint.cs(544,20): warning CS8603: Possible null reference return. [C:\Users\lordo\Documents\GitHub\llmtornado\src\LlmTornado\LlmTornado.csproj::TargetFramework=net462]
C:\Users\lordo\Documents\GitHub\llmtornado\src\LlmTornado\Chat\Vendors\Google\VendorGoogleChatRequest.cs(190,19): warning CS8618: Non-nullable property 'Speaker' must contain a non-null value when exiting constructor. Consider adding the 'required' modifier or declaring the property as nullable. [C:\Users\lordo\Documents\GitHub\llmtornado\src\LlmTornado\LlmTornado.csproj::TargetFramework=net462]
C:\Users\lordo\Documents\GitHub\llmtornado\src\LlmTornado\Embedding\EmbeddingResult.cs(60,18): warning CS8602: Dereference of a possibly null reference. [C:\Users\lordo\Documents\GitHub\llmtornado\src\LlmTornado\LlmTornado.csproj::TargetFramework=net462]
C:\Users\lordo\Documents\GitHub\llmtornado\src\LlmTornado\Responses\Events\ResponseEventOutputTextDelta.cs(35,19): warning CS8618: Non-nullable property 'ItemId' must contain a non-null value when exiting constructor. Consider adding the 'required' modifier or declaring the property as nullable. [C:\Users\lordo\Documents\GitHub\llmtornado\src\LlmTornado\LlmTornado.csproj::TargetFramework=net462]
C:\Users\lordo\Documents\GitHub\llmtornado\src\LlmTornado\Responses\Events\ResponseEventOutputTextDelta.cs(47,19): warning CS8618: Non-nullable property 'Delta' must contain a non-null value when exiting constructor. Consider adding the 'required' modifier or declaring the property as nullable. [C:\Users\lordo\Documents\GitHub\llmtornado\src\LlmTornado\LlmTornado.csproj::TargetFramework=net462]
C:\Users\lordo\Documents\GitHub\llmtornado\src\LlmTornado\Embedding\EmbeddingResult.cs(81,20): warning CS8618: Non-nullable property 'Embedding' must contain a non-null value when exiting constructor. Consider adding the 'required' modifier or declaring the property as nullable. [C:\Users\lordo\Documents\GitHub\llmtornado\src\LlmTornado\LlmTornado.csproj::TargetFramework=net462]
C:\Users\lordo\Documents\GitHub\llmtornado\src\LlmTornado\Images\ImageSize.cs(337,35): warning CS8765: Nullability of type of parameter 'existingValue' doesn't match overridden member (possibly because of nullability attributes). [C:\Users\lordo\Documents\GitHub\llmtornado\src\LlmTornado\LlmTornado.csproj::TargetFramework=netstandard2.0]
C:\Users\lordo\Documents\GitHub\llmtornado\src\LlmTornado\Images\ImageEditRequest.cs(23,9): warning CS8618: Non-nullable property 'Prompt' must contain a non-null value when exiting constructor. Consider adding the 'required' modifier or declaring the property as nullable. [C:\Users\lordo\Documents\GitHub\llmtornado\src\LlmTornado\LlmTornado.csproj::TargetFramework=net462]
C:\Users\lordo\Documents\GitHub\llmtornado\src\LlmTornado\Chat\ChatRequestMaxTokens.cs(55,23): warning CS8604: Possible null reference argument for parameter 'type' in 'bool PropertyRenameAndIgnoreSerializerContractResolver.IsIgnored(Type type, string jsonPropertyName)'. [C:\Users\lordo\Documents\GitHub\llmtornado\src\LlmTornado\LlmTornado.csproj::TargetFramework=net462]
C:\Users\lordo\Documents\GitHub\llmtornado\src\LlmTornado\Chat\ChatRequestMaxTokens.cs(55,47): warning CS8604: Possible null reference argument for parameter 'jsonPropertyName' in 'bool PropertyRenameAndIgnoreSerializerContractResolver.IsIgnored(Type type, string jsonPropertyName)'. [C:\Users\lordo\Documents\GitHub\llmtornado\src\LlmTornado\LlmTornado.csproj::TargetFramework=net462]
C:\Users\lordo\Documents\GitHub\llmtornado\src\LlmTornado\Chat\ChatRequestResponseFormat.cs(26,23): warning CS8618: Non-nullable property 'Name' must contain a non-null value when exiting constructor. Consider adding the 'required' modifier or declaring the property as nullable. [C:\Users\lordo\Documents\GitHub\llmtornado\src\LlmTornado\LlmTornado.csproj::TargetFramework=net462]
C:\Users\lordo\Documents\GitHub\llmtornado\src\LlmTornado\Chat\ChatRequestResponseFormat.cs(32,23): warning CS8618: Non-nullable property 'Schema' must contain a non-null value when exiting constructor. Consider adding the 'required' modifier or declaring the property as nullable. [C:\Users\lordo\Documents\GitHub\llmtornado\src\LlmTornado\LlmTornado.csproj::TargetFramework=net462]
C:\Users\lordo\Documents\GitHub\llmtornado\src\LlmTornado\Embedding\Models\Google\EmbeddingModelGoogleGemini.cs(68,9): warning CS0618: 'EmbeddingModelGoogleGemini.ModelEmbedding4' is obsolete: 'Shut down January 14, 2026. Use ModelGeminiEmbedding001 instead.' [C:\Users\lordo\Documents\GitHub\llmtornado\src\LlmTornado\LlmTornado.csproj::TargetFramework=net462]
C:\Users\lordo\Documents\GitHub\llmtornado\src\LlmTornado\Embedding\Models\Upstage\EmbeddingModelUpstage.cs(49,9): warning CS8604: Possible null reference argument for parameter 'item' in 'void List<IModel>.Add(IModel item)'. [C:\Users\lordo\Documents\GitHub\llmtornado\src\LlmTornado\LlmTornado.csproj::TargetFramework=net462]
C:\Users\lordo\Documents\GitHub\llmtornado\src\LlmTornado\Embedding\Models\Upstage\EmbeddingModelUpstage.cs(50,9): warning CS8604: Possible null reference argument for parameter 'item' in 'void List<IModel>.Add(IModel item)'. [C:\Users\lordo\Documents\GitHub\llmtornado\src\LlmTornado\LlmTornado.csproj::TargetFramework=net462]
C:\Users\lordo\Documents\GitHub\llmtornado\src\LlmTornado\Embedding\EmbeddingRequest.cs(131,9): warning CS8618: Non-nullable property 'InputSerialized' must contain a non-null value when exiting constructor. Consider adding the 'required' modifier or declaring the property as nullable. [C:\Users\lordo\Documents\GitHub\llmtornado\src\LlmTornado\LlmTornado.csproj::TargetFramework=net462]
C:\Users\lordo\Documents\GitHub\llmtornado\src\LlmTornado\Embedding\EmbeddingRequest.cs(145,9): warning CS8618: Non-nullable property 'InputSerialized' must contain a non-null value when exiting constructor. Consider adding the 'required' modifier or declaring the property as nullable. [C:\Users\lordo\Documents\GitHub\llmtornado\src\LlmTornado\LlmTornado.csproj::TargetFramework=net462]
C:\Users\lordo\Documents\GitHub\llmtornado\src\LlmTornado\Embedding\EmbeddingRequest.cs(159,9): warning CS8618: Non-nullable property 'InputSerialized' must contain a non-null value when exiting constructor. Consider adding the 'required' modifier or declaring the property as nullable. [C:\Users\lordo\Documents\GitHub\llmtornado\src\LlmTornado\LlmTornado.csproj::TargetFramework=net462]
C:\Users\lordo\Documents\GitHub\llmtornado\src\LlmTornado\Embedding\EmbeddingRequest.cs(173,9): warning CS8618: Non-nullable property 'InputSerialized' must contain a non-null value when exiting constructor. Consider adding the 'required' modifier or declaring the property as nullable. [C:\Users\lordo\Documents\GitHub\llmtornado\src\LlmTornado\LlmTornado.csproj::TargetFramework=net462]
C:\Users\lordo\Documents\GitHub\llmtornado\src\LlmTornado\Embedding\EmbeddingRequest.cs(188,9): warning CS8618: Non-nullable property 'InputSerialized' must contain a non-null value when exiting constructor. Consider adding the 'required' modifier or declaring the property as nullable. [C:\Users\lordo\Documents\GitHub\llmtornado\src\LlmTornado\LlmTornado.csproj::TargetFramework=net462]
C:\Users\lordo\Documents\GitHub\llmtornado\src\LlmTornado\Embedding\EmbeddingRequest.cs(204,9): warning CS8618: Non-nullable property 'InputSerialized' must contain a non-null value when exiting constructor. Consider adding the 'required' modifier or declaring the property as nullable. [C:\Users\lordo\Documents\GitHub\llmtornado\src\LlmTornado\LlmTornado.csproj::TargetFramework=net462]
C:\Users\lordo\Documents\GitHub\llmtornado\src\LlmTornado\Responses\ResponseDeleted.cs(14,19): warning CS8618: Non-nullable property 'Id' must contain a non-null value when exiting constructor. Consider adding the 'required' modifier or declaring the property as nullable. [C:\Users\lordo\Documents\GitHub\llmtornado\src\LlmTornado\LlmTornado.csproj::TargetFramework=net462]
C:\Users\lordo\Documents\GitHub\llmtornado\src\LlmTornado\Chat\Vendors\Google\VendorGoogleChatResult.cs(680,19): warning CS8618: Non-nullable property 'Source' must contain a non-null value when exiting constructor. Consider adding the 'required' modifier or declaring the property as nullable. [C:\Users\lordo\Documents\GitHub\llmtornado\src\LlmTornado\LlmTornado.csproj::TargetFramework=net462]
C:\Users\lordo\Documents\GitHub\llmtornado\src\LlmTornado\Chat\Vendors\Google\VendorGoogleChatResult.cs(686,19): warning CS8618: Non-nullable property 'Chunk' must contain a non-null value when exiting constructor. Consider adding the 'required' modifier or declaring the property as nullable. [C:\Users\lordo\Documents\GitHub\llmtornado\src\LlmTornado\LlmTornado.csproj::TargetFramework=net462]
C:\Users\lordo\Documents\GitHub\llmtornado\src\LlmTornado\Chat\Vendors\Google\VendorGoogleChatResult.cs(662,19): warning CS8618: Non-nullable property 'PassageId' must contain a non-null value when exiting constructor. Consider adding the 'required' modifier or declaring the property as nullable. [C:\Users\lordo\Documents\GitHub\llmtornado\src\LlmTornado\LlmTornado.csproj::TargetFramework=net462]
C:\Users\lordo\Documents\GitHub\llmtornado\src\LlmTornado\Chat\Vendors\Google\VendorGoogleChatResult.cs(644,53): warning CS8618: Non-nullable property 'GroundingPassage' must contain a non-null value when exiting constructor. Consider adding the 'required' modifier or declaring the property as nullable. [C:\Users\lordo\Documents\GitHub\llmtornado\src\LlmTornado\LlmTornado.csproj::TargetFramework=net462]
C:\Users\lordo\Documents\GitHub\llmtornado\src\LlmTornado\Chat\Vendors\Google\VendorGoogleChatResult.cs(650,57): warning CS8618: Non-nullable property 'SemanticRetrieverChunk' must contain a non-null value when exiting constructor. Consider adding the 'required' modifier or declaring the property as nullable. [C:\Users\lordo\Documents\GitHub\llmtornado\src\LlmTornado\LlmTornado.csproj::TargetFramework=net462]
C:\Users\lordo\Documents\GitHub\llmtornado\src\LlmTornado\Chat\Vendors\Google\VendorGoogleChatResult.cs(626,54): warning CS8618: Non-nullable property 'SourceId' must contain a non-null value when exiting constructor. Consider adding the 'required' modifier or declaring the property as nullable. [C:\Users\lordo\Documents\GitHub\llmtornado\src\LlmTornado\LlmTornado.csproj::TargetFramework=net462]
C:\Users\lordo\Documents\GitHub\llmtornado\src\LlmTornado\Chat\Vendors\Google\VendorGoogleChatResult.cs(632,67): warning CS8618: Non-nullable property 'Content' must contain a non-null value when exiting constructor. Consider adding the 'required' modifier or declaring the property as nullable. [C:\Users\lordo\Documents\GitHub\llmtornado\src\LlmTornado\LlmTornado.csproj::TargetFramework=net462]
C:\Users\lordo\Documents\GitHub\llmtornado\src\LlmTornado\Chat\Vendors\Google\VendorGoogleChatResult.cs(594,19): warning CS8618: Non-nullable property 'RenderedContent' must contain a non-null value when exiting constructor. Consider adding the 'required' modifier or declaring the property as nullable. [C:\Users\lordo\Documents\GitHub\llmtornado\src\LlmTornado\LlmTornado.csproj::TargetFramework=net462]
C:\Users\lordo\Documents\GitHub\llmtornado\src\LlmTornado\Chat\Vendors\Google\VendorGoogleChatResult.cs(601,19): warning CS8618: Non-nullable property 'SdkBlob' must contain a non-null value when exiting constructor. Consider adding the 'required' modifier or declaring the property as nullable. [C:\Users\lordo\Documents\GitHub\llmtornado\src\LlmTornado\LlmTornado.csproj::TargetFramework=net462]
C:\Users\lordo\Documents\GitHub\llmtornado\src\LlmTornado\Chat\Vendors\Google\VendorGoogleChatResult.cs(582,19): warning CS8618: Non-nullable property 'Text' must contain a non-null value when exiting constructor. Consider adding the 'required' modifier or declaring the property as nullable. [C:\Users\lordo\Documents\GitHub\llmtornado\src\LlmTornado\LlmTornado.csproj::TargetFramework=net462]
C:\Users\lordo\Documents\GitHub\llmtornado\src\LlmTornado\Chat\Vendors\Google\VendorGoogleChatResult.cs(552,42): warning CS8618: Non-nullable property 'Segment' must contain a non-null value when exiting constructor. Consider adding the 'required' modifier or declaring the property as nullable. [C:\Users\lordo\Documents\GitHub\llmtornado\src\LlmTornado\LlmTornado.csproj::TargetFramework=net462]
C:\Users\lordo\Documents\GitHub\llmtornado\src\LlmTornado\Chat\Vendors\Google\VendorGoogleChatResult.cs(516,19): warning CS8618: Non-nullable property 'ReviewId' must contain a non-null value when exiting constructor. Consider adding the 'required' modifier or declaring the property as nullable. [C:\Users\lordo\Documents\GitHub\llmtornado\src\LlmTornado\LlmTornado.csproj::TargetFramework=net462]
C:\Users\lordo\Documents\GitHub\llmtornado\src\LlmTornado\Chat\Vendors\Google\VendorGoogleChatResult.cs(522,19): warning CS8618: Non-nullable property 'GoogleMapsUri' must contain a non-null value when exiting constructor. Consider adding the 'required' modifier or declaring the property as nullable. [C:\Users\lordo\Documents\GitHub\llmtornado\src\LlmTornado\LlmTornado.csproj::TargetFramework=net462]
C:\Users\lordo\Documents\GitHub\llmtornado\src\LlmTornado\Chat\Vendors\Google\VendorGoogleChatResult.cs(528,19): warning CS8618: Non-nullable property 'Title' must contain a non-null value when exiting constructor. Consider adding the 'required' modifier or declaring the property as nullable. [C:\Users\lordo\Documents\GitHub\llmtornado\src\LlmTornado\LlmTornado.csproj::TargetFramework=net462]
C:\Users\lordo\Documents\GitHub\llmtornado\src\LlmTornado\Chat\Vendors\Google\VendorGoogleChatResult.cs(468,19): warning CS8618: Non-nullable property 'Uri' must contain a non-null value when exiting constructor. Consider adding the 'required' modifier or declaring the property as nullable. [C:\Users\lordo\Documents\GitHub\llmtornado\src\LlmTornado\LlmTornado.csproj::TargetFramework=net462]
C:\Users\lordo\Documents\GitHub\llmtornado\src\LlmTornado\Chat\Vendors\Google\VendorGoogleChatResult.cs(474,19): warning CS8618: Non-nullable property 'Title' must contain a non-null value when exiting constructor. Consider adding the 'required' modifier or declaring the property as nullable. [C:\Users\lordo\Documents\GitHub\llmtornado\src\LlmTornado\LlmTornado.csproj::TargetFramework=net462]
C:\Users\lordo\Documents\GitHub\llmtornado\src\LlmTornado\Chat\Vendors\Google\VendorGoogleChatResult.cs(480,19): warning CS8618: Non-nullable property 'Text' must contain a non-null value when exiting constructor. Consider adding the 'required' modifier or declaring the property as nullable. [C:\Users\lordo\Documents\GitHub\llmtornado\src\LlmTornado\LlmTornado.csproj::TargetFramework=net462]
C:\Users\lordo\Documents\GitHub\llmtornado\src\LlmTornado\Chat\Vendors\Google\VendorGoogleChatResult.cs(486,19): warning CS8618: Non-nullable property 'PlaceId' must contain a non-null value when exiting constructor. Consider adding the 'required' modifier or declaring the property as nullable. [C:\Users\lordo\Documents\GitHub\llmtornado\src\LlmTornado\LlmTornado.csproj::TargetFramework=net462]
C:\Users\lordo\Documents\GitHub\llmtornado\src\LlmTornado\Chat\Vendors\Google\VendorGoogleChatResult.cs(450,19): warning CS8618: Non-nullable property 'Uri' must contain a non-null value when exiting constructor. Consider adding the 'required' modifier or declaring the property as nullable. [C:\Users\lordo\Documents\GitHub\llmtornado\src\LlmTornado\LlmTornado.csproj::TargetFramework=net462]
C:\Users\lordo\Documents\GitHub\llmtornado\src\LlmTornado\Chat\Vendors\Google\VendorGoogleChatResult.cs(456,19): warning CS8618: Non-nullable property 'Title' must contain a non-null value when exiting constructor. Consider adding the 'required' modifier or declaring the property as nullable. [C:\Users\lordo\Documents\GitHub\llmtornado\src\LlmTornado\LlmTornado.csproj::TargetFramework=net462]
C:\Users\lordo\Documents\GitHub\llmtornado\src\LlmTornado\Chat\Vendors\Google\VendorGoogleChatResult.cs(345,52): warning CS8618: Non-nullable property 'RetrievalMetadata' must contain a non-null value when exiting constructor. Consider adding the 'required' modifier or declaring the property as nullable. [C:\Users\lordo\Documents\GitHub\llmtornado\src\LlmTornado\LlmTornado.csproj::TargetFramework=net462]
C:\Users\lordo\Documents\GitHub\llmtornado\src\LlmTornado\Chat\Vendors\Google\VendorGoogleChatResult.cs(297,19): warning CS8618: Non-nullable property 'Token' must contain a non-null value when exiting constructor. Consider adding the 'required' modifier or declaring the property as nullable. [C:\Users\lordo\Documents\GitHub\llmtornado\src\LlmTornado\LlmTornado.csproj::TargetFramework=net462]
C:\Users\lordo\Documents\GitHub\llmtornado\src\LlmTornado\Chat\Vendors\Google\VendorGoogleChatResult.cs(212,19): warning CS8618: Non-nullable property 'RetrievedUrl' must contain a non-null value when exiting constructor. Consider adding the 'required' modifier or declaring the property as nullable. [C:\Users\lordo\Documents\GitHub\llmtornado\src\LlmTornado\LlmTornado.csproj::TargetFramework=net462]
C:\Users\lordo\Documents\GitHub\llmtornado\src\LlmTornado\Chat\Vendors\Google\VendorGoogleChatResult.cs(94,30): warning CS8618: Non-nullable property 'Meta' must contain a non-null value when exiting constructor. Consider adding the 'required' modifier or declaring the property as nullable. [C:\Users\lordo\Documents\GitHub\llmtornado\src\LlmTornado\LlmTornado.csproj::TargetFramework=net462]
C:\Users\lordo\Documents\GitHub\llmtornado\src\LlmTornado\Chat\Vendors\Google\VendorGoogleChatResult.cs(26,71): warning CS8618: Non-nullable property 'Content' must contain a non-null value when exiting constructor. Consider adding the 'required' modifier or declaring the property as nullable. [C:\Users\lordo\Documents\GitHub\llmtornado\src\LlmTornado\LlmTornado.csproj::TargetFramework=net462]
C:\Users\lordo\Documents\GitHub\llmtornado\src\LlmTornado\Chat\Vendors\Cohere\VendorCohereCitationBlock.cs(11,19): warning CS8618: Non-nullable property 'Text' must contain a non-null value when exiting constructor. Consider adding the 'required' modifier or declaring the property as nullable. [C:\Users\lordo\Documents\GitHub\llmtornado\src\LlmTornado\LlmTornado.csproj::TargetFramework=net462]
C:\Users\lordo\Documents\GitHub\llmtornado\src\LlmTornado\Chat\Vendors\Cohere\VendorCohereChatTool.cs(50,19): warning CS8618: Non-nullable property 'Name' must contain a non-null value when exiting constructor. Consider adding the 'required' modifier or declaring the property as nullable. [C:\Users\lordo\Documents\GitHub\llmtornado\src\LlmTornado\LlmTornado.csproj::TargetFramework=net462]
C:\Users\lordo\Documents\GitHub\llmtornado\src\LlmTornado\Chat\Vendors\Cohere\VendorCohereChatTool.cs(29,19): warning CS8618: Non-nullable property 'Description' must contain a non-null value when exiting constructor. Consider adding the 'required' modifier or declaring the property as nullable. [C:\Users\lordo\Documents\GitHub\llmtornado\src\LlmTornado\LlmTornado.csproj::TargetFramework=net462]
C:\Users\lordo\Documents\GitHub\llmtornado\src\LlmTornado\Chat\Vendors\Cohere\VendorCohereChatTool.cs(32,19): warning CS8618: Non-nullable property 'Type' must contain a non-null value when exiting constructor. Consider adding the 'required' modifier or declaring the property as nullable. [C:\Users\lordo\Documents\GitHub\llmtornado\src\LlmTornado\LlmTornado.csproj::TargetFramework=net462]
C:\Users\lordo\Documents\GitHub\llmtornado\src\LlmTornado\Chat\Vendors\Cohere\VendorCohereChatTool.cs(21,19): warning CS8618: Non-nullable property 'Name' must contain a non-null value when exiting constructor. Consider adding the 'required' modifier or declaring the property as nullable. [C:\Users\lordo\Documents\GitHub\llmtornado\src\LlmTornado\LlmTornado.csproj::TargetFramework=net462]
C:\Users\lordo\Documents\GitHub\llmtornado\src\LlmTornado\Chat\Vendors\Cohere\VendorCohereChatTool.cs(9,19): warning CS8618: Non-nullable property 'Name' must contain a non-null value when exiting constructor. Consider adding the 'required' modifier or declaring the property as nullable. [C:\Users\lordo\Documents\GitHub\llmtornado\src\LlmTornado\LlmTornado.csproj::TargetFramework=net462]
C:\Users\lordo\Documents\GitHub\llmtornado\src\LlmTornado\Chat\Vendors\Cohere\VendorCohereChatTool.cs(12,19): warning CS8618: Non-nullable property 'Description' must contain a non-null value when exiting constructor. Consider adding the 'required' modifier or declaring the property as nullable. [C:\Users\lordo\Documents\GitHub\llmtornado\src\LlmTornado\LlmTornado.csproj::TargetFramework=net462]
C:\Users\lordo\Documents\GitHub\llmtornado\src\LlmTornado\Responses\ResponseTool.cs(1442,21): warning CS0472: The result of the expression is always 'true' since a value of type 'ResponseComputerEnvironment' is never equal to 'null' of type 'ResponseComputerEnvironment?' [C:\Users\lordo\Documents\GitHub\llmtornado\src\LlmTornado\LlmTornado.csproj::TargetFramework=net8.0]
C:\Users\lordo\Documents\GitHub\llmtornado\src\LlmTornado\Chat\Vendors\Cohere\VendorCohereChatSearchResult.cs(15,40): warning CS8618: Non-nullable property 'SearchQuery' must contain a non-null value when exiting constructor. Consider adding the 'required' modifier or declaring the property as nullable. [C:\Users\lordo\Documents\GitHub\llmtornado\src\LlmTornado\LlmTornado.csproj::TargetFramework=net462]
C:\Users\lordo\Documents\GitHub\llmtornado\src\LlmTornado\Chat\Vendors\Cohere\VendorCohereChatSearchResult.cs(21,25): warning CS8618: Non-nullable property 'DocumentIds' must contain a non-null value when exiting constructor. Consider adding the 'required' modifier or declaring the property as nullable. [C:\Users\lordo\Documents\GitHub\llmtornado\src\LlmTornado\LlmTornado.csproj::TargetFramework=net462]
C:\Users\lordo\Documents\GitHub\llmtornado\src\LlmTornado\Chat\Vendors\Cohere\VendorCohereChatSearchResult.cs(27,49): warning CS8618: Non-nullable property 'Connector' must contain a non-null value when exiting constructor. Consider adding the 'required' modifier or declaring the property as nullable. [C:\Users\lordo\Documents\GitHub\llmtornado\src\LlmTornado\LlmTornado.csproj::TargetFramework=net462]
C:\Users\lordo\Documents\GitHub\llmtornado\src\LlmTornado\Chat\Vendors\Cohere\VendorCohereChatSearchQueryConnector.cs(14,19): warning CS8618: Non-nullable property 'Id' must contain a non-null value when exiting constructor. Consider adding the 'required' modifier or declaring the property as nullable. [C:\Users\lordo\Documents\GitHub\llmtornado\src\LlmTornado\LlmTornado.csproj::TargetFramework=net462]
C:\Users\lordo\Documents\GitHub\llmtornado\src\LlmTornado\Chat\Vendors\Cohere\VendorCohereChatSearchQuery.cs(15,19): warning CS8618: Non-nullable property 'Text' must contain a non-null value when exiting constructor. Consider adding the 'required' modifier or declaring the property as nullable. [C:\Users\lordo\Documents\GitHub\llmtornado\src\LlmTornado\LlmTornado.csproj::TargetFramework=net462]
C:\Users\lordo\Documents\GitHub\llmtornado\src\LlmTornado\Chat\Vendors\Cohere\VendorCohereChatSearchQuery.cs(21,19): warning CS8618: Non-nullable property 'GenerationId' must contain a non-null value when exiting constructor. Consider adding the 'required' modifier or declaring the property as nullable. [C:\Users\lordo\Documents\GitHub\llmtornado\src\LlmTornado\LlmTornado.csproj::TargetFramework=net462]
C:\Users\lordo\Documents\GitHub\llmtornado\src\LlmTornado\Infra\ToolDefinition.cs(348,30): warning CS8618: Non-nullable property 'Provider' must contain a non-null value when exiting constructor. Consider adding the 'required' modifier or declaring the property as nullable. [C:\Users\lordo\Documents\GitHub\llmtornado\src\LlmTornado\LlmTornado.csproj::TargetFramework=net462]
C:\Users\lordo\Documents\GitHub\llmtornado\src\LlmTornado\Chat\Vendors\Cohere\VendorCohereChatResult.cs(59,19): warning CS8618: Non-nullable property 'ResponseId' must contain a non-null value when exiting constructor. Consider adding the 'required' modifier or declaring the property as nullable. [C:\Users\lordo\Documents\GitHub\llmtornado\src\LlmTornado\LlmTornado.csproj::TargetFramework=net462]
C:\Users\lordo\Documents\GitHub\llmtornado\src\LlmTornado\Chat\Vendors\Cohere\VendorCohereChatResult.cs(184,23): warning CS8618: Non-nullable property 'Text' must contain a non-null value when exiting constructor. Consider adding the 'required' modifier or declaring the property as nullable. [C:\Users\lordo\Documents\GitHub\llmtornado\src\LlmTornado\LlmTornado.csproj::TargetFramework=net462]
C:\Users\lordo\Documents\GitHub\llmtornado\src\LlmTornado\Chat\Vendors\Cohere\VendorCohereChatResult.cs(187,29): warning CS8618: Non-nullable property 'Sources' must contain a non-null value when exiting constructor. Consider adding the 'required' modifier or declaring the property as nullable. [C:\Users\lordo\Documents\GitHub\llmtornado\src\LlmTornado\LlmTornado.csproj::TargetFramework=net462]
C:\Users\lordo\Documents\GitHub\llmtornado\src\LlmTornado\Chat\Vendors\Cohere\VendorCohereChatResult.cs(163,23): warning CS8618: Non-nullable property 'Name' must contain a non-null value when exiting constructor. Consider adding the 'required' modifier or declaring the property as nullable. [C:\Users\lordo\Documents\GitHub\llmtornado\src\LlmTornado\LlmTornado.csproj::TargetFramework=net462]
C:\Users\lordo\Documents\GitHub\llmtornado\src\LlmTornado\Chat\Vendors\Cohere\VendorCohereChatResult.cs(169,23): warning CS8618: Non-nullable property 'Arguments' must contain a non-null value when exiting constructor. Consider adding the 'required' modifier or declaring the property as nullable. [C:\Users\lordo\Documents\GitHub\llmtornado\src\LlmTornado\LlmTornado.csproj::TargetFramework=net462]
C:\Users\lordo\Documents\GitHub\llmtornado\src\LlmTornado\Chat\Vendors\Cohere\VendorCohereChatResult.cs(139,23): warning CS8618: Non-nullable property 'Id' must contain a non-null value when exiting constructor. Consider adding the 'required' modifier or declaring the property as nullable. [C:\Users\lordo\Documents\GitHub\llmtornado\src\LlmTornado\LlmTornado.csproj::TargetFramework=net462]
C:\Users\lordo\Documents\GitHub\llmtornado\src\LlmTornado\Chat\Vendors\Cohere\VendorCohereChatResult.cs(151,45): warning CS8618: Non-nullable property 'Function' must contain a non-null value when exiting constructor. Consider adding the 'required' modifier or declaring the property as nullable. [C:\Users\lordo\Documents\GitHub\llmtornado\src\LlmTornado\LlmTornado.csproj::TargetFramework=net462]
C:\Users\lordo\Documents\GitHub\llmtornado\src\LlmTornado\Chat\Vendors\Cohere\VendorCohereChatResult.cs(118,23): warning CS8618: Non-nullable property 'Text' must contain a non-null value when exiting constructor. Consider adding the 'required' modifier or declaring the property as nullable. [C:\Users\lordo\Documents\GitHub\llmtornado\src\LlmTornado\LlmTornado.csproj::TargetFramework=net462]
C:\Users\lordo\Documents\GitHub\llmtornado\src\LlmTornado\Chat\Vendors\Cohere\VendorCohereChatResult.cs(121,23): warning CS8618: Non-nullable property 'Thinking' must contain a non-null value when exiting constructor. Consider adding the 'required' modifier or declaring the property as nullable. [C:\Users\lordo\Documents\GitHub\llmtornado\src\LlmTornado\LlmTornado.csproj::TargetFramework=net462]
C:\Users\lordo\Documents\GitHub\llmtornado\src\LlmTornado\Chat\Vendors\Cohere\VendorCohereChatResult.cs(50,39): warning CS8618: Non-nullable property 'Document' must contain a non-null value when exiting constructor. Consider adding the 'required' modifier or declaring the property as nullable. [C:\Users\lordo\Documents\GitHub\llmtornado\src\LlmTornado\LlmTornado.csproj::TargetFramework=net462]
C:\Users\lordo\Documents\GitHub\llmtornado\src\LlmTornado\Chat\Vendors\Cohere\VendorCohereChatResult.cs(53,19): warning CS8618: Non-nullable property 'Id' must contain a non-null value when exiting constructor. Consider adding the 'required' modifier or declaring the property as nullable. [C:\Users\lordo\Documents\GitHub\llmtornado\src\LlmTornado\LlmTornado.csproj::TargetFramework=net462]
C:\Users\lordo\Documents\GitHub\llmtornado\src\LlmTornado\Responses\ResponseHelpers.cs(113,29): warning CS8604: Possible null reference argument for parameter 'output' in 'FunctionToolCallOutput.FunctionToolCallOutput(string callId, string output)'. [C:\Users\lordo\Documents\GitHub\llmtornado\src\LlmTornado\LlmTornado.csproj::TargetFramework=net462]
C:\Users\lordo\Documents\GitHub\llmtornado\src\LlmTornado\Chat\Models\Anthropic\ChatModelAnthropicClaude3.cs(50,106): warning CS0618: 'ChatModelAnthropicClaude3.ModelSonnet' is obsolete: 'deprecated' [C:\Users\lordo\Documents\GitHub\llmtornado\src\LlmTornado\LlmTornado.csproj::TargetFramework=net462]
C:\Users\lordo\Documents\GitHub\llmtornado\src\LlmTornado\Images\ImageSize.cs(339,34): warning CS8604: Possible null reference argument for parameter 'value' in 'ImageSize.ImageSize(string value)'. [C:\Users\lordo\Documents\GitHub\llmtornado\src\LlmTornado\LlmTornado.csproj::TargetFramework=net462]
C:\Users\lordo\Documents\GitHub\llmtornado\src\LlmTornado\Chat\ResolvedToolsCall.cs(37,24): warning CS8618: Non-nullable property 'ToolMessage' must contain a non-null value when exiting constructor. Consider adding the 'required' modifier or declaring the property as nullable. [C:\Users\lordo\Documents\GitHub\llmtornado\src\LlmTornado\LlmTornado.csproj::TargetFramework=net462]
C:\Users\lordo\Documents\GitHub\llmtornado\src\LlmTornado\Chat\ResolvedToolsCall.cs(50,24): warning CS8618: Non-nullable property 'AssistantMessage' must contain a non-null value when exiting constructor. Consider adding the 'required' modifier or declaring the property as nullable. [C:\Users\lordo\Documents\GitHub\llmtornado\src\LlmTornado\LlmTornado.csproj::TargetFramework=net462]
C:\Users\lordo\Documents\GitHub\llmtornado\src\LlmTornado\Responses\ResponseInputContent.cs(246,50): warning CS8604: Possible null reference argument for parameter 'fileName' in 'void OpenAiInputFileTypes.ValidateOrThrow(string fileName, string? mimeType = null)'. [C:\Users\lordo\Documents\GitHub\llmtornado\src\LlmTornado\LlmTornado.csproj::TargetFramework=net462]
C:\Users\lordo\Documents\GitHub\llmtornado\src\LlmTornado\Responses\ResponseInputContent.cs(262,50): warning CS8604: Possible null reference argument for parameter 'fileName' in 'void OpenAiInputFileTypes.ValidateOrThrow(string fileName, string? mimeType = null)'. [C:\Users\lordo\Documents\GitHub\llmtornado\src\LlmTornado\LlmTornado.csproj::TargetFramework=net462]
C:\Users\lordo\Documents\GitHub\llmtornado\src\LlmTornado\Responses\ResponseInputContent.cs(275,50): warning CS8604: Possible null reference argument for parameter 'fileName' in 'void OpenAiInputFileTypes.ValidateOrThrow(string fileName, string? mimeType = null)'. [C:\Users\lordo\Documents\GitHub\llmtornado\src\LlmTornado\LlmTornado.csproj::TargetFramework=net462]
C:\Users\lordo\Documents\GitHub\llmtornado\src\LlmTornado\Chat\Models\ChatModel.cs(491,45): warning CS8618: Non-nullable property 'ModelsByName' must contain a non-null value when exiting constructor. Consider adding the 'required' modifier or declaring the property as nullable. [C:\Users\lordo\Documents\GitHub\llmtornado\src\LlmTornado\LlmTornado.csproj::TargetFramework=net462]
C:\Users\lordo\Documents\GitHub\llmtornado\src\LlmTornado\Chat\Models\Upstage\ChatModelUpstage.cs(51,9): warning CS8604: Possible null reference argument for parameter 'item' in 'void List<IModel>.Add(IModel item)'. [C:\Users\lordo\Documents\GitHub\llmtornado\src\LlmTornado\LlmTornado.csproj::TargetFramework=net462]
C:\Users\lordo\Documents\GitHub\llmtornado\src\LlmTornado\Chat\Models\Upstage\ChatModelUpstage.cs(52,9): warning CS8604: Possible null reference argument for parameter 'item' in 'void List<IModel>.Add(IModel item)'. [C:\Users\lordo\Documents\GitHub\llmtornado\src\LlmTornado\LlmTornado.csproj::TargetFramework=net462]
C:\Users\lordo\Documents\GitHub\llmtornado\src\LlmTornado\Chat\Models\Upstage\ChatModelUpstage.cs(53,9): warning CS8604: Possible null reference argument for parameter 'item' in 'void List<IModel>.Add(IModel item)'. [C:\Users\lordo\Documents\GitHub\llmtornado\src\LlmTornado\LlmTornado.csproj::TargetFramework=net462]
C:\Users\lordo\Documents\GitHub\llmtornado\src\LlmTornado\Chat\Models\Upstage\ChatModelUpstage.cs(54,9): warning CS8604: Possible null reference argument for parameter 'item' in 'void List<IModel>.Add(IModel item)'. [C:\Users\lordo\Documents\GitHub\llmtornado\src\LlmTornado\LlmTornado.csproj::TargetFramework=net462]
C:\Users\lordo\Documents\GitHub\llmtornado\src\LlmTornado\Chat\Models\Upstage\ChatModelUpstage.cs(55,9): warning CS8604: Possible null reference argument for parameter 'item' in 'void List<IModel>.Add(IModel item)'. [C:\Users\lordo\Documents\GitHub\llmtornado\src\LlmTornado\LlmTornado.csproj::TargetFramework=net462]
C:\Users\lordo\Documents\GitHub\llmtornado\src\LlmTornado\Chat\Vendors\Alibaba\VendorAlibabaChatRequest.cs(18,50): warning CS8604: Possible null reference argument for parameter 'o' in 'JObject JObject.FromObject(object o, JsonSerializer jsonSerializer)'. [C:\Users\lordo\Documents\GitHub\llmtornado\src\LlmTornado\LlmTornado.csproj::TargetFramework=net462]
C:\Users\lordo\Documents\GitHub\llmtornado\src\LlmTornado\Vendor\Anthropic\VendorAnthropicChatResultContainer.cs(22,19): warning CS8618: Non-nullable property 'Type' must contain a non-null value when exiting constructor. Consider adding the 'required' modifier or declaring the property as nullable. [C:\Users\lordo\Documents\GitHub\llmtornado\src\LlmTornado\LlmTornado.csproj::TargetFramework=net462]
C:\Users\lordo\Documents\GitHub\llmtornado\src\LlmTornado\Vendor\Anthropic\VendorAnthropicChatResultContainer.cs(25,19): warning CS8618: Non-nullable property 'SkillId' must contain a non-null value when exiting constructor. Consider adding the 'required' modifier or declaring the property as nullable. [C:\Users\lordo\Documents\GitHub\llmtornado\src\LlmTornado\LlmTornado.csproj::TargetFramework=net462]
C:\Users\lordo\Documents\GitHub\llmtornado\src\LlmTornado\Vendor\Anthropic\VendorAnthropicChatResultContainer.cs(28,19): warning CS8618: Non-nullable property 'Version' must contain a non-null value when exiting constructor. Consider adding the 'required' modifier or declaring the property as nullable. [C:\Users\lordo\Documents\GitHub\llmtornado\src\LlmTornado\LlmTornado.csproj::TargetFramework=net462]
C:\Users\lordo\Documents\GitHub\llmtornado\src\LlmTornado\Vendor\Anthropic\VendorAnthropicChatResultContainer.cs(10,19): warning CS8618: Non-nullable property 'Id' must contain a non-null value when exiting constructor. Consider adding the 'required' modifier or declaring the property as nullable. [C:\Users\lordo\Documents\GitHub\llmtornado\src\LlmTornado\LlmTornado.csproj::TargetFramework=net462]
C:\Users\lordo\Documents\GitHub\llmtornado\src\LlmTornado\Vendor\Anthropic\VendorAnthropicChatResultContainer.cs(16,54): warning CS8618: Non-nullable property 'Skills' must contain a non-null value when exiting constructor. Consider adding the 'required' modifier or declaring the property as nullable. [C:\Users\lordo\Documents\GitHub\llmtornado\src\LlmTornado\LlmTornado.csproj::TargetFramework=net462]
C:\Users\lordo\Documents\GitHub\llmtornado\src\LlmTornado\Chat\Vendors\Cohere\VendorCohereChatResult.cs(38,19): warning CS8618: Non-nullable property 'Id' must contain a non-null value when exiting constructor. Consider adding the 'required' modifier or declaring the property as nullable. [C:\Users\lordo\Documents\GitHub\llmtornado\src\LlmTornado\LlmTornado.csproj::TargetFramework=net462]
C:\Users\lordo\Documents\GitHub\llmtornado\src\LlmTornado\Chat\Vendors\Cohere\VendorCohereChatResult.cs(41,39): warning CS8618: Non-nullable property 'ToolOutput' must contain a non-null value when exiting constructor. Consider adding the 'required' modifier or declaring the property as nullable. [C:\Users\lordo\Documents\GitHub\llmtornado\src\LlmTornado\LlmTornado.csproj::TargetFramework=net462]
C:\Users\lordo\Documents\GitHub\llmtornado\src\LlmTornado\Chat\Vendors\Cohere\ChatResponseVendorCohereExtensions.cs(39,12): warning CS8618: Non-nullable property 'Response' must contain a non-null value when exiting constructor. Consider adding the 'required' modifier or declaring the property as nullable. [C:\Users\lordo\Documents\GitHub\llmtornado\src\LlmTornado\LlmTornado.csproj::TargetFramework=net462]
C:\Users\lordo\Documents\GitHub\llmtornado\src\LlmTornado\Chat\Vendors\Cohere\ChatResponseVendorCohereExtensions.cs(84,47): warning CS8604: Possible null reference argument for parameter 'txt' in 'string ClearSnippet(string txt)'. [C:\Users\lordo\Documents\GitHub\llmtornado\src\LlmTornado\LlmTornado.csproj::TargetFramework=net462]
C:\Users\lordo\Documents\GitHub\llmtornado\src\LlmTornado\Chat\Vendors\Cohere\ChatResponseVendorCohereExtensions.cs(129,14): warning CS8618: Non-nullable property 'Response' must contain a non-null value when exiting constructor. Consider adding the 'required' modifier or declaring the property as nullable. [C:\Users\lordo\Documents\GitHub\llmtornado\src\LlmTornado\LlmTornado.csproj::TargetFramework=net462]
C:\Users\lordo\Documents\GitHub\llmtornado\src\LlmTornado\Chat\Models\Google\ChatModelGoogleGemini.cs(329,9): warning CS0618: 'ChatModelGoogleGemini.ModelGemini15ProLatest' is obsolete: 'Use ModelGemini25Pro instead.' [C:\Users\lordo\Documents\GitHub\llmtornado\src\LlmTornado\LlmTornado.csproj::TargetFramework=net462]
C:\Users\lordo\Documents\GitHub\llmtornado\src\LlmTornado\Chat\Models\Google\ChatModelGoogleGemini.cs(330,9): warning CS0618: 'ChatModelGoogleGemini.ModelGemini15Pro' is obsolete: 'Use ModelGemini25Pro instead.' [C:\Users\lordo\Documents\GitHub\llmtornado\src\LlmTornado\LlmTornado.csproj::TargetFramework=net462]
C:\Users\lordo\Documents\GitHub\llmtornado\src\LlmTornado\Interactions\InteractionStreamEvent.cs(120,29): warning CS0436: The type 'FrozenDictionary<TKey, TValue>' in 'C:\Users\lordo\Documents\GitHub\llmtornado\src\LlmTornado\Code\LegacyFrozen.cs' conflicts with the imported type 'FrozenDictionary<TKey, TValue>' in 'System.Collections.Immutable, Version=8.0.0.0, Culture=neutral, PublicKeyToken=b03f5f7f11d50a3a'. Using the type defined in 'C:\Users\lordo\Documents\GitHub\llmtornado\src\LlmTornado\Code\LegacyFrozen.cs'. [C:\Users\lordo\Documents\GitHub\llmtornado\src\LlmTornado\LlmTornado.csproj::TargetFramework=netstandard2.0]
C:\Users\lordo\Documents\GitHub\llmtornado\src\LlmTornado\Chat\Models\Google\ChatModelGoogleGemini.cs(330,27): warning CS0618: 'ChatModelGoogleGemini.ModelGemini15Pro001' is obsolete: 'Use ModelGemini25Pro instead.' [C:\Users\lordo\Documents\GitHub\llmtornado\src\LlmTornado\LlmTornado.csproj::TargetFramework=net462]
C:\Users\lordo\Documents\GitHub\llmtornado\src\LlmTornado\Chat\Models\Google\ChatModelGoogleGemini.cs(330,48): warning CS0618: 'ChatModelGoogleGemini.ModelGemini15Pro002' is obsolete: 'Use ModelGemini25Pro instead.' [C:\Users\lordo\Documents\GitHub\llmtornado\src\LlmTornado\LlmTornado.csproj::TargetFramework=net462]
C:\Users\lordo\Documents\GitHub\llmtornado\src\LlmTornado\ManagedAgents\ManagedAgent.cs(17,20): warning CS0108: 'ManagedAgent.Object' hides inherited member 'ApiResultBase.Object'. Use the new keyword if hiding was intended. [C:\Users\lordo\Documents\GitHub\llmtornado\src\LlmTornado\LlmTornado.csproj::TargetFramework=netstandard2.0]
C:\Users\lordo\Documents\GitHub\llmtornado\src\LlmTornado\Moderation\ModerationResult.cs(71,35): warning CS8603: Possible null reference return. [C:\Users\lordo\Documents\GitHub\llmtornado\src\LlmTornado\LlmTornado.csproj::TargetFramework=net8.0]
C:\Users\lordo\Documents\GitHub\llmtornado\src\LlmTornado\Chat\Models\Google\ChatModelGoogleGemini.cs(330,69): warning CS0618: 'ChatModelGoogleGemini.ModelGemini15Flash8B' is obsolete: 'Use ModelGeminiFlashLatest instead.' [C:\Users\lordo\Documents\GitHub\llmtornado\src\LlmTornado\LlmTornado.csproj::TargetFramework=net462]
C:\Users\lordo\Documents\GitHub\llmtornado\src\LlmTornado\Chat\Models\Google\ChatModelGoogleGemini.cs(330,91): warning CS0618: 'ChatModelGoogleGemini.ModelGemini15Flash8BLatest' is obsolete: 'Use ModelGeminiFlashLatest instead.' [C:\Users\lordo\Documents\GitHub\llmtornado\src\LlmTornado\LlmTornado.csproj::TargetFramework=net462]
C:\Users\lordo\Documents\GitHub\llmtornado\src\LlmTornado\Chat\Models\Google\ChatModelGoogleGemini.cs(330,119): warning CS0618: 'ChatModelGoogleGemini.ModelGemini2Flash001' is obsolete: 'Shut down June 1, 2026. Use ModelGemini25Flash or ModelGemini35Flash instead.' [C:\Users\lordo\Documents\GitHub\llmtornado\src\LlmTornado\LlmTornado.csproj::TargetFramework=net462]
C:\Users\lordo\Documents\GitHub\llmtornado\src\LlmTornado\Chat\Models\Google\ChatModelGoogleGemini.cs(331,9): warning CS0618: 'ChatModelGoogleGemini.ModelGemini2FlashLatest' is obsolete: 'Shut down June 1, 2026. Use ModelGemini25Flash or ModelGemini35Flash instead.' [C:\Users\lordo\Documents\GitHub\llmtornado\src\LlmTornado\LlmTornado.csproj::TargetFramework=net462]
C:\Users\lordo\Documents\GitHub\llmtornado\src\LlmTornado\Chat\Models\Google\ChatModelGoogleGemini.cs(331,34): warning CS0618: 'ChatModelGoogleGemini.ModelGemini2FlashLite001' is obsolete: 'Shut down June 1, 2026. Use ModelGemini25FlashLite or ModelGemini31FlashLite instead.' [C:\Users\lordo\Documents\GitHub\llmtornado\src\LlmTornado\LlmTornado.csproj::TargetFramework=net462]
C:\Users\lordo\Documents\GitHub\llmtornado\src\LlmTornado\Chat\Models\Google\ChatModelGoogleGemini.cs(331,60): warning CS0618: 'ChatModelGoogleGemini.ModelGemini2FlashLiteLatest' is obsolete: 'Shut down June 1, 2026. Use ModelGemini25FlashLite or ModelGemini31FlashLite instead.' [C:\Users\lordo\Documents\GitHub\llmtornado\src\LlmTornado\LlmTornado.csproj::TargetFramework=net462]
C:\Users\lordo\Documents\GitHub\llmtornado\src\LlmTornado\Chat\Models\Google\ChatModelGoogle.cs(82,9): warning CS0618: 'ChatModelGoogleGeminiPreview.ModelGemini31FlashLitePreview' is obsolete: 'Shut down May 25, 2026. Use ModelGemini31FlashLite instead.' [C:\Users\lordo\Documents\GitHub\llmtornado\src\LlmTornado\LlmTornado.csproj::TargetFramework=net462]
C:\Users\lordo\Documents\GitHub\llmtornado\src\LlmTornado\ManagedAgents\ManagedAgent.cs(65,20): warning CS0108: 'ManagedAgent.Created' hides inherited member 'ApiResultBase.Created'. Use the new keyword if hiding was intended. [C:\Users\lordo\Documents\GitHub\llmtornado\src\LlmTornado\LlmTornado.csproj::TargetFramework=netstandard2.0]
C:\Users\lordo\Documents\GitHub\llmtornado\src\LlmTornado\Chat\Models\Google\ChatModelGoogle.cs(83,9): warning CS0618: 'ChatModelGoogleGeminiPreview.ModelGemini3ProPreview' is obsolete: 'Shut down March 9, 2026. Use ModelGemini31ProPreview instead.' [C:\Users\lordo\Documents\GitHub\llmtornado\src\LlmTornado\LlmTornado.csproj::TargetFramework=net462]
C:\Users\lordo\Documents\GitHub\llmtornado\src\LlmTornado\Ocr\OcrRequest.cs(17,12): warning CS8618: Non-nullable property 'Model' must contain a non-null value when exiting constructor. Consider adding the 'required' modifier or declaring the property as nullable. [C:\Users\lordo\Documents\GitHub\llmtornado\src\LlmTornado\LlmTornado.csproj::TargetFramework=net8.0]
C:\Users\lordo\Documents\GitHub\llmtornado\src\LlmTornado\Chat\Models\Google\ChatModelGoogle.cs(102,9): warning CS0618: 'ChatModelGoogleGeminiPreview.ModelGemini31FlashLitePreview' is obsolete: 'Shut down May 25, 2026. Use ModelGemini31FlashLite instead.' [C:\Users\lordo\Documents\GitHub\llmtornado\src\LlmTornado\LlmTornado.csproj::TargetFramework=net462]
C:\Users\lordo\Documents\GitHub\llmtornado\src\LlmTornado\Ocr\OcrRequest.cs(17,12): warning CS8618: Non-nullable property 'Document' must contain a non-null value when exiting constructor. Consider adding the 'required' modifier or declaring the property as nullable. [C:\Users\lordo\Documents\GitHub\llmtornado\src\LlmTornado\LlmTornado.csproj::TargetFramework=net8.0]
C:\Users\lordo\Documents\GitHub\llmtornado\src\LlmTornado\EndpointBase.cs(868,40): warning CS8425: Async-iterator 'EndpointBase.HttpStreamingRequest<T>(IEndpointProvider, CapabilityEndpoints, string?, Dictionary<string, object>?, HttpVerbs?, object?, IModel?, Ref<string>?, CancellationToken)' has one or more parameters of type 'CancellationToken' but none of them is decorated with the 'EnumeratorCancellation' attribute, so the cancellation token parameter from the generated 'IAsyncEnumerable<>.GetAsyncEnumerator' will be unconsumed [C:\Users\lordo\Documents\GitHub\llmtornado\src\LlmTornado\LlmTornado.csproj::TargetFramework=netstandard2.0]
C:\Users\lordo\Documents\GitHub\llmtornado\src\LlmTornado\Chat\Models\Google\ChatModelGoogle.cs(103,9): warning CS0618: 'ChatModelGoogleGeminiPreview.ModelGemini3ProPreview' is obsolete: 'Shut down March 9, 2026. Use ModelGemini31ProPreview instead.' [C:\Users\lordo\Documents\GitHub\llmtornado\src\LlmTornado\LlmTornado.csproj::TargetFramework=net462]
C:\Users\lordo\Documents\GitHub\llmtornado\src\LlmTornado\Rerank\RerankResult.cs(16,19): warning CS0108: 'RerankResult.Object' hides inherited member 'ApiResultBase.Object'. Use the new keyword if hiding was intended. [C:\Users\lordo\Documents\GitHub\llmtornado\src\LlmTornado\LlmTornado.csproj::TargetFramework=netstandard2.0]
C:\Users\lordo\Documents\GitHub\llmtornado\src\LlmTornado\Chat\Models\Google\ChatModelGoogle.cs(105,9): warning CS0618: 'ChatModelGoogleGeminiPreview.ModelGemini3ProImagePreview' is obsolete: 'Shut down June 25, 2026. Use ModelGemini3ProImage instead.' [C:\Users\lordo\Documents\GitHub\llmtornado\src\LlmTornado\LlmTornado.csproj::TargetFramework=net462]
C:\Users\lordo\Documents\GitHub\llmtornado\src\LlmTornado\Rerank\RerankResult.cs(28,19): warning CS0108: 'RerankResult.Model' hides inherited member 'ApiResultBase.Model'. Use the new keyword if hiding was intended. [C:\Users\lordo\Documents\GitHub\llmtornado\src\LlmTornado\LlmTornado.csproj::TargetFramework=netstandard2.0]
C:\Users\lordo\Documents\GitHub\llmtornado\src\LlmTornado\Chat\Models\Google\ChatModelGoogle.cs(110,9): warning CS0618: 'ChatModelGoogleGeminiPreview.ModelGemini31FlashImagePreview' is obsolete: 'Shut down June 25, 2026. Use ModelGemini31FlashImage instead.' [C:\Users\lordo\Documents\GitHub\llmtornado\src\LlmTornado\LlmTornado.csproj::TargetFramework=net462]
C:\Users\lordo\Documents\GitHub\llmtornado\src\LlmTornado\Realtime\Vendors\OpenAi\VendorOpenAiRealtimeTranslation.cs(22,29): warning CS0436: The type 'FrozenDictionary<TKey, TValue>' in 'C:\Users\lordo\Documents\GitHub\llmtornado\src\LlmTornado\Code\LegacyFrozen.cs' conflicts with the imported type 'FrozenDictionary<TKey, TValue>' in 'System.Collections.Immutable, Version=8.0.0.0, Culture=neutral, PublicKeyToken=b03f5f7f11d50a3a'. Using the type defined in 'C:\Users\lordo\Documents\GitHub\llmtornado\src\LlmTornado\Code\LegacyFrozen.cs'. [C:\Users\lordo\Documents\GitHub\llmtornado\src\LlmTornado\LlmTornado.csproj::TargetFramework=netstandard2.0]
C:\Users\lordo\Documents\GitHub\llmtornado\src\LlmTornado\Chat\Models\Google\ChatModelGoogle.cs(117,9): warning CS0618: 'ChatModelGoogleGeminiPreview.ModelGemini3ProPreview' is obsolete: 'Shut down March 9, 2026. Use ModelGemini31ProPreview instead.' [C:\Users\lordo\Documents\GitHub\llmtornado\src\LlmTornado\LlmTornado.csproj::TargetFramework=net462]
C:\Users\lordo\Documents\GitHub\llmtornado\src\LlmTornado\Chat\Models\Google\ChatModelGoogle.cs(119,9): warning CS0618: 'ChatModelGoogleGeminiPreview.ModelGemini3ProImagePreview' is obsolete: 'Shut down June 25, 2026. Use ModelGemini3ProImage instead.' [C:\Users\lordo\Documents\GitHub\llmtornado\src\LlmTornado\LlmTornado.csproj::TargetFramework=net462]
C:\Users\lordo\Documents\GitHub\llmtornado\src\LlmTornado\Chat\Models\Google\ChatModelGoogle.cs(140,9): warning CS0618: 'ChatModelGoogleGeminiPreview.ModelGemini31FlashLitePreview' is obsolete: 'Shut down May 25, 2026. Use ModelGemini31FlashLite instead.' [C:\Users\lordo\Documents\GitHub\llmtornado\src\LlmTornado\LlmTornado.csproj::TargetFramework=net462]
C:\Users\lordo\Documents\GitHub\llmtornado\src\LlmTornado\Chat\Models\Google\ChatModelGoogle.cs(142,9): warning CS0618: 'ChatModelGoogleGeminiPreview.ModelGemini31FlashImagePreview' is obsolete: 'Shut down June 25, 2026. Use ModelGemini31FlashImage instead.' [C:\Users\lordo\Documents\GitHub\llmtornado\src\LlmTornado\LlmTornado.csproj::TargetFramework=net462]
C:\Users\lordo\Documents\GitHub\llmtornado\src\LlmTornado\Chat\Models\Google\ChatModelGoogle.cs(157,9): warning CS0618: 'ChatModelGoogleGeminiPreview.ModelGemini31FlashLitePreview' is obsolete: 'Shut down May 25, 2026. Use ModelGemini31FlashLite instead.' [C:\Users\lordo\Documents\GitHub\llmtornado\src\LlmTornado\LlmTornado.csproj::TargetFramework=net462]
C:\Users\lordo\Documents\GitHub\llmtornado\src\LlmTornado\Ocr\OcrRequest.cs(36,12): warning CS8618: Non-nullable property 'Model' must contain a non-null value when exiting constructor. Consider adding the 'required' modifier or declaring the property as nullable. [C:\Users\lordo\Documents\GitHub\llmtornado\src\LlmTornado\LlmTornado.csproj::TargetFramework=net8.0]
C:\Users\lordo\Documents\GitHub\llmtornado\src\LlmTornado\Ocr\OcrRequest.cs(36,12): warning CS8618: Non-nullable property 'Document' must contain a non-null value when exiting constructor. Consider adding the 'required' modifier or declaring the property as nullable. [C:\Users\lordo\Documents\GitHub\llmtornado\src\LlmTornado\LlmTornado.csproj::TargetFramework=net8.0]
C:\Users\lordo\Documents\GitHub\llmtornado\src\LlmTornado\Moderation\ModerationResult.cs(46,38): warning CS8618: Non-nullable property 'Categories' must contain a non-null value when exiting constructor. Consider adding the 'required' modifier or declaring the property as nullable. [C:\Users\lordo\Documents\GitHub\llmtornado\src\LlmTornado\LlmTornado.csproj::TargetFramework=net8.0]
C:\Users\lordo\Documents\GitHub\llmtornado\src\LlmTornado\Chat\Models\Google\ChatModelGoogle.cs(168,9): warning CS0618: 'ChatModelGoogleGeminiPreview.ModelGemini31FlashLitePreview' is obsolete: 'Shut down May 25, 2026. Use ModelGemini31FlashLite instead.' [C:\Users\lordo\Documents\GitHub\llmtornado\src\LlmTornado\LlmTornado.csproj::TargetFramework=net462]
C:\Users\lordo\Documents\GitHub\llmtornado\src\LlmTornado\Moderation\ModerationResult.cs(52,40): warning CS8618: Non-nullable property 'CategoryScores' must contain a non-null value when exiting constructor. Consider adding the 'required' modifier or declaring the property as nullable. [C:\Users\lordo\Documents\GitHub\llmtornado\src\LlmTornado\LlmTornado.csproj::TargetFramework=net8.0]
C:\Users\lordo\Documents\GitHub\llmtornado\src\LlmTornado\Chat\Models\Google\ChatModelGoogle.cs(173,9): warning CS0618: 'ChatModelGoogleGemini.ModelGemini2Flash001' is obsolete: 'Shut down June 1, 2026. Use ModelGemini25Flash or ModelGemini35Flash instead.' [C:\Users\lordo\Documents\GitHub\llmtornado\src\LlmTornado\LlmTornado.csproj::TargetFramework=net462]
C:\Users\lordo\Documents\GitHub\llmtornado\src\LlmTornado\Code\PartialModels.cs(363,30): warning CS0436: The type 'FrozenDictionary<TKey, TValue>' in 'C:\Users\lordo\Documents\GitHub\llmtornado\src\LlmTornado\Code\LegacyFrozen.cs' conflicts with the imported type 'FrozenDictionary<TKey, TValue>' in 'System.Collections.Immutable, Version=8.0.0.0, Culture=neutral, PublicKeyToken=b03f5f7f11d50a3a'. Using the type defined in 'C:\Users\lordo\Documents\GitHub\llmtornado\src\LlmTornado\Code\LegacyFrozen.cs'. [C:\Users\lordo\Documents\GitHub\llmtornado\src\LlmTornado\LlmTornado.csproj::TargetFramework=netstandard2.0]
C:\Users\lordo\Documents\GitHub\llmtornado\src\LlmTornado\Chat\Models\Google\ChatModelGoogle.cs(174,9): warning CS0618: 'ChatModelGoogleGemini.ModelGemini2FlashLatest' is obsolete: 'Shut down June 1, 2026. Use ModelGemini25Flash or ModelGemini35Flash instead.' [C:\Users\lordo\Documents\GitHub\llmtornado\src\LlmTornado\LlmTornado.csproj::TargetFramework=net462]
C:\Users\lordo\Documents\GitHub\llmtornado\src\LlmTornado\Chat\Models\Google\ChatModelGoogle.cs(183,9): warning CS0618: 'ChatModelGoogleGemini.ModelGemini15Pro' is obsolete: 'Use ModelGemini25Pro instead.' [C:\Users\lordo\Documents\GitHub\llmtornado\src\LlmTornado\LlmTornado.csproj::TargetFramework=net462]
C:\Users\lordo\Documents\GitHub\llmtornado\src\LlmTornado\Chat\Models\Google\ChatModelGoogle.cs(184,9): warning CS0618: 'ChatModelGoogleGemini.ModelGemini15Flash8B' is obsolete: 'Use ModelGeminiFlashLatest instead.' [C:\Users\lordo\Documents\GitHub\llmtornado\src\LlmTornado\LlmTornado.csproj::TargetFramework=net462]
C:\Users\lordo\Documents\GitHub\llmtornado\src\LlmTornado\Chat\Models\Google\ChatModelGoogle.cs(206,586): warning CS0618: 'ChatModelGoogleGeminiPreview.ModelGemini31FlashLitePreview' is obsolete: 'Shut down May 25, 2026. Use ModelGemini31FlashLite instead.' [C:\Users\lordo\Documents\GitHub\llmtornado\src\LlmTornado\LlmTornado.csproj::TargetFramework=net462]
C:\Users\lordo\Documents\GitHub\llmtornado\src\LlmTornado\Chat\Models\Google\ChatModelGoogle.cs(217,9): warning CS0618: 'ChatModelGoogleGeminiPreview.ModelGemini25FlashImagePreview' is obsolete: 'Shut down January 15, 2026. Use ModelGemini3ProImage or ModelGemini31FlashImage instead.' [C:\Users\lordo\Documents\GitHub\llmtornado\src\LlmTornado\LlmTornado.csproj::TargetFramework=net462]
C:\Users\lordo\Documents\GitHub\llmtornado\src\LlmTornado\Chat\Models\Google\ChatModelGoogle.cs(219,9): warning CS0618: 'ChatModelGoogleGeminiPreview.ModelGemini3ProImagePreview' is obsolete: 'Shut down June 25, 2026. Use ModelGemini3ProImage instead.' [C:\Users\lordo\Documents\GitHub\llmtornado\src\LlmTornado\LlmTornado.csproj::TargetFramework=net462]
C:\Users\lordo\Documents\GitHub\llmtornado\src\LlmTornado\Moderation\ModerationResult.cs(32,16): warning CS8603: Possible null reference return. [C:\Users\lordo\Documents\GitHub\llmtornado\src\LlmTornado\LlmTornado.csproj::TargetFramework=net8.0]
C:\Users\lordo\Documents\GitHub\llmtornado\src\LlmTornado\Chat\Models\Google\ChatModelGoogle.cs(221,9): warning CS0618: 'ChatModelGoogleGeminiPreview.ModelGemini31FlashImagePreview' is obsolete: 'Shut down June 25, 2026. Use ModelGemini31FlashImage instead.' [C:\Users\lordo\Documents\GitHub\llmtornado\src\LlmTornado\LlmTornado.csproj::TargetFramework=net462]
C:\Users\lordo\Documents\GitHub\llmtornado\src\LlmTornado\Chat\Models\Google\ChatModelGoogleGeminiPreview.cs(342,35): warning CS0618: 'ChatModelGoogleGeminiPreview.ModelGemini3ProPreview' is obsolete: 'Shut down March 9, 2026. Use ModelGemini31ProPreview instead.' [C:\Users\lordo\Documents\GitHub\llmtornado\src\LlmTornado\LlmTornado.csproj::TargetFramework=net462]
C:\Users\lordo\Documents\GitHub\llmtornado\src\LlmTornado\Chat\Models\Google\ChatModelGoogleGeminiPreview.cs(342,59): warning CS0618: 'ChatModelGoogleGeminiPreview.ModelGemini3ProImagePreview' is obsolete: 'Shut down June 25, 2026. Use ModelGemini3ProImage instead.' [C:\Users\lordo\Documents\GitHub\llmtornado\src\LlmTornado\LlmTornado.csproj::TargetFramework=net462]
C:\Users\lordo\Documents\GitHub\llmtornado\src\LlmTornado\Responses\ResponsesEndpoint.cs(27,29): warning CS0436: The type 'FrozenDictionary<TKey, TValue>' in 'C:\Users\lordo\Documents\GitHub\llmtornado\src\LlmTornado\Code\LegacyFrozen.cs' conflicts with the imported type 'FrozenDictionary<TKey, TValue>' in 'System.Collections.Immutable, Version=8.0.0.0, Culture=neutral, PublicKeyToken=b03f5f7f11d50a3a'. Using the type defined in 'C:\Users\lordo\Documents\GitHub\llmtornado\src\LlmTornado\Code\LegacyFrozen.cs'. [C:\Users\lordo\Documents\GitHub\llmtornado\src\LlmTornado\LlmTornado.csproj::TargetFramework=netstandard2.0]
C:\Users\lordo\Documents\GitHub\llmtornado\src\LlmTornado\Chat\Models\Google\ChatModelGoogleGeminiPreview.cs(342,88): warning CS0618: 'ChatModelGoogleGeminiPreview.ModelGemini31FlashImagePreview' is obsolete: 'Shut down June 25, 2026. Use ModelGemini31FlashImage instead.' [C:\Users\lordo\Documents\GitHub\llmtornado\src\LlmTornado\LlmTornado.csproj::TargetFramework=net462]
C:\Users\lordo\Documents\GitHub\llmtornado\src\LlmTornado\Chat\Models\Google\ChatModelGoogleGeminiPreview.cs(343,9): warning CS0618: 'ChatModelGoogleGeminiPreview.ModelGemini31FlashLitePreview' is obsolete: 'Shut down May 25, 2026. Use ModelGemini31FlashLite instead.' [C:\Users\lordo\Documents\GitHub\llmtornado\src\LlmTornado\LlmTornado.csproj::TargetFramework=net462]
C:\Users\lordo\Documents\GitHub\llmtornado\src\LlmTornado\Chat\Models\Google\ChatModelGoogleGeminiPreview.cs(347,44): warning CS0618: 'ChatModelGoogleGeminiPreview.ModelGemini25FlashImagePreview' is obsolete: 'Shut down January 15, 2026. Use ModelGemini3ProImage or ModelGemini31FlashImage instead.' [C:\Users\lordo\Documents\GitHub\llmtornado\src\LlmTornado\LlmTornado.csproj::TargetFramework=net462]
C:\Users\lordo\Documents\GitHub\llmtornado\src\LlmTornado\Chat\Models\Google\ChatModelGoogleGeminiPreview.cs(347,107): warning CS0618: 'ChatModelGoogleGeminiPreview.ModelGemini25FlashLitePreview0925' is obsolete: 'Shut down March 31, 2026. Use ModelGemini31FlashLite instead.' [C:\Users\lordo\Documents\GitHub\llmtornado\src\LlmTornado\LlmTornado.csproj::TargetFramework=net462]
C:\Users\lordo\Documents\GitHub\llmtornado\src\LlmTornado\Chat\Models\Google\ChatModelGoogleGeminiPreview.cs(348,41): warning CS0618: 'ChatModelGoogleGeminiPreview.ModelGeminiRoboticsRe15Preview' is obsolete: 'Shut down April 30, 2026. Use GeminiRoboticsRe16Preview instead.' [C:\Users\lordo\Documents\GitHub\llmtornado\src\LlmTornado\LlmTornado.csproj::TargetFramework=net462]
C:\Users\lordo\Documents\GitHub\llmtornado\src\LlmTornado\Chat\Vendors\Cohere\VendorCohereChatRequest.cs(558,23): warning CS8600: Converting null literal or possible null value to non-nullable type. [C:\Users\lordo\Documents\GitHub\llmtornado\src\LlmTornado\LlmTornado.csproj::TargetFramework=net462]
C:\Users\lordo\Documents\GitHub\llmtornado\src\LlmTornado\Moderation\ModerationResult.cs(16,25): warning CS8618: Non-nullable property 'Results' must contain a non-null value when exiting constructor. Consider adding the 'required' modifier or declaring the property as nullable. [C:\Users\lordo\Documents\GitHub\llmtornado\src\LlmTornado\LlmTornado.csproj::TargetFramework=net8.0]
C:\Users\lordo\Documents\GitHub\llmtornado\src\LlmTornado\Responses\ResponsesEndpoint.cs(84,29): warning CS0436: The type 'FrozenDictionary<TKey, TValue>' in 'C:\Users\lordo\Documents\GitHub\llmtornado\src\LlmTornado\Code\LegacyFrozen.cs' conflicts with the imported type 'FrozenDictionary<TKey, TValue>' in 'System.Collections.Immutable, Version=8.0.0.0, Culture=neutral, PublicKeyToken=b03f5f7f11d50a3a'. Using the type defined in 'C:\Users\lordo\Documents\GitHub\llmtornado\src\LlmTornado\Code\LegacyFrozen.cs'. [C:\Users\lordo\Documents\GitHub\llmtornado\src\LlmTornado\LlmTornado.csproj::TargetFramework=netstandard2.0]
C:\Users\lordo\Documents\GitHub\llmtornado\src\LlmTornado\Moderation\ModerationResult.cs(23,19): warning CS8618: Non-nullable property 'Id' must contain a non-null value when exiting constructor. Consider adding the 'required' modifier or declaring the property as nullable. [C:\Users\lordo\Documents\GitHub\llmtornado\src\LlmTornado\LlmTornado.csproj::TargetFramework=net8.0]
C:\Users\lordo\Documents\GitHub\llmtornado\src\LlmTornado\Chat\Vendors\Cohere\VendorCohereChatRequest.cs(534,23): warning CS8600: Converting null literal or possible null value to non-nullable type. [C:\Users\lordo\Documents\GitHub\llmtornado\src\LlmTornado\LlmTornado.csproj::TargetFramework=net462]
C:\Users\lordo\Documents\GitHub\llmtornado\src\LlmTornado\Moderation\ModerationRequest.cs(15,9): warning CS8618: Non-nullable property 'Model' must contain a non-null value when exiting constructor. Consider adding the 'required' modifier or declaring the property as nullable. [C:\Users\lordo\Documents\GitHub\llmtornado\src\LlmTornado\LlmTornado.csproj::TargetFramework=net8.0]
C:\Users\lordo\Documents\GitHub\llmtornado\src\LlmTornado\Vendor\Anthropic\AnthropicEndpointProvider.cs(55,27): warning CS0108: 'AnthropicEndpointProvider.OutboundVersion' hides inherited member 'BaseEndpointProvider.OutboundVersion'. Use the new keyword if hiding was intended. [C:\Users\lordo\Documents\GitHub\llmtornado\src\LlmTornado\LlmTornado.csproj::TargetFramework=netstandard2.0]
C:\Users\lordo\Documents\GitHub\llmtornado\src\LlmTornado\Chat\Vendors\Cohere\VendorCohereChatRequest.cs(503,23): warning CS8600: Converting null literal or possible null value to non-nullable type. [C:\Users\lordo\Documents\GitHub\llmtornado\src\LlmTornado\LlmTornado.csproj::TargetFramework=net462]
C:\Users\lordo\Documents\GitHub\llmtornado\src\LlmTornado\Moderation\ModerationRequest.cs(15,9): warning CS8618: Non-nullable property 'Inputs' must contain a non-null value when exiting constructor. Consider adding the 'required' modifier or declaring the property as nullable. [C:\Users\lordo\Documents\GitHub\llmtornado\src\LlmTornado\LlmTornado.csproj::TargetFramework=net8.0]
C:\Users\lordo\Documents\GitHub\llmtornado\src\LlmTornado\Vendor\Anthropic\AnthropicEndpointProvider.cs(102,32): warning CS0436: The type 'FrozenDictionary<TKey, TValue>' in 'C:\Users\lordo\Documents\GitHub\llmtornado\src\LlmTornado\Code\LegacyFrozen.cs' conflicts with the imported type 'FrozenDictionary<TKey, TValue>' in 'System.Collections.Immutable, Version=8.0.0.0, Culture=neutral, PublicKeyToken=b03f5f7f11d50a3a'. Using the type defined in 'C:\Users\lordo\Documents\GitHub\llmtornado\src\LlmTornado\Code\LegacyFrozen.cs'. [C:\Users\lordo\Documents\GitHub\llmtornado\src\LlmTornado\LlmTornado.csproj::TargetFramework=netstandard2.0]
C:\Users\lordo\Documents\GitHub\llmtornado\src\LlmTornado\Infra\ToolFactory.cs(28,9): warning CS0618: 'ChatModelGoogleGemini.Gemini2Flash001' is obsolete: 'Shut down June 1, 2026. Use ModelGemini25Flash or ModelGemini35Flash instead.' [C:\Users\lordo\Documents\GitHub\llmtornado\src\LlmTornado\LlmTornado.csproj::TargetFramework=net8.0]
C:\Users\lordo\Documents\GitHub\llmtornado\src\LlmTornado\Infra\ToolFactory.cs(28,50): warning CS0618: 'ChatModelGoogleGemini.Gemini15Pro' is obsolete: 'Use ModelGemini25Pro instead.' [C:\Users\lordo\Documents\GitHub\llmtornado\src\LlmTornado\LlmTornado.csproj::TargetFramework=net8.0]
C:\Users\lordo\Documents\GitHub\llmtornado\src\LlmTornado\Chat\Vendors\Cohere\VendorCohereChatRequest.cs(474,19): warning CS8618: Non-nullable property 'Type' must contain a non-null value when exiting constructor. Consider adding the 'required' modifier or declaring the property as nullable. [C:\Users\lordo\Documents\GitHub\llmtornado\src\LlmTornado\LlmTornado.csproj::TargetFramework=net462]
C:\Users\lordo\Documents\GitHub\llmtornado\src\LlmTornado\Infra\ToolFactory.cs(28,87): warning CS0618: 'ChatModelGoogleGemini.Gemini15Pro002' is obsolete: 'Use ModelGemini25Pro instead.' [C:\Users\lordo\Documents\GitHub\llmtornado\src\LlmTornado\LlmTornado.csproj::TargetFramework=net8.0]
C:\Users\lordo\Documents\GitHub\llmtornado\src\LlmTornado\Infra\ToolFactory.cs(28,127): warning CS0618: 'ChatModelGoogleGemini.Gemini15Pro001' is obsolete: 'Use ModelGemini25Pro instead.' [C:\Users\lordo\Documents\GitHub\llmtornado\src\LlmTornado\LlmTornado.csproj::TargetFramework=net8.0]
C:\Users\lordo\Documents\GitHub\llmtornado\src\LlmTornado\Vendor\Anthropic\AnthropicEndpointProvider.cs(156,32): warning CS0436: The type 'FrozenDictionary<TKey, TValue>' in 'C:\Users\lordo\Documents\GitHub\llmtornado\src\LlmTornado\Code\LegacyFrozen.cs' conflicts with the imported type 'FrozenDictionary<TKey, TValue>' in 'System.Collections.Immutable, Version=8.0.0.0, Culture=neutral, PublicKeyToken=b03f5f7f11d50a3a'. Using the type defined in 'C:\Users\lordo\Documents\GitHub\llmtornado\src\LlmTornado\Code\LegacyFrozen.cs'. [C:\Users\lordo\Documents\GitHub\llmtornado\src\LlmTornado\LlmTornado.csproj::TargetFramework=netstandard2.0]
C:\Users\lordo\Documents\GitHub\llmtornado\src\LlmTornado\Infra\ToolFactory.cs(28,167): warning CS0618: 'ChatModelGoogleGemini.Gemini15ProLatest' is obsolete: 'Use ModelGemini25Pro instead.' [C:\Users\lordo\Documents\GitHub\llmtornado\src\LlmTornado\LlmTornado.csproj::TargetFramework=net8.0]
C:\Users\lordo\Documents\GitHub\llmtornado\src\LlmTornado\Vendor\Cohere\CohereEndpointProvider.cs(40,27): warning CS0108: 'CohereEndpointProvider.OutboundVersion' hides inherited member 'BaseEndpointProvider.OutboundVersion'. Use the new keyword if hiding was intended. [C:\Users\lordo\Documents\GitHub\llmtornado\src\LlmTornado\LlmTornado.csproj::TargetFramework=netstandard2.0]
C:\Users\lordo\Documents\GitHub\llmtornado\src\LlmTornado\Chat\Vendors\Cohere\VendorCohereChatRequest.cs(430,19): warning CS8618: Non-nullable property 'Name' must contain a non-null value when exiting constructor. Consider adding the 'required' modifier or declaring the property as nullable. [C:\Users\lordo\Documents\GitHub\llmtornado\src\LlmTornado\LlmTornado.csproj::TargetFramework=net462]
C:\Users\lordo\Documents\GitHub\llmtornado\src\LlmTornado\Vendor\Google\GoogleEndpointProvider.cs(41,27): warning CS0108: 'GoogleEndpointProvider.OutboundVersion' hides inherited member 'BaseEndpointProvider.OutboundVersion'. Use the new keyword if hiding was intended. [C:\Users\lordo\Documents\GitHub\llmtornado\src\LlmTornado\LlmTornado.csproj::TargetFramework=netstandard2.0]
C:\Users\lordo\Documents\GitHub\llmtornado\src\LlmTornado\Infra\ToolFactory.cs(29,9): warning CS0618: 'ChatModelGoogleGemini.Gemini2FlashLatest' is obsolete: 'Shut down June 1, 2026. Use ModelGemini25Flash or ModelGemini35Flash instead.' [C:\Users\lordo\Documents\GitHub\llmtornado\src\LlmTornado\LlmTornado.csproj::TargetFramework=net8.0]
C:\Users\lordo\Documents\GitHub\llmtornado\src\LlmTornado\Chat\Vendors\Cohere\VendorCohereChatRequest.cs(432,20): warning CS8618: Non-nullable property 'Parameters' must contain a non-null value when exiting constructor. Consider adding the 'required' modifier or declaring the property as nullable. [C:\Users\lordo\Documents\GitHub\llmtornado\src\LlmTornado\LlmTornado.csproj::TargetFramework=net462]
C:\Users\lordo\Documents\GitHub\llmtornado\src\LlmTornado\Infra\ToolFactory.cs(67,48): warning CS8604: Possible null reference argument for parameter 'description' in 'ToolFunction.ToolFunction(string name, string description, object parameters)'. [C:\Users\lordo\Documents\GitHub\llmtornado\src\LlmTornado\LlmTornado.csproj::TargetFramework=net8.0]
C:\Users\lordo\Documents\GitHub\llmtornado\src\LlmTornado\Chat\Vendors\Cohere\VendorCohereChatRequest.cs(424,43): warning CS8618: Non-nullable property 'Function' must contain a non-null value when exiting constructor. Consider adding the 'required' modifier or declaring the property as nullable. [C:\Users\lordo\Documents\GitHub\llmtornado\src\LlmTornado\LlmTornado.csproj::TargetFramework=net462]
C:\Users\lordo\Documents\GitHub\llmtornado\src\LlmTornado\Vendor\OpenAi\OpenAiEndpointProvider.cs(36,27): warning CS0108: 'OpenAiEndpointProvider.OutboundVersion' hides inherited member 'BaseEndpointProvider.OutboundVersion'. Use the new keyword if hiding was intended. [C:\Users\lordo\Documents\GitHub\llmtornado\src\LlmTornado\LlmTornado.csproj::TargetFramework=netstandard2.0]
C:\Users\lordo\Documents\GitHub\llmtornado\src\LlmTornado\Interactions\InteractionsEndpoint.cs(111,70): warning CS8604: Possible null reference argument for parameter 'reader' in 'IAsyncEnumerable<ServerSentEvent> IEndpointProvider.InboundStream(StreamReader reader)'. [C:\Users\lordo\Documents\GitHub\llmtornado\src\LlmTornado\LlmTornado.csproj::TargetFramework=net8.0]
C:\Users\lordo\Documents\GitHub\llmtornado\src\LlmTornado\FineTuning\HyperParams.cs(8,19): warning CS8618: Non-nullable property 'Epochs' must contain a non-null value when exiting constructor. Consider adding the 'required' modifier or declaring the property as nullable. [C:\Users\lordo\Documents\GitHub\llmtornado\src\LlmTornado\LlmTornado.csproj::TargetFramework=net8.0]
C:\Users\lordo\Documents\GitHub\llmtornado\src\LlmTornado\Chat\Vendors\Cohere\VendorCohereChatRequest.cs(414,19): warning CS8618: Non-nullable property 'Name' must contain a non-null value when exiting constructor. Consider adding the 'required' modifier or declaring the property as nullable. [C:\Users\lordo\Documents\GitHub\llmtornado\src\LlmTornado\LlmTornado.csproj::TargetFramework=net462]
C:\Users\lordo\Documents\GitHub\llmtornado\src\LlmTornado\Videos\VideoJob.cs(22,20): warning CS0108: 'VideoJob.Object' hides inherited member 'ApiResultBase.Object'. Use the new keyword if hiding was intended. [C:\Users\lordo\Documents\GitHub\llmtornado\src\LlmTornado\LlmTornado.csproj::TargetFramework=netstandard2.0]
C:\Users\lordo\Documents\GitHub\llmtornado\src\LlmTornado\Chat\Vendors\Cohere\VendorCohereChatRequest.cs(416,19): warning CS8618: Non-nullable property 'Arguments' must contain a non-null value when exiting constructor. Consider adding the 'required' modifier or declaring the property as nullable. [C:\Users\lordo\Documents\GitHub\llmtornado\src\LlmTornado\LlmTornado.csproj::TargetFramework=net462]
C:\Users\lordo\Documents\GitHub\llmtornado\src\LlmTornado\Videos\VideoJob.cs(28,20): warning CS0108: 'VideoJob.Model' hides inherited member 'ApiResultBase.Model'. Use the new keyword if hiding was intended. [C:\Users\lordo\Documents\GitHub\llmtornado\src\LlmTornado\LlmTornado.csproj::TargetFramework=netstandard2.0]
C:\Users\lordo\Documents\GitHub\llmtornado\src\LlmTornado\Chat\Vendors\Cohere\VendorCohereChatRequest.cs(404,19): warning CS8618: Non-nullable property 'Id' must contain a non-null value when exiting constructor. Consider adding the 'required' modifier or declaring the property as nullable. [C:\Users\lordo\Documents\GitHub\llmtornado\src\LlmTornado\LlmTornado.csproj::TargetFramework=net462]
C:\Users\lordo\Documents\GitHub\llmtornado\src\LlmTornado\Chat\Vendors\Cohere\VendorCohereChatRequest.cs(408,41): warning CS8618: Non-nullable property 'Function' must contain a non-null value when exiting constructor. Consider adding the 'required' modifier or declaring the property as nullable. [C:\Users\lordo\Documents\GitHub\llmtornado\src\LlmTornado\LlmTornado.csproj::TargetFramework=net462]
C:\Users\lordo\Documents\GitHub\llmtornado\src\LlmTornado\FineTuning\HyperParams.cs(11,19): warning CS8618: Non-nullable property 'BatchSize' must contain a non-null value when exiting constructor. Consider adding the 'required' modifier or declaring the property as nullable. [C:\Users\lordo\Documents\GitHub\llmtornado\src\LlmTornado\LlmTornado.csproj::TargetFramework=net8.0]
C:\Users\lordo\Documents\GitHub\llmtornado\src\LlmTornado\Chat\Vendors\Cohere\VendorCohereChatRequest.cs(386,19): warning CS8618: Non-nullable property 'Url' must contain a non-null value when exiting constructor. Consider adding the 'required' modifier or declaring the property as nullable. [C:\Users\lordo\Documents\GitHub\llmtornado\src\LlmTornado\LlmTornado.csproj::TargetFramework=net462]
C:\Users\lordo\Documents\GitHub\llmtornado\src\LlmTornado\Threads\RunStreaming.cs(118,28): warning CS0436: The type 'FrozenDictionary<TKey, TValue>' in 'C:\Users\lordo\Documents\GitHub\llmtornado\src\LlmTornado\Code\LegacyFrozen.cs' conflicts with the imported type 'FrozenDictionary<TKey, TValue>' in 'System.Collections.Immutable, Version=8.0.0.0, Culture=neutral, PublicKeyToken=b03f5f7f11d50a3a'. Using the type defined in 'C:\Users\lordo\Documents\GitHub\llmtornado\src\LlmTornado\Code\LegacyFrozen.cs'. [C:\Users\lordo\Documents\GitHub\llmtornado\src\LlmTornado\LlmTornado.csproj::TargetFramework=netstandard2.0]
C:\Users\lordo\Documents\GitHub\llmtornado\src\LlmTornado\Chat\Vendors\Cohere\VendorCohereChatRequest.cs(378,39): warning CS8618: Non-nullable property 'Data' must contain a non-null value when exiting constructor. Consider adding the 'required' modifier or declaring the property as nullable. [C:\Users\lordo\Documents\GitHub\llmtornado\src\LlmTornado\LlmTornado.csproj::TargetFramework=net462]
C:\Users\lordo\Documents\GitHub\llmtornado\src\LlmTornado\Chat\Vendors\Cohere\VendorCohereChatRequest.cs(380,19): warning CS8618: Non-nullable property 'Id' must contain a non-null value when exiting constructor. Consider adding the 'required' modifier or declaring the property as nullable. [C:\Users\lordo\Documents\GitHub\llmtornado\src\LlmTornado\LlmTornado.csproj::TargetFramework=net462]
C:\Users\lordo\Documents\GitHub\llmtornado\src\LlmTornado\FineTuning\HyperParams.cs(14,19): warning CS8618: Non-nullable property 'LearningRateMultiplier' must contain a non-null value when exiting constructor. Consider adding the 'required' modifier or declaring the property as nullable. [C:\Users\lordo\Documents\GitHub\llmtornado\src\LlmTornado\LlmTornado.csproj::TargetFramework=net8.0]
C:\Users\lordo\Documents\GitHub\llmtornado\src\LlmTornado\Chat\Vendors\Cohere\VendorCohereChatRequest.cs(366,12): warning CS8618: Non-nullable property 'Document' must contain a non-null value when exiting constructor. Consider adding the 'required' modifier or declaring the property as nullable. [C:\Users\lordo\Documents\GitHub\llmtornado\src\LlmTornado\LlmTornado.csproj::TargetFramework=net462]
C:\Users\lordo\Documents\GitHub\llmtornado\src\LlmTornado\Chat\Vendors\Cohere\VendorCohereChatRequest.cs(347,12): warning CS8618: Non-nullable property 'ImageUrl' must contain a non-null value when exiting constructor. Consider adding the 'required' modifier or declaring the property as nullable. [C:\Users\lordo\Documents\GitHub\llmtornado\src\LlmTornado\LlmTornado.csproj::TargetFramework=net462]
C:\Users\lordo\Documents\GitHub\llmtornado\src\LlmTornado\Chat\Vendors\Cohere\VendorCohereChatRequest.cs(336,12): warning CS8618: Non-nullable property 'Text' must contain a non-null value when exiting constructor. Consider adding the 'required' modifier or declaring the property as nullable. [C:\Users\lordo\Documents\GitHub\llmtornado\src\LlmTornado\LlmTornado.csproj::TargetFramework=net462]
C:\Users\lordo\Documents\GitHub\llmtornado\src\LlmTornado\Chat\Vendors\Cohere\VendorCohereChatRequest.cs(331,19): warning CS8618: Non-nullable property 'Type' must contain a non-null value when exiting constructor. Consider adding the 'required' modifier or declaring the property as nullable. [C:\Users\lordo\Documents\GitHub\llmtornado\src\LlmTornado\LlmTornado.csproj::TargetFramework=net462]
C:\Users\lordo\Documents\GitHub\llmtornado\src\LlmTornado\Chat\Vendors\Cohere\VendorCohereChatRequest.cs(320,12): warning CS8618: Non-nullable property 'ToolCallId' must contain a non-null value when exiting constructor. Consider adding the 'required' modifier or declaring the property as nullable. [C:\Users\lordo\Documents\GitHub\llmtornado\src\LlmTornado\LlmTornado.csproj::TargetFramework=net462]
C:\Users\lordo\Documents\GitHub\llmtornado\src\LlmTornado\Chat\Vendors\Cohere\VendorCohereChatRequest.cs(320,12): warning CS8618: Non-nullable property 'Content' must contain a non-null value when exiting constructor. Consider adding the 'required' modifier or declaring the property as nullable. [C:\Users\lordo\Documents\GitHub\llmtornado\src\LlmTornado\LlmTornado.csproj::TargetFramework=net462]
C:\Users\lordo\Documents\GitHub\llmtornado\src\LlmTornado\Threads\ToolChoice.cs(129,29): warning CS0436: The type 'FrozenDictionary<TKey, TValue>' in 'C:\Users\lordo\Documents\GitHub\llmtornado\src\LlmTornado\Code\LegacyFrozen.cs' conflicts with the imported type 'FrozenDictionary<TKey, TValue>' in 'System.Collections.Immutable, Version=8.0.0.0, Culture=neutral, PublicKeyToken=b03f5f7f11d50a3a'. Using the type defined in 'C:\Users\lordo\Documents\GitHub\llmtornado\src\LlmTornado\Code\LegacyFrozen.cs'. [C:\Users\lordo\Documents\GitHub\llmtornado\src\LlmTornado\LlmTornado.csproj::TargetFramework=netstandard2.0]
C:\Users\lordo\Documents\GitHub\llmtornado\src\LlmTornado\Chat\Vendors\Cohere\VendorCohereChatRequest.cs(313,12): warning CS8618: Non-nullable property 'Content' must contain a non-null value when exiting constructor. Consider adding the 'required' modifier or declaring the property as nullable. [C:\Users\lordo\Documents\GitHub\llmtornado\src\LlmTornado\LlmTornado.csproj::TargetFramework=net462]
C:\Users\lordo\Documents\GitHub\llmtornado\src\LlmTornado\Chat\Vendors\Cohere\VendorCohereChatRequest.cs(291,12): warning CS8618: Non-nullable property 'Content' must contain a non-null value when exiting constructor. Consider adding the 'required' modifier or declaring the property as nullable. [C:\Users\lordo\Documents\GitHub\llmtornado\src\LlmTornado\LlmTornado.csproj::TargetFramework=net462]
C:\Users\lordo\Documents\GitHub\llmtornado\src\LlmTornado\FineTuning\FineTuneJobResponse.cs(13,12): warning CS8618: Non-nullable property 'Object' must contain a non-null value when exiting constructor. Consider adding the 'required' modifier or declaring the property as nullable. [C:\Users\lordo\Documents\GitHub\llmtornado\src\LlmTornado\LlmTornado.csproj::TargetFramework=net8.0]
C:\Users\lordo\Documents\GitHub\llmtornado\src\LlmTornado\Chat\Models\OpenAi\ChatModelOpenAiGpt4.cs(255,47): warning CS0618: 'ChatModelOpenAiGpt4.ModelVisionPreview' is obsolete: 'Disabled by OpenAI' [C:\Users\lordo\Documents\GitHub\llmtornado\src\LlmTornado\LlmTornado.csproj::TargetFramework=net462]
C:\Users\lordo\Documents\GitHub\llmtornado\src\LlmTornado\Chat\Vendors\Cohere\VendorCohereChatRequest.cs(286,19): warning CS8618: Non-nullable property 'Role' must contain a non-null value when exiting constructor. Consider adding the 'required' modifier or declaring the property as nullable. [C:\Users\lordo\Documents\GitHub\llmtornado\src\LlmTornado\LlmTornado.csproj::TargetFramework=net462]
C:\Users\lordo\Documents\GitHub\llmtornado\src\LlmTornado\Responses\ResponseHelpers.cs(383,36): warning CS8601: Possible null reference assignment. [C:\Users\lordo\Documents\GitHub\llmtornado\src\LlmTornado\LlmTornado.csproj::TargetFramework=net462]
C:\Users\lordo\Documents\GitHub\llmtornado\src\LlmTornado\Responses\ResponseHelpers.cs(416,68): warning CS8604: Possible null reference argument for parameter 'name' in 'BuiltInToolCall.BuiltInToolCall(bool responseExpected, string name, IBuiltInToolCallData data, ToolCall toolCall, string? args = null)'. [C:\Users\lordo\Documents\GitHub\llmtornado\src\LlmTornado\LlmTornado.csproj::TargetFramework=net462]
C:\Users\lordo\Documents\GitHub\llmtornado\src\LlmTornado\Responses\ResponseHelpers.cs(434,68): warning CS8604: Possible null reference argument for parameter 'name' in 'BuiltInToolCall.BuiltInToolCall(bool responseExpected, string name, IBuiltInToolCallData data, ToolCall toolCall, string? args = null)'. [C:\Users\lordo\Documents\GitHub\llmtornado\src\LlmTornado\LlmTornado.csproj::TargetFramework=net462]
C:\Users\lordo\Documents\GitHub\llmtornado\src\LlmTornado\Responses\ResponseHelpers.cs(452,69): warning CS8604: Possible null reference argument for parameter 'name' in 'BuiltInToolCall.BuiltInToolCall(bool responseExpected, string name, IBuiltInToolCallData data, ToolCall toolCall, string? args = null)'. [C:\Users\lordo\Documents\GitHub\llmtornado\src\LlmTornado\LlmTornado.csproj::TargetFramework=net462]
C:\Users\lordo\Documents\GitHub\llmtornado\src\LlmTornado\Responses\ResponseHelpers.cs(470,69): warning CS8604: Possible null reference argument for parameter 'name' in 'BuiltInToolCall.BuiltInToolCall(bool responseExpected, string name, IBuiltInToolCallData data, ToolCall toolCall, string? args = null)'. [C:\Users\lordo\Documents\GitHub\llmtornado\src\LlmTornado\LlmTornado.csproj::TargetFramework=net462]
C:\Users\lordo\Documents\GitHub\llmtornado\src\LlmTornado\Responses\ResponseHelpers.cs(561,106): warning CS8604: Possible null reference argument for parameter 'parameters' in 'ToolFunction.ToolFunction(string name, string description, JObject parameters)'. [C:\Users\lordo\Documents\GitHub\llmtornado\src\LlmTornado\LlmTornado.csproj::TargetFramework=net462]
C:\Users\lordo\Documents\GitHub\llmtornado\src\LlmTornado\Chat\Vendors\Cohere\ChatVendorCohereExtensionConnector.cs(146,59): warning CS8604: Possible null reference argument for parameter 'id' in 'ChatVendorCohereExtensionConnector.ChatVendorCohereExtensionConnector(string id)'. [C:\Users\lordo\Documents\GitHub\llmtornado\src\LlmTornado\LlmTornado.csproj::TargetFramework=net462]
C:\Users\lordo\Documents\GitHub\llmtornado\src\LlmTornado\Chat\Vendors\Cohere\VendorCohereChatDocument.cs(15,19): warning CS8618: Non-nullable property 'Id' must contain a non-null value when exiting constructor. Consider adding the 'required' modifier or declaring the property as nullable. [C:\Users\lordo\Documents\GitHub\llmtornado\src\LlmTornado\LlmTornado.csproj::TargetFramework=net462]
C:\Users\lordo\Documents\GitHub\llmtornado\src\LlmTornado\Chat\Vendors\Cohere\VendorCohereChatDocument.cs(21,19): warning CS8618: Non-nullable property 'Snippet' must contain a non-null value when exiting constructor. Consider adding the 'required' modifier or declaring the property as nullable. [C:\Users\lordo\Documents\GitHub\llmtornado\src\LlmTornado\LlmTornado.csproj::TargetFramework=net462]
C:\Users\lordo\Documents\GitHub\llmtornado\src\LlmTornado\Chat\Vendors\Cohere\VendorCohereChatDocument.cs(33,19): warning CS8618: Non-nullable property 'Title' must contain a non-null value when exiting constructor. Consider adding the 'required' modifier or declaring the property as nullable. [C:\Users\lordo\Documents\GitHub\llmtornado\src\LlmTornado\LlmTornado.csproj::TargetFramework=net462]
C:\Users\lordo\Documents\GitHub\llmtornado\src\LlmTornado\Code\ExtensionsLegacy.cs(97,23): warning CS3021: 'Extensions.LeadingZeroCount(uint)' does not need a CLSCompliant attribute because the assembly does not have a CLSCompliant attribute [C:\Users\lordo\Documents\GitHub\llmtornado\src\LlmTornado\LlmTornado.csproj::TargetFramework=netstandard2.0]
C:\Users\lordo\Documents\GitHub\llmtornado\src\LlmTornado\Webhooks\GeminiWebhookSignatureVerifier.cs(85,31): warning CS8604: Possible null reference argument for parameter 'signatureHeader' in 'bool GeminiWebhookSignatureVerifier.SignatureMatches(string signatureHeader, byte[] expectedSignature)'. [C:\Users\lordo\Documents\GitHub\llmtornado\src\LlmTornado\LlmTornado.csproj::TargetFramework=netstandard2.0]
C:\Users\lordo\Documents\GitHub\llmtornado\src\LlmTornado\Code\EnumsParser.cs(89,35): warning CS8604: Possible null reference argument for parameter 'key' in 'EnumMemberInfo Dictionary<string, EnumMemberInfo>.this[string key]'. [C:\Users\lordo\Documents\GitHub\llmtornado\src\LlmTornado\LlmTornado.csproj::TargetFramework=netstandard2.0]
C:\Users\lordo\Documents\GitHub\llmtornado\src\LlmTornado\FineTuning\FineTuneJobResponse.cs(13,12): warning CS8618: Non-nullable property 'Id' must contain a non-null value when exiting constructor. Consider adding the 'required' modifier or declaring the property as nullable. [C:\Users\lordo\Documents\GitHub\llmtornado\src\LlmTornado\LlmTornado.csproj::TargetFramework=net8.0]
C:\Users\lordo\Documents\GitHub\llmtornado\src\LlmTornado\Code\EnumsParser.cs(94,39): warning CS8604: Possible null reference argument for parameter 'key' in 'EnumMemberInfo Dictionary<string, EnumMemberInfo>.this[string key]'. [C:\Users\lordo\Documents\GitHub\llmtornado\src\LlmTornado\LlmTornado.csproj::TargetFramework=netstandard2.0]
C:\Users\lordo\Documents\GitHub\llmtornado\src\LlmTornado\Code\EnumsParser.cs(99,35): warning CS8604: Possible null reference argument for parameter 'key' in 'EnumMemberInfo Dictionary<string, EnumMemberInfo>.this[string key]'. [C:\Users\lordo\Documents\GitHub\llmtornado\src\LlmTornado\LlmTornado.csproj::TargetFramework=netstandard2.0]
C:\Users\lordo\Documents\GitHub\llmtornado\src\LlmTornado\Code\EnumsParser.cs(141,17): warning CS8602: Dereference of a possibly null reference. [C:\Users\lordo\Documents\GitHub\llmtornado\src\LlmTornado\LlmTornado.csproj::TargetFramework=netstandard2.0]
C:\Users\lordo\Documents\GitHub\llmtornado\src\LlmTornado\Skills\CreateSkillRequest.cs(31,12): warning CS8618: Non-nullable property 'DisplayTitle' must contain a non-null value when exiting constructor. Consider adding the 'required' modifier or declaring the property as nullable. [C:\Users\lordo\Documents\GitHub\llmtornado\src\LlmTornado\LlmTornado.csproj::TargetFramework=netstandard2.0]
C:\Users\lordo\Documents\GitHub\llmtornado\src\LlmTornado\Code\LegacyFrozen.cs(46,24): warning CS0436: The type 'FrozenDictionary<TKey, TValue>' in 'C:\Users\lordo\Documents\GitHub\llmtornado\src\LlmTornado\Code\LegacyFrozen.cs' conflicts with the imported type 'FrozenDictionary<TKey, TValue>' in 'System.Collections.Immutable, Version=8.0.0.0, Culture=neutral, PublicKeyToken=b03f5f7f11d50a3a'. Using the type defined in 'C:\Users\lordo\Documents\GitHub\llmtornado\src\LlmTornado\Code\LegacyFrozen.cs'. [C:\Users\lordo\Documents\GitHub\llmtornado\src\LlmTornado\LlmTornado.csproj::TargetFramework=netstandard2.0]
C:\Users\lordo\Documents\GitHub\llmtornado\src\LlmTornado\Code\LegacyFrozen.cs(55,24): warning CS0436: The type 'FrozenDictionary<TKey, TValue>' in 'C:\Users\lordo\Documents\GitHub\llmtornado\src\LlmTornado\Code\LegacyFrozen.cs' conflicts with the imported type 'FrozenDictionary<TKey, TValue>' in 'System.Collections.Immutable, Version=8.0.0.0, Culture=neutral, PublicKeyToken=b03f5f7f11d50a3a'. Using the type defined in 'C:\Users\lordo\Documents\GitHub\llmtornado\src\LlmTornado\Code\LegacyFrozen.cs'. [C:\Users\lordo\Documents\GitHub\llmtornado\src\LlmTornado\LlmTornado.csproj::TargetFramework=netstandard2.0]
C:\Users\lordo\Documents\GitHub\llmtornado\src\LlmTornado\Code\LegacyFrozen.cs(31,54): warning CS8603: Possible null reference return. [C:\Users\lordo\Documents\GitHub\llmtornado\src\LlmTornado\LlmTornado.csproj::TargetFramework=netstandard2.0]
C:\Users\lordo\Documents\GitHub\llmtornado\src\LlmTornado\Code\LegacyFrozen.cs(33,75): warning CS8714: The type 'TKey' cannot be used as type parameter 'TKey' in the generic type or method 'Polyfill.GetValueOrDefault<TKey, TValue>(IReadOnlyDictionary<TKey, TValue>, TKey, TValue)'. Nullability of type argument 'TKey' doesn't match 'notnull' constraint. [C:\Users\lordo\Documents\GitHub\llmtornado\src\LlmTornado\LlmTornado.csproj::TargetFramework=netstandard2.0]
C:\Users\lordo\Documents\GitHub\llmtornado\src\LlmTornado\Videos\VideoGenerationEndpoint.cs(169,58): warning CS8604: Possible null reference argument for parameter 'videoUri' in 'Task<StreamResponse?> VendorGoogleVideoHandler.GetContent(string videoUri, IEndpointProvider provider, EndpointBase endpoint, CancellationToken cancellationToken)'. [C:\Users\lordo\Documents\GitHub\llmtornado\src\LlmTornado\LlmTornado.csproj::TargetFramework=netstandard2.0]
C:\Users\lordo\Documents\GitHub\llmtornado\src\LlmTornado\Chat\ConversationCompression.cs(136,69): warning CS8604: Possible null reference argument for parameter 'model' in 'Conversation ChatEndpoint.CreateConversation(ChatModel model, double? temperature = null, int? maxTokens = null)'. [C:\Users\lordo\Documents\GitHub\llmtornado\src\LlmTornado\LlmTornado.csproj::TargetFramework=net462]
C:\Users\lordo\Documents\GitHub\llmtornado\src\LlmTornado\Chat\ConversationCompression.cs(142,20): warning CS8602: Dereference of a possibly null reference. [C:\Users\lordo\Documents\GitHub\llmtornado\src\LlmTornado\LlmTornado.csproj::TargetFramework=net462]
C:\Users\lordo\Documents\GitHub\llmtornado\src\LlmTornado\Files\FilesEndpoint.cs(508,34): warning CS8618: Non-nullable property 'Data' must contain a non-null value when exiting constructor. Consider adding the 'required' modifier or declaring the property as nullable. [C:\Users\lordo\Documents\GitHub\llmtornado\src\LlmTornado\LlmTornado.csproj::TargetFramework=net462]
C:\Users\lordo\Documents\GitHub\llmtornado\src\LlmTornado\Files\FilesEndpoint.cs(511,23): warning CS8618: Non-nullable property 'Obj' must contain a non-null value when exiting constructor. Consider adding the 'required' modifier or declaring the property as nullable. [C:\Users\lordo\Documents\GitHub\llmtornado\src\LlmTornado\LlmTornado.csproj::TargetFramework=net462]
C:\Users\lordo\Documents\GitHub\llmtornado\src\LlmTornado\Chat\Vendors\Anthropic\VendorAnthropicChatResult.cs(331,35): warning CS8604: Possible null reference argument for parameter 'usage' in 'ChatUsage.ChatUsage(VendorAnthropicUsage usage)'. [C:\Users\lordo\Documents\GitHub\llmtornado\src\LlmTornado\LlmTornado.csproj::TargetFramework=net462]
C:\Users\lordo\Documents\GitHub\llmtornado\src\LlmTornado\Chat\Vendors\Cohere\VendorCohereChatRequest.cs(190,35): warning CS8604: Possible null reference argument for parameter 'content' in 'VendorCohereAssistantMessageContent.implicit operator VendorCohereAssistantMessageContent(string content)'. [C:\Users\lordo\Documents\GitHub\llmtornado\src\LlmTornado\LlmTornado.csproj::TargetFramework=net462]
C:\Users\lordo\Documents\GitHub\llmtornado\src\LlmTornado\Chat\Vendors\Cohere\VendorCohereChatRequest.cs(197,34): warning CS8601: Possible null reference assignment. [C:\Users\lordo\Documents\GitHub\llmtornado\src\LlmTornado\LlmTornado.csproj::TargetFramework=net462]
C:\Users\lordo\Documents\GitHub\llmtornado\src\LlmTornado\Chat\Vendors\Cohere\VendorCohereChatRequest.cs(202,45): warning CS8601: Possible null reference assignment. [C:\Users\lordo\Documents\GitHub\llmtornado\src\LlmTornado\LlmTornado.csproj::TargetFramework=net462]
C:\Users\lordo\Documents\GitHub\llmtornado\src\LlmTornado\Chat\Vendors\Cohere\VendorCohereChatRequest.cs(236,38): warning CS8601: Possible null reference assignment. [C:\Users\lordo\Documents\GitHub\llmtornado\src\LlmTornado\LlmTornado.csproj::TargetFramework=net462]
C:\Users\lordo\Documents\GitHub\llmtornado\src\LlmTornado\Chat\Vendors\Cohere\VendorCohereChatRequest.cs(242,28): warning CS8603: Possible null reference return. [C:\Users\lordo\Documents\GitHub\llmtornado\src\LlmTornado\LlmTornado.csproj::TargetFramework=net462]
C:\Users\lordo\Documents\GitHub\llmtornado\src\LlmTornado\Chat\ConversationCompression.cs(187,69): warning CS8604: Possible null reference argument for parameter 'model' in 'Conversation ChatEndpoint.CreateConversation(ChatModel model, double? temperature = null, int? maxTokens = null)'. [C:\Users\lordo\Documents\GitHub\llmtornado\src\LlmTornado\LlmTornado.csproj::TargetFramework=net462]
C:\Users\lordo\Documents\GitHub\llmtornado\src\LlmTornado\Chat\ConversationCompression.cs(194,20): warning CS8602: Dereference of a possibly null reference. [C:\Users\lordo\Documents\GitHub\llmtornado\src\LlmTornado\LlmTornado.csproj::TargetFramework=net462]
C:\Users\lordo\Documents\GitHub\llmtornado\src\LlmTornado\Chat\Vendors\Anthropic\VendorAnthropicChatResult.cs(902,48): warning CS8604: Possible null reference argument for parameter 'json' in 'JObject JObject.Parse(string json)'. [C:\Users\lordo\Documents\GitHub\llmtornado\src\LlmTornado\LlmTornado.csproj::TargetFramework=net462]
C:\Users\lordo\Documents\GitHub\llmtornado\src\LlmTornado\Chat\Vendors\Anthropic\VendorAnthropicChatRequest.cs(539,23): warning CS8618: Non-nullable property 'UserId' must contain a non-null value when exiting constructor. Consider adding the 'required' modifier or declaring the property as nullable. [C:\Users\lordo\Documents\GitHub\llmtornado\src\LlmTornado\LlmTornado.csproj::TargetFramework=net462]
C:\Users\lordo\Documents\GitHub\llmtornado\src\LlmTornado\Chat\Vendors\Anthropic\VendorAnthropicChatResult.cs(270,19): warning CS8618: Non-nullable property 'Id' must contain a non-null value when exiting constructor. Consider adding the 'required' modifier or declaring the property as nullable. [C:\Users\lordo\Documents\GitHub\llmtornado\src\LlmTornado\LlmTornado.csproj::TargetFramework=net462]
C:\Users\lordo\Documents\GitHub\llmtornado\src\LlmTornado\Chat\Vendors\Anthropic\VendorAnthropicChatResult.cs(273,19): warning CS8618: Non-nullable property 'Type' must contain a non-null value when exiting constructor. Consider adding the 'required' modifier or declaring the property as nullable. [C:\Users\lordo\Documents\GitHub\llmtornado\src\LlmTornado\LlmTornado.csproj::TargetFramework=net462]
C:\Users\lordo\Documents\GitHub\llmtornado\src\LlmTornado\FineTuning\FineTuneJobResponse.cs(13,12): warning CS8618: Non-nullable property 'Model' must contain a non-null value when exiting constructor. Consider adding the 'required' modifier or declaring the property as nullable. [C:\Users\lordo\Documents\GitHub\llmtornado\src\LlmTornado\LlmTornado.csproj::TargetFramework=net8.0]
C:\Users\lordo\Documents\GitHub\llmtornado\src\LlmTornado\Chat\Vendors\Anthropic\VendorAnthropicChatResult.cs(276,19): warning CS8618: Non-nullable property 'Role' must contain a non-null value when exiting constructor. Consider adding the 'required' modifier or declaring the property as nullable. [C:\Users\lordo\Documents\GitHub\llmtornado\src\LlmTornado\LlmTornado.csproj::TargetFramework=net462]
C:\Users\lordo\Documents\GitHub\llmtornado\src\LlmTornado\Chat\Vendors\Anthropic\VendorAnthropicChatResult.cs(283,19): warning CS8618: Non-nullable property 'Model' must contain a non-null value when exiting constructor. Consider adding the 'required' modifier or declaring the property as nullable. [C:\Users\lordo\Documents\GitHub\llmtornado\src\LlmTornado\LlmTornado.csproj::TargetFramework=net462]
C:\Users\lordo\Documents\GitHub\llmtornado\src\LlmTornado\Chat\Vendors\Anthropic\VendorAnthropicChatResult.cs(293,19): warning CS8618: Non-nullable property 'StopReason' must contain a non-null value when exiting constructor. Consider adding the 'required' modifier or declaring the property as nullable. [C:\Users\lordo\Documents\GitHub\llmtornado\src\LlmTornado\LlmTornado.csproj::TargetFramework=net462]
C:\Users\lordo\Documents\GitHub\llmtornado\src\LlmTornado\Chat\Vendors\Anthropic\VendorAnthropicChatResult.cs(302,33): warning CS8618: Non-nullable property 'Usage' must contain a non-null value when exiting constructor. Consider adding the 'required' modifier or declaring the property as nullable. [C:\Users\lordo\Documents\GitHub\llmtornado\src\LlmTornado\LlmTornado.csproj::TargetFramework=net462]
C:\Users\lordo\Documents\GitHub\llmtornado\src\LlmTornado\Chat\Vendors\Anthropic\VendorAnthropicChatRequest.cs(72,12): warning CS8618: Non-nullable property 'Msg' must contain a non-null value when exiting constructor. Consider adding the 'required' modifier or declaring the property as nullable. [C:\Users\lordo\Documents\GitHub\llmtornado\src\LlmTornado\LlmTornado.csproj::TargetFramework=net462]
C:\Users\lordo\Documents\GitHub\llmtornado\src\LlmTornado\Chat\Vendors\Anthropic\VendorAnthropicChatRequest.cs(72,12): warning CS8618: Non-nullable property 'Parts' must contain a non-null value when exiting constructor. Consider adding the 'required' modifier or declaring the property as nullable. [C:\Users\lordo\Documents\GitHub\llmtornado\src\LlmTornado\LlmTornado.csproj::TargetFramework=net462]
C:\Users\lordo\Documents\GitHub\llmtornado\src\LlmTornado\Chat\Vendors\Anthropic\VendorAnthropicChatRequest.cs(545,23): warning CS8618: Non-nullable property 'Type' must contain a non-null value when exiting constructor. Consider adding the 'required' modifier or declaring the property as nullable. [C:\Users\lordo\Documents\GitHub\llmtornado\src\LlmTornado\LlmTornado.csproj::TargetFramework=net462]
C:\Users\lordo\Documents\GitHub\llmtornado\src\LlmTornado\Chat\Vendors\Anthropic\VendorAnthropicChatRequest.cs(553,23): warning CS8618: Non-nullable property 'Type' must contain a non-null value when exiting constructor. Consider adding the 'required' modifier or declaring the property as nullable. [C:\Users\lordo\Documents\GitHub\llmtornado\src\LlmTornado\LlmTornado.csproj::TargetFramework=net462]
C:\Users\lordo\Documents\GitHub\llmtornado\src\LlmTornado\Chat\Vendors\Anthropic\VendorAnthropicChatRequest.cs(564,23): warning CS8618: Non-nullable property 'Type' must contain a non-null value when exiting constructor. Consider adding the 'required' modifier or declaring the property as nullable. [C:\Users\lordo\Documents\GitHub\llmtornado\src\LlmTornado\LlmTornado.csproj::TargetFramework=net462]
C:\Users\lordo\Documents\GitHub\llmtornado\src\LlmTornado\Chat\Vendors\Anthropic\VendorAnthropicChatResult.cs(129,23): warning CS8618: Non-nullable property 'Type' must contain a non-null value when exiting constructor. Consider adding the 'required' modifier or declaring the property as nullable. [C:\Users\lordo\Documents\GitHub\llmtornado\src\LlmTornado\LlmTornado.csproj::TargetFramework=net462]
C:\Users\lordo\Documents\GitHub\llmtornado\src\LlmTornado\Chat\Vendors\Anthropic\VendorAnthropicChatResult.cs(78,23): warning CS8618: Non-nullable property 'Type' must contain a non-null value when exiting constructor. Consider adding the 'required' modifier or declaring the property as nullable. [C:\Users\lordo\Documents\GitHub\llmtornado\src\LlmTornado\LlmTornado.csproj::TargetFramework=net462]
C:\Users\lordo\Documents\GitHub\llmtornado\src\LlmTornado\Videos\VideoGenerationEndpoint.cs(180,55): warning CS8604: Possible null reference argument for parameter 'videoUri' in 'Task<StreamResponse?> VendorXAiVideoHandler.GetContent(string videoUri, IEndpointProvider provider, EndpointBase endpoint, CancellationToken cancellationToken)'. [C:\Users\lordo\Documents\GitHub\llmtornado\src\LlmTornado\LlmTornado.csproj::TargetFramework=netstandard2.0]
C:\Users\lordo\Documents\GitHub\llmtornado\src\LlmTornado\FineTuning\FineTuneJobResponse.cs(13,12): warning CS8618: Non-nullable property 'FineTunedModel' must contain a non-null value when exiting constructor. Consider adding the 'required' modifier or declaring the property as nullable. [C:\Users\lordo\Documents\GitHub\llmtornado\src\LlmTornado\LlmTornado.csproj::TargetFramework=net8.0]
C:\Users\lordo\Documents\GitHub\llmtornado\src\LlmTornado\FineTuning\FineTuneJobResponse.cs(13,12): warning CS8618: Non-nullable property 'OrganizationId' must contain a non-null value when exiting constructor. Consider adding the 'required' modifier or declaring the property as nullable. [C:\Users\lordo\Documents\GitHub\llmtornado\src\LlmTornado\LlmTornado.csproj::TargetFramework=net8.0]
C:\Users\lordo\Documents\GitHub\llmtornado\src\LlmTornado\Videos\VideoGenerationEndpoint.cs(191,55): warning CS8604: Possible null reference argument for parameter 'videoUri' in 'Task<StreamResponse?> VendorZaiVideoHandler.GetContent(string videoUri, IEndpointProvider provider, EndpointBase endpoint, CancellationToken cancellationToken)'. [C:\Users\lordo\Documents\GitHub\llmtornado\src\LlmTornado\LlmTornado.csproj::TargetFramework=netstandard2.0]
C:\Users\lordo\Documents\GitHub\llmtornado\src\LlmTornado\FineTuning\FineTuneJobResponse.cs(13,12): warning CS8618: Non-nullable property 'ResultFiles' must contain a non-null value when exiting constructor. Consider adding the 'required' modifier or declaring the property as nullable. [C:\Users\lordo\Documents\GitHub\llmtornado\src\LlmTornado\LlmTornado.csproj::TargetFramework=net8.0]
C:\Users\lordo\Documents\GitHub\llmtornado\src\LlmTornado\FineTuning\FineTuneJobResponse.cs(13,12): warning CS8618: Non-nullable property 'ValidationFile' must contain a non-null value when exiting constructor. Consider adding the 'required' modifier or declaring the property as nullable. [C:\Users\lordo\Documents\GitHub\llmtornado\src\LlmTornado\LlmTornado.csproj::TargetFramework=net8.0]
C:\Users\lordo\Documents\GitHub\llmtornado\src\LlmTornado\Videos\VideoGenerationEndpoint.cs(202,59): warning CS8604: Possible null reference argument for parameter 'fileId' in 'Task<StreamResponse?> VendorMiniMaxVideoHandler.GetContent(string fileId, IEndpointProvider provider, EndpointBase endpoint, CancellationToken cancellationToken)'. [C:\Users\lordo\Documents\GitHub\llmtornado\src\LlmTornado\LlmTornado.csproj::TargetFramework=netstandard2.0]
C:\Users\lordo\Documents\GitHub\llmtornado\src\LlmTornado\Videos\Vendors\Zai\VendorZaiVideoHandler.cs(146,16): warning CS8602: Dereference of a possibly null reference. [C:\Users\lordo\Documents\GitHub\llmtornado\src\LlmTornado\LlmTornado.csproj::TargetFramework=netstandard2.0]
C:\Users\lordo\Documents\GitHub\llmtornado\src\LlmTornado\Videos\Vendors\XAi\VendorXAiVideoRequest.cs(118,33): warning CS8601: Possible null reference assignment. [C:\Users\lordo\Documents\GitHub\llmtornado\src\LlmTornado\LlmTornado.csproj::TargetFramework=netstandard2.0]
C:\Users\lordo\Documents\GitHub\llmtornado\src\LlmTornado\FineTuning\FineTuneJobResponse.cs(13,12): warning CS8618: Non-nullable property 'TrainingFile' must contain a non-null value when exiting constructor. Consider adding the 'required' modifier or declaring the property as nullable. [C:\Users\lordo\Documents\GitHub\llmtornado\src\LlmTornado\LlmTornado.csproj::TargetFramework=net8.0]
C:\Users\lordo\Documents\GitHub\llmtornado\src\LlmTornado\Videos\Vendors\XAi\VendorXAiVideoHandler.cs(92,33): warning CS8601: Possible null reference assignment. [C:\Users\lordo\Documents\GitHub\llmtornado\src\LlmTornado\LlmTornado.csproj::TargetFramework=netstandard2.0]
C:\Users\lordo\Documents\GitHub\llmtornado\src\LlmTornado\FineTuning\FineTuneJobResponse.cs(13,12): warning CS8618: Non-nullable property 'HyperParameters' must contain a non-null value when exiting constructor. Consider adding the 'required' modifier or declaring the property as nullable. [C:\Users\lordo\Documents\GitHub\llmtornado\src\LlmTornado\LlmTornado.csproj::TargetFramework=net8.0]
C:\Users\lordo\Documents\GitHub\llmtornado\src\LlmTornado\Videos\Vendors\OpenAi\VendorOpenAiVideoRequest.cs(150,44): warning CS8604: Possible null reference argument for parameter 'id' in 'VideoReference.VideoReference(string id)'. [C:\Users\lordo\Documents\GitHub\llmtornado\src\LlmTornado\LlmTornado.csproj::TargetFramework=netstandard2.0]
C:\Users\lordo\Documents\GitHub\llmtornado\src\LlmTornado\Responses\ResponseTextFormatConfiguration.cs(104,12): warning CS8618: Non-nullable property 'Name' must contain a non-null value when exiting constructor. Consider adding the 'required' modifier or declaring the property as nullable. [C:\Users\lordo\Documents\GitHub\llmtornado\src\LlmTornado\LlmTornado.csproj::TargetFramework=net8.0]
C:\Users\lordo\Documents\GitHub\llmtornado\src\LlmTornado\Assistants\ResponseFormat.cs(90,19): warning CS8618: Non-nullable property 'Name' must contain a non-null value when exiting constructor. Consider adding the 'required' modifier or declaring the property as nullable. [C:\Users\lordo\Documents\GitHub\llmtornado\src\LlmTornado\LlmTornado.csproj::TargetFramework=netstandard2.0]
C:\Users\lordo\Documents\GitHub\llmtornado\src\LlmTornado\FineTuning\FineTuneJobResponse.cs(106,16): warning CS8603: Possible null reference return. [C:\Users\lordo\Documents\GitHub\llmtornado\src\LlmTornado\LlmTornado.csproj::TargetFramework=net8.0]
C:\Users\lordo\Documents\GitHub\llmtornado\src\LlmTornado\Assistants\ResponseFormat.cs(76,43): warning CS8618: Non-nullable property 'JsonSchema' must contain a non-null value when exiting constructor. Consider adding the 'required' modifier or declaring the property as nullable. [C:\Users\lordo\Documents\GitHub\llmtornado\src\LlmTornado\LlmTornado.csproj::TargetFramework=netstandard2.0]
C:\Users\lordo\Documents\GitHub\llmtornado\src\LlmTornado\FineTuning\FineTuneJobList.cs(11,19): warning CS8618: Non-nullable property 'Object' must contain a non-null value when exiting constructor. Consider adding the 'required' modifier or declaring the property as nullable. [C:\Users\lordo\Documents\GitHub\llmtornado\src\LlmTornado\LlmTornado.csproj::TargetFramework=net8.0]
C:\Users\lordo\Documents\GitHub\llmtornado\src\LlmTornado\Assistants\CreateAssistantRequest.cs(96,17): warning CS8601: Possible null reference assignment. [C:\Users\lordo\Documents\GitHub\llmtornado\src\LlmTornado\LlmTornado.csproj::TargetFramework=netstandard2.0]
C:\Users\lordo\Documents\GitHub\llmtornado\src\LlmTornado\FineTuning\FineTuneJobList.cs(14,39): warning CS8618: Non-nullable property 'Jobs' must contain a non-null value when exiting constructor. Consider adding the 'required' modifier or declaring the property as nullable. [C:\Users\lordo\Documents\GitHub\llmtornado\src\LlmTornado\LlmTornado.csproj::TargetFramework=net8.0]
C:\Users\lordo\Documents\GitHub\llmtornado\src\LlmTornado\Assistants\CreateAssistantRequest.cs(92,12): warning CS8618: Non-nullable property 'Model' must contain a non-null value when exiting constructor. Consider adding the 'required' modifier or declaring the property as nullable. [C:\Users\lordo\Documents\GitHub\llmtornado\src\LlmTornado\LlmTornado.csproj::TargetFramework=netstandard2.0]
C:\Users\lordo\Documents\GitHub\llmtornado\src\LlmTornado\FineTuning\FineTuneJob.cs(79,16): warning CS8603: Possible null reference return. [C:\Users\lordo\Documents\GitHub\llmtornado\src\LlmTornado\LlmTornado.csproj::TargetFramework=net8.0]
C:\Users\lordo\Documents\GitHub\llmtornado\src\LlmTornado\Assistants\AssistantToolFunction.cs(163,13): warning CS8618: Non-nullable property 'Name' must contain a non-null value when exiting constructor. Consider adding the 'required' modifier or declaring the property as nullable. [C:\Users\lordo\Documents\GitHub\llmtornado\src\LlmTornado\LlmTornado.csproj::TargetFramework=netstandard2.0]
C:\Users\lordo\Documents\GitHub\llmtornado\src\LlmTornado\FineTuning\FineTuneJob.cs(12,19): warning CS8618: Non-nullable property 'Object' must contain a non-null value when exiting constructor. Consider adding the 'required' modifier or declaring the property as nullable. [C:\Users\lordo\Documents\GitHub\llmtornado\src\LlmTornado\LlmTornado.csproj::TargetFramework=net8.0]
C:\Users\lordo\Documents\GitHub\llmtornado\src\LlmTornado\Assistants\AssistantToolFunction.cs(163,13): warning CS8618: Non-nullable property 'Description' must contain a non-null value when exiting constructor. Consider adding the 'required' modifier or declaring the property as nullable. [C:\Users\lordo\Documents\GitHub\llmtornado\src\LlmTornado\LlmTornado.csproj::TargetFramework=netstandard2.0]
C:\Users\lordo\Documents\GitHub\llmtornado\src\LlmTornado\Videos\Vendors\Google\VendorGoogleVideoRequest.cs(165,23): warning CS8618: Non-nullable property 'Prompt' must contain a non-null value when exiting constructor. Consider adding the 'required' modifier or declaring the property as nullable. [C:\Users\lordo\Documents\GitHub\llmtornado\src\LlmTornado\LlmTornado.csproj::TargetFramework=netstandard2.0]
C:\Users\lordo\Documents\GitHub\llmtornado\src\LlmTornado\FineTuning\FineTuneJob.cs(15,19): warning CS8618: Non-nullable property 'Id' must contain a non-null value when exiting constructor. Consider adding the 'required' modifier or declaring the property as nullable. [C:\Users\lordo\Documents\GitHub\llmtornado\src\LlmTornado\LlmTornado.csproj::TargetFramework=net8.0]
C:\Users\lordo\Documents\GitHub\llmtornado\src\LlmTornado\Audio\Vendors\Google\VendorGoogleMusicRequest.cs(103,20): warning CS8603: Possible null reference return. [C:\Users\lordo\Documents\GitHub\llmtornado\src\LlmTornado\LlmTornado.csproj::TargetFramework=netstandard2.0]
C:\Users\lordo\Documents\GitHub\llmtornado\src\LlmTornado\FineTuning\FineTuneJob.cs(18,19): warning CS8618: Non-nullable property 'Model' must contain a non-null value when exiting constructor. Consider adding the 'required' modifier or declaring the property as nullable. [C:\Users\lordo\Documents\GitHub\llmtornado\src\LlmTornado\LlmTornado.csproj::TargetFramework=net8.0]
C:\Users\lordo\Documents\GitHub\llmtornado\src\LlmTornado\Audio\TranslationRequest.cs(14,22): warning CS8618: Non-nullable property 'File' must contain a non-null value when exiting constructor. Consider adding the 'required' modifier or declaring the property as nullable. [C:\Users\lordo\Documents\GitHub\llmtornado\src\LlmTornado\LlmTornado.csproj::TargetFramework=netstandard2.0]
C:\Users\lordo\Documents\GitHub\llmtornado\src\LlmTornado\FineTuning\FineTuneJob.cs(47,19): warning CS8618: Non-nullable property 'FineTunedModel' must contain a non-null value when exiting constructor. Consider adding the 'required' modifier or declaring the property as nullable. [C:\Users\lordo\Documents\GitHub\llmtornado\src\LlmTornado\LlmTornado.csproj::TargetFramework=net8.0]
C:\Users\lordo\Documents\GitHub\llmtornado\src\LlmTornado\Audio\TranslationRequest.cs(31,19): warning CS8618: Non-nullable property 'Prompt' must contain a non-null value when exiting constructor. Consider adding the 'required' modifier or declaring the property as nullable. [C:\Users\lordo\Documents\GitHub\llmtornado\src\LlmTornado\LlmTornado.csproj::TargetFramework=netstandard2.0]
C:\Users\lordo\Documents\GitHub\llmtornado\src\LlmTornado\Audio\TranscriptionResult.cs(233,19): warning CS8618: Non-nullable property 'Type' must contain a non-null value when exiting constructor. Consider adding the 'required' modifier or declaring the property as nullable. [C:\Users\lordo\Documents\GitHub\llmtornado\src\LlmTornado\LlmTornado.csproj::TargetFramework=netstandard2.0]
C:\Users\lordo\Documents\GitHub\llmtornado\src\LlmTornado\Audio\TranscriptionResult.cs(146,19): warning CS8618: Non-nullable property 'Id' must contain a non-null value when exiting constructor. Consider adding the 'required' modifier or declaring the property as nullable. [C:\Users\lordo\Documents\GitHub\llmtornado\src\LlmTornado\LlmTornado.csproj::TargetFramework=netstandard2.0]
C:\Users\lordo\Documents\GitHub\llmtornado\src\LlmTornado\Audio\TranscriptionResult.cs(170,19): warning CS8618: Non-nullable property 'Text' must contain a non-null value when exiting constructor. Consider adding the 'required' modifier or declaring the property as nullable. [C:\Users\lordo\Documents\GitHub\llmtornado\src\LlmTornado\LlmTornado.csproj::TargetFramework=netstandard2.0]
C:\Users\lordo\Documents\GitHub\llmtornado\src\LlmTornado\Audio\TranscriptionResult.cs(176,18): warning CS8618: Non-nullable property 'Tokens' must contain a non-null value when exiting constructor. Consider adding the 'required' modifier or declaring the property as nullable. [C:\Users\lordo\Documents\GitHub\llmtornado\src\LlmTornado\LlmTornado.csproj::TargetFramework=netstandard2.0]
C:\Users\lordo\Documents\GitHub\llmtornado\src\LlmTornado\Audio\TranscriptionResult.cs(125,19): warning CS8618: Non-nullable property 'Word' must contain a non-null value when exiting constructor. Consider adding the 'required' modifier or declaring the property as nullable. [C:\Users\lordo\Documents\GitHub\llmtornado\src\LlmTornado\LlmTornado.csproj::TargetFramework=netstandard2.0]
C:\Users\lordo\Documents\GitHub\llmtornado\src\LlmTornado\FineTuning\FineTuneJob.cs(50,19): warning CS8618: Non-nullable property 'OrganizationId' must contain a non-null value when exiting constructor. Consider adding the 'required' modifier or declaring the property as nullable. [C:\Users\lordo\Documents\GitHub\llmtornado\src\LlmTornado\LlmTornado.csproj::TargetFramework=net8.0]
C:\Users\lordo\Documents\GitHub\llmtornado\src\LlmTornado\Caching\Vendors\Google\VendorGoogleCachingCreateCachedContentRequest.cs(58,12): warning CS8618: Non-nullable property 'Ttl' must contain a non-null value when exiting constructor. Consider adding the 'required' modifier or declaring the property as nullable. [C:\Users\lordo\Documents\GitHub\llmtornado\src\LlmTornado\LlmTornado.csproj::TargetFramework=netstandard2.0]
C:\Users\lordo\Documents\GitHub\llmtornado\src\LlmTornado\FineTuning\FineTuneJob.cs(53,34): warning CS8618: Non-nullable property 'ResultFiles' must contain a non-null value when exiting constructor. Consider adding the 'required' modifier or declaring the property as nullable. [C:\Users\lordo\Documents\GitHub\llmtornado\src\LlmTornado\LlmTornado.csproj::TargetFramework=net8.0]
C:\Users\lordo\Documents\GitHub\llmtornado\src\LlmTornado\Caching\Vendors\Google\VendorGoogleCachingCreateCachedContentRequest.cs(58,12): warning CS8618: Non-nullable property 'Model' must contain a non-null value when exiting constructor. Consider adding the 'required' modifier or declaring the property as nullable. [C:\Users\lordo\Documents\GitHub\llmtornado\src\LlmTornado\LlmTornado.csproj::TargetFramework=netstandard2.0]
C:\Users\lordo\Documents\GitHub\llmtornado\src\LlmTornado\FineTuning\FineTuneJob.cs(58,19): warning CS8618: Non-nullable property 'ValidationFile' must contain a non-null value when exiting constructor. Consider adding the 'required' modifier or declaring the property as nullable. [C:\Users\lordo\Documents\GitHub\llmtornado\src\LlmTornado\LlmTornado.csproj::TargetFramework=net8.0]
C:\Users\lordo\Documents\GitHub\llmtornado\src\LlmTornado\Caching\Vendors\Google\VendorGoogleCachingCreateCachedContentRequest.cs(58,12): warning CS8618: Non-nullable property 'Config' must contain a non-null value when exiting constructor. Consider adding the 'required' modifier or declaring the property as nullable. [C:\Users\lordo\Documents\GitHub\llmtornado\src\LlmTornado\LlmTornado.csproj::TargetFramework=netstandard2.0]
C:\Users\lordo\Documents\GitHub\llmtornado\src\LlmTornado\FineTuning\FineTuneJob.cs(61,19): warning CS8618: Non-nullable property 'TrainingFile' must contain a non-null value when exiting constructor. Consider adding the 'required' modifier or declaring the property as nullable. [C:\Users\lordo\Documents\GitHub\llmtornado\src\LlmTornado\LlmTornado.csproj::TargetFramework=net8.0]
C:\Users\lordo\Documents\GitHub\llmtornado\src\LlmTornado\FineTuning\FineTuneJob.cs(64,24): warning CS8618: Non-nullable property 'HyperParameters' must contain a non-null value when exiting constructor. Consider adding the 'required' modifier or declaring the property as nullable. [C:\Users\lordo\Documents\GitHub\llmtornado\src\LlmTornado\LlmTornado.csproj::TargetFramework=net8.0]
C:\Users\lordo\Documents\GitHub\llmtornado\src\LlmTornado\Audio\TranscriptionResult.cs(83,19): warning CS8618: Non-nullable property 'Bytes' must contain a non-null value when exiting constructor. Consider adding the 'required' modifier or declaring the property as nullable. [C:\Users\lordo\Documents\GitHub\llmtornado\src\LlmTornado\LlmTornado.csproj::TargetFramework=netstandard2.0]
C:\Users\lordo\Documents\GitHub\llmtornado\src\LlmTornado\FineTuning\EventList.cs(12,19): warning CS8618: Non-nullable property 'Object' must contain a non-null value when exiting constructor. Consider adding the 'required' modifier or declaring the property as nullable. [C:\Users\lordo\Documents\GitHub\llmtornado\src\LlmTornado\LlmTornado.csproj::TargetFramework=net8.0]
C:\Users\lordo\Documents\GitHub\llmtornado\src\LlmTornado\Audio\TranscriptionResult.cs(95,19): warning CS8618: Non-nullable property 'Token' must contain a non-null value when exiting constructor. Consider adding the 'required' modifier or declaring the property as nullable. [C:\Users\lordo\Documents\GitHub\llmtornado\src\LlmTornado\LlmTornado.csproj::TargetFramework=netstandard2.0]
C:\Users\lordo\Documents\GitHub\llmtornado\src\LlmTornado\FineTuning\EventList.cs(15,33): warning CS8618: Non-nullable property 'Events' must contain a non-null value when exiting constructor. Consider adding the 'required' modifier or declaring the property as nullable. [C:\Users\lordo\Documents\GitHub\llmtornado\src\LlmTornado\LlmTornado.csproj::TargetFramework=net8.0]
C:\Users\lordo\Documents\GitHub\llmtornado\src\LlmTornado\Batch\Vendors\Google\VendorGoogleBatchResult.cs(45,35): warning CS8601: Possible null reference assignment. [C:\Users\lordo\Documents\GitHub\llmtornado\src\LlmTornado\LlmTornado.csproj::TargetFramework=netstandard2.0]
C:\Users\lordo\Documents\GitHub\llmtornado\src\LlmTornado\FineTuning\CreateFineTuneJobRequest.cs(12,27): warning CS8601: Possible null reference assignment. [C:\Users\lordo\Documents\GitHub\llmtornado\src\LlmTornado\LlmTornado.csproj::TargetFramework=net8.0]
C:\Users\lordo\Documents\GitHub\llmtornado\src\LlmTornado\FineTuning\CreateFineTuneJobRequest.cs(13,18): warning CS8601: Possible null reference assignment. [C:\Users\lordo\Documents\GitHub\llmtornado\src\LlmTornado\LlmTornado.csproj::TargetFramework=net8.0]
C:\Users\lordo\Documents\GitHub\llmtornado\src\LlmTornado\Batch\Vendors\Google\VendorGoogleBatchRequest.cs(24,47): warning CS8604: Possible null reference argument for parameter 'request' in 'VendorGoogleChatRequest.VendorGoogleChatRequest(ChatRequest request, IEndpointProvider provider)'. [C:\Users\lordo\Documents\GitHub\llmtornado\src\LlmTornado\LlmTornado.csproj::TargetFramework=netstandard2.0]
C:\Users\lordo\Documents\GitHub\llmtornado\src\LlmTornado\FineTuning\CreateFineTuneJobRequest.cs(14,28): warning CS8601: Possible null reference assignment. [C:\Users\lordo\Documents\GitHub\llmtornado\src\LlmTornado\LlmTornado.csproj::TargetFramework=net8.0]
C:\Users\lordo\Documents\GitHub\llmtornado\src\LlmTornado\Batch\Vendors\Google\VendorGoogleBatchItem.cs(143,16): warning CS8603: Possible null reference return. [C:\Users\lordo\Documents\GitHub\llmtornado\src\LlmTornado\LlmTornado.csproj::TargetFramework=netstandard2.0]
C:\Users\lordo\Documents\GitHub\llmtornado\src\LlmTornado\FineTuning\CreateFineTuneJobRequest.cs(8,12): warning CS8618: Non-nullable property 'HyperParameters' must contain a non-null value when exiting constructor. Consider adding the 'required' modifier or declaring the property as nullable. [C:\Users\lordo\Documents\GitHub\llmtornado\src\LlmTornado\LlmTornado.csproj::TargetFramework=net8.0]
C:\Users\lordo\Documents\GitHub\llmtornado\src\LlmTornado\Batch\Vendors\Google\VendorGoogleBatchHandler.cs(23,59): warning CS8602: Dereference of a possibly null reference. [C:\Users\lordo\Documents\GitHub\llmtornado\src\LlmTornado\LlmTornado.csproj::TargetFramework=netstandard2.0]
C:\Users\lordo\Documents\GitHub\llmtornado\src\LlmTornado\Batch\Vendors\Google\VendorGoogleBatchHandler.cs(26,107): warning CS8625: Cannot convert null literal to non-nullable reference type. [C:\Users\lordo\Documents\GitHub\llmtornado\src\LlmTornado\LlmTornado.csproj::TargetFramework=netstandard2.0]
C:\Users\lordo\Documents\GitHub\llmtornado\src\LlmTornado\FineTuning\CreateFineTuneJobRequest.cs(8,12): warning CS8618: Non-nullable property 'Suffix' must contain a non-null value when exiting constructor. Consider adding the 'required' modifier or declaring the property as nullable. [C:\Users\lordo\Documents\GitHub\llmtornado\src\LlmTornado\LlmTornado.csproj::TargetFramework=net8.0]
C:\Users\lordo\Documents\GitHub\llmtornado\src\LlmTornado\FineTuning\CreateFineTuneJobRequest.cs(8,12): warning CS8618: Non-nullable property 'ValidationFileId' must contain a non-null value when exiting constructor. Consider adding the 'required' modifier or declaring the property as nullable. [C:\Users\lordo\Documents\GitHub\llmtornado\src\LlmTornado\LlmTornado.csproj::TargetFramework=net8.0]
C:\Users\lordo\Documents\GitHub\llmtornado\src\LlmTornado\Moderation\ModerationRequest.cs(27,9): warning CS8618: Non-nullable property 'Inputs' must contain a non-null value when exiting constructor. Consider adding the 'required' modifier or declaring the property as nullable. [C:\Users\lordo\Documents\GitHub\llmtornado\src\LlmTornado\LlmTornado.csproj::TargetFramework=net8.0]
C:\Users\lordo\Documents\GitHub\llmtornado\src\LlmTornado\Batch\Vendors\Google\VendorGoogleBatchHandler.cs(55,88): warning CS8602: Dereference of a possibly null reference. [C:\Users\lordo\Documents\GitHub\llmtornado\src\LlmTornado\LlmTornado.csproj::TargetFramework=netstandard2.0]
C:\Users\lordo\Documents\GitHub\llmtornado\src\LlmTornado\Moderation\ModerationRequest.cs(78,24): warning CS8603: Possible null reference return. [C:\Users\lordo\Documents\GitHub\llmtornado\src\LlmTornado\LlmTornado.csproj::TargetFramework=net8.0]
C:\Users\lordo\Documents\GitHub\llmtornado\src\LlmTornado\Caching\Vendors\Google\VendorGoogleCachingCachedContentInfo.cs(55,12): warning CS8618: Non-nullable property 'UsageMetadata' must contain a non-null value when exiting constructor. Consider adding the 'required' modifier or declaring the property as nullable. [C:\Users\lordo\Documents\GitHub\llmtornado\src\LlmTornado\LlmTornado.csproj::TargetFramework=netstandard2.0]
C:\Users\lordo\Documents\GitHub\llmtornado\src\LlmTornado\Moderation\ModerationRequest.cs(79,20): warning CS8603: Possible null reference return. [C:\Users\lordo\Documents\GitHub\llmtornado\src\LlmTornado\LlmTornado.csproj::TargetFramework=net8.0]
C:\Users\lordo\Documents\GitHub\llmtornado\src\LlmTornado\Caching\Vendors\Google\VendorGoogleCachingCachedContentInfo.cs(55,12): warning CS8618: Non-nullable property 'Model' must contain a non-null value when exiting constructor. Consider adding the 'required' modifier or declaring the property as nullable. [C:\Users\lordo\Documents\GitHub\llmtornado\src\LlmTornado\LlmTornado.csproj::TargetFramework=netstandard2.0]
C:\Users\lordo\Documents\GitHub\llmtornado\src\LlmTornado\Files\Vendors\Google\VendorGoogleTornadoFile.cs(71,43): warning CS8618: Non-nullable property 'File' must contain a non-null value when exiting constructor. Consider adding the 'required' modifier or declaring the property as nullable. [C:\Users\lordo\Documents\GitHub\llmtornado\src\LlmTornado\LlmTornado.csproj::TargetFramework=net8.0]
C:\Users\lordo\Documents\GitHub\llmtornado\src\LlmTornado\Caching\Vendors\Google\VendorGoogleCachingCachedContentList.cs(13,55): warning CS8618: Non-nullable property 'CachedContents' must contain a non-null value when exiting constructor. Consider adding the 'required' modifier or declaring the property as nullable. [C:\Users\lordo\Documents\GitHub\llmtornado\src\LlmTornado\LlmTornado.csproj::TargetFramework=netstandard2.0]
C:\Users\lordo\Documents\GitHub\llmtornado\src\LlmTornado\Files\Vendors\Google\VendorGoogleTornadoFile.cs(12,19): warning CS8618: Non-nullable property 'Name' must contain a non-null value when exiting constructor. Consider adding the 'required' modifier or declaring the property as nullable. [C:\Users\lordo\Documents\GitHub\llmtornado\src\LlmTornado\LlmTornado.csproj::TargetFramework=net8.0]
C:\Users\lordo\Documents\GitHub\llmtornado\src\LlmTornado\Batch\Vendors\Anthropic\VendorAnthropicBatchRequest.cs(24,49): warning CS8604: Possible null reference argument for parameter 'request' in 'VendorAnthropicChatRequest.VendorAnthropicChatRequest(ChatRequest request, IEndpointProvider provider)'. [C:\Users\lordo\Documents\GitHub\llmtornado\src\LlmTornado\LlmTornado.csproj::TargetFramework=netstandard2.0]
C:\Users\lordo\Documents\GitHub\llmtornado\src\LlmTornado\Files\Vendors\Google\VendorGoogleTornadoFile.cs(15,19): warning CS8618: Non-nullable property 'MimeType' must contain a non-null value when exiting constructor. Consider adding the 'required' modifier or declaring the property as nullable. [C:\Users\lordo\Documents\GitHub\llmtornado\src\LlmTornado\LlmTornado.csproj::TargetFramework=net8.0]
C:\Users\lordo\Documents\GitHub\llmtornado\src\LlmTornado\Audio\SpeechRequest.cs(17,19): warning CS8618: Non-nullable property 'Input' must contain a non-null value when exiting constructor. Consider adding the 'required' modifier or declaring the property as nullable. [C:\Users\lordo\Documents\GitHub\llmtornado\src\LlmTornado\LlmTornado.csproj::TargetFramework=netstandard2.0]
C:\Users\lordo\Documents\GitHub\llmtornado\src\LlmTornado\Files\Vendors\Google\VendorGoogleTornadoFile.cs(30,19): warning CS8618: Non-nullable property 'Sha256hash' must contain a non-null value when exiting constructor. Consider adding the 'required' modifier or declaring the property as nullable. [C:\Users\lordo\Documents\GitHub\llmtornado\src\LlmTornado\LlmTornado.csproj::TargetFramework=net8.0]
C:\Users\lordo\Documents\GitHub\llmtornado\src\LlmTornado\Audio\TranscriptionRequest.cs(27,19): warning CS8618: Non-nullable property 'Language' must contain a non-null value when exiting constructor. Consider adding the 'required' modifier or declaring the property as nullable. [C:\Users\lordo\Documents\GitHub\llmtornado\src\LlmTornado\LlmTornado.csproj::TargetFramework=netstandard2.0]
C:\Users\lordo\Documents\GitHub\llmtornado\src\LlmTornado\Audio\TranscriptionRequest.cs(40,22): warning CS8618: Non-nullable property 'File' must contain a non-null value when exiting constructor. Consider adding the 'required' modifier or declaring the property as nullable. [C:\Users\lordo\Documents\GitHub\llmtornado\src\LlmTornado\LlmTornado.csproj::TargetFramework=netstandard2.0]
C:\Users\lordo\Documents\GitHub\llmtornado\src\LlmTornado\Files\Vendors\Google\VendorGoogleTornadoFile.cs(33,19): warning CS8618: Non-nullable property 'Uri' must contain a non-null value when exiting constructor. Consider adding the 'required' modifier or declaring the property as nullable. [C:\Users\lordo\Documents\GitHub\llmtornado\src\LlmTornado\LlmTornado.csproj::TargetFramework=net8.0]
C:\Users\lordo\Documents\GitHub\llmtornado\src\LlmTornado\Audio\TranscriptionResult.cs(17,19): warning CS8618: Non-nullable property 'Text' must contain a non-null value when exiting constructor. Consider adding the 'required' modifier or declaring the property as nullable. [C:\Users\lordo\Documents\GitHub\llmtornado\src\LlmTornado\LlmTornado.csproj::TargetFramework=netstandard2.0]
C:\Users\lordo\Documents\GitHub\llmtornado\src\LlmTornado\Files\Vendors\Google\VendorGoogleTornadoFile.cs(42,19): warning CS8618: Non-nullable property 'State' must contain a non-null value when exiting constructor. Consider adding the 'required' modifier or declaring the property as nullable. [C:\Users\lordo\Documents\GitHub\llmtornado\src\LlmTornado\LlmTornado.csproj::TargetFramework=net8.0]
C:\Users\lordo\Documents\GitHub\llmtornado\src\LlmTornado\Files\Vendors\Google\VendorGoogleTornadoFile.cs(45,19): warning CS8618: Non-nullable property 'Source' must contain a non-null value when exiting constructor. Consider adding the 'required' modifier or declaring the property as nullable. [C:\Users\lordo\Documents\GitHub\llmtornado\src\LlmTornado\LlmTornado.csproj::TargetFramework=net8.0]
C:\Users\lordo\Documents\GitHub\llmtornado\src\LlmTornado\Vendor\Google\VendorGoogleUsage.cs(124,19): warning CS8618: Non-nullable property 'Category' must contain a non-null value when exiting constructor. Consider adding the 'required' modifier or declaring the property as nullable. [C:\Users\lordo\Documents\GitHub\llmtornado\src\LlmTornado\LlmTornado.csproj::TargetFramework=netstandard2.0]
C:\Users\lordo\Documents\GitHub\llmtornado\src\LlmTornado\EndpointBase.cs(124,30): warning CS0168: The variable 'e' is declared but never used [C:\Users\lordo\Documents\GitHub\llmtornado\src\LlmTornado\LlmTornado.csproj::TargetFramework=net8.0]
C:\Users\lordo\Documents\GitHub\llmtornado\src\LlmTornado\Vendor\Google\VendorGoogleUsage.cs(134,19): warning CS8618: Non-nullable property 'Probability' must contain a non-null value when exiting constructor. Consider adding the 'required' modifier or declaring the property as nullable. [C:\Users\lordo\Documents\GitHub\llmtornado\src\LlmTornado\LlmTornado.csproj::TargetFramework=netstandard2.0]
C:\Users\lordo\Documents\GitHub\llmtornado\src\LlmTornado\Vendor\Google\VendorGoogleUsage.cs(82,19): warning CS8618: Non-nullable property 'Modality' must contain a non-null value when exiting constructor. Consider adding the 'required' modifier or declaring the property as nullable. [C:\Users\lordo\Documents\GitHub\llmtornado\src\LlmTornado\LlmTornado.csproj::TargetFramework=netstandard2.0]
C:\Users\lordo\Documents\GitHub\llmtornado\src\LlmTornado\Vendor\Cohere\VendorCohereUsage.cs(23,33): warning CS8618: Non-nullable property 'Api' must contain a non-null value when exiting constructor. Consider adding the 'required' modifier or declaring the property as nullable. [C:\Users\lordo\Documents\GitHub\llmtornado\src\LlmTornado\LlmTornado.csproj::TargetFramework=netstandard2.0]
C:\Users\lordo\Documents\GitHub\llmtornado\src\LlmTornado\Tokenize\Vendors\VendorCohereTokenizeRequest.cs(24,20): warning CS8601: Possible null reference assignment. [C:\Users\lordo\Documents\GitHub\llmtornado\src\LlmTornado\LlmTornado.csproj::TargetFramework=netstandard2.0]
C:\Users\lordo\Documents\GitHub\llmtornado\src\LlmTornado\Tokenize\Vendors\VendorCohereTokenizeRequest.cs(17,12): warning CS8618: Non-nullable property 'Text' must contain a non-null value when exiting constructor. Consider adding the 'required' modifier or declaring the property as nullable. [C:\Users\lordo\Documents\GitHub\llmtornado\src\LlmTornado\LlmTornado.csproj::TargetFramework=netstandard2.0]
C:\Users\lordo\Documents\GitHub\llmtornado\src\LlmTornado\Skills\SkillVersionDeleteResponse.cs(17,19): warning CS8618: Non-nullable property 'Id' must contain a non-null value when exiting constructor. Consider adding the 'required' modifier or declaring the property as nullable. [C:\Users\lordo\Documents\GitHub\llmtornado\src\LlmTornado\LlmTornado.csproj::TargetFramework=netstandard2.0]
C:\Users\lordo\Documents\GitHub\llmtornado\src\LlmTornado\Skills\SkillVersion.cs(12,19): warning CS8618: Non-nullable property 'Name' must contain a non-null value when exiting constructor. Consider adding the 'required' modifier or declaring the property as nullable. [C:\Users\lordo\Documents\GitHub\llmtornado\src\LlmTornado\LlmTornado.csproj::TargetFramework=netstandard2.0]
C:\Users\lordo\Documents\GitHub\llmtornado\src\LlmTornado\Files\Vendors\Anthropic\VendorAnthropicTornadoFile.cs(20,19): warning CS8618: Non-nullable property 'Id' must contain a non-null value when exiting constructor. Consider adding the 'required' modifier or declaring the property as nullable. [C:\Users\lordo\Documents\GitHub\llmtornado\src\LlmTornado\LlmTornado.csproj::TargetFramework=net8.0]
C:\Users\lordo\Documents\GitHub\llmtornado\src\LlmTornado\Skills\SkillVersion.cs(17,19): warning CS8618: Non-nullable property 'Id' must contain a non-null value when exiting constructor. Consider adding the 'required' modifier or declaring the property as nullable. [C:\Users\lordo\Documents\GitHub\llmtornado\src\LlmTornado\LlmTornado.csproj::TargetFramework=netstandard2.0]
C:\Users\lordo\Documents\GitHub\llmtornado\src\LlmTornado\Files\Vendors\Anthropic\VendorAnthropicTornadoFile.cs(26,19): warning CS8618: Non-nullable property 'Name' must contain a non-null value when exiting constructor. Consider adding the 'required' modifier or declaring the property as nullable. [C:\Users\lordo\Documents\GitHub\llmtornado\src\LlmTornado\LlmTornado.csproj::TargetFramework=net8.0]
C:\Users\lordo\Documents\GitHub\llmtornado\src\LlmTornado\Skills\SkillVersion.cs(23,19): warning CS8618: Non-nullable property 'SkillId' must contain a non-null value when exiting constructor. Consider adding the 'required' modifier or declaring the property as nullable. [C:\Users\lordo\Documents\GitHub\llmtornado\src\LlmTornado\LlmTornado.csproj::TargetFramework=netstandard2.0]
C:\Users\lordo\Documents\GitHub\llmtornado\src\LlmTornado\Skills\SkillVersion.cs(30,19): warning CS8618: Non-nullable property 'Description' must contain a non-null value when exiting constructor. Consider adding the 'required' modifier or declaring the property as nullable. [C:\Users\lordo\Documents\GitHub\llmtornado\src\LlmTornado\LlmTornado.csproj::TargetFramework=netstandard2.0]
C:\Users\lordo\Documents\GitHub\llmtornado\src\LlmTornado\Skills\SkillVersion.cs(36,19): warning CS8618: Non-nullable property 'Directory' must contain a non-null value when exiting constructor. Consider adding the 'required' modifier or declaring the property as nullable. [C:\Users\lordo\Documents\GitHub\llmtornado\src\LlmTornado\LlmTornado.csproj::TargetFramework=netstandard2.0]
C:\Users\lordo\Documents\GitHub\llmtornado\src\LlmTornado\Skills\SkillVersion.cs(48,19): warning CS8618: Non-nullable property 'Version' must contain a non-null value when exiting constructor. Consider adding the 'required' modifier or declaring the property as nullable. [C:\Users\lordo\Documents\GitHub\llmtornado\src\LlmTornado\LlmTornado.csproj::TargetFramework=netstandard2.0]
C:\Users\lordo\Documents\GitHub\llmtornado\src\LlmTornado\Skills\SkillsEndpoint.cs(49,35): warning CS8601: Possible null reference assignment. [C:\Users\lordo\Documents\GitHub\llmtornado\src\LlmTornado\LlmTornado.csproj::TargetFramework=netstandard2.0]
C:\Users\lordo\Documents\GitHub\llmtornado\src\LlmTornado\Skills\SkillsEndpoint.cs(55,37): warning CS8601: Possible null reference assignment. [C:\Users\lordo\Documents\GitHub\llmtornado\src\LlmTornado\LlmTornado.csproj::TargetFramework=netstandard2.0]
C:\Users\lordo\Documents\GitHub\llmtornado\src\LlmTornado\Skills\SkillsEndpoint.cs(83,26): warning CS0168: The variable 'ex' is declared but never used [C:\Users\lordo\Documents\GitHub\llmtornado\src\LlmTornado\LlmTornado.csproj::TargetFramework=netstandard2.0]
C:\Users\lordo\Documents\GitHub\llmtornado\src\LlmTornado\Rerank\RerankResult.cs(16,19): warning CS8618: Non-nullable property 'Object' must contain a non-null value when exiting constructor. Consider adding the 'required' modifier or declaring the property as nullable. [C:\Users\lordo\Documents\GitHub\llmtornado\src\LlmTornado\LlmTornado.csproj::TargetFramework=netstandard2.0]
C:\Users\lordo\Documents\GitHub\llmtornado\src\LlmTornado\Rerank\RerankResult.cs(22,29): warning CS8618: Non-nullable property 'Data' must contain a non-null value when exiting constructor. Consider adding the 'required' modifier or declaring the property as nullable. [C:\Users\lordo\Documents\GitHub\llmtornado\src\LlmTornado\LlmTornado.csproj::TargetFramework=netstandard2.0]
C:\Users\lordo\Documents\GitHub\llmtornado\src\LlmTornado\Rerank\RerankResult.cs(28,19): warning CS8618: Non-nullable property 'Model' must contain a non-null value when exiting constructor. Consider adding the 'required' modifier or declaring the property as nullable. [C:\Users\lordo\Documents\GitHub\llmtornado\src\LlmTornado\LlmTornado.csproj::TargetFramework=netstandard2.0]
C:\Users\lordo\Documents\GitHub\llmtornado\src\LlmTornado\Rerank\RerankResult.cs(34,18): warning CS8618: Non-nullable property 'Usage' must contain a non-null value when exiting constructor. Consider adding the 'required' modifier or declaring the property as nullable. [C:\Users\lordo\Documents\GitHub\llmtornado\src\LlmTornado\LlmTornado.csproj::TargetFramework=netstandard2.0]
C:\Users\lordo\Documents\GitHub\llmtornado\src\LlmTornado\Skills\SkillsEndpoint.cs(147,35): warning CS8601: Possible null reference assignment. [C:\Users\lordo\Documents\GitHub\llmtornado\src\LlmTornado\LlmTornado.csproj::TargetFramework=netstandard2.0]
C:\Users\lordo\Documents\GitHub\llmtornado\src\LlmTornado\Skills\SkillDeleteResponse.cs(17,19): warning CS8618: Non-nullable property 'Id' must contain a non-null value when exiting constructor. Consider adding the 'required' modifier or declaring the property as nullable. [C:\Users\lordo\Documents\GitHub\llmtornado\src\LlmTornado\LlmTornado.csproj::TargetFramework=netstandard2.0]
C:\Users\lordo\Documents\GitHub\llmtornado\src\LlmTornado\Skills\Skill.cs(15,19): warning CS8618: Non-nullable property 'DisplayTitle' must contain a non-null value when exiting constructor. Consider adding the 'required' modifier or declaring the property as nullable. [C:\Users\lordo\Documents\GitHub\llmtornado\src\LlmTornado\LlmTornado.csproj::TargetFramework=netstandard2.0]
C:\Users\lordo\Documents\GitHub\llmtornado\src\LlmTornado\Skills\Skill.cs(20,19): warning CS8618: Non-nullable property 'Id' must contain a non-null value when exiting constructor. Consider adding the 'required' modifier or declaring the property as nullable. [C:\Users\lordo\Documents\GitHub\llmtornado\src\LlmTornado\LlmTornado.csproj::TargetFramework=netstandard2.0]
C:\Users\lordo\Documents\GitHub\llmtornado\src\LlmTornado\Skills\Skill.cs(40,19): warning CS8618: Non-nullable property 'LatestVersion' must contain a non-null value when exiting constructor. Consider adding the 'required' modifier or declaring the property as nullable. [C:\Users\lordo\Documents\GitHub\llmtornado\src\LlmTornado\LlmTornado.csproj::TargetFramework=netstandard2.0]
C:\Users\lordo\Documents\GitHub\llmtornado\src\LlmTornado\Files\Vendors\Anthropic\VendorAnthropicTornadoFile.cs(38,19): warning CS8618: Non-nullable property 'CreatedAt' must contain a non-null value when exiting constructor. Consider adding the 'required' modifier or declaring the property as nullable. [C:\Users\lordo\Documents\GitHub\llmtornado\src\LlmTornado\LlmTornado.csproj::TargetFramework=net8.0]
C:\Users\lordo\Documents\GitHub\llmtornado\src\LlmTornado\Files\TornadoPagingList.cs(13,20): warning CS8618: Non-nullable property 'Items' must contain a non-null value when exiting constructor. Consider adding the 'required' modifier or declaring the property as nullable. [C:\Users\lordo\Documents\GitHub\llmtornado\src\LlmTornado\LlmTornado.csproj::TargetFramework=net8.0]
C:\Users\lordo\Documents\GitHub\llmtornado\src\LlmTornado\Files\TornadoFile.cs(23,19): warning CS8618: Non-nullable property 'Id' must contain a non-null value when exiting constructor. Consider adding the 'required' modifier or declaring the property as nullable. [C:\Users\lordo\Documents\GitHub\llmtornado\src\LlmTornado\LlmTornado.csproj::TargetFramework=net8.0]
C:\Users\lordo\Documents\GitHub\llmtornado\src\LlmTornado\Embedding\Vendors\Voyage\VendorVoyageEmbeddingRequest.cs(190,19): warning CS8618: Non-nullable property 'Type' must contain a non-null value when exiting constructor. Consider adding the 'required' modifier or declaring the property as nullable. [C:\Users\lordo\Documents\GitHub\llmtornado\src\LlmTornado\LlmTornado.csproj::TargetFramework=net8.0]
C:\Users\lordo\Documents\GitHub\llmtornado\src\LlmTornado\ManagedAgents\Anthropic\AnthropicManagedAgentSessionsEndpoint.cs(130,70): warning CS8604: Possible null reference argument for parameter 'reader' in 'IAsyncEnumerable<ServerSentEvent> IEndpointProvider.InboundStream(StreamReader reader)'. [C:\Users\lordo\Documents\GitHub\llmtornado\src\LlmTornado\LlmTornado.csproj::TargetFramework=net8.0]
C:\Users\lordo\Documents\GitHub\llmtornado\src\LlmTornado\Completions\CompletionResult.cs(93,50): warning CS8618: Non-nullable property 'Tokens' must contain a non-null value when exiting constructor. Consider adding the 'required' modifier or declaring the property as nullable. [C:\Users\lordo\Documents\GitHub\llmtornado\src\LlmTornado\LlmTornado.csproj::TargetFramework=net8.0]
C:\Users\lordo\Documents\GitHub\llmtornado\src\LlmTornado\Completions\CompletionResult.cs(95,59): warning CS8618: Non-nullable property 'TokenLogprobs' must contain a non-null value when exiting constructor. Consider adding the 'required' modifier or declaring the property as nullable. [C:\Users\lordo\Documents\GitHub\llmtornado\src\LlmTornado\LlmTornado.csproj::TargetFramework=net8.0]
C:\Users\lordo\Documents\GitHub\llmtornado\src\LlmTornado\Completions\CompletionResult.cs(97,78): warning CS8618: Non-nullable property 'TopLogprobs' must contain a non-null value when exiting constructor. Consider adding the 'required' modifier or declaring the property as nullable. [C:\Users\lordo\Documents\GitHub\llmtornado\src\LlmTornado\LlmTornado.csproj::TargetFramework=net8.0]
C:\Users\lordo\Documents\GitHub\llmtornado\src\LlmTornado\Completions\CompletionResult.cs(99,52): warning CS8618: Non-nullable property 'TextOffsets' must contain a non-null value when exiting constructor. Consider adding the 'required' modifier or declaring the property as nullable. [C:\Users\lordo\Documents\GitHub\llmtornado\src\LlmTornado\LlmTornado.csproj::TargetFramework=net8.0]
C:\Users\lordo\Documents\GitHub\llmtornado\src\LlmTornado\Completions\CompletionResult.cs(66,19): warning CS8618: Non-nullable property 'Id' must contain a non-null value when exiting constructor. Consider adding the 'required' modifier or declaring the property as nullable. [C:\Users\lordo\Documents\GitHub\llmtornado\src\LlmTornado\LlmTornado.csproj::TargetFramework=net8.0]
C:\Users\lordo\Documents\GitHub\llmtornado\src\LlmTornado\Completions\CompletionResult.cs(72,25): warning CS8618: Non-nullable property 'Completions' must contain a non-null value when exiting constructor. Consider adding the 'required' modifier or declaring the property as nullable. [C:\Users\lordo\Documents\GitHub\llmtornado\src\LlmTornado\LlmTornado.csproj::TargetFramework=net8.0]
C:\Users\lordo\Documents\GitHub\llmtornado\src\LlmTornado\Realtime\Translation\RealtimeTranslationEndpoint.cs(43,94): warning CS8604: Possible null reference argument for parameter 'json' in 'RealtimeTranslationEvent VendorOpenAiRealtimeTranslation.ParseEvent(string json)'. [C:\Users\lordo\Documents\GitHub\llmtornado\src\LlmTornado\LlmTornado.csproj::TargetFramework=netstandard2.0]
C:\Users\lordo\Documents\GitHub\llmtornado\src\LlmTornado\Completions\CompletionResult.cs(78,28): warning CS8618: Non-nullable property 'Usage' must contain a non-null value when exiting constructor. Consider adding the 'required' modifier or declaring the property as nullable. [C:\Users\lordo\Documents\GitHub\llmtornado\src\LlmTornado\LlmTornado.csproj::TargetFramework=net8.0]
C:\Users\lordo\Documents\GitHub\llmtornado\src\LlmTornado\Completions\CompletionResult.cs(15,19): warning CS8618: Non-nullable property 'Text' must contain a non-null value when exiting constructor. Consider adding the 'required' modifier or declaring the property as nullable. [C:\Users\lordo\Documents\GitHub\llmtornado\src\LlmTornado\LlmTornado.csproj::TargetFramework=net8.0]
C:\Users\lordo\Documents\GitHub\llmtornado\src\LlmTornado\Skills\OpenAiSkillsEndpoint.cs(158,30): warning CS8601: Possible null reference assignment. [C:\Users\lordo\Documents\GitHub\llmtornado\src\LlmTornado\LlmTornado.csproj::TargetFramework=netstandard2.0]
C:\Users\lordo\Documents\GitHub\llmtornado\src\LlmTornado\Completions\CompletionResult.cs(28,21): warning CS8618: Non-nullable property 'Logprobs' must contain a non-null value when exiting constructor. Consider adding the 'required' modifier or declaring the property as nullable. [C:\Users\lordo\Documents\GitHub\llmtornado\src\LlmTornado\LlmTornado.csproj::TargetFramework=net8.0]
C:\Users\lordo\Documents\GitHub\llmtornado\src\LlmTornado\Skills\OpenAiSkillsEndpoint.cs(164,30): warning CS8601: Possible null reference assignment. [C:\Users\lordo\Documents\GitHub\llmtornado\src\LlmTornado\LlmTornado.csproj::TargetFramework=netstandard2.0]
C:\Users\lordo\Documents\GitHub\llmtornado\src\LlmTornado\Completions\CompletionResult.cs(34,19): warning CS8618: Non-nullable property 'FinishReason' must contain a non-null value when exiting constructor. Consider adding the 'required' modifier or declaring the property as nullable. [C:\Users\lordo\Documents\GitHub\llmtornado\src\LlmTornado\LlmTornado.csproj::TargetFramework=net8.0]
C:\Users\lordo\Documents\GitHub\llmtornado\src\LlmTornado\RateLimits\AnthropicRateLimitModels.cs(55,35): warning CS8601: Possible null reference assignment. [C:\Users\lordo\Documents\GitHub\llmtornado\src\LlmTornado\LlmTornado.csproj::TargetFramework=netstandard2.0]
C:\Users\lordo\Documents\GitHub\llmtornado\src\LlmTornado\Completions\CompletionRequest.cs(17,9): warning CS8618: Non-nullable property 'MultiplePrompts' must contain a non-null value when exiting constructor. Consider adding the 'required' modifier or declaring the property as nullable. [C:\Users\lordo\Documents\GitHub\llmtornado\src\LlmTornado\LlmTornado.csproj::TargetFramework=net8.0]
C:\Users\lordo\Documents\GitHub\llmtornado\src\LlmTornado\RateLimits\AnthropicRateLimitModels.cs(60,34): warning CS8601: Possible null reference assignment. [C:\Users\lordo\Documents\GitHub\llmtornado\src\LlmTornado\LlmTornado.csproj::TargetFramework=netstandard2.0]
C:\Users\lordo\Documents\GitHub\llmtornado\src\LlmTornado\Completions\CompletionRequest.cs(17,9): warning CS8618: Non-nullable property 'Suffix' must contain a non-null value when exiting constructor. Consider adding the 'required' modifier or declaring the property as nullable. [C:\Users\lordo\Documents\GitHub\llmtornado\src\LlmTornado\LlmTornado.csproj::TargetFramework=net8.0]
C:\Users\lordo\Documents\GitHub\llmtornado\src\LlmTornado\Ocr\OcrRequest.cs(17,12): warning CS8618: Non-nullable property 'Model' must contain a non-null value when exiting constructor. Consider adding the 'required' modifier or declaring the property as nullable. [C:\Users\lordo\Documents\GitHub\llmtornado\src\LlmTornado\LlmTornado.csproj::TargetFramework=netstandard2.0]
C:\Users\lordo\Documents\GitHub\llmtornado\src\LlmTornado\Completions\CompletionRequest.cs(17,9): warning CS8618: Non-nullable property 'MultipleStopSequences' must contain a non-null value when exiting constructor. Consider adding the 'required' modifier or declaring the property as nullable. [C:\Users\lordo\Documents\GitHub\llmtornado\src\LlmTornado\LlmTornado.csproj::TargetFramework=net8.0]
C:\Users\lordo\Documents\GitHub\llmtornado\src\LlmTornado\Completions\CompletionRequest.cs(17,9): warning CS8618: Non-nullable property 'user' must contain a non-null value when exiting constructor. Consider adding the 'required' modifier or declaring the property as nullable. [C:\Users\lordo\Documents\GitHub\llmtornado\src\LlmTornado\LlmTornado.csproj::TargetFramework=net8.0]
C:\Users\lordo\Documents\GitHub\llmtornado\src\LlmTornado\Ocr\OcrRequest.cs(17,12): warning CS8618: Non-nullable property 'Document' must contain a non-null value when exiting constructor. Consider adding the 'required' modifier or declaring the property as nullable. [C:\Users\lordo\Documents\GitHub\llmtornado\src\LlmTornado\LlmTornado.csproj::TargetFramework=netstandard2.0]
C:\Users\lordo\Documents\GitHub\llmtornado\src\LlmTornado\Completions\CompletionRequest.cs(48,9): warning CS8618: Non-nullable property 'Suffix' must contain a non-null value when exiting constructor. Consider adding the 'required' modifier or declaring the property as nullable. [C:\Users\lordo\Documents\GitHub\llmtornado\src\LlmTornado\LlmTornado.csproj::TargetFramework=net8.0]
C:\Users\lordo\Documents\GitHub\llmtornado\src\LlmTornado\Ocr\OcrRequest.cs(36,12): warning CS8618: Non-nullable property 'Model' must contain a non-null value when exiting constructor. Consider adding the 'required' modifier or declaring the property as nullable. [C:\Users\lordo\Documents\GitHub\llmtornado\src\LlmTornado\LlmTornado.csproj::TargetFramework=netstandard2.0]
C:\Users\lordo\Documents\GitHub\llmtornado\src\LlmTornado\Ocr\OcrRequest.cs(36,12): warning CS8618: Non-nullable property 'Document' must contain a non-null value when exiting constructor. Consider adding the 'required' modifier or declaring the property as nullable. [C:\Users\lordo\Documents\GitHub\llmtornado\src\LlmTornado\LlmTornado.csproj::TargetFramework=netstandard2.0]
C:\Users\lordo\Documents\GitHub\llmtornado\src\LlmTornado\Completions\CompletionRequest.cs(48,9): warning CS8618: Non-nullable property 'MultipleStopSequences' must contain a non-null value when exiting constructor. Consider adding the 'required' modifier or declaring the property as nullable. [C:\Users\lordo\Documents\GitHub\llmtornado\src\LlmTornado\LlmTornado.csproj::TargetFramework=net8.0]
C:\Users\lordo\Documents\GitHub\llmtornado\src\LlmTornado\Completions\CompletionRequest.cs(48,9): warning CS8618: Non-nullable property 'user' must contain a non-null value when exiting constructor. Consider adding the 'required' modifier or declaring the property as nullable. [C:\Users\lordo\Documents\GitHub\llmtornado\src\LlmTornado\LlmTornado.csproj::TargetFramework=net8.0]
C:\Users\lordo\Documents\GitHub\llmtornado\src\LlmTornado\Responses\ResponseTool.cs(1088,38): warning CS8601: Possible null reference assignment. [C:\Users\lordo\Documents\GitHub\llmtornado\src\LlmTornado\LlmTornado.csproj::TargetFramework=netstandard2.0]
C:\Users\lordo\Documents\GitHub\llmtornado\src\LlmTornado\Embedding\Vendors\Google\VendorGoogleEmbeddingResult.cs(15,24): warning CS8618: Non-nullable property 'Values' must contain a non-null value when exiting constructor. Consider adding the 'required' modifier or declaring the property as nullable. [C:\Users\lordo\Documents\GitHub\llmtornado\src\LlmTornado\LlmTornado.csproj::TargetFramework=net8.0]
C:\Users\lordo\Documents\GitHub\llmtornado\src\LlmTornado\Threads\ThreadsEndpoint.cs(401,63): warning CS8604: Possible null reference argument for parameter 'key' in 'bool FrozenDictionary<string, OpenAiAssistantStreamEvent>.TryGetValue(string key, out OpenAiAssistantStreamEvent value)'. [C:\Users\lordo\Documents\GitHub\llmtornado\src\LlmTornado\LlmTornado.csproj::TargetFramework=netstandard2.0]
C:\Users\lordo\Documents\GitHub\llmtornado\src\LlmTornado\Threads\ThreadsEndpoint.cs(510,17): warning CS0219: The variable 'unk' is assigned but its value is never used [C:\Users\lordo\Documents\GitHub\llmtornado\src\LlmTornado\LlmTornado.csproj::TargetFramework=netstandard2.0]
C:\Users\lordo\Documents\GitHub\llmtornado\src\LlmTornado\Moderation\ModerationResult.cs(46,38): warning CS8618: Non-nullable property 'Categories' must contain a non-null value when exiting constructor. Consider adding the 'required' modifier or declaring the property as nullable. [C:\Users\lordo\Documents\GitHub\llmtornado\src\LlmTornado\LlmTornado.csproj::TargetFramework=netstandard2.0]
C:\Users\lordo\Documents\GitHub\llmtornado\src\LlmTornado\Moderation\ModerationResult.cs(52,40): warning CS8618: Non-nullable property 'CategoryScores' must contain a non-null value when exiting constructor. Consider adding the 'required' modifier or declaring the property as nullable. [C:\Users\lordo\Documents\GitHub\llmtornado\src\LlmTornado\LlmTornado.csproj::TargetFramework=netstandard2.0]
C:\Users\lordo\Documents\GitHub\llmtornado\src\LlmTornado\Moderation\ModerationResult.cs(32,16): warning CS8603: Possible null reference return. [C:\Users\lordo\Documents\GitHub\llmtornado\src\LlmTornado\LlmTornado.csproj::TargetFramework=netstandard2.0]
C:\Users\lordo\Documents\GitHub\llmtornado\src\LlmTornado\Completions\CompletionRequest.cs(107,17): warning CS8604: Possible null reference argument for parameter 'model' in 'Model.implicit operator string(Model model)'. [C:\Users\lordo\Documents\GitHub\llmtornado\src\LlmTornado\LlmTornado.csproj::TargetFramework=net8.0]
C:\Users\lordo\Documents\GitHub\llmtornado\src\LlmTornado\Completions\CompletionRequest.cs(111,18): warning CS8601: Possible null reference assignment. [C:\Users\lordo\Documents\GitHub\llmtornado\src\LlmTornado\LlmTornado.csproj::TargetFramework=net8.0]
C:\Users\lordo\Documents\GitHub\llmtornado\src\LlmTornado\Moderation\ModerationResult.cs(16,25): warning CS8618: Non-nullable property 'Results' must contain a non-null value when exiting constructor. Consider adding the 'required' modifier or declaring the property as nullable. [C:\Users\lordo\Documents\GitHub\llmtornado\src\LlmTornado\LlmTornado.csproj::TargetFramework=netstandard2.0]
C:\Users\lordo\Documents\GitHub\llmtornado\src\LlmTornado\Completions\CompletionRequest.cs(93,9): warning CS8618: Non-nullable property 'MultiplePrompts' must contain a non-null value when exiting constructor. Consider adding the 'required' modifier or declaring the property as nullable. [C:\Users\lordo\Documents\GitHub\llmtornado\src\LlmTornado\LlmTornado.csproj::TargetFramework=net8.0]
C:\Users\lordo\Documents\GitHub\llmtornado\src\LlmTornado\Moderation\ModerationResult.cs(23,19): warning CS8618: Non-nullable property 'Id' must contain a non-null value when exiting constructor. Consider adding the 'required' modifier or declaring the property as nullable. [C:\Users\lordo\Documents\GitHub\llmtornado\src\LlmTornado\LlmTornado.csproj::TargetFramework=netstandard2.0]
C:\Users\lordo\Documents\GitHub\llmtornado\src\LlmTornado\Completions\CompletionRequest.cs(93,9): warning CS8618: Non-nullable property 'Suffix' must contain a non-null value when exiting constructor. Consider adding the 'required' modifier or declaring the property as nullable. [C:\Users\lordo\Documents\GitHub\llmtornado\src\LlmTornado\LlmTornado.csproj::TargetFramework=net8.0]
C:\Users\lordo\Documents\GitHub\llmtornado\src\LlmTornado\Completions\CompletionRequest.cs(93,9): warning CS8618: Non-nullable property 'user' must contain a non-null value when exiting constructor. Consider adding the 'required' modifier or declaring the property as nullable. [C:\Users\lordo\Documents\GitHub\llmtornado\src\LlmTornado\LlmTornado.csproj::TargetFramework=net8.0]
C:\Users\lordo\Documents\GitHub\llmtornado\src\LlmTornado\Completions\CompletionRequest.cs(138,20): warning CS8603: Possible null reference return. [C:\Users\lordo\Documents\GitHub\llmtornado\src\LlmTornado\LlmTornado.csproj::TargetFramework=net8.0]
C:\Users\lordo\Documents\GitHub\llmtornado\src\LlmTornado\Completions\CompletionRequest.cs(154,16): warning CS8603: Possible null reference return. [C:\Users\lordo\Documents\GitHub\llmtornado\src\LlmTornado\LlmTornado.csproj::TargetFramework=net8.0]
C:\Users\lordo\Documents\GitHub\llmtornado\src\LlmTornado\Skills\CreateSkillResponse.cs(9,19): warning CS8618: Non-nullable property 'DisplayTitle' must contain a non-null value when exiting constructor. Consider adding the 'required' modifier or declaring the property as nullable. [C:\Users\lordo\Documents\GitHub\llmtornado\src\LlmTornado\LlmTornado.csproj::TargetFramework=netstandard2.0]
C:\Users\lordo\Documents\GitHub\llmtornado\src\LlmTornado\Skills\CreateSkillResponse.cs(14,19): warning CS8618: Non-nullable property 'Id' must contain a non-null value when exiting constructor. Consider adding the 'required' modifier or declaring the property as nullable. [C:\Users\lordo\Documents\GitHub\llmtornado\src\LlmTornado\LlmTornado.csproj::TargetFramework=netstandard2.0]
C:\Users\lordo\Documents\GitHub\llmtornado\src\LlmTornado\Skills\CreateSkillResponse.cs(34,19): warning CS8618: Non-nullable property 'LatestVersion' must contain a non-null value when exiting constructor. Consider adding the 'required' modifier or declaring the property as nullable. [C:\Users\lordo\Documents\GitHub\llmtornado\src\LlmTornado\LlmTornado.csproj::TargetFramework=netstandard2.0]
C:\Users\lordo\Documents\GitHub\llmtornado\src\LlmTornado\Moderation\ModerationRequest.cs(15,9): warning CS8618: Non-nullable property 'Model' must contain a non-null value when exiting constructor. Consider adding the 'required' modifier or declaring the property as nullable. [C:\Users\lordo\Documents\GitHub\llmtornado\src\LlmTornado\LlmTornado.csproj::TargetFramework=netstandard2.0]
C:\Users\lordo\Documents\GitHub\llmtornado\src\LlmTornado\Completions\CompletionRequest.cs(241,20): warning CS8603: Possible null reference return. [C:\Users\lordo\Documents\GitHub\llmtornado\src\LlmTornado\LlmTornado.csproj::TargetFramework=net8.0]
C:\Users\lordo\Documents\GitHub\llmtornado\src\LlmTornado\Completions\CompletionRequest.cs(260,16): warning CS8603: Possible null reference return. [C:\Users\lordo\Documents\GitHub\llmtornado\src\LlmTornado\LlmTornado.csproj::TargetFramework=net8.0]
C:\Users\lordo\Documents\GitHub\llmtornado\src\LlmTornado\Files\FileUploadRequest.cs(91,12): warning CS8618: Non-nullable property 'Bytes' must contain a non-null value when exiting constructor. Consider adding the 'required' modifier or declaring the property as nullable. [C:\Users\lordo\Documents\GitHub\llmtornado\src\LlmTornado\LlmTornado.csproj::TargetFramework=net8.0]
C:\Users\lordo\Documents\GitHub\llmtornado\src\LlmTornado\Moderation\ModerationRequest.cs(15,9): warning CS8618: Non-nullable property 'Inputs' must contain a non-null value when exiting constructor. Consider adding the 'required' modifier or declaring the property as nullable. [C:\Users\lordo\Documents\GitHub\llmtornado\src\LlmTornado\LlmTornado.csproj::TargetFramework=netstandard2.0]
C:\Users\lordo\Documents\GitHub\llmtornado\src\LlmTornado\Files\FileUploadRequest.cs(91,12): warning CS8618: Non-nullable property 'Name' must contain a non-null value when exiting constructor. Consider adding the 'required' modifier or declaring the property as nullable. [C:\Users\lordo\Documents\GitHub\llmtornado\src\LlmTornado\LlmTornado.csproj::TargetFramework=net8.0]
C:\Users\lordo\Documents\GitHub\llmtornado\src\LlmTornado\Ocr\OcrDocumentInput.cs(134,12): warning CS8618: Non-nullable property 'Url' must contain a non-null value when exiting constructor. Consider adding the 'required' modifier or declaring the property as nullable. [C:\Users\lordo\Documents\GitHub\llmtornado\src\LlmTornado\LlmTornado.csproj::TargetFramework=net8.0]
C:\Users\lordo\Documents\GitHub\llmtornado\src\LlmTornado\Moderation\ModerationRequest.cs(27,9): warning CS8618: Non-nullable property 'Inputs' must contain a non-null value when exiting constructor. Consider adding the 'required' modifier or declaring the property as nullable. [C:\Users\lordo\Documents\GitHub\llmtornado\src\LlmTornado\LlmTornado.csproj::TargetFramework=netstandard2.0]
C:\Users\lordo\Documents\GitHub\llmtornado\src\LlmTornado\Model\ModelsEndpoint.cs(39,16): warning CS8603: Possible null reference return. [C:\Users\lordo\Documents\GitHub\llmtornado\src\LlmTornado\LlmTornado.csproj::TargetFramework=net8.0]
C:\Users\lordo\Documents\GitHub\llmtornado\src\LlmTornado\Moderation\ModerationRequest.cs(78,24): warning CS8603: Possible null reference return. [C:\Users\lordo\Documents\GitHub\llmtornado\src\LlmTornado\LlmTornado.csproj::TargetFramework=netstandard2.0]
C:\Users\lordo\Documents\GitHub\llmtornado\src\LlmTornado\Model\Vendors\RetrievedModelsResult.cs(13,33): warning CS8618: Non-nullable property 'Data' must contain a non-null value when exiting constructor. Consider adding the 'required' modifier or declaring the property as nullable. [C:\Users\lordo\Documents\GitHub\llmtornado\src\LlmTornado\LlmTornado.csproj::TargetFramework=net8.0]
C:\Users\lordo\Documents\GitHub\llmtornado\src\LlmTornado\Model\Vendors\Cohere\VendorCohereRetrievedModelsResult.cs(20,57): warning CS8618: Non-nullable property 'Models' must contain a non-null value when exiting constructor. Consider adding the 'required' modifier or declaring the property as nullable. [C:\Users\lordo\Documents\GitHub\llmtornado\src\LlmTornado\LlmTornado.csproj::TargetFramework=net8.0]
C:\Users\lordo\Documents\GitHub\llmtornado\src\LlmTornado\Ocr\OcrDocumentInput.cs(134,12): warning CS8618: Non-nullable property 'Url' must contain a non-null value when exiting constructor. Consider adding the 'required' modifier or declaring the property as nullable. [C:\Users\lordo\Documents\GitHub\llmtornado\src\LlmTornado\LlmTornado.csproj::TargetFramework=netstandard2.0]
C:\Users\lordo\Documents\GitHub\llmtornado\src\LlmTornado\Infra\ToolFactory.cs(28,9): warning CS0618: 'ChatModelGoogleGemini.Gemini2Flash001' is obsolete: 'Shut down June 1, 2026. Use ModelGemini25Flash or ModelGemini35Flash instead.' [C:\Users\lordo\Documents\GitHub\llmtornado\src\LlmTornado\LlmTornado.csproj::TargetFramework=netstandard2.0]
C:\Users\lordo\Documents\GitHub\llmtornado\src\LlmTornado\Responses\ResponsesSession.cs(26,30): warning CS8618: Non-nullable property 'Endpoint' must contain a non-null value when exiting constructor. Consider adding the 'required' modifier or declaring the property as nullable. [C:\Users\lordo\Documents\GitHub\llmtornado\src\LlmTornado\LlmTornado.csproj::TargetFramework=net8.0]
C:\Users\lordo\Documents\GitHub\llmtornado\src\LlmTornado\Infra\ToolFactory.cs(28,50): warning CS0618: 'ChatModelGoogleGemini.Gemini15Pro' is obsolete: 'Use ModelGemini25Pro instead.' [C:\Users\lordo\Documents\GitHub\llmtornado\src\LlmTornado\LlmTornado.csproj::TargetFramework=netstandard2.0]
C:\Users\lordo\Documents\GitHub\llmtornado\src\LlmTornado\Infra\ToolFactory.cs(28,87): warning CS0618: 'ChatModelGoogleGemini.Gemini15Pro002' is obsolete: 'Use ModelGemini25Pro instead.' [C:\Users\lordo\Documents\GitHub\llmtornado\src\LlmTornado\LlmTornado.csproj::TargetFramework=netstandard2.0]
C:\Users\lordo\Documents\GitHub\llmtornado\src\LlmTornado\Caching\Vendors\Google\VendorGoogleCachingCreateCachedContentRequest.cs(58,12): warning CS8618: Non-nullable property 'Ttl' must contain a non-null value when exiting constructor. Consider adding the 'required' modifier or declaring the property as nullable. [C:\Users\lordo\Documents\GitHub\llmtornado\src\LlmTornado\LlmTornado.csproj::TargetFramework=net8.0]
C:\Users\lordo\Documents\GitHub\llmtornado\src\LlmTornado\Infra\ToolFactory.cs(28,127): warning CS0618: 'ChatModelGoogleGemini.Gemini15Pro001' is obsolete: 'Use ModelGemini25Pro instead.' [C:\Users\lordo\Documents\GitHub\llmtornado\src\LlmTornado\LlmTornado.csproj::TargetFramework=netstandard2.0]
C:\Users\lordo\Documents\GitHub\llmtornado\src\LlmTornado\Caching\Vendors\Google\VendorGoogleCachingCreateCachedContentRequest.cs(58,12): warning CS8618: Non-nullable property 'Model' must contain a non-null value when exiting constructor. Consider adding the 'required' modifier or declaring the property as nullable. [C:\Users\lordo\Documents\GitHub\llmtornado\src\LlmTornado\LlmTornado.csproj::TargetFramework=net8.0]
C:\Users\lordo\Documents\GitHub\llmtornado\src\LlmTornado\Infra\ToolFactory.cs(28,167): warning CS0618: 'ChatModelGoogleGemini.Gemini15ProLatest' is obsolete: 'Use ModelGemini25Pro instead.' [C:\Users\lordo\Documents\GitHub\llmtornado\src\LlmTornado\LlmTornado.csproj::TargetFramework=netstandard2.0]
C:\Users\lordo\Documents\GitHub\llmtornado\src\LlmTornado\Caching\Vendors\Google\VendorGoogleCachingCreateCachedContentRequest.cs(58,12): warning CS8618: Non-nullable property 'Config' must contain a non-null value when exiting constructor. Consider adding the 'required' modifier or declaring the property as nullable. [C:\Users\lordo\Documents\GitHub\llmtornado\src\LlmTornado\LlmTornado.csproj::TargetFramework=net8.0]
C:\Users\lordo\Documents\GitHub\llmtornado\src\LlmTornado\Infra\ToolFactory.cs(29,9): warning CS0618: 'ChatModelGoogleGemini.Gemini2FlashLatest' is obsolete: 'Shut down June 1, 2026. Use ModelGemini25Flash or ModelGemini35Flash instead.' [C:\Users\lordo\Documents\GitHub\llmtornado\src\LlmTornado\LlmTornado.csproj::TargetFramework=netstandard2.0]
C:\Users\lordo\Documents\GitHub\llmtornado\src\LlmTornado\Model\Vendors\Google\VendorGoogleRetrievedModelsResult.cs(26,12): warning CS8618: Non-nullable property 'Models' must contain a non-null value when exiting constructor. Consider adding the 'required' modifier or declaring the property as nullable. [C:\Users\lordo\Documents\GitHub\llmtornado\src\LlmTornado\LlmTornado.csproj::TargetFramework=net8.0]
C:\Users\lordo\Documents\GitHub\llmtornado\src\LlmTornado\FineTuning\HyperParams.cs(8,19): warning CS8618: Non-nullable property 'Epochs' must contain a non-null value when exiting constructor. Consider adding the 'required' modifier or declaring the property as nullable. [C:\Users\lordo\Documents\GitHub\llmtornado\src\LlmTornado\LlmTornado.csproj::TargetFramework=netstandard2.0]
C:\Users\lordo\Documents\GitHub\llmtornado\src\LlmTornado\Caching\Vendors\Google\VendorGoogleCachingCachedContentList.cs(13,55): warning CS8618: Non-nullable property 'CachedContents' must contain a non-null value when exiting constructor. Consider adding the 'required' modifier or declaring the property as nullable. [C:\Users\lordo\Documents\GitHub\llmtornado\src\LlmTornado\LlmTornado.csproj::TargetFramework=net8.0]
C:\Users\lordo\Documents\GitHub\llmtornado\src\LlmTornado\Caching\Vendors\Google\VendorGoogleCachingCachedContentInfo.cs(55,12): warning CS8618: Non-nullable property 'UsageMetadata' must contain a non-null value when exiting constructor. Consider adding the 'required' modifier or declaring the property as nullable. [C:\Users\lordo\Documents\GitHub\llmtornado\src\LlmTornado\LlmTornado.csproj::TargetFramework=net8.0]
C:\Users\lordo\Documents\GitHub\llmtornado\src\LlmTornado\Caching\Vendors\Google\VendorGoogleCachingCachedContentInfo.cs(55,12): warning CS8618: Non-nullable property 'Model' must contain a non-null value when exiting constructor. Consider adding the 'required' modifier or declaring the property as nullable. [C:\Users\lordo\Documents\GitHub\llmtornado\src\LlmTornado\LlmTornado.csproj::TargetFramework=net8.0]
C:\Users\lordo\Documents\GitHub\llmtornado\src\LlmTornado\Model\Vendors\Google\VendorGoogleRetrievedModelsResult.cs(13,23): warning CS8618: Non-nullable property 'Name' must contain a non-null value when exiting constructor. Consider adding the 'required' modifier or declaring the property as nullable. [C:\Users\lordo\Documents\GitHub\llmtornado\src\LlmTornado\LlmTornado.csproj::TargetFramework=net8.0]
C:\Users\lordo\Documents\GitHub\llmtornado\src\LlmTornado\Model\Vendors\Google\VendorGoogleRetrievedModelsResult.cs(14,23): warning CS8618: Non-nullable property 'Version' must contain a non-null value when exiting constructor. Consider adding the 'required' modifier or declaring the property as nullable. [C:\Users\lordo\Documents\GitHub\llmtornado\src\LlmTornado\LlmTornado.csproj::TargetFramework=net8.0]
C:\Users\lordo\Documents\GitHub\llmtornado\src\LlmTornado\Model\Vendors\Google\VendorGoogleRetrievedModelsResult.cs(15,23): warning CS8618: Non-nullable property 'DisplayName' must contain a non-null value when exiting constructor. Consider adding the 'required' modifier or declaring the property as nullable. [C:\Users\lordo\Documents\GitHub\llmtornado\src\LlmTornado\LlmTornado.csproj::TargetFramework=net8.0]
C:\Users\lordo\Documents\GitHub\llmtornado\src\LlmTornado\FineTuning\HyperParams.cs(11,19): warning CS8618: Non-nullable property 'BatchSize' must contain a non-null value when exiting constructor. Consider adding the 'required' modifier or declaring the property as nullable. [C:\Users\lordo\Documents\GitHub\llmtornado\src\LlmTornado\LlmTornado.csproj::TargetFramework=netstandard2.0]
C:\Users\lordo\Documents\GitHub\llmtornado\src\LlmTornado\Model\Vendors\Google\VendorGoogleRetrievedModelsResult.cs(19,29): warning CS8618: Non-nullable property 'SupportedGenerationMethods' must contain a non-null value when exiting constructor. Consider adding the 'required' modifier or declaring the property as nullable. [C:\Users\lordo\Documents\GitHub\llmtornado\src\LlmTornado\LlmTornado.csproj::TargetFramework=net8.0]
C:\Users\lordo\Documents\GitHub\llmtornado\src\LlmTornado\FineTuning\HyperParams.cs(14,19): warning CS8618: Non-nullable property 'LearningRateMultiplier' must contain a non-null value when exiting constructor. Consider adding the 'required' modifier or declaring the property as nullable. [C:\Users\lordo\Documents\GitHub\llmtornado\src\LlmTornado\LlmTornado.csproj::TargetFramework=netstandard2.0]
C:\Users\lordo\Documents\GitHub\llmtornado\src\LlmTornado\Assistants\ResponseFormat.cs(90,19): warning CS8618: Non-nullable property 'Name' must contain a non-null value when exiting constructor. Consider adding the 'required' modifier or declaring the property as nullable. [C:\Users\lordo\Documents\GitHub\llmtornado\src\LlmTornado\LlmTornado.csproj::TargetFramework=net8.0]
C:\Users\lordo\Documents\GitHub\llmtornado\src\LlmTornado\Assistants\ResponseFormat.cs(76,43): warning CS8618: Non-nullable property 'JsonSchema' must contain a non-null value when exiting constructor. Consider adding the 'required' modifier or declaring the property as nullable. [C:\Users\lordo\Documents\GitHub\llmtornado\src\LlmTornado\LlmTornado.csproj::TargetFramework=net8.0]
C:\Users\lordo\Documents\GitHub\llmtornado\src\LlmTornado\Embedding\Vendors\Cohere\VendorCohereEmbeddingResult.cs(22,19): warning CS8618: Non-nullable property 'Id' must contain a non-null value when exiting constructor. Consider adding the 'required' modifier or declaring the property as nullable. [C:\Users\lordo\Documents\GitHub\llmtornado\src\LlmTornado\LlmTornado.csproj::TargetFramework=net8.0]
C:\Users\lordo\Documents\GitHub\llmtornado\src\LlmTornado\Embedding\Vendors\Cohere\VendorCohereEmbeddingResult.cs(24,25): warning CS8618: Non-nullable property 'Texts' must contain a non-null value when exiting constructor. Consider adding the 'required' modifier or declaring the property as nullable. [C:\Users\lordo\Documents\GitHub\llmtornado\src\LlmTornado\LlmTornado.csproj::TargetFramework=net8.0]
C:\Users\lordo\Documents\GitHub\llmtornado\src\LlmTornado\Embedding\Vendors\Cohere\VendorCohereEmbeddingResult.cs(28,30): warning CS8618: Non-nullable property 'Meta' must contain a non-null value when exiting constructor. Consider adding the 'required' modifier or declaring the property as nullable. [C:\Users\lordo\Documents\GitHub\llmtornado\src\LlmTornado\LlmTornado.csproj::TargetFramework=net8.0]
C:\Users\lordo\Documents\GitHub\llmtornado\src\LlmTornado\Embedding\MultimodalEmbeddingResult.cs(45,19): warning CS8618: Non-nullable property 'Object' must contain a non-null value when exiting constructor. Consider adding the 'required' modifier or declaring the property as nullable. [C:\Users\lordo\Documents\GitHub\llmtornado\src\LlmTornado\LlmTornado.csproj::TargetFramework=net8.0]
C:\Users\lordo\Documents\GitHub\llmtornado\src\LlmTornado\Embedding\MultimodalEmbeddingResult.cs(52,37): warning CS8618: Non-nullable property 'Embedding' must contain a non-null value when exiting constructor. Consider adding the 'required' modifier or declaring the property as nullable. [C:\Users\lordo\Documents\GitHub\llmtornado\src\LlmTornado\LlmTornado.csproj::TargetFramework=net8.0]
C:\Users\lordo\Documents\GitHub\llmtornado\src\LlmTornado\Embedding\MultimodalEmbeddingResult.cs(15,19): warning CS8618: Non-nullable property 'Object' must contain a non-null value when exiting constructor. Consider adding the 'required' modifier or declaring the property as nullable. [C:\Users\lordo\Documents\GitHub\llmtornado\src\LlmTornado\LlmTornado.csproj::TargetFramework=net8.0]
C:\Users\lordo\Documents\GitHub\llmtornado\src\LlmTornado\Embedding\MultimodalEmbeddingResult.cs(21,38): warning CS8618: Non-nullable property 'Data' must contain a non-null value when exiting constructor. Consider adding the 'required' modifier or declaring the property as nullable. [C:\Users\lordo\Documents\GitHub\llmtornado\src\LlmTornado\LlmTornado.csproj::TargetFramework=net8.0]
C:\Users\lordo\Documents\GitHub\llmtornado\src\LlmTornado\Embedding\MultimodalEmbeddingResult.cs(27,19): warning CS8618: Non-nullable property 'Model' must contain a non-null value when exiting constructor. Consider adding the 'required' modifier or declaring the property as nullable. [C:\Users\lordo\Documents\GitHub\llmtornado\src\LlmTornado\LlmTornado.csproj::TargetFramework=net8.0]
C:\Users\lordo\Documents\GitHub\llmtornado\src\LlmTornado\Embedding\MultimodalEmbeddingResult.cs(33,28): warning CS8618: Non-nullable property 'Usage' must contain a non-null value when exiting constructor. Consider adding the 'required' modifier or declaring the property as nullable. [C:\Users\lordo\Documents\GitHub\llmtornado\src\LlmTornado\LlmTornado.csproj::TargetFramework=net8.0]
C:\Users\lordo\Documents\GitHub\llmtornado\src\LlmTornado\Batch\Vendors\Google\VendorGoogleBatchRequest.cs(24,47): warning CS8604: Possible null reference argument for parameter 'request' in 'VendorGoogleChatRequest.VendorGoogleChatRequest(ChatRequest request, IEndpointProvider provider)'. [C:\Users\lordo\Documents\GitHub\llmtornado\src\LlmTornado\LlmTornado.csproj::TargetFramework=net8.0]
C:\Users\lordo\Documents\GitHub\llmtornado\src\LlmTornado\Files\FilesEndpoint.cs(508,34): warning CS8618: Non-nullable property 'Data' must contain a non-null value when exiting constructor. Consider adding the 'required' modifier or declaring the property as nullable. [C:\Users\lordo\Documents\GitHub\llmtornado\src\LlmTornado\LlmTornado.csproj::TargetFramework=net8.0]
C:\Users\lordo\Documents\GitHub\llmtornado\src\LlmTornado\Files\FilesEndpoint.cs(511,23): warning CS8618: Non-nullable property 'Obj' must contain a non-null value when exiting constructor. Consider adding the 'required' modifier or declaring the property as nullable. [C:\Users\lordo\Documents\GitHub\llmtornado\src\LlmTornado\LlmTornado.csproj::TargetFramework=net8.0]
C:\Users\lordo\Documents\GitHub\llmtornado\src\LlmTornado\Code\Model.cs(562,19): warning CS8618: Non-nullable property 'Id' must contain a non-null value when exiting constructor. Consider adding the 'required' modifier or declaring the property as nullable. [C:\Users\lordo\Documents\GitHub\llmtornado\src\LlmTornado\LlmTornado.csproj::TargetFramework=net8.0]
C:\Users\lordo\Documents\GitHub\llmtornado\src\LlmTornado\Code\Model.cs(619,19): warning CS8618: Non-nullable property 'Organization' must contain a non-null value when exiting constructor. Consider adding the 'required' modifier or declaring the property as nullable. [C:\Users\lordo\Documents\GitHub\llmtornado\src\LlmTornado\LlmTornado.csproj::TargetFramework=net8.0]
C:\Users\lordo\Documents\GitHub\llmtornado\src\LlmTornado\FineTuning\FineTuneJobResponse.cs(13,12): warning CS8618: Non-nullable property 'Object' must contain a non-null value when exiting constructor. Consider adding the 'required' modifier or declaring the property as nullable. [C:\Users\lordo\Documents\GitHub\llmtornado\src\LlmTornado\LlmTornado.csproj::TargetFramework=netstandard2.0]
C:\Users\lordo\Documents\GitHub\llmtornado\src\LlmTornado\Code\Model.cs(625,19): warning CS8618: Non-nullable property 'Group' must contain a non-null value when exiting constructor. Consider adding the 'required' modifier or declaring the property as nullable. [C:\Users\lordo\Documents\GitHub\llmtornado\src\LlmTornado\LlmTornado.csproj::TargetFramework=net8.0]
C:\Users\lordo\Documents\GitHub\llmtornado\src\LlmTornado\Files\DeletedTornadoFile.cs(16,19): warning CS8618: Non-nullable property 'Id' must contain a non-null value when exiting constructor. Consider adding the 'required' modifier or declaring the property as nullable. [C:\Users\lordo\Documents\GitHub\llmtornado\src\LlmTornado\LlmTornado.csproj::TargetFramework=net8.0]
C:\Users\lordo\Documents\GitHub\llmtornado\src\LlmTornado\Assistants\AssistantToolFunction.cs(163,13): warning CS8618: Non-nullable property 'Name' must contain a non-null value when exiting constructor. Consider adding the 'required' modifier or declaring the property as nullable. [C:\Users\lordo\Documents\GitHub\llmtornado\src\LlmTornado\LlmTornado.csproj::TargetFramework=net8.0]
C:\Users\lordo\Documents\GitHub\llmtornado\src\LlmTornado\Assistants\AssistantToolFunction.cs(163,13): warning CS8618: Non-nullable property 'Description' must contain a non-null value when exiting constructor. Consider adding the 'required' modifier or declaring the property as nullable. [C:\Users\lordo\Documents\GitHub\llmtornado\src\LlmTornado\LlmTornado.csproj::TargetFramework=net8.0]
C:\Users\lordo\Documents\GitHub\llmtornado\src\LlmTornado\Chat\OutboundToolChoice.cs(494,19): warning CS8618: Non-nullable property 'Name' must contain a non-null value when exiting constructor. Consider adding the 'required' modifier or declaring the property as nullable. [C:\Users\lordo\Documents\GitHub\llmtornado\src\LlmTornado\LlmTornado.csproj::TargetFramework=net8.0]
C:\Users\lordo\Documents\GitHub\llmtornado\src\LlmTornado\Chat\OutboundToolChoice.cs(21,19): warning CS8618: Non-nullable property 'Name' must contain a non-null value when exiting constructor. Consider adding the 'required' modifier or declaring the property as nullable. [C:\Users\lordo\Documents\GitHub\llmtornado\src\LlmTornado\LlmTornado.csproj::TargetFramework=net8.0]
C:\Users\lordo\Documents\GitHub\llmtornado\src\LlmTornado\Chat\FunctionCall.cs(141,12): warning CS8618: Non-nullable property 'Name' must contain a non-null value when exiting constructor. Consider adding the 'required' modifier or declaring the property as nullable. [C:\Users\lordo\Documents\GitHub\llmtornado\src\LlmTornado\LlmTornado.csproj::TargetFramework=net8.0]
C:\Users\lordo\Documents\GitHub\llmtornado\src\LlmTornado\Chat\FunctionCall.cs(147,14): warning CS8618: Non-nullable property 'Name' must contain a non-null value when exiting constructor. Consider adding the 'required' modifier or declaring the property as nullable. [C:\Users\lordo\Documents\GitHub\llmtornado\src\LlmTornado\LlmTornado.csproj::TargetFramework=net8.0]
C:\Users\lordo\Documents\GitHub\llmtornado\src\LlmTornado\Code\Model.cs(57,19): warning CS8618: Non-nullable property 'Id' must contain a non-null value when exiting constructor. Consider adding the 'required' modifier or declaring the property as nullable. [C:\Users\lordo\Documents\GitHub\llmtornado\src\LlmTornado\LlmTornado.csproj::TargetFramework=net8.0]
C:\Users\lordo\Documents\GitHub\llmtornado\src\LlmTornado\Chat\FunctionCall.cs(154,14): warning CS8618: Non-nullable property 'Name' must contain a non-null value when exiting constructor. Consider adding the 'required' modifier or declaring the property as nullable. [C:\Users\lordo\Documents\GitHub\llmtornado\src\LlmTornado\LlmTornado.csproj::TargetFramework=net8.0]
C:\Users\lordo\Documents\GitHub\llmtornado\src\LlmTornado\Chat\ResolvedToolsCall.cs(50,24): warning CS8618: Non-nullable property 'AssistantMessage' must contain a non-null value when exiting constructor. Consider adding the 'required' modifier or declaring the property as nullable. [C:\Users\lordo\Documents\GitHub\llmtornado\src\LlmTornado\LlmTornado.csproj::TargetFramework=net8.0]
C:\Users\lordo\Documents\GitHub\llmtornado\src\LlmTornado\Chat\ResolvedToolsCall.cs(37,24): warning CS8618: Non-nullable property 'ToolMessage' must contain a non-null value when exiting constructor. Consider adding the 'required' modifier or declaring the property as nullable. [C:\Users\lordo\Documents\GitHub\llmtornado\src\LlmTornado\LlmTornado.csproj::TargetFramework=net8.0]
C:\Users\lordo\Documents\GitHub\llmtornado\src\LlmTornado\Images\Vendors\Google\VendorGoogleImageResult.cs(19,23): warning CS8618: Non-nullable property 'BytesBase64Encoded' must contain a non-null value when exiting constructor. Consider adding the 'required' modifier or declaring the property as nullable. [C:\Users\lordo\Documents\GitHub\llmtornado\src\LlmTornado\LlmTornado.csproj::TargetFramework=net8.0]
C:\Users\lordo\Documents\GitHub\llmtornado\src\LlmTornado\Images\Vendors\Google\VendorGoogleImageResult.cs(22,23): warning CS8618: Non-nullable property 'MimeType' must contain a non-null value when exiting constructor. Consider adding the 'required' modifier or declaring the property as nullable. [C:\Users\lordo\Documents\GitHub\llmtornado\src\LlmTornado\LlmTornado.csproj::TargetFramework=net8.0]
C:\Users\lordo\Documents\GitHub\llmtornado\src\LlmTornado\FineTuning\FineTuneJobResponse.cs(13,12): warning CS8618: Non-nullable property 'Id' must contain a non-null value when exiting constructor. Consider adding the 'required' modifier or declaring the property as nullable. [C:\Users\lordo\Documents\GitHub\llmtornado\src\LlmTornado\LlmTornado.csproj::TargetFramework=netstandard2.0]
C:\Users\lordo\Documents\GitHub\llmtornado\src\LlmTornado\Images\Vendors\Google\VendorGoogleImageRequest.cs(124,26): warning CS8601: Possible null reference assignment. [C:\Users\lordo\Documents\GitHub\llmtornado\src\LlmTornado\LlmTornado.csproj::TargetFramework=net8.0]
C:\Users\lordo\Documents\GitHub\llmtornado\src\LlmTornado\Audio\Vendors\Google\VendorGoogleMusicRequest.cs(103,20): warning CS8603: Possible null reference return. [C:\Users\lordo\Documents\GitHub\llmtornado\src\LlmTornado\LlmTornado.csproj::TargetFramework=net8.0]
C:\Users\lordo\Documents\GitHub\llmtornado\src\LlmTornado\Images\Vendors\Google\VendorGoogleImageRequest.cs(24,23): warning CS8618: Non-nullable property 'Prompt' must contain a non-null value when exiting constructor. Consider adding the 'required' modifier or declaring the property as nullable. [C:\Users\lordo\Documents\GitHub\llmtornado\src\LlmTornado\LlmTornado.csproj::TargetFramework=net8.0]
C:\Users\lordo\Documents\GitHub\llmtornado\src\LlmTornado\Batch\Vendors\Google\VendorGoogleBatchHandler.cs(23,59): warning CS8602: Dereference of a possibly null reference. [C:\Users\lordo\Documents\GitHub\llmtornado\src\LlmTornado\LlmTornado.csproj::TargetFramework=net8.0]
C:\Users\lordo\Documents\GitHub\llmtornado\src\LlmTornado\Batch\Vendors\Google\VendorGoogleBatchHandler.cs(26,107): warning CS8625: Cannot convert null literal to non-nullable reference type. [C:\Users\lordo\Documents\GitHub\llmtornado\src\LlmTornado\LlmTornado.csproj::TargetFramework=net8.0]
C:\Users\lordo\Documents\GitHub\llmtornado\src\LlmTornado\FineTuning\FineTuneJobResponse.cs(13,12): warning CS8618: Non-nullable property 'Model' must contain a non-null value when exiting constructor. Consider adding the 'required' modifier or declaring the property as nullable. [C:\Users\lordo\Documents\GitHub\llmtornado\src\LlmTornado\LlmTornado.csproj::TargetFramework=netstandard2.0]
C:\Users\lordo\Documents\GitHub\llmtornado\src\LlmTornado\Audio\TranslationRequest.cs(14,22): warning CS8618: Non-nullable property 'File' must contain a non-null value when exiting constructor. Consider adding the 'required' modifier or declaring the property as nullable. [C:\Users\lordo\Documents\GitHub\llmtornado\src\LlmTornado\LlmTornado.csproj::TargetFramework=net8.0]
C:\Users\lordo\Documents\GitHub\llmtornado\src\LlmTornado\Audio\TranslationRequest.cs(31,19): warning CS8618: Non-nullable property 'Prompt' must contain a non-null value when exiting constructor. Consider adding the 'required' modifier or declaring the property as nullable. [C:\Users\lordo\Documents\GitHub\llmtornado\src\LlmTornado\LlmTornado.csproj::TargetFramework=net8.0]
C:\Users\lordo\Documents\GitHub\llmtornado\src\LlmTornado\Audio\TranscriptionResult.cs(233,19): warning CS8618: Non-nullable property 'Type' must contain a non-null value when exiting constructor. Consider adding the 'required' modifier or declaring the property as nullable. [C:\Users\lordo\Documents\GitHub\llmtornado\src\LlmTornado\LlmTornado.csproj::TargetFramework=net8.0]
C:\Users\lordo\Documents\GitHub\llmtornado\src\LlmTornado\Chat\Vendors\Zai\VendorZaiChatRequest.cs(22,50): warning CS8604: Possible null reference argument for parameter 'o' in 'JObject JObject.FromObject(object o, JsonSerializer jsonSerializer)'. [C:\Users\lordo\Documents\GitHub\llmtornado\src\LlmTornado\LlmTornado.csproj::TargetFramework=net8.0]
C:\Users\lordo\Documents\GitHub\llmtornado\src\LlmTornado\Chat\Models\Upstage\ChatModelUpstage.cs(51,9): warning CS8604: Possible null reference argument for parameter 'item' in 'void List<IModel>.Add(IModel item)'. [C:\Users\lordo\Documents\GitHub\llmtornado\src\LlmTornado\LlmTornado.csproj::TargetFramework=net8.0]
C:\Users\lordo\Documents\GitHub\llmtornado\src\LlmTornado\Chat\Models\Upstage\ChatModelUpstage.cs(52,9): warning CS8604: Possible null reference argument for parameter 'item' in 'void List<IModel>.Add(IModel item)'. [C:\Users\lordo\Documents\GitHub\llmtornado\src\LlmTornado\LlmTornado.csproj::TargetFramework=net8.0]
C:\Users\lordo\Documents\GitHub\llmtornado\src\LlmTornado\Chat\Models\Upstage\ChatModelUpstage.cs(53,9): warning CS8604: Possible null reference argument for parameter 'item' in 'void List<IModel>.Add(IModel item)'. [C:\Users\lordo\Documents\GitHub\llmtornado\src\LlmTornado\LlmTornado.csproj::TargetFramework=net8.0]
C:\Users\lordo\Documents\GitHub\llmtornado\src\LlmTornado\Chat\Models\Upstage\ChatModelUpstage.cs(54,9): warning CS8604: Possible null reference argument for parameter 'item' in 'void List<IModel>.Add(IModel item)'. [C:\Users\lordo\Documents\GitHub\llmtornado\src\LlmTornado\LlmTornado.csproj::TargetFramework=net8.0]
C:\Users\lordo\Documents\GitHub\llmtornado\src\LlmTornado\Chat\Models\Upstage\ChatModelUpstage.cs(55,9): warning CS8604: Possible null reference argument for parameter 'item' in 'void List<IModel>.Add(IModel item)'. [C:\Users\lordo\Documents\GitHub\llmtornado\src\LlmTornado\LlmTornado.csproj::TargetFramework=net8.0]
C:\Users\lordo\Documents\GitHub\llmtornado\src\LlmTornado\EndpointBase.cs(636,30): warning CS0168: The variable 'e' is declared but never used [C:\Users\lordo\Documents\GitHub\llmtornado\src\LlmTornado\LlmTornado.csproj::TargetFramework=net8.0]
C:\Users\lordo\Documents\GitHub\llmtornado\src\LlmTornado\Batch\Vendors\Anthropic\VendorAnthropicBatchRequest.cs(24,49): warning CS8604: Possible null reference argument for parameter 'request' in 'VendorAnthropicChatRequest.VendorAnthropicChatRequest(ChatRequest request, IEndpointProvider provider)'. [C:\Users\lordo\Documents\GitHub\llmtornado\src\LlmTornado\LlmTornado.csproj::TargetFramework=net8.0]
C:\Users\lordo\Documents\GitHub\llmtornado\src\LlmTornado\Chat\ConversationCompression.cs(136,69): warning CS8604: Possible null reference argument for parameter 'model' in 'Conversation ChatEndpoint.CreateConversation(ChatModel model, double? temperature = null, int? maxTokens = null)'. [C:\Users\lordo\Documents\GitHub\llmtornado\src\LlmTornado\LlmTornado.csproj::TargetFramework=net8.0]
C:\Users\lordo\Documents\GitHub\llmtornado\src\LlmTornado\Chat\ConversationCompression.cs(142,20): warning CS8602: Dereference of a possibly null reference. [C:\Users\lordo\Documents\GitHub\llmtornado\src\LlmTornado\LlmTornado.csproj::TargetFramework=net8.0]
C:\Users\lordo\Documents\GitHub\llmtornado\src\LlmTornado\Chat\ConversationCompression.cs(187,69): warning CS8604: Possible null reference argument for parameter 'model' in 'Conversation ChatEndpoint.CreateConversation(ChatModel model, double? temperature = null, int? maxTokens = null)'. [C:\Users\lordo\Documents\GitHub\llmtornado\src\LlmTornado\LlmTornado.csproj::TargetFramework=net8.0]
C:\Users\lordo\Documents\GitHub\llmtornado\src\LlmTornado\Chat\ConversationCompression.cs(194,20): warning CS8602: Dereference of a possibly null reference. [C:\Users\lordo\Documents\GitHub\llmtornado\src\LlmTornado\LlmTornado.csproj::TargetFramework=net8.0]
C:\Users\lordo\Documents\GitHub\llmtornado\src\LlmTornado\Vendor\Google\GoogleEndpointProvider.cs(426,26): warning CS0168: The variable 'e' is declared but never used [C:\Users\lordo\Documents\GitHub\llmtornado\src\LlmTornado\LlmTornado.csproj::TargetFramework=net8.0]
C:\Users\lordo\Documents\GitHub\llmtornado\src\LlmTornado\Audio\TranscriptionResult.cs(146,19): warning CS8618: Non-nullable property 'Id' must contain a non-null value when exiting constructor. Consider adding the 'required' modifier or declaring the property as nullable. [C:\Users\lordo\Documents\GitHub\llmtornado\src\LlmTornado\LlmTornado.csproj::TargetFramework=net8.0]
C:\Users\lordo\Documents\GitHub\llmtornado\src\LlmTornado\Audio\TranscriptionResult.cs(170,19): warning CS8618: Non-nullable property 'Text' must contain a non-null value when exiting constructor. Consider adding the 'required' modifier or declaring the property as nullable. [C:\Users\lordo\Documents\GitHub\llmtornado\src\LlmTornado\LlmTornado.csproj::TargetFramework=net8.0]
C:\Users\lordo\Documents\GitHub\llmtornado\src\LlmTornado\Audio\TranscriptionResult.cs(176,18): warning CS8618: Non-nullable property 'Tokens' must contain a non-null value when exiting constructor. Consider adding the 'required' modifier or declaring the property as nullable. [C:\Users\lordo\Documents\GitHub\llmtornado\src\LlmTornado\LlmTornado.csproj::TargetFramework=net8.0]
C:\Users\lordo\Documents\GitHub\llmtornado\src\LlmTornado\Embedding\Models\Upstage\EmbeddingModelUpstage.cs(49,9): warning CS8604: Possible null reference argument for parameter 'item' in 'void List<IModel>.Add(IModel item)'. [C:\Users\lordo\Documents\GitHub\llmtornado\src\LlmTornado\LlmTornado.csproj::TargetFramework=net8.0]
C:\Users\lordo\Documents\GitHub\llmtornado\src\LlmTornado\Embedding\Models\Upstage\EmbeddingModelUpstage.cs(50,9): warning CS8604: Possible null reference argument for parameter 'item' in 'void List<IModel>.Add(IModel item)'. [C:\Users\lordo\Documents\GitHub\llmtornado\src\LlmTornado\LlmTornado.csproj::TargetFramework=net8.0]
C:\Users\lordo\Documents\GitHub\llmtornado\src\LlmTornado\Audio\TranscriptionResult.cs(125,19): warning CS8618: Non-nullable property 'Word' must contain a non-null value when exiting constructor. Consider adding the 'required' modifier or declaring the property as nullable. [C:\Users\lordo\Documents\GitHub\llmtornado\src\LlmTornado\LlmTornado.csproj::TargetFramework=net8.0]
C:\Users\lordo\Documents\GitHub\llmtornado\src\LlmTornado\Audio\TranscriptionResult.cs(83,19): warning CS8618: Non-nullable property 'Bytes' must contain a non-null value when exiting constructor. Consider adding the 'required' modifier or declaring the property as nullable. [C:\Users\lordo\Documents\GitHub\llmtornado\src\LlmTornado\LlmTornado.csproj::TargetFramework=net8.0]
C:\Users\lordo\Documents\GitHub\llmtornado\src\LlmTornado\Audio\TranscriptionResult.cs(95,19): warning CS8618: Non-nullable property 'Token' must contain a non-null value when exiting constructor. Consider adding the 'required' modifier or declaring the property as nullable. [C:\Users\lordo\Documents\GitHub\llmtornado\src\LlmTornado\LlmTornado.csproj::TargetFramework=net8.0]
C:\Users\lordo\Documents\GitHub\llmtornado\src\LlmTornado\Audio\TranscriptionResult.cs(17,19): warning CS8618: Non-nullable property 'Text' must contain a non-null value when exiting constructor. Consider adding the 'required' modifier or declaring the property as nullable. [C:\Users\lordo\Documents\GitHub\llmtornado\src\LlmTornado\LlmTornado.csproj::TargetFramework=net8.0]
C:\Users\lordo\Documents\GitHub\llmtornado\src\LlmTornado\Embedding\Models\Google\EmbeddingModelGoogleGemini.cs(68,9): warning CS0618: 'EmbeddingModelGoogleGemini.ModelEmbedding4' is obsolete: 'Shut down January 14, 2026. Use ModelGeminiEmbedding001 instead.' [C:\Users\lordo\Documents\GitHub\llmtornado\src\LlmTornado\LlmTornado.csproj::TargetFramework=net8.0]
C:\Users\lordo\Documents\GitHub\llmtornado\src\LlmTornado\Audio\TranscriptionRequest.cs(27,19): warning CS8618: Non-nullable property 'Language' must contain a non-null value when exiting constructor. Consider adding the 'required' modifier or declaring the property as nullable. [C:\Users\lordo\Documents\GitHub\llmtornado\src\LlmTornado\LlmTornado.csproj::TargetFramework=net8.0]
C:\Users\lordo\Documents\GitHub\llmtornado\src\LlmTornado\Audio\TranscriptionRequest.cs(40,22): warning CS8618: Non-nullable property 'File' must contain a non-null value when exiting constructor. Consider adding the 'required' modifier or declaring the property as nullable. [C:\Users\lordo\Documents\GitHub\llmtornado\src\LlmTornado\LlmTornado.csproj::TargetFramework=net8.0]
C:\Users\lordo\Documents\GitHub\llmtornado\src\LlmTornado\Audio\SpeechRequest.cs(17,19): warning CS8618: Non-nullable property 'Input' must contain a non-null value when exiting constructor. Consider adding the 'required' modifier or declaring the property as nullable. [C:\Users\lordo\Documents\GitHub\llmtornado\src\LlmTornado\LlmTornado.csproj::TargetFramework=net8.0]
C:\Users\lordo\Documents\GitHub\llmtornado\src\LlmTornado\Vendor\Cohere\CohereEndpointProvider.cs(229,22): warning CS8604: Possible null reference argument for parameter 'item' in 'void List<string>.Add(string item)'. [C:\Users\lordo\Documents\GitHub\llmtornado\src\LlmTornado\LlmTornado.csproj::TargetFramework=net8.0]
C:\Users\lordo\Documents\GitHub\llmtornado\src\LlmTornado\FineTuning\FineTuneJobResponse.cs(13,12): warning CS8618: Non-nullable property 'FineTunedModel' must contain a non-null value when exiting constructor. Consider adding the 'required' modifier or declaring the property as nullable. [C:\Users\lordo\Documents\GitHub\llmtornado\src\LlmTornado\LlmTornado.csproj::TargetFramework=netstandard2.0]
C:\Users\lordo\Documents\GitHub\llmtornado\src\LlmTornado\FineTuning\FineTuneJobResponse.cs(13,12): warning CS8618: Non-nullable property 'OrganizationId' must contain a non-null value when exiting constructor. Consider adding the 'required' modifier or declaring the property as nullable. [C:\Users\lordo\Documents\GitHub\llmtornado\src\LlmTornado\LlmTornado.csproj::TargetFramework=netstandard2.0]
C:\Users\lordo\Documents\GitHub\llmtornado\src\LlmTornado\Chat\ChatRequestMaxTokens.cs(55,23): warning CS8604: Possible null reference argument for parameter 'type' in 'bool PropertyRenameAndIgnoreSerializerContractResolver.IsIgnored(Type type, string jsonPropertyName)'. [C:\Users\lordo\Documents\GitHub\llmtornado\src\LlmTornado\LlmTornado.csproj::TargetFramework=net8.0]
C:\Users\lordo\Documents\GitHub\llmtornado\src\LlmTornado\FineTuning\FineTuneJobResponse.cs(13,12): warning CS8618: Non-nullable property 'ResultFiles' must contain a non-null value when exiting constructor. Consider adding the 'required' modifier or declaring the property as nullable. [C:\Users\lordo\Documents\GitHub\llmtornado\src\LlmTornado\LlmTornado.csproj::TargetFramework=netstandard2.0]
C:\Users\lordo\Documents\GitHub\llmtornado\src\LlmTornado\FineTuning\FineTuneJobResponse.cs(13,12): warning CS8618: Non-nullable property 'ValidationFile' must contain a non-null value when exiting constructor. Consider adding the 'required' modifier or declaring the property as nullable. [C:\Users\lordo\Documents\GitHub\llmtornado\src\LlmTornado\LlmTornado.csproj::TargetFramework=netstandard2.0]
C:\Users\lordo\Documents\GitHub\llmtornado\src\LlmTornado\Chat\ChatRequestMaxTokens.cs(55,47): warning CS8604: Possible null reference argument for parameter 'jsonPropertyName' in 'bool PropertyRenameAndIgnoreSerializerContractResolver.IsIgnored(Type type, string jsonPropertyName)'. [C:\Users\lordo\Documents\GitHub\llmtornado\src\LlmTornado\LlmTornado.csproj::TargetFramework=net8.0]
C:\Users\lordo\Documents\GitHub\llmtornado\src\LlmTornado\FineTuning\FineTuneJobResponse.cs(13,12): warning CS8618: Non-nullable property 'TrainingFile' must contain a non-null value when exiting constructor. Consider adding the 'required' modifier or declaring the property as nullable. [C:\Users\lordo\Documents\GitHub\llmtornado\src\LlmTornado\LlmTornado.csproj::TargetFramework=netstandard2.0]
C:\Users\lordo\Documents\GitHub\llmtornado\src\LlmTornado\Vendor\Cohere\CohereEndpointProvider.cs(203,23): warning CS8618: Non-nullable property 'EventType' must contain a non-null value when exiting constructor. Consider adding the 'required' modifier or declaring the property as nullable. [C:\Users\lordo\Documents\GitHub\llmtornado\src\LlmTornado\LlmTornado.csproj::TargetFramework=net8.0]
C:\Users\lordo\Documents\GitHub\llmtornado\src\LlmTornado\FineTuning\FineTuneJobResponse.cs(13,12): warning CS8618: Non-nullable property 'HyperParameters' must contain a non-null value when exiting constructor. Consider adding the 'required' modifier or declaring the property as nullable. [C:\Users\lordo\Documents\GitHub\llmtornado\src\LlmTornado\LlmTornado.csproj::TargetFramework=netstandard2.0]
C:\Users\lordo\Documents\GitHub\llmtornado\src\LlmTornado\Vendor\Cohere\CohereEndpointProvider.cs(195,50): warning CS8618: Non-nullable property 'ToolCalls' must contain a non-null value when exiting constructor. Consider adding the 'required' modifier or declaring the property as nullable. [C:\Users\lordo\Documents\GitHub\llmtornado\src\LlmTornado\LlmTornado.csproj::TargetFramework=net8.0]
C:\Users\lordo\Documents\GitHub\llmtornado\src\LlmTornado\Infra\ToolFactory.cs(67,48): warning CS8604: Possible null reference argument for parameter 'description' in 'ToolFunction.ToolFunction(string name, string description, object parameters)'. [C:\Users\lordo\Documents\GitHub\llmtornado\src\LlmTornado\LlmTornado.csproj::TargetFramework=netstandard2.0]
C:\Users\lordo\Documents\GitHub\llmtornado\src\LlmTornado\Vendor\Cohere\CohereEndpointProvider.cs(189,47): warning CS8618: Non-nullable property 'Citations' must contain a non-null value when exiting constructor. Consider adding the 'required' modifier or declaring the property as nullable. [C:\Users\lordo\Documents\GitHub\llmtornado\src\LlmTornado\LlmTornado.csproj::TargetFramework=net8.0]
C:\Users\lordo\Documents\GitHub\llmtornado\src\LlmTornado\Vendor\Cohere\CohereEndpointProvider.cs(183,51): warning CS8618: Non-nullable property 'SearchResults' must contain a non-null value when exiting constructor. Consider adding the 'required' modifier or declaring the property as nullable. [C:\Users\lordo\Documents\GitHub\llmtornado\src\LlmTornado\LlmTornado.csproj::TargetFramework=net8.0]
C:\Users\lordo\Documents\GitHub\llmtornado\src\LlmTornado\Vendor\Cohere\CohereEndpointProvider.cs(177,50): warning CS8618: Non-nullable property 'SearchQueries' must contain a non-null value when exiting constructor. Consider adding the 'required' modifier or declaring the property as nullable. [C:\Users\lordo\Documents\GitHub\llmtornado\src\LlmTornado\LlmTornado.csproj::TargetFramework=net8.0]
C:\Users\lordo\Documents\GitHub\llmtornado\src\LlmTornado\Interactions\InteractionsEndpoint.cs(45,74): warning CS8604: Possible null reference argument for parameter 'environmentId' in 'InteractionEnvironmentReference InteractionEnvironmentReference.FromId(string environmentId)'. [C:\Users\lordo\Documents\GitHub\llmtornado\src\LlmTornado\LlmTornado.csproj::TargetFramework=netstandard2.0]
C:\Users\lordo\Documents\GitHub\llmtornado\src\LlmTornado\Vendor\Cohere\CohereEndpointProvider.cs(171,23): warning CS8618: Non-nullable property 'GenerationId' must contain a non-null value when exiting constructor. Consider adding the 'required' modifier or declaring the property as nullable. [C:\Users\lordo\Documents\GitHub\llmtornado\src\LlmTornado\LlmTornado.csproj::TargetFramework=net8.0]
C:\Users\lordo\Documents\GitHub\llmtornado\src\LlmTornado\Vendor\Cohere\CohereEndpointProvider.cs(165,23): warning CS8618: Non-nullable property 'Text' must contain a non-null value when exiting constructor. Consider adding the 'required' modifier or declaring the property as nullable. [C:\Users\lordo\Documents\GitHub\llmtornado\src\LlmTornado\LlmTornado.csproj::TargetFramework=net8.0]
C:\Users\lordo\Documents\GitHub\llmtornado\src\LlmTornado\Vendor\Cohere\CohereEndpointProvider.cs(110,42): warning CS8618: Non-nullable property 'Message' must contain a non-null value when exiting constructor. Consider adding the 'required' modifier or declaring the property as nullable. [C:\Users\lordo\Documents\GitHub\llmtornado\src\LlmTornado\LlmTornado.csproj::TargetFramework=net8.0]
C:\Users\lordo\Documents\GitHub\llmtornado\src\LlmTornado\Vendor\Cohere\CohereEndpointProvider.cs(98,46): warning CS8618: Non-nullable property 'Delta' must contain a non-null value when exiting constructor. Consider adding the 'required' modifier or declaring the property as nullable. [C:\Users\lordo\Documents\GitHub\llmtornado\src\LlmTornado\LlmTornado.csproj::TargetFramework=net8.0]
C:\Users\lordo\Documents\GitHub\llmtornado\src\LlmTornado\Vendor\Cohere\CohereEndpointProvider.cs(90,27): warning CS8618: Non-nullable property 'Type' must contain a non-null value when exiting constructor. Consider adding the 'required' modifier or declaring the property as nullable. [C:\Users\lordo\Documents\GitHub\llmtornado\src\LlmTornado\LlmTornado.csproj::TargetFramework=net8.0]
C:\Users\lordo\Documents\GitHub\llmtornado\src\LlmTornado\Vendor\Cohere\CohereEndpointProvider.cs(92,27): warning CS8618: Non-nullable property 'Text' must contain a non-null value when exiting constructor. Consider adding the 'required' modifier or declaring the property as nullable. [C:\Users\lordo\Documents\GitHub\llmtornado\src\LlmTornado\LlmTornado.csproj::TargetFramework=net8.0]
C:\Users\lordo\Documents\GitHub\llmtornado\src\LlmTornado\Interactions\InteractionsEndpoint.cs(111,70): warning CS8604: Possible null reference argument for parameter 'reader' in 'IAsyncEnumerable<ServerSentEvent> IEndpointProvider.InboundStream(StreamReader reader)'. [C:\Users\lordo\Documents\GitHub\llmtornado\src\LlmTornado\LlmTornado.csproj::TargetFramework=netstandard2.0]
C:\Users\lordo\Documents\GitHub\llmtornado\src\LlmTornado\Vendor\Cohere\CohereEndpointProvider.cs(82,46): warning CS8618: Non-nullable property 'ContentBlock' must contain a non-null value when exiting constructor. Consider adding the 'required' modifier or declaring the property as nullable. [C:\Users\lordo\Documents\GitHub\llmtornado\src\LlmTornado\LlmTornado.csproj::TargetFramework=net8.0]
C:\Users\lordo\Documents\GitHub\llmtornado\src\LlmTornado\Vendor\Cohere\CohereEndpointProvider.cs(74,27): warning CS8618: Non-nullable property 'Type' must contain a non-null value when exiting constructor. Consider adding the 'required' modifier or declaring the property as nullable. [C:\Users\lordo\Documents\GitHub\llmtornado\src\LlmTornado\LlmTornado.csproj::TargetFramework=net8.0]
C:\Users\lordo\Documents\GitHub\llmtornado\src\LlmTornado\Vendor\Cohere\CohereEndpointProvider.cs(76,27): warning CS8618: Non-nullable property 'Text' must contain a non-null value when exiting constructor. Consider adding the 'required' modifier or declaring the property as nullable. [C:\Users\lordo\Documents\GitHub\llmtornado\src\LlmTornado\LlmTornado.csproj::TargetFramework=net8.0]
C:\Users\lordo\Documents\GitHub\llmtornado\src\LlmTornado\Embedding\EmbeddingResult.cs(81,20): warning CS8618: Non-nullable property 'Embedding' must contain a non-null value when exiting constructor. Consider adding the 'required' modifier or declaring the property as nullable. [C:\Users\lordo\Documents\GitHub\llmtornado\src\LlmTornado\LlmTornado.csproj::TargetFramework=net8.0]
C:\Users\lordo\Documents\GitHub\llmtornado\src\LlmTornado\Embedding\EmbeddingResult.cs(60,18): warning CS8602: Dereference of a possibly null reference. [C:\Users\lordo\Documents\GitHub\llmtornado\src\LlmTornado\LlmTornado.csproj::TargetFramework=net8.0]
C:\Users\lordo\Documents\GitHub\llmtornado\src\LlmTornado\Chat\ChatRequestResponseFormat.cs(26,23): warning CS8618: Non-nullable property 'Name' must contain a non-null value when exiting constructor. Consider adding the 'required' modifier or declaring the property as nullable. [C:\Users\lordo\Documents\GitHub\llmtornado\src\LlmTornado\LlmTornado.csproj::TargetFramework=net8.0]
C:\Users\lordo\Documents\GitHub\llmtornado\src\LlmTornado\Chat\ChatRequestResponseFormat.cs(32,23): warning CS8618: Non-nullable property 'Schema' must contain a non-null value when exiting constructor. Consider adding the 'required' modifier or declaring the property as nullable. [C:\Users\lordo\Documents\GitHub\llmtornado\src\LlmTornado\LlmTornado.csproj::TargetFramework=net8.0]
C:\Users\lordo\Documents\GitHub\llmtornado\src\LlmTornado\Chat\Vendors\XAi\VendorXAiChatRequestData.cs(21,50): warning CS8604: Possible null reference argument for parameter 'o' in 'JObject JObject.FromObject(object o, JsonSerializer jsonSerializer)'. [C:\Users\lordo\Documents\GitHub\llmtornado\src\LlmTornado\LlmTornado.csproj::TargetFramework=net8.0]
C:\Users\lordo\Documents\GitHub\llmtornado\src\LlmTornado\Interactions\InteractionsEndpoint.cs(142,38): warning CS8601: Possible null reference assignment. [C:\Users\lordo\Documents\GitHub\llmtornado\src\LlmTornado\LlmTornado.csproj::TargetFramework=netstandard2.0]
C:\Users\lordo\Documents\GitHub\llmtornado\src\LlmTornado\Embedding\EmbeddingResult.cs(49,16): warning CS8603: Possible null reference return. [C:\Users\lordo\Documents\GitHub\llmtornado\src\LlmTornado\LlmTornado.csproj::TargetFramework=net8.0]
C:\Users\lordo\Documents\GitHub\llmtornado\src\LlmTornado\Embedding\EmbeddingResult.cs(29,18): warning CS8618: Non-nullable property 'Usage' must contain a non-null value when exiting constructor. Consider adding the 'required' modifier or declaring the property as nullable. [C:\Users\lordo\Documents\GitHub\llmtornado\src\LlmTornado\LlmTornado.csproj::TargetFramework=net8.0]
C:\Users\lordo\Documents\GitHub\llmtornado\src\LlmTornado\Embedding\EmbeddingRequest.cs(28,9): warning CS8618: Non-nullable property 'Model' must contain a non-null value when exiting constructor. Consider adding the 'required' modifier or declaring the property as nullable. [C:\Users\lordo\Documents\GitHub\llmtornado\src\LlmTornado\LlmTornado.csproj::TargetFramework=net8.0]
C:\Users\lordo\Documents\GitHub\llmtornado\src\LlmTornado\Embedding\EmbeddingRequest.cs(28,9): warning CS8618: Non-nullable property 'InputSerialized' must contain a non-null value when exiting constructor. Consider adding the 'required' modifier or declaring the property as nullable. [C:\Users\lordo\Documents\GitHub\llmtornado\src\LlmTornado\LlmTornado.csproj::TargetFramework=net8.0]
C:\Users\lordo\Documents\GitHub\llmtornado\src\LlmTornado\Embedding\EmbeddingRequest.cs(45,9): warning CS8618: Non-nullable property 'InputSerialized' must contain a non-null value when exiting constructor. Consider adding the 'required' modifier or declaring the property as nullable. [C:\Users\lordo\Documents\GitHub\llmtornado\src\LlmTornado\LlmTornado.csproj::TargetFramework=net8.0]
C:\Users\lordo\Documents\GitHub\llmtornado\src\LlmTornado\Embedding\EmbeddingRequest.cs(66,9): warning CS8618: Non-nullable property 'InputSerialized' must contain a non-null value when exiting constructor. Consider adding the 'required' modifier or declaring the property as nullable. [C:\Users\lordo\Documents\GitHub\llmtornado\src\LlmTornado\LlmTornado.csproj::TargetFramework=net8.0]
C:\Users\lordo\Documents\GitHub\llmtornado\src\LlmTornado\Embedding\EmbeddingRequest.cs(80,9): warning CS8618: Non-nullable property 'InputSerialized' must contain a non-null value when exiting constructor. Consider adding the 'required' modifier or declaring the property as nullable. [C:\Users\lordo\Documents\GitHub\llmtornado\src\LlmTornado\LlmTornado.csproj::TargetFramework=net8.0]
C:\Users\lordo\Documents\GitHub\llmtornado\src\LlmTornado\Embedding\EmbeddingRequest.cs(93,9): warning CS8618: Non-nullable property 'InputSerialized' must contain a non-null value when exiting constructor. Consider adding the 'required' modifier or declaring the property as nullable. [C:\Users\lordo\Documents\GitHub\llmtornado\src\LlmTornado\LlmTornado.csproj::TargetFramework=net8.0]
C:\Users\lordo\Documents\GitHub\llmtornado\src\LlmTornado\Embedding\EmbeddingRequest.cs(106,9): warning CS8618: Non-nullable property 'InputSerialized' must contain a non-null value when exiting constructor. Consider adding the 'required' modifier or declaring the property as nullable. [C:\Users\lordo\Documents\GitHub\llmtornado\src\LlmTornado\LlmTornado.csproj::TargetFramework=net8.0]
C:\Users\lordo\Documents\GitHub\llmtornado\src\LlmTornado\Embedding\EmbeddingRequest.cs(118,9): warning CS8618: Non-nullable property 'InputSerialized' must contain a non-null value when exiting constructor. Consider adding the 'required' modifier or declaring the property as nullable. [C:\Users\lordo\Documents\GitHub\llmtornado\src\LlmTornado\LlmTornado.csproj::TargetFramework=net8.0]
C:\Users\lordo\Documents\GitHub\llmtornado\src\LlmTornado\Embedding\EmbeddingRequest.cs(131,9): warning CS8618: Non-nullable property 'InputSerialized' must contain a non-null value when exiting constructor. Consider adding the 'required' modifier or declaring the property as nullable. [C:\Users\lordo\Documents\GitHub\llmtornado\src\LlmTornado\LlmTornado.csproj::TargetFramework=net8.0]
C:\Users\lordo\Documents\GitHub\llmtornado\src\LlmTornado\Embedding\EmbeddingRequest.cs(145,9): warning CS8618: Non-nullable property 'InputSerialized' must contain a non-null value when exiting constructor. Consider adding the 'required' modifier or declaring the property as nullable. [C:\Users\lordo\Documents\GitHub\llmtornado\src\LlmTornado\LlmTornado.csproj::TargetFramework=net8.0]
C:\Users\lordo\Documents\GitHub\llmtornado\src\LlmTornado\Embedding\EmbeddingRequest.cs(159,9): warning CS8618: Non-nullable property 'InputSerialized' must contain a non-null value when exiting constructor. Consider adding the 'required' modifier or declaring the property as nullable. [C:\Users\lordo\Documents\GitHub\llmtornado\src\LlmTornado\LlmTornado.csproj::TargetFramework=net8.0]
C:\Users\lordo\Documents\GitHub\llmtornado\src\LlmTornado\Embedding\EmbeddingRequest.cs(173,9): warning CS8618: Non-nullable property 'InputSerialized' must contain a non-null value when exiting constructor. Consider adding the 'required' modifier or declaring the property as nullable. [C:\Users\lordo\Documents\GitHub\llmtornado\src\LlmTornado\LlmTornado.csproj::TargetFramework=net8.0]
C:\Users\lordo\Documents\GitHub\llmtornado\src\LlmTornado\Embedding\EmbeddingRequest.cs(188,9): warning CS8618: Non-nullable property 'InputSerialized' must contain a non-null value when exiting constructor. Consider adding the 'required' modifier or declaring the property as nullable. [C:\Users\lordo\Documents\GitHub\llmtornado\src\LlmTornado\LlmTornado.csproj::TargetFramework=net8.0]
C:\Users\lordo\Documents\GitHub\llmtornado\src\LlmTornado\Embedding\EmbeddingRequest.cs(204,9): warning CS8618: Non-nullable property 'InputSerialized' must contain a non-null value when exiting constructor. Consider adding the 'required' modifier or declaring the property as nullable. [C:\Users\lordo\Documents\GitHub\llmtornado\src\LlmTornado\LlmTornado.csproj::TargetFramework=net8.0]
C:\Users\lordo\Documents\GitHub\llmtornado\src\LlmTornado\Chat\ChatMessagePart.cs(524,19): warning CS8618: Non-nullable property 'Code' must contain a non-null value when exiting constructor. Consider adding the 'required' modifier or declaring the property as nullable. [C:\Users\lordo\Documents\GitHub\llmtornado\src\LlmTornado\LlmTornado.csproj::TargetFramework=net8.0]
C:\Users\lordo\Documents\GitHub\llmtornado\src\LlmTornado\Images\Models\OpenAi\ImageModelOpenAi.cs(61,11): warning CS0618: 'ImageModelOpenAiDalle' is obsolete: 'DALL·E models were removed from the OpenAI API on May 12, 2026. Use ImageModelOpenAiGpt instead.' [C:\Users\lordo\Documents\GitHub\llmtornado\src\LlmTornado\LlmTornado.csproj::TargetFramework=net8.0]
C:\Users\lordo\Documents\GitHub\llmtornado\src\LlmTornado\Videos\Vendors\Google\VendorGoogleVideoRequest.cs(165,23): warning CS8618: Non-nullable property 'Prompt' must contain a non-null value when exiting constructor. Consider adding the 'required' modifier or declaring the property as nullable. [C:\Users\lordo\Documents\GitHub\llmtornado\src\LlmTornado\LlmTornado.csproj::TargetFramework=net8.0]
C:\Users\lordo\Documents\GitHub\llmtornado\src\LlmTornado\Audio\AudioEndpoint.cs(209,57): warning CS8604: Possible null reference argument for parameter 'content' in 'StringContent.StringContent(string content)'. [C:\Users\lordo\Documents\GitHub\llmtornado\src\LlmTornado\LlmTornado.csproj::TargetFramework=net8.0]
C:\Users\lordo\Documents\GitHub\llmtornado\src\LlmTornado\Infra\ToolDefinition.cs(348,30): warning CS8618: Non-nullable property 'Provider' must contain a non-null value when exiting constructor. Consider adding the 'required' modifier or declaring the property as nullable. [C:\Users\lordo\Documents\GitHub\llmtornado\src\LlmTornado\LlmTornado.csproj::TargetFramework=net8.0]
C:\Users\lordo\Documents\GitHub\llmtornado\src\LlmTornado\Chat\Vendors\Perplexity\VendorPerplexityChatRequestData.cs(21,50): warning CS8604: Possible null reference argument for parameter 'o' in 'JObject JObject.FromObject(object o, JsonSerializer jsonSerializer)'. [C:\Users\lordo\Documents\GitHub\llmtornado\src\LlmTornado\LlmTornado.csproj::TargetFramework=net8.0]
C:\Users\lordo\Documents\GitHub\llmtornado\src\LlmTornado\Infra\ToolDefinition.cs(36,14): warning CS8618: Non-nullable property 'Name' must contain a non-null value when exiting constructor. Consider adding the 'required' modifier or declaring the property as nullable. [C:\Users\lordo\Documents\GitHub\llmtornado\src\LlmTornado\LlmTornado.csproj::TargetFramework=net8.0]
C:\Users\lordo\Documents\GitHub\llmtornado\src\LlmTornado\Chat\Vendors\Perplexity\ChatResultVendorPerplexity.cs(9,38): warning CS8618: Non-nullable property 'Usage' must contain a non-null value when exiting constructor. Consider adding the 'required' modifier or declaring the property as nullable. [C:\Users\lordo\Documents\GitHub\llmtornado\src\LlmTornado\LlmTornado.csproj::TargetFramework=net8.0]
C:\Users\lordo\Documents\GitHub\llmtornado\src\LlmTornado\Embedding\ContextualEmbeddingResult.cs(71,19): warning CS8618: Non-nullable property 'Object' must contain a non-null value when exiting constructor. Consider adding the 'required' modifier or declaring the property as nullable. [C:\Users\lordo\Documents\GitHub\llmtornado\src\LlmTornado\LlmTornado.csproj::TargetFramework=net8.0]
C:\Users\lordo\Documents\GitHub\llmtornado\src\LlmTornado\Embedding\ContextualEmbeddingResult.cs(78,37): warning CS8618: Non-nullable property 'ContextualEmbeddingVector' must contain a non-null value when exiting constructor. Consider adding the 'required' modifier or declaring the property as nullable. [C:\Users\lordo\Documents\GitHub\llmtornado\src\LlmTornado\LlmTornado.csproj::TargetFramework=net8.0]
C:\Users\lordo\Documents\GitHub\llmtornado\src\LlmTornado\Embedding\ContextualEmbeddingResult.cs(47,19): warning CS8618: Non-nullable property 'Object' must contain a non-null value when exiting constructor. Consider adding the 'required' modifier or declaring the property as nullable. [C:\Users\lordo\Documents\GitHub\llmtornado\src\LlmTornado\LlmTornado.csproj::TargetFramework=net8.0]
C:\Users\lordo\Documents\GitHub\llmtornado\src\LlmTornado\Embedding\ContextualEmbeddingResult.cs(53,38): warning CS8618: Non-nullable property 'Data' must contain a non-null value when exiting constructor. Consider adding the 'required' modifier or declaring the property as nullable. [C:\Users\lordo\Documents\GitHub\llmtornado\src\LlmTornado\LlmTornado.csproj::TargetFramework=net8.0]
C:\Users\lordo\Documents\GitHub\llmtornado\src\LlmTornado\Embedding\ContextualEmbeddingResult.cs(17,19): warning CS8618: Non-nullable property 'Object' must contain a non-null value when exiting constructor. Consider adding the 'required' modifier or declaring the property as nullable. [C:\Users\lordo\Documents\GitHub\llmtornado\src\LlmTornado\LlmTornado.csproj::TargetFramework=net8.0]
C:\Users\lordo\Documents\GitHub\llmtornado\src\LlmTornado\Embedding\ContextualEmbeddingResult.cs(23,42): warning CS8618: Non-nullable property 'Data' must contain a non-null value when exiting constructor. Consider adding the 'required' modifier or declaring the property as nullable. [C:\Users\lordo\Documents\GitHub\llmtornado\src\LlmTornado\LlmTornado.csproj::TargetFramework=net8.0]
C:\Users\lordo\Documents\GitHub\llmtornado\src\LlmTornado\Embedding\ContextualEmbeddingResult.cs(29,19): warning CS8618: Non-nullable property 'Model' must contain a non-null value when exiting constructor. Consider adding the 'required' modifier or declaring the property as nullable. [C:\Users\lordo\Documents\GitHub\llmtornado\src\LlmTornado\LlmTornado.csproj::TargetFramework=net8.0]
C:\Users\lordo\Documents\GitHub\llmtornado\src\LlmTornado\Embedding\ContextualEmbeddingResult.cs(35,18): warning CS8618: Non-nullable property 'Usage' must contain a non-null value when exiting constructor. Consider adding the 'required' modifier or declaring the property as nullable. [C:\Users\lordo\Documents\GitHub\llmtornado\src\LlmTornado\LlmTornado.csproj::TargetFramework=net8.0]
C:\Users\lordo\Documents\GitHub\llmtornado\src\LlmTornado\Vendor\Anthropic\AnthropicEndpointProvider.cs(685,29): warning CS8602: Dereference of a possibly null reference. [C:\Users\lordo\Documents\GitHub\llmtornado\src\LlmTornado\LlmTornado.csproj::TargetFramework=net8.0]
C:\Users\lordo\Documents\GitHub\llmtornado\src\LlmTornado\Images\ImageSize.cs(339,34): warning CS8604: Possible null reference argument for parameter 'value' in 'ImageSize.ImageSize(string value)'. [C:\Users\lordo\Documents\GitHub\llmtornado\src\LlmTornado\LlmTornado.csproj::TargetFramework=net8.0]
C:\Users\lordo\Documents\GitHub\llmtornado\src\LlmTornado\Vendor\Anthropic\AnthropicEndpointProvider.cs(995,21): warning CS8600: Converting null literal or possible null value to non-nullable type. [C:\Users\lordo\Documents\GitHub\llmtornado\src\LlmTornado\LlmTornado.csproj::TargetFramework=net8.0]
C:\Users\lordo\Documents\GitHub\llmtornado\src\LlmTornado\Vendor\Anthropic\AnthropicEndpointProvider.cs(997,21): warning CS8600: Converting null literal or possible null value to non-nullable type. [C:\Users\lordo\Documents\GitHub\llmtornado\src\LlmTornado\LlmTornado.csproj::TargetFramework=net8.0]
C:\Users\lordo\Documents\GitHub\llmtornado\src\LlmTornado\Vendor\Anthropic\AnthropicEndpointProvider.cs(999,21): warning CS8600: Converting null literal or possible null value to non-nullable type. [C:\Users\lordo\Documents\GitHub\llmtornado\src\LlmTornado\LlmTornado.csproj::TargetFramework=net8.0]
C:\Users\lordo\Documents\GitHub\llmtornado\src\LlmTornado\Vendor\Anthropic\AnthropicEndpointProvider.cs(1001,21): warning CS8600: Converting null literal or possible null value to non-nullable type. [C:\Users\lordo\Documents\GitHub\llmtornado\src\LlmTornado\LlmTornado.csproj::TargetFramework=net8.0]
C:\Users\lordo\Documents\GitHub\llmtornado\src\LlmTornado\Vendor\Anthropic\AnthropicEndpointProvider.cs(218,44): warning CS8618: Non-nullable property 'Delta' must contain a non-null value when exiting constructor. Consider adding the 'required' modifier or declaring the property as nullable. [C:\Users\lordo\Documents\GitHub\llmtornado\src\LlmTornado\LlmTornado.csproj::TargetFramework=net8.0]
C:\Users\lordo\Documents\GitHub\llmtornado\src\LlmTornado\Vendor\Anthropic\AnthropicEndpointProvider.cs(221,45): warning CS8618: Non-nullable property 'Usage' must contain a non-null value when exiting constructor. Consider adding the 'required' modifier or declaring the property as nullable. [C:\Users\lordo\Documents\GitHub\llmtornado\src\LlmTornado\LlmTornado.csproj::TargetFramework=net8.0]
C:\Users\lordo\Documents\GitHub\llmtornado\src\LlmTornado\Vendor\Anthropic\AnthropicEndpointProvider.cs(212,42): warning CS8618: Non-nullable property 'Message' must contain a non-null value when exiting constructor. Consider adding the 'required' modifier or declaring the property as nullable. [C:\Users\lordo\Documents\GitHub\llmtornado\src\LlmTornado\LlmTornado.csproj::TargetFramework=net8.0]
C:\Users\lordo\Documents\GitHub\llmtornado\src\LlmTornado\Chat\Vendors\MoonshotAi\VendorMoonshotAiChatRequest.cs(23,35): warning CS8604: Possible null reference argument for parameter 'o' in 'JObject JObject.FromObject(object o, JsonSerializer jsonSerializer)'. [C:\Users\lordo\Documents\GitHub\llmtornado\src\LlmTornado\LlmTornado.csproj::TargetFramework=net8.0]
C:\Users\lordo\Documents\GitHub\llmtornado\src\LlmTornado\Vendor\Anthropic\AnthropicEndpointProvider.cs(191,23): warning CS8618: Non-nullable property 'Type' must contain a non-null value when exiting constructor. Consider adding the 'required' modifier or declaring the property as nullable. [C:\Users\lordo\Documents\GitHub\llmtornado\src\LlmTornado\LlmTornado.csproj::TargetFramework=net8.0]
C:\Users\lordo\Documents\GitHub\llmtornado\src\LlmTornado\Vendor\Anthropic\AnthropicEndpointProvider.cs(169,27): warning CS8618: Non-nullable property 'Type' must contain a non-null value when exiting constructor. Consider adding the 'required' modifier or declaring the property as nullable. [C:\Users\lordo\Documents\GitHub\llmtornado\src\LlmTornado\LlmTornado.csproj::TargetFramework=net8.0]
C:\Users\lordo\Documents\GitHub\llmtornado\src\LlmTornado\Vendor\Anthropic\AnthropicEndpointProvider.cs(172,27): warning CS8618: Non-nullable property 'Text' must contain a non-null value when exiting constructor. Consider adding the 'required' modifier or declaring the property as nullable. [C:\Users\lordo\Documents\GitHub\llmtornado\src\LlmTornado\LlmTornado.csproj::TargetFramework=net8.0]
C:\Users\lordo\Documents\GitHub\llmtornado\src\LlmTornado\Vendor\Anthropic\AnthropicEndpointProvider.cs(140,46): warning CS8618: Non-nullable property 'ContentBlock' must contain a non-null value when exiting constructor. Consider adding the 'required' modifier or declaring the property as nullable. [C:\Users\lordo\Documents\GitHub\llmtornado\src\LlmTornado\LlmTornado.csproj::TargetFramework=net8.0]
C:\Users\lordo\Documents\GitHub\llmtornado\src\LlmTornado\Vendor\Anthropic\AnthropicEndpointProvider.cs(113,27): warning CS8618: Non-nullable property 'Type' must contain a non-null value when exiting constructor. Consider adding the 'required' modifier or declaring the property as nullable. [C:\Users\lordo\Documents\GitHub\llmtornado\src\LlmTornado\LlmTornado.csproj::TargetFramework=net8.0]
C:\Users\lordo\Documents\GitHub\llmtornado\src\LlmTornado\Vendor\Anthropic\AnthropicEndpointProvider.cs(116,27): warning CS8618: Non-nullable property 'Text' must contain a non-null value when exiting constructor. Consider adding the 'required' modifier or declaring the property as nullable. [C:\Users\lordo\Documents\GitHub\llmtornado\src\LlmTornado\LlmTornado.csproj::TargetFramework=net8.0]
C:\Users\lordo\Documents\GitHub\llmtornado\src\LlmTornado\Infra\StringValue.cs(261,26): warning CS0168: The variable 'e' is declared but never used [C:\Users\lordo\Documents\GitHub\llmtornado\src\LlmTornado\LlmTornado.csproj::TargetFramework=net8.0]
C:\Users\lordo\Documents\GitHub\llmtornado\src\LlmTornado\Infra\StringValue.cs(306,30): warning CS0168: The variable 'e' is declared but never used [C:\Users\lordo\Documents\GitHub\llmtornado\src\LlmTornado\LlmTornado.csproj::TargetFramework=net8.0]
C:\Users\lordo\Documents\GitHub\llmtornado\src\LlmTornado\Infra\StringValue.cs(352,26): warning CS0168: The variable 'e' is declared but never used [C:\Users\lordo\Documents\GitHub\llmtornado\src\LlmTornado\LlmTornado.csproj::TargetFramework=net8.0]
C:\Users\lordo\Documents\GitHub\llmtornado\src\LlmTornado\Responses\ResponsesEndpoint.cs(403,28): warning CS8604: Possible null reference argument for parameter 'data' in 'ValueTask<MethodInvocationResult> ResponseFunctionTool.Invoke(string data)'. [C:\Users\lordo\Documents\GitHub\llmtornado\src\LlmTornado\LlmTornado.csproj::TargetFramework=net8.0]
C:\Users\lordo\Documents\GitHub\llmtornado\src\LlmTornado\Chat\Vendors\Mistral\VendorMistralChatRequest.cs(113,23): warning CS8618: Non-nullable property 'Content' must contain a non-null value when exiting constructor. Consider adding the 'required' modifier or declaring the property as nullable. [C:\Users\lordo\Documents\GitHub\llmtornado\src\LlmTornado\LlmTornado.csproj::TargetFramework=net8.0]
C:\Users\lordo\Documents\GitHub\llmtornado\src\LlmTornado\Chat\Vendors\Mistral\VendorMistralChatRequest.cs(95,23): warning CS8618: Non-nullable property 'Name' must contain a non-null value when exiting constructor. Consider adding the 'required' modifier or declaring the property as nullable. [C:\Users\lordo\Documents\GitHub\llmtornado\src\LlmTornado\LlmTornado.csproj::TargetFramework=net8.0]
C:\Users\lordo\Documents\GitHub\llmtornado\src\LlmTornado\Chat\Vendors\Mistral\MistralChatMessageConverter.cs(180,24): warning CS8601: Possible null reference assignment. [C:\Users\lordo\Documents\GitHub\llmtornado\src\LlmTornado\LlmTornado.csproj::TargetFramework=net8.0]
C:\Users\lordo\Documents\GitHub\llmtornado\src\LlmTornado\Chat\Vendors\Mistral\MistralChatMessageConverter.cs(184,32): warning CS8601: Possible null reference assignment. [C:\Users\lordo\Documents\GitHub\llmtornado\src\LlmTornado\LlmTornado.csproj::TargetFramework=net8.0]
C:\Users\lordo\Documents\GitHub\llmtornado\src\LlmTornado\Responses\ResponseHelpers.cs(113,29): warning CS8604: Possible null reference argument for parameter 'output' in 'FunctionToolCallOutput.FunctionToolCallOutput(string callId, string output)'. [C:\Users\lordo\Documents\GitHub\llmtornado\src\LlmTornado\LlmTornado.csproj::TargetFramework=net8.0]
C:\Users\lordo\Documents\GitHub\llmtornado\src\LlmTornado\Chat\Vendors\Google\VendorGoogleChatRequest.cs(1442,14): warning CS0219: The variable 'anyStrictTool' is assigned but its value is never used [C:\Users\lordo\Documents\GitHub\llmtornado\src\LlmTornado\LlmTornado.csproj::TargetFramework=net8.0]
C:\Users\lordo\Documents\GitHub\llmtornado\src\LlmTornado\Responses\ResponseDeleted.cs(14,19): warning CS8618: Non-nullable property 'Id' must contain a non-null value when exiting constructor. Consider adding the 'required' modifier or declaring the property as nullable. [C:\Users\lordo\Documents\GitHub\llmtornado\src\LlmTornado\LlmTornado.csproj::TargetFramework=net8.0]
C:\Users\lordo\Documents\GitHub\llmtornado\src\LlmTornado\Images\ImageEditRequest.cs(23,9): warning CS8618: Non-nullable property 'Prompt' must contain a non-null value when exiting constructor. Consider adding the 'required' modifier or declaring the property as nullable. [C:\Users\lordo\Documents\GitHub\llmtornado\src\LlmTornado\LlmTornado.csproj::TargetFramework=net8.0]
C:\Users\lordo\Documents\GitHub\llmtornado\src\LlmTornado\Responses\ConversationResult.cs(17,19): warning CS8618: Non-nullable property 'Id' must contain a non-null value when exiting constructor. Consider adding the 'required' modifier or declaring the property as nullable. [C:\Users\lordo\Documents\GitHub\llmtornado\src\LlmTornado\LlmTornado.csproj::TargetFramework=net8.0]
C:\Users\lordo\Documents\GitHub\llmtornado\src\LlmTornado\Responses\ResponseHelpers.cs(383,36): warning CS8601: Possible null reference assignment. [C:\Users\lordo\Documents\GitHub\llmtornado\src\LlmTornado\LlmTornado.csproj::TargetFramework=net8.0]
C:\Users\lordo\Documents\GitHub\llmtornado\src\LlmTornado\Responses\ResponseHelpers.cs(416,68): warning CS8604: Possible null reference argument for parameter 'name' in 'BuiltInToolCall.BuiltInToolCall(bool responseExpected, string name, IBuiltInToolCallData data, ToolCall toolCall, string? args = null)'. [C:\Users\lordo\Documents\GitHub\llmtornado\src\LlmTornado\LlmTornado.csproj::TargetFramework=net8.0]
C:\Users\lordo\Documents\GitHub\llmtornado\src\LlmTornado\Responses\ResponseHelpers.cs(434,68): warning CS8604: Possible null reference argument for parameter 'name' in 'BuiltInToolCall.BuiltInToolCall(bool responseExpected, string name, IBuiltInToolCallData data, ToolCall toolCall, string? args = null)'. [C:\Users\lordo\Documents\GitHub\llmtornado\src\LlmTornado\LlmTornado.csproj::TargetFramework=net8.0]
C:\Users\lordo\Documents\GitHub\llmtornado\src\LlmTornado\Responses\ResponseHelpers.cs(452,69): warning CS8604: Possible null reference argument for parameter 'name' in 'BuiltInToolCall.BuiltInToolCall(bool responseExpected, string name, IBuiltInToolCallData data, ToolCall toolCall, string? args = null)'. [C:\Users\lordo\Documents\GitHub\llmtornado\src\LlmTornado\LlmTornado.csproj::TargetFramework=net8.0]
C:\Users\lordo\Documents\GitHub\llmtornado\src\LlmTornado\Responses\ResponseHelpers.cs(470,69): warning CS8604: Possible null reference argument for parameter 'name' in 'BuiltInToolCall.BuiltInToolCall(bool responseExpected, string name, IBuiltInToolCallData data, ToolCall toolCall, string? args = null)'. [C:\Users\lordo\Documents\GitHub\llmtornado\src\LlmTornado\LlmTornado.csproj::TargetFramework=net8.0]
C:\Users\lordo\Documents\GitHub\llmtornado\src\LlmTornado\Responses\ResponseHelpers.cs(561,106): warning CS8604: Possible null reference argument for parameter 'parameters' in 'ToolFunction.ToolFunction(string name, string description, JObject parameters)'. [C:\Users\lordo\Documents\GitHub\llmtornado\src\LlmTornado\LlmTornado.csproj::TargetFramework=net8.0]
C:\Users\lordo\Documents\GitHub\llmtornado\src\LlmTornado\Common\Tool.cs(1111,12): warning CS8618: Non-nullable property 'CallAsync' must contain a non-null value when exiting constructor. Consider adding the 'required' modifier or declaring the property as nullable. [C:\Users\lordo\Documents\GitHub\llmtornado\src\LlmTornado\LlmTornado.csproj::TargetFramework=net8.0]
C:\Users\lordo\Documents\GitHub\llmtornado\src\LlmTornado\Chat\Vendors\Google\VendorGoogleChatRequest.cs(1290,16): warning CS8618: Non-nullable property 'Name' must contain a non-null value when exiting constructor. Consider adding the 'required' modifier or declaring the property as nullable. [C:\Users\lordo\Documents\GitHub\llmtornado\src\LlmTornado\LlmTornado.csproj::TargetFramework=net8.0]
C:\Users\lordo\Documents\GitHub\llmtornado\src\LlmTornado\Chat\Vendors\Google\VendorGoogleChatRequest.cs(1290,16): warning CS8618: Non-nullable property 'Description' must contain a non-null value when exiting constructor. Consider adding the 'required' modifier or declaring the property as nullable. [C:\Users\lordo\Documents\GitHub\llmtornado\src\LlmTornado\LlmTornado.csproj::TargetFramework=net8.0]
C:\Users\lordo\Documents\GitHub\llmtornado\src\LlmTornado\Common\Tool.cs(1065,19): warning CS8618: Non-nullable property 'Definition' must contain a non-null value when exiting constructor. Consider adding the 'required' modifier or declaring the property as nullable. [C:\Users\lordo\Documents\GitHub\llmtornado\src\LlmTornado\LlmTornado.csproj::TargetFramework=net8.0]
C:\Users\lordo\Documents\GitHub\llmtornado\src\LlmTornado\Chat\Vendors\Google\VendorGoogleChatRequest.cs(1244,18): warning CS8618: Non-nullable property 'Category' must contain a non-null value when exiting constructor. Consider adding the 'required' modifier or declaring the property as nullable. [C:\Users\lordo\Documents\GitHub\llmtornado\src\LlmTornado\LlmTornado.csproj::TargetFramework=net8.0]
C:\Users\lordo\Documents\GitHub\llmtornado\src\LlmTornado\Chat\Vendors\Google\VendorGoogleChatRequest.cs(1244,18): warning CS8618: Non-nullable property 'Threshold' must contain a non-null value when exiting constructor. Consider adding the 'required' modifier or declaring the property as nullable. [C:\Users\lordo\Documents\GitHub\llmtornado\src\LlmTornado\LlmTornado.csproj::TargetFramework=net8.0]
C:\Users\lordo\Documents\GitHub\llmtornado\src\LlmTornado\Common\Tool.cs(978,12): warning CS8618: Non-nullable property 'Name' must contain a non-null value when exiting constructor. Consider adding the 'required' modifier or declaring the property as nullable. [C:\Users\lordo\Documents\GitHub\llmtornado\src\LlmTornado\LlmTornado.csproj::TargetFramework=net8.0]
C:\Users\lordo\Documents\GitHub\llmtornado\src\LlmTornado\Common\Tool.cs(978,12): warning CS8618: Non-nullable property 'Format' must contain a non-null value when exiting constructor. Consider adding the 'required' modifier or declaring the property as nullable. [C:\Users\lordo\Documents\GitHub\llmtornado\src\LlmTornado\LlmTornado.csproj::TargetFramework=net8.0]
C:\Users\lordo\Documents\GitHub\llmtornado\src\LlmTornado\Common\Tool.cs(1256,13): warning CS8618: Non-nullable property 'Name' must contain a non-null value when exiting constructor. Consider adding the 'required' modifier or declaring the property as nullable. [C:\Users\lordo\Documents\GitHub\llmtornado\src\LlmTornado\LlmTornado.csproj::TargetFramework=net8.0]
C:\Users\lordo\Documents\GitHub\llmtornado\src\LlmTornado\Common\Tool.cs(1256,13): warning CS8618: Non-nullable property 'Description' must contain a non-null value when exiting constructor. Consider adding the 'required' modifier or declaring the property as nullable. [C:\Users\lordo\Documents\GitHub\llmtornado\src\LlmTornado\LlmTornado.csproj::TargetFramework=net8.0]
C:\Users\lordo\Documents\GitHub\llmtornado\src\LlmTornado\Common\Tool.cs(618,19): warning CS8618: Non-nullable property 'Native' must contain a non-null value when exiting constructor. Consider adding the 'required' modifier or declaring the property as nullable. [C:\Users\lordo\Documents\GitHub\llmtornado\src\LlmTornado\LlmTornado.csproj::TargetFramework=net8.0]
C:\Users\lordo\Documents\GitHub\llmtornado\src\LlmTornado\Common\Tool.cs(607,19): warning CS8618: Non-nullable property 'Blob' must contain a non-null value when exiting constructor. Consider adding the 'required' modifier or declaring the property as nullable. [C:\Users\lordo\Documents\GitHub\llmtornado\src\LlmTornado\LlmTornado.csproj::TargetFramework=net8.0]
C:\Users\lordo\Documents\GitHub\llmtornado\src\LlmTornado\Live\Vendors\Google\VendorGoogleLiveMapper.cs(222,54): warning CS8602: Dereference of a possibly null reference. [C:\Users\lordo\Documents\GitHub\llmtornado\src\LlmTornado\LlmTornado.csproj::TargetFramework=netstandard2.0]
C:\Users\lordo\Documents\GitHub\llmtornado\src\LlmTornado\Common\Tool.cs(586,19): warning CS8618: Non-nullable property 'Text' must contain a non-null value when exiting constructor. Consider adding the 'required' modifier or declaring the property as nullable. [C:\Users\lordo\Documents\GitHub\llmtornado\src\LlmTornado\LlmTornado.csproj::TargetFramework=net8.0]
C:\Users\lordo\Documents\GitHub\llmtornado\src\LlmTornado\Common\Tool.cs(481,52): warning CS8618: Non-nullable property 'Resource' must contain a non-null value when exiting constructor. Consider adding the 'required' modifier or declaring the property as nullable. [C:\Users\lordo\Documents\GitHub\llmtornado\src\LlmTornado\LlmTornado.csproj::TargetFramework=net8.0]
C:\Users\lordo\Documents\GitHub\llmtornado\src\LlmTornado\Common\Tool.cs(491,19): warning CS8618: Non-nullable property 'MimeType' must contain a non-null value when exiting constructor. Consider adding the 'required' modifier or declaring the property as nullable. [C:\Users\lordo\Documents\GitHub\llmtornado\src\LlmTornado\LlmTornado.csproj::TargetFramework=net8.0]
C:\Users\lordo\Documents\GitHub\llmtornado\src\LlmTornado\Common\Tool.cs(505,19): warning CS8618: Non-nullable property 'Uri' must contain a non-null value when exiting constructor. Consider adding the 'required' modifier or declaring the property as nullable. [C:\Users\lordo\Documents\GitHub\llmtornado\src\LlmTornado\LlmTornado.csproj::TargetFramework=net8.0]
C:\Users\lordo\Documents\GitHub\llmtornado\src\LlmTornado\Common\Tool.cs(510,19): warning CS8618: Non-nullable property 'Name' must contain a non-null value when exiting constructor. Consider adding the 'required' modifier or declaring the property as nullable. [C:\Users\lordo\Documents\GitHub\llmtornado\src\LlmTornado\LlmTornado.csproj::TargetFramework=net8.0]
C:\Users\lordo\Documents\GitHub\llmtornado\src\LlmTornado\Common\Tool.cs(452,19): warning CS8618: Non-nullable property 'Data' must contain a non-null value when exiting constructor. Consider adding the 'required' modifier or declaring the property as nullable. [C:\Users\lordo\Documents\GitHub\llmtornado\src\LlmTornado\LlmTornado.csproj::TargetFramework=net8.0]
C:\Users\lordo\Documents\GitHub\llmtornado\src\LlmTornado\Common\Tool.cs(462,19): warning CS8618: Non-nullable property 'MimeType' must contain a non-null value when exiting constructor. Consider adding the 'required' modifier or declaring the property as nullable. [C:\Users\lordo\Documents\GitHub\llmtornado\src\LlmTornado\LlmTornado.csproj::TargetFramework=net8.0]
C:\Users\lordo\Documents\GitHub\llmtornado\src\LlmTornado\Common\Tool.cs(425,19): warning CS8618: Non-nullable property 'Text' must contain a non-null value when exiting constructor. Consider adding the 'required' modifier or declaring the property as nullable. [C:\Users\lordo\Documents\GitHub\llmtornado\src\LlmTornado\LlmTornado.csproj::TargetFramework=net8.0]
C:\Users\lordo\Documents\GitHub\llmtornado\src\LlmTornado\Common\Tool.cs(436,19): warning CS8618: Non-nullable property 'Data' must contain a non-null value when exiting constructor. Consider adding the 'required' modifier or declaring the property as nullable. [C:\Users\lordo\Documents\GitHub\llmtornado\src\LlmTornado\LlmTornado.csproj::TargetFramework=net8.0]
C:\Users\lordo\Documents\GitHub\llmtornado\src\LlmTornado\Common\Tool.cs(441,19): warning CS8618: Non-nullable property 'MimeType' must contain a non-null value when exiting constructor. Consider adding the 'required' modifier or declaring the property as nullable. [C:\Users\lordo\Documents\GitHub\llmtornado\src\LlmTornado\LlmTornado.csproj::TargetFramework=net8.0]
C:\Users\lordo\Documents\GitHub\llmtornado\src\LlmTornado\Common\Tool.cs(414,19): warning CS8618: Non-nullable property 'NativeBlock' must contain a non-null value when exiting constructor. Consider adding the 'required' modifier or declaring the property as nullable. [C:\Users\lordo\Documents\GitHub\llmtornado\src\LlmTornado\LlmTornado.csproj::TargetFramework=net8.0]
C:\Users\lordo\Documents\GitHub\llmtornado\src\LlmTornado\Common\Tool.cs(409,34): warning CS8618: Non-nullable property 'NativeBlock' must contain a non-null value when exiting constructor. Consider adding the 'required' modifier or declaring the property as nullable. [C:\Users\lordo\Documents\GitHub\llmtornado\src\LlmTornado\LlmTornado.csproj::TargetFramework=net8.0]
C:\Users\lordo\Documents\GitHub\llmtornado\src\LlmTornado\Common\Tool.cs(92,12): warning CS8618: Non-nullable property 'Name' must contain a non-null value when exiting constructor. Consider adding the 'required' modifier or declaring the property as nullable. [C:\Users\lordo\Documents\GitHub\llmtornado\src\LlmTornado\LlmTornado.csproj::TargetFramework=net8.0]
C:\Users\lordo\Documents\GitHub\llmtornado\src\LlmTornado\Common\Tool.cs(92,12): warning CS8618: Non-nullable property 'Content' must contain a non-null value when exiting constructor. Consider adding the 'required' modifier or declaring the property as nullable. [C:\Users\lordo\Documents\GitHub\llmtornado\src\LlmTornado\LlmTornado.csproj::TargetFramework=net8.0]
C:\Users\lordo\Documents\GitHub\llmtornado\src\LlmTornado\Common\Tool.cs(345,35): warning CS8618: Non-nullable property 'McpContentBlocks' must contain a non-null value when exiting constructor. Consider adding the 'required' modifier or declaring the property as nullable. [C:\Users\lordo\Documents\GitHub\llmtornado\src\LlmTornado\LlmTornado.csproj::TargetFramework=net8.0]
C:\Users\lordo\Documents\GitHub\llmtornado\src\LlmTornado\Common\ListResponse.cs(50,12): warning CS8618: Non-nullable property 'FirstId' must contain a non-null value when exiting constructor. Consider adding the 'required' modifier or declaring the property as nullable. [C:\Users\lordo\Documents\GitHub\llmtornado\src\LlmTornado\LlmTornado.csproj::TargetFramework=net8.0]
C:\Users\lordo\Documents\GitHub\llmtornado\src\LlmTornado\Common\ListResponse.cs(50,12): warning CS8618: Non-nullable property 'LastId' must contain a non-null value when exiting constructor. Consider adding the 'required' modifier or declaring the property as nullable. [C:\Users\lordo\Documents\GitHub\llmtornado\src\LlmTornado\LlmTornado.csproj::TargetFramework=net8.0]
C:\Users\lordo\Documents\GitHub\llmtornado\src\LlmTornado\Code\PartialModels.cs(2898,30): warning CS8601: Possible null reference assignment. [C:\Users\lordo\Documents\GitHub\llmtornado\src\LlmTornado\LlmTornado.csproj::TargetFramework=net8.0]
C:\Users\lordo\Documents\GitHub\llmtornado\src\LlmTornado\Code\PartialModels.cs(2899,29): warning CS8601: Possible null reference assignment. [C:\Users\lordo\Documents\GitHub\llmtornado\src\LlmTornado\LlmTornado.csproj::TargetFramework=net8.0]
C:\Users\lordo\Documents\GitHub\llmtornado\src\LlmTornado\Code\PartialModels.cs(2726,19): warning CS8618: Non-nullable property 'Source' must contain a non-null value when exiting constructor. Consider adding the 'required' modifier or declaring the property as nullable. [C:\Users\lordo\Documents\GitHub\llmtornado\src\LlmTornado\LlmTornado.csproj::TargetFramework=net8.0]
C:\Users\lordo\Documents\GitHub\llmtornado\src\LlmTornado\Code\PartialModels.cs(2732,19): warning CS8618: Non-nullable property 'Title' must contain a non-null value when exiting constructor. Consider adding the 'required' modifier or declaring the property as nullable. [C:\Users\lordo\Documents\GitHub\llmtornado\src\LlmTornado\LlmTornado.csproj::TargetFramework=net8.0]
C:\Users\lordo\Documents\GitHub\llmtornado\src\LlmTornado\Code\PartialModels.cs(2699,19): warning CS8618: Non-nullable property 'FileId' must contain a non-null value when exiting constructor. Consider adding the 'required' modifier or declaring the property as nullable. [C:\Users\lordo\Documents\GitHub\llmtornado\src\LlmTornado\LlmTornado.csproj::TargetFramework=net8.0]
C:\Users\lordo\Documents\GitHub\llmtornado\src\LlmTornado\Code\PartialModels.cs(2672,19): warning CS8618: Non-nullable property 'Url' must contain a non-null value when exiting constructor. Consider adding the 'required' modifier or declaring the property as nullable. [C:\Users\lordo\Documents\GitHub\llmtornado\src\LlmTornado\LlmTornado.csproj::TargetFramework=net8.0]
C:\Users\lordo\Documents\GitHub\llmtornado\src\LlmTornado\Common\EventResponse.cs(8,12): warning CS8618: Non-nullable property 'Object' must contain a non-null value when exiting constructor. Consider adding the 'required' modifier or declaring the property as nullable. [C:\Users\lordo\Documents\GitHub\llmtornado\src\LlmTornado\LlmTornado.csproj::TargetFramework=net8.0]
C:\Users\lordo\Documents\GitHub\llmtornado\src\LlmTornado\Common\EventResponse.cs(8,12): warning CS8618: Non-nullable property 'Level' must contain a non-null value when exiting constructor. Consider adding the 'required' modifier or declaring the property as nullable. [C:\Users\lordo\Documents\GitHub\llmtornado\src\LlmTornado\LlmTornado.csproj::TargetFramework=net8.0]
C:\Users\lordo\Documents\GitHub\llmtornado\src\LlmTornado\Common\EventResponse.cs(8,12): warning CS8618: Non-nullable property 'Message' must contain a non-null value when exiting constructor. Consider adding the 'required' modifier or declaring the property as nullable. [C:\Users\lordo\Documents\GitHub\llmtornado\src\LlmTornado\LlmTornado.csproj::TargetFramework=net8.0]
C:\Users\lordo\Documents\GitHub\llmtornado\src\LlmTornado\Code\PartialModels.cs(2645,19): warning CS8618: Non-nullable property 'Data' must contain a non-null value when exiting constructor. Consider adding the 'required' modifier or declaring the property as nullable. [C:\Users\lordo\Documents\GitHub\llmtornado\src\LlmTornado\LlmTornado.csproj::TargetFramework=net8.0]
C:\Users\lordo\Documents\GitHub\llmtornado\src\LlmTornado\Code\PartialModels.cs(2657,19): warning CS8618: Non-nullable property 'MediaType' must contain a non-null value when exiting constructor. Consider adding the 'required' modifier or declaring the property as nullable. [C:\Users\lordo\Documents\GitHub\llmtornado\src\LlmTornado\LlmTornado.csproj::TargetFramework=net8.0]
C:\Users\lordo\Documents\GitHub\llmtornado\src\LlmTornado\Common\HttpCallResult.cs(41,19): warning CS8618: Non-nullable property 'Url' must contain a non-null value when exiting constructor. Consider adding the 'required' modifier or declaring the property as nullable. [C:\Users\lordo\Documents\GitHub\llmtornado\src\LlmTornado\LlmTornado.csproj::TargetFramework=net8.0]
C:\Users\lordo\Documents\GitHub\llmtornado\src\LlmTornado\Common\HttpCallResult.cs(46,23): warning CS8618: Non-nullable property 'Method' must contain a non-null value when exiting constructor. Consider adding the 'required' modifier or declaring the property as nullable. [C:\Users\lordo\Documents\GitHub\llmtornado\src\LlmTornado\LlmTornado.csproj::TargetFramework=net8.0]
C:\Users\lordo\Documents\GitHub\llmtornado\src\LlmTornado\Code\PartialModels.cs(2606,12): warning CS8618: Non-nullable property 'Source' must contain a non-null value when exiting constructor. Consider adding the 'required' modifier or declaring the property as nullable. [C:\Users\lordo\Documents\GitHub\llmtornado\src\LlmTornado\LlmTornado.csproj::TargetFramework=net8.0]
C:\Users\lordo\Documents\GitHub\llmtornado\src\LlmTornado\Common\Event.cs(10,19): warning CS8618: Non-nullable property 'Object' must contain a non-null value when exiting constructor. Consider adding the 'required' modifier or declaring the property as nullable. [C:\Users\lordo\Documents\GitHub\llmtornado\src\LlmTornado\LlmTornado.csproj::TargetFramework=net8.0]
C:\Users\lordo\Documents\GitHub\llmtornado\src\LlmTornado\Common\Event.cs(22,19): warning CS8618: Non-nullable property 'Level' must contain a non-null value when exiting constructor. Consider adding the 'required' modifier or declaring the property as nullable. [C:\Users\lordo\Documents\GitHub\llmtornado\src\LlmTornado\LlmTornado.csproj::TargetFramework=net8.0]
C:\Users\lordo\Documents\GitHub\llmtornado\src\LlmTornado\Common\Event.cs(25,19): warning CS8618: Non-nullable property 'Message' must contain a non-null value when exiting constructor. Consider adding the 'required' modifier or declaring the property as nullable. [C:\Users\lordo\Documents\GitHub\llmtornado\src\LlmTornado\LlmTornado.csproj::TargetFramework=net8.0]
C:\Users\lordo\Documents\GitHub\llmtornado\src\LlmTornado\Common\DeletionStatus.cs(7,40): warning CS8618: Non-nullable property 'Id' must contain a non-null value when exiting constructor. Consider adding the 'required' modifier or declaring the property as nullable. [C:\Users\lordo\Documents\GitHub\llmtornado\src\LlmTornado\LlmTornado.csproj::TargetFramework=net8.0]
C:\Users\lordo\Documents\GitHub\llmtornado\src\LlmTornado\Common\DeletionStatus.cs(9,44): warning CS8618: Non-nullable property 'Object' must contain a non-null value when exiting constructor. Consider adding the 'required' modifier or declaring the property as nullable. [C:\Users\lordo\Documents\GitHub\llmtornado\src\LlmTornado\LlmTornado.csproj::TargetFramework=net8.0]
C:\Users\lordo\Documents\GitHub\llmtornado\src\LlmTornado\Common\BaseResponse.cs(11,23): warning CS8618: Non-nullable property 'Api' must contain a non-null value when exiting constructor. Consider adding the 'required' modifier or declaring the property as nullable. [C:\Users\lordo\Documents\GitHub\llmtornado\src\LlmTornado\LlmTornado.csproj::TargetFramework=net8.0]
C:\Users\lordo\Documents\GitHub\llmtornado\src\LlmTornado\Code\PartialModels.cs(2532,12): warning CS8618: Non-nullable property 'Text' must contain a non-null value when exiting constructor. Consider adding the 'required' modifier or declaring the property as nullable. [C:\Users\lordo\Documents\GitHub\llmtornado\src\LlmTornado\LlmTornado.csproj::TargetFramework=net8.0]
C:\Users\lordo\Documents\GitHub\llmtornado\src\LlmTornado\Responses\Events\ResponseEventOutputTextDelta.cs(35,19): warning CS8618: Non-nullable property 'ItemId' must contain a non-null value when exiting constructor. Consider adding the 'required' modifier or declaring the property as nullable. [C:\Users\lordo\Documents\GitHub\llmtornado\src\LlmTornado\LlmTornado.csproj::TargetFramework=net8.0]
C:\Users\lordo\Documents\GitHub\llmtornado\src\LlmTornado\Responses\Events\ResponseEventOutputTextDelta.cs(47,19): warning CS8618: Non-nullable property 'Delta' must contain a non-null value when exiting constructor. Consider adding the 'required' modifier or declaring the property as nullable. [C:\Users\lordo\Documents\GitHub\llmtornado\src\LlmTornado\LlmTornado.csproj::TargetFramework=net8.0]
C:\Users\lordo\Documents\GitHub\llmtornado\src\LlmTornado\Code\PartialModels.cs(2448,19): warning CS8618: Non-nullable property 'Source' must contain a non-null value when exiting constructor. Consider adding the 'required' modifier or declaring the property as nullable. [C:\Users\lordo\Documents\GitHub\llmtornado\src\LlmTornado\LlmTornado.csproj::TargetFramework=net8.0]
C:\Users\lordo\Documents\GitHub\llmtornado\src\LlmTornado\Code\PartialModels.cs(2454,19): warning CS8618: Non-nullable property 'Title' must contain a non-null value when exiting constructor. Consider adding the 'required' modifier or declaring the property as nullable. [C:\Users\lordo\Documents\GitHub\llmtornado\src\LlmTornado\LlmTornado.csproj::TargetFramework=net8.0]
C:\Users\lordo\Documents\GitHub\llmtornado\src\LlmTornado\Code\PartialModels.cs(2414,19): warning CS8618: Non-nullable property 'Type' must contain a non-null value when exiting constructor. Consider adding the 'required' modifier or declaring the property as nullable. [C:\Users\lordo\Documents\GitHub\llmtornado\src\LlmTornado\LlmTornado.csproj::TargetFramework=net8.0]
C:\Users\lordo\Documents\GitHub\llmtornado\src\LlmTornado\Chat\Models\OpenAi\ChatModelOpenAiGpt4.cs(255,47): warning CS0618: 'ChatModelOpenAiGpt4.ModelVisionPreview' is obsolete: 'Disabled by OpenAI' [C:\Users\lordo\Documents\GitHub\llmtornado\src\LlmTornado\LlmTornado.csproj::TargetFramework=net8.0]
C:\Users\lordo\Documents\GitHub\llmtornado\src\LlmTornado\Code\PartialModels.cs(2201,12): warning CS8618: Non-nullable field '_data' must contain a non-null value when exiting constructor. Consider adding the 'required' modifier or declaring the field as nullable. [C:\Users\lordo\Documents\GitHub\llmtornado\src\LlmTornado\LlmTornado.csproj::TargetFramework=net8.0]
C:\Users\lordo\Documents\GitHub\llmtornado\src\LlmTornado\Code\PartialModels.cs(2157,14): warning CS8618: Non-nullable property 'Body' must contain a non-null value when exiting constructor. Consider adding the 'required' modifier or declaring the property as nullable. [C:\Users\lordo\Documents\GitHub\llmtornado\src\LlmTornado\LlmTornado.csproj::TargetFramework=net8.0]
C:\Users\lordo\Documents\GitHub\llmtornado\src\LlmTornado\Chat\Vendors\Google\VendorGoogleChatRequest.cs(1115,18): warning CS0219: The variable 'roleSolved' is assigned but its value is never used [C:\Users\lordo\Documents\GitHub\llmtornado\src\LlmTornado\LlmTornado.csproj::TargetFramework=net8.0]
C:\Users\lordo\Documents\GitHub\llmtornado\src\LlmTornado\Chat\Vendors\Google\VendorGoogleChatRequest.cs(919,23): warning CS8618: Non-nullable property 'FileUri' must contain a non-null value when exiting constructor. Consider adding the 'required' modifier or declaring the property as nullable. [C:\Users\lordo\Documents\GitHub\llmtornado\src\LlmTornado\LlmTornado.csproj::TargetFramework=net8.0]
C:\Users\lordo\Documents\GitHub\llmtornado\src\LlmTornado\Chat\Vendors\Google\VendorGoogleChatRequest.cs(892,23): warning CS8618: Non-nullable property 'Code' must contain a non-null value when exiting constructor. Consider adding the 'required' modifier or declaring the property as nullable. [C:\Users\lordo\Documents\GitHub\llmtornado\src\LlmTornado\LlmTornado.csproj::TargetFramework=net8.0]
C:\Users\lordo\Documents\GitHub\llmtornado\src\LlmTornado\Chat\Models\Google\ChatModelGoogleGeminiPreview.cs(342,35): warning CS0618: 'ChatModelGoogleGeminiPreview.ModelGemini3ProPreview' is obsolete: 'Shut down March 9, 2026. Use ModelGemini31ProPreview instead.' [C:\Users\lordo\Documents\GitHub\llmtornado\src\LlmTornado\LlmTornado.csproj::TargetFramework=net8.0]
C:\Users\lordo\Documents\GitHub\llmtornado\src\LlmTornado\Chat\Models\Google\ChatModelGoogleGeminiPreview.cs(342,59): warning CS0618: 'ChatModelGoogleGeminiPreview.ModelGemini3ProImagePreview' is obsolete: 'Shut down June 25, 2026. Use ModelGemini3ProImage instead.' [C:\Users\lordo\Documents\GitHub\llmtornado\src\LlmTornado\LlmTornado.csproj::TargetFramework=net8.0]
C:\Users\lordo\Documents\GitHub\llmtornado\src\LlmTornado\Chat\Models\Google\ChatModelGoogleGeminiPreview.cs(342,88): warning CS0618: 'ChatModelGoogleGeminiPreview.ModelGemini31FlashImagePreview' is obsolete: 'Shut down June 25, 2026. Use ModelGemini31FlashImage instead.' [C:\Users\lordo\Documents\GitHub\llmtornado\src\LlmTornado\LlmTornado.csproj::TargetFramework=net8.0]
C:\Users\lordo\Documents\GitHub\llmtornado\src\LlmTornado\Chat\Models\Google\ChatModelGoogleGeminiPreview.cs(343,9): warning CS0618: 'ChatModelGoogleGeminiPreview.ModelGemini31FlashLitePreview' is obsolete: 'Shut down May 25, 2026. Use ModelGemini31FlashLite instead.' [C:\Users\lordo\Documents\GitHub\llmtornado\src\LlmTornado\LlmTornado.csproj::TargetFramework=net8.0]
C:\Users\lordo\Documents\GitHub\llmtornado\src\LlmTornado\Chat\Models\Google\ChatModelGoogleGeminiPreview.cs(347,44): warning CS0618: 'ChatModelGoogleGeminiPreview.ModelGemini25FlashImagePreview' is obsolete: 'Shut down January 15, 2026. Use ModelGemini3ProImage or ModelGemini31FlashImage instead.' [C:\Users\lordo\Documents\GitHub\llmtornado\src\LlmTornado\LlmTornado.csproj::TargetFramework=net8.0]
C:\Users\lordo\Documents\GitHub\llmtornado\src\LlmTornado\Chat\Models\Google\ChatModelGoogleGeminiPreview.cs(347,107): warning CS0618: 'ChatModelGoogleGeminiPreview.ModelGemini25FlashLitePreview0925' is obsolete: 'Shut down March 31, 2026. Use ModelGemini31FlashLite instead.' [C:\Users\lordo\Documents\GitHub\llmtornado\src\LlmTornado\LlmTornado.csproj::TargetFramework=net8.0]
C:\Users\lordo\Documents\GitHub\llmtornado\src\LlmTornado\Chat\Models\Google\ChatModelGoogleGeminiPreview.cs(348,41): warning CS0618: 'ChatModelGoogleGeminiPreview.ModelGeminiRoboticsRe15Preview' is obsolete: 'Shut down April 30, 2026. Use GeminiRoboticsRe16Preview instead.' [C:\Users\lordo\Documents\GitHub\llmtornado\src\LlmTornado\LlmTornado.csproj::TargetFramework=net8.0]
C:\Users\lordo\Documents\GitHub\llmtornado\src\LlmTornado\Chat\Models\Google\ChatModelGoogleGemini.cs(329,9): warning CS0618: 'ChatModelGoogleGemini.ModelGemini15ProLatest' is obsolete: 'Use ModelGemini25Pro instead.' [C:\Users\lordo\Documents\GitHub\llmtornado\src\LlmTornado\LlmTornado.csproj::TargetFramework=net8.0]
C:\Users\lordo\Documents\GitHub\llmtornado\src\LlmTornado\Chat\Models\Google\ChatModelGoogleGemini.cs(330,9): warning CS0618: 'ChatModelGoogleGemini.ModelGemini15Pro' is obsolete: 'Use ModelGemini25Pro instead.' [C:\Users\lordo\Documents\GitHub\llmtornado\src\LlmTornado\LlmTornado.csproj::TargetFramework=net8.0]
C:\Users\lordo\Documents\GitHub\llmtornado\src\LlmTornado\Chat\Models\Google\ChatModelGoogleGemini.cs(330,27): warning CS0618: 'ChatModelGoogleGemini.ModelGemini15Pro001' is obsolete: 'Use ModelGemini25Pro instead.' [C:\Users\lordo\Documents\GitHub\llmtornado\src\LlmTornado\LlmTornado.csproj::TargetFramework=net8.0]
C:\Users\lordo\Documents\GitHub\llmtornado\src\LlmTornado\Chat\Models\Google\ChatModelGoogleGemini.cs(330,48): warning CS0618: 'ChatModelGoogleGemini.ModelGemini15Pro002' is obsolete: 'Use ModelGemini25Pro instead.' [C:\Users\lordo\Documents\GitHub\llmtornado\src\LlmTornado\LlmTornado.csproj::TargetFramework=net8.0]
C:\Users\lordo\Documents\GitHub\llmtornado\src\LlmTornado\Chat\Models\Google\ChatModelGoogleGemini.cs(330,69): warning CS0618: 'ChatModelGoogleGemini.ModelGemini15Flash8B' is obsolete: 'Use ModelGeminiFlashLatest instead.' [C:\Users\lordo\Documents\GitHub\llmtornado\src\LlmTornado\LlmTornado.csproj::TargetFramework=net8.0]
C:\Users\lordo\Documents\GitHub\llmtornado\src\LlmTornado\Chat\Models\Google\ChatModelGoogleGemini.cs(330,91): warning CS0618: 'ChatModelGoogleGemini.ModelGemini15Flash8BLatest' is obsolete: 'Use ModelGeminiFlashLatest instead.' [C:\Users\lordo\Documents\GitHub\llmtornado\src\LlmTornado\LlmTornado.csproj::TargetFramework=net8.0]
C:\Users\lordo\Documents\GitHub\llmtornado\src\LlmTornado\Chat\Models\Google\ChatModelGoogleGemini.cs(330,119): warning CS0618: 'ChatModelGoogleGemini.ModelGemini2Flash001' is obsolete: 'Shut down June 1, 2026. Use ModelGemini25Flash or ModelGemini35Flash instead.' [C:\Users\lordo\Documents\GitHub\llmtornado\src\LlmTornado\LlmTornado.csproj::TargetFramework=net8.0]
C:\Users\lordo\Documents\GitHub\llmtornado\src\LlmTornado\Chat\Models\Google\ChatModelGoogleGemini.cs(331,9): warning CS0618: 'ChatModelGoogleGemini.ModelGemini2FlashLatest' is obsolete: 'Shut down June 1, 2026. Use ModelGemini25Flash or ModelGemini35Flash instead.' [C:\Users\lordo\Documents\GitHub\llmtornado\src\LlmTornado\LlmTornado.csproj::TargetFramework=net8.0]
C:\Users\lordo\Documents\GitHub\llmtornado\src\LlmTornado\Chat\Models\Google\ChatModelGoogleGemini.cs(331,34): warning CS0618: 'ChatModelGoogleGemini.ModelGemini2FlashLite001' is obsolete: 'Shut down June 1, 2026. Use ModelGemini25FlashLite or ModelGemini31FlashLite instead.' [C:\Users\lordo\Documents\GitHub\llmtornado\src\LlmTornado\LlmTornado.csproj::TargetFramework=net8.0]
C:\Users\lordo\Documents\GitHub\llmtornado\src\LlmTornado\Chat\Models\Google\ChatModelGoogleGemini.cs(331,60): warning CS0618: 'ChatModelGoogleGemini.ModelGemini2FlashLiteLatest' is obsolete: 'Shut down June 1, 2026. Use ModelGemini25FlashLite or ModelGemini31FlashLite instead.' [C:\Users\lordo\Documents\GitHub\llmtornado\src\LlmTornado\LlmTornado.csproj::TargetFramework=net8.0]
C:\Users\lordo\Documents\GitHub\llmtornado\src\LlmTornado\Chat\Vendors\Google\VendorGoogleChatRequest.cs(754,23): warning CS8618: Non-nullable property 'MimeType' must contain a non-null value when exiting constructor. Consider adding the 'required' modifier or declaring the property as nullable. [C:\Users\lordo\Documents\GitHub\llmtornado\src\LlmTornado\LlmTornado.csproj::TargetFramework=net8.0]
C:\Users\lordo\Documents\GitHub\llmtornado\src\LlmTornado\Chat\Vendors\Google\VendorGoogleChatRequest.cs(760,23): warning CS8618: Non-nullable property 'Data' must contain a non-null value when exiting constructor. Consider adding the 'required' modifier or declaring the property as nullable. [C:\Users\lordo\Documents\GitHub\llmtornado\src\LlmTornado\LlmTornado.csproj::TargetFramework=net8.0]
C:\Users\lordo\Documents\GitHub\llmtornado\src\LlmTornado\Chat\Models\Google\ChatModelGoogle.cs(82,9): warning CS0618: 'ChatModelGoogleGeminiPreview.ModelGemini31FlashLitePreview' is obsolete: 'Shut down May 25, 2026. Use ModelGemini31FlashLite instead.' [C:\Users\lordo\Documents\GitHub\llmtornado\src\LlmTornado\LlmTornado.csproj::TargetFramework=net8.0]
C:\Users\lordo\Documents\GitHub\llmtornado\src\LlmTornado\Chat\Models\Google\ChatModelGoogle.cs(83,9): warning CS0618: 'ChatModelGoogleGeminiPreview.ModelGemini3ProPreview' is obsolete: 'Shut down March 9, 2026. Use ModelGemini31ProPreview instead.' [C:\Users\lordo\Documents\GitHub\llmtornado\src\LlmTornado\LlmTornado.csproj::TargetFramework=net8.0]
C:\Users\lordo\Documents\GitHub\llmtornado\src\LlmTornado\Chat\Models\Google\ChatModelGoogle.cs(102,9): warning CS0618: 'ChatModelGoogleGeminiPreview.ModelGemini31FlashLitePreview' is obsolete: 'Shut down May 25, 2026. Use ModelGemini31FlashLite instead.' [C:\Users\lordo\Documents\GitHub\llmtornado\src\LlmTornado\LlmTornado.csproj::TargetFramework=net8.0]
C:\Users\lordo\Documents\GitHub\llmtornado\src\LlmTornado\Chat\Models\Google\ChatModelGoogle.cs(103,9): warning CS0618: 'ChatModelGoogleGeminiPreview.ModelGemini3ProPreview' is obsolete: 'Shut down March 9, 2026. Use ModelGemini31ProPreview instead.' [C:\Users\lordo\Documents\GitHub\llmtornado\src\LlmTornado\LlmTornado.csproj::TargetFramework=net8.0]
C:\Users\lordo\Documents\GitHub\llmtornado\src\LlmTornado\Chat\Models\Google\ChatModelGoogle.cs(105,9): warning CS0618: 'ChatModelGoogleGeminiPreview.ModelGemini3ProImagePreview' is obsolete: 'Shut down June 25, 2026. Use ModelGemini3ProImage instead.' [C:\Users\lordo\Documents\GitHub\llmtornado\src\LlmTornado\LlmTornado.csproj::TargetFramework=net8.0]
C:\Users\lordo\Documents\GitHub\llmtornado\src\LlmTornado\Chat\Models\Google\ChatModelGoogle.cs(110,9): warning CS0618: 'ChatModelGoogleGeminiPreview.ModelGemini31FlashImagePreview' is obsolete: 'Shut down June 25, 2026. Use ModelGemini31FlashImage instead.' [C:\Users\lordo\Documents\GitHub\llmtornado\src\LlmTornado\LlmTornado.csproj::TargetFramework=net8.0]
C:\Users\lordo\Documents\GitHub\llmtornado\src\LlmTornado\Chat\Models\Google\ChatModelGoogle.cs(117,9): warning CS0618: 'ChatModelGoogleGeminiPreview.ModelGemini3ProPreview' is obsolete: 'Shut down March 9, 2026. Use ModelGemini31ProPreview instead.' [C:\Users\lordo\Documents\GitHub\llmtornado\src\LlmTornado\LlmTornado.csproj::TargetFramework=net8.0]
C:\Users\lordo\Documents\GitHub\llmtornado\src\LlmTornado\Chat\Models\Google\ChatModelGoogle.cs(119,9): warning CS0618: 'ChatModelGoogleGeminiPreview.ModelGemini3ProImagePreview' is obsolete: 'Shut down June 25, 2026. Use ModelGemini3ProImage instead.' [C:\Users\lordo\Documents\GitHub\llmtornado\src\LlmTornado\LlmTornado.csproj::TargetFramework=net8.0]
C:\Users\lordo\Documents\GitHub\llmtornado\src\LlmTornado\Chat\Models\Google\ChatModelGoogle.cs(140,9): warning CS0618: 'ChatModelGoogleGeminiPreview.ModelGemini31FlashLitePreview' is obsolete: 'Shut down May 25, 2026. Use ModelGemini31FlashLite instead.' [C:\Users\lordo\Documents\GitHub\llmtornado\src\LlmTornado\LlmTornado.csproj::TargetFramework=net8.0]
C:\Users\lordo\Documents\GitHub\llmtornado\src\LlmTornado\Chat\Models\Google\ChatModelGoogle.cs(142,9): warning CS0618: 'ChatModelGoogleGeminiPreview.ModelGemini31FlashImagePreview' is obsolete: 'Shut down June 25, 2026. Use ModelGemini31FlashImage instead.' [C:\Users\lordo\Documents\GitHub\llmtornado\src\LlmTornado\LlmTornado.csproj::TargetFramework=net8.0]
C:\Users\lordo\Documents\GitHub\llmtornado\src\LlmTornado\Chat\Models\Google\ChatModelGoogle.cs(157,9): warning CS0618: 'ChatModelGoogleGeminiPreview.ModelGemini31FlashLitePreview' is obsolete: 'Shut down May 25, 2026. Use ModelGemini31FlashLite instead.' [C:\Users\lordo\Documents\GitHub\llmtornado\src\LlmTornado\LlmTornado.csproj::TargetFramework=net8.0]
C:\Users\lordo\Documents\GitHub\llmtornado\src\LlmTornado\Chat\Models\Google\ChatModelGoogle.cs(168,9): warning CS0618: 'ChatModelGoogleGeminiPreview.ModelGemini31FlashLitePreview' is obsolete: 'Shut down May 25, 2026. Use ModelGemini31FlashLite instead.' [C:\Users\lordo\Documents\GitHub\llmtornado\src\LlmTornado\LlmTornado.csproj::TargetFramework=net8.0]
C:\Users\lordo\Documents\GitHub\llmtornado\src\LlmTornado\Chat\Models\Google\ChatModelGoogle.cs(173,9): warning CS0618: 'ChatModelGoogleGemini.ModelGemini2Flash001' is obsolete: 'Shut down June 1, 2026. Use ModelGemini25Flash or ModelGemini35Flash instead.' [C:\Users\lordo\Documents\GitHub\llmtornado\src\LlmTornado\LlmTornado.csproj::TargetFramework=net8.0]
C:\Users\lordo\Documents\GitHub\llmtornado\src\LlmTornado\Chat\Models\Google\ChatModelGoogle.cs(174,9): warning CS0618: 'ChatModelGoogleGemini.ModelGemini2FlashLatest' is obsolete: 'Shut down June 1, 2026. Use ModelGemini25Flash or ModelGemini35Flash instead.' [C:\Users\lordo\Documents\GitHub\llmtornado\src\LlmTornado\LlmTornado.csproj::TargetFramework=net8.0]
C:\Users\lordo\Documents\GitHub\llmtornado\src\LlmTornado\Chat\Models\Google\ChatModelGoogle.cs(183,9): warning CS0618: 'ChatModelGoogleGemini.ModelGemini15Pro' is obsolete: 'Use ModelGemini25Pro instead.' [C:\Users\lordo\Documents\GitHub\llmtornado\src\LlmTornado\LlmTornado.csproj::TargetFramework=net8.0]
C:\Users\lordo\Documents\GitHub\llmtornado\src\LlmTornado\Chat\Models\Google\ChatModelGoogle.cs(184,9): warning CS0618: 'ChatModelGoogleGemini.ModelGemini15Flash8B' is obsolete: 'Use ModelGeminiFlashLatest instead.' [C:\Users\lordo\Documents\GitHub\llmtornado\src\LlmTornado\LlmTornado.csproj::TargetFramework=net8.0]
C:\Users\lordo\Documents\GitHub\llmtornado\src\LlmTornado\Chat\Models\Google\ChatModelGoogle.cs(206,586): warning CS0618: 'ChatModelGoogleGeminiPreview.ModelGemini31FlashLitePreview' is obsolete: 'Shut down May 25, 2026. Use ModelGemini31FlashLite instead.' [C:\Users\lordo\Documents\GitHub\llmtornado\src\LlmTornado\LlmTornado.csproj::TargetFramework=net8.0]
C:\Users\lordo\Documents\GitHub\llmtornado\src\LlmTornado\Chat\Models\Google\ChatModelGoogle.cs(217,9): warning CS0618: 'ChatModelGoogleGeminiPreview.ModelGemini25FlashImagePreview' is obsolete: 'Shut down January 15, 2026. Use ModelGemini3ProImage or ModelGemini31FlashImage instead.' [C:\Users\lordo\Documents\GitHub\llmtornado\src\LlmTornado\LlmTornado.csproj::TargetFramework=net8.0]
C:\Users\lordo\Documents\GitHub\llmtornado\src\LlmTornado\Chat\Models\Google\ChatModelGoogle.cs(219,9): warning CS0618: 'ChatModelGoogleGeminiPreview.ModelGemini3ProImagePreview' is obsolete: 'Shut down June 25, 2026. Use ModelGemini3ProImage instead.' [C:\Users\lordo\Documents\GitHub\llmtornado\src\LlmTornado\LlmTornado.csproj::TargetFramework=net8.0]
C:\Users\lordo\Documents\GitHub\llmtornado\src\LlmTornado\Chat\Models\Google\ChatModelGoogle.cs(221,9): warning CS0618: 'ChatModelGoogleGeminiPreview.ModelGemini31FlashImagePreview' is obsolete: 'Shut down June 25, 2026. Use ModelGemini31FlashImage instead.' [C:\Users\lordo\Documents\GitHub\llmtornado\src\LlmTornado\LlmTornado.csproj::TargetFramework=net8.0]
C:\Users\lordo\Documents\GitHub\llmtornado\src\LlmTornado\Chat\Vendors\Google\VendorGoogleChatRequest.cs(742,23): warning CS8618: Non-nullable property 'FileUri' must contain a non-null value when exiting constructor. Consider adding the 'required' modifier or declaring the property as nullable. [C:\Users\lordo\Documents\GitHub\llmtornado\src\LlmTornado\LlmTornado.csproj::TargetFramework=net8.0]
C:\Users\lordo\Documents\GitHub\llmtornado\src\LlmTornado\Chat\Vendors\Google\VendorGoogleChatRequest.cs(686,23): warning CS8618: Non-nullable property 'Name' must contain a non-null value when exiting constructor. Consider adding the 'required' modifier or declaring the property as nullable. [C:\Users\lordo\Documents\GitHub\llmtornado\src\LlmTornado\LlmTornado.csproj::TargetFramework=net8.0]
C:\Users\lordo\Documents\GitHub\llmtornado\src\LlmTornado\Chat\Models\ChatModel.cs(491,45): warning CS8618: Non-nullable property 'ModelsByName' must contain a non-null value when exiting constructor. Consider adding the 'required' modifier or declaring the property as nullable. [C:\Users\lordo\Documents\GitHub\llmtornado\src\LlmTornado\LlmTornado.csproj::TargetFramework=net8.0]
C:\Users\lordo\Documents\GitHub\llmtornado\src\LlmTornado\Code\PartialModels.cs(1607,12): warning CS8618: Non-nullable property 'Url' must contain a non-null value when exiting constructor. Consider adding the 'required' modifier or declaring the property as nullable. [C:\Users\lordo\Documents\GitHub\llmtornado\src\LlmTornado\LlmTornado.csproj::TargetFramework=net8.0]
C:\Users\lordo\Documents\GitHub\llmtornado\src\LlmTornado\Code\PartialModels.cs(1479,31): warning CS8618: Non-nullable property 'FunctionCalls' must contain a non-null value when exiting constructor. Consider adding the 'required' modifier or declaring the property as nullable. [C:\Users\lordo\Documents\GitHub\llmtornado\src\LlmTornado\LlmTornado.csproj::TargetFramework=net8.0]
C:\Users\lordo\Documents\GitHub\llmtornado\src\LlmTornado\Code\PartialModels.cs(1480,33): warning CS8618: Non-nullable property 'CustomToolCalls' must contain a non-null value when exiting constructor. Consider adding the 'required' modifier or declaring the property as nullable. [C:\Users\lordo\Documents\GitHub\llmtornado\src\LlmTornado\LlmTornado.csproj::TargetFramework=net8.0]
C:\Users\lordo\Documents\GitHub\llmtornado\src\LlmTornado\Code\PartialModels.cs(1029,19): warning CS8618: Non-nullable property 'Id' must contain a non-null value when exiting constructor. Consider adding the 'required' modifier or declaring the property as nullable. [C:\Users\lordo\Documents\GitHub\llmtornado\src\LlmTornado\LlmTornado.csproj::TargetFramework=net8.0]
C:\Users\lordo\Documents\GitHub\llmtornado\src\LlmTornado\Code\PartialModels.cs(1052,19): warning CS8618: Non-nullable property 'Transcript' must contain a non-null value when exiting constructor. Consider adding the 'required' modifier or declaring the property as nullable. [C:\Users\lordo\Documents\GitHub\llmtornado\src\LlmTornado\LlmTornado.csproj::TargetFramework=net8.0]
C:\Users\lordo\Documents\GitHub\llmtornado\src\LlmTornado\Code\PartialModels.cs(995,21): warning CS8618: Non-nullable property 'ToolCall' must contain a non-null value when exiting constructor. Consider adding the 'required' modifier or declaring the property as nullable. [C:\Users\lordo\Documents\GitHub\llmtornado\src\LlmTornado\LlmTornado.csproj::TargetFramework=net8.0]
C:\Users\lordo\Documents\GitHub\llmtornado\src\LlmTornado\Code\PartialModels.cs(996,26): warning CS8618: Non-nullable property 'ArgumentsBuilder' must contain a non-null value when exiting constructor. Consider adding the 'required' modifier or declaring the property as nullable. [C:\Users\lordo\Documents\GitHub\llmtornado\src\LlmTornado\LlmTornado.csproj::TargetFramework=net8.0]
C:\Users\lordo\Documents\GitHub\llmtornado\src\LlmTornado\Chat\Vendors\Google\VendorGoogleChatRequest.cs(644,23): warning CS8618: Non-nullable property 'Name' must contain a non-null value when exiting constructor. Consider adding the 'required' modifier or declaring the property as nullable. [C:\Users\lordo\Documents\GitHub\llmtornado\src\LlmTornado\LlmTornado.csproj::TargetFramework=net8.0]
C:\Users\lordo\Documents\GitHub\llmtornado\src\LlmTornado\Chat\Vendors\Google\VendorGoogleChatRequest.cs(629,23): warning CS8618: Non-nullable property 'MimeType' must contain a non-null value when exiting constructor. Consider adding the 'required' modifier or declaring the property as nullable. [C:\Users\lordo\Documents\GitHub\llmtornado\src\LlmTornado\LlmTornado.csproj::TargetFramework=net8.0]
C:\Users\lordo\Documents\GitHub\llmtornado\src\LlmTornado\Chat\Vendors\Google\VendorGoogleChatRequest.cs(635,23): warning CS8618: Non-nullable property 'Data' must contain a non-null value when exiting constructor. Consider adding the 'required' modifier or declaring the property as nullable. [C:\Users\lordo\Documents\GitHub\llmtornado\src\LlmTornado\LlmTornado.csproj::TargetFramework=net8.0]
C:\Users\lordo\Documents\GitHub\llmtornado\src\LlmTornado\Chat\Models\Anthropic\ChatModelAnthropicClaude3.cs(50,106): warning CS0618: 'ChatModelAnthropicClaude3.ModelSonnet' is obsolete: 'deprecated' [C:\Users\lordo\Documents\GitHub\llmtornado\src\LlmTornado\LlmTornado.csproj::TargetFramework=net8.0]
C:\Users\lordo\Documents\GitHub\llmtornado\src\LlmTornado\Chat\Vendors\Alibaba\VendorAlibabaChatRequest.cs(18,50): warning CS8604: Possible null reference argument for parameter 'o' in 'JObject JObject.FromObject(object o, JsonSerializer jsonSerializer)'. [C:\Users\lordo\Documents\GitHub\llmtornado\src\LlmTornado\LlmTornado.csproj::TargetFramework=net8.0]
C:\Users\lordo\Documents\GitHub\llmtornado\src\LlmTornado\Vendor\Anthropic\VendorAnthropicChatResultContainer.cs(22,19): warning CS8618: Non-nullable property 'Type' must contain a non-null value when exiting constructor. Consider adding the 'required' modifier or declaring the property as nullable. [C:\Users\lordo\Documents\GitHub\llmtornado\src\LlmTornado\LlmTornado.csproj::TargetFramework=net8.0]
C:\Users\lordo\Documents\GitHub\llmtornado\src\LlmTornado\Vendor\Anthropic\VendorAnthropicChatResultContainer.cs(25,19): warning CS8618: Non-nullable property 'SkillId' must contain a non-null value when exiting constructor. Consider adding the 'required' modifier or declaring the property as nullable. [C:\Users\lordo\Documents\GitHub\llmtornado\src\LlmTornado\LlmTornado.csproj::TargetFramework=net8.0]
C:\Users\lordo\Documents\GitHub\llmtornado\src\LlmTornado\Vendor\Anthropic\VendorAnthropicChatResultContainer.cs(28,19): warning CS8618: Non-nullable property 'Version' must contain a non-null value when exiting constructor. Consider adding the 'required' modifier or declaring the property as nullable. [C:\Users\lordo\Documents\GitHub\llmtornado\src\LlmTornado\LlmTornado.csproj::TargetFramework=net8.0]
C:\Users\lordo\Documents\GitHub\llmtornado\src\LlmTornado\Chat\Vendors\Google\VendorGoogleChatRequest.cs(364,32): warning CS8601: Possible null reference assignment. [C:\Users\lordo\Documents\GitHub\llmtornado\src\LlmTornado\LlmTornado.csproj::TargetFramework=net8.0]
C:\Users\lordo\Documents\GitHub\llmtornado\src\LlmTornado\Vendor\Anthropic\VendorAnthropicChatResultContainer.cs(10,19): warning CS8618: Non-nullable property 'Id' must contain a non-null value when exiting constructor. Consider adding the 'required' modifier or declaring the property as nullable. [C:\Users\lordo\Documents\GitHub\llmtornado\src\LlmTornado\LlmTornado.csproj::TargetFramework=net8.0]
C:\Users\lordo\Documents\GitHub\llmtornado\src\LlmTornado\Vendor\Anthropic\VendorAnthropicChatResultContainer.cs(16,54): warning CS8618: Non-nullable property 'Skills' must contain a non-null value when exiting constructor. Consider adding the 'required' modifier or declaring the property as nullable. [C:\Users\lordo\Documents\GitHub\llmtornado\src\LlmTornado\LlmTornado.csproj::TargetFramework=net8.0]
C:\Users\lordo\Documents\GitHub\llmtornado\src\LlmTornado\Chat\Vendors\Google\VendorGoogleChatResult.cs(680,19): warning CS8618: Non-nullable property 'Source' must contain a non-null value when exiting constructor. Consider adding the 'required' modifier or declaring the property as nullable. [C:\Users\lordo\Documents\GitHub\llmtornado\src\LlmTornado\LlmTornado.csproj::TargetFramework=net8.0]
C:\Users\lordo\Documents\GitHub\llmtornado\src\LlmTornado\Chat\Vendors\Google\VendorGoogleChatResult.cs(686,19): warning CS8618: Non-nullable property 'Chunk' must contain a non-null value when exiting constructor. Consider adding the 'required' modifier or declaring the property as nullable. [C:\Users\lordo\Documents\GitHub\llmtornado\src\LlmTornado\LlmTornado.csproj::TargetFramework=net8.0]
C:\Users\lordo\Documents\GitHub\llmtornado\src\LlmTornado\Chat\Vendors\Google\VendorGoogleChatResult.cs(662,19): warning CS8618: Non-nullable property 'PassageId' must contain a non-null value when exiting constructor. Consider adding the 'required' modifier or declaring the property as nullable. [C:\Users\lordo\Documents\GitHub\llmtornado\src\LlmTornado\LlmTornado.csproj::TargetFramework=net8.0]
C:\Users\lordo\Documents\GitHub\llmtornado\src\LlmTornado\Chat\Vendors\Google\VendorGoogleChatResult.cs(644,53): warning CS8618: Non-nullable property 'GroundingPassage' must contain a non-null value when exiting constructor. Consider adding the 'required' modifier or declaring the property as nullable. [C:\Users\lordo\Documents\GitHub\llmtornado\src\LlmTornado\LlmTornado.csproj::TargetFramework=net8.0]
C:\Users\lordo\Documents\GitHub\llmtornado\src\LlmTornado\Chat\Vendors\Google\VendorGoogleChatResult.cs(650,57): warning CS8618: Non-nullable property 'SemanticRetrieverChunk' must contain a non-null value when exiting constructor. Consider adding the 'required' modifier or declaring the property as nullable. [C:\Users\lordo\Documents\GitHub\llmtornado\src\LlmTornado\LlmTornado.csproj::TargetFramework=net8.0]
C:\Users\lordo\Documents\GitHub\llmtornado\src\LlmTornado\Chat\Vendors\Google\VendorGoogleChatResult.cs(626,54): warning CS8618: Non-nullable property 'SourceId' must contain a non-null value when exiting constructor. Consider adding the 'required' modifier or declaring the property as nullable. [C:\Users\lordo\Documents\GitHub\llmtornado\src\LlmTornado\LlmTornado.csproj::TargetFramework=net8.0]
C:\Users\lordo\Documents\GitHub\llmtornado\src\LlmTornado\Chat\Vendors\Google\VendorGoogleChatResult.cs(632,67): warning CS8618: Non-nullable property 'Content' must contain a non-null value when exiting constructor. Consider adding the 'required' modifier or declaring the property as nullable. [C:\Users\lordo\Documents\GitHub\llmtornado\src\LlmTornado\LlmTornado.csproj::TargetFramework=net8.0]
C:\Users\lordo\Documents\GitHub\llmtornado\src\LlmTornado\Chat\Vendors\Google\VendorGoogleChatResult.cs(594,19): warning CS8618: Non-nullable property 'RenderedContent' must contain a non-null value when exiting constructor. Consider adding the 'required' modifier or declaring the property as nullable. [C:\Users\lordo\Documents\GitHub\llmtornado\src\LlmTornado\LlmTornado.csproj::TargetFramework=net8.0]
C:\Users\lordo\Documents\GitHub\llmtornado\src\LlmTornado\Chat\Vendors\Google\VendorGoogleChatResult.cs(601,19): warning CS8618: Non-nullable property 'SdkBlob' must contain a non-null value when exiting constructor. Consider adding the 'required' modifier or declaring the property as nullable. [C:\Users\lordo\Documents\GitHub\llmtornado\src\LlmTornado\LlmTornado.csproj::TargetFramework=net8.0]
C:\Users\lordo\Documents\GitHub\llmtornado\src\LlmTornado\Chat\Vendors\Google\VendorGoogleChatResult.cs(582,19): warning CS8618: Non-nullable property 'Text' must contain a non-null value when exiting constructor. Consider adding the 'required' modifier or declaring the property as nullable. [C:\Users\lordo\Documents\GitHub\llmtornado\src\LlmTornado\LlmTornado.csproj::TargetFramework=net8.0]
C:\Users\lordo\Documents\GitHub\llmtornado\src\LlmTornado\Chat\Vendors\Google\VendorGoogleChatResult.cs(552,42): warning CS8618: Non-nullable property 'Segment' must contain a non-null value when exiting constructor. Consider adding the 'required' modifier or declaring the property as nullable. [C:\Users\lordo\Documents\GitHub\llmtornado\src\LlmTornado\LlmTornado.csproj::TargetFramework=net8.0]
C:\Users\lordo\Documents\GitHub\llmtornado\src\LlmTornado\Code\PartialModels.cs(296,19): warning CS8618: Non-nullable property 'Content' must contain a non-null value when exiting constructor. Consider adding the 'required' modifier or declaring the property as nullable. [C:\Users\lordo\Documents\GitHub\llmtornado\src\LlmTornado\LlmTornado.csproj::TargetFramework=net8.0]
C:\Users\lordo\Documents\GitHub\llmtornado\src\LlmTornado\Code\PartialModels.cs(301,19): warning CS8618: Non-nullable property 'Signature' must contain a non-null value when exiting constructor. Consider adding the 'required' modifier or declaring the property as nullable. [C:\Users\lordo\Documents\GitHub\llmtornado\src\LlmTornado\LlmTornado.csproj::TargetFramework=net8.0]
C:\Users\lordo\Documents\GitHub\llmtornado\src\LlmTornado\Code\PartialModels.cs(84,22): warning CS8618: Non-nullable property 'Exception' must contain a non-null value when exiting constructor. Consider adding the 'required' modifier or declaring the property as nullable. [C:\Users\lordo\Documents\GitHub\llmtornado\src\LlmTornado\LlmTornado.csproj::TargetFramework=net8.0]
C:\Users\lordo\Documents\GitHub\llmtornado\src\LlmTornado\Code\PartialModels.cs(99,32): warning CS8618: Non-nullable property 'RawMessage' must contain a non-null value when exiting constructor. Consider adding the 'required' modifier or declaring the property as nullable. [C:\Users\lordo\Documents\GitHub\llmtornado\src\LlmTornado\LlmTornado.csproj::TargetFramework=net8.0]
C:\Users\lordo\Documents\GitHub\llmtornado\src\LlmTornado\Code\PartialModels.cs(104,34): warning CS8618: Non-nullable property 'Body' must contain a non-null value when exiting constructor. Consider adding the 'required' modifier or declaring the property as nullable. [C:\Users\lordo\Documents\GitHub\llmtornado\src\LlmTornado\LlmTornado.csproj::TargetFramework=net8.0]
C:\Users\lordo\Documents\GitHub\llmtornado\src\LlmTornado\Code\PartialModels.cs(63,19): warning CS8618: Non-nullable property 'Stream' must contain a non-null value when exiting constructor. Consider adding the 'required' modifier or declaring the property as nullable. [C:\Users\lordo\Documents\GitHub\llmtornado\src\LlmTornado\LlmTornado.csproj::TargetFramework=net8.0]
C:\Users\lordo\Documents\GitHub\llmtornado\src\LlmTornado\Code\PartialModels.cs(68,26): warning CS8618: Non-nullable property 'Headers' must contain a non-null value when exiting constructor. Consider adding the 'required' modifier or declaring the property as nullable. [C:\Users\lordo\Documents\GitHub\llmtornado\src\LlmTornado\LlmTornado.csproj::TargetFramework=net8.0]
C:\Users\lordo\Documents\GitHub\llmtornado\src\LlmTornado\Code\PartialModels.cs(73,32): warning CS8618: Non-nullable property 'Response' must contain a non-null value when exiting constructor. Consider adding the 'required' modifier or declaring the property as nullable. [C:\Users\lordo\Documents\GitHub\llmtornado\src\LlmTornado\LlmTornado.csproj::TargetFramework=net8.0]
C:\Users\lordo\Documents\GitHub\llmtornado\src\LlmTornado\Chat\Vendors\Google\VendorGoogleChatResult.cs(516,19): warning CS8618: Non-nullable property 'ReviewId' must contain a non-null value when exiting constructor. Consider adding the 'required' modifier or declaring the property as nullable. [C:\Users\lordo\Documents\GitHub\llmtornado\src\LlmTornado\LlmTornado.csproj::TargetFramework=net8.0]
C:\Users\lordo\Documents\GitHub\llmtornado\src\LlmTornado\Chat\Vendors\Google\VendorGoogleChatResult.cs(522,19): warning CS8618: Non-nullable property 'GoogleMapsUri' must contain a non-null value when exiting constructor. Consider adding the 'required' modifier or declaring the property as nullable. [C:\Users\lordo\Documents\GitHub\llmtornado\src\LlmTornado\LlmTornado.csproj::TargetFramework=net8.0]
C:\Users\lordo\Documents\GitHub\llmtornado\src\LlmTornado\Chat\Vendors\Google\VendorGoogleChatResult.cs(528,19): warning CS8618: Non-nullable property 'Title' must contain a non-null value when exiting constructor. Consider adding the 'required' modifier or declaring the property as nullable. [C:\Users\lordo\Documents\GitHub\llmtornado\src\LlmTornado\LlmTornado.csproj::TargetFramework=net8.0]
C:\Users\lordo\Documents\GitHub\llmtornado\src\LlmTornado\Chat\Vendors\Google\VendorGoogleChatResult.cs(468,19): warning CS8618: Non-nullable property 'Uri' must contain a non-null value when exiting constructor. Consider adding the 'required' modifier or declaring the property as nullable. [C:\Users\lordo\Documents\GitHub\llmtornado\src\LlmTornado\LlmTornado.csproj::TargetFramework=net8.0]
C:\Users\lordo\Documents\GitHub\llmtornado\src\LlmTornado\Chat\Vendors\Google\VendorGoogleChatResult.cs(474,19): warning CS8618: Non-nullable property 'Title' must contain a non-null value when exiting constructor. Consider adding the 'required' modifier or declaring the property as nullable. [C:\Users\lordo\Documents\GitHub\llmtornado\src\LlmTornado\LlmTornado.csproj::TargetFramework=net8.0]
C:\Users\lordo\Documents\GitHub\llmtornado\src\LlmTornado\Chat\Vendors\Google\VendorGoogleChatResult.cs(480,19): warning CS8618: Non-nullable property 'Text' must contain a non-null value when exiting constructor. Consider adding the 'required' modifier or declaring the property as nullable. [C:\Users\lordo\Documents\GitHub\llmtornado\src\LlmTornado\LlmTornado.csproj::TargetFramework=net8.0]
C:\Users\lordo\Documents\GitHub\llmtornado\src\LlmTornado\Chat\Vendors\Google\VendorGoogleChatResult.cs(486,19): warning CS8618: Non-nullable property 'PlaceId' must contain a non-null value when exiting constructor. Consider adding the 'required' modifier or declaring the property as nullable. [C:\Users\lordo\Documents\GitHub\llmtornado\src\LlmTornado\LlmTornado.csproj::TargetFramework=net8.0]
C:\Users\lordo\Documents\GitHub\llmtornado\src\LlmTornado\Chat\Vendors\Google\VendorGoogleChatResult.cs(450,19): warning CS8618: Non-nullable property 'Uri' must contain a non-null value when exiting constructor. Consider adding the 'required' modifier or declaring the property as nullable. [C:\Users\lordo\Documents\GitHub\llmtornado\src\LlmTornado\LlmTornado.csproj::TargetFramework=net8.0]
C:\Users\lordo\Documents\GitHub\llmtornado\src\LlmTornado\Chat\Vendors\Google\VendorGoogleChatResult.cs(456,19): warning CS8618: Non-nullable property 'Title' must contain a non-null value when exiting constructor. Consider adding the 'required' modifier or declaring the property as nullable. [C:\Users\lordo\Documents\GitHub\llmtornado\src\LlmTornado\LlmTornado.csproj::TargetFramework=net8.0]
C:\Users\lordo\Documents\GitHub\llmtornado\src\LlmTornado\Chat\Vendors\Google\VendorGoogleChatRequest.cs(190,19): warning CS8618: Non-nullable property 'Speaker' must contain a non-null value when exiting constructor. Consider adding the 'required' modifier or declaring the property as nullable. [C:\Users\lordo\Documents\GitHub\llmtornado\src\LlmTornado\LlmTornado.csproj::TargetFramework=net8.0]
C:\Users\lordo\Documents\GitHub\llmtornado\src\LlmTornado\Chat\Vendors\Google\VendorGoogleChatResult.cs(345,52): warning CS8618: Non-nullable property 'RetrievalMetadata' must contain a non-null value when exiting constructor. Consider adding the 'required' modifier or declaring the property as nullable. [C:\Users\lordo\Documents\GitHub\llmtornado\src\LlmTornado\LlmTornado.csproj::TargetFramework=net8.0]
C:\Users\lordo\Documents\GitHub\llmtornado\src\LlmTornado\Chat\Vendors\Google\VendorGoogleChatResult.cs(297,19): warning CS8618: Non-nullable property 'Token' must contain a non-null value when exiting constructor. Consider adding the 'required' modifier or declaring the property as nullable. [C:\Users\lordo\Documents\GitHub\llmtornado\src\LlmTornado\LlmTornado.csproj::TargetFramework=net8.0]
C:\Users\lordo\Documents\GitHub\llmtornado\src\LlmTornado\Code\Models\ModelBase.cs(114,19): warning CS8618: Non-nullable property 'Name' must contain a non-null value when exiting constructor. Consider adding the 'required' modifier or declaring the property as nullable. [C:\Users\lordo\Documents\GitHub\llmtornado\src\LlmTornado\LlmTornado.csproj::TargetFramework=net8.0]
C:\Users\lordo\Documents\GitHub\llmtornado\src\LlmTornado\Code\Models\ModelBase.cs(173,19): warning CS8618: Non-nullable property 'Object' must contain a non-null value when exiting constructor. Consider adding the 'required' modifier or declaring the property as nullable. [C:\Users\lordo\Documents\GitHub\llmtornado\src\LlmTornado\LlmTornado.csproj::TargetFramework=net8.0]
C:\Users\lordo\Documents\GitHub\llmtornado\src\LlmTornado\Chat\Vendors\Google\VendorGoogleChatResult.cs(212,19): warning CS8618: Non-nullable property 'RetrievedUrl' must contain a non-null value when exiting constructor. Consider adding the 'required' modifier or declaring the property as nullable. [C:\Users\lordo\Documents\GitHub\llmtornado\src\LlmTornado\LlmTornado.csproj::TargetFramework=net8.0]
C:\Users\lordo\Documents\GitHub\llmtornado\src\LlmTornado\Code\Extensions.cs(99,20): warning CS8714: The type 'TKey' cannot be used as type parameter 'TKey' in the generic type or method 'Dictionary<TKey, TValue>'. Nullability of type argument 'TKey' doesn't match 'notnull' constraint. [C:\Users\lordo\Documents\GitHub\llmtornado\src\LlmTornado\LlmTornado.csproj::TargetFramework=net8.0]
C:\Users\lordo\Documents\GitHub\llmtornado\src\LlmTornado\Code\Extensions.cs(99,58): warning CS8714: The type 'TKey' cannot be used as type parameter 'TKey' in the generic type or method 'Dictionary<TKey, TValue>'. Nullability of type argument 'TKey' doesn't match 'notnull' constraint. [C:\Users\lordo\Documents\GitHub\llmtornado\src\LlmTornado\LlmTornado.csproj::TargetFramework=net8.0]
C:\Users\lordo\Documents\GitHub\llmtornado\src\LlmTornado\Code\Extensions.cs(112,33): warning CS8714: The type 'TKey' cannot be used as type parameter 'TKey' in the generic type or method 'Dictionary<TKey, TValue>'. Nullability of type argument 'TKey' doesn't match 'notnull' constraint. [C:\Users\lordo\Documents\GitHub\llmtornado\src\LlmTornado\LlmTornado.csproj::TargetFramework=net8.0]
C:\Users\lordo\Documents\GitHub\llmtornado\src\LlmTornado\Code\Extensions.cs(118,33): warning CS8714: The type 'TKey' cannot be used as type parameter 'TKey' in the generic type or method 'Dictionary<TKey, TValue>'. Nullability of type argument 'TKey' doesn't match 'notnull' constraint. [C:\Users\lordo\Documents\GitHub\llmtornado\src\LlmTornado\LlmTornado.csproj::TargetFramework=net8.0]
C:\Users\lordo\Documents\GitHub\llmtornado\src\LlmTornado\Code\Extensions.cs(108,28): warning CS8600: Converting null literal or possible null value to non-nullable type. [C:\Users\lordo\Documents\GitHub\llmtornado\src\LlmTornado\LlmTornado.csproj::TargetFramework=net8.0]
C:\Users\lordo\Documents\GitHub\llmtornado\src\LlmTornado\Chat\Vendors\Anthropic\VendorAnthropicChatResult.cs(331,35): warning CS8604: Possible null reference argument for parameter 'usage' in 'ChatUsage.ChatUsage(VendorAnthropicUsage usage)'. [C:\Users\lordo\Documents\GitHub\llmtornado\src\LlmTornado\LlmTornado.csproj::TargetFramework=net8.0]
C:\Users\lordo\Documents\GitHub\llmtornado\src\LlmTornado\Chat\Vendors\Google\VendorGoogleChatResult.cs(94,30): warning CS8618: Non-nullable property 'Meta' must contain a non-null value when exiting constructor. Consider adding the 'required' modifier or declaring the property as nullable. [C:\Users\lordo\Documents\GitHub\llmtornado\src\LlmTornado\LlmTornado.csproj::TargetFramework=net8.0]
C:\Users\lordo\Documents\GitHub\llmtornado\src\LlmTornado\Chat\Vendors\Google\VendorGoogleChatResult.cs(26,71): warning CS8618: Non-nullable property 'Content' must contain a non-null value when exiting constructor. Consider adding the 'required' modifier or declaring the property as nullable. [C:\Users\lordo\Documents\GitHub\llmtornado\src\LlmTornado\LlmTornado.csproj::TargetFramework=net8.0]
C:\Users\lordo\Documents\GitHub\llmtornado\src\LlmTornado\Chat\Vendors\Cohere\VendorCohereCitationBlock.cs(11,19): warning CS8618: Non-nullable property 'Text' must contain a non-null value when exiting constructor. Consider adding the 'required' modifier or declaring the property as nullable. [C:\Users\lordo\Documents\GitHub\llmtornado\src\LlmTornado\LlmTornado.csproj::TargetFramework=net8.0]
C:\Users\lordo\Documents\GitHub\llmtornado\src\LlmTornado\Chat\Vendors\Cohere\VendorCohereChatTool.cs(50,19): warning CS8618: Non-nullable property 'Name' must contain a non-null value when exiting constructor. Consider adding the 'required' modifier or declaring the property as nullable. [C:\Users\lordo\Documents\GitHub\llmtornado\src\LlmTornado\LlmTornado.csproj::TargetFramework=net8.0]
C:\Users\lordo\Documents\GitHub\llmtornado\src\LlmTornado\Chat\Vendors\Cohere\VendorCohereChatTool.cs(29,19): warning CS8618: Non-nullable property 'Description' must contain a non-null value when exiting constructor. Consider adding the 'required' modifier or declaring the property as nullable. [C:\Users\lordo\Documents\GitHub\llmtornado\src\LlmTornado\LlmTornado.csproj::TargetFramework=net8.0]
C:\Users\lordo\Documents\GitHub\llmtornado\src\LlmTornado\Chat\Vendors\Cohere\VendorCohereChatTool.cs(32,19): warning CS8618: Non-nullable property 'Type' must contain a non-null value when exiting constructor. Consider adding the 'required' modifier or declaring the property as nullable. [C:\Users\lordo\Documents\GitHub\llmtornado\src\LlmTornado\LlmTornado.csproj::TargetFramework=net8.0]
C:\Users\lordo\Documents\GitHub\llmtornado\src\LlmTornado\ManagedAgents\Anthropic\AnthropicManagedAgentSessionsEndpoint.cs(130,70): warning CS8604: Possible null reference argument for parameter 'reader' in 'IAsyncEnumerable<ServerSentEvent> IEndpointProvider.InboundStream(StreamReader reader)'. [C:\Users\lordo\Documents\GitHub\llmtornado\src\LlmTornado\LlmTornado.csproj::TargetFramework=netstandard2.0]
C:\Users\lordo\Documents\GitHub\llmtornado\src\LlmTornado\Chat\Vendors\Anthropic\VendorAnthropicChatResult.cs(270,19): warning CS8618: Non-nullable property 'Id' must contain a non-null value when exiting constructor. Consider adding the 'required' modifier or declaring the property as nullable. [C:\Users\lordo\Documents\GitHub\llmtornado\src\LlmTornado\LlmTornado.csproj::TargetFramework=net8.0]
C:\Users\lordo\Documents\GitHub\llmtornado\src\LlmTornado\Chat\Vendors\Anthropic\VendorAnthropicChatResult.cs(273,19): warning CS8618: Non-nullable property 'Type' must contain a non-null value when exiting constructor. Consider adding the 'required' modifier or declaring the property as nullable. [C:\Users\lordo\Documents\GitHub\llmtornado\src\LlmTornado\LlmTornado.csproj::TargetFramework=net8.0]
C:\Users\lordo\Documents\GitHub\llmtornado\src\LlmTornado\Chat\Vendors\Anthropic\VendorAnthropicChatResult.cs(276,19): warning CS8618: Non-nullable property 'Role' must contain a non-null value when exiting constructor. Consider adding the 'required' modifier or declaring the property as nullable. [C:\Users\lordo\Documents\GitHub\llmtornado\src\LlmTornado\LlmTornado.csproj::TargetFramework=net8.0]
C:\Users\lordo\Documents\GitHub\llmtornado\src\LlmTornado\Chat\Vendors\Anthropic\VendorAnthropicChatResult.cs(283,19): warning CS8618: Non-nullable property 'Model' must contain a non-null value when exiting constructor. Consider adding the 'required' modifier or declaring the property as nullable. [C:\Users\lordo\Documents\GitHub\llmtornado\src\LlmTornado\LlmTornado.csproj::TargetFramework=net8.0]
C:\Users\lordo\Documents\GitHub\llmtornado\src\LlmTornado\Chat\Vendors\Anthropic\VendorAnthropicChatResult.cs(293,19): warning CS8618: Non-nullable property 'StopReason' must contain a non-null value when exiting constructor. Consider adding the 'required' modifier or declaring the property as nullable. [C:\Users\lordo\Documents\GitHub\llmtornado\src\LlmTornado\LlmTornado.csproj::TargetFramework=net8.0]
C:\Users\lordo\Documents\GitHub\llmtornado\src\LlmTornado\Chat\Vendors\Anthropic\VendorAnthropicChatResult.cs(302,33): warning CS8618: Non-nullable property 'Usage' must contain a non-null value when exiting constructor. Consider adding the 'required' modifier or declaring the property as nullable. [C:\Users\lordo\Documents\GitHub\llmtornado\src\LlmTornado\LlmTornado.csproj::TargetFramework=net8.0]
C:\Users\lordo\Documents\GitHub\llmtornado\src\LlmTornado\ManagedAgents\Anthropic\AnthropicManagedAgentSessionsEndpoint.cs(146,51): warning CS8604: Possible null reference argument for parameter 'arg' in 'Task Func<string, Task>.Invoke(string arg)'. [C:\Users\lordo\Documents\GitHub\llmtornado\src\LlmTornado\LlmTornado.csproj::TargetFramework=netstandard2.0]
C:\Users\lordo\Documents\GitHub\llmtornado\src\LlmTornado\Chat\Vendors\Cohere\VendorCohereChatTool.cs(21,19): warning CS8618: Non-nullable property 'Name' must contain a non-null value when exiting constructor. Consider adding the 'required' modifier or declaring the property as nullable. [C:\Users\lordo\Documents\GitHub\llmtornado\src\LlmTornado\LlmTornado.csproj::TargetFramework=net8.0]
C:\Users\lordo\Documents\GitHub\llmtornado\src\LlmTornado\Chat\Vendors\Cohere\VendorCohereChatTool.cs(9,19): warning CS8618: Non-nullable property 'Name' must contain a non-null value when exiting constructor. Consider adding the 'required' modifier or declaring the property as nullable. [C:\Users\lordo\Documents\GitHub\llmtornado\src\LlmTornado\LlmTornado.csproj::TargetFramework=net8.0]
C:\Users\lordo\Documents\GitHub\llmtornado\src\LlmTornado\Chat\Vendors\Cohere\VendorCohereChatTool.cs(12,19): warning CS8618: Non-nullable property 'Description' must contain a non-null value when exiting constructor. Consider adding the 'required' modifier or declaring the property as nullable. [C:\Users\lordo\Documents\GitHub\llmtornado\src\LlmTornado\LlmTornado.csproj::TargetFramework=net8.0]
C:\Users\lordo\Documents\GitHub\llmtornado\src\LlmTornado\Chat\Vendors\Cohere\VendorCohereChatSearchResult.cs(15,40): warning CS8618: Non-nullable property 'SearchQuery' must contain a non-null value when exiting constructor. Consider adding the 'required' modifier or declaring the property as nullable. [C:\Users\lordo\Documents\GitHub\llmtornado\src\LlmTornado\LlmTornado.csproj::TargetFramework=net8.0]
C:\Users\lordo\Documents\GitHub\llmtornado\src\LlmTornado\Chat\Vendors\Cohere\VendorCohereChatSearchResult.cs(21,25): warning CS8618: Non-nullable property 'DocumentIds' must contain a non-null value when exiting constructor. Consider adding the 'required' modifier or declaring the property as nullable. [C:\Users\lordo\Documents\GitHub\llmtornado\src\LlmTornado\LlmTornado.csproj::TargetFramework=net8.0]
C:\Users\lordo\Documents\GitHub\llmtornado\src\LlmTornado\Chat\Vendors\Cohere\VendorCohereChatSearchResult.cs(27,49): warning CS8618: Non-nullable property 'Connector' must contain a non-null value when exiting constructor. Consider adding the 'required' modifier or declaring the property as nullable. [C:\Users\lordo\Documents\GitHub\llmtornado\src\LlmTornado\LlmTornado.csproj::TargetFramework=net8.0]
C:\Users\lordo\Documents\GitHub\llmtornado\src\LlmTornado\Chat\Vendors\Cohere\VendorCohereChatSearchQueryConnector.cs(14,19): warning CS8618: Non-nullable property 'Id' must contain a non-null value when exiting constructor. Consider adding the 'required' modifier or declaring the property as nullable. [C:\Users\lordo\Documents\GitHub\llmtornado\src\LlmTornado\LlmTornado.csproj::TargetFramework=net8.0]
C:\Users\lordo\Documents\GitHub\llmtornado\src\LlmTornado\Chat\Vendors\Anthropic\VendorAnthropicChatResult.cs(129,23): warning CS8618: Non-nullable property 'Type' must contain a non-null value when exiting constructor. Consider adding the 'required' modifier or declaring the property as nullable. [C:\Users\lordo\Documents\GitHub\llmtornado\src\LlmTornado\LlmTornado.csproj::TargetFramework=net8.0]
C:\Users\lordo\Documents\GitHub\llmtornado\src\LlmTornado\Chat\Vendors\Cohere\VendorCohereChatSearchQuery.cs(15,19): warning CS8618: Non-nullable property 'Text' must contain a non-null value when exiting constructor. Consider adding the 'required' modifier or declaring the property as nullable. [C:\Users\lordo\Documents\GitHub\llmtornado\src\LlmTornado\LlmTornado.csproj::TargetFramework=net8.0]
C:\Users\lordo\Documents\GitHub\llmtornado\src\LlmTornado\Chat\Vendors\Cohere\VendorCohereChatSearchQuery.cs(21,19): warning CS8618: Non-nullable property 'GenerationId' must contain a non-null value when exiting constructor. Consider adding the 'required' modifier or declaring the property as nullable. [C:\Users\lordo\Documents\GitHub\llmtornado\src\LlmTornado\LlmTornado.csproj::TargetFramework=net8.0]
C:\Users\lordo\Documents\GitHub\llmtornado\src\LlmTornado\Code\MimeTypeMap\MimeTypMap.cs(73,58): warning CS8601: Possible null reference assignment. [C:\Users\lordo\Documents\GitHub\llmtornado\src\LlmTornado\LlmTornado.csproj::TargetFramework=net8.0]
C:\Users\lordo\Documents\GitHub\llmtornado\src\LlmTornado\Chat\Vendors\Anthropic\VendorAnthropicChatResult.cs(78,23): warning CS8618: Non-nullable property 'Type' must contain a non-null value when exiting constructor. Consider adding the 'required' modifier or declaring the property as nullable. [C:\Users\lordo\Documents\GitHub\llmtornado\src\LlmTornado\LlmTornado.csproj::TargetFramework=net8.0]
C:\Users\lordo\Documents\GitHub\llmtornado\src\LlmTornado\Chat\Vendors\Cohere\VendorCohereChatResult.cs(59,19): warning CS8618: Non-nullable property 'ResponseId' must contain a non-null value when exiting constructor. Consider adding the 'required' modifier or declaring the property as nullable. [C:\Users\lordo\Documents\GitHub\llmtornado\src\LlmTornado\LlmTornado.csproj::TargetFramework=net8.0]
C:\Users\lordo\Documents\GitHub\llmtornado\src\LlmTornado\Chat\Vendors\Cohere\VendorCohereChatResult.cs(184,23): warning CS8618: Non-nullable property 'Text' must contain a non-null value when exiting constructor. Consider adding the 'required' modifier or declaring the property as nullable. [C:\Users\lordo\Documents\GitHub\llmtornado\src\LlmTornado\LlmTornado.csproj::TargetFramework=net8.0]
C:\Users\lordo\Documents\GitHub\llmtornado\src\LlmTornado\Chat\Vendors\Cohere\VendorCohereChatResult.cs(187,29): warning CS8618: Non-nullable property 'Sources' must contain a non-null value when exiting constructor. Consider adding the 'required' modifier or declaring the property as nullable. [C:\Users\lordo\Documents\GitHub\llmtornado\src\LlmTornado\LlmTornado.csproj::TargetFramework=net8.0]
C:\Users\lordo\Documents\GitHub\llmtornado\src\LlmTornado\Chat\Vendors\Cohere\VendorCohereChatResult.cs(163,23): warning CS8618: Non-nullable property 'Name' must contain a non-null value when exiting constructor. Consider adding the 'required' modifier or declaring the property as nullable. [C:\Users\lordo\Documents\GitHub\llmtornado\src\LlmTornado\LlmTornado.csproj::TargetFramework=net8.0]
C:\Users\lordo\Documents\GitHub\llmtornado\src\LlmTornado\Chat\Vendors\Cohere\VendorCohereChatResult.cs(169,23): warning CS8618: Non-nullable property 'Arguments' must contain a non-null value when exiting constructor. Consider adding the 'required' modifier or declaring the property as nullable. [C:\Users\lordo\Documents\GitHub\llmtornado\src\LlmTornado\LlmTornado.csproj::TargetFramework=net8.0]
C:\Users\lordo\Documents\GitHub\llmtornado\src\LlmTornado\Chat\Vendors\Cohere\VendorCohereChatResult.cs(139,23): warning CS8618: Non-nullable property 'Id' must contain a non-null value when exiting constructor. Consider adding the 'required' modifier or declaring the property as nullable. [C:\Users\lordo\Documents\GitHub\llmtornado\src\LlmTornado\LlmTornado.csproj::TargetFramework=net8.0]
C:\Users\lordo\Documents\GitHub\llmtornado\src\LlmTornado\Chat\Vendors\Cohere\VendorCohereChatResult.cs(151,45): warning CS8618: Non-nullable property 'Function' must contain a non-null value when exiting constructor. Consider adding the 'required' modifier or declaring the property as nullable. [C:\Users\lordo\Documents\GitHub\llmtornado\src\LlmTornado\LlmTornado.csproj::TargetFramework=net8.0]
C:\Users\lordo\Documents\GitHub\llmtornado\src\LlmTornado\Chat\Vendors\Cohere\VendorCohereChatResult.cs(118,23): warning CS8618: Non-nullable property 'Text' must contain a non-null value when exiting constructor. Consider adding the 'required' modifier or declaring the property as nullable. [C:\Users\lordo\Documents\GitHub\llmtornado\src\LlmTornado\LlmTornado.csproj::TargetFramework=net8.0]
C:\Users\lordo\Documents\GitHub\llmtornado\src\LlmTornado\Chat\Vendors\Cohere\VendorCohereChatResult.cs(121,23): warning CS8618: Non-nullable property 'Thinking' must contain a non-null value when exiting constructor. Consider adding the 'required' modifier or declaring the property as nullable. [C:\Users\lordo\Documents\GitHub\llmtornado\src\LlmTornado\LlmTornado.csproj::TargetFramework=net8.0]
C:\Users\lordo\Documents\GitHub\llmtornado\src\LlmTornado\Chat\Vendors\Cohere\VendorCohereChatResult.cs(50,39): warning CS8618: Non-nullable property 'Document' must contain a non-null value when exiting constructor. Consider adding the 'required' modifier or declaring the property as nullable. [C:\Users\lordo\Documents\GitHub\llmtornado\src\LlmTornado\LlmTornado.csproj::TargetFramework=net8.0]
C:\Users\lordo\Documents\GitHub\llmtornado\src\LlmTornado\Chat\Vendors\Cohere\VendorCohereChatResult.cs(53,19): warning CS8618: Non-nullable property 'Id' must contain a non-null value when exiting constructor. Consider adding the 'required' modifier or declaring the property as nullable. [C:\Users\lordo\Documents\GitHub\llmtornado\src\LlmTornado\LlmTornado.csproj::TargetFramework=net8.0]
C:\Users\lordo\Documents\GitHub\llmtornado\src\LlmTornado\Chat\Vendors\Cohere\VendorCohereChatResult.cs(38,19): warning CS8618: Non-nullable property 'Id' must contain a non-null value when exiting constructor. Consider adding the 'required' modifier or declaring the property as nullable. [C:\Users\lordo\Documents\GitHub\llmtornado\src\LlmTornado\LlmTornado.csproj::TargetFramework=net8.0]
C:\Users\lordo\Documents\GitHub\llmtornado\src\LlmTornado\Chat\Vendors\Cohere\VendorCohereChatResult.cs(41,39): warning CS8618: Non-nullable property 'ToolOutput' must contain a non-null value when exiting constructor. Consider adding the 'required' modifier or declaring the property as nullable. [C:\Users\lordo\Documents\GitHub\llmtornado\src\LlmTornado\LlmTornado.csproj::TargetFramework=net8.0]
C:\Users\lordo\Documents\GitHub\llmtornado\src\LlmTornado\Chat\Vendors\Cohere\ChatResponseVendorCohereExtensions.cs(39,12): warning CS8618: Non-nullable property 'Response' must contain a non-null value when exiting constructor. Consider adding the 'required' modifier or declaring the property as nullable. [C:\Users\lordo\Documents\GitHub\llmtornado\src\LlmTornado\LlmTornado.csproj::TargetFramework=net8.0]
C:\Users\lordo\Documents\GitHub\llmtornado\src\LlmTornado\Chat\Vendors\Cohere\ChatResponseVendorCohereExtensions.cs(84,47): warning CS8604: Possible null reference argument for parameter 'txt' in 'string ClearSnippet(string txt)'. [C:\Users\lordo\Documents\GitHub\llmtornado\src\LlmTornado\LlmTornado.csproj::TargetFramework=net8.0]
C:\Users\lordo\Documents\GitHub\llmtornado\src\LlmTornado\Chat\Vendors\Cohere\ChatResponseVendorCohereExtensions.cs(129,14): warning CS8618: Non-nullable property 'Response' must contain a non-null value when exiting constructor. Consider adding the 'required' modifier or declaring the property as nullable. [C:\Users\lordo\Documents\GitHub\llmtornado\src\LlmTornado\LlmTornado.csproj::TargetFramework=net8.0]
C:\Users\lordo\Documents\GitHub\llmtornado\src\LlmTornado\Chat\Vendors\Cohere\VendorCohereChatRequest.cs(558,23): warning CS8600: Converting null literal or possible null value to non-nullable type. [C:\Users\lordo\Documents\GitHub\llmtornado\src\LlmTornado\LlmTornado.csproj::TargetFramework=net8.0]
C:\Users\lordo\Documents\GitHub\llmtornado\src\LlmTornado\Chat\Vendors\Cohere\ChatVendorCohereExtensionConnector.cs(146,59): warning CS8604: Possible null reference argument for parameter 'id' in 'ChatVendorCohereExtensionConnector.ChatVendorCohereExtensionConnector(string id)'. [C:\Users\lordo\Documents\GitHub\llmtornado\src\LlmTornado\LlmTornado.csproj::TargetFramework=net8.0]
C:\Users\lordo\Documents\GitHub\llmtornado\src\LlmTornado\Chat\Vendors\Cohere\VendorCohereChatRequest.cs(534,23): warning CS8600: Converting null literal or possible null value to non-nullable type. [C:\Users\lordo\Documents\GitHub\llmtornado\src\LlmTornado\LlmTornado.csproj::TargetFramework=net8.0]
C:\Users\lordo\Documents\GitHub\llmtornado\src\LlmTornado\Chat\Vendors\Cohere\VendorCohereChatRequest.cs(503,23): warning CS8600: Converting null literal or possible null value to non-nullable type. [C:\Users\lordo\Documents\GitHub\llmtornado\src\LlmTornado\LlmTornado.csproj::TargetFramework=net8.0]
C:\Users\lordo\Documents\GitHub\llmtornado\src\LlmTornado\Chat\Vendors\Cohere\VendorCohereChatRequest.cs(474,19): warning CS8618: Non-nullable property 'Type' must contain a non-null value when exiting constructor. Consider adding the 'required' modifier or declaring the property as nullable. [C:\Users\lordo\Documents\GitHub\llmtornado\src\LlmTornado\LlmTornado.csproj::TargetFramework=net8.0]
C:\Users\lordo\Documents\GitHub\llmtornado\src\LlmTornado\Chat\Vendors\Cohere\VendorCohereChatRequest.cs(430,19): warning CS8618: Non-nullable property 'Name' must contain a non-null value when exiting constructor. Consider adding the 'required' modifier or declaring the property as nullable. [C:\Users\lordo\Documents\GitHub\llmtornado\src\LlmTornado\LlmTornado.csproj::TargetFramework=net8.0]
C:\Users\lordo\Documents\GitHub\llmtornado\src\LlmTornado\Chat\Vendors\Cohere\VendorCohereChatRequest.cs(432,20): warning CS8618: Non-nullable property 'Parameters' must contain a non-null value when exiting constructor. Consider adding the 'required' modifier or declaring the property as nullable. [C:\Users\lordo\Documents\GitHub\llmtornado\src\LlmTornado\LlmTornado.csproj::TargetFramework=net8.0]
C:\Users\lordo\Documents\GitHub\llmtornado\src\LlmTornado\Chat\Vendors\Cohere\VendorCohereChatRequest.cs(424,43): warning CS8618: Non-nullable property 'Function' must contain a non-null value when exiting constructor. Consider adding the 'required' modifier or declaring the property as nullable. [C:\Users\lordo\Documents\GitHub\llmtornado\src\LlmTornado\LlmTornado.csproj::TargetFramework=net8.0]
C:\Users\lordo\Documents\GitHub\llmtornado\src\LlmTornado\Chat\Vendors\Cohere\VendorCohereChatRequest.cs(414,19): warning CS8618: Non-nullable property 'Name' must contain a non-null value when exiting constructor. Consider adding the 'required' modifier or declaring the property as nullable. [C:\Users\lordo\Documents\GitHub\llmtornado\src\LlmTornado\LlmTornado.csproj::TargetFramework=net8.0]
C:\Users\lordo\Documents\GitHub\llmtornado\src\LlmTornado\Chat\Vendors\Cohere\VendorCohereChatRequest.cs(416,19): warning CS8618: Non-nullable property 'Arguments' must contain a non-null value when exiting constructor. Consider adding the 'required' modifier or declaring the property as nullable. [C:\Users\lordo\Documents\GitHub\llmtornado\src\LlmTornado\LlmTornado.csproj::TargetFramework=net8.0]
C:\Users\lordo\Documents\GitHub\llmtornado\src\LlmTornado\Chat\Vendors\Cohere\VendorCohereChatRequest.cs(404,19): warning CS8618: Non-nullable property 'Id' must contain a non-null value when exiting constructor. Consider adding the 'required' modifier or declaring the property as nullable. [C:\Users\lordo\Documents\GitHub\llmtornado\src\LlmTornado\LlmTornado.csproj::TargetFramework=net8.0]
C:\Users\lordo\Documents\GitHub\llmtornado\src\LlmTornado\Chat\Vendors\Cohere\VendorCohereChatRequest.cs(408,41): warning CS8618: Non-nullable property 'Function' must contain a non-null value when exiting constructor. Consider adding the 'required' modifier or declaring the property as nullable. [C:\Users\lordo\Documents\GitHub\llmtornado\src\LlmTornado\LlmTornado.csproj::TargetFramework=net8.0]
C:\Users\lordo\Documents\GitHub\llmtornado\src\LlmTornado\Responses\ResponseTool.cs(1442,21): warning CS0472: The result of the expression is always 'true' since a value of type 'ResponseComputerEnvironment' is never equal to 'null' of type 'ResponseComputerEnvironment?' [C:\Users\lordo\Documents\GitHub\llmtornado\src\LlmTornado\LlmTornado.csproj::TargetFramework=netstandard2.0]
C:\Users\lordo\Documents\GitHub\llmtornado\src\LlmTornado\Chat\Vendors\Cohere\VendorCohereChatRequest.cs(386,19): warning CS8618: Non-nullable property 'Url' must contain a non-null value when exiting constructor. Consider adding the 'required' modifier or declaring the property as nullable. [C:\Users\lordo\Documents\GitHub\llmtornado\src\LlmTornado\LlmTornado.csproj::TargetFramework=net8.0]
C:\Users\lordo\Documents\GitHub\llmtornado\src\LlmTornado\Chat\Vendors\Cohere\VendorCohereChatRequest.cs(378,39): warning CS8618: Non-nullable property 'Data' must contain a non-null value when exiting constructor. Consider adding the 'required' modifier or declaring the property as nullable. [C:\Users\lordo\Documents\GitHub\llmtornado\src\LlmTornado\LlmTornado.csproj::TargetFramework=net8.0]
C:\Users\lordo\Documents\GitHub\llmtornado\src\LlmTornado\Chat\Vendors\Cohere\VendorCohereChatRequest.cs(380,19): warning CS8618: Non-nullable property 'Id' must contain a non-null value when exiting constructor. Consider adding the 'required' modifier or declaring the property as nullable. [C:\Users\lordo\Documents\GitHub\llmtornado\src\LlmTornado\LlmTornado.csproj::TargetFramework=net8.0]
C:\Users\lordo\Documents\GitHub\llmtornado\src\LlmTornado\Chat\Vendors\Cohere\VendorCohereChatRequest.cs(366,12): warning CS8618: Non-nullable property 'Document' must contain a non-null value when exiting constructor. Consider adding the 'required' modifier or declaring the property as nullable. [C:\Users\lordo\Documents\GitHub\llmtornado\src\LlmTornado\LlmTornado.csproj::TargetFramework=net8.0]
C:\Users\lordo\Documents\GitHub\llmtornado\src\LlmTornado\Chat\Vendors\Cohere\VendorCohereChatRequest.cs(347,12): warning CS8618: Non-nullable property 'ImageUrl' must contain a non-null value when exiting constructor. Consider adding the 'required' modifier or declaring the property as nullable. [C:\Users\lordo\Documents\GitHub\llmtornado\src\LlmTornado\LlmTornado.csproj::TargetFramework=net8.0]
C:\Users\lordo\Documents\GitHub\llmtornado\src\LlmTornado\Code\MimeTypeMap\MimeTypeMapMagicBytes.cs(234,59): warning CS8600: Converting null literal or possible null value to non-nullable type. [C:\Users\lordo\Documents\GitHub\llmtornado\src\LlmTornado\LlmTornado.csproj::TargetFramework=net8.0]
C:\Users\lordo\Documents\GitHub\llmtornado\src\LlmTornado\Interactions\InteractionsEndpoint.cs(234,60): warning CS8604: Possible null reference argument for parameter 'interactionId' in 'Task<HttpCallResult<Interaction>> InteractionsEndpoint.Get(string interactionId, CancellationToken cancellationToken = default(CancellationToken))'. [C:\Users\lordo\Documents\GitHub\llmtornado\src\LlmTornado\LlmTornado.csproj::TargetFramework=netstandard2.0]
C:\Users\lordo\Documents\GitHub\llmtornado\src\LlmTornado\Chat\Vendors\Cohere\VendorCohereChatRequest.cs(336,12): warning CS8618: Non-nullable property 'Text' must contain a non-null value when exiting constructor. Consider adding the 'required' modifier or declaring the property as nullable. [C:\Users\lordo\Documents\GitHub\llmtornado\src\LlmTornado\LlmTornado.csproj::TargetFramework=net8.0]
C:\Users\lordo\Documents\GitHub\llmtornado\src\LlmTornado\Chat\Vendors\Cohere\VendorCohereChatRequest.cs(331,19): warning CS8618: Non-nullable property 'Type' must contain a non-null value when exiting constructor. Consider adding the 'required' modifier or declaring the property as nullable. [C:\Users\lordo\Documents\GitHub\llmtornado\src\LlmTornado\LlmTornado.csproj::TargetFramework=net8.0]
C:\Users\lordo\Documents\GitHub\llmtornado\src\LlmTornado\Chat\Vendors\Cohere\VendorCohereChatRequest.cs(320,12): warning CS8618: Non-nullable property 'ToolCallId' must contain a non-null value when exiting constructor. Consider adding the 'required' modifier or declaring the property as nullable. [C:\Users\lordo\Documents\GitHub\llmtornado\src\LlmTornado\LlmTornado.csproj::TargetFramework=net8.0]
C:\Users\lordo\Documents\GitHub\llmtornado\src\LlmTornado\Chat\Vendors\Cohere\VendorCohereChatRequest.cs(320,12): warning CS8618: Non-nullable property 'Content' must contain a non-null value when exiting constructor. Consider adding the 'required' modifier or declaring the property as nullable. [C:\Users\lordo\Documents\GitHub\llmtornado\src\LlmTornado\LlmTornado.csproj::TargetFramework=net8.0]
C:\Users\lordo\Documents\GitHub\llmtornado\src\LlmTornado\Chat\Vendors\Cohere\VendorCohereChatRequest.cs(313,12): warning CS8618: Non-nullable property 'Content' must contain a non-null value when exiting constructor. Consider adding the 'required' modifier or declaring the property as nullable. [C:\Users\lordo\Documents\GitHub\llmtornado\src\LlmTornado\LlmTornado.csproj::TargetFramework=net8.0]
C:\Users\lordo\Documents\GitHub\llmtornado\src\LlmTornado\Chat\Vendors\Anthropic\VendorAnthropicChatRequest.cs(539,23): warning CS8618: Non-nullable property 'UserId' must contain a non-null value when exiting constructor. Consider adding the 'required' modifier or declaring the property as nullable. [C:\Users\lordo\Documents\GitHub\llmtornado\src\LlmTornado\LlmTornado.csproj::TargetFramework=net8.0]
C:\Users\lordo\Documents\GitHub\llmtornado\src\LlmTornado\Chat\Vendors\Cohere\VendorCohereChatRequest.cs(291,12): warning CS8618: Non-nullable property 'Content' must contain a non-null value when exiting constructor. Consider adding the 'required' modifier or declaring the property as nullable. [C:\Users\lordo\Documents\GitHub\llmtornado\src\LlmTornado\LlmTornado.csproj::TargetFramework=net8.0]
C:\Users\lordo\Documents\GitHub\llmtornado\src\LlmTornado\Chat\Vendors\Anthropic\VendorAnthropicChatRequest.cs(545,23): warning CS8618: Non-nullable property 'Type' must contain a non-null value when exiting constructor. Consider adding the 'required' modifier or declaring the property as nullable. [C:\Users\lordo\Documents\GitHub\llmtornado\src\LlmTornado\LlmTornado.csproj::TargetFramework=net8.0]
C:\Users\lordo\Documents\GitHub\llmtornado\src\LlmTornado\Chat\Vendors\Anthropic\VendorAnthropicChatRequest.cs(564,23): warning CS8618: Non-nullable property 'Type' must contain a non-null value when exiting constructor. Consider adding the 'required' modifier or declaring the property as nullable. [C:\Users\lordo\Documents\GitHub\llmtornado\src\LlmTornado\LlmTornado.csproj::TargetFramework=net8.0]
C:\Users\lordo\Documents\GitHub\llmtornado\src\LlmTornado\Chat\Vendors\Anthropic\VendorAnthropicChatRequest.cs(553,23): warning CS8618: Non-nullable property 'Type' must contain a non-null value when exiting constructor. Consider adding the 'required' modifier or declaring the property as nullable. [C:\Users\lordo\Documents\GitHub\llmtornado\src\LlmTornado\LlmTornado.csproj::TargetFramework=net8.0]
C:\Users\lordo\Documents\GitHub\llmtornado\src\LlmTornado\Chat\Vendors\Anthropic\VendorAnthropicChatRequest.cs(72,12): warning CS8618: Non-nullable property 'Msg' must contain a non-null value when exiting constructor. Consider adding the 'required' modifier or declaring the property as nullable. [C:\Users\lordo\Documents\GitHub\llmtornado\src\LlmTornado\LlmTornado.csproj::TargetFramework=net8.0]
C:\Users\lordo\Documents\GitHub\llmtornado\src\LlmTornado\Chat\Vendors\Anthropic\VendorAnthropicChatRequest.cs(72,12): warning CS8618: Non-nullable property 'Parts' must contain a non-null value when exiting constructor. Consider adding the 'required' modifier or declaring the property as nullable. [C:\Users\lordo\Documents\GitHub\llmtornado\src\LlmTornado\LlmTornado.csproj::TargetFramework=net8.0]
C:\Users\lordo\Documents\GitHub\llmtornado\src\LlmTornado\Chat\Vendors\Cohere\VendorCohereChatRequest.cs(286,19): warning CS8618: Non-nullable property 'Role' must contain a non-null value when exiting constructor. Consider adding the 'required' modifier or declaring the property as nullable. [C:\Users\lordo\Documents\GitHub\llmtornado\src\LlmTornado\LlmTornado.csproj::TargetFramework=net8.0]
C:\Users\lordo\Documents\GitHub\llmtornado\src\LlmTornado\Chat\Vendors\Cohere\VendorCohereChatDocument.cs(15,19): warning CS8618: Non-nullable property 'Id' must contain a non-null value when exiting constructor. Consider adding the 'required' modifier or declaring the property as nullable. [C:\Users\lordo\Documents\GitHub\llmtornado\src\LlmTornado\LlmTornado.csproj::TargetFramework=net8.0]
C:\Users\lordo\Documents\GitHub\llmtornado\src\LlmTornado\Chat\Vendors\Cohere\VendorCohereChatDocument.cs(21,19): warning CS8618: Non-nullable property 'Snippet' must contain a non-null value when exiting constructor. Consider adding the 'required' modifier or declaring the property as nullable. [C:\Users\lordo\Documents\GitHub\llmtornado\src\LlmTornado\LlmTornado.csproj::TargetFramework=net8.0]
C:\Users\lordo\Documents\GitHub\llmtornado\src\LlmTornado\Chat\Vendors\Cohere\VendorCohereChatDocument.cs(33,19): warning CS8618: Non-nullable property 'Title' must contain a non-null value when exiting constructor. Consider adding the 'required' modifier or declaring the property as nullable. [C:\Users\lordo\Documents\GitHub\llmtornado\src\LlmTornado\LlmTornado.csproj::TargetFramework=net8.0]
C:\Users\lordo\Documents\GitHub\llmtornado\src\LlmTornado\Chat\Vendors\Cohere\VendorCohereChatRequest.cs(190,35): warning CS8604: Possible null reference argument for parameter 'content' in 'VendorCohereAssistantMessageContent.implicit operator VendorCohereAssistantMessageContent(string content)'. [C:\Users\lordo\Documents\GitHub\llmtornado\src\LlmTornado\LlmTornado.csproj::TargetFramework=net8.0]
C:\Users\lordo\Documents\GitHub\llmtornado\src\LlmTornado\Chat\Vendors\Cohere\VendorCohereChatRequest.cs(197,34): warning CS8601: Possible null reference assignment. [C:\Users\lordo\Documents\GitHub\llmtornado\src\LlmTornado\LlmTornado.csproj::TargetFramework=net8.0]
C:\Users\lordo\Documents\GitHub\llmtornado\src\LlmTornado\Chat\Vendors\Cohere\VendorCohereChatRequest.cs(202,45): warning CS8601: Possible null reference assignment. [C:\Users\lordo\Documents\GitHub\llmtornado\src\LlmTornado\LlmTornado.csproj::TargetFramework=net8.0]
C:\Users\lordo\Documents\GitHub\llmtornado\src\LlmTornado\Chat\Vendors\Cohere\VendorCohereChatRequest.cs(236,38): warning CS8601: Possible null reference assignment. [C:\Users\lordo\Documents\GitHub\llmtornado\src\LlmTornado\LlmTornado.csproj::TargetFramework=net8.0]
C:\Users\lordo\Documents\GitHub\llmtornado\src\LlmTornado\Chat\Vendors\Cohere\VendorCohereChatRequest.cs(242,28): warning CS8603: Possible null reference return. [C:\Users\lordo\Documents\GitHub\llmtornado\src\LlmTornado\LlmTornado.csproj::TargetFramework=net8.0]
C:\Users\lordo\Documents\GitHub\llmtornado\src\LlmTornado\FineTuning\FineTuneJobResponse.cs(106,16): warning CS8603: Possible null reference return. [C:\Users\lordo\Documents\GitHub\llmtornado\src\LlmTornado\LlmTornado.csproj::TargetFramework=netstandard2.0]
C:\Users\lordo\Documents\GitHub\llmtornado\src\LlmTornado\Images\Vendors\Google\VendorGoogleImageResult.cs(19,23): warning CS8618: Non-nullable property 'BytesBase64Encoded' must contain a non-null value when exiting constructor. Consider adding the 'required' modifier or declaring the property as nullable. [C:\Users\lordo\Documents\GitHub\llmtornado\src\LlmTornado\LlmTornado.csproj::TargetFramework=netstandard2.0]
C:\Users\lordo\Documents\GitHub\llmtornado\src\LlmTornado\Images\Vendors\Google\VendorGoogleImageResult.cs(22,23): warning CS8618: Non-nullable property 'MimeType' must contain a non-null value when exiting constructor. Consider adding the 'required' modifier or declaring the property as nullable. [C:\Users\lordo\Documents\GitHub\llmtornado\src\LlmTornado\LlmTornado.csproj::TargetFramework=netstandard2.0]
C:\Users\lordo\Documents\GitHub\llmtornado\src\LlmTornado\FineTuning\FineTuneJobList.cs(11,19): warning CS8618: Non-nullable property 'Object' must contain a non-null value when exiting constructor. Consider adding the 'required' modifier or declaring the property as nullable. [C:\Users\lordo\Documents\GitHub\llmtornado\src\LlmTornado\LlmTornado.csproj::TargetFramework=netstandard2.0]
C:\Users\lordo\Documents\GitHub\llmtornado\src\LlmTornado\FineTuning\FineTuneJobList.cs(14,39): warning CS8618: Non-nullable property 'Jobs' must contain a non-null value when exiting constructor. Consider adding the 'required' modifier or declaring the property as nullable. [C:\Users\lordo\Documents\GitHub\llmtornado\src\LlmTornado\LlmTornado.csproj::TargetFramework=netstandard2.0]
C:\Users\lordo\Documents\GitHub\llmtornado\src\LlmTornado\FineTuning\FineTuneJob.cs(79,16): warning CS8603: Possible null reference return. [C:\Users\lordo\Documents\GitHub\llmtornado\src\LlmTornado\LlmTornado.csproj::TargetFramework=netstandard2.0]
C:\Users\lordo\Documents\GitHub\llmtornado\src\LlmTornado\FineTuning\FineTuneJob.cs(12,19): warning CS8618: Non-nullable property 'Object' must contain a non-null value when exiting constructor. Consider adding the 'required' modifier or declaring the property as nullable. [C:\Users\lordo\Documents\GitHub\llmtornado\src\LlmTornado\LlmTornado.csproj::TargetFramework=netstandard2.0]
C:\Users\lordo\Documents\GitHub\llmtornado\src\LlmTornado\FineTuning\FineTuneJob.cs(15,19): warning CS8618: Non-nullable property 'Id' must contain a non-null value when exiting constructor. Consider adding the 'required' modifier or declaring the property as nullable. [C:\Users\lordo\Documents\GitHub\llmtornado\src\LlmTornado\LlmTornado.csproj::TargetFramework=netstandard2.0]
C:\Users\lordo\Documents\GitHub\llmtornado\src\LlmTornado\FineTuning\FineTuneJob.cs(18,19): warning CS8618: Non-nullable property 'Model' must contain a non-null value when exiting constructor. Consider adding the 'required' modifier or declaring the property as nullable. [C:\Users\lordo\Documents\GitHub\llmtornado\src\LlmTornado\LlmTornado.csproj::TargetFramework=netstandard2.0]
C:\Users\lordo\Documents\GitHub\llmtornado\src\LlmTornado\FineTuning\FineTuneJob.cs(47,19): warning CS8618: Non-nullable property 'FineTunedModel' must contain a non-null value when exiting constructor. Consider adding the 'required' modifier or declaring the property as nullable. [C:\Users\lordo\Documents\GitHub\llmtornado\src\LlmTornado\LlmTornado.csproj::TargetFramework=netstandard2.0]
C:\Users\lordo\Documents\GitHub\llmtornado\src\LlmTornado\FineTuning\FineTuneJob.cs(50,19): warning CS8618: Non-nullable property 'OrganizationId' must contain a non-null value when exiting constructor. Consider adding the 'required' modifier or declaring the property as nullable. [C:\Users\lordo\Documents\GitHub\llmtornado\src\LlmTornado\LlmTornado.csproj::TargetFramework=netstandard2.0]
C:\Users\lordo\Documents\GitHub\llmtornado\src\LlmTornado\FineTuning\FineTuneJob.cs(53,34): warning CS8618: Non-nullable property 'ResultFiles' must contain a non-null value when exiting constructor. Consider adding the 'required' modifier or declaring the property as nullable. [C:\Users\lordo\Documents\GitHub\llmtornado\src\LlmTornado\LlmTornado.csproj::TargetFramework=netstandard2.0]
C:\Users\lordo\Documents\GitHub\llmtornado\src\LlmTornado\FineTuning\FineTuneJob.cs(58,19): warning CS8618: Non-nullable property 'ValidationFile' must contain a non-null value when exiting constructor. Consider adding the 'required' modifier or declaring the property as nullable. [C:\Users\lordo\Documents\GitHub\llmtornado\src\LlmTornado\LlmTornado.csproj::TargetFramework=netstandard2.0]
C:\Users\lordo\Documents\GitHub\llmtornado\src\LlmTornado\FineTuning\FineTuneJob.cs(61,19): warning CS8618: Non-nullable property 'TrainingFile' must contain a non-null value when exiting constructor. Consider adding the 'required' modifier or declaring the property as nullable. [C:\Users\lordo\Documents\GitHub\llmtornado\src\LlmTornado\LlmTornado.csproj::TargetFramework=netstandard2.0]
C:\Users\lordo\Documents\GitHub\llmtornado\src\LlmTornado\FineTuning\FineTuneJob.cs(64,24): warning CS8618: Non-nullable property 'HyperParameters' must contain a non-null value when exiting constructor. Consider adding the 'required' modifier or declaring the property as nullable. [C:\Users\lordo\Documents\GitHub\llmtornado\src\LlmTornado\LlmTornado.csproj::TargetFramework=netstandard2.0]
C:\Users\lordo\Documents\GitHub\llmtornado\src\LlmTornado\FineTuning\EventList.cs(12,19): warning CS8618: Non-nullable property 'Object' must contain a non-null value when exiting constructor. Consider adding the 'required' modifier or declaring the property as nullable. [C:\Users\lordo\Documents\GitHub\llmtornado\src\LlmTornado\LlmTornado.csproj::TargetFramework=netstandard2.0]
C:\Users\lordo\Documents\GitHub\llmtornado\src\LlmTornado\FineTuning\EventList.cs(15,33): warning CS8618: Non-nullable property 'Events' must contain a non-null value when exiting constructor. Consider adding the 'required' modifier or declaring the property as nullable. [C:\Users\lordo\Documents\GitHub\llmtornado\src\LlmTornado\LlmTornado.csproj::TargetFramework=netstandard2.0]
C:\Users\lordo\Documents\GitHub\llmtornado\src\LlmTornado\FineTuning\CreateFineTuneJobRequest.cs(12,27): warning CS8601: Possible null reference assignment. [C:\Users\lordo\Documents\GitHub\llmtornado\src\LlmTornado\LlmTornado.csproj::TargetFramework=netstandard2.0]
C:\Users\lordo\Documents\GitHub\llmtornado\src\LlmTornado\FineTuning\CreateFineTuneJobRequest.cs(13,18): warning CS8601: Possible null reference assignment. [C:\Users\lordo\Documents\GitHub\llmtornado\src\LlmTornado\LlmTornado.csproj::TargetFramework=netstandard2.0]
C:\Users\lordo\Documents\GitHub\llmtornado\src\LlmTornado\FineTuning\CreateFineTuneJobRequest.cs(14,28): warning CS8601: Possible null reference assignment. [C:\Users\lordo\Documents\GitHub\llmtornado\src\LlmTornado\LlmTornado.csproj::TargetFramework=netstandard2.0]
C:\Users\lordo\Documents\GitHub\llmtornado\src\LlmTornado\FineTuning\CreateFineTuneJobRequest.cs(8,12): warning CS8618: Non-nullable property 'HyperParameters' must contain a non-null value when exiting constructor. Consider adding the 'required' modifier or declaring the property as nullable. [C:\Users\lordo\Documents\GitHub\llmtornado\src\LlmTornado\LlmTornado.csproj::TargetFramework=netstandard2.0]
C:\Users\lordo\Documents\GitHub\llmtornado\src\LlmTornado\FineTuning\CreateFineTuneJobRequest.cs(8,12): warning CS8618: Non-nullable property 'Suffix' must contain a non-null value when exiting constructor. Consider adding the 'required' modifier or declaring the property as nullable. [C:\Users\lordo\Documents\GitHub\llmtornado\src\LlmTornado\LlmTornado.csproj::TargetFramework=netstandard2.0]
C:\Users\lordo\Documents\GitHub\llmtornado\src\LlmTornado\FineTuning\CreateFineTuneJobRequest.cs(8,12): warning CS8618: Non-nullable property 'ValidationFileId' must contain a non-null value when exiting constructor. Consider adding the 'required' modifier or declaring the property as nullable. [C:\Users\lordo\Documents\GitHub\llmtornado\src\LlmTornado\LlmTornado.csproj::TargetFramework=netstandard2.0]
C:\Users\lordo\Documents\GitHub\llmtornado\src\LlmTornado\Images\Vendors\Google\VendorGoogleImageRequest.cs(124,26): warning CS8601: Possible null reference assignment. [C:\Users\lordo\Documents\GitHub\llmtornado\src\LlmTornado\LlmTornado.csproj::TargetFramework=netstandard2.0]
C:\Users\lordo\Documents\GitHub\llmtornado\src\LlmTornado\EndpointBase.cs(124,30): warning CS0168: The variable 'e' is declared but never used [C:\Users\lordo\Documents\GitHub\llmtornado\src\LlmTornado\LlmTornado.csproj::TargetFramework=netstandard2.0]
C:\Users\lordo\Documents\GitHub\llmtornado\src\LlmTornado\Images\Vendors\Google\VendorGoogleImageRequest.cs(24,23): warning CS8618: Non-nullable property 'Prompt' must contain a non-null value when exiting constructor. Consider adding the 'required' modifier or declaring the property as nullable. [C:\Users\lordo\Documents\GitHub\llmtornado\src\LlmTornado\LlmTornado.csproj::TargetFramework=netstandard2.0]
C:\Users\lordo\Documents\GitHub\llmtornado\src\LlmTornado\Interactions\InteractionsEndpoint.cs(317,39): warning CS8604: Possible null reference argument for parameter 'arg' in 'ValueTask Func<string, ValueTask>.Invoke(string arg)'. [C:\Users\lordo\Documents\GitHub\llmtornado\src\LlmTornado\LlmTornado.csproj::TargetFramework=netstandard2.0]
C:\Users\lordo\Documents\GitHub\llmtornado\src\LlmTornado\Interactions\InteractionsEndpoint.cs(322,42): warning CS8604: Possible null reference argument for parameter 'arg' in 'ValueTask Func<string, ValueTask>.Invoke(string arg)'. [C:\Users\lordo\Documents\GitHub\llmtornado\src\LlmTornado\LlmTornado.csproj::TargetFramework=netstandard2.0]
C:\Users\lordo\Documents\GitHub\llmtornado\src\LlmTornado\Interactions\InteractionsEndpoint.cs(330,44): warning CS8604: Possible null reference argument for parameter 'arg' in 'ValueTask Func<string, ValueTask>.Invoke(string arg)'. [C:\Users\lordo\Documents\GitHub\llmtornado\src\LlmTornado\LlmTornado.csproj::TargetFramework=netstandard2.0]
C:\Users\lordo\Documents\GitHub\llmtornado\src\LlmTornado\Embedding\Vendors\Voyage\VendorVoyageEmbeddingRequest.cs(190,19): warning CS8618: Non-nullable property 'Type' must contain a non-null value when exiting constructor. Consider adding the 'required' modifier or declaring the property as nullable. [C:\Users\lordo\Documents\GitHub\llmtornado\src\LlmTornado\LlmTornado.csproj::TargetFramework=netstandard2.0]
C:\Users\lordo\Documents\GitHub\llmtornado\src\LlmTornado\Files\Vendors\Google\VendorGoogleTornadoFile.cs(71,43): warning CS8618: Non-nullable property 'File' must contain a non-null value when exiting constructor. Consider adding the 'required' modifier or declaring the property as nullable. [C:\Users\lordo\Documents\GitHub\llmtornado\src\LlmTornado\LlmTornado.csproj::TargetFramework=netstandard2.0]
C:\Users\lordo\Documents\GitHub\llmtornado\src\LlmTornado\Files\Vendors\Google\VendorGoogleTornadoFile.cs(12,19): warning CS8618: Non-nullable property 'Name' must contain a non-null value when exiting constructor. Consider adding the 'required' modifier or declaring the property as nullable. [C:\Users\lordo\Documents\GitHub\llmtornado\src\LlmTornado\LlmTornado.csproj::TargetFramework=netstandard2.0]
C:\Users\lordo\Documents\GitHub\llmtornado\src\LlmTornado\Files\Vendors\Google\VendorGoogleTornadoFile.cs(15,19): warning CS8618: Non-nullable property 'MimeType' must contain a non-null value when exiting constructor. Consider adding the 'required' modifier or declaring the property as nullable. [C:\Users\lordo\Documents\GitHub\llmtornado\src\LlmTornado\LlmTornado.csproj::TargetFramework=netstandard2.0]
C:\Users\lordo\Documents\GitHub\llmtornado\src\LlmTornado\Files\Vendors\Google\VendorGoogleTornadoFile.cs(30,19): warning CS8618: Non-nullable property 'Sha256hash' must contain a non-null value when exiting constructor. Consider adding the 'required' modifier or declaring the property as nullable. [C:\Users\lordo\Documents\GitHub\llmtornado\src\LlmTornado\LlmTornado.csproj::TargetFramework=netstandard2.0]
C:\Users\lordo\Documents\GitHub\llmtornado\src\LlmTornado\Files\Vendors\Google\VendorGoogleTornadoFile.cs(33,19): warning CS8618: Non-nullable property 'Uri' must contain a non-null value when exiting constructor. Consider adding the 'required' modifier or declaring the property as nullable. [C:\Users\lordo\Documents\GitHub\llmtornado\src\LlmTornado\LlmTornado.csproj::TargetFramework=netstandard2.0]
C:\Users\lordo\Documents\GitHub\llmtornado\src\LlmTornado\Files\Vendors\Google\VendorGoogleTornadoFile.cs(42,19): warning CS8618: Non-nullable property 'State' must contain a non-null value when exiting constructor. Consider adding the 'required' modifier or declaring the property as nullable. [C:\Users\lordo\Documents\GitHub\llmtornado\src\LlmTornado\LlmTornado.csproj::TargetFramework=netstandard2.0]
C:\Users\lordo\Documents\GitHub\llmtornado\src\LlmTornado\Files\Vendors\Google\VendorGoogleTornadoFile.cs(45,19): warning CS8618: Non-nullable property 'Source' must contain a non-null value when exiting constructor. Consider adding the 'required' modifier or declaring the property as nullable. [C:\Users\lordo\Documents\GitHub\llmtornado\src\LlmTornado\LlmTornado.csproj::TargetFramework=netstandard2.0]
C:\Users\lordo\Documents\GitHub\llmtornado\src\LlmTornado\Files\Vendors\Anthropic\VendorAnthropicTornadoFile.cs(20,19): warning CS8618: Non-nullable property 'Id' must contain a non-null value when exiting constructor. Consider adding the 'required' modifier or declaring the property as nullable. [C:\Users\lordo\Documents\GitHub\llmtornado\src\LlmTornado\LlmTornado.csproj::TargetFramework=netstandard2.0]
C:\Users\lordo\Documents\GitHub\llmtornado\src\LlmTornado\Files\Vendors\Anthropic\VendorAnthropicTornadoFile.cs(26,19): warning CS8618: Non-nullable property 'Name' must contain a non-null value when exiting constructor. Consider adding the 'required' modifier or declaring the property as nullable. [C:\Users\lordo\Documents\GitHub\llmtornado\src\LlmTornado\LlmTornado.csproj::TargetFramework=netstandard2.0]
C:\Users\lordo\Documents\GitHub\llmtornado\src\LlmTornado\Files\Vendors\Anthropic\VendorAnthropicTornadoFile.cs(38,19): warning CS8618: Non-nullable property 'CreatedAt' must contain a non-null value when exiting constructor. Consider adding the 'required' modifier or declaring the property as nullable. [C:\Users\lordo\Documents\GitHub\llmtornado\src\LlmTornado\LlmTornado.csproj::TargetFramework=netstandard2.0]
C:\Users\lordo\Documents\GitHub\llmtornado\src\LlmTornado\Files\TornadoPagingList.cs(13,20): warning CS8618: Non-nullable property 'Items' must contain a non-null value when exiting constructor. Consider adding the 'required' modifier or declaring the property as nullable. [C:\Users\lordo\Documents\GitHub\llmtornado\src\LlmTornado\LlmTornado.csproj::TargetFramework=netstandard2.0]
C:\Users\lordo\Documents\GitHub\llmtornado\src\LlmTornado\Images\Models\OpenAi\ImageModelOpenAi.cs(61,11): warning CS0618: 'ImageModelOpenAiDalle' is obsolete: 'DALL·E models were removed from the OpenAI API on May 12, 2026. Use ImageModelOpenAiGpt instead.' [C:\Users\lordo\Documents\GitHub\llmtornado\src\LlmTornado\LlmTornado.csproj::TargetFramework=netstandard2.0]
C:\Users\lordo\Documents\GitHub\llmtornado\src\LlmTornado\Completions\CompletionResult.cs(93,50): warning CS8618: Non-nullable property 'Tokens' must contain a non-null value when exiting constructor. Consider adding the 'required' modifier or declaring the property as nullable. [C:\Users\lordo\Documents\GitHub\llmtornado\src\LlmTornado\LlmTornado.csproj::TargetFramework=netstandard2.0]
C:\Users\lordo\Documents\GitHub\llmtornado\src\LlmTornado\Completions\CompletionResult.cs(95,59): warning CS8618: Non-nullable property 'TokenLogprobs' must contain a non-null value when exiting constructor. Consider adding the 'required' modifier or declaring the property as nullable. [C:\Users\lordo\Documents\GitHub\llmtornado\src\LlmTornado\LlmTornado.csproj::TargetFramework=netstandard2.0]
C:\Users\lordo\Documents\GitHub\llmtornado\src\LlmTornado\Completions\CompletionResult.cs(97,78): warning CS8618: Non-nullable property 'TopLogprobs' must contain a non-null value when exiting constructor. Consider adding the 'required' modifier or declaring the property as nullable. [C:\Users\lordo\Documents\GitHub\llmtornado\src\LlmTornado\LlmTornado.csproj::TargetFramework=netstandard2.0]
C:\Users\lordo\Documents\GitHub\llmtornado\src\LlmTornado\Completions\CompletionResult.cs(99,52): warning CS8618: Non-nullable property 'TextOffsets' must contain a non-null value when exiting constructor. Consider adding the 'required' modifier or declaring the property as nullable. [C:\Users\lordo\Documents\GitHub\llmtornado\src\LlmTornado\LlmTornado.csproj::TargetFramework=netstandard2.0]
C:\Users\lordo\Documents\GitHub\llmtornado\src\LlmTornado\Embedding\Vendors\Google\VendorGoogleEmbeddingResult.cs(15,24): warning CS8618: Non-nullable property 'Values' must contain a non-null value when exiting constructor. Consider adding the 'required' modifier or declaring the property as nullable. [C:\Users\lordo\Documents\GitHub\llmtornado\src\LlmTornado\LlmTornado.csproj::TargetFramework=netstandard2.0]
C:\Users\lordo\Documents\GitHub\llmtornado\src\LlmTornado\Completions\CompletionResult.cs(66,19): warning CS8618: Non-nullable property 'Id' must contain a non-null value when exiting constructor. Consider adding the 'required' modifier or declaring the property as nullable. [C:\Users\lordo\Documents\GitHub\llmtornado\src\LlmTornado\LlmTornado.csproj::TargetFramework=netstandard2.0]
C:\Users\lordo\Documents\GitHub\llmtornado\src\LlmTornado\Completions\CompletionResult.cs(72,25): warning CS8618: Non-nullable property 'Completions' must contain a non-null value when exiting constructor. Consider adding the 'required' modifier or declaring the property as nullable. [C:\Users\lordo\Documents\GitHub\llmtornado\src\LlmTornado\LlmTornado.csproj::TargetFramework=netstandard2.0]
C:\Users\lordo\Documents\GitHub\llmtornado\src\LlmTornado\Completions\CompletionResult.cs(78,28): warning CS8618: Non-nullable property 'Usage' must contain a non-null value when exiting constructor. Consider adding the 'required' modifier or declaring the property as nullable. [C:\Users\lordo\Documents\GitHub\llmtornado\src\LlmTornado\LlmTornado.csproj::TargetFramework=netstandard2.0]
C:\Users\lordo\Documents\GitHub\llmtornado\src\LlmTornado\Completions\CompletionResult.cs(15,19): warning CS8618: Non-nullable property 'Text' must contain a non-null value when exiting constructor. Consider adding the 'required' modifier or declaring the property as nullable. [C:\Users\lordo\Documents\GitHub\llmtornado\src\LlmTornado\LlmTornado.csproj::TargetFramework=netstandard2.0]
C:\Users\lordo\Documents\GitHub\llmtornado\src\LlmTornado\Completions\CompletionResult.cs(28,21): warning CS8618: Non-nullable property 'Logprobs' must contain a non-null value when exiting constructor. Consider adding the 'required' modifier or declaring the property as nullable. [C:\Users\lordo\Documents\GitHub\llmtornado\src\LlmTornado\LlmTornado.csproj::TargetFramework=netstandard2.0]
C:\Users\lordo\Documents\GitHub\llmtornado\src\LlmTornado\Completions\CompletionResult.cs(34,19): warning CS8618: Non-nullable property 'FinishReason' must contain a non-null value when exiting constructor. Consider adding the 'required' modifier or declaring the property as nullable. [C:\Users\lordo\Documents\GitHub\llmtornado\src\LlmTornado\LlmTornado.csproj::TargetFramework=netstandard2.0]
C:\Users\lordo\Documents\GitHub\llmtornado\src\LlmTornado\Completions\CompletionRequest.cs(17,9): warning CS8618: Non-nullable property 'MultiplePrompts' must contain a non-null value when exiting constructor. Consider adding the 'required' modifier or declaring the property as nullable. [C:\Users\lordo\Documents\GitHub\llmtornado\src\LlmTornado\LlmTornado.csproj::TargetFramework=netstandard2.0]
C:\Users\lordo\Documents\GitHub\llmtornado\src\LlmTornado\Completions\CompletionRequest.cs(17,9): warning CS8618: Non-nullable property 'Suffix' must contain a non-null value when exiting constructor. Consider adding the 'required' modifier or declaring the property as nullable. [C:\Users\lordo\Documents\GitHub\llmtornado\src\LlmTornado\LlmTornado.csproj::TargetFramework=netstandard2.0]
C:\Users\lordo\Documents\GitHub\llmtornado\src\LlmTornado\Completions\CompletionRequest.cs(17,9): warning CS8618: Non-nullable property 'MultipleStopSequences' must contain a non-null value when exiting constructor. Consider adding the 'required' modifier or declaring the property as nullable. [C:\Users\lordo\Documents\GitHub\llmtornado\src\LlmTornado\LlmTornado.csproj::TargetFramework=netstandard2.0]
C:\Users\lordo\Documents\GitHub\llmtornado\src\LlmTornado\Completions\CompletionRequest.cs(17,9): warning CS8618: Non-nullable property 'user' must contain a non-null value when exiting constructor. Consider adding the 'required' modifier or declaring the property as nullable. [C:\Users\lordo\Documents\GitHub\llmtornado\src\LlmTornado\LlmTornado.csproj::TargetFramework=netstandard2.0]
C:\Users\lordo\Documents\GitHub\llmtornado\src\LlmTornado\Files\TornadoFile.cs(23,19): warning CS8618: Non-nullable property 'Id' must contain a non-null value when exiting constructor. Consider adding the 'required' modifier or declaring the property as nullable. [C:\Users\lordo\Documents\GitHub\llmtornado\src\LlmTornado\LlmTornado.csproj::TargetFramework=netstandard2.0]
C:\Users\lordo\Documents\GitHub\llmtornado\src\LlmTornado\Files\OpenAiInputFileTypes.cs(59,20): warning CS8602: Dereference of a possibly null reference. [C:\Users\lordo\Documents\GitHub\llmtornado\src\LlmTornado\LlmTornado.csproj::TargetFramework=netstandard2.0]
C:\Users\lordo\Documents\GitHub\llmtornado\src\LlmTornado\Files\OpenAiInputFileTypes.cs(74,64): warning CS8604: Possible null reference argument for parameter 'extensionOrFileName' in 'string OpenAiInputFileTypes.NormalizeExtension(string extensionOrFileName)'. [C:\Users\lordo\Documents\GitHub\llmtornado\src\LlmTornado\LlmTornado.csproj::TargetFramework=netstandard2.0]
C:\Users\lordo\Documents\GitHub\llmtornado\src\LlmTornado\Files\FileUploadRequest.cs(91,12): warning CS8618: Non-nullable property 'Bytes' must contain a non-null value when exiting constructor. Consider adding the 'required' modifier or declaring the property as nullable. [C:\Users\lordo\Documents\GitHub\llmtornado\src\LlmTornado\LlmTornado.csproj::TargetFramework=netstandard2.0]
C:\Users\lordo\Documents\GitHub\llmtornado\src\LlmTornado\Files\FileUploadRequest.cs(91,12): warning CS8618: Non-nullable property 'Name' must contain a non-null value when exiting constructor. Consider adding the 'required' modifier or declaring the property as nullable. [C:\Users\lordo\Documents\GitHub\llmtornado\src\LlmTornado\LlmTornado.csproj::TargetFramework=netstandard2.0]
C:\Users\lordo\Documents\GitHub\llmtornado\src\LlmTornado\Completions\CompletionRequest.cs(48,9): warning CS8618: Non-nullable property 'Suffix' must contain a non-null value when exiting constructor. Consider adding the 'required' modifier or declaring the property as nullable. [C:\Users\lordo\Documents\GitHub\llmtornado\src\LlmTornado\LlmTornado.csproj::TargetFramework=netstandard2.0]
C:\Users\lordo\Documents\GitHub\llmtornado\src\LlmTornado\Completions\CompletionRequest.cs(48,9): warning CS8618: Non-nullable property 'MultipleStopSequences' must contain a non-null value when exiting constructor. Consider adding the 'required' modifier or declaring the property as nullable. [C:\Users\lordo\Documents\GitHub\llmtornado\src\LlmTornado\LlmTornado.csproj::TargetFramework=netstandard2.0]
C:\Users\lordo\Documents\GitHub\llmtornado\src\LlmTornado\Completions\CompletionRequest.cs(48,9): warning CS8618: Non-nullable property 'user' must contain a non-null value when exiting constructor. Consider adding the 'required' modifier or declaring the property as nullable. [C:\Users\lordo\Documents\GitHub\llmtornado\src\LlmTornado\LlmTornado.csproj::TargetFramework=netstandard2.0]
C:\Users\lordo\Documents\GitHub\llmtornado\src\LlmTornado\Completions\CompletionRequest.cs(107,17): warning CS8604: Possible null reference argument for parameter 'model' in 'Model.implicit operator string(Model model)'. [C:\Users\lordo\Documents\GitHub\llmtornado\src\LlmTornado\LlmTornado.csproj::TargetFramework=netstandard2.0]
C:\Users\lordo\Documents\GitHub\llmtornado\src\LlmTornado\Completions\CompletionRequest.cs(111,18): warning CS8601: Possible null reference assignment. [C:\Users\lordo\Documents\GitHub\llmtornado\src\LlmTornado\LlmTornado.csproj::TargetFramework=netstandard2.0]
C:\Users\lordo\Documents\GitHub\llmtornado\src\LlmTornado\Completions\CompletionRequest.cs(93,9): warning CS8618: Non-nullable property 'MultiplePrompts' must contain a non-null value when exiting constructor. Consider adding the 'required' modifier or declaring the property as nullable. [C:\Users\lordo\Documents\GitHub\llmtornado\src\LlmTornado\LlmTornado.csproj::TargetFramework=netstandard2.0]
C:\Users\lordo\Documents\GitHub\llmtornado\src\LlmTornado\Completions\CompletionRequest.cs(93,9): warning CS8618: Non-nullable property 'Suffix' must contain a non-null value when exiting constructor. Consider adding the 'required' modifier or declaring the property as nullable. [C:\Users\lordo\Documents\GitHub\llmtornado\src\LlmTornado\LlmTornado.csproj::TargetFramework=netstandard2.0]
C:\Users\lordo\Documents\GitHub\llmtornado\src\LlmTornado\Completions\CompletionRequest.cs(93,9): warning CS8618: Non-nullable property 'user' must contain a non-null value when exiting constructor. Consider adding the 'required' modifier or declaring the property as nullable. [C:\Users\lordo\Documents\GitHub\llmtornado\src\LlmTornado\LlmTornado.csproj::TargetFramework=netstandard2.0]
C:\Users\lordo\Documents\GitHub\llmtornado\src\LlmTornado\Completions\CompletionRequest.cs(138,20): warning CS8603: Possible null reference return. [C:\Users\lordo\Documents\GitHub\llmtornado\src\LlmTornado\LlmTornado.csproj::TargetFramework=netstandard2.0]
C:\Users\lordo\Documents\GitHub\llmtornado\src\LlmTornado\Completions\CompletionRequest.cs(241,20): warning CS8603: Possible null reference return. [C:\Users\lordo\Documents\GitHub\llmtornado\src\LlmTornado\LlmTornado.csproj::TargetFramework=netstandard2.0]
C:\Users\lordo\Documents\GitHub\llmtornado\src\LlmTornado\Completions\CompletionRequest.cs(260,16): warning CS8603: Possible null reference return. [C:\Users\lordo\Documents\GitHub\llmtornado\src\LlmTornado\LlmTornado.csproj::TargetFramework=netstandard2.0]
C:\Users\lordo\Documents\GitHub\llmtornado\src\LlmTornado\Common\Tool.cs(1256,13): warning CS8618: Non-nullable property 'Name' must contain a non-null value when exiting constructor. Consider adding the 'required' modifier or declaring the property as nullable. [C:\Users\lordo\Documents\GitHub\llmtornado\src\LlmTornado\LlmTornado.csproj::TargetFramework=netstandard2.0]
C:\Users\lordo\Documents\GitHub\llmtornado\src\LlmTornado\Common\Tool.cs(1256,13): warning CS8618: Non-nullable property 'Description' must contain a non-null value when exiting constructor. Consider adding the 'required' modifier or declaring the property as nullable. [C:\Users\lordo\Documents\GitHub\llmtornado\src\LlmTornado\LlmTornado.csproj::TargetFramework=netstandard2.0]
C:\Users\lordo\Documents\GitHub\llmtornado\src\LlmTornado\Images\ImageSize.cs(339,34): warning CS8604: Possible null reference argument for parameter 'value' in 'ImageSize.ImageSize(string value)'. [C:\Users\lordo\Documents\GitHub\llmtornado\src\LlmTornado\LlmTornado.csproj::TargetFramework=netstandard2.0]
C:\Users\lordo\Documents\GitHub\llmtornado\src\LlmTornado\Common\Tool.cs(1111,12): warning CS8618: Non-nullable property 'CallAsync' must contain a non-null value when exiting constructor. Consider adding the 'required' modifier or declaring the property as nullable. [C:\Users\lordo\Documents\GitHub\llmtornado\src\LlmTornado\LlmTornado.csproj::TargetFramework=netstandard2.0]
C:\Users\lordo\Documents\GitHub\llmtornado\src\LlmTornado\Model\ModelsEndpoint.cs(39,16): warning CS8603: Possible null reference return. [C:\Users\lordo\Documents\GitHub\llmtornado\src\LlmTornado\LlmTornado.csproj::TargetFramework=netstandard2.0]
C:\Users\lordo\Documents\GitHub\llmtornado\src\LlmTornado\Common\Tool.cs(1065,19): warning CS8618: Non-nullable property 'Definition' must contain a non-null value when exiting constructor. Consider adding the 'required' modifier or declaring the property as nullable. [C:\Users\lordo\Documents\GitHub\llmtornado\src\LlmTornado\LlmTornado.csproj::TargetFramework=netstandard2.0]
C:\Users\lordo\Documents\GitHub\llmtornado\src\LlmTornado\Common\Tool.cs(978,12): warning CS8618: Non-nullable property 'Name' must contain a non-null value when exiting constructor. Consider adding the 'required' modifier or declaring the property as nullable. [C:\Users\lordo\Documents\GitHub\llmtornado\src\LlmTornado\LlmTornado.csproj::TargetFramework=netstandard2.0]
C:\Users\lordo\Documents\GitHub\llmtornado\src\LlmTornado\Common\Tool.cs(978,12): warning CS8618: Non-nullable property 'Format' must contain a non-null value when exiting constructor. Consider adding the 'required' modifier or declaring the property as nullable. [C:\Users\lordo\Documents\GitHub\llmtornado\src\LlmTornado\LlmTornado.csproj::TargetFramework=netstandard2.0]
C:\Users\lordo\Documents\GitHub\llmtornado\src\LlmTornado\Model\Vendors\RetrievedModelsResult.cs(13,33): warning CS8618: Non-nullable property 'Data' must contain a non-null value when exiting constructor. Consider adding the 'required' modifier or declaring the property as nullable. [C:\Users\lordo\Documents\GitHub\llmtornado\src\LlmTornado\LlmTornado.csproj::TargetFramework=netstandard2.0]
C:\Users\lordo\Documents\GitHub\llmtornado\src\LlmTornado\EndpointBase.cs(636,30): warning CS0168: The variable 'e' is declared but never used [C:\Users\lordo\Documents\GitHub\llmtornado\src\LlmTornado\LlmTornado.csproj::TargetFramework=netstandard2.0]
C:\Users\lordo\Documents\GitHub\llmtornado\src\LlmTornado\Model\Vendors\Cohere\VendorCohereRetrievedModelsResult.cs(20,57): warning CS8618: Non-nullable property 'Models' must contain a non-null value when exiting constructor. Consider adding the 'required' modifier or declaring the property as nullable. [C:\Users\lordo\Documents\GitHub\llmtornado\src\LlmTornado\LlmTornado.csproj::TargetFramework=netstandard2.0]
C:\Users\lordo\Documents\GitHub\llmtornado\src\LlmTornado\Model\Vendors\Google\VendorGoogleRetrievedModelsResult.cs(26,12): warning CS8618: Non-nullable property 'Models' must contain a non-null value when exiting constructor. Consider adding the 'required' modifier or declaring the property as nullable. [C:\Users\lordo\Documents\GitHub\llmtornado\src\LlmTornado\LlmTornado.csproj::TargetFramework=netstandard2.0]
C:\Users\lordo\Documents\GitHub\llmtornado\src\LlmTornado\Common\Tool.cs(618,19): warning CS8618: Non-nullable property 'Native' must contain a non-null value when exiting constructor. Consider adding the 'required' modifier or declaring the property as nullable. [C:\Users\lordo\Documents\GitHub\llmtornado\src\LlmTornado\LlmTornado.csproj::TargetFramework=netstandard2.0]
C:\Users\lordo\Documents\GitHub\llmtornado\src\LlmTornado\Common\Tool.cs(607,19): warning CS8618: Non-nullable property 'Blob' must contain a non-null value when exiting constructor. Consider adding the 'required' modifier or declaring the property as nullable. [C:\Users\lordo\Documents\GitHub\llmtornado\src\LlmTornado\LlmTornado.csproj::TargetFramework=netstandard2.0]
C:\Users\lordo\Documents\GitHub\llmtornado\src\LlmTornado\Common\Tool.cs(586,19): warning CS8618: Non-nullable property 'Text' must contain a non-null value when exiting constructor. Consider adding the 'required' modifier or declaring the property as nullable. [C:\Users\lordo\Documents\GitHub\llmtornado\src\LlmTornado\LlmTornado.csproj::TargetFramework=netstandard2.0]
C:\Users\lordo\Documents\GitHub\llmtornado\src\LlmTornado\Common\Tool.cs(505,19): warning CS8618: Non-nullable property 'Uri' must contain a non-null value when exiting constructor. Consider adding the 'required' modifier or declaring the property as nullable. [C:\Users\lordo\Documents\GitHub\llmtornado\src\LlmTornado\LlmTornado.csproj::TargetFramework=netstandard2.0]
C:\Users\lordo\Documents\GitHub\llmtornado\src\LlmTornado\Common\Tool.cs(510,19): warning CS8618: Non-nullable property 'Name' must contain a non-null value when exiting constructor. Consider adding the 'required' modifier or declaring the property as nullable. [C:\Users\lordo\Documents\GitHub\llmtornado\src\LlmTornado\LlmTornado.csproj::TargetFramework=netstandard2.0]
C:\Users\lordo\Documents\GitHub\llmtornado\src\LlmTornado\Common\Tool.cs(481,52): warning CS8618: Non-nullable property 'Resource' must contain a non-null value when exiting constructor. Consider adding the 'required' modifier or declaring the property as nullable. [C:\Users\lordo\Documents\GitHub\llmtornado\src\LlmTornado\LlmTornado.csproj::TargetFramework=netstandard2.0]
C:\Users\lordo\Documents\GitHub\llmtornado\src\LlmTornado\Common\Tool.cs(491,19): warning CS8618: Non-nullable property 'MimeType' must contain a non-null value when exiting constructor. Consider adding the 'required' modifier or declaring the property as nullable. [C:\Users\lordo\Documents\GitHub\llmtornado\src\LlmTornado\LlmTornado.csproj::TargetFramework=netstandard2.0]
C:\Users\lordo\Documents\GitHub\llmtornado\src\LlmTornado\Common\Tool.cs(452,19): warning CS8618: Non-nullable property 'Data' must contain a non-null value when exiting constructor. Consider adding the 'required' modifier or declaring the property as nullable. [C:\Users\lordo\Documents\GitHub\llmtornado\src\LlmTornado\LlmTornado.csproj::TargetFramework=netstandard2.0]
C:\Users\lordo\Documents\GitHub\llmtornado\src\LlmTornado\Common\Tool.cs(462,19): warning CS8618: Non-nullable property 'MimeType' must contain a non-null value when exiting constructor. Consider adding the 'required' modifier or declaring the property as nullable. [C:\Users\lordo\Documents\GitHub\llmtornado\src\LlmTornado\LlmTornado.csproj::TargetFramework=netstandard2.0]
C:\Users\lordo\Documents\GitHub\llmtornado\src\LlmTornado\Common\Tool.cs(436,19): warning CS8618: Non-nullable property 'Data' must contain a non-null value when exiting constructor. Consider adding the 'required' modifier or declaring the property as nullable. [C:\Users\lordo\Documents\GitHub\llmtornado\src\LlmTornado\LlmTornado.csproj::TargetFramework=netstandard2.0]
C:\Users\lordo\Documents\GitHub\llmtornado\src\LlmTornado\Common\Tool.cs(441,19): warning CS8618: Non-nullable property 'MimeType' must contain a non-null value when exiting constructor. Consider adding the 'required' modifier or declaring the property as nullable. [C:\Users\lordo\Documents\GitHub\llmtornado\src\LlmTornado\LlmTornado.csproj::TargetFramework=netstandard2.0]
C:\Users\lordo\Documents\GitHub\llmtornado\src\LlmTornado\Common\Tool.cs(425,19): warning CS8618: Non-nullable property 'Text' must contain a non-null value when exiting constructor. Consider adding the 'required' modifier or declaring the property as nullable. [C:\Users\lordo\Documents\GitHub\llmtornado\src\LlmTornado\LlmTornado.csproj::TargetFramework=netstandard2.0]
C:\Users\lordo\Documents\GitHub\llmtornado\src\LlmTornado\Common\Tool.cs(414,19): warning CS8618: Non-nullable property 'NativeBlock' must contain a non-null value when exiting constructor. Consider adding the 'required' modifier or declaring the property as nullable. [C:\Users\lordo\Documents\GitHub\llmtornado\src\LlmTornado\LlmTornado.csproj::TargetFramework=netstandard2.0]
C:\Users\lordo\Documents\GitHub\llmtornado\src\LlmTornado\Common\Tool.cs(409,34): warning CS8618: Non-nullable property 'NativeBlock' must contain a non-null value when exiting constructor. Consider adding the 'required' modifier or declaring the property as nullable. [C:\Users\lordo\Documents\GitHub\llmtornado\src\LlmTornado\LlmTornado.csproj::TargetFramework=netstandard2.0]
C:\Users\lordo\Documents\GitHub\llmtornado\src\LlmTornado\Common\Tool.cs(345,35): warning CS8618: Non-nullable property 'McpContentBlocks' must contain a non-null value when exiting constructor. Consider adding the 'required' modifier or declaring the property as nullable. [C:\Users\lordo\Documents\GitHub\llmtornado\src\LlmTornado\LlmTornado.csproj::TargetFramework=netstandard2.0]
C:\Users\lordo\Documents\GitHub\llmtornado\src\LlmTornado\Common\Tool.cs(92,12): warning CS8618: Non-nullable property 'Name' must contain a non-null value when exiting constructor. Consider adding the 'required' modifier or declaring the property as nullable. [C:\Users\lordo\Documents\GitHub\llmtornado\src\LlmTornado\LlmTornado.csproj::TargetFramework=netstandard2.0]
C:\Users\lordo\Documents\GitHub\llmtornado\src\LlmTornado\Common\Tool.cs(92,12): warning CS8618: Non-nullable property 'Content' must contain a non-null value when exiting constructor. Consider adding the 'required' modifier or declaring the property as nullable. [C:\Users\lordo\Documents\GitHub\llmtornado\src\LlmTornado\LlmTornado.csproj::TargetFramework=netstandard2.0]
C:\Users\lordo\Documents\GitHub\llmtornado\src\LlmTornado\Model\Vendors\Google\VendorGoogleRetrievedModelsResult.cs(13,23): warning CS8618: Non-nullable property 'Name' must contain a non-null value when exiting constructor. Consider adding the 'required' modifier or declaring the property as nullable. [C:\Users\lordo\Documents\GitHub\llmtornado\src\LlmTornado\LlmTornado.csproj::TargetFramework=netstandard2.0]
C:\Users\lordo\Documents\GitHub\llmtornado\src\LlmTornado\Model\Vendors\Google\VendorGoogleRetrievedModelsResult.cs(14,23): warning CS8618: Non-nullable property 'Version' must contain a non-null value when exiting constructor. Consider adding the 'required' modifier or declaring the property as nullable. [C:\Users\lordo\Documents\GitHub\llmtornado\src\LlmTornado\LlmTornado.csproj::TargetFramework=netstandard2.0]
C:\Users\lordo\Documents\GitHub\llmtornado\src\LlmTornado\Model\Vendors\Google\VendorGoogleRetrievedModelsResult.cs(15,23): warning CS8618: Non-nullable property 'DisplayName' must contain a non-null value when exiting constructor. Consider adding the 'required' modifier or declaring the property as nullable. [C:\Users\lordo\Documents\GitHub\llmtornado\src\LlmTornado\LlmTornado.csproj::TargetFramework=netstandard2.0]
C:\Users\lordo\Documents\GitHub\llmtornado\src\LlmTornado\Model\Vendors\Google\VendorGoogleRetrievedModelsResult.cs(19,29): warning CS8618: Non-nullable property 'SupportedGenerationMethods' must contain a non-null value when exiting constructor. Consider adding the 'required' modifier or declaring the property as nullable. [C:\Users\lordo\Documents\GitHub\llmtornado\src\LlmTornado\LlmTornado.csproj::TargetFramework=netstandard2.0]
C:\Users\lordo\Documents\GitHub\llmtornado\src\LlmTornado\Embedding\Vendors\Cohere\VendorCohereEmbeddingResult.cs(22,19): warning CS8618: Non-nullable property 'Id' must contain a non-null value when exiting constructor. Consider adding the 'required' modifier or declaring the property as nullable. [C:\Users\lordo\Documents\GitHub\llmtornado\src\LlmTornado\LlmTornado.csproj::TargetFramework=netstandard2.0]
C:\Users\lordo\Documents\GitHub\llmtornado\src\LlmTornado\Embedding\Vendors\Cohere\VendorCohereEmbeddingResult.cs(24,25): warning CS8618: Non-nullable property 'Texts' must contain a non-null value when exiting constructor. Consider adding the 'required' modifier or declaring the property as nullable. [C:\Users\lordo\Documents\GitHub\llmtornado\src\LlmTornado\LlmTornado.csproj::TargetFramework=netstandard2.0]
C:\Users\lordo\Documents\GitHub\llmtornado\src\LlmTornado\Embedding\Vendors\Cohere\VendorCohereEmbeddingResult.cs(28,30): warning CS8618: Non-nullable property 'Meta' must contain a non-null value when exiting constructor. Consider adding the 'required' modifier or declaring the property as nullable. [C:\Users\lordo\Documents\GitHub\llmtornado\src\LlmTornado\LlmTornado.csproj::TargetFramework=netstandard2.0]
C:\Users\lordo\Documents\GitHub\llmtornado\src\LlmTornado\Files\FilesEndpoint.cs(508,34): warning CS8618: Non-nullable property 'Data' must contain a non-null value when exiting constructor. Consider adding the 'required' modifier or declaring the property as nullable. [C:\Users\lordo\Documents\GitHub\llmtornado\src\LlmTornado\LlmTornado.csproj::TargetFramework=netstandard2.0]
C:\Users\lordo\Documents\GitHub\llmtornado\src\LlmTornado\Files\FilesEndpoint.cs(511,23): warning CS8618: Non-nullable property 'Obj' must contain a non-null value when exiting constructor. Consider adding the 'required' modifier or declaring the property as nullable. [C:\Users\lordo\Documents\GitHub\llmtornado\src\LlmTornado\LlmTornado.csproj::TargetFramework=netstandard2.0]
C:\Users\lordo\Documents\GitHub\llmtornado\src\LlmTornado\Files\DeletedTornadoFile.cs(16,19): warning CS8618: Non-nullable property 'Id' must contain a non-null value when exiting constructor. Consider adding the 'required' modifier or declaring the property as nullable. [C:\Users\lordo\Documents\GitHub\llmtornado\src\LlmTornado\LlmTornado.csproj::TargetFramework=netstandard2.0]
C:\Users\lordo\Documents\GitHub\llmtornado\src\LlmTornado\Code\Model.cs(562,19): warning CS8618: Non-nullable property 'Id' must contain a non-null value when exiting constructor. Consider adding the 'required' modifier or declaring the property as nullable. [C:\Users\lordo\Documents\GitHub\llmtornado\src\LlmTornado\LlmTornado.csproj::TargetFramework=netstandard2.0]
C:\Users\lordo\Documents\GitHub\llmtornado\src\LlmTornado\Code\Model.cs(619,19): warning CS8618: Non-nullable property 'Organization' must contain a non-null value when exiting constructor. Consider adding the 'required' modifier or declaring the property as nullable. [C:\Users\lordo\Documents\GitHub\llmtornado\src\LlmTornado\LlmTornado.csproj::TargetFramework=netstandard2.0]
C:\Users\lordo\Documents\GitHub\llmtornado\src\LlmTornado\Code\Model.cs(625,19): warning CS8618: Non-nullable property 'Group' must contain a non-null value when exiting constructor. Consider adding the 'required' modifier or declaring the property as nullable. [C:\Users\lordo\Documents\GitHub\llmtornado\src\LlmTornado\LlmTornado.csproj::TargetFramework=netstandard2.0]
C:\Users\lordo\Documents\GitHub\llmtornado\src\LlmTornado\Embedding\MultimodalEmbeddingResult.cs(45,19): warning CS8618: Non-nullable property 'Object' must contain a non-null value when exiting constructor. Consider adding the 'required' modifier or declaring the property as nullable. [C:\Users\lordo\Documents\GitHub\llmtornado\src\LlmTornado\LlmTornado.csproj::TargetFramework=netstandard2.0]
C:\Users\lordo\Documents\GitHub\llmtornado\src\LlmTornado\Embedding\MultimodalEmbeddingResult.cs(52,37): warning CS8618: Non-nullable property 'Embedding' must contain a non-null value when exiting constructor. Consider adding the 'required' modifier or declaring the property as nullable. [C:\Users\lordo\Documents\GitHub\llmtornado\src\LlmTornado\LlmTornado.csproj::TargetFramework=netstandard2.0]
C:\Users\lordo\Documents\GitHub\llmtornado\src\LlmTornado\Embedding\MultimodalEmbeddingResult.cs(15,19): warning CS8618: Non-nullable property 'Object' must contain a non-null value when exiting constructor. Consider adding the 'required' modifier or declaring the property as nullable. [C:\Users\lordo\Documents\GitHub\llmtornado\src\LlmTornado\LlmTornado.csproj::TargetFramework=netstandard2.0]
C:\Users\lordo\Documents\GitHub\llmtornado\src\LlmTornado\Embedding\MultimodalEmbeddingResult.cs(21,38): warning CS8618: Non-nullable property 'Data' must contain a non-null value when exiting constructor. Consider adding the 'required' modifier or declaring the property as nullable. [C:\Users\lordo\Documents\GitHub\llmtornado\src\LlmTornado\LlmTornado.csproj::TargetFramework=netstandard2.0]
C:\Users\lordo\Documents\GitHub\llmtornado\src\LlmTornado\Embedding\MultimodalEmbeddingResult.cs(27,19): warning CS8618: Non-nullable property 'Model' must contain a non-null value when exiting constructor. Consider adding the 'required' modifier or declaring the property as nullable. [C:\Users\lordo\Documents\GitHub\llmtornado\src\LlmTornado\LlmTornado.csproj::TargetFramework=netstandard2.0]
C:\Users\lordo\Documents\GitHub\llmtornado\src\LlmTornado\Embedding\MultimodalEmbeddingResult.cs(33,28): warning CS8618: Non-nullable property 'Usage' must contain a non-null value when exiting constructor. Consider adding the 'required' modifier or declaring the property as nullable. [C:\Users\lordo\Documents\GitHub\llmtornado\src\LlmTornado\LlmTornado.csproj::TargetFramework=netstandard2.0]
C:\Users\lordo\Documents\GitHub\llmtornado\src\LlmTornado\Common\ListResponse.cs(50,12): warning CS8618: Non-nullable property 'FirstId' must contain a non-null value when exiting constructor. Consider adding the 'required' modifier or declaring the property as nullable. [C:\Users\lordo\Documents\GitHub\llmtornado\src\LlmTornado\LlmTornado.csproj::TargetFramework=netstandard2.0]
C:\Users\lordo\Documents\GitHub\llmtornado\src\LlmTornado\Common\ListResponse.cs(50,12): warning CS8618: Non-nullable property 'LastId' must contain a non-null value when exiting constructor. Consider adding the 'required' modifier or declaring the property as nullable. [C:\Users\lordo\Documents\GitHub\llmtornado\src\LlmTornado\LlmTornado.csproj::TargetFramework=netstandard2.0]
C:\Users\lordo\Documents\GitHub\llmtornado\src\LlmTornado\Common\ListQuery.cs(187,37): warning CS8604: Possible null reference argument for parameter 'value' in 'void Dictionary<string, object>.Add(string key, object value)'. [C:\Users\lordo\Documents\GitHub\llmtornado\src\LlmTornado\LlmTornado.csproj::TargetFramework=netstandard2.0]
C:\Users\lordo\Documents\GitHub\llmtornado\src\LlmTornado\Common\ListQuery.cs(192,38): warning CS8604: Possible null reference argument for parameter 'value' in 'void Dictionary<string, object>.Add(string key, object value)'. [C:\Users\lordo\Documents\GitHub\llmtornado\src\LlmTornado\LlmTornado.csproj::TargetFramework=netstandard2.0]
C:\Users\lordo\Documents\GitHub\llmtornado\src\LlmTornado\Chat\OutboundToolChoice.cs(494,19): warning CS8618: Non-nullable property 'Name' must contain a non-null value when exiting constructor. Consider adding the 'required' modifier or declaring the property as nullable. [C:\Users\lordo\Documents\GitHub\llmtornado\src\LlmTornado\LlmTornado.csproj::TargetFramework=netstandard2.0]
C:\Users\lordo\Documents\GitHub\llmtornado\src\LlmTornado\Common\HttpCallResult.cs(41,19): warning CS8618: Non-nullable property 'Url' must contain a non-null value when exiting constructor. Consider adding the 'required' modifier or declaring the property as nullable. [C:\Users\lordo\Documents\GitHub\llmtornado\src\LlmTornado\LlmTornado.csproj::TargetFramework=netstandard2.0]
C:\Users\lordo\Documents\GitHub\llmtornado\src\LlmTornado\Common\HttpCallResult.cs(46,23): warning CS8618: Non-nullable property 'Method' must contain a non-null value when exiting constructor. Consider adding the 'required' modifier or declaring the property as nullable. [C:\Users\lordo\Documents\GitHub\llmtornado\src\LlmTornado\LlmTornado.csproj::TargetFramework=netstandard2.0]
C:\Users\lordo\Documents\GitHub\llmtornado\src\LlmTornado\Common\EventResponse.cs(8,12): warning CS8618: Non-nullable property 'Object' must contain a non-null value when exiting constructor. Consider adding the 'required' modifier or declaring the property as nullable. [C:\Users\lordo\Documents\GitHub\llmtornado\src\LlmTornado\LlmTornado.csproj::TargetFramework=netstandard2.0]
C:\Users\lordo\Documents\GitHub\llmtornado\src\LlmTornado\Common\EventResponse.cs(8,12): warning CS8618: Non-nullable property 'Level' must contain a non-null value when exiting constructor. Consider adding the 'required' modifier or declaring the property as nullable. [C:\Users\lordo\Documents\GitHub\llmtornado\src\LlmTornado\LlmTornado.csproj::TargetFramework=netstandard2.0]
C:\Users\lordo\Documents\GitHub\llmtornado\src\LlmTornado\Common\EventResponse.cs(8,12): warning CS8618: Non-nullable property 'Message' must contain a non-null value when exiting constructor. Consider adding the 'required' modifier or declaring the property as nullable. [C:\Users\lordo\Documents\GitHub\llmtornado\src\LlmTornado\LlmTornado.csproj::TargetFramework=netstandard2.0]
C:\Users\lordo\Documents\GitHub\llmtornado\src\LlmTornado\Common\Event.cs(10,19): warning CS8618: Non-nullable property 'Object' must contain a non-null value when exiting constructor. Consider adding the 'required' modifier or declaring the property as nullable. [C:\Users\lordo\Documents\GitHub\llmtornado\src\LlmTornado\LlmTornado.csproj::TargetFramework=netstandard2.0]
C:\Users\lordo\Documents\GitHub\llmtornado\src\LlmTornado\Common\Event.cs(22,19): warning CS8618: Non-nullable property 'Level' must contain a non-null value when exiting constructor. Consider adding the 'required' modifier or declaring the property as nullable. [C:\Users\lordo\Documents\GitHub\llmtornado\src\LlmTornado\LlmTornado.csproj::TargetFramework=netstandard2.0]
C:\Users\lordo\Documents\GitHub\llmtornado\src\LlmTornado\Common\Event.cs(25,19): warning CS8618: Non-nullable property 'Message' must contain a non-null value when exiting constructor. Consider adding the 'required' modifier or declaring the property as nullable. [C:\Users\lordo\Documents\GitHub\llmtornado\src\LlmTornado\LlmTornado.csproj::TargetFramework=netstandard2.0]
C:\Users\lordo\Documents\GitHub\llmtornado\src\LlmTornado\Infra\ToolDefinition.cs(348,30): warning CS8618: Non-nullable property 'Provider' must contain a non-null value when exiting constructor. Consider adding the 'required' modifier or declaring the property as nullable. [C:\Users\lordo\Documents\GitHub\llmtornado\src\LlmTornado\LlmTornado.csproj::TargetFramework=netstandard2.0]
C:\Users\lordo\Documents\GitHub\llmtornado\src\LlmTornado\Code\Model.cs(57,19): warning CS8618: Non-nullable property 'Id' must contain a non-null value when exiting constructor. Consider adding the 'required' modifier or declaring the property as nullable. [C:\Users\lordo\Documents\GitHub\llmtornado\src\LlmTornado\LlmTornado.csproj::TargetFramework=netstandard2.0]
C:\Users\lordo\Documents\GitHub\llmtornado\src\LlmTornado\Common\DeletionStatus.cs(7,40): warning CS8618: Non-nullable property 'Id' must contain a non-null value when exiting constructor. Consider adding the 'required' modifier or declaring the property as nullable. [C:\Users\lordo\Documents\GitHub\llmtornado\src\LlmTornado\LlmTornado.csproj::TargetFramework=netstandard2.0]
C:\Users\lordo\Documents\GitHub\llmtornado\src\LlmTornado\Common\DeletionStatus.cs(9,44): warning CS8618: Non-nullable property 'Object' must contain a non-null value when exiting constructor. Consider adding the 'required' modifier or declaring the property as nullable. [C:\Users\lordo\Documents\GitHub\llmtornado\src\LlmTornado\LlmTornado.csproj::TargetFramework=netstandard2.0]
C:\Users\lordo\Documents\GitHub\llmtornado\src\LlmTornado\Common\BaseResponse.cs(11,23): warning CS8618: Non-nullable property 'Api' must contain a non-null value when exiting constructor. Consider adding the 'required' modifier or declaring the property as nullable. [C:\Users\lordo\Documents\GitHub\llmtornado\src\LlmTornado\LlmTornado.csproj::TargetFramework=netstandard2.0]
C:\Users\lordo\Documents\GitHub\llmtornado\src\LlmTornado\Chat\Vendors\Zai\VendorZaiChatRequest.cs(22,50): warning CS8604: Possible null reference argument for parameter 'o' in 'JObject JObject.FromObject(object o, JsonSerializer jsonSerializer)'. [C:\Users\lordo\Documents\GitHub\llmtornado\src\LlmTornado\LlmTornado.csproj::TargetFramework=netstandard2.0]
C:\Users\lordo\Documents\GitHub\llmtornado\src\LlmTornado\Images\ImageEditRequest.cs(23,9): warning CS8618: Non-nullable property 'Prompt' must contain a non-null value when exiting constructor. Consider adding the 'required' modifier or declaring the property as nullable. [C:\Users\lordo\Documents\GitHub\llmtornado\src\LlmTornado\LlmTornado.csproj::TargetFramework=netstandard2.0]
C:\Users\lordo\Documents\GitHub\llmtornado\src\LlmTornado\Chat\OutboundToolChoice.cs(419,53): warning CS8604: Possible null reference argument for parameter 'type' in 'bool OutboundToolChoice.TryGetHostedToolTypeEnum(string type, out HostedToolTypes value)'. [C:\Users\lordo\Documents\GitHub\llmtornado\src\LlmTornado\LlmTornado.csproj::TargetFramework=netstandard2.0]
C:\Users\lordo\Documents\GitHub\llmtornado\src\LlmTornado\Chat\OutboundToolChoice.cs(21,19): warning CS8618: Non-nullable property 'Name' must contain a non-null value when exiting constructor. Consider adding the 'required' modifier or declaring the property as nullable. [C:\Users\lordo\Documents\GitHub\llmtornado\src\LlmTornado\LlmTornado.csproj::TargetFramework=netstandard2.0]
C:\Users\lordo\Documents\GitHub\llmtornado\src\LlmTornado\Infra\ToolDefinition.cs(36,14): warning CS8618: Non-nullable property 'Name' must contain a non-null value when exiting constructor. Consider adding the 'required' modifier or declaring the property as nullable. [C:\Users\lordo\Documents\GitHub\llmtornado\src\LlmTornado\LlmTornado.csproj::TargetFramework=netstandard2.0]
C:\Users\lordo\Documents\GitHub\llmtornado\src\LlmTornado\Chat\FunctionCall.cs(141,12): warning CS8618: Non-nullable property 'Name' must contain a non-null value when exiting constructor. Consider adding the 'required' modifier or declaring the property as nullable. [C:\Users\lordo\Documents\GitHub\llmtornado\src\LlmTornado\LlmTornado.csproj::TargetFramework=netstandard2.0]
C:\Users\lordo\Documents\GitHub\llmtornado\src\LlmTornado\Chat\Vendors\XAi\VendorXAiChatRequestData.cs(21,50): warning CS8604: Possible null reference argument for parameter 'o' in 'JObject JObject.FromObject(object o, JsonSerializer jsonSerializer)'. [C:\Users\lordo\Documents\GitHub\llmtornado\src\LlmTornado\LlmTornado.csproj::TargetFramework=netstandard2.0]
C:\Users\lordo\Documents\GitHub\llmtornado\src\LlmTornado\Chat\FunctionCall.cs(147,14): warning CS8618: Non-nullable property 'Name' must contain a non-null value when exiting constructor. Consider adding the 'required' modifier or declaring the property as nullable. [C:\Users\lordo\Documents\GitHub\llmtornado\src\LlmTornado\LlmTornado.csproj::TargetFramework=netstandard2.0]
C:\Users\lordo\Documents\GitHub\llmtornado\src\LlmTornado\Chat\FunctionCall.cs(154,14): warning CS8618: Non-nullable property 'Name' must contain a non-null value when exiting constructor. Consider adding the 'required' modifier or declaring the property as nullable. [C:\Users\lordo\Documents\GitHub\llmtornado\src\LlmTornado\LlmTornado.csproj::TargetFramework=netstandard2.0]
C:\Users\lordo\Documents\GitHub\llmtornado\src\LlmTornado\Responses\ResponseTextFormatConfiguration.cs(104,12): warning CS8618: Non-nullable property 'Name' must contain a non-null value when exiting constructor. Consider adding the 'required' modifier or declaring the property as nullable. [C:\Users\lordo\Documents\GitHub\llmtornado\src\LlmTornado\LlmTornado.csproj::TargetFramework=netstandard2.0]
C:\Users\lordo\Documents\GitHub\llmtornado\src\LlmTornado\Infra\StringValue.cs(261,26): warning CS0168: The variable 'e' is declared but never used [C:\Users\lordo\Documents\GitHub\llmtornado\src\LlmTornado\LlmTornado.csproj::TargetFramework=netstandard2.0]
C:\Users\lordo\Documents\GitHub\llmtornado\src\LlmTornado\Infra\StringValue.cs(306,30): warning CS0168: The variable 'e' is declared but never used [C:\Users\lordo\Documents\GitHub\llmtornado\src\LlmTornado\LlmTornado.csproj::TargetFramework=netstandard2.0]
C:\Users\lordo\Documents\GitHub\llmtornado\src\LlmTornado\Infra\StringValue.cs(352,26): warning CS0168: The variable 'e' is declared but never used [C:\Users\lordo\Documents\GitHub\llmtornado\src\LlmTornado\LlmTornado.csproj::TargetFramework=netstandard2.0]
C:\Users\lordo\Documents\GitHub\llmtornado\src\LlmTornado\Chat\Vendors\Perplexity\VendorPerplexityChatRequestData.cs(21,50): warning CS8604: Possible null reference argument for parameter 'o' in 'JObject JObject.FromObject(object o, JsonSerializer jsonSerializer)'. [C:\Users\lordo\Documents\GitHub\llmtornado\src\LlmTornado\LlmTornado.csproj::TargetFramework=netstandard2.0]
C:\Users\lordo\Documents\GitHub\llmtornado\src\LlmTornado\Infra\StringValue.cs(85,16): warning CS8619: Nullability of reference types in value of type 'Dictionary<string, object>' doesn't match target type 'Dictionary<string, object?>'. [C:\Users\lordo\Documents\GitHub\llmtornado\src\LlmTornado\LlmTornado.csproj::TargetFramework=netstandard2.0]
C:\Users\lordo\Documents\GitHub\llmtornado\src\LlmTornado\Responses\ResponsesWebSocketConnection.cs(200,20): warning CS8603: Possible null reference return. [C:\Users\lordo\Documents\GitHub\llmtornado\src\LlmTornado\LlmTornado.csproj::TargetFramework=netstandard2.0]
C:\Users\lordo\Documents\GitHub\llmtornado\src\LlmTornado\Chat\Vendors\Perplexity\ChatResultVendorPerplexity.cs(9,38): warning CS8618: Non-nullable property 'Usage' must contain a non-null value when exiting constructor. Consider adding the 'required' modifier or declaring the property as nullable. [C:\Users\lordo\Documents\GitHub\llmtornado\src\LlmTornado\LlmTornado.csproj::TargetFramework=netstandard2.0]
C:\Users\lordo\Documents\GitHub\llmtornado\src\LlmTornado\Responses\ResponsesSession.cs(26,30): warning CS8618: Non-nullable property 'Endpoint' must contain a non-null value when exiting constructor. Consider adding the 'required' modifier or declaring the property as nullable. [C:\Users\lordo\Documents\GitHub\llmtornado\src\LlmTornado\LlmTornado.csproj::TargetFramework=netstandard2.0]
C:\Users\lordo\Documents\GitHub\llmtornado\src\LlmTornado\Chat\Vendors\MoonshotAi\VendorMoonshotAiChatRequest.cs(23,35): warning CS8604: Possible null reference argument for parameter 'o' in 'JObject JObject.FromObject(object o, JsonSerializer jsonSerializer)'. [C:\Users\lordo\Documents\GitHub\llmtornado\src\LlmTornado\LlmTornado.csproj::TargetFramework=netstandard2.0]
C:\Users\lordo\Documents\GitHub\llmtornado\src\LlmTornado\Embedding\Models\Upstage\EmbeddingModelUpstage.cs(49,9): warning CS8604: Possible null reference argument for parameter 'item' in 'void List<IModel>.Add(IModel item)'. [C:\Users\lordo\Documents\GitHub\llmtornado\src\LlmTornado\LlmTornado.csproj::TargetFramework=netstandard2.0]
C:\Users\lordo\Documents\GitHub\llmtornado\src\LlmTornado\Embedding\Models\Upstage\EmbeddingModelUpstage.cs(50,9): warning CS8604: Possible null reference argument for parameter 'item' in 'void List<IModel>.Add(IModel item)'. [C:\Users\lordo\Documents\GitHub\llmtornado\src\LlmTornado\LlmTornado.csproj::TargetFramework=netstandard2.0]
C:\Users\lordo\Documents\GitHub\llmtornado\src\LlmTornado\Chat\Vendors\Mistral\VendorMistralChatRequest.cs(113,23): warning CS8618: Non-nullable property 'Content' must contain a non-null value when exiting constructor. Consider adding the 'required' modifier or declaring the property as nullable. [C:\Users\lordo\Documents\GitHub\llmtornado\src\LlmTornado\LlmTornado.csproj::TargetFramework=netstandard2.0]
C:\Users\lordo\Documents\GitHub\llmtornado\src\LlmTornado\Chat\Vendors\Mistral\VendorMistralChatRequest.cs(95,23): warning CS8618: Non-nullable property 'Name' must contain a non-null value when exiting constructor. Consider adding the 'required' modifier or declaring the property as nullable. [C:\Users\lordo\Documents\GitHub\llmtornado\src\LlmTornado\LlmTornado.csproj::TargetFramework=netstandard2.0]
C:\Users\lordo\Documents\GitHub\llmtornado\src\LlmTornado\Vendor\Google\GoogleEndpointProvider.cs(103,31): warning CS8600: Converting null literal or possible null value to non-nullable type. [C:\Users\lordo\Documents\GitHub\llmtornado\src\LlmTornado\LlmTornado.csproj::TargetFramework=netstandard2.0]
C:\Users\lordo\Documents\GitHub\llmtornado\src\LlmTornado\Embedding\Models\Google\EmbeddingModelGoogleGemini.cs(68,9): warning CS0618: 'EmbeddingModelGoogleGemini.ModelEmbedding4' is obsolete: 'Shut down January 14, 2026. Use ModelGeminiEmbedding001 instead.' [C:\Users\lordo\Documents\GitHub\llmtornado\src\LlmTornado\LlmTornado.csproj::TargetFramework=netstandard2.0]
C:\Users\lordo\Documents\GitHub\llmtornado\src\LlmTornado\Chat\Vendors\Mistral\MistralChatMessageConverter.cs(75,73): warning CS8604: Possible null reference argument for parameter 'content' in 'ChatImage.ChatImage(string content)'. [C:\Users\lordo\Documents\GitHub\llmtornado\src\LlmTornado\LlmTornado.csproj::TargetFramework=netstandard2.0]
C:\Users\lordo\Documents\GitHub\llmtornado\src\LlmTornado\Chat\Vendors\Mistral\MistralChatMessageConverter.cs(84,91): warning CS8604: Possible null reference argument for parameter 'fileUri' in 'ChatMessagePartFileLinkData.ChatMessagePartFileLinkData(string fileUri, string? mimeType = null)'. [C:\Users\lordo\Documents\GitHub\llmtornado\src\LlmTornado\LlmTornado.csproj::TargetFramework=netstandard2.0]
C:\Users\lordo\Documents\GitHub\llmtornado\src\LlmTornado\Chat\Vendors\Mistral\MistralChatMessageConverter.cs(101,91): warning CS8604: Possible null reference argument for parameter 'fileUri' in 'ChatMessagePartFileLinkData.ChatMessagePartFileLinkData(string fileUri, string? mimeType = null)'. [C:\Users\lordo\Documents\GitHub\llmtornado\src\LlmTornado\LlmTornado.csproj::TargetFramework=netstandard2.0]
C:\Users\lordo\Documents\GitHub\llmtornado\src\LlmTornado\Chat\Vendors\Mistral\MistralChatMessageConverter.cs(180,24): warning CS8601: Possible null reference assignment. [C:\Users\lordo\Documents\GitHub\llmtornado\src\LlmTornado\LlmTornado.csproj::TargetFramework=netstandard2.0]
C:\Users\lordo\Documents\GitHub\llmtornado\src\LlmTornado\Chat\Vendors\Mistral\MistralChatMessageConverter.cs(184,32): warning CS8601: Possible null reference assignment. [C:\Users\lordo\Documents\GitHub\llmtornado\src\LlmTornado\LlmTornado.csproj::TargetFramework=netstandard2.0]
C:\Users\lordo\Documents\GitHub\llmtornado\src\LlmTornado\Chat\Vendors\Mistral\MistralChatMessageConverter.cs(224,39): warning CS8604: Possible null reference argument for parameter 'text' in 'ChatMessagePart.ChatMessagePart(string text)'. [C:\Users\lordo\Documents\GitHub\llmtornado\src\LlmTornado\LlmTornado.csproj::TargetFramework=netstandard2.0]
C:\Users\lordo\Documents\GitHub\llmtornado\src\LlmTornado\Vendor\Google\GoogleEndpointProvider.cs(426,26): warning CS0168: The variable 'e' is declared but never used [C:\Users\lordo\Documents\GitHub\llmtornado\src\LlmTornado\LlmTornado.csproj::TargetFramework=netstandard2.0]
C:\Users\lordo\Documents\GitHub\llmtornado\src\LlmTornado\Chat\Vendors\Google\VendorGoogleChatRequest.cs(1442,14): warning CS0219: The variable 'anyStrictTool' is assigned but its value is never used [C:\Users\lordo\Documents\GitHub\llmtornado\src\LlmTornado\LlmTornado.csproj::TargetFramework=netstandard2.0]
C:\Users\lordo\Documents\GitHub\llmtornado\src\LlmTornado\Responses\ResponsesEndpoint.cs(403,28): warning CS8604: Possible null reference argument for parameter 'data' in 'ValueTask<MethodInvocationResult> ResponseFunctionTool.Invoke(string data)'. [C:\Users\lordo\Documents\GitHub\llmtornado\src\LlmTornado\LlmTornado.csproj::TargetFramework=netstandard2.0]
C:\Users\lordo\Documents\GitHub\llmtornado\src\LlmTornado\Responses\ResponseInputContent.cs(246,50): warning CS8604: Possible null reference argument for parameter 'fileName' in 'void OpenAiInputFileTypes.ValidateOrThrow(string fileName, string? mimeType = null)'. [C:\Users\lordo\Documents\GitHub\llmtornado\src\LlmTornado\LlmTornado.csproj::TargetFramework=netstandard2.0]
C:\Users\lordo\Documents\GitHub\llmtornado\src\LlmTornado\Responses\ResponseInputContent.cs(262,50): warning CS8604: Possible null reference argument for parameter 'fileName' in 'void OpenAiInputFileTypes.ValidateOrThrow(string fileName, string? mimeType = null)'. [C:\Users\lordo\Documents\GitHub\llmtornado\src\LlmTornado\LlmTornado.csproj::TargetFramework=netstandard2.0]
C:\Users\lordo\Documents\GitHub\llmtornado\src\LlmTornado\Responses\ResponseDeleted.cs(14,19): warning CS8618: Non-nullable property 'Id' must contain a non-null value when exiting constructor. Consider adding the 'required' modifier or declaring the property as nullable. [C:\Users\lordo\Documents\GitHub\llmtornado\src\LlmTornado\LlmTornado.csproj::TargetFramework=netstandard2.0]
C:\Users\lordo\Documents\GitHub\llmtornado\src\LlmTornado\Responses\ResponsesEndpoint.cs(544,20): warning CS8603: Possible null reference return. [C:\Users\lordo\Documents\GitHub\llmtornado\src\LlmTornado\LlmTornado.csproj::TargetFramework=netstandard2.0]
C:\Users\lordo\Documents\GitHub\llmtornado\src\LlmTornado\Embedding\EmbeddingResult.cs(81,20): warning CS8618: Non-nullable property 'Embedding' must contain a non-null value when exiting constructor. Consider adding the 'required' modifier or declaring the property as nullable. [C:\Users\lordo\Documents\GitHub\llmtornado\src\LlmTornado\LlmTornado.csproj::TargetFramework=netstandard2.0]
C:\Users\lordo\Documents\GitHub\llmtornado\src\LlmTornado\Embedding\EmbeddingResult.cs(60,18): warning CS8602: Dereference of a possibly null reference. [C:\Users\lordo\Documents\GitHub\llmtornado\src\LlmTornado\LlmTornado.csproj::TargetFramework=netstandard2.0]
C:\Users\lordo\Documents\GitHub\llmtornado\src\LlmTornado\Embedding\EmbeddingResult.cs(49,16): warning CS8603: Possible null reference return. [C:\Users\lordo\Documents\GitHub\llmtornado\src\LlmTornado\LlmTornado.csproj::TargetFramework=netstandard2.0]
C:\Users\lordo\Documents\GitHub\llmtornado\src\LlmTornado\Embedding\EmbeddingResult.cs(29,18): warning CS8618: Non-nullable property 'Usage' must contain a non-null value when exiting constructor. Consider adding the 'required' modifier or declaring the property as nullable. [C:\Users\lordo\Documents\GitHub\llmtornado\src\LlmTornado\LlmTornado.csproj::TargetFramework=netstandard2.0]
C:\Users\lordo\Documents\GitHub\llmtornado\src\LlmTornado\Embedding\EmbeddingRequest.cs(28,9): warning CS8618: Non-nullable property 'Model' must contain a non-null value when exiting constructor. Consider adding the 'required' modifier or declaring the property as nullable. [C:\Users\lordo\Documents\GitHub\llmtornado\src\LlmTornado\LlmTornado.csproj::TargetFramework=netstandard2.0]
C:\Users\lordo\Documents\GitHub\llmtornado\src\LlmTornado\Embedding\EmbeddingRequest.cs(28,9): warning CS8618: Non-nullable property 'InputSerialized' must contain a non-null value when exiting constructor. Consider adding the 'required' modifier or declaring the property as nullable. [C:\Users\lordo\Documents\GitHub\llmtornado\src\LlmTornado\LlmTornado.csproj::TargetFramework=netstandard2.0]
C:\Users\lordo\Documents\GitHub\llmtornado\src\LlmTornado\Embedding\EmbeddingRequest.cs(45,9): warning CS8618: Non-nullable property 'InputSerialized' must contain a non-null value when exiting constructor. Consider adding the 'required' modifier or declaring the property as nullable. [C:\Users\lordo\Documents\GitHub\llmtornado\src\LlmTornado\LlmTornado.csproj::TargetFramework=netstandard2.0]
C:\Users\lordo\Documents\GitHub\llmtornado\src\LlmTornado\Embedding\EmbeddingRequest.cs(66,9): warning CS8618: Non-nullable property 'InputSerialized' must contain a non-null value when exiting constructor. Consider adding the 'required' modifier or declaring the property as nullable. [C:\Users\lordo\Documents\GitHub\llmtornado\src\LlmTornado\LlmTornado.csproj::TargetFramework=netstandard2.0]
C:\Users\lordo\Documents\GitHub\llmtornado\src\LlmTornado\Embedding\EmbeddingRequest.cs(80,9): warning CS8618: Non-nullable property 'InputSerialized' must contain a non-null value when exiting constructor. Consider adding the 'required' modifier or declaring the property as nullable. [C:\Users\lordo\Documents\GitHub\llmtornado\src\LlmTornado\LlmTornado.csproj::TargetFramework=netstandard2.0]
C:\Users\lordo\Documents\GitHub\llmtornado\src\LlmTornado\Embedding\EmbeddingRequest.cs(93,9): warning CS8618: Non-nullable property 'InputSerialized' must contain a non-null value when exiting constructor. Consider adding the 'required' modifier or declaring the property as nullable. [C:\Users\lordo\Documents\GitHub\llmtornado\src\LlmTornado\LlmTornado.csproj::TargetFramework=netstandard2.0]
C:\Users\lordo\Documents\GitHub\llmtornado\src\LlmTornado\Embedding\EmbeddingRequest.cs(106,9): warning CS8618: Non-nullable property 'InputSerialized' must contain a non-null value when exiting constructor. Consider adding the 'required' modifier or declaring the property as nullable. [C:\Users\lordo\Documents\GitHub\llmtornado\src\LlmTornado\LlmTornado.csproj::TargetFramework=netstandard2.0]
C:\Users\lordo\Documents\GitHub\llmtornado\src\LlmTornado\Embedding\EmbeddingRequest.cs(118,9): warning CS8618: Non-nullable property 'InputSerialized' must contain a non-null value when exiting constructor. Consider adding the 'required' modifier or declaring the property as nullable. [C:\Users\lordo\Documents\GitHub\llmtornado\src\LlmTornado\LlmTornado.csproj::TargetFramework=netstandard2.0]
C:\Users\lordo\Documents\GitHub\llmtornado\src\LlmTornado\Embedding\EmbeddingRequest.cs(131,9): warning CS8618: Non-nullable property 'InputSerialized' must contain a non-null value when exiting constructor. Consider adding the 'required' modifier or declaring the property as nullable. [C:\Users\lordo\Documents\GitHub\llmtornado\src\LlmTornado\LlmTornado.csproj::TargetFramework=netstandard2.0]
C:\Users\lordo\Documents\GitHub\llmtornado\src\LlmTornado\Embedding\EmbeddingRequest.cs(145,9): warning CS8618: Non-nullable property 'InputSerialized' must contain a non-null value when exiting constructor. Consider adding the 'required' modifier or declaring the property as nullable. [C:\Users\lordo\Documents\GitHub\llmtornado\src\LlmTornado\LlmTornado.csproj::TargetFramework=netstandard2.0]
C:\Users\lordo\Documents\GitHub\llmtornado\src\LlmTornado\Embedding\EmbeddingRequest.cs(159,9): warning CS8618: Non-nullable property 'InputSerialized' must contain a non-null value when exiting constructor. Consider adding the 'required' modifier or declaring the property as nullable. [C:\Users\lordo\Documents\GitHub\llmtornado\src\LlmTornado\LlmTornado.csproj::TargetFramework=netstandard2.0]
C:\Users\lordo\Documents\GitHub\llmtornado\src\LlmTornado\Embedding\EmbeddingRequest.cs(173,9): warning CS8618: Non-nullable property 'InputSerialized' must contain a non-null value when exiting constructor. Consider adding the 'required' modifier or declaring the property as nullable. [C:\Users\lordo\Documents\GitHub\llmtornado\src\LlmTornado\LlmTornado.csproj::TargetFramework=netstandard2.0]
C:\Users\lordo\Documents\GitHub\llmtornado\src\LlmTornado\Embedding\EmbeddingRequest.cs(188,9): warning CS8618: Non-nullable property 'InputSerialized' must contain a non-null value when exiting constructor. Consider adding the 'required' modifier or declaring the property as nullable. [C:\Users\lordo\Documents\GitHub\llmtornado\src\LlmTornado\LlmTornado.csproj::TargetFramework=netstandard2.0]
C:\Users\lordo\Documents\GitHub\llmtornado\src\LlmTornado\Embedding\EmbeddingRequest.cs(204,9): warning CS8618: Non-nullable property 'InputSerialized' must contain a non-null value when exiting constructor. Consider adding the 'required' modifier or declaring the property as nullable. [C:\Users\lordo\Documents\GitHub\llmtornado\src\LlmTornado\LlmTornado.csproj::TargetFramework=netstandard2.0]
C:\Users\lordo\Documents\GitHub\llmtornado\src\LlmTornado\Responses\ConversationResult.cs(17,19): warning CS8618: Non-nullable property 'Id' must contain a non-null value when exiting constructor. Consider adding the 'required' modifier or declaring the property as nullable. [C:\Users\lordo\Documents\GitHub\llmtornado\src\LlmTornado\LlmTornado.csproj::TargetFramework=netstandard2.0]
C:\Users\lordo\Documents\GitHub\llmtornado\src\LlmTornado\Chat\Vendors\Google\VendorGoogleChatRequest.cs(1290,16): warning CS8618: Non-nullable property 'Name' must contain a non-null value when exiting constructor. Consider adding the 'required' modifier or declaring the property as nullable. [C:\Users\lordo\Documents\GitHub\llmtornado\src\LlmTornado\LlmTornado.csproj::TargetFramework=netstandard2.0]
C:\Users\lordo\Documents\GitHub\llmtornado\src\LlmTornado\Chat\Vendors\Google\VendorGoogleChatRequest.cs(1290,16): warning CS8618: Non-nullable property 'Description' must contain a non-null value when exiting constructor. Consider adding the 'required' modifier or declaring the property as nullable. [C:\Users\lordo\Documents\GitHub\llmtornado\src\LlmTornado\LlmTornado.csproj::TargetFramework=netstandard2.0]
C:\Users\lordo\Documents\GitHub\llmtornado\src\LlmTornado\Compaction\CompactionRequest.cs(149,73): warning CS8604: Possible null reference argument for parameter 'content' in 'ChatMessage.ChatMessage(ChatMessageRoles role, string content)'. [C:\Users\lordo\Documents\GitHub\llmtornado\src\LlmTornado\LlmTornado.csproj::TargetFramework=netstandard2.0]
C:\Users\lordo\Documents\GitHub\llmtornado\src\LlmTornado\Chat\Vendors\Google\VendorGoogleChatRequest.cs(1244,18): warning CS8618: Non-nullable property 'Category' must contain a non-null value when exiting constructor. Consider adding the 'required' modifier or declaring the property as nullable. [C:\Users\lordo\Documents\GitHub\llmtornado\src\LlmTornado\LlmTornado.csproj::TargetFramework=netstandard2.0]
C:\Users\lordo\Documents\GitHub\llmtornado\src\LlmTornado\Chat\Vendors\Google\VendorGoogleChatRequest.cs(1244,18): warning CS8618: Non-nullable property 'Threshold' must contain a non-null value when exiting constructor. Consider adding the 'required' modifier or declaring the property as nullable. [C:\Users\lordo\Documents\GitHub\llmtornado\src\LlmTornado\LlmTornado.csproj::TargetFramework=netstandard2.0]
C:\Users\lordo\Documents\GitHub\llmtornado\src\LlmTornado\Chat\Vendors\Google\VendorGoogleChatRequest.cs(1115,18): warning CS0219: The variable 'roleSolved' is assigned but its value is never used [C:\Users\lordo\Documents\GitHub\llmtornado\src\LlmTornado\LlmTornado.csproj::TargetFramework=netstandard2.0]
C:\Users\lordo\Documents\GitHub\llmtornado\src\LlmTornado\Chat\Vendors\Google\VendorGoogleChatRequest.cs(919,23): warning CS8618: Non-nullable property 'FileUri' must contain a non-null value when exiting constructor. Consider adding the 'required' modifier or declaring the property as nullable. [C:\Users\lordo\Documents\GitHub\llmtornado\src\LlmTornado\LlmTornado.csproj::TargetFramework=netstandard2.0]
C:\Users\lordo\Documents\GitHub\llmtornado\src\LlmTornado\Chat\Vendors\Google\VendorGoogleChatRequest.cs(892,23): warning CS8618: Non-nullable property 'Code' must contain a non-null value when exiting constructor. Consider adding the 'required' modifier or declaring the property as nullable. [C:\Users\lordo\Documents\GitHub\llmtornado\src\LlmTornado\LlmTornado.csproj::TargetFramework=netstandard2.0]
C:\Users\lordo\Documents\GitHub\llmtornado\src\LlmTornado\Chat\Vendors\Google\VendorGoogleChatRequest.cs(754,23): warning CS8618: Non-nullable property 'MimeType' must contain a non-null value when exiting constructor. Consider adding the 'required' modifier or declaring the property as nullable. [C:\Users\lordo\Documents\GitHub\llmtornado\src\LlmTornado\LlmTornado.csproj::TargetFramework=netstandard2.0]
C:\Users\lordo\Documents\GitHub\llmtornado\src\LlmTornado\Chat\Vendors\Google\VendorGoogleChatRequest.cs(760,23): warning CS8618: Non-nullable property 'Data' must contain a non-null value when exiting constructor. Consider adding the 'required' modifier or declaring the property as nullable. [C:\Users\lordo\Documents\GitHub\llmtornado\src\LlmTornado\LlmTornado.csproj::TargetFramework=netstandard2.0]
C:\Users\lordo\Documents\GitHub\llmtornado\src\LlmTornado\Chat\Vendors\Google\VendorGoogleChatRequest.cs(742,23): warning CS8618: Non-nullable property 'FileUri' must contain a non-null value when exiting constructor. Consider adding the 'required' modifier or declaring the property as nullable. [C:\Users\lordo\Documents\GitHub\llmtornado\src\LlmTornado\LlmTornado.csproj::TargetFramework=netstandard2.0]
C:\Users\lordo\Documents\GitHub\llmtornado\src\LlmTornado\Chat\Vendors\Google\VendorGoogleChatRequest.cs(686,23): warning CS8618: Non-nullable property 'Name' must contain a non-null value when exiting constructor. Consider adding the 'required' modifier or declaring the property as nullable. [C:\Users\lordo\Documents\GitHub\llmtornado\src\LlmTornado\LlmTornado.csproj::TargetFramework=netstandard2.0]
C:\Users\lordo\Documents\GitHub\llmtornado\src\LlmTornado\Chat\Vendors\Google\VendorGoogleChatRequest.cs(644,23): warning CS8618: Non-nullable property 'Name' must contain a non-null value when exiting constructor. Consider adding the 'required' modifier or declaring the property as nullable. [C:\Users\lordo\Documents\GitHub\llmtornado\src\LlmTornado\LlmTornado.csproj::TargetFramework=netstandard2.0]
C:\Users\lordo\Documents\GitHub\llmtornado\src\LlmTornado\Chat\Vendors\Google\VendorGoogleChatRequest.cs(629,23): warning CS8618: Non-nullable property 'MimeType' must contain a non-null value when exiting constructor. Consider adding the 'required' modifier or declaring the property as nullable. [C:\Users\lordo\Documents\GitHub\llmtornado\src\LlmTornado\LlmTornado.csproj::TargetFramework=netstandard2.0]
C:\Users\lordo\Documents\GitHub\llmtornado\src\LlmTornado\Chat\Vendors\Google\VendorGoogleChatRequest.cs(635,23): warning CS8618: Non-nullable property 'Data' must contain a non-null value when exiting constructor. Consider adding the 'required' modifier or declaring the property as nullable. [C:\Users\lordo\Documents\GitHub\llmtornado\src\LlmTornado\LlmTornado.csproj::TargetFramework=netstandard2.0]
C:\Users\lordo\Documents\GitHub\llmtornado\src\LlmTornado\Chat\Vendors\Google\VendorGoogleChatRequest.cs(364,32): warning CS8601: Possible null reference assignment. [C:\Users\lordo\Documents\GitHub\llmtornado\src\LlmTornado\LlmTornado.csproj::TargetFramework=netstandard2.0]
C:\Users\lordo\Documents\GitHub\llmtornado\src\LlmTornado\Embedding\ContextualEmbeddingResult.cs(71,19): warning CS8618: Non-nullable property 'Object' must contain a non-null value when exiting constructor. Consider adding the 'required' modifier or declaring the property as nullable. [C:\Users\lordo\Documents\GitHub\llmtornado\src\LlmTornado\LlmTornado.csproj::TargetFramework=netstandard2.0]
C:\Users\lordo\Documents\GitHub\llmtornado\src\LlmTornado\Embedding\ContextualEmbeddingResult.cs(78,37): warning CS8618: Non-nullable property 'ContextualEmbeddingVector' must contain a non-null value when exiting constructor. Consider adding the 'required' modifier or declaring the property as nullable. [C:\Users\lordo\Documents\GitHub\llmtornado\src\LlmTornado\LlmTornado.csproj::TargetFramework=netstandard2.0]
C:\Users\lordo\Documents\GitHub\llmtornado\src\LlmTornado\Embedding\ContextualEmbeddingResult.cs(47,19): warning CS8618: Non-nullable property 'Object' must contain a non-null value when exiting constructor. Consider adding the 'required' modifier or declaring the property as nullable. [C:\Users\lordo\Documents\GitHub\llmtornado\src\LlmTornado\LlmTornado.csproj::TargetFramework=netstandard2.0]
C:\Users\lordo\Documents\GitHub\llmtornado\src\LlmTornado\Embedding\ContextualEmbeddingResult.cs(53,38): warning CS8618: Non-nullable property 'Data' must contain a non-null value when exiting constructor. Consider adding the 'required' modifier or declaring the property as nullable. [C:\Users\lordo\Documents\GitHub\llmtornado\src\LlmTornado\LlmTornado.csproj::TargetFramework=netstandard2.0]
C:\Users\lordo\Documents\GitHub\llmtornado\src\LlmTornado\Embedding\ContextualEmbeddingResult.cs(17,19): warning CS8618: Non-nullable property 'Object' must contain a non-null value when exiting constructor. Consider adding the 'required' modifier or declaring the property as nullable. [C:\Users\lordo\Documents\GitHub\llmtornado\src\LlmTornado\LlmTornado.csproj::TargetFramework=netstandard2.0]
C:\Users\lordo\Documents\GitHub\llmtornado\src\LlmTornado\Embedding\ContextualEmbeddingResult.cs(23,42): warning CS8618: Non-nullable property 'Data' must contain a non-null value when exiting constructor. Consider adding the 'required' modifier or declaring the property as nullable. [C:\Users\lordo\Documents\GitHub\llmtornado\src\LlmTornado\LlmTornado.csproj::TargetFramework=netstandard2.0]
C:\Users\lordo\Documents\GitHub\llmtornado\src\LlmTornado\Embedding\ContextualEmbeddingResult.cs(29,19): warning CS8618: Non-nullable property 'Model' must contain a non-null value when exiting constructor. Consider adding the 'required' modifier or declaring the property as nullable. [C:\Users\lordo\Documents\GitHub\llmtornado\src\LlmTornado\LlmTornado.csproj::TargetFramework=netstandard2.0]
C:\Users\lordo\Documents\GitHub\llmtornado\src\LlmTornado\Embedding\ContextualEmbeddingResult.cs(35,18): warning CS8618: Non-nullable property 'Usage' must contain a non-null value when exiting constructor. Consider adding the 'required' modifier or declaring the property as nullable. [C:\Users\lordo\Documents\GitHub\llmtornado\src\LlmTornado\LlmTornado.csproj::TargetFramework=netstandard2.0]
C:\Users\lordo\Documents\GitHub\llmtornado\src\LlmTornado\Responses\ResponseInputContent.cs(275,50): warning CS8604: Possible null reference argument for parameter 'fileName' in 'void OpenAiInputFileTypes.ValidateOrThrow(string fileName, string? mimeType = null)'. [C:\Users\lordo\Documents\GitHub\llmtornado\src\LlmTornado\LlmTornado.csproj::TargetFramework=netstandard2.0]
C:\Users\lordo\Documents\GitHub\llmtornado\src\LlmTornado\Chat\Vendors\Google\VendorGoogleChatRequest.cs(190,19): warning CS8618: Non-nullable property 'Speaker' must contain a non-null value when exiting constructor. Consider adding the 'required' modifier or declaring the property as nullable. [C:\Users\lordo\Documents\GitHub\llmtornado\src\LlmTornado\LlmTornado.csproj::TargetFramework=netstandard2.0]
C:\Users\lordo\Documents\GitHub\llmtornado\src\LlmTornado\Chat\Vendors\Google\VendorGoogleChatResult.cs(680,19): warning CS8618: Non-nullable property 'Source' must contain a non-null value when exiting constructor. Consider adding the 'required' modifier or declaring the property as nullable. [C:\Users\lordo\Documents\GitHub\llmtornado\src\LlmTornado\LlmTornado.csproj::TargetFramework=netstandard2.0]
C:\Users\lordo\Documents\GitHub\llmtornado\src\LlmTornado\Chat\Vendors\Google\VendorGoogleChatResult.cs(686,19): warning CS8618: Non-nullable property 'Chunk' must contain a non-null value when exiting constructor. Consider adding the 'required' modifier or declaring the property as nullable. [C:\Users\lordo\Documents\GitHub\llmtornado\src\LlmTornado\LlmTornado.csproj::TargetFramework=netstandard2.0]
C:\Users\lordo\Documents\GitHub\llmtornado\src\LlmTornado\Chat\Vendors\Google\VendorGoogleChatResult.cs(662,19): warning CS8618: Non-nullable property 'PassageId' must contain a non-null value when exiting constructor. Consider adding the 'required' modifier or declaring the property as nullable. [C:\Users\lordo\Documents\GitHub\llmtornado\src\LlmTornado\LlmTornado.csproj::TargetFramework=netstandard2.0]
C:\Users\lordo\Documents\GitHub\llmtornado\src\LlmTornado\Chat\Vendors\Google\VendorGoogleChatResult.cs(644,53): warning CS8618: Non-nullable property 'GroundingPassage' must contain a non-null value when exiting constructor. Consider adding the 'required' modifier or declaring the property as nullable. [C:\Users\lordo\Documents\GitHub\llmtornado\src\LlmTornado\LlmTornado.csproj::TargetFramework=netstandard2.0]
C:\Users\lordo\Documents\GitHub\llmtornado\src\LlmTornado\Chat\Vendors\Google\VendorGoogleChatResult.cs(650,57): warning CS8618: Non-nullable property 'SemanticRetrieverChunk' must contain a non-null value when exiting constructor. Consider adding the 'required' modifier or declaring the property as nullable. [C:\Users\lordo\Documents\GitHub\llmtornado\src\LlmTornado\LlmTornado.csproj::TargetFramework=netstandard2.0]
C:\Users\lordo\Documents\GitHub\llmtornado\src\LlmTornado\Chat\Vendors\Google\VendorGoogleChatResult.cs(626,54): warning CS8618: Non-nullable property 'SourceId' must contain a non-null value when exiting constructor. Consider adding the 'required' modifier or declaring the property as nullable. [C:\Users\lordo\Documents\GitHub\llmtornado\src\LlmTornado\LlmTornado.csproj::TargetFramework=netstandard2.0]
C:\Users\lordo\Documents\GitHub\llmtornado\src\LlmTornado\Chat\Vendors\Google\VendorGoogleChatResult.cs(632,67): warning CS8618: Non-nullable property 'Content' must contain a non-null value when exiting constructor. Consider adding the 'required' modifier or declaring the property as nullable. [C:\Users\lordo\Documents\GitHub\llmtornado\src\LlmTornado\LlmTornado.csproj::TargetFramework=netstandard2.0]
C:\Users\lordo\Documents\GitHub\llmtornado\src\LlmTornado\Chat\Vendors\Google\VendorGoogleChatResult.cs(594,19): warning CS8618: Non-nullable property 'RenderedContent' must contain a non-null value when exiting constructor. Consider adding the 'required' modifier or declaring the property as nullable. [C:\Users\lordo\Documents\GitHub\llmtornado\src\LlmTornado\LlmTornado.csproj::TargetFramework=netstandard2.0]
C:\Users\lordo\Documents\GitHub\llmtornado\src\LlmTornado\Chat\Vendors\Google\VendorGoogleChatResult.cs(601,19): warning CS8618: Non-nullable property 'SdkBlob' must contain a non-null value when exiting constructor. Consider adding the 'required' modifier or declaring the property as nullable. [C:\Users\lordo\Documents\GitHub\llmtornado\src\LlmTornado\LlmTornado.csproj::TargetFramework=netstandard2.0]
C:\Users\lordo\Documents\GitHub\llmtornado\src\LlmTornado\Vendor\Anthropic\VendorAnthropicChatResultContainer.cs(22,19): warning CS8618: Non-nullable property 'Type' must contain a non-null value when exiting constructor. Consider adding the 'required' modifier or declaring the property as nullable. [C:\Users\lordo\Documents\GitHub\llmtornado\src\LlmTornado\LlmTornado.csproj::TargetFramework=netstandard2.0]
C:\Users\lordo\Documents\GitHub\llmtornado\src\LlmTornado\Vendor\Anthropic\VendorAnthropicChatResultContainer.cs(25,19): warning CS8618: Non-nullable property 'SkillId' must contain a non-null value when exiting constructor. Consider adding the 'required' modifier or declaring the property as nullable. [C:\Users\lordo\Documents\GitHub\llmtornado\src\LlmTornado\LlmTornado.csproj::TargetFramework=netstandard2.0]
C:\Users\lordo\Documents\GitHub\llmtornado\src\LlmTornado\Vendor\Anthropic\VendorAnthropicChatResultContainer.cs(28,19): warning CS8618: Non-nullable property 'Version' must contain a non-null value when exiting constructor. Consider adding the 'required' modifier or declaring the property as nullable. [C:\Users\lordo\Documents\GitHub\llmtornado\src\LlmTornado\LlmTornado.csproj::TargetFramework=netstandard2.0]
C:\Users\lordo\Documents\GitHub\llmtornado\src\LlmTornado\Chat\Vendors\Google\VendorGoogleChatResult.cs(582,19): warning CS8618: Non-nullable property 'Text' must contain a non-null value when exiting constructor. Consider adding the 'required' modifier or declaring the property as nullable. [C:\Users\lordo\Documents\GitHub\llmtornado\src\LlmTornado\LlmTornado.csproj::TargetFramework=netstandard2.0]
C:\Users\lordo\Documents\GitHub\llmtornado\src\LlmTornado\Vendor\Anthropic\VendorAnthropicChatResultContainer.cs(10,19): warning CS8618: Non-nullable property 'Id' must contain a non-null value when exiting constructor. Consider adding the 'required' modifier or declaring the property as nullable. [C:\Users\lordo\Documents\GitHub\llmtornado\src\LlmTornado\LlmTornado.csproj::TargetFramework=netstandard2.0]
C:\Users\lordo\Documents\GitHub\llmtornado\src\LlmTornado\Vendor\Anthropic\VendorAnthropicChatResultContainer.cs(16,54): warning CS8618: Non-nullable property 'Skills' must contain a non-null value when exiting constructor. Consider adding the 'required' modifier or declaring the property as nullable. [C:\Users\lordo\Documents\GitHub\llmtornado\src\LlmTornado\LlmTornado.csproj::TargetFramework=netstandard2.0]
C:\Users\lordo\Documents\GitHub\llmtornado\src\LlmTornado\Chat\Vendors\Google\VendorGoogleChatResult.cs(552,42): warning CS8618: Non-nullable property 'Segment' must contain a non-null value when exiting constructor. Consider adding the 'required' modifier or declaring the property as nullable. [C:\Users\lordo\Documents\GitHub\llmtornado\src\LlmTornado\LlmTornado.csproj::TargetFramework=netstandard2.0]
C:\Users\lordo\Documents\GitHub\llmtornado\src\LlmTornado\Chat\Vendors\Google\VendorGoogleChatResult.cs(516,19): warning CS8618: Non-nullable property 'ReviewId' must contain a non-null value when exiting constructor. Consider adding the 'required' modifier or declaring the property as nullable. [C:\Users\lordo\Documents\GitHub\llmtornado\src\LlmTornado\LlmTornado.csproj::TargetFramework=netstandard2.0]
C:\Users\lordo\Documents\GitHub\llmtornado\src\LlmTornado\Chat\Vendors\Google\VendorGoogleChatResult.cs(522,19): warning CS8618: Non-nullable property 'GoogleMapsUri' must contain a non-null value when exiting constructor. Consider adding the 'required' modifier or declaring the property as nullable. [C:\Users\lordo\Documents\GitHub\llmtornado\src\LlmTornado\LlmTornado.csproj::TargetFramework=netstandard2.0]
C:\Users\lordo\Documents\GitHub\llmtornado\src\LlmTornado\Chat\Vendors\Google\VendorGoogleChatResult.cs(528,19): warning CS8618: Non-nullable property 'Title' must contain a non-null value when exiting constructor. Consider adding the 'required' modifier or declaring the property as nullable. [C:\Users\lordo\Documents\GitHub\llmtornado\src\LlmTornado\LlmTornado.csproj::TargetFramework=netstandard2.0]
C:\Users\lordo\Documents\GitHub\llmtornado\src\LlmTornado\Chat\Vendors\Alibaba\VendorAlibabaChatRequest.cs(18,50): warning CS8604: Possible null reference argument for parameter 'o' in 'JObject JObject.FromObject(object o, JsonSerializer jsonSerializer)'. [C:\Users\lordo\Documents\GitHub\llmtornado\src\LlmTornado\LlmTornado.csproj::TargetFramework=netstandard2.0]
C:\Users\lordo\Documents\GitHub\llmtornado\src\LlmTornado\Chat\ResolvedToolsCall.cs(50,24): warning CS8618: Non-nullable property 'AssistantMessage' must contain a non-null value when exiting constructor. Consider adding the 'required' modifier or declaring the property as nullable. [C:\Users\lordo\Documents\GitHub\llmtornado\src\LlmTornado\LlmTornado.csproj::TargetFramework=netstandard2.0]
C:\Users\lordo\Documents\GitHub\llmtornado\src\LlmTornado\Chat\ResolvedToolsCall.cs(37,24): warning CS8618: Non-nullable property 'ToolMessage' must contain a non-null value when exiting constructor. Consider adding the 'required' modifier or declaring the property as nullable. [C:\Users\lordo\Documents\GitHub\llmtornado\src\LlmTornado\LlmTornado.csproj::TargetFramework=netstandard2.0]
C:\Users\lordo\Documents\GitHub\llmtornado\src\LlmTornado\Chat\Vendors\Google\VendorGoogleChatResult.cs(468,19): warning CS8618: Non-nullable property 'Uri' must contain a non-null value when exiting constructor. Consider adding the 'required' modifier or declaring the property as nullable. [C:\Users\lordo\Documents\GitHub\llmtornado\src\LlmTornado\LlmTornado.csproj::TargetFramework=netstandard2.0]
C:\Users\lordo\Documents\GitHub\llmtornado\src\LlmTornado\Chat\Vendors\Google\VendorGoogleChatResult.cs(474,19): warning CS8618: Non-nullable property 'Title' must contain a non-null value when exiting constructor. Consider adding the 'required' modifier or declaring the property as nullable. [C:\Users\lordo\Documents\GitHub\llmtornado\src\LlmTornado\LlmTornado.csproj::TargetFramework=netstandard2.0]
C:\Users\lordo\Documents\GitHub\llmtornado\src\LlmTornado\Chat\Vendors\Google\VendorGoogleChatResult.cs(480,19): warning CS8618: Non-nullable property 'Text' must contain a non-null value when exiting constructor. Consider adding the 'required' modifier or declaring the property as nullable. [C:\Users\lordo\Documents\GitHub\llmtornado\src\LlmTornado\LlmTornado.csproj::TargetFramework=netstandard2.0]
C:\Users\lordo\Documents\GitHub\llmtornado\src\LlmTornado\Chat\Vendors\Google\VendorGoogleChatResult.cs(486,19): warning CS8618: Non-nullable property 'PlaceId' must contain a non-null value when exiting constructor. Consider adding the 'required' modifier or declaring the property as nullable. [C:\Users\lordo\Documents\GitHub\llmtornado\src\LlmTornado\LlmTornado.csproj::TargetFramework=netstandard2.0]
C:\Users\lordo\Documents\GitHub\llmtornado\src\LlmTornado\Chat\Vendors\Google\VendorGoogleChatResult.cs(450,19): warning CS8618: Non-nullable property 'Uri' must contain a non-null value when exiting constructor. Consider adding the 'required' modifier or declaring the property as nullable. [C:\Users\lordo\Documents\GitHub\llmtornado\src\LlmTornado\LlmTornado.csproj::TargetFramework=netstandard2.0]
C:\Users\lordo\Documents\GitHub\llmtornado\src\LlmTornado\Chat\Vendors\Google\VendorGoogleChatResult.cs(456,19): warning CS8618: Non-nullable property 'Title' must contain a non-null value when exiting constructor. Consider adding the 'required' modifier or declaring the property as nullable. [C:\Users\lordo\Documents\GitHub\llmtornado\src\LlmTornado\LlmTornado.csproj::TargetFramework=netstandard2.0]
C:\Users\lordo\Documents\GitHub\llmtornado\src\LlmTornado\Chat\Vendors\Google\VendorGoogleChatResult.cs(345,52): warning CS8618: Non-nullable property 'RetrievalMetadata' must contain a non-null value when exiting constructor. Consider adding the 'required' modifier or declaring the property as nullable. [C:\Users\lordo\Documents\GitHub\llmtornado\src\LlmTornado\LlmTornado.csproj::TargetFramework=netstandard2.0]
C:\Users\lordo\Documents\GitHub\llmtornado\src\LlmTornado\Chat\Vendors\Google\VendorGoogleChatResult.cs(297,19): warning CS8618: Non-nullable property 'Token' must contain a non-null value when exiting constructor. Consider adding the 'required' modifier or declaring the property as nullable. [C:\Users\lordo\Documents\GitHub\llmtornado\src\LlmTornado\LlmTornado.csproj::TargetFramework=netstandard2.0]
C:\Users\lordo\Documents\GitHub\llmtornado\src\LlmTornado\Chat\Vendors\Google\VendorGoogleChatResult.cs(212,19): warning CS8618: Non-nullable property 'RetrievedUrl' must contain a non-null value when exiting constructor. Consider adding the 'required' modifier or declaring the property as nullable. [C:\Users\lordo\Documents\GitHub\llmtornado\src\LlmTornado\LlmTornado.csproj::TargetFramework=netstandard2.0]
C:\Users\lordo\Documents\GitHub\llmtornado\src\LlmTornado\Responses\ResponseHelpers.cs(113,29): warning CS8604: Possible null reference argument for parameter 'output' in 'FunctionToolCallOutput.FunctionToolCallOutput(string callId, string output)'. [C:\Users\lordo\Documents\GitHub\llmtornado\src\LlmTornado\LlmTornado.csproj::TargetFramework=netstandard2.0]
C:\Users\lordo\Documents\GitHub\llmtornado\src\LlmTornado\Chat\Vendors\Google\VendorGoogleChatResult.cs(94,30): warning CS8618: Non-nullable property 'Meta' must contain a non-null value when exiting constructor. Consider adding the 'required' modifier or declaring the property as nullable. [C:\Users\lordo\Documents\GitHub\llmtornado\src\LlmTornado\LlmTornado.csproj::TargetFramework=netstandard2.0]
C:\Users\lordo\Documents\GitHub\llmtornado\src\LlmTornado\Chat\Vendors\Google\VendorGoogleChatResult.cs(26,71): warning CS8618: Non-nullable property 'Content' must contain a non-null value when exiting constructor. Consider adding the 'required' modifier or declaring the property as nullable. [C:\Users\lordo\Documents\GitHub\llmtornado\src\LlmTornado\LlmTornado.csproj::TargetFramework=netstandard2.0]
C:\Users\lordo\Documents\GitHub\llmtornado\src\LlmTornado\Chat\Vendors\Cohere\VendorCohereCitationBlock.cs(11,19): warning CS8618: Non-nullable property 'Text' must contain a non-null value when exiting constructor. Consider adding the 'required' modifier or declaring the property as nullable. [C:\Users\lordo\Documents\GitHub\llmtornado\src\LlmTornado\LlmTornado.csproj::TargetFramework=netstandard2.0]
C:\Users\lordo\Documents\GitHub\llmtornado\src\LlmTornado\Chat\Vendors\Cohere\VendorCohereChatTool.cs(50,19): warning CS8618: Non-nullable property 'Name' must contain a non-null value when exiting constructor. Consider adding the 'required' modifier or declaring the property as nullable. [C:\Users\lordo\Documents\GitHub\llmtornado\src\LlmTornado\LlmTornado.csproj::TargetFramework=netstandard2.0]
C:\Users\lordo\Documents\GitHub\llmtornado\src\LlmTornado\Chat\Vendors\Cohere\VendorCohereChatTool.cs(29,19): warning CS8618: Non-nullable property 'Description' must contain a non-null value when exiting constructor. Consider adding the 'required' modifier or declaring the property as nullable. [C:\Users\lordo\Documents\GitHub\llmtornado\src\LlmTornado\LlmTornado.csproj::TargetFramework=netstandard2.0]
C:\Users\lordo\Documents\GitHub\llmtornado\src\LlmTornado\Chat\Vendors\Cohere\VendorCohereChatTool.cs(32,19): warning CS8618: Non-nullable property 'Type' must contain a non-null value when exiting constructor. Consider adding the 'required' modifier or declaring the property as nullable. [C:\Users\lordo\Documents\GitHub\llmtornado\src\LlmTornado\LlmTornado.csproj::TargetFramework=netstandard2.0]
C:\Users\lordo\Documents\GitHub\llmtornado\src\LlmTornado\Chat\Vendors\Cohere\VendorCohereChatTool.cs(21,19): warning CS8618: Non-nullable property 'Name' must contain a non-null value when exiting constructor. Consider adding the 'required' modifier or declaring the property as nullable. [C:\Users\lordo\Documents\GitHub\llmtornado\src\LlmTornado\LlmTornado.csproj::TargetFramework=netstandard2.0]
C:\Users\lordo\Documents\GitHub\llmtornado\src\LlmTornado\Chat\Vendors\Cohere\VendorCohereChatTool.cs(9,19): warning CS8618: Non-nullable property 'Name' must contain a non-null value when exiting constructor. Consider adding the 'required' modifier or declaring the property as nullable. [C:\Users\lordo\Documents\GitHub\llmtornado\src\LlmTornado\LlmTornado.csproj::TargetFramework=netstandard2.0]
C:\Users\lordo\Documents\GitHub\llmtornado\src\LlmTornado\Chat\Vendors\Cohere\VendorCohereChatTool.cs(12,19): warning CS8618: Non-nullable property 'Description' must contain a non-null value when exiting constructor. Consider adding the 'required' modifier or declaring the property as nullable. [C:\Users\lordo\Documents\GitHub\llmtornado\src\LlmTornado\LlmTornado.csproj::TargetFramework=netstandard2.0]
C:\Users\lordo\Documents\GitHub\llmtornado\src\LlmTornado\Chat\Vendors\Cohere\VendorCohereChatSearchResult.cs(15,40): warning CS8618: Non-nullable property 'SearchQuery' must contain a non-null value when exiting constructor. Consider adding the 'required' modifier or declaring the property as nullable. [C:\Users\lordo\Documents\GitHub\llmtornado\src\LlmTornado\LlmTornado.csproj::TargetFramework=netstandard2.0]
C:\Users\lordo\Documents\GitHub\llmtornado\src\LlmTornado\Chat\Vendors\Cohere\VendorCohereChatSearchResult.cs(21,25): warning CS8618: Non-nullable property 'DocumentIds' must contain a non-null value when exiting constructor. Consider adding the 'required' modifier or declaring the property as nullable. [C:\Users\lordo\Documents\GitHub\llmtornado\src\LlmTornado\LlmTornado.csproj::TargetFramework=netstandard2.0]
C:\Users\lordo\Documents\GitHub\llmtornado\src\LlmTornado\Chat\Vendors\Cohere\VendorCohereChatSearchResult.cs(27,49): warning CS8618: Non-nullable property 'Connector' must contain a non-null value when exiting constructor. Consider adding the 'required' modifier or declaring the property as nullable. [C:\Users\lordo\Documents\GitHub\llmtornado\src\LlmTornado\LlmTornado.csproj::TargetFramework=netstandard2.0]
C:\Users\lordo\Documents\GitHub\llmtornado\src\LlmTornado\Chat\Vendors\Cohere\VendorCohereChatSearchQueryConnector.cs(14,19): warning CS8618: Non-nullable property 'Id' must contain a non-null value when exiting constructor. Consider adding the 'required' modifier or declaring the property as nullable. [C:\Users\lordo\Documents\GitHub\llmtornado\src\LlmTornado\LlmTornado.csproj::TargetFramework=netstandard2.0]
C:\Users\lordo\Documents\GitHub\llmtornado\src\LlmTornado\Chat\Vendors\Cohere\VendorCohereChatSearchQuery.cs(15,19): warning CS8618: Non-nullable property 'Text' must contain a non-null value when exiting constructor. Consider adding the 'required' modifier or declaring the property as nullable. [C:\Users\lordo\Documents\GitHub\llmtornado\src\LlmTornado\LlmTornado.csproj::TargetFramework=netstandard2.0]
C:\Users\lordo\Documents\GitHub\llmtornado\src\LlmTornado\Chat\Vendors\Cohere\VendorCohereChatSearchQuery.cs(21,19): warning CS8618: Non-nullable property 'GenerationId' must contain a non-null value when exiting constructor. Consider adding the 'required' modifier or declaring the property as nullable. [C:\Users\lordo\Documents\GitHub\llmtornado\src\LlmTornado\LlmTornado.csproj::TargetFramework=netstandard2.0]
C:\Users\lordo\Documents\GitHub\llmtornado\src\LlmTornado\Responses\Events\ResponseEventOutputTextDelta.cs(35,19): warning CS8618: Non-nullable property 'ItemId' must contain a non-null value when exiting constructor. Consider adding the 'required' modifier or declaring the property as nullable. [C:\Users\lordo\Documents\GitHub\llmtornado\src\LlmTornado\LlmTornado.csproj::TargetFramework=netstandard2.0]
C:\Users\lordo\Documents\GitHub\llmtornado\src\LlmTornado\Responses\Events\ResponseEventOutputTextDelta.cs(47,19): warning CS8618: Non-nullable property 'Delta' must contain a non-null value when exiting constructor. Consider adding the 'required' modifier or declaring the property as nullable. [C:\Users\lordo\Documents\GitHub\llmtornado\src\LlmTornado\LlmTornado.csproj::TargetFramework=netstandard2.0]
C:\Users\lordo\Documents\GitHub\llmtornado\src\LlmTornado\Chat\Vendors\Cohere\VendorCohereChatResult.cs(59,19): warning CS8618: Non-nullable property 'ResponseId' must contain a non-null value when exiting constructor. Consider adding the 'required' modifier or declaring the property as nullable. [C:\Users\lordo\Documents\GitHub\llmtornado\src\LlmTornado\LlmTornado.csproj::TargetFramework=netstandard2.0]
C:\Users\lordo\Documents\GitHub\llmtornado\src\LlmTornado\Chat\Vendors\Cohere\VendorCohereChatResult.cs(184,23): warning CS8618: Non-nullable property 'Text' must contain a non-null value when exiting constructor. Consider adding the 'required' modifier or declaring the property as nullable. [C:\Users\lordo\Documents\GitHub\llmtornado\src\LlmTornado\LlmTornado.csproj::TargetFramework=netstandard2.0]
C:\Users\lordo\Documents\GitHub\llmtornado\src\LlmTornado\Chat\Vendors\Cohere\VendorCohereChatResult.cs(187,29): warning CS8618: Non-nullable property 'Sources' must contain a non-null value when exiting constructor. Consider adding the 'required' modifier or declaring the property as nullable. [C:\Users\lordo\Documents\GitHub\llmtornado\src\LlmTornado\LlmTornado.csproj::TargetFramework=netstandard2.0]
C:\Users\lordo\Documents\GitHub\llmtornado\src\LlmTornado\Chat\Vendors\Cohere\VendorCohereChatResult.cs(163,23): warning CS8618: Non-nullable property 'Name' must contain a non-null value when exiting constructor. Consider adding the 'required' modifier or declaring the property as nullable. [C:\Users\lordo\Documents\GitHub\llmtornado\src\LlmTornado\LlmTornado.csproj::TargetFramework=netstandard2.0]
C:\Users\lordo\Documents\GitHub\llmtornado\src\LlmTornado\Chat\Vendors\Cohere\VendorCohereChatResult.cs(169,23): warning CS8618: Non-nullable property 'Arguments' must contain a non-null value when exiting constructor. Consider adding the 'required' modifier or declaring the property as nullable. [C:\Users\lordo\Documents\GitHub\llmtornado\src\LlmTornado\LlmTornado.csproj::TargetFramework=netstandard2.0]
C:\Users\lordo\Documents\GitHub\llmtornado\src\LlmTornado\Chat\Vendors\Cohere\VendorCohereChatResult.cs(139,23): warning CS8618: Non-nullable property 'Id' must contain a non-null value when exiting constructor. Consider adding the 'required' modifier or declaring the property as nullable. [C:\Users\lordo\Documents\GitHub\llmtornado\src\LlmTornado\LlmTornado.csproj::TargetFramework=netstandard2.0]
C:\Users\lordo\Documents\GitHub\llmtornado\src\LlmTornado\Chat\Vendors\Cohere\VendorCohereChatResult.cs(151,45): warning CS8618: Non-nullable property 'Function' must contain a non-null value when exiting constructor. Consider adding the 'required' modifier or declaring the property as nullable. [C:\Users\lordo\Documents\GitHub\llmtornado\src\LlmTornado\LlmTornado.csproj::TargetFramework=netstandard2.0]
C:\Users\lordo\Documents\GitHub\llmtornado\src\LlmTornado\Chat\Vendors\Cohere\VendorCohereChatResult.cs(118,23): warning CS8618: Non-nullable property 'Text' must contain a non-null value when exiting constructor. Consider adding the 'required' modifier or declaring the property as nullable. [C:\Users\lordo\Documents\GitHub\llmtornado\src\LlmTornado\LlmTornado.csproj::TargetFramework=netstandard2.0]
C:\Users\lordo\Documents\GitHub\llmtornado\src\LlmTornado\Chat\Vendors\Cohere\VendorCohereChatResult.cs(121,23): warning CS8618: Non-nullable property 'Thinking' must contain a non-null value when exiting constructor. Consider adding the 'required' modifier or declaring the property as nullable. [C:\Users\lordo\Documents\GitHub\llmtornado\src\LlmTornado\LlmTornado.csproj::TargetFramework=netstandard2.0]
C:\Users\lordo\Documents\GitHub\llmtornado\src\LlmTornado\Chat\Vendors\Cohere\VendorCohereChatResult.cs(50,39): warning CS8618: Non-nullable property 'Document' must contain a non-null value when exiting constructor. Consider adding the 'required' modifier or declaring the property as nullable. [C:\Users\lordo\Documents\GitHub\llmtornado\src\LlmTornado\LlmTornado.csproj::TargetFramework=netstandard2.0]
C:\Users\lordo\Documents\GitHub\llmtornado\src\LlmTornado\Chat\Vendors\Cohere\VendorCohereChatResult.cs(53,19): warning CS8618: Non-nullable property 'Id' must contain a non-null value when exiting constructor. Consider adding the 'required' modifier or declaring the property as nullable. [C:\Users\lordo\Documents\GitHub\llmtornado\src\LlmTornado\LlmTornado.csproj::TargetFramework=netstandard2.0]
C:\Users\lordo\Documents\GitHub\llmtornado\src\LlmTornado\Chat\Vendors\Cohere\VendorCohereChatResult.cs(38,19): warning CS8618: Non-nullable property 'Id' must contain a non-null value when exiting constructor. Consider adding the 'required' modifier or declaring the property as nullable. [C:\Users\lordo\Documents\GitHub\llmtornado\src\LlmTornado\LlmTornado.csproj::TargetFramework=netstandard2.0]
C:\Users\lordo\Documents\GitHub\llmtornado\src\LlmTornado\Chat\Vendors\Cohere\VendorCohereChatResult.cs(41,39): warning CS8618: Non-nullable property 'ToolOutput' must contain a non-null value when exiting constructor. Consider adding the 'required' modifier or declaring the property as nullable. [C:\Users\lordo\Documents\GitHub\llmtornado\src\LlmTornado\LlmTornado.csproj::TargetFramework=netstandard2.0]
C:\Users\lordo\Documents\GitHub\llmtornado\src\LlmTornado\Vendor\Cohere\CohereEndpointProvider.cs(229,22): warning CS8604: Possible null reference argument for parameter 'item' in 'void List<string>.Add(string item)'. [C:\Users\lordo\Documents\GitHub\llmtornado\src\LlmTornado\LlmTornado.csproj::TargetFramework=netstandard2.0]
C:\Users\lordo\Documents\GitHub\llmtornado\src\LlmTornado\Vendor\Cohere\CohereEndpointProvider.cs(203,23): warning CS8618: Non-nullable property 'EventType' must contain a non-null value when exiting constructor. Consider adding the 'required' modifier or declaring the property as nullable. [C:\Users\lordo\Documents\GitHub\llmtornado\src\LlmTornado\LlmTornado.csproj::TargetFramework=netstandard2.0]
C:\Users\lordo\Documents\GitHub\llmtornado\src\LlmTornado\Vendor\Cohere\CohereEndpointProvider.cs(195,50): warning CS8618: Non-nullable property 'ToolCalls' must contain a non-null value when exiting constructor. Consider adding the 'required' modifier or declaring the property as nullable. [C:\Users\lordo\Documents\GitHub\llmtornado\src\LlmTornado\LlmTornado.csproj::TargetFramework=netstandard2.0]
C:\Users\lordo\Documents\GitHub\llmtornado\src\LlmTornado\Vendor\Cohere\CohereEndpointProvider.cs(189,47): warning CS8618: Non-nullable property 'Citations' must contain a non-null value when exiting constructor. Consider adding the 'required' modifier or declaring the property as nullable. [C:\Users\lordo\Documents\GitHub\llmtornado\src\LlmTornado\LlmTornado.csproj::TargetFramework=netstandard2.0]
C:\Users\lordo\Documents\GitHub\llmtornado\src\LlmTornado\Vendor\Cohere\CohereEndpointProvider.cs(183,51): warning CS8618: Non-nullable property 'SearchResults' must contain a non-null value when exiting constructor. Consider adding the 'required' modifier or declaring the property as nullable. [C:\Users\lordo\Documents\GitHub\llmtornado\src\LlmTornado\LlmTornado.csproj::TargetFramework=netstandard2.0]
C:\Users\lordo\Documents\GitHub\llmtornado\src\LlmTornado\Vendor\Cohere\CohereEndpointProvider.cs(177,50): warning CS8618: Non-nullable property 'SearchQueries' must contain a non-null value when exiting constructor. Consider adding the 'required' modifier or declaring the property as nullable. [C:\Users\lordo\Documents\GitHub\llmtornado\src\LlmTornado\LlmTornado.csproj::TargetFramework=netstandard2.0]
C:\Users\lordo\Documents\GitHub\llmtornado\src\LlmTornado\Vendor\Cohere\CohereEndpointProvider.cs(171,23): warning CS8618: Non-nullable property 'GenerationId' must contain a non-null value when exiting constructor. Consider adding the 'required' modifier or declaring the property as nullable. [C:\Users\lordo\Documents\GitHub\llmtornado\src\LlmTornado\LlmTornado.csproj::TargetFramework=netstandard2.0]
C:\Users\lordo\Documents\GitHub\llmtornado\src\LlmTornado\Vendor\Cohere\CohereEndpointProvider.cs(165,23): warning CS8618: Non-nullable property 'Text' must contain a non-null value when exiting constructor. Consider adding the 'required' modifier or declaring the property as nullable. [C:\Users\lordo\Documents\GitHub\llmtornado\src\LlmTornado\LlmTornado.csproj::TargetFramework=netstandard2.0]
C:\Users\lordo\Documents\GitHub\llmtornado\src\LlmTornado\Vendor\Cohere\CohereEndpointProvider.cs(110,42): warning CS8618: Non-nullable property 'Message' must contain a non-null value when exiting constructor. Consider adding the 'required' modifier or declaring the property as nullable. [C:\Users\lordo\Documents\GitHub\llmtornado\src\LlmTornado\LlmTornado.csproj::TargetFramework=netstandard2.0]
C:\Users\lordo\Documents\GitHub\llmtornado\src\LlmTornado\Vendor\Cohere\CohereEndpointProvider.cs(98,46): warning CS8618: Non-nullable property 'Delta' must contain a non-null value when exiting constructor. Consider adding the 'required' modifier or declaring the property as nullable. [C:\Users\lordo\Documents\GitHub\llmtornado\src\LlmTornado\LlmTornado.csproj::TargetFramework=netstandard2.0]
C:\Users\lordo\Documents\GitHub\llmtornado\src\LlmTornado\Vendor\Cohere\CohereEndpointProvider.cs(90,27): warning CS8618: Non-nullable property 'Type' must contain a non-null value when exiting constructor. Consider adding the 'required' modifier or declaring the property as nullable. [C:\Users\lordo\Documents\GitHub\llmtornado\src\LlmTornado\LlmTornado.csproj::TargetFramework=netstandard2.0]
C:\Users\lordo\Documents\GitHub\llmtornado\src\LlmTornado\Vendor\Cohere\CohereEndpointProvider.cs(92,27): warning CS8618: Non-nullable property 'Text' must contain a non-null value when exiting constructor. Consider adding the 'required' modifier or declaring the property as nullable. [C:\Users\lordo\Documents\GitHub\llmtornado\src\LlmTornado\LlmTornado.csproj::TargetFramework=netstandard2.0]
C:\Users\lordo\Documents\GitHub\llmtornado\src\LlmTornado\Vendor\Cohere\CohereEndpointProvider.cs(82,46): warning CS8618: Non-nullable property 'ContentBlock' must contain a non-null value when exiting constructor. Consider adding the 'required' modifier or declaring the property as nullable. [C:\Users\lordo\Documents\GitHub\llmtornado\src\LlmTornado\LlmTornado.csproj::TargetFramework=netstandard2.0]
C:\Users\lordo\Documents\GitHub\llmtornado\src\LlmTornado\Vendor\Cohere\CohereEndpointProvider.cs(74,27): warning CS8618: Non-nullable property 'Type' must contain a non-null value when exiting constructor. Consider adding the 'required' modifier or declaring the property as nullable. [C:\Users\lordo\Documents\GitHub\llmtornado\src\LlmTornado\LlmTornado.csproj::TargetFramework=netstandard2.0]
C:\Users\lordo\Documents\GitHub\llmtornado\src\LlmTornado\Vendor\Cohere\CohereEndpointProvider.cs(76,27): warning CS8618: Non-nullable property 'Text' must contain a non-null value when exiting constructor. Consider adding the 'required' modifier or declaring the property as nullable. [C:\Users\lordo\Documents\GitHub\llmtornado\src\LlmTornado\LlmTornado.csproj::TargetFramework=netstandard2.0]
C:\Users\lordo\Documents\GitHub\llmtornado\src\LlmTornado\Chat\ConversationCompression.cs(136,69): warning CS8604: Possible null reference argument for parameter 'model' in 'Conversation ChatEndpoint.CreateConversation(ChatModel model, double? temperature = null, int? maxTokens = null)'. [C:\Users\lordo\Documents\GitHub\llmtornado\src\LlmTornado\LlmTornado.csproj::TargetFramework=netstandard2.0]
C:\Users\lordo\Documents\GitHub\llmtornado\src\LlmTornado\Chat\ConversationCompression.cs(142,20): warning CS8602: Dereference of a possibly null reference. [C:\Users\lordo\Documents\GitHub\llmtornado\src\LlmTornado\LlmTornado.csproj::TargetFramework=netstandard2.0]
C:\Users\lordo\Documents\GitHub\llmtornado\src\LlmTornado\Chat\ConversationCompression.cs(187,69): warning CS8604: Possible null reference argument for parameter 'model' in 'Conversation ChatEndpoint.CreateConversation(ChatModel model, double? temperature = null, int? maxTokens = null)'. [C:\Users\lordo\Documents\GitHub\llmtornado\src\LlmTornado\LlmTornado.csproj::TargetFramework=netstandard2.0]
C:\Users\lordo\Documents\GitHub\llmtornado\src\LlmTornado\Chat\ConversationCompression.cs(194,20): warning CS8602: Dereference of a possibly null reference. [C:\Users\lordo\Documents\GitHub\llmtornado\src\LlmTornado\LlmTornado.csproj::TargetFramework=netstandard2.0]
C:\Users\lordo\Documents\GitHub\llmtornado\src\LlmTornado\Chat\Vendors\Cohere\VendorCohereChatRequest.cs(558,23): warning CS8600: Converting null literal or possible null value to non-nullable type. [C:\Users\lordo\Documents\GitHub\llmtornado\src\LlmTornado\LlmTornado.csproj::TargetFramework=netstandard2.0]
C:\Users\lordo\Documents\GitHub\llmtornado\src\LlmTornado\Chat\Vendors\Anthropic\VendorAnthropicChatResult.cs(331,35): warning CS8604: Possible null reference argument for parameter 'usage' in 'ChatUsage.ChatUsage(VendorAnthropicUsage usage)'. [C:\Users\lordo\Documents\GitHub\llmtornado\src\LlmTornado\LlmTornado.csproj::TargetFramework=netstandard2.0]
C:\Users\lordo\Documents\GitHub\llmtornado\src\LlmTornado\Vendor\Anthropic\AnthropicEndpointProvider.cs(366,47): warning CS8602: Dereference of a possibly null reference. [C:\Users\lordo\Documents\GitHub\llmtornado\src\LlmTornado\LlmTornado.csproj::TargetFramework=netstandard2.0]
C:\Users\lordo\Documents\GitHub\llmtornado\src\LlmTornado\Chat\Models\Upstage\ChatModelUpstage.cs(51,9): warning CS8604: Possible null reference argument for parameter 'item' in 'void List<IModel>.Add(IModel item)'. [C:\Users\lordo\Documents\GitHub\llmtornado\src\LlmTornado\LlmTornado.csproj::TargetFramework=netstandard2.0]
C:\Users\lordo\Documents\GitHub\llmtornado\src\LlmTornado\Chat\Models\Upstage\ChatModelUpstage.cs(52,9): warning CS8604: Possible null reference argument for parameter 'item' in 'void List<IModel>.Add(IModel item)'. [C:\Users\lordo\Documents\GitHub\llmtornado\src\LlmTornado\LlmTornado.csproj::TargetFramework=netstandard2.0]
C:\Users\lordo\Documents\GitHub\llmtornado\src\LlmTornado\Chat\Models\Upstage\ChatModelUpstage.cs(53,9): warning CS8604: Possible null reference argument for parameter 'item' in 'void List<IModel>.Add(IModel item)'. [C:\Users\lordo\Documents\GitHub\llmtornado\src\LlmTornado\LlmTornado.csproj::TargetFramework=netstandard2.0]
C:\Users\lordo\Documents\GitHub\llmtornado\src\LlmTornado\Chat\Models\Upstage\ChatModelUpstage.cs(54,9): warning CS8604: Possible null reference argument for parameter 'item' in 'void List<IModel>.Add(IModel item)'. [C:\Users\lordo\Documents\GitHub\llmtornado\src\LlmTornado\LlmTornado.csproj::TargetFramework=netstandard2.0]
C:\Users\lordo\Documents\GitHub\llmtornado\src\LlmTornado\Chat\Models\Upstage\ChatModelUpstage.cs(55,9): warning CS8604: Possible null reference argument for parameter 'item' in 'void List<IModel>.Add(IModel item)'. [C:\Users\lordo\Documents\GitHub\llmtornado\src\LlmTornado\LlmTornado.csproj::TargetFramework=netstandard2.0]
C:\Users\lordo\Documents\GitHub\llmtornado\src\LlmTornado\Chat\Vendors\Anthropic\VendorAnthropicChatResult.cs(902,48): warning CS8604: Possible null reference argument for parameter 'json' in 'JObject JObject.Parse(string json)'. [C:\Users\lordo\Documents\GitHub\llmtornado\src\LlmTornado\LlmTornado.csproj::TargetFramework=netstandard2.0]
C:\Users\lordo\Documents\GitHub\llmtornado\src\LlmTornado\Chat\Vendors\Anthropic\VendorAnthropicChatResult.cs(270,19): warning CS8618: Non-nullable property 'Id' must contain a non-null value when exiting constructor. Consider adding the 'required' modifier or declaring the property as nullable. [C:\Users\lordo\Documents\GitHub\llmtornado\src\LlmTornado\LlmTornado.csproj::TargetFramework=netstandard2.0]
C:\Users\lordo\Documents\GitHub\llmtornado\src\LlmTornado\Chat\Vendors\Anthropic\VendorAnthropicChatResult.cs(273,19): warning CS8618: Non-nullable property 'Type' must contain a non-null value when exiting constructor. Consider adding the 'required' modifier or declaring the property as nullable. [C:\Users\lordo\Documents\GitHub\llmtornado\src\LlmTornado\LlmTornado.csproj::TargetFramework=netstandard2.0]
C:\Users\lordo\Documents\GitHub\llmtornado\src\LlmTornado\Chat\Vendors\Anthropic\VendorAnthropicChatResult.cs(276,19): warning CS8618: Non-nullable property 'Role' must contain a non-null value when exiting constructor. Consider adding the 'required' modifier or declaring the property as nullable. [C:\Users\lordo\Documents\GitHub\llmtornado\src\LlmTornado\LlmTornado.csproj::TargetFramework=netstandard2.0]
C:\Users\lordo\Documents\GitHub\llmtornado\src\LlmTornado\Chat\Vendors\Anthropic\VendorAnthropicChatResult.cs(283,19): warning CS8618: Non-nullable property 'Model' must contain a non-null value when exiting constructor. Consider adding the 'required' modifier or declaring the property as nullable. [C:\Users\lordo\Documents\GitHub\llmtornado\src\LlmTornado\LlmTornado.csproj::TargetFramework=netstandard2.0]
C:\Users\lordo\Documents\GitHub\llmtornado\src\LlmTornado\Chat\Vendors\Anthropic\VendorAnthropicChatResult.cs(293,19): warning CS8618: Non-nullable property 'StopReason' must contain a non-null value when exiting constructor. Consider adding the 'required' modifier or declaring the property as nullable. [C:\Users\lordo\Documents\GitHub\llmtornado\src\LlmTornado\LlmTornado.csproj::TargetFramework=netstandard2.0]
C:\Users\lordo\Documents\GitHub\llmtornado\src\LlmTornado\Chat\Vendors\Anthropic\VendorAnthropicChatResult.cs(302,33): warning CS8618: Non-nullable property 'Usage' must contain a non-null value when exiting constructor. Consider adding the 'required' modifier or declaring the property as nullable. [C:\Users\lordo\Documents\GitHub\llmtornado\src\LlmTornado\LlmTornado.csproj::TargetFramework=netstandard2.0]
C:\Users\lordo\Documents\GitHub\llmtornado\src\LlmTornado\Chat\Vendors\Anthropic\VendorAnthropicChatResult.cs(129,23): warning CS8618: Non-nullable property 'Type' must contain a non-null value when exiting constructor. Consider adding the 'required' modifier or declaring the property as nullable. [C:\Users\lordo\Documents\GitHub\llmtornado\src\LlmTornado\LlmTornado.csproj::TargetFramework=netstandard2.0]
C:\Users\lordo\Documents\GitHub\llmtornado\src\LlmTornado\Chat\Vendors\Anthropic\VendorAnthropicChatResult.cs(78,23): warning CS8618: Non-nullable property 'Type' must contain a non-null value when exiting constructor. Consider adding the 'required' modifier or declaring the property as nullable. [C:\Users\lordo\Documents\GitHub\llmtornado\src\LlmTornado\LlmTornado.csproj::TargetFramework=netstandard2.0]
C:\Users\lordo\Documents\GitHub\llmtornado\src\LlmTornado\Chat\ChatRequestMaxTokens.cs(55,23): warning CS8604: Possible null reference argument for parameter 'type' in 'bool PropertyRenameAndIgnoreSerializerContractResolver.IsIgnored(Type type, string jsonPropertyName)'. [C:\Users\lordo\Documents\GitHub\llmtornado\src\LlmTornado\LlmTornado.csproj::TargetFramework=netstandard2.0]
C:\Users\lordo\Documents\GitHub\llmtornado\src\LlmTornado\Chat\ChatRequestMaxTokens.cs(55,47): warning CS8604: Possible null reference argument for parameter 'jsonPropertyName' in 'bool PropertyRenameAndIgnoreSerializerContractResolver.IsIgnored(Type type, string jsonPropertyName)'. [C:\Users\lordo\Documents\GitHub\llmtornado\src\LlmTornado\LlmTornado.csproj::TargetFramework=netstandard2.0]
C:\Users\lordo\Documents\GitHub\llmtornado\src\LlmTornado\Chat\ChatRequestResponseFormat.cs(26,23): warning CS8618: Non-nullable property 'Name' must contain a non-null value when exiting constructor. Consider adding the 'required' modifier or declaring the property as nullable. [C:\Users\lordo\Documents\GitHub\llmtornado\src\LlmTornado\LlmTornado.csproj::TargetFramework=netstandard2.0]
C:\Users\lordo\Documents\GitHub\llmtornado\src\LlmTornado\Chat\ChatRequestResponseFormat.cs(32,23): warning CS8618: Non-nullable property 'Schema' must contain a non-null value when exiting constructor. Consider adding the 'required' modifier or declaring the property as nullable. [C:\Users\lordo\Documents\GitHub\llmtornado\src\LlmTornado\LlmTornado.csproj::TargetFramework=netstandard2.0]
C:\Users\lordo\Documents\GitHub\llmtornado\src\LlmTornado\Chat\Vendors\Cohere\VendorCohereChatRequest.cs(534,23): warning CS8600: Converting null literal or possible null value to non-nullable type. [C:\Users\lordo\Documents\GitHub\llmtornado\src\LlmTornado\LlmTornado.csproj::TargetFramework=netstandard2.0]
C:\Users\lordo\Documents\GitHub\llmtornado\src\LlmTornado\Chat\Vendors\Cohere\VendorCohereChatRequest.cs(503,23): warning CS8600: Converting null literal or possible null value to non-nullable type. [C:\Users\lordo\Documents\GitHub\llmtornado\src\LlmTornado\LlmTornado.csproj::TargetFramework=netstandard2.0]
C:\Users\lordo\Documents\GitHub\llmtornado\src\LlmTornado\Chat\Vendors\Cohere\VendorCohereChatRequest.cs(474,19): warning CS8618: Non-nullable property 'Type' must contain a non-null value when exiting constructor. Consider adding the 'required' modifier or declaring the property as nullable. [C:\Users\lordo\Documents\GitHub\llmtornado\src\LlmTornado\LlmTornado.csproj::TargetFramework=netstandard2.0]
C:\Users\lordo\Documents\GitHub\llmtornado\src\LlmTornado\Chat\Vendors\Cohere\VendorCohereChatRequest.cs(430,19): warning CS8618: Non-nullable property 'Name' must contain a non-null value when exiting constructor. Consider adding the 'required' modifier or declaring the property as nullable. [C:\Users\lordo\Documents\GitHub\llmtornado\src\LlmTornado\LlmTornado.csproj::TargetFramework=netstandard2.0]
C:\Users\lordo\Documents\GitHub\llmtornado\src\LlmTornado\Chat\Vendors\Cohere\VendorCohereChatRequest.cs(432,20): warning CS8618: Non-nullable property 'Parameters' must contain a non-null value when exiting constructor. Consider adding the 'required' modifier or declaring the property as nullable. [C:\Users\lordo\Documents\GitHub\llmtornado\src\LlmTornado\LlmTornado.csproj::TargetFramework=netstandard2.0]
C:\Users\lordo\Documents\GitHub\llmtornado\src\LlmTornado\Chat\Vendors\Cohere\VendorCohereChatRequest.cs(424,43): warning CS8618: Non-nullable property 'Function' must contain a non-null value when exiting constructor. Consider adding the 'required' modifier or declaring the property as nullable. [C:\Users\lordo\Documents\GitHub\llmtornado\src\LlmTornado\LlmTornado.csproj::TargetFramework=netstandard2.0]
C:\Users\lordo\Documents\GitHub\llmtornado\src\LlmTornado\Chat\Vendors\Cohere\VendorCohereChatRequest.cs(414,19): warning CS8618: Non-nullable property 'Name' must contain a non-null value when exiting constructor. Consider adding the 'required' modifier or declaring the property as nullable. [C:\Users\lordo\Documents\GitHub\llmtornado\src\LlmTornado\LlmTornado.csproj::TargetFramework=netstandard2.0]
C:\Users\lordo\Documents\GitHub\llmtornado\src\LlmTornado\Chat\Vendors\Cohere\VendorCohereChatRequest.cs(416,19): warning CS8618: Non-nullable property 'Arguments' must contain a non-null value when exiting constructor. Consider adding the 'required' modifier or declaring the property as nullable. [C:\Users\lordo\Documents\GitHub\llmtornado\src\LlmTornado\LlmTornado.csproj::TargetFramework=netstandard2.0]
C:\Users\lordo\Documents\GitHub\llmtornado\src\LlmTornado\Chat\Vendors\Cohere\VendorCohereChatRequest.cs(404,19): warning CS8618: Non-nullable property 'Id' must contain a non-null value when exiting constructor. Consider adding the 'required' modifier or declaring the property as nullable. [C:\Users\lordo\Documents\GitHub\llmtornado\src\LlmTornado\LlmTornado.csproj::TargetFramework=netstandard2.0]
C:\Users\lordo\Documents\GitHub\llmtornado\src\LlmTornado\Chat\Vendors\Cohere\VendorCohereChatRequest.cs(408,41): warning CS8618: Non-nullable property 'Function' must contain a non-null value when exiting constructor. Consider adding the 'required' modifier or declaring the property as nullable. [C:\Users\lordo\Documents\GitHub\llmtornado\src\LlmTornado\LlmTornado.csproj::TargetFramework=netstandard2.0]
C:\Users\lordo\Documents\GitHub\llmtornado\src\LlmTornado\Chat\Vendors\Cohere\VendorCohereChatRequest.cs(386,19): warning CS8618: Non-nullable property 'Url' must contain a non-null value when exiting constructor. Consider adding the 'required' modifier or declaring the property as nullable. [C:\Users\lordo\Documents\GitHub\llmtornado\src\LlmTornado\LlmTornado.csproj::TargetFramework=netstandard2.0]
C:\Users\lordo\Documents\GitHub\llmtornado\src\LlmTornado\Chat\Vendors\Cohere\VendorCohereChatRequest.cs(378,39): warning CS8618: Non-nullable property 'Data' must contain a non-null value when exiting constructor. Consider adding the 'required' modifier or declaring the property as nullable. [C:\Users\lordo\Documents\GitHub\llmtornado\src\LlmTornado\LlmTornado.csproj::TargetFramework=netstandard2.0]
C:\Users\lordo\Documents\GitHub\llmtornado\src\LlmTornado\Chat\Vendors\Cohere\VendorCohereChatRequest.cs(380,19): warning CS8618: Non-nullable property 'Id' must contain a non-null value when exiting constructor. Consider adding the 'required' modifier or declaring the property as nullable. [C:\Users\lordo\Documents\GitHub\llmtornado\src\LlmTornado\LlmTornado.csproj::TargetFramework=netstandard2.0]
C:\Users\lordo\Documents\GitHub\llmtornado\src\LlmTornado\Chat\Vendors\Cohere\VendorCohereChatRequest.cs(366,12): warning CS8618: Non-nullable property 'Document' must contain a non-null value when exiting constructor. Consider adding the 'required' modifier or declaring the property as nullable. [C:\Users\lordo\Documents\GitHub\llmtornado\src\LlmTornado\LlmTornado.csproj::TargetFramework=netstandard2.0]
C:\Users\lordo\Documents\GitHub\llmtornado\src\LlmTornado\Chat\Vendors\Cohere\VendorCohereChatRequest.cs(347,12): warning CS8618: Non-nullable property 'ImageUrl' must contain a non-null value when exiting constructor. Consider adding the 'required' modifier or declaring the property as nullable. [C:\Users\lordo\Documents\GitHub\llmtornado\src\LlmTornado\LlmTornado.csproj::TargetFramework=netstandard2.0]
C:\Users\lordo\Documents\GitHub\llmtornado\src\LlmTornado\Chat\Vendors\Cohere\VendorCohereChatRequest.cs(336,12): warning CS8618: Non-nullable property 'Text' must contain a non-null value when exiting constructor. Consider adding the 'required' modifier or declaring the property as nullable. [C:\Users\lordo\Documents\GitHub\llmtornado\src\LlmTornado\LlmTornado.csproj::TargetFramework=netstandard2.0]
C:\Users\lordo\Documents\GitHub\llmtornado\src\LlmTornado\Chat\Vendors\Cohere\VendorCohereChatRequest.cs(331,19): warning CS8618: Non-nullable property 'Type' must contain a non-null value when exiting constructor. Consider adding the 'required' modifier or declaring the property as nullable. [C:\Users\lordo\Documents\GitHub\llmtornado\src\LlmTornado\LlmTornado.csproj::TargetFramework=netstandard2.0]
C:\Users\lordo\Documents\GitHub\llmtornado\src\LlmTornado\Chat\Vendors\Cohere\VendorCohereChatRequest.cs(320,12): warning CS8618: Non-nullable property 'ToolCallId' must contain a non-null value when exiting constructor. Consider adding the 'required' modifier or declaring the property as nullable. [C:\Users\lordo\Documents\GitHub\llmtornado\src\LlmTornado\LlmTornado.csproj::TargetFramework=netstandard2.0]
C:\Users\lordo\Documents\GitHub\llmtornado\src\LlmTornado\Chat\Vendors\Cohere\VendorCohereChatRequest.cs(320,12): warning CS8618: Non-nullable property 'Content' must contain a non-null value when exiting constructor. Consider adding the 'required' modifier or declaring the property as nullable. [C:\Users\lordo\Documents\GitHub\llmtornado\src\LlmTornado\LlmTornado.csproj::TargetFramework=netstandard2.0]
C:\Users\lordo\Documents\GitHub\llmtornado\src\LlmTornado\Chat\Vendors\Cohere\VendorCohereChatRequest.cs(313,12): warning CS8618: Non-nullable property 'Content' must contain a non-null value when exiting constructor. Consider adding the 'required' modifier or declaring the property as nullable. [C:\Users\lordo\Documents\GitHub\llmtornado\src\LlmTornado\LlmTornado.csproj::TargetFramework=netstandard2.0]
C:\Users\lordo\Documents\GitHub\llmtornado\src\LlmTornado\Chat\Vendors\Cohere\VendorCohereChatRequest.cs(291,12): warning CS8618: Non-nullable property 'Content' must contain a non-null value when exiting constructor. Consider adding the 'required' modifier or declaring the property as nullable. [C:\Users\lordo\Documents\GitHub\llmtornado\src\LlmTornado\LlmTornado.csproj::TargetFramework=netstandard2.0]
C:\Users\lordo\Documents\GitHub\llmtornado\src\LlmTornado\Chat\Vendors\Cohere\VendorCohereChatRequest.cs(286,19): warning CS8618: Non-nullable property 'Role' must contain a non-null value when exiting constructor. Consider adding the 'required' modifier or declaring the property as nullable. [C:\Users\lordo\Documents\GitHub\llmtornado\src\LlmTornado\LlmTornado.csproj::TargetFramework=netstandard2.0]
C:\Users\lordo\Documents\GitHub\llmtornado\src\LlmTornado\Chat\ChatMessagePart.cs(524,19): warning CS8618: Non-nullable property 'Code' must contain a non-null value when exiting constructor. Consider adding the 'required' modifier or declaring the property as nullable. [C:\Users\lordo\Documents\GitHub\llmtornado\src\LlmTornado\LlmTornado.csproj::TargetFramework=netstandard2.0]
C:\Users\lordo\Documents\GitHub\llmtornado\src\LlmTornado\Responses\ResponseHelpers.cs(383,36): warning CS8601: Possible null reference assignment. [C:\Users\lordo\Documents\GitHub\llmtornado\src\LlmTornado\LlmTornado.csproj::TargetFramework=netstandard2.0]
C:\Users\lordo\Documents\GitHub\llmtornado\src\LlmTornado\Responses\ResponseHelpers.cs(416,68): warning CS8604: Possible null reference argument for parameter 'name' in 'BuiltInToolCall.BuiltInToolCall(bool responseExpected, string name, IBuiltInToolCallData data, ToolCall toolCall, string? args = null)'. [C:\Users\lordo\Documents\GitHub\llmtornado\src\LlmTornado\LlmTornado.csproj::TargetFramework=netstandard2.0]
C:\Users\lordo\Documents\GitHub\llmtornado\src\LlmTornado\Responses\ResponseHelpers.cs(434,68): warning CS8604: Possible null reference argument for parameter 'name' in 'BuiltInToolCall.BuiltInToolCall(bool responseExpected, string name, IBuiltInToolCallData data, ToolCall toolCall, string? args = null)'. [C:\Users\lordo\Documents\GitHub\llmtornado\src\LlmTornado\LlmTornado.csproj::TargetFramework=netstandard2.0]
C:\Users\lordo\Documents\GitHub\llmtornado\src\LlmTornado\Responses\ResponseHelpers.cs(452,69): warning CS8604: Possible null reference argument for parameter 'name' in 'BuiltInToolCall.BuiltInToolCall(bool responseExpected, string name, IBuiltInToolCallData data, ToolCall toolCall, string? args = null)'. [C:\Users\lordo\Documents\GitHub\llmtornado\src\LlmTornado\LlmTornado.csproj::TargetFramework=netstandard2.0]
C:\Users\lordo\Documents\GitHub\llmtornado\src\LlmTornado\Responses\ResponseHelpers.cs(470,69): warning CS8604: Possible null reference argument for parameter 'name' in 'BuiltInToolCall.BuiltInToolCall(bool responseExpected, string name, IBuiltInToolCallData data, ToolCall toolCall, string? args = null)'. [C:\Users\lordo\Documents\GitHub\llmtornado\src\LlmTornado\LlmTornado.csproj::TargetFramework=netstandard2.0]
C:\Users\lordo\Documents\GitHub\llmtornado\src\LlmTornado\Responses\ResponseHelpers.cs(561,106): warning CS8604: Possible null reference argument for parameter 'parameters' in 'ToolFunction.ToolFunction(string name, string description, JObject parameters)'. [C:\Users\lordo\Documents\GitHub\llmtornado\src\LlmTornado\LlmTornado.csproj::TargetFramework=netstandard2.0]
C:\Users\lordo\Documents\GitHub\llmtornado\src\LlmTornado\Vendor\Anthropic\AnthropicEndpointProvider.cs(685,29): warning CS8602: Dereference of a possibly null reference. [C:\Users\lordo\Documents\GitHub\llmtornado\src\LlmTornado\LlmTornado.csproj::TargetFramework=netstandard2.0]
C:\Users\lordo\Documents\GitHub\llmtornado\src\LlmTornado\Vendor\Anthropic\AnthropicEndpointProvider.cs(995,21): warning CS8600: Converting null literal or possible null value to non-nullable type. [C:\Users\lordo\Documents\GitHub\llmtornado\src\LlmTornado\LlmTornado.csproj::TargetFramework=netstandard2.0]
C:\Users\lordo\Documents\GitHub\llmtornado\src\LlmTornado\Vendor\Anthropic\AnthropicEndpointProvider.cs(997,21): warning CS8600: Converting null literal or possible null value to non-nullable type. [C:\Users\lordo\Documents\GitHub\llmtornado\src\LlmTornado\LlmTornado.csproj::TargetFramework=netstandard2.0]
C:\Users\lordo\Documents\GitHub\llmtornado\src\LlmTornado\Vendor\Anthropic\AnthropicEndpointProvider.cs(999,21): warning CS8600: Converting null literal or possible null value to non-nullable type. [C:\Users\lordo\Documents\GitHub\llmtornado\src\LlmTornado\LlmTornado.csproj::TargetFramework=netstandard2.0]
C:\Users\lordo\Documents\GitHub\llmtornado\src\LlmTornado\Vendor\Anthropic\AnthropicEndpointProvider.cs(1001,21): warning CS8600: Converting null literal or possible null value to non-nullable type. [C:\Users\lordo\Documents\GitHub\llmtornado\src\LlmTornado\LlmTornado.csproj::TargetFramework=netstandard2.0]
C:\Users\lordo\Documents\GitHub\llmtornado\src\LlmTornado\Chat\Vendors\Cohere\VendorCohereChatRequest.cs(190,35): warning CS8604: Possible null reference argument for parameter 'content' in 'VendorCohereAssistantMessageContent.implicit operator VendorCohereAssistantMessageContent(string content)'. [C:\Users\lordo\Documents\GitHub\llmtornado\src\LlmTornado\LlmTornado.csproj::TargetFramework=netstandard2.0]
C:\Users\lordo\Documents\GitHub\llmtornado\src\LlmTornado\Chat\Vendors\Cohere\VendorCohereChatRequest.cs(197,34): warning CS8601: Possible null reference assignment. [C:\Users\lordo\Documents\GitHub\llmtornado\src\LlmTornado\LlmTornado.csproj::TargetFramework=netstandard2.0]
C:\Users\lordo\Documents\GitHub\llmtornado\src\LlmTornado\Chat\Vendors\Cohere\VendorCohereChatRequest.cs(202,45): warning CS8601: Possible null reference assignment. [C:\Users\lordo\Documents\GitHub\llmtornado\src\LlmTornado\LlmTornado.csproj::TargetFramework=netstandard2.0]
C:\Users\lordo\Documents\GitHub\llmtornado\src\LlmTornado\Chat\Vendors\Cohere\VendorCohereChatRequest.cs(236,38): warning CS8601: Possible null reference assignment. [C:\Users\lordo\Documents\GitHub\llmtornado\src\LlmTornado\LlmTornado.csproj::TargetFramework=netstandard2.0]
C:\Users\lordo\Documents\GitHub\llmtornado\src\LlmTornado\Chat\Vendors\Cohere\VendorCohereChatRequest.cs(242,28): warning CS8603: Possible null reference return. [C:\Users\lordo\Documents\GitHub\llmtornado\src\LlmTornado\LlmTornado.csproj::TargetFramework=netstandard2.0]
C:\Users\lordo\Documents\GitHub\llmtornado\src\LlmTornado\Chat\Vendors\Cohere\VendorCohereChatDocument.cs(15,19): warning CS8618: Non-nullable property 'Id' must contain a non-null value when exiting constructor. Consider adding the 'required' modifier or declaring the property as nullable. [C:\Users\lordo\Documents\GitHub\llmtornado\src\LlmTornado\LlmTornado.csproj::TargetFramework=netstandard2.0]
C:\Users\lordo\Documents\GitHub\llmtornado\src\LlmTornado\Chat\Vendors\Cohere\VendorCohereChatDocument.cs(21,19): warning CS8618: Non-nullable property 'Snippet' must contain a non-null value when exiting constructor. Consider adding the 'required' modifier or declaring the property as nullable. [C:\Users\lordo\Documents\GitHub\llmtornado\src\LlmTornado\LlmTornado.csproj::TargetFramework=netstandard2.0]
C:\Users\lordo\Documents\GitHub\llmtornado\src\LlmTornado\Chat\Vendors\Cohere\VendorCohereChatDocument.cs(33,19): warning CS8618: Non-nullable property 'Title' must contain a non-null value when exiting constructor. Consider adding the 'required' modifier or declaring the property as nullable. [C:\Users\lordo\Documents\GitHub\llmtornado\src\LlmTornado\LlmTornado.csproj::TargetFramework=netstandard2.0]
C:\Users\lordo\Documents\GitHub\llmtornado\src\LlmTornado\Vendor\Anthropic\AnthropicEndpointProvider.cs(218,44): warning CS8618: Non-nullable property 'Delta' must contain a non-null value when exiting constructor. Consider adding the 'required' modifier or declaring the property as nullable. [C:\Users\lordo\Documents\GitHub\llmtornado\src\LlmTornado\LlmTornado.csproj::TargetFramework=netstandard2.0]
C:\Users\lordo\Documents\GitHub\llmtornado\src\LlmTornado\Vendor\Anthropic\AnthropicEndpointProvider.cs(221,45): warning CS8618: Non-nullable property 'Usage' must contain a non-null value when exiting constructor. Consider adding the 'required' modifier or declaring the property as nullable. [C:\Users\lordo\Documents\GitHub\llmtornado\src\LlmTornado\LlmTornado.csproj::TargetFramework=netstandard2.0]
C:\Users\lordo\Documents\GitHub\llmtornado\src\LlmTornado\Vendor\Anthropic\AnthropicEndpointProvider.cs(212,42): warning CS8618: Non-nullable property 'Message' must contain a non-null value when exiting constructor. Consider adding the 'required' modifier or declaring the property as nullable. [C:\Users\lordo\Documents\GitHub\llmtornado\src\LlmTornado\LlmTornado.csproj::TargetFramework=netstandard2.0]
C:\Users\lordo\Documents\GitHub\llmtornado\src\LlmTornado\Vendor\Anthropic\AnthropicEndpointProvider.cs(191,23): warning CS8618: Non-nullable property 'Type' must contain a non-null value when exiting constructor. Consider adding the 'required' modifier or declaring the property as nullable. [C:\Users\lordo\Documents\GitHub\llmtornado\src\LlmTornado\LlmTornado.csproj::TargetFramework=netstandard2.0]
C:\Users\lordo\Documents\GitHub\llmtornado\src\LlmTornado\Vendor\Anthropic\AnthropicEndpointProvider.cs(169,27): warning CS8618: Non-nullable property 'Type' must contain a non-null value when exiting constructor. Consider adding the 'required' modifier or declaring the property as nullable. [C:\Users\lordo\Documents\GitHub\llmtornado\src\LlmTornado\LlmTornado.csproj::TargetFramework=netstandard2.0]
C:\Users\lordo\Documents\GitHub\llmtornado\src\LlmTornado\Vendor\Anthropic\AnthropicEndpointProvider.cs(172,27): warning CS8618: Non-nullable property 'Text' must contain a non-null value when exiting constructor. Consider adding the 'required' modifier or declaring the property as nullable. [C:\Users\lordo\Documents\GitHub\llmtornado\src\LlmTornado\LlmTornado.csproj::TargetFramework=netstandard2.0]
C:\Users\lordo\Documents\GitHub\llmtornado\src\LlmTornado\Vendor\Anthropic\AnthropicEndpointProvider.cs(140,46): warning CS8618: Non-nullable property 'ContentBlock' must contain a non-null value when exiting constructor. Consider adding the 'required' modifier or declaring the property as nullable. [C:\Users\lordo\Documents\GitHub\llmtornado\src\LlmTornado\LlmTornado.csproj::TargetFramework=netstandard2.0]
C:\Users\lordo\Documents\GitHub\llmtornado\src\LlmTornado\Vendor\Anthropic\AnthropicEndpointProvider.cs(113,27): warning CS8618: Non-nullable property 'Type' must contain a non-null value when exiting constructor. Consider adding the 'required' modifier or declaring the property as nullable. [C:\Users\lordo\Documents\GitHub\llmtornado\src\LlmTornado\LlmTornado.csproj::TargetFramework=netstandard2.0]
C:\Users\lordo\Documents\GitHub\llmtornado\src\LlmTornado\Vendor\Anthropic\AnthropicEndpointProvider.cs(116,27): warning CS8618: Non-nullable property 'Text' must contain a non-null value when exiting constructor. Consider adding the 'required' modifier or declaring the property as nullable. [C:\Users\lordo\Documents\GitHub\llmtornado\src\LlmTornado\LlmTornado.csproj::TargetFramework=netstandard2.0]
C:\Users\lordo\Documents\GitHub\llmtornado\src\LlmTornado\Chat\Vendors\Cohere\ChatVendorCohereExtensionConnector.cs(146,59): warning CS8604: Possible null reference argument for parameter 'id' in 'ChatVendorCohereExtensionConnector.ChatVendorCohereExtensionConnector(string id)'. [C:\Users\lordo\Documents\GitHub\llmtornado\src\LlmTornado\LlmTornado.csproj::TargetFramework=netstandard2.0]
C:\Users\lordo\Documents\GitHub\llmtornado\src\LlmTornado\Chat\Vendors\Cohere\ChatResponseVendorCohereExtensions.cs(39,12): warning CS8618: Non-nullable property 'Response' must contain a non-null value when exiting constructor. Consider adding the 'required' modifier or declaring the property as nullable. [C:\Users\lordo\Documents\GitHub\llmtornado\src\LlmTornado\LlmTornado.csproj::TargetFramework=netstandard2.0]
C:\Users\lordo\Documents\GitHub\llmtornado\src\LlmTornado\Chat\Vendors\Cohere\ChatResponseVendorCohereExtensions.cs(84,47): warning CS8604: Possible null reference argument for parameter 'txt' in 'string ClearSnippet(string txt)'. [C:\Users\lordo\Documents\GitHub\llmtornado\src\LlmTornado\LlmTornado.csproj::TargetFramework=netstandard2.0]
C:\Users\lordo\Documents\GitHub\llmtornado\src\LlmTornado\Chat\Vendors\Cohere\ChatResponseVendorCohereExtensions.cs(129,14): warning CS8618: Non-nullable property 'Response' must contain a non-null value when exiting constructor. Consider adding the 'required' modifier or declaring the property as nullable. [C:\Users\lordo\Documents\GitHub\llmtornado\src\LlmTornado\LlmTornado.csproj::TargetFramework=netstandard2.0]
C:\Users\lordo\Documents\GitHub\llmtornado\src\LlmTornado\Code\DiffMatchPatch\V4APatchHarness.cs(123,13): warning CS8604: Possible null reference argument for parameter 'diffText' in 'bool DiffPatchEngine.TryApply(string source, string diffText, out string patchedText, out string? error, PatchFormat format, bool requireAllPatches = true)'. [C:\Users\lordo\Documents\GitHub\llmtornado\src\LlmTornado\LlmTornado.csproj::TargetFramework=netstandard2.0]
C:\Users\lordo\Documents\GitHub\llmtornado\src\LlmTornado\Code\DiffMatchPatch\V4APatchHarness.cs(158,13): warning CS8604: Possible null reference argument for parameter 'diffText' in 'bool DiffPatchEngine.TryApply(string source, string diffText, out string patchedText, out string? error, PatchFormat format, bool requireAllPatches = true)'. [C:\Users\lordo\Documents\GitHub\llmtornado\src\LlmTornado\LlmTornado.csproj::TargetFramework=netstandard2.0]
C:\Users\lordo\Documents\GitHub\llmtornado\src\LlmTornado\Code\DiffMatchPatch\V4APatchHarness.cs(206,13): warning CS8604: Possible null reference argument for parameter 'diffText' in 'bool DiffPatchEngine.TryApply(string source, string diffText, out string patchedText, out string? error, PatchFormat format, bool requireAllPatches = true)'. [C:\Users\lordo\Documents\GitHub\llmtornado\src\LlmTornado\LlmTornado.csproj::TargetFramework=netstandard2.0]
C:\Users\lordo\Documents\GitHub\llmtornado\src\LlmTornado\Code\DiffMatchPatch\V4APatchHarness.cs(259,17): warning CS8604: Possible null reference argument for parameter 'diffText' in 'bool DiffPatchEngine.TryApply(string source, string diffText, out string patchedText, out string? error, PatchFormat format, bool requireAllPatches = true)'. [C:\Users\lordo\Documents\GitHub\llmtornado\src\LlmTornado\LlmTornado.csproj::TargetFramework=netstandard2.0]
C:\Users\lordo\Documents\GitHub\llmtornado\src\LlmTornado\Code\Sse\Helpers.cs(15,19): warning CS0219: The variable 'MaxDecimalDigits' is assigned but its value is never used [C:\Users\lordo\Documents\GitHub\llmtornado\src\LlmTornado\LlmTornado.csproj::TargetFramework=netstandard2.0]
C:\Users\lordo\Documents\GitHub\llmtornado\src\LlmTornado\Chat\Vendors\Anthropic\VendorAnthropicChatRequest.cs(564,23): warning CS8618: Non-nullable property 'Type' must contain a non-null value when exiting constructor. Consider adding the 'required' modifier or declaring the property as nullable. [C:\Users\lordo\Documents\GitHub\llmtornado\src\LlmTornado\LlmTornado.csproj::TargetFramework=netstandard2.0]
C:\Users\lordo\Documents\GitHub\llmtornado\src\LlmTornado\Chat\Vendors\Anthropic\VendorAnthropicChatRequest.cs(553,23): warning CS8618: Non-nullable property 'Type' must contain a non-null value when exiting constructor. Consider adding the 'required' modifier or declaring the property as nullable. [C:\Users\lordo\Documents\GitHub\llmtornado\src\LlmTornado\LlmTornado.csproj::TargetFramework=netstandard2.0]
C:\Users\lordo\Documents\GitHub\llmtornado\src\LlmTornado\Chat\Vendors\Anthropic\VendorAnthropicChatRequest.cs(545,23): warning CS8618: Non-nullable property 'Type' must contain a non-null value when exiting constructor. Consider adding the 'required' modifier or declaring the property as nullable. [C:\Users\lordo\Documents\GitHub\llmtornado\src\LlmTornado\LlmTornado.csproj::TargetFramework=netstandard2.0]
C:\Users\lordo\Documents\GitHub\llmtornado\src\LlmTornado\Chat\Vendors\Anthropic\VendorAnthropicChatRequest.cs(539,23): warning CS8618: Non-nullable property 'UserId' must contain a non-null value when exiting constructor. Consider adding the 'required' modifier or declaring the property as nullable. [C:\Users\lordo\Documents\GitHub\llmtornado\src\LlmTornado\LlmTornado.csproj::TargetFramework=netstandard2.0]
C:\Users\lordo\Documents\GitHub\llmtornado\src\LlmTornado\Code\DiffMatchPatch\V4APatchHarness.cs(451,13): warning CS8604: Possible null reference argument for parameter 'diffText' in 'bool DiffPatchEngine.TryApply(string source, string diffText, out string patchedText, out string? error, PatchFormat format, bool requireAllPatches = true)'. [C:\Users\lordo\Documents\GitHub\llmtornado\src\LlmTornado\LlmTornado.csproj::TargetFramework=netstandard2.0]
C:\Users\lordo\Documents\GitHub\llmtornado\src\LlmTornado\Chat\Vendors\Anthropic\VendorAnthropicChatRequest.cs(72,12): warning CS8618: Non-nullable property 'Msg' must contain a non-null value when exiting constructor. Consider adding the 'required' modifier or declaring the property as nullable. [C:\Users\lordo\Documents\GitHub\llmtornado\src\LlmTornado\LlmTornado.csproj::TargetFramework=netstandard2.0]
C:\Users\lordo\Documents\GitHub\llmtornado\src\LlmTornado\Chat\Vendors\Anthropic\VendorAnthropicChatRequest.cs(72,12): warning CS8618: Non-nullable property 'Parts' must contain a non-null value when exiting constructor. Consider adding the 'required' modifier or declaring the property as nullable. [C:\Users\lordo\Documents\GitHub\llmtornado\src\LlmTornado\LlmTornado.csproj::TargetFramework=netstandard2.0]
C:\Users\lordo\Documents\GitHub\llmtornado\src\LlmTornado\Code\DiffMatchPatch\V4APatchHarness.cs(503,17): warning CS8604: Possible null reference argument for parameter 'diffText' in 'bool DiffPatchEngine.TryApply(string source, string diffText, out string patchedText, out string? error, PatchFormat format, bool requireAllPatches = true)'. [C:\Users\lordo\Documents\GitHub\llmtornado\src\LlmTornado\LlmTornado.csproj::TargetFramework=netstandard2.0]
C:\Users\lordo\Documents\GitHub\llmtornado\src\LlmTornado\Code\PartialModels.cs(2898,30): warning CS8601: Possible null reference assignment. [C:\Users\lordo\Documents\GitHub\llmtornado\src\LlmTornado\LlmTornado.csproj::TargetFramework=netstandard2.0]
C:\Users\lordo\Documents\GitHub\llmtornado\src\LlmTornado\Code\PartialModels.cs(2899,29): warning CS8601: Possible null reference assignment. [C:\Users\lordo\Documents\GitHub\llmtornado\src\LlmTornado\LlmTornado.csproj::TargetFramework=netstandard2.0]
C:\Users\lordo\Documents\GitHub\llmtornado\src\LlmTornado\Code\PartialModels.cs(2726,19): warning CS8618: Non-nullable property 'Source' must contain a non-null value when exiting constructor. Consider adding the 'required' modifier or declaring the property as nullable. [C:\Users\lordo\Documents\GitHub\llmtornado\src\LlmTornado\LlmTornado.csproj::TargetFramework=netstandard2.0]
C:\Users\lordo\Documents\GitHub\llmtornado\src\LlmTornado\Code\PartialModels.cs(2732,19): warning CS8618: Non-nullable property 'Title' must contain a non-null value when exiting constructor. Consider adding the 'required' modifier or declaring the property as nullable. [C:\Users\lordo\Documents\GitHub\llmtornado\src\LlmTornado\LlmTornado.csproj::TargetFramework=netstandard2.0]
C:\Users\lordo\Documents\GitHub\llmtornado\src\LlmTornado\Code\PartialModels.cs(2699,19): warning CS8618: Non-nullable property 'FileId' must contain a non-null value when exiting constructor. Consider adding the 'required' modifier or declaring the property as nullable. [C:\Users\lordo\Documents\GitHub\llmtornado\src\LlmTornado\LlmTornado.csproj::TargetFramework=netstandard2.0]
C:\Users\lordo\Documents\GitHub\llmtornado\src\LlmTornado\Code\PartialModels.cs(2672,19): warning CS8618: Non-nullable property 'Url' must contain a non-null value when exiting constructor. Consider adding the 'required' modifier or declaring the property as nullable. [C:\Users\lordo\Documents\GitHub\llmtornado\src\LlmTornado\LlmTornado.csproj::TargetFramework=netstandard2.0]
C:\Users\lordo\Documents\GitHub\llmtornado\src\LlmTornado\Code\PartialModels.cs(2645,19): warning CS8618: Non-nullable property 'Data' must contain a non-null value when exiting constructor. Consider adding the 'required' modifier or declaring the property as nullable. [C:\Users\lordo\Documents\GitHub\llmtornado\src\LlmTornado\LlmTornado.csproj::TargetFramework=netstandard2.0]
C:\Users\lordo\Documents\GitHub\llmtornado\src\LlmTornado\Code\PartialModels.cs(2657,19): warning CS8618: Non-nullable property 'MediaType' must contain a non-null value when exiting constructor. Consider adding the 'required' modifier or declaring the property as nullable. [C:\Users\lordo\Documents\GitHub\llmtornado\src\LlmTornado\LlmTornado.csproj::TargetFramework=netstandard2.0]
C:\Users\lordo\Documents\GitHub\llmtornado\src\LlmTornado\Code\PartialModels.cs(2606,12): warning CS8618: Non-nullable property 'Source' must contain a non-null value when exiting constructor. Consider adding the 'required' modifier or declaring the property as nullable. [C:\Users\lordo\Documents\GitHub\llmtornado\src\LlmTornado\LlmTornado.csproj::TargetFramework=netstandard2.0]
C:\Users\lordo\Documents\GitHub\llmtornado\src\LlmTornado\Code\PartialModels.cs(2532,12): warning CS8618: Non-nullable property 'Text' must contain a non-null value when exiting constructor. Consider adding the 'required' modifier or declaring the property as nullable. [C:\Users\lordo\Documents\GitHub\llmtornado\src\LlmTornado\LlmTornado.csproj::TargetFramework=netstandard2.0]
C:\Users\lordo\Documents\GitHub\llmtornado\src\LlmTornado\Code\PartialModels.cs(2448,19): warning CS8618: Non-nullable property 'Source' must contain a non-null value when exiting constructor. Consider adding the 'required' modifier or declaring the property as nullable. [C:\Users\lordo\Documents\GitHub\llmtornado\src\LlmTornado\LlmTornado.csproj::TargetFramework=netstandard2.0]
C:\Users\lordo\Documents\GitHub\llmtornado\src\LlmTornado\Code\PartialModels.cs(2454,19): warning CS8618: Non-nullable property 'Title' must contain a non-null value when exiting constructor. Consider adding the 'required' modifier or declaring the property as nullable. [C:\Users\lordo\Documents\GitHub\llmtornado\src\LlmTornado\LlmTornado.csproj::TargetFramework=netstandard2.0]
C:\Users\lordo\Documents\GitHub\llmtornado\src\LlmTornado\Code\PartialModels.cs(2414,19): warning CS8618: Non-nullable property 'Type' must contain a non-null value when exiting constructor. Consider adding the 'required' modifier or declaring the property as nullable. [C:\Users\lordo\Documents\GitHub\llmtornado\src\LlmTornado\LlmTornado.csproj::TargetFramework=netstandard2.0]
C:\Users\lordo\Documents\GitHub\llmtornado\src\LlmTornado\Code\PartialModels.cs(2201,12): warning CS8618: Non-nullable field '_data' must contain a non-null value when exiting constructor. Consider adding the 'required' modifier or declaring the field as nullable. [C:\Users\lordo\Documents\GitHub\llmtornado\src\LlmTornado\LlmTornado.csproj::TargetFramework=netstandard2.0]
C:\Users\lordo\Documents\GitHub\llmtornado\src\LlmTornado\Code\PartialModels.cs(2157,14): warning CS8618: Non-nullable property 'Body' must contain a non-null value when exiting constructor. Consider adding the 'required' modifier or declaring the property as nullable. [C:\Users\lordo\Documents\GitHub\llmtornado\src\LlmTornado\LlmTornado.csproj::TargetFramework=netstandard2.0]
C:\Users\lordo\Documents\GitHub\llmtornado\src\LlmTornado\Code\PartialModels.cs(1607,12): warning CS8618: Non-nullable property 'Url' must contain a non-null value when exiting constructor. Consider adding the 'required' modifier or declaring the property as nullable. [C:\Users\lordo\Documents\GitHub\llmtornado\src\LlmTornado\LlmTornado.csproj::TargetFramework=netstandard2.0]
C:\Users\lordo\Documents\GitHub\llmtornado\src\LlmTornado\Code\PartialModels.cs(1479,31): warning CS8618: Non-nullable property 'FunctionCalls' must contain a non-null value when exiting constructor. Consider adding the 'required' modifier or declaring the property as nullable. [C:\Users\lordo\Documents\GitHub\llmtornado\src\LlmTornado\LlmTornado.csproj::TargetFramework=netstandard2.0]
C:\Users\lordo\Documents\GitHub\llmtornado\src\LlmTornado\Code\PartialModels.cs(1480,33): warning CS8618: Non-nullable property 'CustomToolCalls' must contain a non-null value when exiting constructor. Consider adding the 'required' modifier or declaring the property as nullable. [C:\Users\lordo\Documents\GitHub\llmtornado\src\LlmTornado\LlmTornado.csproj::TargetFramework=netstandard2.0]
C:\Users\lordo\Documents\GitHub\llmtornado\src\LlmTornado\Code\PartialModels.cs(1029,19): warning CS8618: Non-nullable property 'Id' must contain a non-null value when exiting constructor. Consider adding the 'required' modifier or declaring the property as nullable. [C:\Users\lordo\Documents\GitHub\llmtornado\src\LlmTornado\LlmTornado.csproj::TargetFramework=netstandard2.0]
C:\Users\lordo\Documents\GitHub\llmtornado\src\LlmTornado\Code\PartialModels.cs(1052,19): warning CS8618: Non-nullable property 'Transcript' must contain a non-null value when exiting constructor. Consider adding the 'required' modifier or declaring the property as nullable. [C:\Users\lordo\Documents\GitHub\llmtornado\src\LlmTornado\LlmTornado.csproj::TargetFramework=netstandard2.0]
C:\Users\lordo\Documents\GitHub\llmtornado\src\LlmTornado\Code\PartialModels.cs(995,21): warning CS8618: Non-nullable property 'ToolCall' must contain a non-null value when exiting constructor. Consider adding the 'required' modifier or declaring the property as nullable. [C:\Users\lordo\Documents\GitHub\llmtornado\src\LlmTornado\LlmTornado.csproj::TargetFramework=netstandard2.0]
C:\Users\lordo\Documents\GitHub\llmtornado\src\LlmTornado\Code\PartialModels.cs(996,26): warning CS8618: Non-nullable property 'ArgumentsBuilder' must contain a non-null value when exiting constructor. Consider adding the 'required' modifier or declaring the property as nullable. [C:\Users\lordo\Documents\GitHub\llmtornado\src\LlmTornado\LlmTornado.csproj::TargetFramework=netstandard2.0]
C:\Users\lordo\Documents\GitHub\llmtornado\src\LlmTornado\Code\PartialModels.cs(296,19): warning CS8618: Non-nullable property 'Content' must contain a non-null value when exiting constructor. Consider adding the 'required' modifier or declaring the property as nullable. [C:\Users\lordo\Documents\GitHub\llmtornado\src\LlmTornado\LlmTornado.csproj::TargetFramework=netstandard2.0]
C:\Users\lordo\Documents\GitHub\llmtornado\src\LlmTornado\Code\PartialModels.cs(301,19): warning CS8618: Non-nullable property 'Signature' must contain a non-null value when exiting constructor. Consider adding the 'required' modifier or declaring the property as nullable. [C:\Users\lordo\Documents\GitHub\llmtornado\src\LlmTornado\LlmTornado.csproj::TargetFramework=netstandard2.0]
C:\Users\lordo\Documents\GitHub\llmtornado\src\LlmTornado\Code\PartialModels.cs(84,22): warning CS8618: Non-nullable property 'Exception' must contain a non-null value when exiting constructor. Consider adding the 'required' modifier or declaring the property as nullable. [C:\Users\lordo\Documents\GitHub\llmtornado\src\LlmTornado\LlmTornado.csproj::TargetFramework=netstandard2.0]
C:\Users\lordo\Documents\GitHub\llmtornado\src\LlmTornado\Code\PartialModels.cs(99,32): warning CS8618: Non-nullable property 'RawMessage' must contain a non-null value when exiting constructor. Consider adding the 'required' modifier or declaring the property as nullable. [C:\Users\lordo\Documents\GitHub\llmtornado\src\LlmTornado\LlmTornado.csproj::TargetFramework=netstandard2.0]
C:\Users\lordo\Documents\GitHub\llmtornado\src\LlmTornado\Code\PartialModels.cs(104,34): warning CS8618: Non-nullable property 'Body' must contain a non-null value when exiting constructor. Consider adding the 'required' modifier or declaring the property as nullable. [C:\Users\lordo\Documents\GitHub\llmtornado\src\LlmTornado\LlmTornado.csproj::TargetFramework=netstandard2.0]
C:\Users\lordo\Documents\GitHub\llmtornado\src\LlmTornado\Code\PartialModels.cs(63,19): warning CS8618: Non-nullable property 'Stream' must contain a non-null value when exiting constructor. Consider adding the 'required' modifier or declaring the property as nullable. [C:\Users\lordo\Documents\GitHub\llmtornado\src\LlmTornado\LlmTornado.csproj::TargetFramework=netstandard2.0]
C:\Users\lordo\Documents\GitHub\llmtornado\src\LlmTornado\Code\PartialModels.cs(68,26): warning CS8618: Non-nullable property 'Headers' must contain a non-null value when exiting constructor. Consider adding the 'required' modifier or declaring the property as nullable. [C:\Users\lordo\Documents\GitHub\llmtornado\src\LlmTornado\LlmTornado.csproj::TargetFramework=netstandard2.0]
C:\Users\lordo\Documents\GitHub\llmtornado\src\LlmTornado\Code\PartialModels.cs(73,32): warning CS8618: Non-nullable property 'Response' must contain a non-null value when exiting constructor. Consider adding the 'required' modifier or declaring the property as nullable. [C:\Users\lordo\Documents\GitHub\llmtornado\src\LlmTornado\LlmTornado.csproj::TargetFramework=netstandard2.0]
C:\Users\lordo\Documents\GitHub\llmtornado\src\LlmTornado\Code\Models\ModelBase.cs(114,19): warning CS8618: Non-nullable property 'Name' must contain a non-null value when exiting constructor. Consider adding the 'required' modifier or declaring the property as nullable. [C:\Users\lordo\Documents\GitHub\llmtornado\src\LlmTornado\LlmTornado.csproj::TargetFramework=netstandard2.0]
C:\Users\lordo\Documents\GitHub\llmtornado\src\LlmTornado\Code\Models\ModelBase.cs(173,19): warning CS8618: Non-nullable property 'Object' must contain a non-null value when exiting constructor. Consider adding the 'required' modifier or declaring the property as nullable. [C:\Users\lordo\Documents\GitHub\llmtornado\src\LlmTornado\LlmTornado.csproj::TargetFramework=netstandard2.0]
C:\Users\lordo\Documents\GitHub\llmtornado\src\LlmTornado\Code\Legacy.cs(452,24): warning CS8603: Possible null reference return. [C:\Users\lordo\Documents\GitHub\llmtornado\src\LlmTornado\LlmTornado.csproj::TargetFramework=netstandard2.0]
C:\Users\lordo\Documents\GitHub\llmtornado\src\LlmTornado\Code\Legacy.cs(494,24): warning CS8603: Possible null reference return. [C:\Users\lordo\Documents\GitHub\llmtornado\src\LlmTornado\LlmTornado.csproj::TargetFramework=netstandard2.0]
C:\Users\lordo\Documents\GitHub\llmtornado\src\LlmTornado\Code\Legacy.cs(546,24): warning CS8603: Possible null reference return. [C:\Users\lordo\Documents\GitHub\llmtornado\src\LlmTornado\LlmTornado.csproj::TargetFramework=netstandard2.0]
C:\Users\lordo\Documents\GitHub\llmtornado\src\LlmTornado\Code\Legacy.cs(604,24): warning CS8603: Possible null reference return. [C:\Users\lordo\Documents\GitHub\llmtornado\src\LlmTornado\LlmTornado.csproj::TargetFramework=netstandard2.0]
C:\Users\lordo\Documents\GitHub\llmtornado\src\LlmTornado\Code\Legacy.cs(670,24): warning CS8603: Possible null reference return. [C:\Users\lordo\Documents\GitHub\llmtornado\src\LlmTornado\LlmTornado.csproj::TargetFramework=netstandard2.0]
C:\Users\lordo\Documents\GitHub\llmtornado\src\LlmTornado\Code\Legacy.cs(680,24): warning CS8603: Possible null reference return. [C:\Users\lordo\Documents\GitHub\llmtornado\src\LlmTornado\LlmTornado.csproj::TargetFramework=netstandard2.0]
C:\Users\lordo\Documents\GitHub\llmtornado\src\LlmTornado\Code\Legacy.cs(869,38): warning CS8625: Cannot convert null literal to non-nullable reference type. [C:\Users\lordo\Documents\GitHub\llmtornado\src\LlmTornado\LlmTornado.csproj::TargetFramework=netstandard2.0]
C:\Users\lordo\Documents\GitHub\llmtornado\src\LlmTornado\Code\Legacy.cs(870,24): warning CS8625: Cannot convert null literal to non-nullable reference type. [C:\Users\lordo\Documents\GitHub\llmtornado\src\LlmTornado\LlmTornado.csproj::TargetFramework=netstandard2.0]
C:\Users\lordo\Documents\GitHub\llmtornado\src\LlmTornado\Code\Legacy.cs(94,28): warning CS8600: Converting null literal or possible null value to non-nullable type. [C:\Users\lordo\Documents\GitHub\llmtornado\src\LlmTornado\LlmTornado.csproj::TargetFramework=netstandard2.0]
C:\Users\lordo\Documents\GitHub\llmtornado\src\LlmTornado\Code\Legacy.cs(158,24): warning CS8603: Possible null reference return. [C:\Users\lordo\Documents\GitHub\llmtornado\src\LlmTornado\LlmTornado.csproj::TargetFramework=netstandard2.0]
C:\Users\lordo\Documents\GitHub\llmtornado\src\LlmTornado\Code\Legacy.cs(165,24): warning CS8603: Possible null reference return. [C:\Users\lordo\Documents\GitHub\llmtornado\src\LlmTornado\LlmTornado.csproj::TargetFramework=netstandard2.0]
C:\Users\lordo\Documents\GitHub\llmtornado\src\LlmTornado\Code\Legacy.cs(172,24): warning CS8603: Possible null reference return. [C:\Users\lordo\Documents\GitHub\llmtornado\src\LlmTornado\LlmTornado.csproj::TargetFramework=netstandard2.0]
C:\Users\lordo\Documents\GitHub\llmtornado\src\LlmTornado\Code\Legacy.cs(184,24): warning CS8603: Possible null reference return. [C:\Users\lordo\Documents\GitHub\llmtornado\src\LlmTornado\LlmTornado.csproj::TargetFramework=netstandard2.0]
C:\Users\lordo\Documents\GitHub\llmtornado\src\LlmTornado\Code\Legacy.cs(192,24): warning CS8603: Possible null reference return. [C:\Users\lordo\Documents\GitHub\llmtornado\src\LlmTornado\LlmTornado.csproj::TargetFramework=netstandard2.0]
C:\Users\lordo\Documents\GitHub\llmtornado\src\LlmTornado\Code\Legacy.cs(204,24): warning CS8603: Possible null reference return. [C:\Users\lordo\Documents\GitHub\llmtornado\src\LlmTornado\LlmTornado.csproj::TargetFramework=netstandard2.0]
C:\Users\lordo\Documents\GitHub\llmtornado\src\LlmTornado\Code\Legacy.cs(217,24): warning CS8603: Possible null reference return. [C:\Users\lordo\Documents\GitHub\llmtornado\src\LlmTornado\LlmTornado.csproj::TargetFramework=netstandard2.0]
C:\Users\lordo\Documents\GitHub\llmtornado\src\LlmTornado\Code\Legacy.cs(225,24): warning CS8603: Possible null reference return. [C:\Users\lordo\Documents\GitHub\llmtornado\src\LlmTornado\LlmTornado.csproj::TargetFramework=netstandard2.0]
C:\Users\lordo\Documents\GitHub\llmtornado\src\LlmTornado\Code\Legacy.cs(232,24): warning CS8603: Possible null reference return. [C:\Users\lordo\Documents\GitHub\llmtornado\src\LlmTornado\LlmTornado.csproj::TargetFramework=netstandard2.0]
C:\Users\lordo\Documents\GitHub\llmtornado\src\LlmTornado\Code\Extensions.cs(260,53): warning CS8604: Possible null reference argument for parameter 'value' in 'T? JsonConvert.DeserializeObject<T>(string value)'. [C:\Users\lordo\Documents\GitHub\llmtornado\src\LlmTornado\LlmTornado.csproj::TargetFramework=netstandard2.0]
C:\Users\lordo\Documents\GitHub\llmtornado\src\LlmTornado\Chat\Models\OpenAi\ChatModelOpenAiGpt4.cs(255,47): warning CS0618: 'ChatModelOpenAiGpt4.ModelVisionPreview' is obsolete: 'Disabled by OpenAI' [C:\Users\lordo\Documents\GitHub\llmtornado\src\LlmTornado\LlmTornado.csproj::TargetFramework=netstandard2.0]
C:\Users\lordo\Documents\GitHub\llmtornado\src\LlmTornado\Chat\Models\Google\ChatModelGoogleGeminiPreview.cs(342,35): warning CS0618: 'ChatModelGoogleGeminiPreview.ModelGemini3ProPreview' is obsolete: 'Shut down March 9, 2026. Use ModelGemini31ProPreview instead.' [C:\Users\lordo\Documents\GitHub\llmtornado\src\LlmTornado\LlmTornado.csproj::TargetFramework=netstandard2.0]
C:\Users\lordo\Documents\GitHub\llmtornado\src\LlmTornado\Chat\Models\Google\ChatModelGoogleGeminiPreview.cs(342,59): warning CS0618: 'ChatModelGoogleGeminiPreview.ModelGemini3ProImagePreview' is obsolete: 'Shut down June 25, 2026. Use ModelGemini3ProImage instead.' [C:\Users\lordo\Documents\GitHub\llmtornado\src\LlmTornado\LlmTornado.csproj::TargetFramework=netstandard2.0]
C:\Users\lordo\Documents\GitHub\llmtornado\src\LlmTornado\Chat\Models\Google\ChatModelGoogleGeminiPreview.cs(342,88): warning CS0618: 'ChatModelGoogleGeminiPreview.ModelGemini31FlashImagePreview' is obsolete: 'Shut down June 25, 2026. Use ModelGemini31FlashImage instead.' [C:\Users\lordo\Documents\GitHub\llmtornado\src\LlmTornado\LlmTornado.csproj::TargetFramework=netstandard2.0]
C:\Users\lordo\Documents\GitHub\llmtornado\src\LlmTornado\Chat\Models\Google\ChatModelGoogleGeminiPreview.cs(343,9): warning CS0618: 'ChatModelGoogleGeminiPreview.ModelGemini31FlashLitePreview' is obsolete: 'Shut down May 25, 2026. Use ModelGemini31FlashLite instead.' [C:\Users\lordo\Documents\GitHub\llmtornado\src\LlmTornado\LlmTornado.csproj::TargetFramework=netstandard2.0]
C:\Users\lordo\Documents\GitHub\llmtornado\src\LlmTornado\Chat\Models\Google\ChatModelGoogleGeminiPreview.cs(347,44): warning CS0618: 'ChatModelGoogleGeminiPreview.ModelGemini25FlashImagePreview' is obsolete: 'Shut down January 15, 2026. Use ModelGemini3ProImage or ModelGemini31FlashImage instead.' [C:\Users\lordo\Documents\GitHub\llmtornado\src\LlmTornado\LlmTornado.csproj::TargetFramework=netstandard2.0]
C:\Users\lordo\Documents\GitHub\llmtornado\src\LlmTornado\Chat\Models\Google\ChatModelGoogleGeminiPreview.cs(347,107): warning CS0618: 'ChatModelGoogleGeminiPreview.ModelGemini25FlashLitePreview0925' is obsolete: 'Shut down March 31, 2026. Use ModelGemini31FlashLite instead.' [C:\Users\lordo\Documents\GitHub\llmtornado\src\LlmTornado\LlmTornado.csproj::TargetFramework=netstandard2.0]
C:\Users\lordo\Documents\GitHub\llmtornado\src\LlmTornado\Chat\Models\Google\ChatModelGoogleGeminiPreview.cs(348,41): warning CS0618: 'ChatModelGoogleGeminiPreview.ModelGeminiRoboticsRe15Preview' is obsolete: 'Shut down April 30, 2026. Use GeminiRoboticsRe16Preview instead.' [C:\Users\lordo\Documents\GitHub\llmtornado\src\LlmTornado\LlmTornado.csproj::TargetFramework=netstandard2.0]
C:\Users\lordo\Documents\GitHub\llmtornado\src\LlmTornado\Chat\Models\Google\ChatModelGoogleGemini.cs(329,9): warning CS0618: 'ChatModelGoogleGemini.ModelGemini15ProLatest' is obsolete: 'Use ModelGemini25Pro instead.' [C:\Users\lordo\Documents\GitHub\llmtornado\src\LlmTornado\LlmTornado.csproj::TargetFramework=netstandard2.0]
C:\Users\lordo\Documents\GitHub\llmtornado\src\LlmTornado\Chat\Models\Google\ChatModelGoogleGemini.cs(330,9): warning CS0618: 'ChatModelGoogleGemini.ModelGemini15Pro' is obsolete: 'Use ModelGemini25Pro instead.' [C:\Users\lordo\Documents\GitHub\llmtornado\src\LlmTornado\LlmTornado.csproj::TargetFramework=netstandard2.0]
C:\Users\lordo\Documents\GitHub\llmtornado\src\LlmTornado\Chat\Models\Google\ChatModelGoogleGemini.cs(330,27): warning CS0618: 'ChatModelGoogleGemini.ModelGemini15Pro001' is obsolete: 'Use ModelGemini25Pro instead.' [C:\Users\lordo\Documents\GitHub\llmtornado\src\LlmTornado\LlmTornado.csproj::TargetFramework=netstandard2.0]
C:\Users\lordo\Documents\GitHub\llmtornado\src\LlmTornado\Chat\Models\Google\ChatModelGoogleGemini.cs(330,48): warning CS0618: 'ChatModelGoogleGemini.ModelGemini15Pro002' is obsolete: 'Use ModelGemini25Pro instead.' [C:\Users\lordo\Documents\GitHub\llmtornado\src\LlmTornado\LlmTornado.csproj::TargetFramework=netstandard2.0]
C:\Users\lordo\Documents\GitHub\llmtornado\src\LlmTornado\Chat\Models\Google\ChatModelGoogleGemini.cs(330,69): warning CS0618: 'ChatModelGoogleGemini.ModelGemini15Flash8B' is obsolete: 'Use ModelGeminiFlashLatest instead.' [C:\Users\lordo\Documents\GitHub\llmtornado\src\LlmTornado\LlmTornado.csproj::TargetFramework=netstandard2.0]
C:\Users\lordo\Documents\GitHub\llmtornado\src\LlmTornado\Chat\Models\Google\ChatModelGoogleGemini.cs(330,91): warning CS0618: 'ChatModelGoogleGemini.ModelGemini15Flash8BLatest' is obsolete: 'Use ModelGeminiFlashLatest instead.' [C:\Users\lordo\Documents\GitHub\llmtornado\src\LlmTornado\LlmTornado.csproj::TargetFramework=netstandard2.0]
C:\Users\lordo\Documents\GitHub\llmtornado\src\LlmTornado\Chat\Models\Google\ChatModelGoogleGemini.cs(330,119): warning CS0618: 'ChatModelGoogleGemini.ModelGemini2Flash001' is obsolete: 'Shut down June 1, 2026. Use ModelGemini25Flash or ModelGemini35Flash instead.' [C:\Users\lordo\Documents\GitHub\llmtornado\src\LlmTornado\LlmTornado.csproj::TargetFramework=netstandard2.0]
C:\Users\lordo\Documents\GitHub\llmtornado\src\LlmTornado\Chat\Models\Google\ChatModelGoogleGemini.cs(331,9): warning CS0618: 'ChatModelGoogleGemini.ModelGemini2FlashLatest' is obsolete: 'Shut down June 1, 2026. Use ModelGemini25Flash or ModelGemini35Flash instead.' [C:\Users\lordo\Documents\GitHub\llmtornado\src\LlmTornado\LlmTornado.csproj::TargetFramework=netstandard2.0]
C:\Users\lordo\Documents\GitHub\llmtornado\src\LlmTornado\Chat\Models\Google\ChatModelGoogleGemini.cs(331,34): warning CS0618: 'ChatModelGoogleGemini.ModelGemini2FlashLite001' is obsolete: 'Shut down June 1, 2026. Use ModelGemini25FlashLite or ModelGemini31FlashLite instead.' [C:\Users\lordo\Documents\GitHub\llmtornado\src\LlmTornado\LlmTornado.csproj::TargetFramework=netstandard2.0]
C:\Users\lordo\Documents\GitHub\llmtornado\src\LlmTornado\Chat\Models\Google\ChatModelGoogleGemini.cs(331,60): warning CS0618: 'ChatModelGoogleGemini.ModelGemini2FlashLiteLatest' is obsolete: 'Shut down June 1, 2026. Use ModelGemini25FlashLite or ModelGemini31FlashLite instead.' [C:\Users\lordo\Documents\GitHub\llmtornado\src\LlmTornado\LlmTornado.csproj::TargetFramework=netstandard2.0]
C:\Users\lordo\Documents\GitHub\llmtornado\src\LlmTornado\Chat\Models\Google\ChatModelGoogle.cs(82,9): warning CS0618: 'ChatModelGoogleGeminiPreview.ModelGemini31FlashLitePreview' is obsolete: 'Shut down May 25, 2026. Use ModelGemini31FlashLite instead.' [C:\Users\lordo\Documents\GitHub\llmtornado\src\LlmTornado\LlmTornado.csproj::TargetFramework=netstandard2.0]
C:\Users\lordo\Documents\GitHub\llmtornado\src\LlmTornado\Chat\Models\Google\ChatModelGoogle.cs(83,9): warning CS0618: 'ChatModelGoogleGeminiPreview.ModelGemini3ProPreview' is obsolete: 'Shut down March 9, 2026. Use ModelGemini31ProPreview instead.' [C:\Users\lordo\Documents\GitHub\llmtornado\src\LlmTornado\LlmTornado.csproj::TargetFramework=netstandard2.0]
C:\Users\lordo\Documents\GitHub\llmtornado\src\LlmTornado\Chat\Models\Google\ChatModelGoogle.cs(102,9): warning CS0618: 'ChatModelGoogleGeminiPreview.ModelGemini31FlashLitePreview' is obsolete: 'Shut down May 25, 2026. Use ModelGemini31FlashLite instead.' [C:\Users\lordo\Documents\GitHub\llmtornado\src\LlmTornado\LlmTornado.csproj::TargetFramework=netstandard2.0]
C:\Users\lordo\Documents\GitHub\llmtornado\src\LlmTornado\Chat\Models\Google\ChatModelGoogle.cs(103,9): warning CS0618: 'ChatModelGoogleGeminiPreview.ModelGemini3ProPreview' is obsolete: 'Shut down March 9, 2026. Use ModelGemini31ProPreview instead.' [C:\Users\lordo\Documents\GitHub\llmtornado\src\LlmTornado\LlmTornado.csproj::TargetFramework=netstandard2.0]
C:\Users\lordo\Documents\GitHub\llmtornado\src\LlmTornado\Chat\Models\Google\ChatModelGoogle.cs(105,9): warning CS0618: 'ChatModelGoogleGeminiPreview.ModelGemini3ProImagePreview' is obsolete: 'Shut down June 25, 2026. Use ModelGemini3ProImage instead.' [C:\Users\lordo\Documents\GitHub\llmtornado\src\LlmTornado\LlmTornado.csproj::TargetFramework=netstandard2.0]
C:\Users\lordo\Documents\GitHub\llmtornado\src\LlmTornado\Chat\Models\Google\ChatModelGoogle.cs(110,9): warning CS0618: 'ChatModelGoogleGeminiPreview.ModelGemini31FlashImagePreview' is obsolete: 'Shut down June 25, 2026. Use ModelGemini31FlashImage instead.' [C:\Users\lordo\Documents\GitHub\llmtornado\src\LlmTornado\LlmTornado.csproj::TargetFramework=netstandard2.0]
C:\Users\lordo\Documents\GitHub\llmtornado\src\LlmTornado\Chat\Models\Google\ChatModelGoogle.cs(117,9): warning CS0618: 'ChatModelGoogleGeminiPreview.ModelGemini3ProPreview' is obsolete: 'Shut down March 9, 2026. Use ModelGemini31ProPreview instead.' [C:\Users\lordo\Documents\GitHub\llmtornado\src\LlmTornado\LlmTornado.csproj::TargetFramework=netstandard2.0]
C:\Users\lordo\Documents\GitHub\llmtornado\src\LlmTornado\Chat\Models\Google\ChatModelGoogle.cs(119,9): warning CS0618: 'ChatModelGoogleGeminiPreview.ModelGemini3ProImagePreview' is obsolete: 'Shut down June 25, 2026. Use ModelGemini3ProImage instead.' [C:\Users\lordo\Documents\GitHub\llmtornado\src\LlmTornado\LlmTornado.csproj::TargetFramework=netstandard2.0]
C:\Users\lordo\Documents\GitHub\llmtornado\src\LlmTornado\Chat\Models\Google\ChatModelGoogle.cs(140,9): warning CS0618: 'ChatModelGoogleGeminiPreview.ModelGemini31FlashLitePreview' is obsolete: 'Shut down May 25, 2026. Use ModelGemini31FlashLite instead.' [C:\Users\lordo\Documents\GitHub\llmtornado\src\LlmTornado\LlmTornado.csproj::TargetFramework=netstandard2.0]
C:\Users\lordo\Documents\GitHub\llmtornado\src\LlmTornado\Chat\Models\Google\ChatModelGoogle.cs(142,9): warning CS0618: 'ChatModelGoogleGeminiPreview.ModelGemini31FlashImagePreview' is obsolete: 'Shut down June 25, 2026. Use ModelGemini31FlashImage instead.' [C:\Users\lordo\Documents\GitHub\llmtornado\src\LlmTornado\LlmTornado.csproj::TargetFramework=netstandard2.0]
C:\Users\lordo\Documents\GitHub\llmtornado\src\LlmTornado\Chat\Models\Google\ChatModelGoogle.cs(157,9): warning CS0618: 'ChatModelGoogleGeminiPreview.ModelGemini31FlashLitePreview' is obsolete: 'Shut down May 25, 2026. Use ModelGemini31FlashLite instead.' [C:\Users\lordo\Documents\GitHub\llmtornado\src\LlmTornado\LlmTornado.csproj::TargetFramework=netstandard2.0]
C:\Users\lordo\Documents\GitHub\llmtornado\src\LlmTornado\Chat\Models\Google\ChatModelGoogle.cs(168,9): warning CS0618: 'ChatModelGoogleGeminiPreview.ModelGemini31FlashLitePreview' is obsolete: 'Shut down May 25, 2026. Use ModelGemini31FlashLite instead.' [C:\Users\lordo\Documents\GitHub\llmtornado\src\LlmTornado\LlmTornado.csproj::TargetFramework=netstandard2.0]
C:\Users\lordo\Documents\GitHub\llmtornado\src\LlmTornado\Chat\Models\Google\ChatModelGoogle.cs(173,9): warning CS0618: 'ChatModelGoogleGemini.ModelGemini2Flash001' is obsolete: 'Shut down June 1, 2026. Use ModelGemini25Flash or ModelGemini35Flash instead.' [C:\Users\lordo\Documents\GitHub\llmtornado\src\LlmTornado\LlmTornado.csproj::TargetFramework=netstandard2.0]
C:\Users\lordo\Documents\GitHub\llmtornado\src\LlmTornado\Chat\Models\Google\ChatModelGoogle.cs(174,9): warning CS0618: 'ChatModelGoogleGemini.ModelGemini2FlashLatest' is obsolete: 'Shut down June 1, 2026. Use ModelGemini25Flash or ModelGemini35Flash instead.' [C:\Users\lordo\Documents\GitHub\llmtornado\src\LlmTornado\LlmTornado.csproj::TargetFramework=netstandard2.0]
C:\Users\lordo\Documents\GitHub\llmtornado\src\LlmTornado\Chat\Models\Google\ChatModelGoogle.cs(183,9): warning CS0618: 'ChatModelGoogleGemini.ModelGemini15Pro' is obsolete: 'Use ModelGemini25Pro instead.' [C:\Users\lordo\Documents\GitHub\llmtornado\src\LlmTornado\LlmTornado.csproj::TargetFramework=netstandard2.0]
C:\Users\lordo\Documents\GitHub\llmtornado\src\LlmTornado\Chat\Models\Google\ChatModelGoogle.cs(184,9): warning CS0618: 'ChatModelGoogleGemini.ModelGemini15Flash8B' is obsolete: 'Use ModelGeminiFlashLatest instead.' [C:\Users\lordo\Documents\GitHub\llmtornado\src\LlmTornado\LlmTornado.csproj::TargetFramework=netstandard2.0]
C:\Users\lordo\Documents\GitHub\llmtornado\src\LlmTornado\Chat\Models\Google\ChatModelGoogle.cs(206,586): warning CS0618: 'ChatModelGoogleGeminiPreview.ModelGemini31FlashLitePreview' is obsolete: 'Shut down May 25, 2026. Use ModelGemini31FlashLite instead.' [C:\Users\lordo\Documents\GitHub\llmtornado\src\LlmTornado\LlmTornado.csproj::TargetFramework=netstandard2.0]
C:\Users\lordo\Documents\GitHub\llmtornado\src\LlmTornado\Chat\Models\Google\ChatModelGoogle.cs(217,9): warning CS0618: 'ChatModelGoogleGeminiPreview.ModelGemini25FlashImagePreview' is obsolete: 'Shut down January 15, 2026. Use ModelGemini3ProImage or ModelGemini31FlashImage instead.' [C:\Users\lordo\Documents\GitHub\llmtornado\src\LlmTornado\LlmTornado.csproj::TargetFramework=netstandard2.0]
C:\Users\lordo\Documents\GitHub\llmtornado\src\LlmTornado\Chat\Models\Google\ChatModelGoogle.cs(219,9): warning CS0618: 'ChatModelGoogleGeminiPreview.ModelGemini3ProImagePreview' is obsolete: 'Shut down June 25, 2026. Use ModelGemini3ProImage instead.' [C:\Users\lordo\Documents\GitHub\llmtornado\src\LlmTornado\LlmTornado.csproj::TargetFramework=netstandard2.0]
C:\Users\lordo\Documents\GitHub\llmtornado\src\LlmTornado\Chat\Models\Google\ChatModelGoogle.cs(221,9): warning CS0618: 'ChatModelGoogleGeminiPreview.ModelGemini31FlashImagePreview' is obsolete: 'Shut down June 25, 2026. Use ModelGemini31FlashImage instead.' [C:\Users\lordo\Documents\GitHub\llmtornado\src\LlmTornado\LlmTornado.csproj::TargetFramework=netstandard2.0]
C:\Users\lordo\Documents\GitHub\llmtornado\src\LlmTornado\Chat\Models\ChatModel.cs(491,45): warning CS8618: Non-nullable property 'ModelsByName' must contain a non-null value when exiting constructor. Consider adding the 'required' modifier or declaring the property as nullable. [C:\Users\lordo\Documents\GitHub\llmtornado\src\LlmTornado\LlmTornado.csproj::TargetFramework=netstandard2.0]
C:\Users\lordo\Documents\GitHub\llmtornado\src\LlmTornado\Chat\Models\Anthropic\ChatModelAnthropicClaude3.cs(50,106): warning CS0618: 'ChatModelAnthropicClaude3.ModelSonnet' is obsolete: 'deprecated' [C:\Users\lordo\Documents\GitHub\llmtornado\src\LlmTornado\LlmTornado.csproj::TargetFramework=netstandard2.0]
C:\Users\lordo\Documents\GitHub\llmtornado\src\LlmTornado\Audio\Vendors\Google\VendorGoogleMusicResult.cs(45,22): error CS0246: The type or namespace name 'VendorGoogleChatRequestMessagePart' could not be found (are you missing a using directive or an assembly reference?) [C:\Users\lordo\Documents\GitHub\llmtornado\src\LlmTornado\LlmTornado.csproj::TargetFramework=net10.0]
C:\Users\lordo\Documents\GitHub\llmtornado\src\LlmTornado\Compaction\CompactionResult.cs(104,94): error CS0117: 'ChatMessageTypes' does not contain a definition for 'Unknown' [C:\Users\lordo\Documents\GitHub\llmtornado\src\LlmTornado\LlmTornado.csproj::TargetFramework=net10.0]
C:\Users\lordo\Documents\GitHub\llmtornado\src\LlmTornado\Compaction\CompactionEndpoint.cs(40,58): error CS1503: Argument 1: cannot convert from 'LlmTornado.Chat.Models.ChatModel' to 'LlmTornado.Code.LLmProviders?' [C:\Users\lordo\Documents\GitHub\llmtornado\src\LlmTornado\LlmTornado.csproj::TargetFramework=net10.0]
C:\Users\lordo\Documents\GitHub\llmtornado\src\LlmTornado\Live\Vendors\Google\VendorGoogleLiveMapper.cs(67,24): error CS0246: The type or namespace name 'VendorGoogleChatTool' could not be found (are you missing a using directive or an assembly reference?) [C:\Users\lordo\Documents\GitHub\llmtornado\src\LlmTornado\LlmTornado.csproj::TargetFramework=net10.0]
C:\Users\lordo\Documents\GitHub\llmtornado\src\LlmTornado\Live\Vendors\Google\VendorGoogleLiveMapper.cs(67,48): error CS0246: The type or namespace name 'VendorGoogleChatToolConfig' could not be found (are you missing a using directive or an assembly reference?) [C:\Users\lordo\Documents\GitHub\llmtornado\src\LlmTornado\LlmTornado.csproj::TargetFramework=net10.0]
C:\Users\lordo\Documents\GitHub\llmtornado\src\LlmTornado\Vendor\Anthropic\AnthropicEndpointProvider.cs(362,45): error CS0426: The type name 'RateLimits' does not exist in the type 'CapabilityEndpoints' [C:\Users\lordo\Documents\GitHub\llmtornado\src\LlmTornado\LlmTornado.csproj::TargetFramework=net10.0]
C:\Users\lordo\Documents\GitHub\llmtornado\src\LlmTornado\RateLimits\RateLimitsEndpoint.cs(19,76): error CS0117: 'CapabilityEndpoints' does not contain a definition for 'RateLimits' [C:\Users\lordo\Documents\GitHub\llmtornado\src\LlmTornado\LlmTornado.csproj::TargetFramework=net10.0]
C:\Users\lordo\Documents\GitHub\llmtornado\src\LlmTornado\Images\ImageGenerationRequest.cs(197,43): error CS0176: Member 'ImageModelOpenAiGpt.Default' cannot be accessed with an instance reference; qualify it with a type name instead [C:\Users\lordo\Documents\GitHub\llmtornado\src\LlmTornado\LlmTornado.csproj::TargetFramework=net10.0]
C:\Users\lordo\Documents\GitHub\llmtornado\src\LlmTornado\Images\ImageGenerationRequest.cs(56,26): error CS0176: Member 'ImageModelOpenAiGpt.Default' cannot be accessed with an instance reference; qualify it with a type name instead [C:\Users\lordo\Documents\GitHub\llmtornado\src\LlmTornado\LlmTornado.csproj::TargetFramework=net10.0]
C:\Users\lordo\Documents\GitHub\llmtornado\src\LlmTornado\Images\ImageGenerationEndpoint.cs(44,68): error CS0176: Member 'ImageModelOpenAiGpt.Default' cannot be accessed with an instance reference; qualify it with a type name instead [C:\Users\lordo\Documents\GitHub\llmtornado\src\LlmTornado\LlmTornado.csproj::TargetFramework=net10.0]
C:\Users\lordo\Documents\GitHub\llmtornado\src\LlmTornado\Interactions\InteractionContent.cs(194,51): error CS1503: Argument 1: cannot convert from 'System.Collections.Generic.List<LlmTornado.Interactions.InteractionStep>' to 'LlmTornado.Interactions.InteractionStep' [C:\Users\lordo\Documents\GitHub\llmtornado\src\LlmTornado\LlmTornado.csproj::TargetFramework=net10.0]
C:\Users\lordo\Documents\GitHub\llmtornado\src\LlmTornado\Interactions\InteractionContent.cs(197,50): error CS1503: Argument 1: cannot convert from 'System.Collections.Generic.List<LlmTornado.Interactions.InteractionContent>' to 'LlmTornado.Interactions.InteractionContent' [C:\Users\lordo\Documents\GitHub\llmtornado\src\LlmTornado\LlmTornado.csproj::TargetFramework=net10.0]
C:\Users\lordo\Documents\GitHub\llmtornado\src\LlmTornado\Images\ImageEditRequest.cs(61,43): error CS0176: Member 'ImageModelOpenAiGpt.Default' cannot be accessed with an instance reference; qualify it with a type name instead [C:\Users\lordo\Documents\GitHub\llmtornado\src\LlmTornado\LlmTornado.csproj::TargetFramework=net10.0]
C:\Users\lordo\Documents\GitHub\llmtornado\src\LlmTornado\Images\ImageEditEndpoint.cs(39,71): error CS0176: Member 'ImageModelOpenAiGpt.Default' cannot be accessed with an instance reference; qualify it with a type name instead [C:\Users\lordo\Documents\GitHub\llmtornado\src\LlmTornado\LlmTornado.csproj::TargetFramework=net10.0]
C:\Users\lordo\Documents\GitHub\llmtornado\src\LlmTornado\Responses\ResponseToolSearch.cs(364,43): error CS0103: The name 'ToolCustomFormat' does not exist in the current context [C:\Users\lordo\Documents\GitHub\llmtornado\src\LlmTornado\LlmTornado.csproj::TargetFramework=net10.0]
C:\Users\lordo\Documents\GitHub\llmtornado\src\LlmTornado\Responses\ResponseToolSearch.cs(368,17): error CS0246: The type or namespace name 'ToolCustomGrammarSyntaxes' could not be found (are you missing a using directive or an assembly reference?) [C:\Users\lordo\Documents\GitHub\llmtornado\src\LlmTornado\LlmTornado.csproj::TargetFramework=net10.0]
C:\Users\lordo\Documents\GitHub\llmtornado\src\LlmTornado\Responses\ResponseToolSearch.cs(369,23): error CS0103: The name 'ToolCustomGrammarSyntaxes' does not exist in the current context [C:\Users\lordo\Documents\GitHub\llmtornado\src\LlmTornado\LlmTornado.csproj::TargetFramework=net10.0]
C:\Users\lordo\Documents\GitHub\llmtornado\src\LlmTornado\Responses\ResponseToolSearch.cs(370,23): error CS0103: The name 'ToolCustomGrammarSyntaxes' does not exist in the current context [C:\Users\lordo\Documents\GitHub\llmtornado\src\LlmTornado\LlmTornado.csproj::TargetFramework=net10.0]
C:\Users\lordo\Documents\GitHub\llmtornado\src\LlmTornado\Responses\ResponseToolSearch.cs(372,23): error CS0103: The name 'ToolCustomFormat' does not exist in the current context [C:\Users\lordo\Documents\GitHub\llmtornado\src\LlmTornado\LlmTornado.csproj::TargetFramework=net10.0]
C:\Users\lordo\Documents\GitHub\llmtornado\src\LlmTornado\Responses\ResponseToolSearch.cs(373,27): error CS0246: The type or namespace name 'ToolCustomFormat' could not be found (are you missing a using directive or an assembly reference?) [C:\Users\lordo\Documents\GitHub\llmtornado\src\LlmTornado\LlmTornado.csproj::TargetFramework=net10.0]
C:\Users\lordo\Documents\GitHub\llmtornado\src\LlmTornado\Responses\ResponseToolSearch.cs(373,53): error CS0103: The name 'ToolCustomFormat' does not exist in the current context [C:\Users\lordo\Documents\GitHub\llmtornado\src\LlmTornado\LlmTornado.csproj::TargetFramework=net10.0]
C:\Users\lordo\Documents\GitHub\llmtornado\src\LlmTornado\Responses\ResponseToolSearch.cs(377,31): error CS0103: The name 'ToolCustomFormat' does not exist in the current context [C:\Users\lordo\Documents\GitHub\llmtornado\src\LlmTornado\LlmTornado.csproj::TargetFramework=net10.0]
C:\Users\lordo\Documents\GitHub\llmtornado\src\LlmTornado\Skills\OpenAiSkillsEndpoint.cs(52,16): error CS7036: There is no argument given that corresponds to the required parameter 'cancellationToken' of 'OpenAiSkillsEndpoint.HttpGetData<T>(IEndpointProvider, string?, Dictionary<string, object>?, CancellationToken)' [C:\Users\lordo\Documents\GitHub\llmtornado\src\LlmTornado\LlmTornado.csproj::TargetFramework=net10.0]
C:\Users\lordo\Documents\GitHub\llmtornado\src\LlmTornado\Vendor\Anthropic\AnthropicEndpointProvider.cs(916,17): error CS0103: The name 'RequiresEffortHeader' does not exist in the current context [C:\Users\lordo\Documents\GitHub\llmtornado\src\LlmTornado\LlmTornado.csproj::TargetFramework=net10.0]
C:\Users\lordo\Documents\GitHub\llmtornado\src\LlmTornado\Vendor\Anthropic\AnthropicEndpointProvider.cs(951,17): error CS0103: The name 'RequiresCacheDiagnosticsHeader' does not exist in the current context [C:\Users\lordo\Documents\GitHub\llmtornado\src\LlmTornado\LlmTornado.csproj::TargetFramework=net10.0]
C:\Users\lordo\Documents\GitHub\llmtornado\src\LlmTornado\Responses\ResponseTool.cs(1110,21): error CS0117: 'ResponseWebSearchTool' does not contain a definition for 'ReturnTokenBudget' [C:\Users\lordo\Documents\GitHub\llmtornado\src\LlmTornado\LlmTornado.csproj::TargetFramework=net10.0]
C:\Users\lordo\Documents\GitHub\llmtornado\src\LlmTornado\Responses\ResponseTool.cs(1308,25): error CS1061: 'ResponseWebSearchTool' does not contain a definition for 'ReturnTokenBudget' and no accessible extension method 'ReturnTokenBudget' accepting a first argument of type 'ResponseWebSearchTool' could be found (are you missing a using directive or an assembly reference?) [C:\Users\lordo\Documents\GitHub\llmtornado\src\LlmTornado\LlmTornado.csproj::TargetFramework=net10.0]
C:\Users\lordo\Documents\GitHub\llmtornado\src\LlmTornado\Responses\ResponseTool.cs(1311,54): error CS1061: 'ResponseWebSearchTool' does not contain a definition for 'ReturnTokenBudget' and no accessible extension method 'ReturnTokenBudget' accepting a first argument of type 'ResponseWebSearchTool' could be found (are you missing a using directive or an assembly reference?) [C:\Users\lordo\Documents\GitHub\llmtornado\src\LlmTornado\LlmTornado.csproj::TargetFramework=net10.0]
C:\Users\lordo\Documents\GitHub\llmtornado\src\LlmTornado\Responses\ResponsesWebSocketConnection.cs(228,36): error CS1503: Argument 1: cannot convert from 'object' to 'string' [C:\Users\lordo\Documents\GitHub\llmtornado\src\LlmTornado\LlmTornado.csproj::TargetFramework=net10.0]
C:\Users\lordo\Documents\GitHub\llmtornado\src\LlmTornado\Chat\Vendors\Anthropic\VendorAnthropicChatResult.cs(523,72): error CS0117: 'ChatMessagePartAnthropicExtensions' does not contain a definition for 'AdvisorToolResult' [C:\Users\lordo\Documents\GitHub\llmtornado\src\LlmTornado\LlmTornado.csproj::TargetFramework=net10.0]
C:\Users\lordo\Documents\GitHub\llmtornado\src\LlmTornado\Responses\ResponseOutputItem.cs(1578,17): error CS9135: A constant value of type 'string' is expected [C:\Users\lordo\Documents\GitHub\llmtornado\src\LlmTornado\LlmTornado.csproj::TargetFramework=net10.0]
C:\Users\lordo\Documents\GitHub\llmtornado\src\LlmTornado\Responses\ResponseOutputItem.cs(1579,17): error CS9135: A constant value of type 'string' is expected [C:\Users\lordo\Documents\GitHub\llmtornado\src\LlmTornado\LlmTornado.csproj::TargetFramework=net10.0]
C:\Users\lordo\Documents\GitHub\llmtornado\src\LlmTornado\Responses\ResponseOutputItem.cs(1533,13): error CS9135: A constant value of type 'string' is expected [C:\Users\lordo\Documents\GitHub\llmtornado\src\LlmTornado\LlmTornado.csproj::TargetFramework=net10.0]
C:\Users\lordo\Documents\GitHub\llmtornado\src\LlmTornado\Responses\ResponseOutputItem.cs(1534,13): error CS9135: A constant value of type 'string' is expected [C:\Users\lordo\Documents\GitHub\llmtornado\src\LlmTornado\LlmTornado.csproj::TargetFramework=net10.0]
C:\Users\lordo\Documents\GitHub\llmtornado\src\LlmTornado\Responses\ResponseInputMessage.cs(1399,25): error CS1061: 'ResponseInputMessage' does not contain a definition for 'Phase' and no accessible extension method 'Phase' accepting a first argument of type 'ResponseInputMessage' could be found (are you missing a using directive or an assembly reference?) [C:\Users\lordo\Documents\GitHub\llmtornado\src\LlmTornado\LlmTornado.csproj::TargetFramework=net10.0]
C:\Users\lordo\Documents\GitHub\llmtornado\src\LlmTornado\Responses\ResponseInputMessage.cs(1402,54): error CS1061: 'ResponseInputMessage' does not contain a definition for 'Phase' and no accessible extension method 'Phase' accepting a first argument of type 'ResponseInputMessage' could be found (are you missing a using directive or an assembly reference?) [C:\Users\lordo\Documents\GitHub\llmtornado\src\LlmTornado\LlmTornado.csproj::TargetFramework=net10.0]
C:\Users\lordo\Documents\GitHub\llmtornado\src\LlmTornado\Responses\ResponseInputMessage.cs(1908,13): error CS9135: A constant value of type 'string' is expected [C:\Users\lordo\Documents\GitHub\llmtornado\src\LlmTornado\LlmTornado.csproj::TargetFramework=net10.0]
C:\Users\lordo\Documents\GitHub\llmtornado\src\LlmTornado\Responses\ResponseInputMessage.cs(1909,13): error CS9135: A constant value of type 'string' is expected [C:\Users\lordo\Documents\GitHub\llmtornado\src\LlmTornado\LlmTornado.csproj::TargetFramework=net10.0]
C:\Users\lordo\Documents\GitHub\llmtornado\src\LlmTornado\Skills\OpenAiSkillsEndpoint.cs(52,16): error CS7036: There is no argument given that corresponds to the required parameter 'cancellationToken' of 'OpenAiSkillsEndpoint.HttpGetData<T>(IEndpointProvider, string?, Dictionary<string, object>?, CancellationToken)' [C:\Users\lordo\Documents\GitHub\llmtornado\src\LlmTornado\LlmTornado.csproj::TargetFramework=net8.0]
C:\Users\lordo\Documents\GitHub\llmtornado\src\LlmTornado\Responses\ResponseToolSearch.cs(364,43): error CS0103: The name 'ToolCustomFormat' does not exist in the current context [C:\Users\lordo\Documents\GitHub\llmtornado\src\LlmTornado\LlmTornado.csproj::TargetFramework=net8.0]
C:\Users\lordo\Documents\GitHub\llmtornado\src\LlmTornado\Responses\ResponseToolSearch.cs(368,17): error CS0246: The type or namespace name 'ToolCustomGrammarSyntaxes' could not be found (are you missing a using directive or an assembly reference?) [C:\Users\lordo\Documents\GitHub\llmtornado\src\LlmTornado\LlmTornado.csproj::TargetFramework=net8.0]
C:\Users\lordo\Documents\GitHub\llmtornado\src\LlmTornado\Responses\ResponseToolSearch.cs(369,23): error CS0103: The name 'ToolCustomGrammarSyntaxes' does not exist in the current context [C:\Users\lordo\Documents\GitHub\llmtornado\src\LlmTornado\LlmTornado.csproj::TargetFramework=net8.0]
C:\Users\lordo\Documents\GitHub\llmtornado\src\LlmTornado\Responses\ResponseToolSearch.cs(370,23): error CS0103: The name 'ToolCustomGrammarSyntaxes' does not exist in the current context [C:\Users\lordo\Documents\GitHub\llmtornado\src\LlmTornado\LlmTornado.csproj::TargetFramework=net8.0]
C:\Users\lordo\Documents\GitHub\llmtornado\src\LlmTornado\Responses\ResponseToolSearch.cs(372,23): error CS0103: The name 'ToolCustomFormat' does not exist in the current context [C:\Users\lordo\Documents\GitHub\llmtornado\src\LlmTornado\LlmTornado.csproj::TargetFramework=net8.0]
C:\Users\lordo\Documents\GitHub\llmtornado\src\LlmTornado\Responses\ResponseToolSearch.cs(373,27): error CS0246: The type or namespace name 'ToolCustomFormat' could not be found (are you missing a using directive or an assembly reference?) [C:\Users\lordo\Documents\GitHub\llmtornado\src\LlmTornado\LlmTornado.csproj::TargetFramework=net8.0]
C:\Users\lordo\Documents\GitHub\llmtornado\src\LlmTornado\Responses\ResponseToolSearch.cs(373,53): error CS0103: The name 'ToolCustomFormat' does not exist in the current context [C:\Users\lordo\Documents\GitHub\llmtornado\src\LlmTornado\LlmTornado.csproj::TargetFramework=net8.0]
C:\Users\lordo\Documents\GitHub\llmtornado\src\LlmTornado\Responses\ResponseToolSearch.cs(377,31): error CS0103: The name 'ToolCustomFormat' does not exist in the current context [C:\Users\lordo\Documents\GitHub\llmtornado\src\LlmTornado\LlmTornado.csproj::TargetFramework=net8.0]
C:\Users\lordo\Documents\GitHub\llmtornado\src\LlmTornado\Responses\ResponseTool.cs(1110,21): error CS0117: 'ResponseWebSearchTool' does not contain a definition for 'ReturnTokenBudget' [C:\Users\lordo\Documents\GitHub\llmtornado\src\LlmTornado\LlmTornado.csproj::TargetFramework=net8.0]
C:\Users\lordo\Documents\GitHub\llmtornado\src\LlmTornado\Audio\Vendors\Google\VendorGoogleMusicResult.cs(45,22): error CS0246: The type or namespace name 'VendorGoogleChatRequestMessagePart' could not be found (are you missing a using directive or an assembly reference?) [C:\Users\lordo\Documents\GitHub\llmtornado\src\LlmTornado\LlmTornado.csproj::TargetFramework=net462]
C:\Users\lordo\Documents\GitHub\llmtornado\src\LlmTornado\Compaction\CompactionResult.cs(104,94): error CS0117: 'ChatMessageTypes' does not contain a definition for 'Unknown' [C:\Users\lordo\Documents\GitHub\llmtornado\src\LlmTornado\LlmTornado.csproj::TargetFramework=net462]
C:\Users\lordo\Documents\GitHub\llmtornado\src\LlmTornado\Compaction\CompactionEndpoint.cs(40,58): error CS1503: Argument 1: cannot convert from 'LlmTornado.Chat.Models.ChatModel' to 'LlmTornado.Code.LLmProviders?' [C:\Users\lordo\Documents\GitHub\llmtornado\src\LlmTornado\LlmTornado.csproj::TargetFramework=net462]
C:\Users\lordo\Documents\GitHub\llmtornado\src\LlmTornado\RateLimits\RateLimitsEndpoint.cs(19,76): error CS0117: 'CapabilityEndpoints' does not contain a definition for 'RateLimits' [C:\Users\lordo\Documents\GitHub\llmtornado\src\LlmTornado\LlmTornado.csproj::TargetFramework=net462]
C:\Users\lordo\Documents\GitHub\llmtornado\src\LlmTornado\Skills\OpenAiSkillsEndpoint.cs(52,16): error CS7036: There is no argument given that corresponds to the required parameter 'cancellationToken' of 'OpenAiSkillsEndpoint.HttpGetData<T>(IEndpointProvider, string?, Dictionary<string, object>?, CancellationToken)' [C:\Users\lordo\Documents\GitHub\llmtornado\src\LlmTornado\LlmTornado.csproj::TargetFramework=net462]
C:\Users\lordo\Documents\GitHub\llmtornado\src\LlmTornado\Realtime\Translation\RealtimeTranslationEndpoint.cs(49,50): error CS1729: 'RealtimeTranslationSession' does not contain a constructor that takes 2 arguments [C:\Users\lordo\Documents\GitHub\llmtornado\src\LlmTornado\LlmTornado.csproj::TargetFramework=net462]
C:\Users\lordo\Documents\GitHub\llmtornado\src\LlmTornado\Responses\ResponseToolSearch.cs(364,43): error CS0103: The name 'ToolCustomFormat' does not exist in the current context [C:\Users\lordo\Documents\GitHub\llmtornado\src\LlmTornado\LlmTornado.csproj::TargetFramework=net462]
C:\Users\lordo\Documents\GitHub\llmtornado\src\LlmTornado\Responses\ResponseToolSearch.cs(368,17): error CS0246: The type or namespace name 'ToolCustomGrammarSyntaxes' could not be found (are you missing a using directive or an assembly reference?) [C:\Users\lordo\Documents\GitHub\llmtornado\src\LlmTornado\LlmTornado.csproj::TargetFramework=net462]
C:\Users\lordo\Documents\GitHub\llmtornado\src\LlmTornado\Responses\ResponseToolSearch.cs(369,23): error CS0103: The name 'ToolCustomGrammarSyntaxes' does not exist in the current context [C:\Users\lordo\Documents\GitHub\llmtornado\src\LlmTornado\LlmTornado.csproj::TargetFramework=net462]
C:\Users\lordo\Documents\GitHub\llmtornado\src\LlmTornado\Responses\ResponseToolSearch.cs(370,23): error CS0103: The name 'ToolCustomGrammarSyntaxes' does not exist in the current context [C:\Users\lordo\Documents\GitHub\llmtornado\src\LlmTornado\LlmTornado.csproj::TargetFramework=net462]
C:\Users\lordo\Documents\GitHub\llmtornado\src\LlmTornado\Responses\ResponseToolSearch.cs(372,23): error CS0103: The name 'ToolCustomFormat' does not exist in the current context [C:\Users\lordo\Documents\GitHub\llmtornado\src\LlmTornado\LlmTornado.csproj::TargetFramework=net462]
C:\Users\lordo\Documents\GitHub\llmtornado\src\LlmTornado\Responses\ResponseToolSearch.cs(373,27): error CS0246: The type or namespace name 'ToolCustomFormat' could not be found (are you missing a using directive or an assembly reference?) [C:\Users\lordo\Documents\GitHub\llmtornado\src\LlmTornado\LlmTornado.csproj::TargetFramework=net462]
C:\Users\lordo\Documents\GitHub\llmtornado\src\LlmTornado\Responses\ResponseToolSearch.cs(373,53): error CS0103: The name 'ToolCustomFormat' does not exist in the current context [C:\Users\lordo\Documents\GitHub\llmtornado\src\LlmTornado\LlmTornado.csproj::TargetFramework=net462]
C:\Users\lordo\Documents\GitHub\llmtornado\src\LlmTornado\Responses\ResponseToolSearch.cs(377,31): error CS0103: The name 'ToolCustomFormat' does not exist in the current context [C:\Users\lordo\Documents\GitHub\llmtornado\src\LlmTornado\LlmTornado.csproj::TargetFramework=net462]
C:\Users\lordo\Documents\GitHub\llmtornado\src\LlmTornado\Live\Vendors\Google\VendorGoogleLiveMapper.cs(67,24): error CS0246: The type or namespace name 'VendorGoogleChatTool' could not be found (are you missing a using directive or an assembly reference?) [C:\Users\lordo\Documents\GitHub\llmtornado\src\LlmTornado\LlmTornado.csproj::TargetFramework=net462]
C:\Users\lordo\Documents\GitHub\llmtornado\src\LlmTornado\Live\Vendors\Google\VendorGoogleLiveMapper.cs(67,48): error CS0246: The type or namespace name 'VendorGoogleChatToolConfig' could not be found (are you missing a using directive or an assembly reference?) [C:\Users\lordo\Documents\GitHub\llmtornado\src\LlmTornado\LlmTornado.csproj::TargetFramework=net462]
C:\Users\lordo\Documents\GitHub\llmtornado\src\LlmTornado\Responses\ResponseTool.cs(1110,21): error CS0117: 'ResponseWebSearchTool' does not contain a definition for 'ReturnTokenBudget' [C:\Users\lordo\Documents\GitHub\llmtornado\src\LlmTornado\LlmTornado.csproj::TargetFramework=net462]
C:\Users\lordo\Documents\GitHub\llmtornado\src\LlmTornado\Vendor\Anthropic\AnthropicEndpointProvider.cs(362,45): error CS0426: The type name 'RateLimits' does not exist in the type 'CapabilityEndpoints' [C:\Users\lordo\Documents\GitHub\llmtornado\src\LlmTornado\LlmTornado.csproj::TargetFramework=net462]
C:\Users\lordo\Documents\GitHub\llmtornado\src\LlmTornado\Live\LiveSession.cs(32,55): error CS1061: 'Task' does not contain a definition for 'IsCompletedSuccessfully' and no accessible extension method 'IsCompletedSuccessfully' accepting a first argument of type 'Task' could be found (are you missing a using directive or an assembly reference?) [C:\Users\lordo\Documents\GitHub\llmtornado\src\LlmTornado\LlmTornado.csproj::TargetFramework=net462]
C:\Users\lordo\Documents\GitHub\llmtornado\src\LlmTornado\RateLimits\RateLimitsEndpoint.cs(19,76): error CS0117: 'CapabilityEndpoints' does not contain a definition for 'RateLimits' [C:\Users\lordo\Documents\GitHub\llmtornado\src\LlmTornado\LlmTornado.csproj::TargetFramework=net8.0]
C:\Users\lordo\Documents\GitHub\llmtornado\src\LlmTornado\Live\LiveSession.cs(165,59): error CS1503: Argument 1: cannot convert from 'byte[]' to 'System.ArraySegment<byte>' [C:\Users\lordo\Documents\GitHub\llmtornado\src\LlmTornado\LlmTornado.csproj::TargetFramework=net462]
C:\Users\lordo\Documents\GitHub\llmtornado\src\LlmTornado\Live\LiveSession.cs(227,39): error CS1503: Argument 1: cannot convert from 'byte[]' to 'System.ArraySegment<byte>' [C:\Users\lordo\Documents\GitHub\llmtornado\src\LlmTornado\LlmTornado.csproj::TargetFramework=net462]
C:\Users\lordo\Documents\GitHub\llmtornado\src\LlmTornado\Responses\ResponseTool.cs(1308,25): error CS1061: 'ResponseWebSearchTool' does not contain a definition for 'ReturnTokenBudget' and no accessible extension method 'ReturnTokenBudget' accepting a first argument of type 'ResponseWebSearchTool' could be found (are you missing a using directive or an assembly reference?) [C:\Users\lordo\Documents\GitHub\llmtornado\src\LlmTornado\LlmTornado.csproj::TargetFramework=net462]
C:\Users\lordo\Documents\GitHub\llmtornado\src\LlmTornado\Responses\ResponseTool.cs(1311,54): error CS1061: 'ResponseWebSearchTool' does not contain a definition for 'ReturnTokenBudget' and no accessible extension method 'ReturnTokenBudget' accepting a first argument of type 'ResponseWebSearchTool' could be found (are you missing a using directive or an assembly reference?) [C:\Users\lordo\Documents\GitHub\llmtornado\src\LlmTornado\LlmTornado.csproj::TargetFramework=net462]
C:\Users\lordo\Documents\GitHub\llmtornado\src\LlmTornado\Vendor\Anthropic\AnthropicEndpointProvider.cs(916,17): error CS0103: The name 'RequiresEffortHeader' does not exist in the current context [C:\Users\lordo\Documents\GitHub\llmtornado\src\LlmTornado\LlmTornado.csproj::TargetFramework=net462]
C:\Users\lordo\Documents\GitHub\llmtornado\src\LlmTornado\Responses\ResponseTool.cs(1308,25): error CS1061: 'ResponseWebSearchTool' does not contain a definition for 'ReturnTokenBudget' and no accessible extension method 'ReturnTokenBudget' accepting a first argument of type 'ResponseWebSearchTool' could be found (are you missing a using directive or an assembly reference?) [C:\Users\lordo\Documents\GitHub\llmtornado\src\LlmTornado\LlmTornado.csproj::TargetFramework=net8.0]
C:\Users\lordo\Documents\GitHub\llmtornado\src\LlmTornado\Vendor\Anthropic\AnthropicEndpointProvider.cs(951,17): error CS0103: The name 'RequiresCacheDiagnosticsHeader' does not exist in the current context [C:\Users\lordo\Documents\GitHub\llmtornado\src\LlmTornado\LlmTornado.csproj::TargetFramework=net462]
C:\Users\lordo\Documents\GitHub\llmtornado\src\LlmTornado\Responses\ResponsesWebSocketConnection.cs(85,33): error CS0117: 'ObjectDisposedException' does not contain a definition for 'ThrowIf' [C:\Users\lordo\Documents\GitHub\llmtornado\src\LlmTornado\LlmTornado.csproj::TargetFramework=net462]
C:\Users\lordo\Documents\GitHub\llmtornado\src\LlmTornado\Responses\ResponsesWebSocketConnection.cs(205,14): error CS1501: No overload for method 'Replace' takes 3 arguments [C:\Users\lordo\Documents\GitHub\llmtornado\src\LlmTornado\LlmTornado.csproj::TargetFramework=net462]
C:\Users\lordo\Documents\GitHub\llmtornado\src\LlmTornado\Responses\ResponsesWebSocketConnection.cs(206,14): error CS1501: No overload for method 'Replace' takes 3 arguments [C:\Users\lordo\Documents\GitHub\llmtornado\src\LlmTornado\LlmTornado.csproj::TargetFramework=net462]
C:\Users\lordo\Documents\GitHub\llmtornado\src\LlmTornado\Responses\ResponsesWebSocketConnection.cs(228,36): error CS1503: Argument 1: cannot convert from 'object' to 'string' [C:\Users\lordo\Documents\GitHub\llmtornado\src\LlmTornado\LlmTornado.csproj::TargetFramework=net462]
C:\Users\lordo\Documents\GitHub\llmtornado\src\LlmTornado\Interactions\InteractionContent.cs(194,51): error CS1503: Argument 1: cannot convert from 'System.Collections.Generic.List<LlmTornado.Interactions.InteractionStep>' to 'LlmTornado.Interactions.InteractionStep' [C:\Users\lordo\Documents\GitHub\llmtornado\src\LlmTornado\LlmTornado.csproj::TargetFramework=net462]
C:\Users\lordo\Documents\GitHub\llmtornado\src\LlmTornado\Interactions\InteractionContent.cs(197,50): error CS1503: Argument 1: cannot convert from 'System.Collections.Generic.List<LlmTornado.Interactions.InteractionContent>' to 'LlmTornado.Interactions.InteractionContent' [C:\Users\lordo\Documents\GitHub\llmtornado\src\LlmTornado\LlmTornado.csproj::TargetFramework=net462]
C:\Users\lordo\Documents\GitHub\llmtornado\src\LlmTornado\Responses\ResponseTool.cs(1311,54): error CS1061: 'ResponseWebSearchTool' does not contain a definition for 'ReturnTokenBudget' and no accessible extension method 'ReturnTokenBudget' accepting a first argument of type 'ResponseWebSearchTool' could be found (are you missing a using directive or an assembly reference?) [C:\Users\lordo\Documents\GitHub\llmtornado\src\LlmTornado\LlmTornado.csproj::TargetFramework=net8.0]
C:\Users\lordo\Documents\GitHub\llmtornado\src\LlmTornado\Images\ImageEditEndpoint.cs(39,71): error CS0176: Member 'ImageModelOpenAiGpt.Default' cannot be accessed with an instance reference; qualify it with a type name instead [C:\Users\lordo\Documents\GitHub\llmtornado\src\LlmTornado\LlmTornado.csproj::TargetFramework=net462]
C:\Users\lordo\Documents\GitHub\llmtornado\src\LlmTornado\Images\ImageEditRequest.cs(61,43): error CS0176: Member 'ImageModelOpenAiGpt.Default' cannot be accessed with an instance reference; qualify it with a type name instead [C:\Users\lordo\Documents\GitHub\llmtornado\src\LlmTornado\LlmTornado.csproj::TargetFramework=net462]
C:\Users\lordo\Documents\GitHub\llmtornado\src\LlmTornado\Chat\Vendors\Anthropic\VendorAnthropicChatResult.cs(523,72): error CS0117: 'ChatMessagePartAnthropicExtensions' does not contain a definition for 'AdvisorToolResult' [C:\Users\lordo\Documents\GitHub\llmtornado\src\LlmTornado\LlmTornado.csproj::TargetFramework=net462]
C:\Users\lordo\Documents\GitHub\llmtornado\src\LlmTornado\Images\ImageGenerationEndpoint.cs(44,68): error CS0176: Member 'ImageModelOpenAiGpt.Default' cannot be accessed with an instance reference; qualify it with a type name instead [C:\Users\lordo\Documents\GitHub\llmtornado\src\LlmTornado\LlmTornado.csproj::TargetFramework=net462]
C:\Users\lordo\Documents\GitHub\llmtornado\src\LlmTornado\Responses\ResponseOutputItem.cs(1578,17): error CS9135: A constant value of type 'string' is expected [C:\Users\lordo\Documents\GitHub\llmtornado\src\LlmTornado\LlmTornado.csproj::TargetFramework=net462]
C:\Users\lordo\Documents\GitHub\llmtornado\src\LlmTornado\Responses\ResponseOutputItem.cs(1579,17): error CS9135: A constant value of type 'string' is expected [C:\Users\lordo\Documents\GitHub\llmtornado\src\LlmTornado\LlmTornado.csproj::TargetFramework=net462]
C:\Users\lordo\Documents\GitHub\llmtornado\src\LlmTornado\Images\ImageGenerationRequest.cs(197,43): error CS0176: Member 'ImageModelOpenAiGpt.Default' cannot be accessed with an instance reference; qualify it with a type name instead [C:\Users\lordo\Documents\GitHub\llmtornado\src\LlmTornado\LlmTornado.csproj::TargetFramework=net462]
C:\Users\lordo\Documents\GitHub\llmtornado\src\LlmTornado\Responses\ResponseOutputItem.cs(1533,13): error CS9135: A constant value of type 'string' is expected [C:\Users\lordo\Documents\GitHub\llmtornado\src\LlmTornado\LlmTornado.csproj::TargetFramework=net462]
C:\Users\lordo\Documents\GitHub\llmtornado\src\LlmTornado\Responses\ResponseOutputItem.cs(1534,13): error CS9135: A constant value of type 'string' is expected [C:\Users\lordo\Documents\GitHub\llmtornado\src\LlmTornado\LlmTornado.csproj::TargetFramework=net462]
C:\Users\lordo\Documents\GitHub\llmtornado\src\LlmTornado\Images\ImageGenerationRequest.cs(56,26): error CS0176: Member 'ImageModelOpenAiGpt.Default' cannot be accessed with an instance reference; qualify it with a type name instead [C:\Users\lordo\Documents\GitHub\llmtornado\src\LlmTornado\LlmTornado.csproj::TargetFramework=net462]
C:\Users\lordo\Documents\GitHub\llmtornado\src\LlmTornado\Responses\ResponseInputMessage.cs(1399,25): error CS1061: 'ResponseInputMessage' does not contain a definition for 'Phase' and no accessible extension method 'Phase' accepting a first argument of type 'ResponseInputMessage' could be found (are you missing a using directive or an assembly reference?) [C:\Users\lordo\Documents\GitHub\llmtornado\src\LlmTornado\LlmTornado.csproj::TargetFramework=net462]
C:\Users\lordo\Documents\GitHub\llmtornado\src\LlmTornado\Responses\ResponseInputMessage.cs(1402,54): error CS1061: 'ResponseInputMessage' does not contain a definition for 'Phase' and no accessible extension method 'Phase' accepting a first argument of type 'ResponseInputMessage' could be found (are you missing a using directive or an assembly reference?) [C:\Users\lordo\Documents\GitHub\llmtornado\src\LlmTornado\LlmTornado.csproj::TargetFramework=net462]
C:\Users\lordo\Documents\GitHub\llmtornado\src\LlmTornado\Responses\ResponseInputMessage.cs(1908,13): error CS9135: A constant value of type 'string' is expected [C:\Users\lordo\Documents\GitHub\llmtornado\src\LlmTornado\LlmTornado.csproj::TargetFramework=net462]
C:\Users\lordo\Documents\GitHub\llmtornado\src\LlmTornado\Responses\ResponseInputMessage.cs(1909,13): error CS9135: A constant value of type 'string' is expected [C:\Users\lordo\Documents\GitHub\llmtornado\src\LlmTornado\LlmTornado.csproj::TargetFramework=net462]
C:\Users\lordo\Documents\GitHub\llmtornado\src\LlmTornado\Audio\Vendors\Google\VendorGoogleMusicResult.cs(45,22): error CS0246: The type or namespace name 'VendorGoogleChatRequestMessagePart' could not be found (are you missing a using directive or an assembly reference?) [C:\Users\lordo\Documents\GitHub\llmtornado\src\LlmTornado\LlmTornado.csproj::TargetFramework=netstandard2.0]
C:\Users\lordo\Documents\GitHub\llmtornado\src\LlmTornado\Responses\ResponsesWebSocketConnection.cs(228,36): error CS1503: Argument 1: cannot convert from 'object' to 'string' [C:\Users\lordo\Documents\GitHub\llmtornado\src\LlmTornado\LlmTornado.csproj::TargetFramework=net8.0]
C:\Users\lordo\Documents\GitHub\llmtornado\src\LlmTornado\Live\Vendors\Google\VendorGoogleLiveMapper.cs(67,24): error CS0246: The type or namespace name 'VendorGoogleChatTool' could not be found (are you missing a using directive or an assembly reference?) [C:\Users\lordo\Documents\GitHub\llmtornado\src\LlmTornado\LlmTornado.csproj::TargetFramework=net8.0]
C:\Users\lordo\Documents\GitHub\llmtornado\src\LlmTornado\Live\Vendors\Google\VendorGoogleLiveMapper.cs(67,48): error CS0246: The type or namespace name 'VendorGoogleChatToolConfig' could not be found (are you missing a using directive or an assembly reference?) [C:\Users\lordo\Documents\GitHub\llmtornado\src\LlmTornado\LlmTornado.csproj::TargetFramework=net8.0]
C:\Users\lordo\Documents\GitHub\llmtornado\src\LlmTornado\Skills\OpenAiSkillsEndpoint.cs(52,16): error CS7036: There is no argument given that corresponds to the required parameter 'cancellationToken' of 'OpenAiSkillsEndpoint.HttpGetData<T>(IEndpointProvider, string?, Dictionary<string, object>?, CancellationToken)' [C:\Users\lordo\Documents\GitHub\llmtornado\src\LlmTornado\LlmTornado.csproj::TargetFramework=netstandard2.0]
C:\Users\lordo\Documents\GitHub\llmtornado\src\LlmTornado\Responses\ResponseToolSearch.cs(364,43): error CS0103: The name 'ToolCustomFormat' does not exist in the current context [C:\Users\lordo\Documents\GitHub\llmtornado\src\LlmTornado\LlmTornado.csproj::TargetFramework=netstandard2.0]
C:\Users\lordo\Documents\GitHub\llmtornado\src\LlmTornado\Responses\ResponseToolSearch.cs(368,17): error CS0246: The type or namespace name 'ToolCustomGrammarSyntaxes' could not be found (are you missing a using directive or an assembly reference?) [C:\Users\lordo\Documents\GitHub\llmtornado\src\LlmTornado\LlmTornado.csproj::TargetFramework=netstandard2.0]
C:\Users\lordo\Documents\GitHub\llmtornado\src\LlmTornado\Responses\ResponseToolSearch.cs(369,23): error CS0103: The name 'ToolCustomGrammarSyntaxes' does not exist in the current context [C:\Users\lordo\Documents\GitHub\llmtornado\src\LlmTornado\LlmTornado.csproj::TargetFramework=netstandard2.0]
C:\Users\lordo\Documents\GitHub\llmtornado\src\LlmTornado\Responses\ResponseToolSearch.cs(370,23): error CS0103: The name 'ToolCustomGrammarSyntaxes' does not exist in the current context [C:\Users\lordo\Documents\GitHub\llmtornado\src\LlmTornado\LlmTornado.csproj::TargetFramework=netstandard2.0]
C:\Users\lordo\Documents\GitHub\llmtornado\src\LlmTornado\Responses\ResponseToolSearch.cs(372,23): error CS0103: The name 'ToolCustomFormat' does not exist in the current context [C:\Users\lordo\Documents\GitHub\llmtornado\src\LlmTornado\LlmTornado.csproj::TargetFramework=netstandard2.0]
C:\Users\lordo\Documents\GitHub\llmtornado\src\LlmTornado\Responses\ResponseToolSearch.cs(373,27): error CS0246: The type or namespace name 'ToolCustomFormat' could not be found (are you missing a using directive or an assembly reference?) [C:\Users\lordo\Documents\GitHub\llmtornado\src\LlmTornado\LlmTornado.csproj::TargetFramework=netstandard2.0]
C:\Users\lordo\Documents\GitHub\llmtornado\src\LlmTornado\Responses\ResponseToolSearch.cs(373,53): error CS0103: The name 'ToolCustomFormat' does not exist in the current context [C:\Users\lordo\Documents\GitHub\llmtornado\src\LlmTornado\LlmTornado.csproj::TargetFramework=netstandard2.0]
C:\Users\lordo\Documents\GitHub\llmtornado\src\LlmTornado\Responses\ResponseToolSearch.cs(377,31): error CS0103: The name 'ToolCustomFormat' does not exist in the current context [C:\Users\lordo\Documents\GitHub\llmtornado\src\LlmTornado\LlmTornado.csproj::TargetFramework=netstandard2.0]
C:\Users\lordo\Documents\GitHub\llmtornado\src\LlmTornado\Realtime\Translation\RealtimeTranslationEndpoint.cs(49,50): error CS1729: 'RealtimeTranslationSession' does not contain a constructor that takes 2 arguments [C:\Users\lordo\Documents\GitHub\llmtornado\src\LlmTornado\LlmTornado.csproj::TargetFramework=netstandard2.0]
C:\Users\lordo\Documents\GitHub\llmtornado\src\LlmTornado\RateLimits\RateLimitsEndpoint.cs(19,76): error CS0117: 'CapabilityEndpoints' does not contain a definition for 'RateLimits' [C:\Users\lordo\Documents\GitHub\llmtornado\src\LlmTornado\LlmTornado.csproj::TargetFramework=netstandard2.0]
C:\Users\lordo\Documents\GitHub\llmtornado\src\LlmTornado\Responses\ResponseTool.cs(1110,21): error CS0117: 'ResponseWebSearchTool' does not contain a definition for 'ReturnTokenBudget' [C:\Users\lordo\Documents\GitHub\llmtornado\src\LlmTornado\LlmTornado.csproj::TargetFramework=netstandard2.0]
C:\Users\lordo\Documents\GitHub\llmtornado\src\LlmTornado\Compaction\CompactionResult.cs(104,94): error CS0117: 'ChatMessageTypes' does not contain a definition for 'Unknown' [C:\Users\lordo\Documents\GitHub\llmtornado\src\LlmTornado\LlmTornado.csproj::TargetFramework=net8.0]
C:\Users\lordo\Documents\GitHub\llmtornado\src\LlmTornado\Compaction\CompactionEndpoint.cs(40,58): error CS1503: Argument 1: cannot convert from 'LlmTornado.Chat.Models.ChatModel' to 'LlmTornado.Code.LLmProviders?' [C:\Users\lordo\Documents\GitHub\llmtornado\src\LlmTornado\LlmTornado.csproj::TargetFramework=net8.0]
C:\Users\lordo\Documents\GitHub\llmtornado\src\LlmTornado\Audio\Vendors\Google\VendorGoogleMusicResult.cs(45,22): error CS0246: The type or namespace name 'VendorGoogleChatRequestMessagePart' could not be found (are you missing a using directive or an assembly reference?) [C:\Users\lordo\Documents\GitHub\llmtornado\src\LlmTornado\LlmTornado.csproj::TargetFramework=net8.0]
C:\Users\lordo\Documents\GitHub\llmtornado\src\LlmTornado\Live\Vendors\Google\VendorGoogleLiveMapper.cs(67,24): error CS0246: The type or namespace name 'VendorGoogleChatTool' could not be found (are you missing a using directive or an assembly reference?) [C:\Users\lordo\Documents\GitHub\llmtornado\src\LlmTornado\LlmTornado.csproj::TargetFramework=netstandard2.0]
C:\Users\lordo\Documents\GitHub\llmtornado\src\LlmTornado\Live\Vendors\Google\VendorGoogleLiveMapper.cs(67,48): error CS0246: The type or namespace name 'VendorGoogleChatToolConfig' could not be found (are you missing a using directive or an assembly reference?) [C:\Users\lordo\Documents\GitHub\llmtornado\src\LlmTornado\LlmTornado.csproj::TargetFramework=netstandard2.0]
C:\Users\lordo\Documents\GitHub\llmtornado\src\LlmTornado\Vendor\Anthropic\AnthropicEndpointProvider.cs(362,45): error CS0426: The type name 'RateLimits' does not exist in the type 'CapabilityEndpoints' [C:\Users\lordo\Documents\GitHub\llmtornado\src\LlmTornado\LlmTornado.csproj::TargetFramework=net8.0]
C:\Users\lordo\Documents\GitHub\llmtornado\src\LlmTornado\Vendor\Anthropic\AnthropicEndpointProvider.cs(916,17): error CS0103: The name 'RequiresEffortHeader' does not exist in the current context [C:\Users\lordo\Documents\GitHub\llmtornado\src\LlmTornado\LlmTornado.csproj::TargetFramework=net8.0]
C:\Users\lordo\Documents\GitHub\llmtornado\src\LlmTornado\Vendor\Anthropic\AnthropicEndpointProvider.cs(951,17): error CS0103: The name 'RequiresCacheDiagnosticsHeader' does not exist in the current context [C:\Users\lordo\Documents\GitHub\llmtornado\src\LlmTornado\LlmTornado.csproj::TargetFramework=net8.0]
C:\Users\lordo\Documents\GitHub\llmtornado\src\LlmTornado\Images\ImageGenerationRequest.cs(197,43): error CS0176: Member 'ImageModelOpenAiGpt.Default' cannot be accessed with an instance reference; qualify it with a type name instead [C:\Users\lordo\Documents\GitHub\llmtornado\src\LlmTornado\LlmTornado.csproj::TargetFramework=net8.0]
C:\Users\lordo\Documents\GitHub\llmtornado\src\LlmTornado\Images\ImageGenerationRequest.cs(56,26): error CS0176: Member 'ImageModelOpenAiGpt.Default' cannot be accessed with an instance reference; qualify it with a type name instead [C:\Users\lordo\Documents\GitHub\llmtornado\src\LlmTornado\LlmTornado.csproj::TargetFramework=net8.0]
C:\Users\lordo\Documents\GitHub\llmtornado\src\LlmTornado\Responses\ResponseOutputItem.cs(1578,17): error CS9135: A constant value of type 'string' is expected [C:\Users\lordo\Documents\GitHub\llmtornado\src\LlmTornado\LlmTornado.csproj::TargetFramework=net8.0]
C:\Users\lordo\Documents\GitHub\llmtornado\src\LlmTornado\Responses\ResponseOutputItem.cs(1579,17): error CS9135: A constant value of type 'string' is expected [C:\Users\lordo\Documents\GitHub\llmtornado\src\LlmTornado\LlmTornado.csproj::TargetFramework=net8.0]
C:\Users\lordo\Documents\GitHub\llmtornado\src\LlmTornado\Images\ImageGenerationEndpoint.cs(44,68): error CS0176: Member 'ImageModelOpenAiGpt.Default' cannot be accessed with an instance reference; qualify it with a type name instead [C:\Users\lordo\Documents\GitHub\llmtornado\src\LlmTornado\LlmTornado.csproj::TargetFramework=net8.0]
C:\Users\lordo\Documents\GitHub\llmtornado\src\LlmTornado\Responses\ResponseOutputItem.cs(1533,13): error CS9135: A constant value of type 'string' is expected [C:\Users\lordo\Documents\GitHub\llmtornado\src\LlmTornado\LlmTornado.csproj::TargetFramework=net8.0]
C:\Users\lordo\Documents\GitHub\llmtornado\src\LlmTornado\Responses\ResponseOutputItem.cs(1534,13): error CS9135: A constant value of type 'string' is expected [C:\Users\lordo\Documents\GitHub\llmtornado\src\LlmTornado\LlmTornado.csproj::TargetFramework=net8.0]
C:\Users\lordo\Documents\GitHub\llmtornado\src\LlmTornado\Images\ImageEditRequest.cs(61,43): error CS0176: Member 'ImageModelOpenAiGpt.Default' cannot be accessed with an instance reference; qualify it with a type name instead [C:\Users\lordo\Documents\GitHub\llmtornado\src\LlmTornado\LlmTornado.csproj::TargetFramework=net8.0]
C:\Users\lordo\Documents\GitHub\llmtornado\src\LlmTornado\Images\ImageEditEndpoint.cs(39,71): error CS0176: Member 'ImageModelOpenAiGpt.Default' cannot be accessed with an instance reference; qualify it with a type name instead [C:\Users\lordo\Documents\GitHub\llmtornado\src\LlmTornado\LlmTornado.csproj::TargetFramework=net8.0]
C:\Users\lordo\Documents\GitHub\llmtornado\src\LlmTornado\Interactions\InteractionContent.cs(194,51): error CS1503: Argument 1: cannot convert from 'System.Collections.Generic.List<LlmTornado.Interactions.InteractionStep>' to 'LlmTornado.Interactions.InteractionStep' [C:\Users\lordo\Documents\GitHub\llmtornado\src\LlmTornado\LlmTornado.csproj::TargetFramework=net8.0]
C:\Users\lordo\Documents\GitHub\llmtornado\src\LlmTornado\Interactions\InteractionContent.cs(197,50): error CS1503: Argument 1: cannot convert from 'System.Collections.Generic.List<LlmTornado.Interactions.InteractionContent>' to 'LlmTornado.Interactions.InteractionContent' [C:\Users\lordo\Documents\GitHub\llmtornado\src\LlmTornado\LlmTornado.csproj::TargetFramework=net8.0]
C:\Users\lordo\Documents\GitHub\llmtornado\src\LlmTornado\Responses\ResponseInputMessage.cs(1399,25): error CS1061: 'ResponseInputMessage' does not contain a definition for 'Phase' and no accessible extension method 'Phase' accepting a first argument of type 'ResponseInputMessage' could be found (are you missing a using directive or an assembly reference?) [C:\Users\lordo\Documents\GitHub\llmtornado\src\LlmTornado\LlmTornado.csproj::TargetFramework=net8.0]
C:\Users\lordo\Documents\GitHub\llmtornado\src\LlmTornado\Responses\ResponseInputMessage.cs(1402,54): error CS1061: 'ResponseInputMessage' does not contain a definition for 'Phase' and no accessible extension method 'Phase' accepting a first argument of type 'ResponseInputMessage' could be found (are you missing a using directive or an assembly reference?) [C:\Users\lordo\Documents\GitHub\llmtornado\src\LlmTornado\LlmTornado.csproj::TargetFramework=net8.0]
C:\Users\lordo\Documents\GitHub\llmtornado\src\LlmTornado\Responses\ResponseInputMessage.cs(1908,13): error CS9135: A constant value of type 'string' is expected [C:\Users\lordo\Documents\GitHub\llmtornado\src\LlmTornado\LlmTornado.csproj::TargetFramework=net8.0]
C:\Users\lordo\Documents\GitHub\llmtornado\src\LlmTornado\Responses\ResponseInputMessage.cs(1909,13): error CS9135: A constant value of type 'string' is expected [C:\Users\lordo\Documents\GitHub\llmtornado\src\LlmTornado\LlmTornado.csproj::TargetFramework=net8.0]
C:\Users\lordo\Documents\GitHub\llmtornado\src\LlmTornado\Chat\Vendors\Anthropic\VendorAnthropicChatResult.cs(523,72): error CS0117: 'ChatMessagePartAnthropicExtensions' does not contain a definition for 'AdvisorToolResult' [C:\Users\lordo\Documents\GitHub\llmtornado\src\LlmTornado\LlmTornado.csproj::TargetFramework=net8.0]
C:\Users\lordo\Documents\GitHub\llmtornado\src\LlmTornado\Responses\ResponseTool.cs(1308,25): error CS1061: 'ResponseWebSearchTool' does not contain a definition for 'ReturnTokenBudget' and no accessible extension method 'ReturnTokenBudget' accepting a first argument of type 'ResponseWebSearchTool' could be found (are you missing a using directive or an assembly reference?) [C:\Users\lordo\Documents\GitHub\llmtornado\src\LlmTornado\LlmTornado.csproj::TargetFramework=netstandard2.0]
C:\Users\lordo\Documents\GitHub\llmtornado\src\LlmTornado\Responses\ResponseTool.cs(1311,54): error CS1061: 'ResponseWebSearchTool' does not contain a definition for 'ReturnTokenBudget' and no accessible extension method 'ReturnTokenBudget' accepting a first argument of type 'ResponseWebSearchTool' could be found (are you missing a using directive or an assembly reference?) [C:\Users\lordo\Documents\GitHub\llmtornado\src\LlmTornado\LlmTornado.csproj::TargetFramework=netstandard2.0]
C:\Users\lordo\Documents\GitHub\llmtornado\src\LlmTornado\Live\LiveSession.cs(32,55): error CS1061: 'Task' does not contain a definition for 'IsCompletedSuccessfully' and no accessible extension method 'IsCompletedSuccessfully' accepting a first argument of type 'Task' could be found (are you missing a using directive or an assembly reference?) [C:\Users\lordo\Documents\GitHub\llmtornado\src\LlmTornado\LlmTornado.csproj::TargetFramework=netstandard2.0]
C:\Users\lordo\Documents\GitHub\llmtornado\src\LlmTornado\Live\LiveSession.cs(165,59): error CS1503: Argument 1: cannot convert from 'byte[]' to 'System.ArraySegment<byte>' [C:\Users\lordo\Documents\GitHub\llmtornado\src\LlmTornado\LlmTornado.csproj::TargetFramework=netstandard2.0]
C:\Users\lordo\Documents\GitHub\llmtornado\src\LlmTornado\Live\LiveSession.cs(227,39): error CS1503: Argument 1: cannot convert from 'byte[]' to 'System.ArraySegment<byte>' [C:\Users\lordo\Documents\GitHub\llmtornado\src\LlmTornado\LlmTornado.csproj::TargetFramework=netstandard2.0]
C:\Users\lordo\Documents\GitHub\llmtornado\src\LlmTornado\Interactions\InteractionContent.cs(194,51): error CS1503: Argument 1: cannot convert from 'System.Collections.Generic.List<LlmTornado.Interactions.InteractionStep>' to 'LlmTornado.Interactions.InteractionStep' [C:\Users\lordo\Documents\GitHub\llmtornado\src\LlmTornado\LlmTornado.csproj::TargetFramework=netstandard2.0]
C:\Users\lordo\Documents\GitHub\llmtornado\src\LlmTornado\Interactions\InteractionContent.cs(197,50): error CS1503: Argument 1: cannot convert from 'System.Collections.Generic.List<LlmTornado.Interactions.InteractionContent>' to 'LlmTornado.Interactions.InteractionContent' [C:\Users\lordo\Documents\GitHub\llmtornado\src\LlmTornado\LlmTornado.csproj::TargetFramework=netstandard2.0]
C:\Users\lordo\Documents\GitHub\llmtornado\src\LlmTornado\Images\ImageGenerationRequest.cs(197,43): error CS0176: Member 'ImageModelOpenAiGpt.Default' cannot be accessed with an instance reference; qualify it with a type name instead [C:\Users\lordo\Documents\GitHub\llmtornado\src\LlmTornado\LlmTornado.csproj::TargetFramework=netstandard2.0]
C:\Users\lordo\Documents\GitHub\llmtornado\src\LlmTornado\Images\ImageGenerationRequest.cs(56,26): error CS0176: Member 'ImageModelOpenAiGpt.Default' cannot be accessed with an instance reference; qualify it with a type name instead [C:\Users\lordo\Documents\GitHub\llmtornado\src\LlmTornado\LlmTornado.csproj::TargetFramework=netstandard2.0]
C:\Users\lordo\Documents\GitHub\llmtornado\src\LlmTornado\Images\ImageGenerationEndpoint.cs(44,68): error CS0176: Member 'ImageModelOpenAiGpt.Default' cannot be accessed with an instance reference; qualify it with a type name instead [C:\Users\lordo\Documents\GitHub\llmtornado\src\LlmTornado\LlmTornado.csproj::TargetFramework=netstandard2.0]
C:\Users\lordo\Documents\GitHub\llmtornado\src\LlmTornado\Images\ImageEditRequest.cs(61,43): error CS0176: Member 'ImageModelOpenAiGpt.Default' cannot be accessed with an instance reference; qualify it with a type name instead [C:\Users\lordo\Documents\GitHub\llmtornado\src\LlmTornado\LlmTornado.csproj::TargetFramework=netstandard2.0]
C:\Users\lordo\Documents\GitHub\llmtornado\src\LlmTornado\Images\ImageEditEndpoint.cs(39,71): error CS0176: Member 'ImageModelOpenAiGpt.Default' cannot be accessed with an instance reference; qualify it with a type name instead [C:\Users\lordo\Documents\GitHub\llmtornado\src\LlmTornado\LlmTornado.csproj::TargetFramework=netstandard2.0]
C:\Users\lordo\Documents\GitHub\llmtornado\src\LlmTornado\Responses\ResponsesWebSocketConnection.cs(85,33): error CS0117: 'ObjectDisposedException' does not contain a definition for 'ThrowIf' [C:\Users\lordo\Documents\GitHub\llmtornado\src\LlmTornado\LlmTornado.csproj::TargetFramework=netstandard2.0]
C:\Users\lordo\Documents\GitHub\llmtornado\src\LlmTornado\Responses\ResponsesWebSocketConnection.cs(205,14): error CS1501: No overload for method 'Replace' takes 3 arguments [C:\Users\lordo\Documents\GitHub\llmtornado\src\LlmTornado\LlmTornado.csproj::TargetFramework=netstandard2.0]
C:\Users\lordo\Documents\GitHub\llmtornado\src\LlmTornado\Responses\ResponsesWebSocketConnection.cs(206,14): error CS1501: No overload for method 'Replace' takes 3 arguments [C:\Users\lordo\Documents\GitHub\llmtornado\src\LlmTornado\LlmTornado.csproj::TargetFramework=netstandard2.0]
C:\Users\lordo\Documents\GitHub\llmtornado\src\LlmTornado\Responses\ResponseOutputItem.cs(1578,17): error CS9135: A constant value of type 'string' is expected [C:\Users\lordo\Documents\GitHub\llmtornado\src\LlmTornado\LlmTornado.csproj::TargetFramework=netstandard2.0]
C:\Users\lordo\Documents\GitHub\llmtornado\src\LlmTornado\Responses\ResponseOutputItem.cs(1579,17): error CS9135: A constant value of type 'string' is expected [C:\Users\lordo\Documents\GitHub\llmtornado\src\LlmTornado\LlmTornado.csproj::TargetFramework=netstandard2.0]
C:\Users\lordo\Documents\GitHub\llmtornado\src\LlmTornado\Responses\ResponseOutputItem.cs(1533,13): error CS9135: A constant value of type 'string' is expected [C:\Users\lordo\Documents\GitHub\llmtornado\src\LlmTornado\LlmTornado.csproj::TargetFramework=netstandard2.0]
C:\Users\lordo\Documents\GitHub\llmtornado\src\LlmTornado\Responses\ResponseOutputItem.cs(1534,13): error CS9135: A constant value of type 'string' is expected [C:\Users\lordo\Documents\GitHub\llmtornado\src\LlmTornado\LlmTornado.csproj::TargetFramework=netstandard2.0]
C:\Users\lordo\Documents\GitHub\llmtornado\src\LlmTornado\Responses\ResponsesWebSocketConnection.cs(228,36): error CS1503: Argument 1: cannot convert from 'object' to 'string' [C:\Users\lordo\Documents\GitHub\llmtornado\src\LlmTornado\LlmTornado.csproj::TargetFramework=netstandard2.0]
C:\Users\lordo\Documents\GitHub\llmtornado\src\LlmTornado\Compaction\CompactionResult.cs(104,94): error CS0117: 'ChatMessageTypes' does not contain a definition for 'Unknown' [C:\Users\lordo\Documents\GitHub\llmtornado\src\LlmTornado\LlmTornado.csproj::TargetFramework=netstandard2.0]
C:\Users\lordo\Documents\GitHub\llmtornado\src\LlmTornado\Compaction\CompactionEndpoint.cs(40,58): error CS1503: Argument 1: cannot convert from 'LlmTornado.Chat.Models.ChatModel' to 'LlmTornado.Code.LLmProviders?' [C:\Users\lordo\Documents\GitHub\llmtornado\src\LlmTornado\LlmTornado.csproj::TargetFramework=netstandard2.0]
C:\Users\lordo\Documents\GitHub\llmtornado\src\LlmTornado\Responses\ResponseInputMessage.cs(1399,25): error CS1061: 'ResponseInputMessage' does not contain a definition for 'Phase' and no accessible extension method 'Phase' accepting a first argument of type 'ResponseInputMessage' could be found (are you missing a using directive or an assembly reference?) [C:\Users\lordo\Documents\GitHub\llmtornado\src\LlmTornado\LlmTornado.csproj::TargetFramework=netstandard2.0]
C:\Users\lordo\Documents\GitHub\llmtornado\src\LlmTornado\Responses\ResponseInputMessage.cs(1402,54): error CS1061: 'ResponseInputMessage' does not contain a definition for 'Phase' and no accessible extension method 'Phase' accepting a first argument of type 'ResponseInputMessage' could be found (are you missing a using directive or an assembly reference?) [C:\Users\lordo\Documents\GitHub\llmtornado\src\LlmTornado\LlmTornado.csproj::TargetFramework=netstandard2.0]
C:\Users\lordo\Documents\GitHub\llmtornado\src\LlmTornado\Responses\ResponseInputMessage.cs(1908,13): error CS9135: A constant value of type 'string' is expected [C:\Users\lordo\Documents\GitHub\llmtornado\src\LlmTornado\LlmTornado.csproj::TargetFramework=netstandard2.0]
C:\Users\lordo\Documents\GitHub\llmtornado\src\LlmTornado\Responses\ResponseInputMessage.cs(1909,13): error CS9135: A constant value of type 'string' is expected [C:\Users\lordo\Documents\GitHub\llmtornado\src\LlmTornado\LlmTornado.csproj::TargetFramework=netstandard2.0]
C:\Users\lordo\Documents\GitHub\llmtornado\src\LlmTornado\Chat\Vendors\Anthropic\VendorAnthropicChatResult.cs(523,72): error CS0117: 'ChatMessagePartAnthropicExtensions' does not contain a definition for 'AdvisorToolResult' [C:\Users\lordo\Documents\GitHub\llmtornado\src\LlmTornado\LlmTornado.csproj::TargetFramework=netstandard2.0]
C:\Users\lordo\Documents\GitHub\llmtornado\src\LlmTornado\Vendor\Anthropic\AnthropicEndpointProvider.cs(362,45): error CS0426: The type name 'RateLimits' does not exist in the type 'CapabilityEndpoints' [C:\Users\lordo\Documents\GitHub\llmtornado\src\LlmTornado\LlmTornado.csproj::TargetFramework=netstandard2.0]
C:\Users\lordo\Documents\GitHub\llmtornado\src\LlmTornado\Vendor\Anthropic\AnthropicEndpointProvider.cs(916,17): error CS0103: The name 'RequiresEffortHeader' does not exist in the current context [C:\Users\lordo\Documents\GitHub\llmtornado\src\LlmTornado\LlmTornado.csproj::TargetFramework=netstandard2.0]
C:\Users\lordo\Documents\GitHub\llmtornado\src\LlmTornado\Vendor\Anthropic\AnthropicEndpointProvider.cs(951,17): error CS0103: The name 'RequiresCacheDiagnosticsHeader' does not exist in the current context [C:\Users\lordo\Documents\GitHub\llmtornado\src\LlmTornado\LlmTornado.csproj::TargetFramework=netstandard2.0]
    2604 Warning(s)
    166 Error(s)

Time Elapsed 00:00:18.70
